Initialized native services in: /home/jules/.gradle/native
Initialized jansi services in: /home/jules/.gradle/native
The client will now receive all logging from the daemon (pid: 1750). The daemon log file: /home/jules/.gradle/daemon/8.12/daemon-1750.out.log
Starting 4th build in daemon [uptime: 2 mins 49.625 secs, performance: 99%, GC rate: 0.00/s, heap usage: 0% of 512 MiB, non-heap usage: 25% of 384 MiB]
Using 4 worker leases.
Not watching /app since the file system is not supported
Watching the file system is configured to be enabled if available
File system watching is active
Starting Build
Settings evaluated using settings file '/app/settings.gradle'.
Projects loaded. Root project using build file '/app/build.gradle'.
Included projects: [root project 'record']

> Configure project :
Evaluating root project 'record' using build file '/app/build.gradle'.
Resolved plugin [id: 'java']
Resolved plugin [id: 'org.springframework.boot', version: '3.4.2']
Resolved plugin [id: 'io.spring.dependency-management', version: '1.1.7']
Applying dependency management to configuration 'annotationProcessor' in project 'record'
Applying dependency management to configuration 'apiElements' in project 'record'
Applying dependency management to configuration 'archives' in project 'record'
Applying dependency management to configuration 'bootArchives' in project 'record'
Applying dependency management to configuration 'compileClasspath' in project 'record'
Applying dependency management to configuration 'compileOnly' in project 'record'
Applying dependency management to configuration 'default' in project 'record'
Applying dependency management to configuration 'developmentOnly' in project 'record'
Applying dependency management to configuration 'implementation' in project 'record'
Applying dependency management to configuration 'mainSourceElements' in project 'record'
Applying dependency management to configuration 'productionRuntimeClasspath' in project 'record'
Applying dependency management to configuration 'runtimeClasspath' in project 'record'
Applying dependency management to configuration 'runtimeElements' in project 'record'
Applying dependency management to configuration 'runtimeOnly' in project 'record'
Applying dependency management to configuration 'testAndDevelopmentOnly' in project 'record'
Applying dependency management to configuration 'testAnnotationProcessor' in project 'record'
Applying dependency management to configuration 'testCompileClasspath' in project 'record'
Applying dependency management to configuration 'testCompileOnly' in project 'record'
Applying dependency management to configuration 'testImplementation' in project 'record'
Applying dependency management to configuration 'testResultsElementsForTest' in project 'record'
Applying dependency management to configuration 'testRuntimeClasspath' in project 'record'
Applying dependency management to configuration 'testRuntimeOnly' in project 'record'
All projects evaluated.
Task name matched 'cleanTest'
Task name matched 'test'
Selected primary task 'cleanTest' from project :
Selected primary task 'test' from project :
Resolving global dependency management for project 'record'
Excluding [com.google.protobuf:protobuf-java]
Excluding []
Excluding []
Excluding []
Excluding []
Excluding []
Tasks to be executed: [task ':cleanTest', task ':compileJava', task ':processResources', task ':classes', task ':compileTestJava', task ':processTestResources', task ':testClasses', task ':test']
Tasks that were excluded: []
Resolve mutations for :cleanTest (Thread[#294,Execution worker,5,main]) started.
:cleanTest (Thread[#294,Execution worker,5,main]) started.
destroyer locations for task group 0 (Thread[#295,Execution worker Thread 2,5,main]) started.

> Task :cleanTest
Caching disabled for task ':cleanTest' because:
  Build cache is disabled
Task ':cleanTest' is not up-to-date because:
  Task has not declared any outputs despite executing actions.
Resolve mutations for :compileJava (Thread[#294,Execution worker,5,main]) started.
:compileJava (Thread[#294,Execution worker,5,main]) started.

> Task :compileJava UP-TO-DATE
Custom actions are attached to task ':compileJava'.
Caching disabled for task ':compileJava' because:
  Build cache is disabled
Skipping task ':compileJava' as it is up-to-date.
Resolve mutations for :processResources (Thread[#294,Execution worker,5,main]) started.
:processResources (Thread[#294,Execution worker,5,main]) started.

> Task :processResources UP-TO-DATE
Caching disabled for task ':processResources' because:
  Build cache is disabled
  Not worth caching
Skipping task ':processResources' as it is up-to-date.
Resolve mutations for :classes (Thread[#296,Execution worker Thread 3,5,main]) started.
:classes (Thread[#296,Execution worker Thread 3,5,main]) started.

> Task :classes UP-TO-DATE
Skipping task ':classes' as it has no actions.
Resolve mutations for :compileTestJava (Thread[#294,Execution worker,5,main]) started.
:compileTestJava (Thread[#294,Execution worker,5,main]) started.

> Task :compileTestJava UP-TO-DATE
Custom actions are attached to task ':compileTestJava'.
Caching disabled for task ':compileTestJava' because:
  Build cache is disabled
Skipping task ':compileTestJava' as it is up-to-date.
Resolve mutations for :processTestResources (Thread[#294,Execution worker,5,main]) started.
:processTestResources (Thread[#294,Execution worker,5,main]) started.

> Task :processTestResources UP-TO-DATE
Caching disabled for task ':processTestResources' because:
  Build cache is disabled
  Not worth caching
Skipping task ':processTestResources' as it is up-to-date.
Resolve mutations for :testClasses (Thread[#294,Execution worker,5,main]) started.
:testClasses (Thread[#294,Execution worker,5,main]) started.

> Task :testClasses UP-TO-DATE
Skipping task ':testClasses' as it has no actions.
Resolve mutations for :test (Thread[#294,Execution worker,5,main]) started.
:test (Thread[#294,Execution worker,5,main]) started.
Gradle Test Executor 3 started executing tests.

> Task :test
Caching disabled for task ':test' because:
  Build cache is disabled
Task ':test' is not up-to-date because:
  Output property 'binaryResultsDirectory' file /app/build/test-results/test/binary has been removed.
  Output property 'binaryResultsDirectory' file /app/build/test-results/test/binary/output.bin has been removed.
  Output property 'binaryResultsDirectory' file /app/build/test-results/test/binary/output.bin.idx has been removed.
  and more...
Starting process 'Gradle Test Executor 3'. Working directory: /app Command: /usr/lib/jvm/java-21-openjdk-amd64/bin/java -Dorg.gradle.internal.worker.tmpdir=/app/build/tmp/test/work @/home/jules/.gradle/.tmp/gradle-worker-classpath14061521469551790049txt -Xmx512m -Dfile.encoding=UTF-8 -Duser.country -Duser.language=en -Duser.variant -ea worker.org.gradle.process.internal.worker.GradleWorkerMain 'Gradle Test Executor 3'
Successfully started process 'Gradle Test Executor 3'

FantasyGameServicePerformanceTest STANDARD_OUT
    14:46:21.441 [Test worker] INFO org.springframework.test.context.support.AnnotationConfigContextLoaderUtils -- Could not detect default configuration classes for test class [com.sayai.record.fantasy.service.FantasyGameServicePerformanceTest]: FantasyGameServicePerformanceTest does not declare any static, non-private, non-final, nested classes annotated with @Configuration.
    14:46:21.623 [Test worker] INFO org.springframework.boot.test.context.SpringBootTestContextBootstrapper -- Found @SpringBootConfiguration com.sayai.record.RecordApplication for test class com.sayai.record.fantasy.service.FantasyGameServicePerformanceTest

      .   ____          _            __ _ _
     /\\ / ___'_ __ _ _(_)_ __  __ _ \ \ \ \
    ( ( )\___ | '_ | '_| | '_ \/ _` | \ \ \ \
     \\/  ___)| |_)| | | | | || (_| |  ) ) ) )
      '  |____| .__|_| |_|_| |_\__, | / / / /
     =========|_|==============|___/=/_/_/_/

     :: Spring Boot ::                (v3.4.2)

    2026-02-19T14:46:22.117Z  INFO 2569 --- [    Test worker] .r.f.s.FantasyGameServicePerformanceTest : Starting FantasyGameServicePerformanceTest using Java 21.0.9 with PID 2569 (started by jules in /app)
    2026-02-19T14:46:22.119Z  INFO 2569 --- [    Test worker] .r.f.s.FantasyGameServicePerformanceTest : No active profile set, falling back to 1 default profile: "default"
    2026-02-19T14:46:23.237Z  INFO 2569 --- [    Test worker] .s.d.r.c.RepositoryConfigurationDelegate : Bootstrapping Spring Data JPA repositories in DEFAULT mode.
    2026-02-19T14:46:23.353Z  INFO 2569 --- [    Test worker] .s.d.r.c.RepositoryConfigurationDelegate : Finished Spring Data repository scanning in 106 ms. Found 16 JPA repository interfaces.
    2026-02-19T14:46:24.002Z  INFO 2569 --- [    Test worker] o.hibernate.jpa.internal.util.LogHelper  : HHH000204: Processing PersistenceUnitInfo [name: default]
    2026-02-19T14:46:24.056Z  INFO 2569 --- [    Test worker] org.hibernate.Version                    : HHH000412: Hibernate ORM core version 6.6.5.Final
    2026-02-19T14:46:24.088Z  INFO 2569 --- [    Test worker] o.h.c.internal.RegionFactoryInitiator    : HHH000026: Second-level cache disabled
    2026-02-19T14:46:24.370Z  INFO 2569 --- [    Test worker] o.s.o.j.p.SpringPersistenceUnitInfo      : No LoadTimeWeaver setup: ignoring JPA class transformer
    2026-02-19T14:46:24.408Z  INFO 2569 --- [    Test worker] com.zaxxer.hikari.HikariDataSource       : HikariPool-1 - Starting...
    2026-02-19T14:46:24.589Z  INFO 2569 --- [    Test worker] com.zaxxer.hikari.pool.HikariPool        : HikariPool-1 - Added connection conn0: url=jdbc:h2:mem:testdb user=SA
    2026-02-19T14:46:24.592Z  INFO 2569 --- [    Test worker] com.zaxxer.hikari.HikariDataSource       : HikariPool-1 - Start completed.
    2026-02-19T14:46:24.617Z  WARN 2569 --- [    Test worker] org.hibernate.orm.deprecation            : HHH90000025: H2Dialect does not need to be specified explicitly using 'hibernate.dialect' (remove the property setting and it will be selected by default)
    2026-02-19T14:46:24.638Z  INFO 2569 --- [    Test worker] org.hibernate.orm.connections.pooling    : HHH10001005: Database info:
	Database JDBC URL [Connecting through datasource 'HikariDataSource (HikariPool-1)']
	Database driver: undefined/unknown
	Database version: 2.3.232
	Autocommit mode: undefined/unknown
	Isolation level: undefined/unknown
	Minimum pool size: undefined/unknown
	Maximum pool size: undefined/unknown
    2026-02-19T14:46:26.263Z  INFO 2569 --- [    Test worker] o.h.e.t.j.p.i.JtaPlatformInitiator       : HHH000489: No JTA platform available (set 'hibernate.transaction.jta.platform' to enable JTA platform integration)
    Hibernate: drop table if exists app_posts cascade
    Hibernate: drop table if exists app_users cascade
    Hibernate: drop table if exists ft_draft_picks cascade
    Hibernate: drop table if exists ft_games cascade
    Hibernate: drop table if exists ft_participants cascade
    Hibernate: drop table if exists ft_players cascade
    Hibernate: drop table if exists ft_roster_log cascade
    Hibernate: drop table if exists ft_score_rotisserie cascade
    Hibernate: drop table if exists ft_transactions cascade
    Hibernate: drop table if exists game cascade
    Hibernate: drop table if exists hit cascade
    Hibernate: drop table if exists hitter_board cascade
    Hibernate: drop table if exists lig cascade
    Hibernate: drop table if exists pitch cascade
    Hibernate: drop table if exists pitch_board cascade
    Hibernate: drop table if exists player cascade
    Hibernate: create table app_posts (created_at timestamp(6), id bigint generated by default as identity, content TEXT, title varchar(255), type enum ('COLUMN','PATCH_NOTE'), primary key (id))
    Hibernate: create table app_users (player_id bigint not null, name varchar(255) not null, password varchar(255) not null, user_id varchar(255) not null unique, role enum ('ADMIN','USER') not null, primary key (player_id))
    Hibernate: create table ft_draft_picks (pick_number integer, fantasy_game_seq bigint, fantasy_player_seq bigint, picked_at timestamp(6), player_id bigint, seq bigint generated by default as identity, assigned_position varchar(255), pick_status VARCHAR(20) DEFAULT 'NORMAL', primary key (seq))
    Hibernate: create table ft_games (draft_time_limit integer, max_participants integer, rounds integer, salary_cap integer, use_first_pick_rule boolean, use_team_restriction boolean, created_at timestamp(6), draft_date timestamp(6), next_pick_deadline timestamp(6), seq bigint generated by default as identity, game_duration varchar(255), scoring_settings TEXT, title varchar(255), rule_type enum ('RULE_1','RULE_2'), scoring_type enum ('POINTS','ROTISSERIE'), status enum ('DRAFTING','FINISHED','ONGOING','WAITING'), primary key (seq))
    Hibernate: create table ft_participants (draft_order integer, fantasy_game_seq bigint, player_id bigint, seq bigint generated by default as identity, preferred_team varchar(255), team_name varchar(255), primary key (seq))
    Hibernate: create table ft_players (cost integer check (cost >= 0) not null check (cost>=0), seq bigint not null, name varchar(255), position varchar(255), stats varchar(255), team varchar(255), foreigner_type enum ('NONE','TYPE_1','TYPE_2'), primary key (seq))
    Hibernate: create table ft_roster_log (fantasy_game_seq bigint, fantasy_player_seq bigint, participant_id bigint, seq bigint generated by default as identity, timestamp timestamp(6), details varchar(255), action_type enum ('DRAFT_PICK','FA_ADD','TRADE_REJECT','TRADE_REQ','TRADE_SUCCESS','WAIVER_CLAIM','WAIVER_FA','WAIVER_RELEASE'), primary key (seq))
    Hibernate: create table ft_score_rotisserie (avg float(53), era float(53), hr integer, points_avg float(53), points_era float(53), points_hr float(53), points_rbi float(53), points_saves float(53), points_sb float(53), points_so_batter float(53), points_so_pitcher float(53), points_whip float(53), points_wins float(53), rank_avg integer, rank_era integer, rank_hr integer, rank_rbi integer, rank_saves integer, rank_sb integer, rank_so_batter integer, rank_so_pitcher integer, rank_whip integer, rank_wins integer, rbi integer, round integer not null, saves integer, sb integer, so_batter integer, so_pitcher integer, total_points float(53), whip float(53), wins integer, fantasy_game_seq bigint not null, player_id bigint not null, seq bigint generated by default as identity, primary key (seq), unique (fantasy_game_seq, player_id, round))
    Hibernate: create table ft_transactions (created_at timestamp(6), fantasy_game_seq bigint, requester_id bigint, seq bigint generated by default as identity, target_id bigint, updated_at timestamp(6), giving_player_seqs varchar(255), receiving_player_seqs varchar(255), status enum ('APPROVED','FA_MOVED','REJECTED','REQUESTED'), type enum ('TRADE','WAIVER'), primary key (seq))
    Hibernate: create table game (game_date date, game_time time(6), away_score bigint, club_id bigint, game_idx bigint not null, home_score bigint, league_id bigint, season bigint, opponent varchar(255), result varchar(255), stadium varchar(255), first_last enum ('F','L'), primary key (game_idx))
    Hibernate: create table hit (game_idx bigint, game_seq bigint, hit_id bigint generated by default as identity, hit_no bigint, hit_seq bigint, inning bigint, player_id bigint, hit_cd varchar(255), result varchar(255), primary key (hit_id))
    Hibernate: create table hitter_board (hits integer, player_appearance integer, rbi integer, runs integer, stolen_bases integer, game_idx bigint, hit_no bigint, player_id bigint, seq bigint generated by default as identity, primary key (seq))
    Hibernate: create table lig (bucode bigint, club_id bigint, game_rule bigint, jocode bigint, league_id bigint not null, lig_idx bigint, season bigint, league_info varchar(255), lig_name varchar(255), lig_name_sec varchar(255), primary key (league_id))
    Hibernate: create table pitch (balk bigint, base_on_ball bigint, batter bigint, club_idx bigint, falling_ball bigint, game_idx bigint, hit_by_ball bigint, hitter bigint, inning bigint, loss_score bigint, p_hit bigint, p_homerun bigint, pitch_cnt bigint, pitch_id bigint generated by default as identity, player_id bigint, sac_fly bigint, sacrifice bigint, self_loss_score bigint, st_out bigint, result varchar(255), primary key (pitch_id))
    Hibernate: create table pitch_board (game_idx bigint, game_seq bigint, hit_no bigint, inning bigint, player_id bigint, seq bigint generated by default as identity, hit_cd varchar(255), result varchar(255), primary key (seq))
    Hibernate: create table player (back_no bigint, club_id bigint, player_id bigint generated by default as identity, birth varchar(255), fin_edu varchar(255), group_code varchar(255), name varchar(255), sleep_yn varchar(255), primary key (player_id))
    Hibernate: alter table if exists hit add constraint FK1smmhuhfh679df2j6cq701vrc foreign key (game_idx) references game
    Hibernate: alter table if exists hit add constraint FKbulr6c1u20311owyvd80hqq8s foreign key (player_id) references player
    Hibernate: alter table if exists hitter_board add constraint FK9uindr4xy1chno61wqbs48ijt foreign key (game_idx) references game
    Hibernate: alter table if exists hitter_board add constraint FKkuwh6nbbh123rcmrmybj1xj1g foreign key (player_id) references player
    Hibernate: alter table if exists pitch add constraint FKog92yg97oairo4hh4dj24etyl foreign key (game_idx) references game
    Hibernate: alter table if exists pitch add constraint FKko2f29lsd9lt2svvl1mrfmr7i foreign key (player_id) references player
    Hibernate: alter table if exists pitch_board add constraint FK2nuux4oomyjuqkel3538n4p6h foreign key (game_idx) references game
    Hibernate: alter table if exists pitch_board add constraint FKcl9mcyv6vvf27axetvb4bomtt foreign key (player_id) references player
    2026-02-19T14:46:26.373Z  INFO 2569 --- [    Test worker] j.LocalContainerEntityManagerFactoryBean : Initialized JPA EntityManagerFactory for persistence unit 'default'
    2026-02-19T14:46:26.650Z  INFO 2569 --- [    Test worker] o.s.d.j.r.query.QueryEnhancerFactory     : Hibernate is in classpath; If applicable, HQL parser will be used.
    Hibernate: select fg1_0.seq,fg1_0.created_at,fg1_0.draft_date,fg1_0.draft_time_limit,fg1_0.game_duration,fg1_0.max_participants,fg1_0.next_pick_deadline,fg1_0.rounds,fg1_0.rule_type,fg1_0.salary_cap,fg1_0.scoring_settings,fg1_0.scoring_type,fg1_0.status,fg1_0.title,fg1_0.use_first_pick_rule,fg1_0.use_team_restriction from ft_games fg1_0 where fg1_0.status=?
    2026-02-19T14:46:28.904Z  INFO 2569 --- [    Test worker] c.s.r.fantasy.service.DraftScheduler     : DraftScheduler initialized with 0 active drafting games.
    2026-02-19T14:46:30.041Z  WARN 2569 --- [    Test worker] JpaBaseConfiguration$JpaWebConfiguration : spring.jpa.open-in-view is enabled by default. Therefore, database queries may be performed during view rendering. Explicitly configure spring.jpa.open-in-view to disable this warning
    2026-02-19T14:46:30.067Z  WARN 2569 --- [    Test worker] .s.s.UserDetailsServiceAutoConfiguration :

    Using generated security password: d08b2eb9-afdb-407a-9e68-a01ec3d29887

    This generated password is for development use only. Your security configuration must be updated before running your application in production.

    2026-02-19T14:46:30.074Z  INFO 2569 --- [    Test worker] r$InitializeUserDetailsManagerConfigurer : Global AuthenticationManager configured with UserDetailsService bean with name inMemoryUserDetailsManager
    2026-02-19T14:46:30.204Z  INFO 2569 --- [    Test worker] o.s.b.a.w.s.WelcomePageHandlerMapping    : Adding welcome page template: index
    2026-02-19T14:46:31.022Z  INFO 2569 --- [    Test worker] o.s.m.s.b.SimpleBrokerMessageHandler     : Starting...
    2026-02-19T14:46:31.023Z  INFO 2569 --- [    Test worker] o.s.m.s.b.SimpleBrokerMessageHandler     : BrokerAvailabilityEvent[available=true, SimpleBrokerMessageHandler [org.springframework.messaging.simp.broker.DefaultSubscriptionRegistry@67264fde]]
    2026-02-19T14:46:31.024Z  INFO 2569 --- [    Test worker] o.s.m.s.b.SimpleBrokerMessageHandler     : Started.
    2026-02-19T14:46:31.050Z  INFO 2569 --- [    Test worker] .r.f.s.FantasyGameServicePerformanceTest : Started FantasyGameServicePerformanceTest in 9.264 seconds (process running for 10.617)

FantasyGameServicePerformanceTest > benchmarkGetMyGames() STANDARD_ERROR
    Mockito is currently self-attaching to enable the inline-mock-maker. This will no longer work in future releases of the JDK. Please add Mockito as an agent to your build what is described in Mockito's documentation: https://javadoc.io/doc/org.mockito/mockito-core/latest/org/mockito/Mockito.html#0.3
    WARNING: A Java agent has been loaded dynamically (/home/jules/.gradle/caches/modules-2/files-2.1/net.bytebuddy/byte-buddy-agent/1.15.11/a38b16385e867f59a641330f0362ebe742788ed8/byte-buddy-agent-1.15.11.jar)
    WARNING: If a serviceability tool is in use, please run with -XX:+EnableDynamicAgentLoading to hide this warning
    WARNING: If a serviceability tool is not in use, please run with -Djdk.instrument.traceUsage for more information
    WARNING: Dynamic loading of agents will be disallowed by default in a future release

OpenJDK 64-Bit Server VM warning: Sharing is only supported for boot loader classes because bootstrap classpath has been appended

> Task :test

FantasyGameServicePerformanceTest > benchmarkGetMyGames() STANDARD_OUT
    Hibernate: select fp1_0.seq,fp1_0.draft_order,fp1_0.fantasy_game_seq,fp1_0.player_id,fp1_0.preferred_team,fp1_0.team_name from ft_participants fp1_0
    Hibernate: select fg1_0.seq,fg1_0.created_at,fg1_0.draft_date,fg1_0.draft_time_limit,fg1_0.game_duration,fg1_0.max_participants,fg1_0.next_pick_deadline,fg1_0.rounds,fg1_0.rule_type,fg1_0.salary_cap,fg1_0.scoring_settings,fg1_0.scoring_type,fg1_0.status,fg1_0.title,fg1_0.use_first_pick_rule,fg1_0.use_team_restriction from ft_games fg1_0
    Hibernate: insert into ft_participants (draft_order,fantasy_game_seq,player_id,preferred_team,team_name,seq) values (?,?,?,?,?,default)
    Hibernate: insert into ft_participants (draft_order,fantasy_game_seq,player_id,preferred_team,team_name,seq) values (?,?,?,?,?,default)
    Hibernate: insert into ft_participants (draft_order,fantasy_game_seq,player_id,preferred_team,team_name,seq) values (?,?,?,?,?,default)
    Hibernate: insert into ft_participants (draft_order,fantasy_game_seq,player_id,preferred_team,team_name,seq) values (?,?,?,?,?,default)
    Hibernate: insert into ft_participants (draft_order,fantasy_game_seq,player_id,preferred_team,team_name,seq) values (?,?,?,?,?,default)
    Hibernate: insert into ft_participants (draft_order,fantasy_game_seq,player_id,preferred_team,team_name,seq) values (?,?,?,?,?,default)
    Hibernate: insert into ft_participants (draft_order,fantasy_game_seq,player_id,preferred_team,team_name,seq) values (?,?,?,?,?,default)
    Hibernate: insert into ft_participants (draft_order,fantasy_game_seq,player_id,preferred_team,team_name,seq) values (?,?,?,?,?,default)
    Hibernate: insert into ft_participants (draft_order,fantasy_game_seq,player_id,preferred_team,team_name,seq) values (?,?,?,?,?,default)
    Hibernate: insert into ft_participants (draft_order,fantasy_game_seq,player_id,preferred_team,team_name,seq) values (?,?,?,?,?,default)
    Hibernate: insert into ft_participants (draft_order,fantasy_game_seq,player_id,preferred_team,team_name,seq) values (?,?,?,?,?,default)
    Hibernate: insert into ft_participants (draft_order,fantasy_game_seq,player_id,preferred_team,team_name,seq) values (?,?,?,?,?,default)
    Hibernate: insert into ft_participants (draft_order,fantasy_game_seq,player_id,preferred_team,team_name,seq) values (?,?,?,?,?,default)
    Hibernate: insert into ft_participants (draft_order,fantasy_game_seq,player_id,preferred_team,team_name,seq) values (?,?,?,?,?,default)
    Hibernate: insert into ft_participants (draft_order,fantasy_game_seq,player_id,preferred_team,team_name,seq) values (?,?,?,?,?,default)
    Hibernate: insert into ft_participants (draft_order,fantasy_game_seq,player_id,preferred_team,team_name,seq) values (?,?,?,?,?,default)
    Hibernate: insert into ft_participants (draft_order,fantasy_game_seq,player_id,preferred_team,team_name,seq) values (?,?,?,?,?,default)
    Hibernate: insert into ft_participants (draft_order,fantasy_game_seq,player_id,preferred_team,team_name,seq) values (?,?,?,?,?,default)
    Hibernate: insert into ft_participants (draft_order,fantasy_game_seq,player_id,preferred_team,team_name,seq) values (?,?,?,?,?,default)
    Hibernate: insert into ft_participants (draft_order,fantasy_game_seq,player_id,preferred_team,team_name,seq) values (?,?,?,?,?,default)
    Hibernate: insert into ft_participants (draft_order,fantasy_game_seq,player_id,preferred_team,team_name,seq) values (?,?,?,?,?,default)
    Hibernate: insert into ft_participants (draft_order,fantasy_game_seq,player_id,preferred_team,team_name,seq) values (?,?,?,?,?,default)
    Hibernate: insert into ft_participants (draft_order,fantasy_game_seq,player_id,preferred_team,team_name,seq) values (?,?,?,?,?,default)
    Hibernate: insert into ft_participants (draft_order,fantasy_game_seq,player_id,preferred_team,team_name,seq) values (?,?,?,?,?,default)
    Hibernate: insert into ft_participants (draft_order,fantasy_game_seq,player_id,preferred_team,team_name,seq) values (?,?,?,?,?,default)
    Hibernate: insert into ft_participants (draft_order,fantasy_game_seq,player_id,preferred_team,team_name,seq) values (?,?,?,?,?,default)
    Hibernate: insert into ft_participants (draft_order,fantasy_game_seq,player_id,preferred_team,team_name,seq) values (?,?,?,?,?,default)
    Hibernate: insert into ft_participants (draft_order,fantasy_game_seq,player_id,preferred_team,team_name,seq) values (?,?,?,?,?,default)
    Hibernate: insert into ft_participants (draft_order,fantasy_game_seq,player_id,preferred_team,team_name,seq) values (?,?,?,?,?,default)
    Hibernate: insert into ft_participants (draft_order,fantasy_game_seq,player_id,preferred_team,team_name,seq) values (?,?,?,?,?,default)
    Hibernate: insert into ft_participants (draft_order,fantasy_game_seq,player_id,preferred_team,team_name,seq) values (?,?,?,?,?,default)
    Hibernate: insert into ft_participants (draft_order,fantasy_game_seq,player_id,preferred_team,team_name,seq) values (?,?,?,?,?,default)
    Hibernate: insert into ft_participants (draft_order,fantasy_game_seq,player_id,preferred_team,team_name,seq) values (?,?,?,?,?,default)
    Hibernate: insert into ft_participants (draft_order,fantasy_game_seq,player_id,preferred_team,team_name,seq) values (?,?,?,?,?,default)
    Hibernate: insert into ft_participants (draft_order,fantasy_game_seq,player_id,preferred_team,team_name,seq) values (?,?,?,?,?,default)
    Hibernate: insert into ft_participants (draft_order,fantasy_game_seq,player_id,preferred_team,team_name,seq) values (?,?,?,?,?,default)
    Hibernate: insert into ft_participants (draft_order,fantasy_game_seq,player_id,preferred_team,team_name,seq) values (?,?,?,?,?,default)
    Hibernate: insert into ft_participants (draft_order,fantasy_game_seq,player_id,preferred_team,team_name,seq) values (?,?,?,?,?,default)
    Hibernate: insert into ft_participants (draft_order,fantasy_game_seq,player_id,preferred_team,team_name,seq) values (?,?,?,?,?,default)
    Hibernate: insert into ft_participants (draft_order,fantasy_game_seq,player_id,preferred_team,team_name,seq) values (?,?,?,?,?,default)
    Hibernate: insert into ft_participants (draft_order,fantasy_game_seq,player_id,preferred_team,team_name,seq) values (?,?,?,?,?,default)
    Hibernate: insert into ft_participants (draft_order,fantasy_game_seq,player_id,preferred_team,team_name,seq) values (?,?,?,?,?,default)
    Hibernate: insert into ft_participants (draft_order,fantasy_game_seq,player_id,preferred_team,team_name,seq) values (?,?,?,?,?,default)
    Hibernate: insert into ft_participants (draft_order,fantasy_game_seq,player_id,preferred_team,team_name,seq) values (?,?,?,?,?,default)
    Hibernate: insert into ft_participants (draft_order,fantasy_game_seq,player_id,preferred_team,team_name,seq) values (?,?,?,?,?,default)
    Hibernate: insert into ft_participants (draft_order,fantasy_game_seq,player_id,preferred_team,team_name,seq) values (?,?,?,?,?,default)
    Hibernate: insert into ft_participants (draft_order,fantasy_game_seq,player_id,preferred_team,team_name,seq) values (?,?,?,?,?,default)
    Hibernate: insert into ft_participants (draft_order,fantasy_game_seq,player_id,preferred_team,team_name,seq) values (?,?,?,?,?,default)
    Hibernate: insert into ft_participants (draft_order,fantasy_game_seq,player_id,preferred_team,team_name,seq) values (?,?,?,?,?,default)
    Hibernate: insert into ft_participants (draft_order,fantasy_game_seq,player_id,preferred_team,team_name,seq) values (?,?,?,?,?,default)
    Hibernate: insert into ft_participants (draft_order,fantasy_game_seq,player_id,preferred_team,team_name,seq) values (?,?,?,?,?,default)
    Hibernate: insert into ft_participants (draft_order,fantasy_game_seq,player_id,preferred_team,team_name,seq) values (?,?,?,?,?,default)
    Hibernate: insert into ft_participants (draft_order,fantasy_game_seq,player_id,preferred_team,team_name,seq) values (?,?,?,?,?,default)
    Hibernate: insert into ft_participants (draft_order,fantasy_game_seq,player_id,preferred_team,team_name,seq) values (?,?,?,?,?,default)
    Hibernate: insert into ft_participants (draft_order,fantasy_game_seq,player_id,preferred_team,team_name,seq) values (?,?,?,?,?,default)
    Hibernate: insert into ft_participants (draft_order,fantasy_game_seq,player_id,preferred_team,team_name,seq) values (?,?,?,?,?,default)
    Hibernate: insert into ft_participants (draft_order,fantasy_game_seq,player_id,preferred_team,team_name,seq) values (?,?,?,?,?,default)
    Hibernate: insert into ft_participants (draft_order,fantasy_game_seq,player_id,preferred_team,team_name,seq) values (?,?,?,?,?,default)
    Hibernate: insert into ft_participants (draft_order,fantasy_game_seq,player_id,preferred_team,team_name,seq) values (?,?,?,?,?,default)
    Hibernate: insert into ft_participants (draft_order,fantasy_game_seq,player_id,preferred_team,team_name,seq) values (?,?,?,?,?,default)
    Hibernate: insert into ft_participants (draft_order,fantasy_game_seq,player_id,preferred_team,team_name,seq) values (?,?,?,?,?,default)
    Hibernate: insert into ft_participants (draft_order,fantasy_game_seq,player_id,preferred_team,team_name,seq) values (?,?,?,?,?,default)
    Hibernate: insert into ft_participants (draft_order,fantasy_game_seq,player_id,preferred_team,team_name,seq) values (?,?,?,?,?,default)
    Hibernate: insert into ft_participants (draft_order,fantasy_game_seq,player_id,preferred_team,team_name,seq) values (?,?,?,?,?,default)
    Hibernate: insert into ft_participants (draft_order,fantasy_game_seq,player_id,preferred_team,team_name,seq) values (?,?,?,?,?,default)
    Hibernate: insert into ft_participants (draft_order,fantasy_game_seq,player_id,preferred_team,team_name,seq) values (?,?,?,?,?,default)
    Hibernate: insert into ft_participants (draft_order,fantasy_game_seq,player_id,preferred_team,team_name,seq) values (?,?,?,?,?,default)
    Hibernate: insert into ft_participants (draft_order,fantasy_game_seq,player_id,preferred_team,team_name,seq) values (?,?,?,?,?,default)
    Hibernate: insert into ft_participants (draft_order,fantasy_game_seq,player_id,preferred_team,team_name,seq) values (?,?,?,?,?,default)
    Hibernate: insert into ft_participants (draft_order,fantasy_game_seq,player_id,preferred_team,team_name,seq) values (?,?,?,?,?,default)
    Hibernate: insert into ft_participants (draft_order,fantasy_game_seq,player_id,preferred_team,team_name,seq) values (?,?,?,?,?,default)
    Hibernate: insert into ft_participants (draft_order,fantasy_game_seq,player_id,preferred_team,team_name,seq) values (?,?,?,?,?,default)
    Hibernate: insert into ft_participants (draft_order,fantasy_game_seq,player_id,preferred_team,team_name,seq) values (?,?,?,?,?,default)
    Hibernate: insert into ft_participants (draft_order,fantasy_game_seq,player_id,preferred_team,team_name,seq) values (?,?,?,?,?,default)
    Hibernate: insert into ft_participants (draft_order,fantasy_game_seq,player_id,preferred_team,team_name,seq) values (?,?,?,?,?,default)
    Hibernate: insert into ft_participants (draft_order,fantasy_game_seq,player_id,preferred_team,team_name,seq) values (?,?,?,?,?,default)
    Hibernate: insert into ft_participants (draft_order,fantasy_game_seq,player_id,preferred_team,team_name,seq) values (?,?,?,?,?,default)
    Hibernate: insert into ft_participants (draft_order,fantasy_game_seq,player_id,preferred_team,team_name,seq) values (?,?,?,?,?,default)
    Hibernate: insert into ft_participants (draft_order,fantasy_game_seq,player_id,preferred_team,team_name,seq) values (?,?,?,?,?,default)
    Hibernate: insert into ft_participants (draft_order,fantasy_game_seq,player_id,preferred_team,team_name,seq) values (?,?,?,?,?,default)
    Hibernate: insert into ft_participants (draft_order,fantasy_game_seq,player_id,preferred_team,team_name,seq) values (?,?,?,?,?,default)
    Hibernate: insert into ft_participants (draft_order,fantasy_game_seq,player_id,preferred_team,team_name,seq) values (?,?,?,?,?,default)
    Hibernate: insert into ft_participants (draft_order,fantasy_game_seq,player_id,preferred_team,team_name,seq) values (?,?,?,?,?,default)
    Hibernate: insert into ft_participants (draft_order,fantasy_game_seq,player_id,preferred_team,team_name,seq) values (?,?,?,?,?,default)
    Hibernate: insert into ft_participants (draft_order,fantasy_game_seq,player_id,preferred_team,team_name,seq) values (?,?,?,?,?,default)
    Hibernate: insert into ft_participants (draft_order,fantasy_game_seq,player_id,preferred_team,team_name,seq) values (?,?,?,?,?,default)
    Hibernate: insert into ft_participants (draft_order,fantasy_game_seq,player_id,preferred_team,team_name,seq) values (?,?,?,?,?,default)
    Hibernate: insert into ft_participants (draft_order,fantasy_game_seq,player_id,preferred_team,team_name,seq) values (?,?,?,?,?,default)
    Hibernate: insert into ft_participants (draft_order,fantasy_game_seq,player_id,preferred_team,team_name,seq) values (?,?,?,?,?,default)
    Hibernate: insert into ft_participants (draft_order,fantasy_game_seq,player_id,preferred_team,team_name,seq) values (?,?,?,?,?,default)
    Hibernate: insert into ft_participants (draft_order,fantasy_game_seq,player_id,preferred_team,team_name,seq) values (?,?,?,?,?,default)
    Hibernate: insert into ft_participants (draft_order,fantasy_game_seq,player_id,preferred_team,team_name,seq) values (?,?,?,?,?,default)
    Hibernate: insert into ft_participants (draft_order,fantasy_game_seq,player_id,preferred_team,team_name,seq) values (?,?,?,?,?,default)
    Hibernate: insert into ft_participants (draft_order,fantasy_game_seq,player_id,preferred_team,team_name,seq) values (?,?,?,?,?,default)
    Hibernate: insert into ft_participants (draft_order,fantasy_game_seq,player_id,preferred_team,team_name,seq) values (?,?,?,?,?,default)
    Hibernate: insert into ft_participants (draft_order,fantasy_game_seq,player_id,preferred_team,team_name,seq) values (?,?,?,?,?,default)
    Hibernate: insert into ft_participants (draft_order,fantasy_game_seq,player_id,preferred_team,team_name,seq) values (?,?,?,?,?,default)
    Hibernate: insert into ft_participants (draft_order,fantasy_game_seq,player_id,preferred_team,team_name,seq) values (?,?,?,?,?,default)
    Hibernate: insert into ft_participants (draft_order,fantasy_game_seq,player_id,preferred_team,team_name,seq) values (?,?,?,?,?,default)
    Hibernate: insert into ft_participants (draft_order,fantasy_game_seq,player_id,preferred_team,team_name,seq) values (?,?,?,?,?,default)
    Hibernate: insert into ft_participants (draft_order,fantasy_game_seq,player_id,preferred_team,team_name,seq) values (?,?,?,?,?,default)
    Hibernate: insert into ft_participants (draft_order,fantasy_game_seq,player_id,preferred_team,team_name,seq) values (?,?,?,?,?,default)
    Hibernate: insert into ft_participants (draft_order,fantasy_game_seq,player_id,preferred_team,team_name,seq) values (?,?,?,?,?,default)
    Hibernate: insert into ft_participants (draft_order,fantasy_game_seq,player_id,preferred_team,team_name,seq) values (?,?,?,?,?,default)
    Hibernate: insert into ft_participants (draft_order,fantasy_game_seq,player_id,preferred_team,team_name,seq) values (?,?,?,?,?,default)
    Hibernate: insert into ft_participants (draft_order,fantasy_game_seq,player_id,preferred_team,team_name,seq) values (?,?,?,?,?,default)
    Hibernate: insert into ft_participants (draft_order,fantasy_game_seq,player_id,preferred_team,team_name,seq) values (?,?,?,?,?,default)
    Hibernate: insert into ft_participants (draft_order,fantasy_game_seq,player_id,preferred_team,team_name,seq) values (?,?,?,?,?,default)
    Hibernate: insert into ft_participants (draft_order,fantasy_game_seq,player_id,preferred_team,team_name,seq) values (?,?,?,?,?,default)
    Hibernate: insert into ft_participants (draft_order,fantasy_game_seq,player_id,preferred_team,team_name,seq) values (?,?,?,?,?,default)
    Hibernate: insert into ft_participants (draft_order,fantasy_game_seq,player_id,preferred_team,team_name,seq) values (?,?,?,?,?,default)
    Hibernate: insert into ft_participants (draft_order,fantasy_game_seq,player_id,preferred_team,team_name,seq) values (?,?,?,?,?,default)
    Hibernate: insert into ft_participants (draft_order,fantasy_game_seq,player_id,preferred_team,team_name,seq) values (?,?,?,?,?,default)
    Hibernate: insert into ft_participants (draft_order,fantasy_game_seq,player_id,preferred_team,team_name,seq) values (?,?,?,?,?,default)
    Hibernate: insert into ft_participants (draft_order,fantasy_game_seq,player_id,preferred_team,team_name,seq) values (?,?,?,?,?,default)
    Hibernate: insert into ft_participants (draft_order,fantasy_game_seq,player_id,preferred_team,team_name,seq) values (?,?,?,?,?,default)
    Hibernate: insert into ft_participants (draft_order,fantasy_game_seq,player_id,preferred_team,team_name,seq) values (?,?,?,?,?,default)
    Hibernate: insert into ft_participants (draft_order,fantasy_game_seq,player_id,preferred_team,team_name,seq) values (?,?,?,?,?,default)
    Hibernate: insert into ft_participants (draft_order,fantasy_game_seq,player_id,preferred_team,team_name,seq) values (?,?,?,?,?,default)
    Hibernate: insert into ft_participants (draft_order,fantasy_game_seq,player_id,preferred_team,team_name,seq) values (?,?,?,?,?,default)
    Hibernate: insert into ft_participants (draft_order,fantasy_game_seq,player_id,preferred_team,team_name,seq) values (?,?,?,?,?,default)
    Hibernate: insert into ft_participants (draft_order,fantasy_game_seq,player_id,preferred_team,team_name,seq) values (?,?,?,?,?,default)
    Hibernate: insert into ft_participants (draft_order,fantasy_game_seq,player_id,preferred_team,team_name,seq) values (?,?,?,?,?,default)
    Hibernate: insert into ft_participants (draft_order,fantasy_game_seq,player_id,preferred_team,team_name,seq) values (?,?,?,?,?,default)
    Hibernate: insert into ft_participants (draft_order,fantasy_game_seq,player_id,preferred_team,team_name,seq) values (?,?,?,?,?,default)
    Hibernate: insert into ft_participants (draft_order,fantasy_game_seq,player_id,preferred_team,team_name,seq) values (?,?,?,?,?,default)
    Hibernate: insert into ft_participants (draft_order,fantasy_game_seq,player_id,preferred_team,team_name,seq) values (?,?,?,?,?,default)
    Hibernate: insert into ft_participants (draft_order,fantasy_game_seq,player_id,preferred_team,team_name,seq) values (?,?,?,?,?,default)
    Hibernate: insert into ft_participants (draft_order,fantasy_game_seq,player_id,preferred_team,team_name,seq) values (?,?,?,?,?,default)
    Hibernate: insert into ft_participants (draft_order,fantasy_game_seq,player_id,preferred_team,team_name,seq) values (?,?,?,?,?,default)
    Hibernate: insert into ft_participants (draft_order,fantasy_game_seq,player_id,preferred_team,team_name,seq) values (?,?,?,?,?,default)
    Hibernate: insert into ft_participants (draft_order,fantasy_game_seq,player_id,preferred_team,team_name,seq) values (?,?,?,?,?,default)
    Hibernate: insert into ft_participants (draft_order,fantasy_game_seq,player_id,preferred_team,team_name,seq) values (?,?,?,?,?,default)
    Hibernate: insert into ft_participants (draft_order,fantasy_game_seq,player_id,preferred_team,team_name,seq) values (?,?,?,?,?,default)
    Hibernate: insert into ft_participants (draft_order,fantasy_game_seq,player_id,preferred_team,team_name,seq) values (?,?,?,?,?,default)
    Hibernate: insert into ft_participants (draft_order,fantasy_game_seq,player_id,preferred_team,team_name,seq) values (?,?,?,?,?,default)
    Hibernate: insert into ft_participants (draft_order,fantasy_game_seq,player_id,preferred_team,team_name,seq) values (?,?,?,?,?,default)
    Hibernate: insert into ft_participants (draft_order,fantasy_game_seq,player_id,preferred_team,team_name,seq) values (?,?,?,?,?,default)
    Hibernate: insert into ft_participants (draft_order,fantasy_game_seq,player_id,preferred_team,team_name,seq) values (?,?,?,?,?,default)
    Hibernate: insert into ft_participants (draft_order,fantasy_game_seq,player_id,preferred_team,team_name,seq) values (?,?,?,?,?,default)
    Hibernate: insert into ft_participants (draft_order,fantasy_game_seq,player_id,preferred_team,team_name,seq) values (?,?,?,?,?,default)
    Hibernate: insert into ft_participants (draft_order,fantasy_game_seq,player_id,preferred_team,team_name,seq) values (?,?,?,?,?,default)
    Hibernate: insert into ft_participants (draft_order,fantasy_game_seq,player_id,preferred_team,team_name,seq) values (?,?,?,?,?,default)
    Hibernate: insert into ft_participants (draft_order,fantasy_game_seq,player_id,preferred_team,team_name,seq) values (?,?,?,?,?,default)
    Hibernate: insert into ft_participants (draft_order,fantasy_game_seq,player_id,preferred_team,team_name,seq) values (?,?,?,?,?,default)
    Hibernate: insert into ft_participants (draft_order,fantasy_game_seq,player_id,preferred_team,team_name,seq) values (?,?,?,?,?,default)
    Hibernate: insert into ft_participants (draft_order,fantasy_game_seq,player_id,preferred_team,team_name,seq) values (?,?,?,?,?,default)
    Hibernate: insert into ft_participants (draft_order,fantasy_game_seq,player_id,preferred_team,team_name,seq) values (?,?,?,?,?,default)
    Hibernate: insert into ft_participants (draft_order,fantasy_game_seq,player_id,preferred_team,team_name,seq) values (?,?,?,?,?,default)
    Hibernate: insert into ft_participants (draft_order,fantasy_game_seq,player_id,preferred_team,team_name,seq) values (?,?,?,?,?,default)
    Hibernate: insert into ft_participants (draft_order,fantasy_game_seq,player_id,preferred_team,team_name,seq) values (?,?,?,?,?,default)
    Hibernate: insert into ft_participants (draft_order,fantasy_game_seq,player_id,preferred_team,team_name,seq) values (?,?,?,?,?,default)
    Hibernate: insert into ft_participants (draft_order,fantasy_game_seq,player_id,preferred_team,team_name,seq) values (?,?,?,?,?,default)
    Hibernate: insert into ft_participants (draft_order,fantasy_game_seq,player_id,preferred_team,team_name,seq) values (?,?,?,?,?,default)
    Hibernate: insert into ft_participants (draft_order,fantasy_game_seq,player_id,preferred_team,team_name,seq) values (?,?,?,?,?,default)
    Hibernate: insert into ft_participants (draft_order,fantasy_game_seq,player_id,preferred_team,team_name,seq) values (?,?,?,?,?,default)
    Hibernate: insert into ft_participants (draft_order,fantasy_game_seq,player_id,preferred_team,team_name,seq) values (?,?,?,?,?,default)
    Hibernate: insert into ft_participants (draft_order,fantasy_game_seq,player_id,preferred_team,team_name,seq) values (?,?,?,?,?,default)
    Hibernate: insert into ft_participants (draft_order,fantasy_game_seq,player_id,preferred_team,team_name,seq) values (?,?,?,?,?,default)
    Hibernate: insert into ft_participants (draft_order,fantasy_game_seq,player_id,preferred_team,team_name,seq) values (?,?,?,?,?,default)
    Hibernate: insert into ft_participants (draft_order,fantasy_game_seq,player_id,preferred_team,team_name,seq) values (?,?,?,?,?,default)
    Hibernate: insert into ft_participants (draft_order,fantasy_game_seq,player_id,preferred_team,team_name,seq) values (?,?,?,?,?,default)
    Hibernate: insert into ft_participants (draft_order,fantasy_game_seq,player_id,preferred_team,team_name,seq) values (?,?,?,?,?,default)
    Hibernate: insert into ft_participants (draft_order,fantasy_game_seq,player_id,preferred_team,team_name,seq) values (?,?,?,?,?,default)
    Hibernate: insert into ft_participants (draft_order,fantasy_game_seq,player_id,preferred_team,team_name,seq) values (?,?,?,?,?,default)
    Hibernate: insert into ft_participants (draft_order,fantasy_game_seq,player_id,preferred_team,team_name,seq) values (?,?,?,?,?,default)
    Hibernate: insert into ft_participants (draft_order,fantasy_game_seq,player_id,preferred_team,team_name,seq) values (?,?,?,?,?,default)
    Hibernate: insert into ft_participants (draft_order,fantasy_game_seq,player_id,preferred_team,team_name,seq) values (?,?,?,?,?,default)
    Hibernate: insert into ft_participants (draft_order,fantasy_game_seq,player_id,preferred_team,team_name,seq) values (?,?,?,?,?,default)
    Hibernate: insert into ft_participants (draft_order,fantasy_game_seq,player_id,preferred_team,team_name,seq) values (?,?,?,?,?,default)
    Hibernate: insert into ft_participants (draft_order,fantasy_game_seq,player_id,preferred_team,team_name,seq) values (?,?,?,?,?,default)
    Hibernate: insert into ft_participants (draft_order,fantasy_game_seq,player_id,preferred_team,team_name,seq) values (?,?,?,?,?,default)
    Hibernate: insert into ft_participants (draft_order,fantasy_game_seq,player_id,preferred_team,team_name,seq) values (?,?,?,?,?,default)
    Hibernate: insert into ft_participants (draft_order,fantasy_game_seq,player_id,preferred_team,team_name,seq) values (?,?,?,?,?,default)
    Hibernate: insert into ft_participants (draft_order,fantasy_game_seq,player_id,preferred_team,team_name,seq) values (?,?,?,?,?,default)
    Hibernate: insert into ft_participants (draft_order,fantasy_game_seq,player_id,preferred_team,team_name,seq) values (?,?,?,?,?,default)
    Hibernate: insert into ft_participants (draft_order,fantasy_game_seq,player_id,preferred_team,team_name,seq) values (?,?,?,?,?,default)
    Hibernate: insert into ft_participants (draft_order,fantasy_game_seq,player_id,preferred_team,team_name,seq) values (?,?,?,?,?,default)
    Hibernate: insert into ft_participants (draft_order,fantasy_game_seq,player_id,preferred_team,team_name,seq) values (?,?,?,?,?,default)
    Hibernate: insert into ft_participants (draft_order,fantasy_game_seq,player_id,preferred_team,team_name,seq) values (?,?,?,?,?,default)
    Hibernate: insert into ft_participants (draft_order,fantasy_game_seq,player_id,preferred_team,team_name,seq) values (?,?,?,?,?,default)
    Hibernate: insert into ft_participants (draft_order,fantasy_game_seq,player_id,preferred_team,team_name,seq) values (?,?,?,?,?,default)
    Hibernate: insert into ft_participants (draft_order,fantasy_game_seq,player_id,preferred_team,team_name,seq) values (?,?,?,?,?,default)
    Hibernate: insert into ft_participants (draft_order,fantasy_game_seq,player_id,preferred_team,team_name,seq) values (?,?,?,?,?,default)
    Hibernate: insert into ft_participants (draft_order,fantasy_game_seq,player_id,preferred_team,team_name,seq) values (?,?,?,?,?,default)
    Hibernate: insert into ft_participants (draft_order,fantasy_game_seq,player_id,preferred_team,team_name,seq) values (?,?,?,?,?,default)
    Hibernate: insert into ft_participants (draft_order,fantasy_game_seq,player_id,preferred_team,team_name,seq) values (?,?,?,?,?,default)
    Hibernate: insert into ft_participants (draft_order,fantasy_game_seq,player_id,preferred_team,team_name,seq) values (?,?,?,?,?,default)
    Hibernate: insert into ft_participants (draft_order,fantasy_game_seq,player_id,preferred_team,team_name,seq) values (?,?,?,?,?,default)
    Hibernate: insert into ft_participants (draft_order,fantasy_game_seq,player_id,preferred_team,team_name,seq) values (?,?,?,?,?,default)
    Hibernate: insert into ft_participants (draft_order,fantasy_game_seq,player_id,preferred_team,team_name,seq) values (?,?,?,?,?,default)
    Hibernate: insert into ft_participants (draft_order,fantasy_game_seq,player_id,preferred_team,team_name,seq) values (?,?,?,?,?,default)
    Hibernate: insert into ft_participants (draft_order,fantasy_game_seq,player_id,preferred_team,team_name,seq) values (?,?,?,?,?,default)
    Hibernate: insert into ft_participants (draft_order,fantasy_game_seq,player_id,preferred_team,team_name,seq) values (?,?,?,?,?,default)
    Hibernate: insert into ft_participants (draft_order,fantasy_game_seq,player_id,preferred_team,team_name,seq) values (?,?,?,?,?,default)
    Hibernate: insert into ft_participants (draft_order,fantasy_game_seq,player_id,preferred_team,team_name,seq) values (?,?,?,?,?,default)
    Hibernate: insert into ft_participants (draft_order,fantasy_game_seq,player_id,preferred_team,team_name,seq) values (?,?,?,?,?,default)
    Hibernate: insert into ft_participants (draft_order,fantasy_game_seq,player_id,preferred_team,team_name,seq) values (?,?,?,?,?,default)
    Hibernate: insert into ft_participants (draft_order,fantasy_game_seq,player_id,preferred_team,team_name,seq) values (?,?,?,?,?,default)
    Hibernate: insert into ft_participants (draft_order,fantasy_game_seq,player_id,preferred_team,team_name,seq) values (?,?,?,?,?,default)
    Hibernate: insert into ft_participants (draft_order,fantasy_game_seq,player_id,preferred_team,team_name,seq) values (?,?,?,?,?,default)
    Hibernate: insert into ft_participants (draft_order,fantasy_game_seq,player_id,preferred_team,team_name,seq) values (?,?,?,?,?,default)
    Hibernate: insert into ft_participants (draft_order,fantasy_game_seq,player_id,preferred_team,team_name,seq) values (?,?,?,?,?,default)
    Hibernate: insert into ft_participants (draft_order,fantasy_game_seq,player_id,preferred_team,team_name,seq) values (?,?,?,?,?,default)
    Hibernate: insert into ft_participants (draft_order,fantasy_game_seq,player_id,preferred_team,team_name,seq) values (?,?,?,?,?,default)
    Hibernate: insert into ft_participants (draft_order,fantasy_game_seq,player_id,preferred_team,team_name,seq) values (?,?,?,?,?,default)
    Hibernate: insert into ft_participants (draft_order,fantasy_game_seq,player_id,preferred_team,team_name,seq) values (?,?,?,?,?,default)
    Hibernate: insert into ft_participants (draft_order,fantasy_game_seq,player_id,preferred_team,team_name,seq) values (?,?,?,?,?,default)
    Hibernate: insert into ft_participants (draft_order,fantasy_game_seq,player_id,preferred_team,team_name,seq) values (?,?,?,?,?,default)
    Hibernate: insert into ft_participants (draft_order,fantasy_game_seq,player_id,preferred_team,team_name,seq) values (?,?,?,?,?,default)
    Hibernate: insert into ft_participants (draft_order,fantasy_game_seq,player_id,preferred_team,team_name,seq) values (?,?,?,?,?,default)
    Hibernate: insert into ft_participants (draft_order,fantasy_game_seq,player_id,preferred_team,team_name,seq) values (?,?,?,?,?,default)
    Hibernate: insert into ft_participants (draft_order,fantasy_game_seq,player_id,preferred_team,team_name,seq) values (?,?,?,?,?,default)
    Hibernate: insert into ft_participants (draft_order,fantasy_game_seq,player_id,preferred_team,team_name,seq) values (?,?,?,?,?,default)
    Hibernate: insert into ft_participants (draft_order,fantasy_game_seq,player_id,preferred_team,team_name,seq) values (?,?,?,?,?,default)
    Hibernate: insert into ft_participants (draft_order,fantasy_game_seq,player_id,preferred_team,team_name,seq) values (?,?,?,?,?,default)
    Hibernate: insert into ft_participants (draft_order,fantasy_game_seq,player_id,preferred_team,team_name,seq) values (?,?,?,?,?,default)
    Hibernate: insert into ft_participants (draft_order,fantasy_game_seq,player_id,preferred_team,team_name,seq) values (?,?,?,?,?,default)
    Hibernate: insert into ft_participants (draft_order,fantasy_game_seq,player_id,preferred_team,team_name,seq) values (?,?,?,?,?,default)
    Hibernate: insert into ft_participants (draft_order,fantasy_game_seq,player_id,preferred_team,team_name,seq) values (?,?,?,?,?,default)
    Hibernate: insert into ft_participants (draft_order,fantasy_game_seq,player_id,preferred_team,team_name,seq) values (?,?,?,?,?,default)
    Hibernate: insert into ft_participants (draft_order,fantasy_game_seq,player_id,preferred_team,team_name,seq) values (?,?,?,?,?,default)
    Hibernate: insert into ft_participants (draft_order,fantasy_game_seq,player_id,preferred_team,team_name,seq) values (?,?,?,?,?,default)
    Hibernate: insert into ft_participants (draft_order,fantasy_game_seq,player_id,preferred_team,team_name,seq) values (?,?,?,?,?,default)
    Hibernate: insert into ft_participants (draft_order,fantasy_game_seq,player_id,preferred_team,team_name,seq) values (?,?,?,?,?,default)
    Hibernate: insert into ft_participants (draft_order,fantasy_game_seq,player_id,preferred_team,team_name,seq) values (?,?,?,?,?,default)
    Hibernate: insert into ft_participants (draft_order,fantasy_game_seq,player_id,preferred_team,team_name,seq) values (?,?,?,?,?,default)
    Hibernate: insert into ft_participants (draft_order,fantasy_game_seq,player_id,preferred_team,team_name,seq) values (?,?,?,?,?,default)
    Hibernate: insert into ft_participants (draft_order,fantasy_game_seq,player_id,preferred_team,team_name,seq) values (?,?,?,?,?,default)
    Hibernate: insert into ft_participants (draft_order,fantasy_game_seq,player_id,preferred_team,team_name,seq) values (?,?,?,?,?,default)
    Hibernate: insert into ft_participants (draft_order,fantasy_game_seq,player_id,preferred_team,team_name,seq) values (?,?,?,?,?,default)
    Hibernate: insert into ft_participants (draft_order,fantasy_game_seq,player_id,preferred_team,team_name,seq) values (?,?,?,?,?,default)
    Hibernate: insert into ft_participants (draft_order,fantasy_game_seq,player_id,preferred_team,team_name,seq) values (?,?,?,?,?,default)
    Hibernate: insert into ft_participants (draft_order,fantasy_game_seq,player_id,preferred_team,team_name,seq) values (?,?,?,?,?,default)
    Hibernate: insert into ft_participants (draft_order,fantasy_game_seq,player_id,preferred_team,team_name,seq) values (?,?,?,?,?,default)
    Hibernate: insert into ft_participants (draft_order,fantasy_game_seq,player_id,preferred_team,team_name,seq) values (?,?,?,?,?,default)
    Hibernate: insert into ft_participants (draft_order,fantasy_game_seq,player_id,preferred_team,team_name,seq) values (?,?,?,?,?,default)
    Hibernate: insert into ft_participants (draft_order,fantasy_game_seq,player_id,preferred_team,team_name,seq) values (?,?,?,?,?,default)
    Hibernate: insert into ft_participants (draft_order,fantasy_game_seq,player_id,preferred_team,team_name,seq) values (?,?,?,?,?,default)
    Hibernate: insert into ft_participants (draft_order,fantasy_game_seq,player_id,preferred_team,team_name,seq) values (?,?,?,?,?,default)
    Hibernate: insert into ft_participants (draft_order,fantasy_game_seq,player_id,preferred_team,team_name,seq) values (?,?,?,?,?,default)
    Hibernate: insert into ft_participants (draft_order,fantasy_game_seq,player_id,preferred_team,team_name,seq) values (?,?,?,?,?,default)
    Hibernate: insert into ft_participants (draft_order,fantasy_game_seq,player_id,preferred_team,team_name,seq) values (?,?,?,?,?,default)
    Hibernate: insert into ft_participants (draft_order,fantasy_game_seq,player_id,preferred_team,team_name,seq) values (?,?,?,?,?,default)
    Hibernate: insert into ft_participants (draft_order,fantasy_game_seq,player_id,preferred_team,team_name,seq) values (?,?,?,?,?,default)
    Hibernate: insert into ft_participants (draft_order,fantasy_game_seq,player_id,preferred_team,team_name,seq) values (?,?,?,?,?,default)
    Hibernate: insert into ft_participants (draft_order,fantasy_game_seq,player_id,preferred_team,team_name,seq) values (?,?,?,?,?,default)
    Hibernate: insert into ft_participants (draft_order,fantasy_game_seq,player_id,preferred_team,team_name,seq) values (?,?,?,?,?,default)
    Hibernate: insert into ft_participants (draft_order,fantasy_game_seq,player_id,preferred_team,team_name,seq) values (?,?,?,?,?,default)
    Hibernate: insert into ft_participants (draft_order,fantasy_game_seq,player_id,preferred_team,team_name,seq) values (?,?,?,?,?,default)
    Hibernate: insert into ft_participants (draft_order,fantasy_game_seq,player_id,preferred_team,team_name,seq) values (?,?,?,?,?,default)
    Hibernate: insert into ft_participants (draft_order,fantasy_game_seq,player_id,preferred_team,team_name,seq) values (?,?,?,?,?,default)
    Hibernate: insert into ft_participants (draft_order,fantasy_game_seq,player_id,preferred_team,team_name,seq) values (?,?,?,?,?,default)
    Hibernate: insert into ft_participants (draft_order,fantasy_game_seq,player_id,preferred_team,team_name,seq) values (?,?,?,?,?,default)
    Hibernate: insert into ft_participants (draft_order,fantasy_game_seq,player_id,preferred_team,team_name,seq) values (?,?,?,?,?,default)
    Hibernate: insert into ft_participants (draft_order,fantasy_game_seq,player_id,preferred_team,team_name,seq) values (?,?,?,?,?,default)
    Hibernate: insert into ft_participants (draft_order,fantasy_game_seq,player_id,preferred_team,team_name,seq) values (?,?,?,?,?,default)
    Hibernate: insert into ft_participants (draft_order,fantasy_game_seq,player_id,preferred_team,team_name,seq) values (?,?,?,?,?,default)
    Hibernate: insert into ft_participants (draft_order,fantasy_game_seq,player_id,preferred_team,team_name,seq) values (?,?,?,?,?,default)
    Hibernate: insert into ft_participants (draft_order,fantasy_game_seq,player_id,preferred_team,team_name,seq) values (?,?,?,?,?,default)
    Hibernate: insert into ft_participants (draft_order,fantasy_game_seq,player_id,preferred_team,team_name,seq) values (?,?,?,?,?,default)
    Hibernate: insert into ft_participants (draft_order,fantasy_game_seq,player_id,preferred_team,team_name,seq) values (?,?,?,?,?,default)
    Hibernate: insert into ft_participants (draft_order,fantasy_game_seq,player_id,preferred_team,team_name,seq) values (?,?,?,?,?,default)
    Hibernate: insert into ft_participants (draft_order,fantasy_game_seq,player_id,preferred_team,team_name,seq) values (?,?,?,?,?,default)
    Hibernate: insert into ft_participants (draft_order,fantasy_game_seq,player_id,preferred_team,team_name,seq) values (?,?,?,?,?,default)
    Hibernate: insert into ft_participants (draft_order,fantasy_game_seq,player_id,preferred_team,team_name,seq) values (?,?,?,?,?,default)
    Hibernate: insert into ft_participants (draft_order,fantasy_game_seq,player_id,preferred_team,team_name,seq) values (?,?,?,?,?,default)
    Hibernate: insert into ft_participants (draft_order,fantasy_game_seq,player_id,preferred_team,team_name,seq) values (?,?,?,?,?,default)
    Hibernate: insert into ft_participants (draft_order,fantasy_game_seq,player_id,preferred_team,team_name,seq) values (?,?,?,?,?,default)
    Hibernate: insert into ft_participants (draft_order,fantasy_game_seq,player_id,preferred_team,team_name,seq) values (?,?,?,?,?,default)
    Hibernate: insert into ft_participants (draft_order,fantasy_game_seq,player_id,preferred_team,team_name,seq) values (?,?,?,?,?,default)
    Hibernate: insert into ft_participants (draft_order,fantasy_game_seq,player_id,preferred_team,team_name,seq) values (?,?,?,?,?,default)
    Hibernate: insert into ft_participants (draft_order,fantasy_game_seq,player_id,preferred_team,team_name,seq) values (?,?,?,?,?,default)
    Hibernate: insert into ft_participants (draft_order,fantasy_game_seq,player_id,preferred_team,team_name,seq) values (?,?,?,?,?,default)
    Hibernate: insert into ft_participants (draft_order,fantasy_game_seq,player_id,preferred_team,team_name,seq) values (?,?,?,?,?,default)
    Hibernate: insert into ft_participants (draft_order,fantasy_game_seq,player_id,preferred_team,team_name,seq) values (?,?,?,?,?,default)
    Hibernate: insert into ft_participants (draft_order,fantasy_game_seq,player_id,preferred_team,team_name,seq) values (?,?,?,?,?,default)
    Hibernate: insert into ft_participants (draft_order,fantasy_game_seq,player_id,preferred_team,team_name,seq) values (?,?,?,?,?,default)
    Hibernate: insert into ft_participants (draft_order,fantasy_game_seq,player_id,preferred_team,team_name,seq) values (?,?,?,?,?,default)
    Hibernate: insert into ft_participants (draft_order,fantasy_game_seq,player_id,preferred_team,team_name,seq) values (?,?,?,?,?,default)
    Hibernate: insert into ft_participants (draft_order,fantasy_game_seq,player_id,preferred_team,team_name,seq) values (?,?,?,?,?,default)
    Hibernate: insert into ft_participants (draft_order,fantasy_game_seq,player_id,preferred_team,team_name,seq) values (?,?,?,?,?,default)
    Hibernate: insert into ft_participants (draft_order,fantasy_game_seq,player_id,preferred_team,team_name,seq) values (?,?,?,?,?,default)
    Hibernate: insert into ft_participants (draft_order,fantasy_game_seq,player_id,preferred_team,team_name,seq) values (?,?,?,?,?,default)
    Hibernate: insert into ft_participants (draft_order,fantasy_game_seq,player_id,preferred_team,team_name,seq) values (?,?,?,?,?,default)
    Hibernate: insert into ft_participants (draft_order,fantasy_game_seq,player_id,preferred_team,team_name,seq) values (?,?,?,?,?,default)
    Hibernate: insert into ft_participants (draft_order,fantasy_game_seq,player_id,preferred_team,team_name,seq) values (?,?,?,?,?,default)
    Hibernate: insert into ft_participants (draft_order,fantasy_game_seq,player_id,preferred_team,team_name,seq) values (?,?,?,?,?,default)
    Hibernate: insert into ft_participants (draft_order,fantasy_game_seq,player_id,preferred_team,team_name,seq) values (?,?,?,?,?,default)
    Hibernate: insert into ft_participants (draft_order,fantasy_game_seq,player_id,preferred_team,team_name,seq) values (?,?,?,?,?,default)
    Hibernate: insert into ft_participants (draft_order,fantasy_game_seq,player_id,preferred_team,team_name,seq) values (?,?,?,?,?,default)
    Hibernate: insert into ft_participants (draft_order,fantasy_game_seq,player_id,preferred_team,team_name,seq) values (?,?,?,?,?,default)
    Hibernate: insert into ft_participants (draft_order,fantasy_game_seq,player_id,preferred_team,team_name,seq) values (?,?,?,?,?,default)
    Hibernate: insert into ft_participants (draft_order,fantasy_game_seq,player_id,preferred_team,team_name,seq) values (?,?,?,?,?,default)
    Hibernate: insert into ft_participants (draft_order,fantasy_game_seq,player_id,preferred_team,team_name,seq) values (?,?,?,?,?,default)
    Hibernate: insert into ft_participants (draft_order,fantasy_game_seq,player_id,preferred_team,team_name,seq) values (?,?,?,?,?,default)
    Hibernate: insert into ft_participants (draft_order,fantasy_game_seq,player_id,preferred_team,team_name,seq) values (?,?,?,?,?,default)
    Hibernate: insert into ft_participants (draft_order,fantasy_game_seq,player_id,preferred_team,team_name,seq) values (?,?,?,?,?,default)
    Hibernate: insert into ft_participants (draft_order,fantasy_game_seq,player_id,preferred_team,team_name,seq) values (?,?,?,?,?,default)
    Hibernate: insert into ft_participants (draft_order,fantasy_game_seq,player_id,preferred_team,team_name,seq) values (?,?,?,?,?,default)
    Hibernate: insert into ft_participants (draft_order,fantasy_game_seq,player_id,preferred_team,team_name,seq) values (?,?,?,?,?,default)
    Hibernate: insert into ft_participants (draft_order,fantasy_game_seq,player_id,preferred_team,team_name,seq) values (?,?,?,?,?,default)
    Hibernate: insert into ft_participants (draft_order,fantasy_game_seq,player_id,preferred_team,team_name,seq) values (?,?,?,?,?,default)
    Hibernate: insert into ft_participants (draft_order,fantasy_game_seq,player_id,preferred_team,team_name,seq) values (?,?,?,?,?,default)
    Hibernate: insert into ft_participants (draft_order,fantasy_game_seq,player_id,preferred_team,team_name,seq) values (?,?,?,?,?,default)
    Hibernate: insert into ft_participants (draft_order,fantasy_game_seq,player_id,preferred_team,team_name,seq) values (?,?,?,?,?,default)
    Hibernate: insert into ft_participants (draft_order,fantasy_game_seq,player_id,preferred_team,team_name,seq) values (?,?,?,?,?,default)
    Hibernate: insert into ft_participants (draft_order,fantasy_game_seq,player_id,preferred_team,team_name,seq) values (?,?,?,?,?,default)
    Hibernate: insert into ft_participants (draft_order,fantasy_game_seq,player_id,preferred_team,team_name,seq) values (?,?,?,?,?,default)
    Hibernate: insert into ft_participants (draft_order,fantasy_game_seq,player_id,preferred_team,team_name,seq) values (?,?,?,?,?,default)
    Hibernate: insert into ft_participants (draft_order,fantasy_game_seq,player_id,preferred_team,team_name,seq) values (?,?,?,?,?,default)
    Hibernate: insert into ft_participants (draft_order,fantasy_game_seq,player_id,preferred_team,team_name,seq) values (?,?,?,?,?,default)
    Hibernate: insert into ft_participants (draft_order,fantasy_game_seq,player_id,preferred_team,team_name,seq) values (?,?,?,?,?,default)
    Hibernate: insert into ft_participants (draft_order,fantasy_game_seq,player_id,preferred_team,team_name,seq) values (?,?,?,?,?,default)
    Hibernate: insert into ft_participants (draft_order,fantasy_game_seq,player_id,preferred_team,team_name,seq) values (?,?,?,?,?,default)
    Hibernate: insert into ft_participants (draft_order,fantasy_game_seq,player_id,preferred_team,team_name,seq) values (?,?,?,?,?,default)
    Hibernate: insert into ft_participants (draft_order,fantasy_game_seq,player_id,preferred_team,team_name,seq) values (?,?,?,?,?,default)
    Hibernate: insert into ft_participants (draft_order,fantasy_game_seq,player_id,preferred_team,team_name,seq) values (?,?,?,?,?,default)
    Hibernate: insert into ft_participants (draft_order,fantasy_game_seq,player_id,preferred_team,team_name,seq) values (?,?,?,?,?,default)
    Hibernate: insert into ft_participants (draft_order,fantasy_game_seq,player_id,preferred_team,team_name,seq) values (?,?,?,?,?,default)
    Hibernate: insert into ft_participants (draft_order,fantasy_game_seq,player_id,preferred_team,team_name,seq) values (?,?,?,?,?,default)
    Hibernate: insert into ft_participants (draft_order,fantasy_game_seq,player_id,preferred_team,team_name,seq) values (?,?,?,?,?,default)
    Hibernate: insert into ft_participants (draft_order,fantasy_game_seq,player_id,preferred_team,team_name,seq) values (?,?,?,?,?,default)
    Hibernate: insert into ft_participants (draft_order,fantasy_game_seq,player_id,preferred_team,team_name,seq) values (?,?,?,?,?,default)
    Hibernate: insert into ft_participants (draft_order,fantasy_game_seq,player_id,preferred_team,team_name,seq) values (?,?,?,?,?,default)
    Hibernate: insert into ft_participants (draft_order,fantasy_game_seq,player_id,preferred_team,team_name,seq) values (?,?,?,?,?,default)
    Hibernate: insert into ft_participants (draft_order,fantasy_game_seq,player_id,preferred_team,team_name,seq) values (?,?,?,?,?,default)
    Hibernate: insert into ft_participants (draft_order,fantasy_game_seq,player_id,preferred_team,team_name,seq) values (?,?,?,?,?,default)
    Hibernate: insert into ft_participants (draft_order,fantasy_game_seq,player_id,preferred_team,team_name,seq) values (?,?,?,?,?,default)
    Hibernate: insert into ft_participants (draft_order,fantasy_game_seq,player_id,preferred_team,team_name,seq) values (?,?,?,?,?,default)
    Hibernate: insert into ft_participants (draft_order,fantasy_game_seq,player_id,preferred_team,team_name,seq) values (?,?,?,?,?,default)
    Hibernate: insert into ft_participants (draft_order,fantasy_game_seq,player_id,preferred_team,team_name,seq) values (?,?,?,?,?,default)
    Hibernate: insert into ft_participants (draft_order,fantasy_game_seq,player_id,preferred_team,team_name,seq) values (?,?,?,?,?,default)
    Hibernate: insert into ft_participants (draft_order,fantasy_game_seq,player_id,preferred_team,team_name,seq) values (?,?,?,?,?,default)
    Hibernate: insert into ft_participants (draft_order,fantasy_game_seq,player_id,preferred_team,team_name,seq) values (?,?,?,?,?,default)
    Hibernate: insert into ft_participants (draft_order,fantasy_game_seq,player_id,preferred_team,team_name,seq) values (?,?,?,?,?,default)
    Hibernate: insert into ft_participants (draft_order,fantasy_game_seq,player_id,preferred_team,team_name,seq) values (?,?,?,?,?,default)
    Hibernate: insert into ft_participants (draft_order,fantasy_game_seq,player_id,preferred_team,team_name,seq) values (?,?,?,?,?,default)
    Hibernate: insert into ft_participants (draft_order,fantasy_game_seq,player_id,preferred_team,team_name,seq) values (?,?,?,?,?,default)
    Hibernate: insert into ft_participants (draft_order,fantasy_game_seq,player_id,preferred_team,team_name,seq) values (?,?,?,?,?,default)
    Hibernate: insert into ft_participants (draft_order,fantasy_game_seq,player_id,preferred_team,team_name,seq) values (?,?,?,?,?,default)
    Hibernate: insert into ft_participants (draft_order,fantasy_game_seq,player_id,preferred_team,team_name,seq) values (?,?,?,?,?,default)
    Hibernate: insert into ft_participants (draft_order,fantasy_game_seq,player_id,preferred_team,team_name,seq) values (?,?,?,?,?,default)
    Hibernate: insert into ft_participants (draft_order,fantasy_game_seq,player_id,preferred_team,team_name,seq) values (?,?,?,?,?,default)
    Hibernate: insert into ft_participants (draft_order,fantasy_game_seq,player_id,preferred_team,team_name,seq) values (?,?,?,?,?,default)
    Hibernate: insert into ft_participants (draft_order,fantasy_game_seq,player_id,preferred_team,team_name,seq) values (?,?,?,?,?,default)
    Hibernate: insert into ft_participants (draft_order,fantasy_game_seq,player_id,preferred_team,team_name,seq) values (?,?,?,?,?,default)
    Hibernate: insert into ft_participants (draft_order,fantasy_game_seq,player_id,preferred_team,team_name,seq) values (?,?,?,?,?,default)
    Hibernate: insert into ft_participants (draft_order,fantasy_game_seq,player_id,preferred_team,team_name,seq) values (?,?,?,?,?,default)
    Hibernate: insert into ft_participants (draft_order,fantasy_game_seq,player_id,preferred_team,team_name,seq) values (?,?,?,?,?,default)
    Hibernate: insert into ft_participants (draft_order,fantasy_game_seq,player_id,preferred_team,team_name,seq) values (?,?,?,?,?,default)
    Hibernate: insert into ft_participants (draft_order,fantasy_game_seq,player_id,preferred_team,team_name,seq) values (?,?,?,?,?,default)
    Hibernate: insert into ft_participants (draft_order,fantasy_game_seq,player_id,preferred_team,team_name,seq) values (?,?,?,?,?,default)
    Hibernate: insert into ft_participants (draft_order,fantasy_game_seq,player_id,preferred_team,team_name,seq) values (?,?,?,?,?,default)
    Hibernate: insert into ft_participants (draft_order,fantasy_game_seq,player_id,preferred_team,team_name,seq) values (?,?,?,?,?,default)
    Hibernate: insert into ft_participants (draft_order,fantasy_game_seq,player_id,preferred_team,team_name,seq) values (?,?,?,?,?,default)
    Hibernate: insert into ft_participants (draft_order,fantasy_game_seq,player_id,preferred_team,team_name,seq) values (?,?,?,?,?,default)
    Hibernate: insert into ft_participants (draft_order,fantasy_game_seq,player_id,preferred_team,team_name,seq) values (?,?,?,?,?,default)
    Hibernate: insert into ft_participants (draft_order,fantasy_game_seq,player_id,preferred_team,team_name,seq) values (?,?,?,?,?,default)
    Hibernate: insert into ft_participants (draft_order,fantasy_game_seq,player_id,preferred_team,team_name,seq) values (?,?,?,?,?,default)
    Hibernate: insert into ft_participants (draft_order,fantasy_game_seq,player_id,preferred_team,team_name,seq) values (?,?,?,?,?,default)
    Hibernate: insert into ft_participants (draft_order,fantasy_game_seq,player_id,preferred_team,team_name,seq) values (?,?,?,?,?,default)
    Hibernate: insert into ft_participants (draft_order,fantasy_game_seq,player_id,preferred_team,team_name,seq) values (?,?,?,?,?,default)
    Hibernate: insert into ft_participants (draft_order,fantasy_game_seq,player_id,preferred_team,team_name,seq) values (?,?,?,?,?,default)
    Hibernate: insert into ft_participants (draft_order,fantasy_game_seq,player_id,preferred_team,team_name,seq) values (?,?,?,?,?,default)
    Hibernate: insert into ft_participants (draft_order,fantasy_game_seq,player_id,preferred_team,team_name,seq) values (?,?,?,?,?,default)
    Hibernate: insert into ft_participants (draft_order,fantasy_game_seq,player_id,preferred_team,team_name,seq) values (?,?,?,?,?,default)
    Hibernate: insert into ft_participants (draft_order,fantasy_game_seq,player_id,preferred_team,team_name,seq) values (?,?,?,?,?,default)
    Hibernate: insert into ft_participants (draft_order,fantasy_game_seq,player_id,preferred_team,team_name,seq) values (?,?,?,?,?,default)
    Hibernate: insert into ft_participants (draft_order,fantasy_game_seq,player_id,preferred_team,team_name,seq) values (?,?,?,?,?,default)
    Hibernate: insert into ft_participants (draft_order,fantasy_game_seq,player_id,preferred_team,team_name,seq) values (?,?,?,?,?,default)
    Hibernate: insert into ft_participants (draft_order,fantasy_game_seq,player_id,preferred_team,team_name,seq) values (?,?,?,?,?,default)
    Hibernate: insert into ft_participants (draft_order,fantasy_game_seq,player_id,preferred_team,team_name,seq) values (?,?,?,?,?,default)
    Hibernate: insert into ft_participants (draft_order,fantasy_game_seq,player_id,preferred_team,team_name,seq) values (?,?,?,?,?,default)
    Hibernate: insert into ft_participants (draft_order,fantasy_game_seq,player_id,preferred_team,team_name,seq) values (?,?,?,?,?,default)
    Hibernate: insert into ft_participants (draft_order,fantasy_game_seq,player_id,preferred_team,team_name,seq) values (?,?,?,?,?,default)
    Hibernate: insert into ft_participants (draft_order,fantasy_game_seq,player_id,preferred_team,team_name,seq) values (?,?,?,?,?,default)
    Hibernate: insert into ft_participants (draft_order,fantasy_game_seq,player_id,preferred_team,team_name,seq) values (?,?,?,?,?,default)
    Hibernate: insert into ft_participants (draft_order,fantasy_game_seq,player_id,preferred_team,team_name,seq) values (?,?,?,?,?,default)
    Hibernate: insert into ft_participants (draft_order,fantasy_game_seq,player_id,preferred_team,team_name,seq) values (?,?,?,?,?,default)
    Hibernate: insert into ft_participants (draft_order,fantasy_game_seq,player_id,preferred_team,team_name,seq) values (?,?,?,?,?,default)
    Hibernate: insert into ft_participants (draft_order,fantasy_game_seq,player_id,preferred_team,team_name,seq) values (?,?,?,?,?,default)
    Hibernate: insert into ft_participants (draft_order,fantasy_game_seq,player_id,preferred_team,team_name,seq) values (?,?,?,?,?,default)
    Hibernate: insert into ft_participants (draft_order,fantasy_game_seq,player_id,preferred_team,team_name,seq) values (?,?,?,?,?,default)
    Hibernate: insert into ft_participants (draft_order,fantasy_game_seq,player_id,preferred_team,team_name,seq) values (?,?,?,?,?,default)
    Hibernate: insert into ft_participants (draft_order,fantasy_game_seq,player_id,preferred_team,team_name,seq) values (?,?,?,?,?,default)
    Hibernate: insert into ft_participants (draft_order,fantasy_game_seq,player_id,preferred_team,team_name,seq) values (?,?,?,?,?,default)
    Hibernate: insert into ft_participants (draft_order,fantasy_game_seq,player_id,preferred_team,team_name,seq) values (?,?,?,?,?,default)
    Hibernate: insert into ft_participants (draft_order,fantasy_game_seq,player_id,preferred_team,team_name,seq) values (?,?,?,?,?,default)
    Hibernate: insert into ft_participants (draft_order,fantasy_game_seq,player_id,preferred_team,team_name,seq) values (?,?,?,?,?,default)
    Hibernate: insert into ft_participants (draft_order,fantasy_game_seq,player_id,preferred_team,team_name,seq) values (?,?,?,?,?,default)
    Hibernate: insert into ft_participants (draft_order,fantasy_game_seq,player_id,preferred_team,team_name,seq) values (?,?,?,?,?,default)
    Hibernate: insert into ft_participants (draft_order,fantasy_game_seq,player_id,preferred_team,team_name,seq) values (?,?,?,?,?,default)
    Hibernate: insert into ft_participants (draft_order,fantasy_game_seq,player_id,preferred_team,team_name,seq) values (?,?,?,?,?,default)
    Hibernate: insert into ft_participants (draft_order,fantasy_game_seq,player_id,preferred_team,team_name,seq) values (?,?,?,?,?,default)
    Hibernate: insert into ft_participants (draft_order,fantasy_game_seq,player_id,preferred_team,team_name,seq) values (?,?,?,?,?,default)
    Hibernate: insert into ft_participants (draft_order,fantasy_game_seq,player_id,preferred_team,team_name,seq) values (?,?,?,?,?,default)
    Hibernate: insert into ft_participants (draft_order,fantasy_game_seq,player_id,preferred_team,team_name,seq) values (?,?,?,?,?,default)
    Hibernate: insert into ft_participants (draft_order,fantasy_game_seq,player_id,preferred_team,team_name,seq) values (?,?,?,?,?,default)
    Hibernate: insert into ft_participants (draft_order,fantasy_game_seq,player_id,preferred_team,team_name,seq) values (?,?,?,?,?,default)
    Hibernate: insert into ft_participants (draft_order,fantasy_game_seq,player_id,preferred_team,team_name,seq) values (?,?,?,?,?,default)
    Hibernate: insert into ft_participants (draft_order,fantasy_game_seq,player_id,preferred_team,team_name,seq) values (?,?,?,?,?,default)
    Hibernate: insert into ft_participants (draft_order,fantasy_game_seq,player_id,preferred_team,team_name,seq) values (?,?,?,?,?,default)
    Hibernate: insert into ft_participants (draft_order,fantasy_game_seq,player_id,preferred_team,team_name,seq) values (?,?,?,?,?,default)
    Hibernate: insert into ft_participants (draft_order,fantasy_game_seq,player_id,preferred_team,team_name,seq) values (?,?,?,?,?,default)
    Hibernate: insert into ft_participants (draft_order,fantasy_game_seq,player_id,preferred_team,team_name,seq) values (?,?,?,?,?,default)
    Hibernate: insert into ft_participants (draft_order,fantasy_game_seq,player_id,preferred_team,team_name,seq) values (?,?,?,?,?,default)
    Hibernate: insert into ft_participants (draft_order,fantasy_game_seq,player_id,preferred_team,team_name,seq) values (?,?,?,?,?,default)
    Hibernate: insert into ft_participants (draft_order,fantasy_game_seq,player_id,preferred_team,team_name,seq) values (?,?,?,?,?,default)
    Hibernate: insert into ft_participants (draft_order,fantasy_game_seq,player_id,preferred_team,team_name,seq) values (?,?,?,?,?,default)
    Hibernate: insert into ft_participants (draft_order,fantasy_game_seq,player_id,preferred_team,team_name,seq) values (?,?,?,?,?,default)
    Hibernate: insert into ft_participants (draft_order,fantasy_game_seq,player_id,preferred_team,team_name,seq) values (?,?,?,?,?,default)
    Hibernate: insert into ft_participants (draft_order,fantasy_game_seq,player_id,preferred_team,team_name,seq) values (?,?,?,?,?,default)
    Hibernate: insert into ft_participants (draft_order,fantasy_game_seq,player_id,preferred_team,team_name,seq) values (?,?,?,?,?,default)
    Hibernate: insert into ft_participants (draft_order,fantasy_game_seq,player_id,preferred_team,team_name,seq) values (?,?,?,?,?,default)
    Hibernate: insert into ft_participants (draft_order,fantasy_game_seq,player_id,preferred_team,team_name,seq) values (?,?,?,?,?,default)
    Hibernate: insert into ft_participants (draft_order,fantasy_game_seq,player_id,preferred_team,team_name,seq) values (?,?,?,?,?,default)
    Hibernate: insert into ft_participants (draft_order,fantasy_game_seq,player_id,preferred_team,team_name,seq) values (?,?,?,?,?,default)
    Hibernate: insert into ft_participants (draft_order,fantasy_game_seq,player_id,preferred_team,team_name,seq) values (?,?,?,?,?,default)
    Hibernate: insert into ft_participants (draft_order,fantasy_game_seq,player_id,preferred_team,team_name,seq) values (?,?,?,?,?,default)
    Hibernate: insert into ft_participants (draft_order,fantasy_game_seq,player_id,preferred_team,team_name,seq) values (?,?,?,?,?,default)
    Hibernate: insert into ft_participants (draft_order,fantasy_game_seq,player_id,preferred_team,team_name,seq) values (?,?,?,?,?,default)
    Hibernate: insert into ft_participants (draft_order,fantasy_game_seq,player_id,preferred_team,team_name,seq) values (?,?,?,?,?,default)
    Hibernate: insert into ft_participants (draft_order,fantasy_game_seq,player_id,preferred_team,team_name,seq) values (?,?,?,?,?,default)
    Hibernate: insert into ft_participants (draft_order,fantasy_game_seq,player_id,preferred_team,team_name,seq) values (?,?,?,?,?,default)
    Hibernate: insert into ft_participants (draft_order,fantasy_game_seq,player_id,preferred_team,team_name,seq) values (?,?,?,?,?,default)
    Hibernate: insert into ft_participants (draft_order,fantasy_game_seq,player_id,preferred_team,team_name,seq) values (?,?,?,?,?,default)
    Hibernate: insert into ft_participants (draft_order,fantasy_game_seq,player_id,preferred_team,team_name,seq) values (?,?,?,?,?,default)
    Hibernate: insert into ft_participants (draft_order,fantasy_game_seq,player_id,preferred_team,team_name,seq) values (?,?,?,?,?,default)
    Hibernate: insert into ft_participants (draft_order,fantasy_game_seq,player_id,preferred_team,team_name,seq) values (?,?,?,?,?,default)
    Hibernate: insert into ft_participants (draft_order,fantasy_game_seq,player_id,preferred_team,team_name,seq) values (?,?,?,?,?,default)
    Hibernate: insert into ft_participants (draft_order,fantasy_game_seq,player_id,preferred_team,team_name,seq) values (?,?,?,?,?,default)
    Hibernate: insert into ft_participants (draft_order,fantasy_game_seq,player_id,preferred_team,team_name,seq) values (?,?,?,?,?,default)
    Hibernate: insert into ft_participants (draft_order,fantasy_game_seq,player_id,preferred_team,team_name,seq) values (?,?,?,?,?,default)
    Hibernate: insert into ft_participants (draft_order,fantasy_game_seq,player_id,preferred_team,team_name,seq) values (?,?,?,?,?,default)
    Hibernate: insert into ft_participants (draft_order,fantasy_game_seq,player_id,preferred_team,team_name,seq) values (?,?,?,?,?,default)
    Hibernate: insert into ft_participants (draft_order,fantasy_game_seq,player_id,preferred_team,team_name,seq) values (?,?,?,?,?,default)
    Hibernate: insert into ft_participants (draft_order,fantasy_game_seq,player_id,preferred_team,team_name,seq) values (?,?,?,?,?,default)
    Hibernate: insert into ft_participants (draft_order,fantasy_game_seq,player_id,preferred_team,team_name,seq) values (?,?,?,?,?,default)
    Hibernate: insert into ft_participants (draft_order,fantasy_game_seq,player_id,preferred_team,team_name,seq) values (?,?,?,?,?,default)
    Hibernate: insert into ft_participants (draft_order,fantasy_game_seq,player_id,preferred_team,team_name,seq) values (?,?,?,?,?,default)
    Hibernate: insert into ft_participants (draft_order,fantasy_game_seq,player_id,preferred_team,team_name,seq) values (?,?,?,?,?,default)
    Hibernate: insert into ft_participants (draft_order,fantasy_game_seq,player_id,preferred_team,team_name,seq) values (?,?,?,?,?,default)
    Hibernate: insert into ft_participants (draft_order,fantasy_game_seq,player_id,preferred_team,team_name,seq) values (?,?,?,?,?,default)
    Hibernate: insert into ft_participants (draft_order,fantasy_game_seq,player_id,preferred_team,team_name,seq) values (?,?,?,?,?,default)
    Hibernate: insert into ft_participants (draft_order,fantasy_game_seq,player_id,preferred_team,team_name,seq) values (?,?,?,?,?,default)
    Hibernate: insert into ft_participants (draft_order,fantasy_game_seq,player_id,preferred_team,team_name,seq) values (?,?,?,?,?,default)
    Hibernate: insert into ft_participants (draft_order,fantasy_game_seq,player_id,preferred_team,team_name,seq) values (?,?,?,?,?,default)
    Hibernate: insert into ft_participants (draft_order,fantasy_game_seq,player_id,preferred_team,team_name,seq) values (?,?,?,?,?,default)
    Hibernate: insert into ft_participants (draft_order,fantasy_game_seq,player_id,preferred_team,team_name,seq) values (?,?,?,?,?,default)
    Hibernate: insert into ft_participants (draft_order,fantasy_game_seq,player_id,preferred_team,team_name,seq) values (?,?,?,?,?,default)
    Hibernate: insert into ft_participants (draft_order,fantasy_game_seq,player_id,preferred_team,team_name,seq) values (?,?,?,?,?,default)
    Hibernate: insert into ft_participants (draft_order,fantasy_game_seq,player_id,preferred_team,team_name,seq) values (?,?,?,?,?,default)
    Hibernate: insert into ft_participants (draft_order,fantasy_game_seq,player_id,preferred_team,team_name,seq) values (?,?,?,?,?,default)
    Hibernate: insert into ft_participants (draft_order,fantasy_game_seq,player_id,preferred_team,team_name,seq) values (?,?,?,?,?,default)
    Hibernate: insert into ft_participants (draft_order,fantasy_game_seq,player_id,preferred_team,team_name,seq) values (?,?,?,?,?,default)
    Hibernate: insert into ft_participants (draft_order,fantasy_game_seq,player_id,preferred_team,team_name,seq) values (?,?,?,?,?,default)
    Hibernate: insert into ft_participants (draft_order,fantasy_game_seq,player_id,preferred_team,team_name,seq) values (?,?,?,?,?,default)
    Hibernate: insert into ft_participants (draft_order,fantasy_game_seq,player_id,preferred_team,team_name,seq) values (?,?,?,?,?,default)
    Hibernate: insert into ft_participants (draft_order,fantasy_game_seq,player_id,preferred_team,team_name,seq) values (?,?,?,?,?,default)
    Hibernate: insert into ft_participants (draft_order,fantasy_game_seq,player_id,preferred_team,team_name,seq) values (?,?,?,?,?,default)
    Hibernate: insert into ft_participants (draft_order,fantasy_game_seq,player_id,preferred_team,team_name,seq) values (?,?,?,?,?,default)
    Hibernate: insert into ft_participants (draft_order,fantasy_game_seq,player_id,preferred_team,team_name,seq) values (?,?,?,?,?,default)
    Hibernate: insert into ft_participants (draft_order,fantasy_game_seq,player_id,preferred_team,team_name,seq) values (?,?,?,?,?,default)
    Hibernate: insert into ft_participants (draft_order,fantasy_game_seq,player_id,preferred_team,team_name,seq) values (?,?,?,?,?,default)
    Hibernate: insert into ft_participants (draft_order,fantasy_game_seq,player_id,preferred_team,team_name,seq) values (?,?,?,?,?,default)
    Hibernate: insert into ft_participants (draft_order,fantasy_game_seq,player_id,preferred_team,team_name,seq) values (?,?,?,?,?,default)
    Hibernate: insert into ft_participants (draft_order,fantasy_game_seq,player_id,preferred_team,team_name,seq) values (?,?,?,?,?,default)
    Hibernate: insert into ft_participants (draft_order,fantasy_game_seq,player_id,preferred_team,team_name,seq) values (?,?,?,?,?,default)
    Hibernate: insert into ft_participants (draft_order,fantasy_game_seq,player_id,preferred_team,team_name,seq) values (?,?,?,?,?,default)
    Hibernate: insert into ft_participants (draft_order,fantasy_game_seq,player_id,preferred_team,team_name,seq) values (?,?,?,?,?,default)
    Hibernate: insert into ft_participants (draft_order,fantasy_game_seq,player_id,preferred_team,team_name,seq) values (?,?,?,?,?,default)
    Hibernate: insert into ft_participants (draft_order,fantasy_game_seq,player_id,preferred_team,team_name,seq) values (?,?,?,?,?,default)
    Hibernate: insert into ft_participants (draft_order,fantasy_game_seq,player_id,preferred_team,team_name,seq) values (?,?,?,?,?,default)
    Hibernate: insert into ft_participants (draft_order,fantasy_game_seq,player_id,preferred_team,team_name,seq) values (?,?,?,?,?,default)
    Hibernate: insert into ft_participants (draft_order,fantasy_game_seq,player_id,preferred_team,team_name,seq) values (?,?,?,?,?,default)
    Hibernate: insert into ft_participants (draft_order,fantasy_game_seq,player_id,preferred_team,team_name,seq) values (?,?,?,?,?,default)
    Hibernate: insert into ft_participants (draft_order,fantasy_game_seq,player_id,preferred_team,team_name,seq) values (?,?,?,?,?,default)
    Hibernate: insert into ft_participants (draft_order,fantasy_game_seq,player_id,preferred_team,team_name,seq) values (?,?,?,?,?,default)
    Hibernate: insert into ft_participants (draft_order,fantasy_game_seq,player_id,preferred_team,team_name,seq) values (?,?,?,?,?,default)
    Hibernate: insert into ft_participants (draft_order,fantasy_game_seq,player_id,preferred_team,team_name,seq) values (?,?,?,?,?,default)
    Hibernate: insert into ft_participants (draft_order,fantasy_game_seq,player_id,preferred_team,team_name,seq) values (?,?,?,?,?,default)
    Hibernate: insert into ft_participants (draft_order,fantasy_game_seq,player_id,preferred_team,team_name,seq) values (?,?,?,?,?,default)
    Hibernate: insert into ft_participants (draft_order,fantasy_game_seq,player_id,preferred_team,team_name,seq) values (?,?,?,?,?,default)
    Hibernate: insert into ft_participants (draft_order,fantasy_game_seq,player_id,preferred_team,team_name,seq) values (?,?,?,?,?,default)
    Hibernate: insert into ft_participants (draft_order,fantasy_game_seq,player_id,preferred_team,team_name,seq) values (?,?,?,?,?,default)
    Hibernate: insert into ft_participants (draft_order,fantasy_game_seq,player_id,preferred_team,team_name,seq) values (?,?,?,?,?,default)
    Hibernate: insert into ft_participants (draft_order,fantasy_game_seq,player_id,preferred_team,team_name,seq) values (?,?,?,?,?,default)
    Hibernate: insert into ft_participants (draft_order,fantasy_game_seq,player_id,preferred_team,team_name,seq) values (?,?,?,?,?,default)
    Hibernate: insert into ft_participants (draft_order,fantasy_game_seq,player_id,preferred_team,team_name,seq) values (?,?,?,?,?,default)
    Hibernate: insert into ft_participants (draft_order,fantasy_game_seq,player_id,preferred_team,team_name,seq) values (?,?,?,?,?,default)
    Hibernate: insert into ft_participants (draft_order,fantasy_game_seq,player_id,preferred_team,team_name,seq) values (?,?,?,?,?,default)
    Hibernate: insert into ft_participants (draft_order,fantasy_game_seq,player_id,preferred_team,team_name,seq) values (?,?,?,?,?,default)
    Hibernate: insert into ft_participants (draft_order,fantasy_game_seq,player_id,preferred_team,team_name,seq) values (?,?,?,?,?,default)
    Hibernate: insert into ft_participants (draft_order,fantasy_game_seq,player_id,preferred_team,team_name,seq) values (?,?,?,?,?,default)
    Hibernate: insert into ft_participants (draft_order,fantasy_game_seq,player_id,preferred_team,team_name,seq) values (?,?,?,?,?,default)
    Hibernate: insert into ft_participants (draft_order,fantasy_game_seq,player_id,preferred_team,team_name,seq) values (?,?,?,?,?,default)
    Hibernate: insert into ft_participants (draft_order,fantasy_game_seq,player_id,preferred_team,team_name,seq) values (?,?,?,?,?,default)
    Hibernate: insert into ft_participants (draft_order,fantasy_game_seq,player_id,preferred_team,team_name,seq) values (?,?,?,?,?,default)
    Hibernate: insert into ft_participants (draft_order,fantasy_game_seq,player_id,preferred_team,team_name,seq) values (?,?,?,?,?,default)
    Hibernate: insert into ft_participants (draft_order,fantasy_game_seq,player_id,preferred_team,team_name,seq) values (?,?,?,?,?,default)
    Hibernate: insert into ft_participants (draft_order,fantasy_game_seq,player_id,preferred_team,team_name,seq) values (?,?,?,?,?,default)
    Hibernate: insert into ft_participants (draft_order,fantasy_game_seq,player_id,preferred_team,team_name,seq) values (?,?,?,?,?,default)
    Hibernate: insert into ft_participants (draft_order,fantasy_game_seq,player_id,preferred_team,team_name,seq) values (?,?,?,?,?,default)
    Hibernate: insert into ft_participants (draft_order,fantasy_game_seq,player_id,preferred_team,team_name,seq) values (?,?,?,?,?,default)
    Hibernate: insert into ft_participants (draft_order,fantasy_game_seq,player_id,preferred_team,team_name,seq) values (?,?,?,?,?,default)
    Hibernate: insert into ft_participants (draft_order,fantasy_game_seq,player_id,preferred_team,team_name,seq) values (?,?,?,?,?,default)
    Hibernate: insert into ft_participants (draft_order,fantasy_game_seq,player_id,preferred_team,team_name,seq) values (?,?,?,?,?,default)
    Hibernate: insert into ft_participants (draft_order,fantasy_game_seq,player_id,preferred_team,team_name,seq) values (?,?,?,?,?,default)
    Hibernate: insert into ft_participants (draft_order,fantasy_game_seq,player_id,preferred_team,team_name,seq) values (?,?,?,?,?,default)
    Hibernate: insert into ft_participants (draft_order,fantasy_game_seq,player_id,preferred_team,team_name,seq) values (?,?,?,?,?,default)
    Hibernate: insert into ft_participants (draft_order,fantasy_game_seq,player_id,preferred_team,team_name,seq) values (?,?,?,?,?,default)
    Hibernate: insert into ft_participants (draft_order,fantasy_game_seq,player_id,preferred_team,team_name,seq) values (?,?,?,?,?,default)
    Hibernate: insert into ft_participants (draft_order,fantasy_game_seq,player_id,preferred_team,team_name,seq) values (?,?,?,?,?,default)
    Hibernate: insert into ft_participants (draft_order,fantasy_game_seq,player_id,preferred_team,team_name,seq) values (?,?,?,?,?,default)
    Hibernate: insert into ft_participants (draft_order,fantasy_game_seq,player_id,preferred_team,team_name,seq) values (?,?,?,?,?,default)
    Hibernate: insert into ft_participants (draft_order,fantasy_game_seq,player_id,preferred_team,team_name,seq) values (?,?,?,?,?,default)
    Hibernate: insert into ft_participants (draft_order,fantasy_game_seq,player_id,preferred_team,team_name,seq) values (?,?,?,?,?,default)
    Hibernate: insert into ft_participants (draft_order,fantasy_game_seq,player_id,preferred_team,team_name,seq) values (?,?,?,?,?,default)
    Hibernate: insert into ft_participants (draft_order,fantasy_game_seq,player_id,preferred_team,team_name,seq) values (?,?,?,?,?,default)
    Hibernate: insert into ft_participants (draft_order,fantasy_game_seq,player_id,preferred_team,team_name,seq) values (?,?,?,?,?,default)
    Hibernate: insert into ft_participants (draft_order,fantasy_game_seq,player_id,preferred_team,team_name,seq) values (?,?,?,?,?,default)
    Hibernate: insert into ft_participants (draft_order,fantasy_game_seq,player_id,preferred_team,team_name,seq) values (?,?,?,?,?,default)
    Hibernate: insert into ft_participants (draft_order,fantasy_game_seq,player_id,preferred_team,team_name,seq) values (?,?,?,?,?,default)
    Hibernate: insert into ft_participants (draft_order,fantasy_game_seq,player_id,preferred_team,team_name,seq) values (?,?,?,?,?,default)
    Hibernate: insert into ft_participants (draft_order,fantasy_game_seq,player_id,preferred_team,team_name,seq) values (?,?,?,?,?,default)
    Hibernate: insert into ft_participants (draft_order,fantasy_game_seq,player_id,preferred_team,team_name,seq) values (?,?,?,?,?,default)
    Hibernate: insert into ft_participants (draft_order,fantasy_game_seq,player_id,preferred_team,team_name,seq) values (?,?,?,?,?,default)
    Hibernate: insert into ft_participants (draft_order,fantasy_game_seq,player_id,preferred_team,team_name,seq) values (?,?,?,?,?,default)
    Hibernate: insert into ft_participants (draft_order,fantasy_game_seq,player_id,preferred_team,team_name,seq) values (?,?,?,?,?,default)
    Hibernate: insert into ft_participants (draft_order,fantasy_game_seq,player_id,preferred_team,team_name,seq) values (?,?,?,?,?,default)
    Hibernate: insert into ft_participants (draft_order,fantasy_game_seq,player_id,preferred_team,team_name,seq) values (?,?,?,?,?,default)
    Hibernate: insert into ft_participants (draft_order,fantasy_game_seq,player_id,preferred_team,team_name,seq) values (?,?,?,?,?,default)
    Hibernate: insert into ft_participants (draft_order,fantasy_game_seq,player_id,preferred_team,team_name,seq) values (?,?,?,?,?,default)
    Hibernate: insert into ft_participants (draft_order,fantasy_game_seq,player_id,preferred_team,team_name,seq) values (?,?,?,?,?,default)
    Hibernate: insert into ft_participants (draft_order,fantasy_game_seq,player_id,preferred_team,team_name,seq) values (?,?,?,?,?,default)
    Hibernate: insert into ft_participants (draft_order,fantasy_game_seq,player_id,preferred_team,team_name,seq) values (?,?,?,?,?,default)
    Hibernate: insert into ft_participants (draft_order,fantasy_game_seq,player_id,preferred_team,team_name,seq) values (?,?,?,?,?,default)
    Hibernate: insert into ft_participants (draft_order,fantasy_game_seq,player_id,preferred_team,team_name,seq) values (?,?,?,?,?,default)
    Hibernate: insert into ft_participants (draft_order,fantasy_game_seq,player_id,preferred_team,team_name,seq) values (?,?,?,?,?,default)
    Hibernate: insert into ft_participants (draft_order,fantasy_game_seq,player_id,preferred_team,team_name,seq) values (?,?,?,?,?,default)
    Hibernate: insert into ft_participants (draft_order,fantasy_game_seq,player_id,preferred_team,team_name,seq) values (?,?,?,?,?,default)
    Hibernate: insert into ft_participants (draft_order,fantasy_game_seq,player_id,preferred_team,team_name,seq) values (?,?,?,?,?,default)
    Hibernate: insert into ft_participants (draft_order,fantasy_game_seq,player_id,preferred_team,team_name,seq) values (?,?,?,?,?,default)
    Hibernate: insert into ft_participants (draft_order,fantasy_game_seq,player_id,preferred_team,team_name,seq) values (?,?,?,?,?,default)
    Hibernate: insert into ft_participants (draft_order,fantasy_game_seq,player_id,preferred_team,team_name,seq) values (?,?,?,?,?,default)
    Hibernate: insert into ft_participants (draft_order,fantasy_game_seq,player_id,preferred_team,team_name,seq) values (?,?,?,?,?,default)
    Hibernate: insert into ft_participants (draft_order,fantasy_game_seq,player_id,preferred_team,team_name,seq) values (?,?,?,?,?,default)
    Hibernate: insert into ft_participants (draft_order,fantasy_game_seq,player_id,preferred_team,team_name,seq) values (?,?,?,?,?,default)
    Hibernate: insert into ft_participants (draft_order,fantasy_game_seq,player_id,preferred_team,team_name,seq) values (?,?,?,?,?,default)
    Hibernate: insert into ft_participants (draft_order,fantasy_game_seq,player_id,preferred_team,team_name,seq) values (?,?,?,?,?,default)
    Hibernate: insert into ft_participants (draft_order,fantasy_game_seq,player_id,preferred_team,team_name,seq) values (?,?,?,?,?,default)
    Hibernate: insert into ft_participants (draft_order,fantasy_game_seq,player_id,preferred_team,team_name,seq) values (?,?,?,?,?,default)
    Hibernate: insert into ft_participants (draft_order,fantasy_game_seq,player_id,preferred_team,team_name,seq) values (?,?,?,?,?,default)
    Hibernate: insert into ft_participants (draft_order,fantasy_game_seq,player_id,preferred_team,team_name,seq) values (?,?,?,?,?,default)
    Hibernate: insert into ft_participants (draft_order,fantasy_game_seq,player_id,preferred_team,team_name,seq) values (?,?,?,?,?,default)
    Hibernate: insert into ft_participants (draft_order,fantasy_game_seq,player_id,preferred_team,team_name,seq) values (?,?,?,?,?,default)
    Hibernate: insert into ft_participants (draft_order,fantasy_game_seq,player_id,preferred_team,team_name,seq) values (?,?,?,?,?,default)
    Hibernate: insert into ft_participants (draft_order,fantasy_game_seq,player_id,preferred_team,team_name,seq) values (?,?,?,?,?,default)
    Hibernate: insert into ft_participants (draft_order,fantasy_game_seq,player_id,preferred_team,team_name,seq) values (?,?,?,?,?,default)
    Hibernate: insert into ft_participants (draft_order,fantasy_game_seq,player_id,preferred_team,team_name,seq) values (?,?,?,?,?,default)
    Hibernate: insert into ft_participants (draft_order,fantasy_game_seq,player_id,preferred_team,team_name,seq) values (?,?,?,?,?,default)
    Hibernate: insert into ft_participants (draft_order,fantasy_game_seq,player_id,preferred_team,team_name,seq) values (?,?,?,?,?,default)
    Hibernate: insert into ft_participants (draft_order,fantasy_game_seq,player_id,preferred_team,team_name,seq) values (?,?,?,?,?,default)
    Hibernate: insert into ft_participants (draft_order,fantasy_game_seq,player_id,preferred_team,team_name,seq) values (?,?,?,?,?,default)
    Hibernate: insert into ft_participants (draft_order,fantasy_game_seq,player_id,preferred_team,team_name,seq) values (?,?,?,?,?,default)
    Hibernate: insert into ft_participants (draft_order,fantasy_game_seq,player_id,preferred_team,team_name,seq) values (?,?,?,?,?,default)
    Hibernate: insert into ft_participants (draft_order,fantasy_game_seq,player_id,preferred_team,team_name,seq) values (?,?,?,?,?,default)
    Hibernate: insert into ft_participants (draft_order,fantasy_game_seq,player_id,preferred_team,team_name,seq) values (?,?,?,?,?,default)
    Hibernate: insert into ft_participants (draft_order,fantasy_game_seq,player_id,preferred_team,team_name,seq) values (?,?,?,?,?,default)
    Hibernate: insert into ft_participants (draft_order,fantasy_game_seq,player_id,preferred_team,team_name,seq) values (?,?,?,?,?,default)
    Hibernate: insert into ft_participants (draft_order,fantasy_game_seq,player_id,preferred_team,team_name,seq) values (?,?,?,?,?,default)
    Hibernate: insert into ft_participants (draft_order,fantasy_game_seq,player_id,preferred_team,team_name,seq) values (?,?,?,?,?,default)
    Hibernate: insert into ft_participants (draft_order,fantasy_game_seq,player_id,preferred_team,team_name,seq) values (?,?,?,?,?,default)
    Hibernate: insert into ft_participants (draft_order,fantasy_game_seq,player_id,preferred_team,team_name,seq) values (?,?,?,?,?,default)
    Hibernate: insert into ft_participants (draft_order,fantasy_game_seq,player_id,preferred_team,team_name,seq) values (?,?,?,?,?,default)
    Hibernate: insert into ft_participants (draft_order,fantasy_game_seq,player_id,preferred_team,team_name,seq) values (?,?,?,?,?,default)
    Hibernate: insert into ft_participants (draft_order,fantasy_game_seq,player_id,preferred_team,team_name,seq) values (?,?,?,?,?,default)
    Hibernate: insert into ft_participants (draft_order,fantasy_game_seq,player_id,preferred_team,team_name,seq) values (?,?,?,?,?,default)
    Hibernate: insert into ft_participants (draft_order,fantasy_game_seq,player_id,preferred_team,team_name,seq) values (?,?,?,?,?,default)
    Hibernate: insert into ft_participants (draft_order,fantasy_game_seq,player_id,preferred_team,team_name,seq) values (?,?,?,?,?,default)
    Hibernate: insert into ft_participants (draft_order,fantasy_game_seq,player_id,preferred_team,team_name,seq) values (?,?,?,?,?,default)
    Hibernate: insert into ft_participants (draft_order,fantasy_game_seq,player_id,preferred_team,team_name,seq) values (?,?,?,?,?,default)
    Hibernate: insert into ft_participants (draft_order,fantasy_game_seq,player_id,preferred_team,team_name,seq) values (?,?,?,?,?,default)
    Hibernate: insert into ft_participants (draft_order,fantasy_game_seq,player_id,preferred_team,team_name,seq) values (?,?,?,?,?,default)
    Hibernate: insert into ft_participants (draft_order,fantasy_game_seq,player_id,preferred_team,team_name,seq) values (?,?,?,?,?,default)
    Hibernate: insert into ft_participants (draft_order,fantasy_game_seq,player_id,preferred_team,team_name,seq) values (?,?,?,?,?,default)
    Hibernate: insert into ft_participants (draft_order,fantasy_game_seq,player_id,preferred_team,team_name,seq) values (?,?,?,?,?,default)
    Hibernate: insert into ft_participants (draft_order,fantasy_game_seq,player_id,preferred_team,team_name,seq) values (?,?,?,?,?,default)
    Hibernate: insert into ft_participants (draft_order,fantasy_game_seq,player_id,preferred_team,team_name,seq) values (?,?,?,?,?,default)
    Hibernate: insert into ft_participants (draft_order,fantasy_game_seq,player_id,preferred_team,team_name,seq) values (?,?,?,?,?,default)
    Hibernate: insert into ft_participants (draft_order,fantasy_game_seq,player_id,preferred_team,team_name,seq) values (?,?,?,?,?,default)
    Hibernate: insert into ft_participants (draft_order,fantasy_game_seq,player_id,preferred_team,team_name,seq) values (?,?,?,?,?,default)
    Hibernate: insert into ft_participants (draft_order,fantasy_game_seq,player_id,preferred_team,team_name,seq) values (?,?,?,?,?,default)
    Hibernate: insert into ft_participants (draft_order,fantasy_game_seq,player_id,preferred_team,team_name,seq) values (?,?,?,?,?,default)
    Hibernate: insert into ft_participants (draft_order,fantasy_game_seq,player_id,preferred_team,team_name,seq) values (?,?,?,?,?,default)
    Hibernate: insert into ft_participants (draft_order,fantasy_game_seq,player_id,preferred_team,team_name,seq) values (?,?,?,?,?,default)
    Hibernate: insert into ft_participants (draft_order,fantasy_game_seq,player_id,preferred_team,team_name,seq) values (?,?,?,?,?,default)
    Hibernate: insert into ft_participants (draft_order,fantasy_game_seq,player_id,preferred_team,team_name,seq) values (?,?,?,?,?,default)
    Hibernate: insert into ft_participants (draft_order,fantasy_game_seq,player_id,preferred_team,team_name,seq) values (?,?,?,?,?,default)
    Hibernate: insert into ft_participants (draft_order,fantasy_game_seq,player_id,preferred_team,team_name,seq) values (?,?,?,?,?,default)
    Hibernate: insert into ft_participants (draft_order,fantasy_game_seq,player_id,preferred_team,team_name,seq) values (?,?,?,?,?,default)
    Hibernate: insert into ft_participants (draft_order,fantasy_game_seq,player_id,preferred_team,team_name,seq) values (?,?,?,?,?,default)
    Hibernate: insert into ft_participants (draft_order,fantasy_game_seq,player_id,preferred_team,team_name,seq) values (?,?,?,?,?,default)
    Hibernate: insert into ft_participants (draft_order,fantasy_game_seq,player_id,preferred_team,team_name,seq) values (?,?,?,?,?,default)
    Hibernate: insert into ft_participants (draft_order,fantasy_game_seq,player_id,preferred_team,team_name,seq) values (?,?,?,?,?,default)
    Hibernate: insert into ft_participants (draft_order,fantasy_game_seq,player_id,preferred_team,team_name,seq) values (?,?,?,?,?,default)
    Hibernate: insert into ft_participants (draft_order,fantasy_game_seq,player_id,preferred_team,team_name,seq) values (?,?,?,?,?,default)
    Hibernate: insert into ft_participants (draft_order,fantasy_game_seq,player_id,preferred_team,team_name,seq) values (?,?,?,?,?,default)
    Hibernate: insert into ft_participants (draft_order,fantasy_game_seq,player_id,preferred_team,team_name,seq) values (?,?,?,?,?,default)
    Hibernate: insert into ft_participants (draft_order,fantasy_game_seq,player_id,preferred_team,team_name,seq) values (?,?,?,?,?,default)
    Hibernate: insert into ft_participants (draft_order,fantasy_game_seq,player_id,preferred_team,team_name,seq) values (?,?,?,?,?,default)
    Hibernate: insert into ft_participants (draft_order,fantasy_game_seq,player_id,preferred_team,team_name,seq) values (?,?,?,?,?,default)
    Hibernate: insert into ft_participants (draft_order,fantasy_game_seq,player_id,preferred_team,team_name,seq) values (?,?,?,?,?,default)
    Hibernate: insert into ft_participants (draft_order,fantasy_game_seq,player_id,preferred_team,team_name,seq) values (?,?,?,?,?,default)
    Hibernate: insert into ft_participants (draft_order,fantasy_game_seq,player_id,preferred_team,team_name,seq) values (?,?,?,?,?,default)
    Hibernate: insert into ft_participants (draft_order,fantasy_game_seq,player_id,preferred_team,team_name,seq) values (?,?,?,?,?,default)
    Hibernate: insert into ft_participants (draft_order,fantasy_game_seq,player_id,preferred_team,team_name,seq) values (?,?,?,?,?,default)
    Hibernate: insert into ft_participants (draft_order,fantasy_game_seq,player_id,preferred_team,team_name,seq) values (?,?,?,?,?,default)
    Hibernate: insert into ft_participants (draft_order,fantasy_game_seq,player_id,preferred_team,team_name,seq) values (?,?,?,?,?,default)
    Hibernate: insert into ft_participants (draft_order,fantasy_game_seq,player_id,preferred_team,team_name,seq) values (?,?,?,?,?,default)
    Hibernate: insert into ft_participants (draft_order,fantasy_game_seq,player_id,preferred_team,team_name,seq) values (?,?,?,?,?,default)
    Hibernate: insert into ft_participants (draft_order,fantasy_game_seq,player_id,preferred_team,team_name,seq) values (?,?,?,?,?,default)
    Hibernate: insert into ft_participants (draft_order,fantasy_game_seq,player_id,preferred_team,team_name,seq) values (?,?,?,?,?,default)
    Hibernate: insert into ft_participants (draft_order,fantasy_game_seq,player_id,preferred_team,team_name,seq) values (?,?,?,?,?,default)
    Hibernate: insert into ft_participants (draft_order,fantasy_game_seq,player_id,preferred_team,team_name,seq) values (?,?,?,?,?,default)
    Hibernate: insert into ft_participants (draft_order,fantasy_game_seq,player_id,preferred_team,team_name,seq) values (?,?,?,?,?,default)
    Hibernate: insert into ft_participants (draft_order,fantasy_game_seq,player_id,preferred_team,team_name,seq) values (?,?,?,?,?,default)
    Hibernate: insert into ft_participants (draft_order,fantasy_game_seq,player_id,preferred_team,team_name,seq) values (?,?,?,?,?,default)
    Hibernate: insert into ft_participants (draft_order,fantasy_game_seq,player_id,preferred_team,team_name,seq) values (?,?,?,?,?,default)
    Hibernate: insert into ft_participants (draft_order,fantasy_game_seq,player_id,preferred_team,team_name,seq) values (?,?,?,?,?,default)
    Hibernate: insert into ft_participants (draft_order,fantasy_game_seq,player_id,preferred_team,team_name,seq) values (?,?,?,?,?,default)
    Hibernate: insert into ft_participants (draft_order,fantasy_game_seq,player_id,preferred_team,team_name,seq) values (?,?,?,?,?,default)
    Hibernate: insert into ft_participants (draft_order,fantasy_game_seq,player_id,preferred_team,team_name,seq) values (?,?,?,?,?,default)
    Hibernate: insert into ft_participants (draft_order,fantasy_game_seq,player_id,preferred_team,team_name,seq) values (?,?,?,?,?,default)
    Hibernate: insert into ft_participants (draft_order,fantasy_game_seq,player_id,preferred_team,team_name,seq) values (?,?,?,?,?,default)
    Hibernate: insert into ft_participants (draft_order,fantasy_game_seq,player_id,preferred_team,team_name,seq) values (?,?,?,?,?,default)
    Hibernate: insert into ft_participants (draft_order,fantasy_game_seq,player_id,preferred_team,team_name,seq) values (?,?,?,?,?,default)
    Hibernate: insert into ft_participants (draft_order,fantasy_game_seq,player_id,preferred_team,team_name,seq) values (?,?,?,?,?,default)
    Hibernate: insert into ft_participants (draft_order,fantasy_game_seq,player_id,preferred_team,team_name,seq) values (?,?,?,?,?,default)
    Hibernate: insert into ft_participants (draft_order,fantasy_game_seq,player_id,preferred_team,team_name,seq) values (?,?,?,?,?,default)
    Hibernate: insert into ft_participants (draft_order,fantasy_game_seq,player_id,preferred_team,team_name,seq) values (?,?,?,?,?,default)
    Hibernate: insert into ft_participants (draft_order,fantasy_game_seq,player_id,preferred_team,team_name,seq) values (?,?,?,?,?,default)
    Hibernate: insert into ft_participants (draft_order,fantasy_game_seq,player_id,preferred_team,team_name,seq) values (?,?,?,?,?,default)
    Hibernate: insert into ft_participants (draft_order,fantasy_game_seq,player_id,preferred_team,team_name,seq) values (?,?,?,?,?,default)
    Hibernate: insert into ft_participants (draft_order,fantasy_game_seq,player_id,preferred_team,team_name,seq) values (?,?,?,?,?,default)
    Hibernate: insert into ft_participants (draft_order,fantasy_game_seq,player_id,preferred_team,team_name,seq) values (?,?,?,?,?,default)
    Hibernate: insert into ft_participants (draft_order,fantasy_game_seq,player_id,preferred_team,team_name,seq) values (?,?,?,?,?,default)
    Hibernate: insert into ft_participants (draft_order,fantasy_game_seq,player_id,preferred_team,team_name,seq) values (?,?,?,?,?,default)
    Hibernate: insert into ft_participants (draft_order,fantasy_game_seq,player_id,preferred_team,team_name,seq) values (?,?,?,?,?,default)
    Hibernate: insert into ft_participants (draft_order,fantasy_game_seq,player_id,preferred_team,team_name,seq) values (?,?,?,?,?,default)
    Hibernate: insert into ft_participants (draft_order,fantasy_game_seq,player_id,preferred_team,team_name,seq) values (?,?,?,?,?,default)
    Hibernate: insert into ft_participants (draft_order,fantasy_game_seq,player_id,preferred_team,team_name,seq) values (?,?,?,?,?,default)
    Hibernate: insert into ft_participants (draft_order,fantasy_game_seq,player_id,preferred_team,team_name,seq) values (?,?,?,?,?,default)
    Hibernate: insert into ft_participants (draft_order,fantasy_game_seq,player_id,preferred_team,team_name,seq) values (?,?,?,?,?,default)
    Hibernate: insert into ft_participants (draft_order,fantasy_game_seq,player_id,preferred_team,team_name,seq) values (?,?,?,?,?,default)
    Hibernate: insert into ft_participants (draft_order,fantasy_game_seq,player_id,preferred_team,team_name,seq) values (?,?,?,?,?,default)
    Hibernate: insert into ft_participants (draft_order,fantasy_game_seq,player_id,preferred_team,team_name,seq) values (?,?,?,?,?,default)
    Hibernate: insert into ft_participants (draft_order,fantasy_game_seq,player_id,preferred_team,team_name,seq) values (?,?,?,?,?,default)
    Hibernate: insert into ft_participants (draft_order,fantasy_game_seq,player_id,preferred_team,team_name,seq) values (?,?,?,?,?,default)
    Hibernate: insert into ft_participants (draft_order,fantasy_game_seq,player_id,preferred_team,team_name,seq) values (?,?,?,?,?,default)
    Hibernate: insert into ft_participants (draft_order,fantasy_game_seq,player_id,preferred_team,team_name,seq) values (?,?,?,?,?,default)
    Hibernate: insert into ft_participants (draft_order,fantasy_game_seq,player_id,preferred_team,team_name,seq) values (?,?,?,?,?,default)
    Hibernate: insert into ft_participants (draft_order,fantasy_game_seq,player_id,preferred_team,team_name,seq) values (?,?,?,?,?,default)
    Hibernate: insert into ft_participants (draft_order,fantasy_game_seq,player_id,preferred_team,team_name,seq) values (?,?,?,?,?,default)
    Hibernate: insert into ft_participants (draft_order,fantasy_game_seq,player_id,preferred_team,team_name,seq) values (?,?,?,?,?,default)
    Hibernate: insert into ft_participants (draft_order,fantasy_game_seq,player_id,preferred_team,team_name,seq) values (?,?,?,?,?,default)
    Hibernate: insert into ft_participants (draft_order,fantasy_game_seq,player_id,preferred_team,team_name,seq) values (?,?,?,?,?,default)
    Hibernate: insert into ft_participants (draft_order,fantasy_game_seq,player_id,preferred_team,team_name,seq) values (?,?,?,?,?,default)
    Hibernate: insert into ft_participants (draft_order,fantasy_game_seq,player_id,preferred_team,team_name,seq) values (?,?,?,?,?,default)
    Hibernate: insert into ft_participants (draft_order,fantasy_game_seq,player_id,preferred_team,team_name,seq) values (?,?,?,?,?,default)
    Hibernate: insert into ft_participants (draft_order,fantasy_game_seq,player_id,preferred_team,team_name,seq) values (?,?,?,?,?,default)
    Hibernate: insert into ft_participants (draft_order,fantasy_game_seq,player_id,preferred_team,team_name,seq) values (?,?,?,?,?,default)
    Hibernate: insert into ft_participants (draft_order,fantasy_game_seq,player_id,preferred_team,team_name,seq) values (?,?,?,?,?,default)
    Hibernate: insert into ft_participants (draft_order,fantasy_game_seq,player_id,preferred_team,team_name,seq) values (?,?,?,?,?,default)
    Hibernate: insert into ft_participants (draft_order,fantasy_game_seq,player_id,preferred_team,team_name,seq) values (?,?,?,?,?,default)
    Hibernate: insert into ft_participants (draft_order,fantasy_game_seq,player_id,preferred_team,team_name,seq) values (?,?,?,?,?,default)
    Hibernate: insert into ft_participants (draft_order,fantasy_game_seq,player_id,preferred_team,team_name,seq) values (?,?,?,?,?,default)
    Hibernate: insert into ft_participants (draft_order,fantasy_game_seq,player_id,preferred_team,team_name,seq) values (?,?,?,?,?,default)
    Hibernate: insert into ft_participants (draft_order,fantasy_game_seq,player_id,preferred_team,team_name,seq) values (?,?,?,?,?,default)
    Hibernate: insert into ft_participants (draft_order,fantasy_game_seq,player_id,preferred_team,team_name,seq) values (?,?,?,?,?,default)
    Hibernate: insert into ft_participants (draft_order,fantasy_game_seq,player_id,preferred_team,team_name,seq) values (?,?,?,?,?,default)
    Hibernate: insert into ft_participants (draft_order,fantasy_game_seq,player_id,preferred_team,team_name,seq) values (?,?,?,?,?,default)
    Hibernate: insert into ft_participants (draft_order,fantasy_game_seq,player_id,preferred_team,team_name,seq) values (?,?,?,?,?,default)
    Hibernate: insert into ft_participants (draft_order,fantasy_game_seq,player_id,preferred_team,team_name,seq) values (?,?,?,?,?,default)
    Hibernate: insert into ft_participants (draft_order,fantasy_game_seq,player_id,preferred_team,team_name,seq) values (?,?,?,?,?,default)
    Hibernate: insert into ft_participants (draft_order,fantasy_game_seq,player_id,preferred_team,team_name,seq) values (?,?,?,?,?,default)
    Hibernate: insert into ft_participants (draft_order,fantasy_game_seq,player_id,preferred_team,team_name,seq) values (?,?,?,?,?,default)
    Hibernate: insert into ft_participants (draft_order,fantasy_game_seq,player_id,preferred_team,team_name,seq) values (?,?,?,?,?,default)
    Hibernate: insert into ft_participants (draft_order,fantasy_game_seq,player_id,preferred_team,team_name,seq) values (?,?,?,?,?,default)
    Hibernate: insert into ft_participants (draft_order,fantasy_game_seq,player_id,preferred_team,team_name,seq) values (?,?,?,?,?,default)
    Hibernate: insert into ft_participants (draft_order,fantasy_game_seq,player_id,preferred_team,team_name,seq) values (?,?,?,?,?,default)
    Hibernate: insert into ft_participants (draft_order,fantasy_game_seq,player_id,preferred_team,team_name,seq) values (?,?,?,?,?,default)
    Hibernate: insert into ft_participants (draft_order,fantasy_game_seq,player_id,preferred_team,team_name,seq) values (?,?,?,?,?,default)
    Hibernate: insert into ft_participants (draft_order,fantasy_game_seq,player_id,preferred_team,team_name,seq) values (?,?,?,?,?,default)
    Hibernate: insert into ft_participants (draft_order,fantasy_game_seq,player_id,preferred_team,team_name,seq) values (?,?,?,?,?,default)
    Hibernate: insert into ft_participants (draft_order,fantasy_game_seq,player_id,preferred_team,team_name,seq) values (?,?,?,?,?,default)
    Hibernate: insert into ft_participants (draft_order,fantasy_game_seq,player_id,preferred_team,team_name,seq) values (?,?,?,?,?,default)
    Hibernate: insert into ft_participants (draft_order,fantasy_game_seq,player_id,preferred_team,team_name,seq) values (?,?,?,?,?,default)
    Hibernate: insert into ft_participants (draft_order,fantasy_game_seq,player_id,preferred_team,team_name,seq) values (?,?,?,?,?,default)
    Hibernate: insert into ft_participants (draft_order,fantasy_game_seq,player_id,preferred_team,team_name,seq) values (?,?,?,?,?,default)
    Hibernate: insert into ft_participants (draft_order,fantasy_game_seq,player_id,preferred_team,team_name,seq) values (?,?,?,?,?,default)
    Hibernate: insert into ft_participants (draft_order,fantasy_game_seq,player_id,preferred_team,team_name,seq) values (?,?,?,?,?,default)
    Hibernate: insert into ft_participants (draft_order,fantasy_game_seq,player_id,preferred_team,team_name,seq) values (?,?,?,?,?,default)
    Hibernate: insert into ft_participants (draft_order,fantasy_game_seq,player_id,preferred_team,team_name,seq) values (?,?,?,?,?,default)
    Hibernate: insert into ft_participants (draft_order,fantasy_game_seq,player_id,preferred_team,team_name,seq) values (?,?,?,?,?,default)
    Hibernate: insert into ft_participants (draft_order,fantasy_game_seq,player_id,preferred_team,team_name,seq) values (?,?,?,?,?,default)
    Hibernate: insert into ft_participants (draft_order,fantasy_game_seq,player_id,preferred_team,team_name,seq) values (?,?,?,?,?,default)
    Hibernate: insert into ft_participants (draft_order,fantasy_game_seq,player_id,preferred_team,team_name,seq) values (?,?,?,?,?,default)
    Hibernate: insert into ft_participants (draft_order,fantasy_game_seq,player_id,preferred_team,team_name,seq) values (?,?,?,?,?,default)
    Hibernate: insert into ft_participants (draft_order,fantasy_game_seq,player_id,preferred_team,team_name,seq) values (?,?,?,?,?,default)
    Hibernate: insert into ft_participants (draft_order,fantasy_game_seq,player_id,preferred_team,team_name,seq) values (?,?,?,?,?,default)
    Hibernate: insert into ft_participants (draft_order,fantasy_game_seq,player_id,preferred_team,team_name,seq) values (?,?,?,?,?,default)
    Hibernate: insert into ft_participants (draft_order,fantasy_game_seq,player_id,preferred_team,team_name,seq) values (?,?,?,?,?,default)
    Hibernate: insert into ft_participants (draft_order,fantasy_game_seq,player_id,preferred_team,team_name,seq) values (?,?,?,?,?,default)
    Hibernate: insert into ft_participants (draft_order,fantasy_game_seq,player_id,preferred_team,team_name,seq) values (?,?,?,?,?,default)
    Hibernate: insert into ft_participants (draft_order,fantasy_game_seq,player_id,preferred_team,team_name,seq) values (?,?,?,?,?,default)
    Hibernate: insert into ft_participants (draft_order,fantasy_game_seq,player_id,preferred_team,team_name,seq) values (?,?,?,?,?,default)
    Hibernate: insert into ft_participants (draft_order,fantasy_game_seq,player_id,preferred_team,team_name,seq) values (?,?,?,?,?,default)
    Hibernate: insert into ft_participants (draft_order,fantasy_game_seq,player_id,preferred_team,team_name,seq) values (?,?,?,?,?,default)
    Hibernate: insert into ft_participants (draft_order,fantasy_game_seq,player_id,preferred_team,team_name,seq) values (?,?,?,?,?,default)
    Hibernate: insert into ft_participants (draft_order,fantasy_game_seq,player_id,preferred_team,team_name,seq) values (?,?,?,?,?,default)
    Hibernate: insert into ft_participants (draft_order,fantasy_game_seq,player_id,preferred_team,team_name,seq) values (?,?,?,?,?,default)
    Hibernate: insert into ft_participants (draft_order,fantasy_game_seq,player_id,preferred_team,team_name,seq) values (?,?,?,?,?,default)
    Hibernate: insert into ft_participants (draft_order,fantasy_game_seq,player_id,preferred_team,team_name,seq) values (?,?,?,?,?,default)
    Hibernate: insert into ft_participants (draft_order,fantasy_game_seq,player_id,preferred_team,team_name,seq) values (?,?,?,?,?,default)
    Hibernate: insert into ft_participants (draft_order,fantasy_game_seq,player_id,preferred_team,team_name,seq) values (?,?,?,?,?,default)
    Hibernate: insert into ft_participants (draft_order,fantasy_game_seq,player_id,preferred_team,team_name,seq) values (?,?,?,?,?,default)
    Hibernate: insert into ft_participants (draft_order,fantasy_game_seq,player_id,preferred_team,team_name,seq) values (?,?,?,?,?,default)
    Hibernate: insert into ft_participants (draft_order,fantasy_game_seq,player_id,preferred_team,team_name,seq) values (?,?,?,?,?,default)
    Hibernate: insert into ft_participants (draft_order,fantasy_game_seq,player_id,preferred_team,team_name,seq) values (?,?,?,?,?,default)
    Hibernate: insert into ft_participants (draft_order,fantasy_game_seq,player_id,preferred_team,team_name,seq) values (?,?,?,?,?,default)
    Hibernate: insert into ft_participants (draft_order,fantasy_game_seq,player_id,preferred_team,team_name,seq) values (?,?,?,?,?,default)
    Hibernate: insert into ft_participants (draft_order,fantasy_game_seq,player_id,preferred_team,team_name,seq) values (?,?,?,?,?,default)
    Hibernate: insert into ft_participants (draft_order,fantasy_game_seq,player_id,preferred_team,team_name,seq) values (?,?,?,?,?,default)
    Hibernate: insert into ft_participants (draft_order,fantasy_game_seq,player_id,preferred_team,team_name,seq) values (?,?,?,?,?,default)
    Hibernate: insert into ft_participants (draft_order,fantasy_game_seq,player_id,preferred_team,team_name,seq) values (?,?,?,?,?,default)
    Hibernate: insert into ft_participants (draft_order,fantasy_game_seq,player_id,preferred_team,team_name,seq) values (?,?,?,?,?,default)
    Hibernate: insert into ft_participants (draft_order,fantasy_game_seq,player_id,preferred_team,team_name,seq) values (?,?,?,?,?,default)
    Hibernate: insert into ft_participants (draft_order,fantasy_game_seq,player_id,preferred_team,team_name,seq) values (?,?,?,?,?,default)
    Hibernate: insert into ft_participants (draft_order,fantasy_game_seq,player_id,preferred_team,team_name,seq) values (?,?,?,?,?,default)
    Hibernate: insert into ft_participants (draft_order,fantasy_game_seq,player_id,preferred_team,team_name,seq) values (?,?,?,?,?,default)
    Hibernate: insert into ft_participants (draft_order,fantasy_game_seq,player_id,preferred_team,team_name,seq) values (?,?,?,?,?,default)
    Hibernate: insert into ft_participants (draft_order,fantasy_game_seq,player_id,preferred_team,team_name,seq) values (?,?,?,?,?,default)
    Hibernate: insert into ft_participants (draft_order,fantasy_game_seq,player_id,preferred_team,team_name,seq) values (?,?,?,?,?,default)
    Hibernate: insert into ft_participants (draft_order,fantasy_game_seq,player_id,preferred_team,team_name,seq) values (?,?,?,?,?,default)
    Hibernate: insert into ft_participants (draft_order,fantasy_game_seq,player_id,preferred_team,team_name,seq) values (?,?,?,?,?,default)
    Hibernate: insert into ft_participants (draft_order,fantasy_game_seq,player_id,preferred_team,team_name,seq) values (?,?,?,?,?,default)
    Hibernate: insert into ft_participants (draft_order,fantasy_game_seq,player_id,preferred_team,team_name,seq) values (?,?,?,?,?,default)
    Hibernate: insert into ft_participants (draft_order,fantasy_game_seq,player_id,preferred_team,team_name,seq) values (?,?,?,?,?,default)
    Hibernate: insert into ft_participants (draft_order,fantasy_game_seq,player_id,preferred_team,team_name,seq) values (?,?,?,?,?,default)
    Hibernate: insert into ft_participants (draft_order,fantasy_game_seq,player_id,preferred_team,team_name,seq) values (?,?,?,?,?,default)
    Hibernate: insert into ft_participants (draft_order,fantasy_game_seq,player_id,preferred_team,team_name,seq) values (?,?,?,?,?,default)
    Hibernate: insert into ft_participants (draft_order,fantasy_game_seq,player_id,preferred_team,team_name,seq) values (?,?,?,?,?,default)
    Hibernate: insert into ft_participants (draft_order,fantasy_game_seq,player_id,preferred_team,team_name,seq) values (?,?,?,?,?,default)
    Hibernate: insert into ft_participants (draft_order,fantasy_game_seq,player_id,preferred_team,team_name,seq) values (?,?,?,?,?,default)
    Hibernate: insert into ft_participants (draft_order,fantasy_game_seq,player_id,preferred_team,team_name,seq) values (?,?,?,?,?,default)
    Hibernate: insert into ft_participants (draft_order,fantasy_game_seq,player_id,preferred_team,team_name,seq) values (?,?,?,?,?,default)
    Hibernate: insert into ft_participants (draft_order,fantasy_game_seq,player_id,preferred_team,team_name,seq) values (?,?,?,?,?,default)
    Hibernate: insert into ft_participants (draft_order,fantasy_game_seq,player_id,preferred_team,team_name,seq) values (?,?,?,?,?,default)
    Hibernate: insert into ft_participants (draft_order,fantasy_game_seq,player_id,preferred_team,team_name,seq) values (?,?,?,?,?,default)
    Hibernate: insert into ft_participants (draft_order,fantasy_game_seq,player_id,preferred_team,team_name,seq) values (?,?,?,?,?,default)
    Hibernate: insert into ft_participants (draft_order,fantasy_game_seq,player_id,preferred_team,team_name,seq) values (?,?,?,?,?,default)
    Hibernate: insert into ft_participants (draft_order,fantasy_game_seq,player_id,preferred_team,team_name,seq) values (?,?,?,?,?,default)
    Hibernate: insert into ft_participants (draft_order,fantasy_game_seq,player_id,preferred_team,team_name,seq) values (?,?,?,?,?,default)
    Hibernate: insert into ft_participants (draft_order,fantasy_game_seq,player_id,preferred_team,team_name,seq) values (?,?,?,?,?,default)
    Hibernate: insert into ft_participants (draft_order,fantasy_game_seq,player_id,preferred_team,team_name,seq) values (?,?,?,?,?,default)
    Hibernate: insert into ft_participants (draft_order,fantasy_game_seq,player_id,preferred_team,team_name,seq) values (?,?,?,?,?,default)
    Hibernate: insert into ft_participants (draft_order,fantasy_game_seq,player_id,preferred_team,team_name,seq) values (?,?,?,?,?,default)
    Hibernate: insert into ft_participants (draft_order,fantasy_game_seq,player_id,preferred_team,team_name,seq) values (?,?,?,?,?,default)
    Hibernate: insert into ft_participants (draft_order,fantasy_game_seq,player_id,preferred_team,team_name,seq) values (?,?,?,?,?,default)
    Hibernate: insert into ft_participants (draft_order,fantasy_game_seq,player_id,preferred_team,team_name,seq) values (?,?,?,?,?,default)
    Hibernate: insert into ft_participants (draft_order,fantasy_game_seq,player_id,preferred_team,team_name,seq) values (?,?,?,?,?,default)
    Hibernate: insert into ft_participants (draft_order,fantasy_game_seq,player_id,preferred_team,team_name,seq) values (?,?,?,?,?,default)
    Hibernate: insert into ft_participants (draft_order,fantasy_game_seq,player_id,preferred_team,team_name,seq) values (?,?,?,?,?,default)
    Hibernate: insert into ft_participants (draft_order,fantasy_game_seq,player_id,preferred_team,team_name,seq) values (?,?,?,?,?,default)
    Hibernate: insert into ft_participants (draft_order,fantasy_game_seq,player_id,preferred_team,team_name,seq) values (?,?,?,?,?,default)
    Hibernate: insert into ft_participants (draft_order,fantasy_game_seq,player_id,preferred_team,team_name,seq) values (?,?,?,?,?,default)
    Hibernate: insert into ft_participants (draft_order,fantasy_game_seq,player_id,preferred_team,team_name,seq) values (?,?,?,?,?,default)
    Hibernate: insert into ft_participants (draft_order,fantasy_game_seq,player_id,preferred_team,team_name,seq) values (?,?,?,?,?,default)
    Hibernate: insert into ft_participants (draft_order,fantasy_game_seq,player_id,preferred_team,team_name,seq) values (?,?,?,?,?,default)
    Hibernate: insert into ft_participants (draft_order,fantasy_game_seq,player_id,preferred_team,team_name,seq) values (?,?,?,?,?,default)
    Hibernate: insert into ft_participants (draft_order,fantasy_game_seq,player_id,preferred_team,team_name,seq) values (?,?,?,?,?,default)
    Hibernate: insert into ft_participants (draft_order,fantasy_game_seq,player_id,preferred_team,team_name,seq) values (?,?,?,?,?,default)
    Hibernate: insert into ft_participants (draft_order,fantasy_game_seq,player_id,preferred_team,team_name,seq) values (?,?,?,?,?,default)
    Hibernate: insert into ft_participants (draft_order,fantasy_game_seq,player_id,preferred_team,team_name,seq) values (?,?,?,?,?,default)
    Hibernate: insert into ft_participants (draft_order,fantasy_game_seq,player_id,preferred_team,team_name,seq) values (?,?,?,?,?,default)
    Hibernate: insert into ft_participants (draft_order,fantasy_game_seq,player_id,preferred_team,team_name,seq) values (?,?,?,?,?,default)
    Hibernate: insert into ft_participants (draft_order,fantasy_game_seq,player_id,preferred_team,team_name,seq) values (?,?,?,?,?,default)
    Hibernate: insert into ft_participants (draft_order,fantasy_game_seq,player_id,preferred_team,team_name,seq) values (?,?,?,?,?,default)
    Hibernate: insert into ft_participants (draft_order,fantasy_game_seq,player_id,preferred_team,team_name,seq) values (?,?,?,?,?,default)
    Hibernate: insert into ft_participants (draft_order,fantasy_game_seq,player_id,preferred_team,team_name,seq) values (?,?,?,?,?,default)
    Hibernate: insert into ft_participants (draft_order,fantasy_game_seq,player_id,preferred_team,team_name,seq) values (?,?,?,?,?,default)
    Hibernate: insert into ft_participants (draft_order,fantasy_game_seq,player_id,preferred_team,team_name,seq) values (?,?,?,?,?,default)
    Hibernate: insert into ft_participants (draft_order,fantasy_game_seq,player_id,preferred_team,team_name,seq) values (?,?,?,?,?,default)
    Hibernate: insert into ft_participants (draft_order,fantasy_game_seq,player_id,preferred_team,team_name,seq) values (?,?,?,?,?,default)
    Hibernate: insert into ft_participants (draft_order,fantasy_game_seq,player_id,preferred_team,team_name,seq) values (?,?,?,?,?,default)
    Hibernate: insert into ft_participants (draft_order,fantasy_game_seq,player_id,preferred_team,team_name,seq) values (?,?,?,?,?,default)
    Hibernate: insert into ft_participants (draft_order,fantasy_game_seq,player_id,preferred_team,team_name,seq) values (?,?,?,?,?,default)
    Hibernate: insert into ft_participants (draft_order,fantasy_game_seq,player_id,preferred_team,team_name,seq) values (?,?,?,?,?,default)
    Hibernate: insert into ft_participants (draft_order,fantasy_game_seq,player_id,preferred_team,team_name,seq) values (?,?,?,?,?,default)
    Hibernate: insert into ft_participants (draft_order,fantasy_game_seq,player_id,preferred_team,team_name,seq) values (?,?,?,?,?,default)
    Hibernate: insert into ft_participants (draft_order,fantasy_game_seq,player_id,preferred_team,team_name,seq) values (?,?,?,?,?,default)
    Hibernate: insert into ft_participants (draft_order,fantasy_game_seq,player_id,preferred_team,team_name,seq) values (?,?,?,?,?,default)
    Hibernate: insert into ft_participants (draft_order,fantasy_game_seq,player_id,preferred_team,team_name,seq) values (?,?,?,?,?,default)
    Hibernate: insert into ft_participants (draft_order,fantasy_game_seq,player_id,preferred_team,team_name,seq) values (?,?,?,?,?,default)
    Hibernate: insert into ft_participants (draft_order,fantasy_game_seq,player_id,preferred_team,team_name,seq) values (?,?,?,?,?,default)
    Hibernate: insert into ft_participants (draft_order,fantasy_game_seq,player_id,preferred_team,team_name,seq) values (?,?,?,?,?,default)
    Hibernate: insert into ft_participants (draft_order,fantasy_game_seq,player_id,preferred_team,team_name,seq) values (?,?,?,?,?,default)
    Hibernate: insert into ft_participants (draft_order,fantasy_game_seq,player_id,preferred_team,team_name,seq) values (?,?,?,?,?,default)
    Hibernate: insert into ft_participants (draft_order,fantasy_game_seq,player_id,preferred_team,team_name,seq) values (?,?,?,?,?,default)
    Hibernate: insert into ft_participants (draft_order,fantasy_game_seq,player_id,preferred_team,team_name,seq) values (?,?,?,?,?,default)
    Hibernate: insert into ft_participants (draft_order,fantasy_game_seq,player_id,preferred_team,team_name,seq) values (?,?,?,?,?,default)
    Hibernate: insert into ft_participants (draft_order,fantasy_game_seq,player_id,preferred_team,team_name,seq) values (?,?,?,?,?,default)
    Hibernate: insert into ft_participants (draft_order,fantasy_game_seq,player_id,preferred_team,team_name,seq) values (?,?,?,?,?,default)
    Hibernate: insert into ft_participants (draft_order,fantasy_game_seq,player_id,preferred_team,team_name,seq) values (?,?,?,?,?,default)
    Hibernate: insert into ft_participants (draft_order,fantasy_game_seq,player_id,preferred_team,team_name,seq) values (?,?,?,?,?,default)
    Hibernate: insert into ft_participants (draft_order,fantasy_game_seq,player_id,preferred_team,team_name,seq) values (?,?,?,?,?,default)
    Hibernate: insert into ft_participants (draft_order,fantasy_game_seq,player_id,preferred_team,team_name,seq) values (?,?,?,?,?,default)
    Hibernate: insert into ft_participants (draft_order,fantasy_game_seq,player_id,preferred_team,team_name,seq) values (?,?,?,?,?,default)
    Hibernate: insert into ft_participants (draft_order,fantasy_game_seq,player_id,preferred_team,team_name,seq) values (?,?,?,?,?,default)
    Hibernate: insert into ft_participants (draft_order,fantasy_game_seq,player_id,preferred_team,team_name,seq) values (?,?,?,?,?,default)
    Hibernate: insert into ft_participants (draft_order,fantasy_game_seq,player_id,preferred_team,team_name,seq) values (?,?,?,?,?,default)
    Hibernate: insert into ft_participants (draft_order,fantasy_game_seq,player_id,preferred_team,team_name,seq) values (?,?,?,?,?,default)
    Hibernate: insert into ft_participants (draft_order,fantasy_game_seq,player_id,preferred_team,team_name,seq) values (?,?,?,?,?,default)
    Hibernate: insert into ft_participants (draft_order,fantasy_game_seq,player_id,preferred_team,team_name,seq) values (?,?,?,?,?,default)
    Hibernate: insert into ft_participants (draft_order,fantasy_game_seq,player_id,preferred_team,team_name,seq) values (?,?,?,?,?,default)
    Hibernate: insert into ft_participants (draft_order,fantasy_game_seq,player_id,preferred_team,team_name,seq) values (?,?,?,?,?,default)
    Hibernate: insert into ft_participants (draft_order,fantasy_game_seq,player_id,preferred_team,team_name,seq) values (?,?,?,?,?,default)
    Hibernate: insert into ft_participants (draft_order,fantasy_game_seq,player_id,preferred_team,team_name,seq) values (?,?,?,?,?,default)
    Hibernate: insert into ft_participants (draft_order,fantasy_game_seq,player_id,preferred_team,team_name,seq) values (?,?,?,?,?,default)
    Hibernate: insert into ft_participants (draft_order,fantasy_game_seq,player_id,preferred_team,team_name,seq) values (?,?,?,?,?,default)
    Hibernate: insert into ft_participants (draft_order,fantasy_game_seq,player_id,preferred_team,team_name,seq) values (?,?,?,?,?,default)
    Hibernate: insert into ft_participants (draft_order,fantasy_game_seq,player_id,preferred_team,team_name,seq) values (?,?,?,?,?,default)
    Hibernate: insert into ft_participants (draft_order,fantasy_game_seq,player_id,preferred_team,team_name,seq) values (?,?,?,?,?,default)
    Hibernate: insert into ft_participants (draft_order,fantasy_game_seq,player_id,preferred_team,team_name,seq) values (?,?,?,?,?,default)
    Hibernate: insert into ft_participants (draft_order,fantasy_game_seq,player_id,preferred_team,team_name,seq) values (?,?,?,?,?,default)
    Hibernate: insert into ft_participants (draft_order,fantasy_game_seq,player_id,preferred_team,team_name,seq) values (?,?,?,?,?,default)
    Hibernate: insert into ft_participants (draft_order,fantasy_game_seq,player_id,preferred_team,team_name,seq) values (?,?,?,?,?,default)
    Hibernate: insert into ft_participants (draft_order,fantasy_game_seq,player_id,preferred_team,team_name,seq) values (?,?,?,?,?,default)
    Hibernate: insert into ft_participants (draft_order,fantasy_game_seq,player_id,preferred_team,team_name,seq) values (?,?,?,?,?,default)
    Hibernate: insert into ft_participants (draft_order,fantasy_game_seq,player_id,preferred_team,team_name,seq) values (?,?,?,?,?,default)
    Hibernate: insert into ft_participants (draft_order,fantasy_game_seq,player_id,preferred_team,team_name,seq) values (?,?,?,?,?,default)
    Hibernate: insert into ft_participants (draft_order,fantasy_game_seq,player_id,preferred_team,team_name,seq) values (?,?,?,?,?,default)
    Hibernate: insert into ft_participants (draft_order,fantasy_game_seq,player_id,preferred_team,team_name,seq) values (?,?,?,?,?,default)
    Hibernate: insert into ft_participants (draft_order,fantasy_game_seq,player_id,preferred_team,team_name,seq) values (?,?,?,?,?,default)
    Hibernate: insert into ft_participants (draft_order,fantasy_game_seq,player_id,preferred_team,team_name,seq) values (?,?,?,?,?,default)
    Hibernate: insert into ft_participants (draft_order,fantasy_game_seq,player_id,preferred_team,team_name,seq) values (?,?,?,?,?,default)
    Hibernate: insert into ft_participants (draft_order,fantasy_game_seq,player_id,preferred_team,team_name,seq) values (?,?,?,?,?,default)
    Hibernate: insert into ft_participants (draft_order,fantasy_game_seq,player_id,preferred_team,team_name,seq) values (?,?,?,?,?,default)
    Hibernate: insert into ft_participants (draft_order,fantasy_game_seq,player_id,preferred_team,team_name,seq) values (?,?,?,?,?,default)
    Hibernate: insert into ft_participants (draft_order,fantasy_game_seq,player_id,preferred_team,team_name,seq) values (?,?,?,?,?,default)
    Hibernate: insert into ft_participants (draft_order,fantasy_game_seq,player_id,preferred_team,team_name,seq) values (?,?,?,?,?,default)
    Hibernate: insert into ft_participants (draft_order,fantasy_game_seq,player_id,preferred_team,team_name,seq) values (?,?,?,?,?,default)
    Hibernate: insert into ft_participants (draft_order,fantasy_game_seq,player_id,preferred_team,team_name,seq) values (?,?,?,?,?,default)
    Hibernate: insert into ft_participants (draft_order,fantasy_game_seq,player_id,preferred_team,team_name,seq) values (?,?,?,?,?,default)
    Hibernate: insert into ft_participants (draft_order,fantasy_game_seq,player_id,preferred_team,team_name,seq) values (?,?,?,?,?,default)
    Hibernate: insert into ft_participants (draft_order,fantasy_game_seq,player_id,preferred_team,team_name,seq) values (?,?,?,?,?,default)
    Hibernate: insert into ft_participants (draft_order,fantasy_game_seq,player_id,preferred_team,team_name,seq) values (?,?,?,?,?,default)
    Hibernate: insert into ft_participants (draft_order,fantasy_game_seq,player_id,preferred_team,team_name,seq) values (?,?,?,?,?,default)
    Hibernate: insert into ft_participants (draft_order,fantasy_game_seq,player_id,preferred_team,team_name,seq) values (?,?,?,?,?,default)
    Hibernate: insert into ft_participants (draft_order,fantasy_game_seq,player_id,preferred_team,team_name,seq) values (?,?,?,?,?,default)
    Hibernate: insert into ft_participants (draft_order,fantasy_game_seq,player_id,preferred_team,team_name,seq) values (?,?,?,?,?,default)
    Hibernate: insert into ft_participants (draft_order,fantasy_game_seq,player_id,preferred_team,team_name,seq) values (?,?,?,?,?,default)
    Hibernate: insert into ft_participants (draft_order,fantasy_game_seq,player_id,preferred_team,team_name,seq) values (?,?,?,?,?,default)
    Hibernate: insert into ft_participants (draft_order,fantasy_game_seq,player_id,preferred_team,team_name,seq) values (?,?,?,?,?,default)
    Hibernate: insert into ft_participants (draft_order,fantasy_game_seq,player_id,preferred_team,team_name,seq) values (?,?,?,?,?,default)
    Hibernate: insert into ft_participants (draft_order,fantasy_game_seq,player_id,preferred_team,team_name,seq) values (?,?,?,?,?,default)
    Hibernate: insert into ft_participants (draft_order,fantasy_game_seq,player_id,preferred_team,team_name,seq) values (?,?,?,?,?,default)
    Hibernate: insert into ft_participants (draft_order,fantasy_game_seq,player_id,preferred_team,team_name,seq) values (?,?,?,?,?,default)
    Hibernate: insert into ft_participants (draft_order,fantasy_game_seq,player_id,preferred_team,team_name,seq) values (?,?,?,?,?,default)
    Hibernate: insert into ft_participants (draft_order,fantasy_game_seq,player_id,preferred_team,team_name,seq) values (?,?,?,?,?,default)
    Hibernate: insert into ft_participants (draft_order,fantasy_game_seq,player_id,preferred_team,team_name,seq) values (?,?,?,?,?,default)
    Hibernate: insert into ft_participants (draft_order,fantasy_game_seq,player_id,preferred_team,team_name,seq) values (?,?,?,?,?,default)
    Hibernate: insert into ft_participants (draft_order,fantasy_game_seq,player_id,preferred_team,team_name,seq) values (?,?,?,?,?,default)
    Hibernate: insert into ft_participants (draft_order,fantasy_game_seq,player_id,preferred_team,team_name,seq) values (?,?,?,?,?,default)
    Hibernate: insert into ft_participants (draft_order,fantasy_game_seq,player_id,preferred_team,team_name,seq) values (?,?,?,?,?,default)
    Hibernate: insert into ft_participants (draft_order,fantasy_game_seq,player_id,preferred_team,team_name,seq) values (?,?,?,?,?,default)
    Hibernate: insert into ft_participants (draft_order,fantasy_game_seq,player_id,preferred_team,team_name,seq) values (?,?,?,?,?,default)
    Hibernate: insert into ft_participants (draft_order,fantasy_game_seq,player_id,preferred_team,team_name,seq) values (?,?,?,?,?,default)
    Hibernate: insert into ft_participants (draft_order,fantasy_game_seq,player_id,preferred_team,team_name,seq) values (?,?,?,?,?,default)
    Hibernate: insert into ft_participants (draft_order,fantasy_game_seq,player_id,preferred_team,team_name,seq) values (?,?,?,?,?,default)
    Hibernate: insert into ft_participants (draft_order,fantasy_game_seq,player_id,preferred_team,team_name,seq) values (?,?,?,?,?,default)
    Hibernate: insert into ft_participants (draft_order,fantasy_game_seq,player_id,preferred_team,team_name,seq) values (?,?,?,?,?,default)
    Hibernate: insert into ft_participants (draft_order,fantasy_game_seq,player_id,preferred_team,team_name,seq) values (?,?,?,?,?,default)
    Hibernate: insert into ft_participants (draft_order,fantasy_game_seq,player_id,preferred_team,team_name,seq) values (?,?,?,?,?,default)
    Hibernate: insert into ft_participants (draft_order,fantasy_game_seq,player_id,preferred_team,team_name,seq) values (?,?,?,?,?,default)
    Hibernate: insert into ft_participants (draft_order,fantasy_game_seq,player_id,preferred_team,team_name,seq) values (?,?,?,?,?,default)
    Hibernate: insert into ft_participants (draft_order,fantasy_game_seq,player_id,preferred_team,team_name,seq) values (?,?,?,?,?,default)
    Hibernate: insert into ft_participants (draft_order,fantasy_game_seq,player_id,preferred_team,team_name,seq) values (?,?,?,?,?,default)
    Hibernate: insert into ft_participants (draft_order,fantasy_game_seq,player_id,preferred_team,team_name,seq) values (?,?,?,?,?,default)
    Hibernate: insert into ft_participants (draft_order,fantasy_game_seq,player_id,preferred_team,team_name,seq) values (?,?,?,?,?,default)
    Hibernate: insert into ft_participants (draft_order,fantasy_game_seq,player_id,preferred_team,team_name,seq) values (?,?,?,?,?,default)
    Hibernate: insert into ft_participants (draft_order,fantasy_game_seq,player_id,preferred_team,team_name,seq) values (?,?,?,?,?,default)
    Hibernate: insert into ft_participants (draft_order,fantasy_game_seq,player_id,preferred_team,team_name,seq) values (?,?,?,?,?,default)
    Hibernate: insert into ft_participants (draft_order,fantasy_game_seq,player_id,preferred_team,team_name,seq) values (?,?,?,?,?,default)
    Hibernate: insert into ft_participants (draft_order,fantasy_game_seq,player_id,preferred_team,team_name,seq) values (?,?,?,?,?,default)
    Hibernate: insert into ft_participants (draft_order,fantasy_game_seq,player_id,preferred_team,team_name,seq) values (?,?,?,?,?,default)
    Hibernate: insert into ft_participants (draft_order,fantasy_game_seq,player_id,preferred_team,team_name,seq) values (?,?,?,?,?,default)
    Hibernate: insert into ft_participants (draft_order,fantasy_game_seq,player_id,preferred_team,team_name,seq) values (?,?,?,?,?,default)
    Hibernate: insert into ft_participants (draft_order,fantasy_game_seq,player_id,preferred_team,team_name,seq) values (?,?,?,?,?,default)
    Hibernate: insert into ft_participants (draft_order,fantasy_game_seq,player_id,preferred_team,team_name,seq) values (?,?,?,?,?,default)
    Hibernate: insert into ft_participants (draft_order,fantasy_game_seq,player_id,preferred_team,team_name,seq) values (?,?,?,?,?,default)
    Hibernate: insert into ft_participants (draft_order,fantasy_game_seq,player_id,preferred_team,team_name,seq) values (?,?,?,?,?,default)
    Hibernate: insert into ft_participants (draft_order,fantasy_game_seq,player_id,preferred_team,team_name,seq) values (?,?,?,?,?,default)
    Hibernate: insert into ft_participants (draft_order,fantasy_game_seq,player_id,preferred_team,team_name,seq) values (?,?,?,?,?,default)
    Hibernate: insert into ft_participants (draft_order,fantasy_game_seq,player_id,preferred_team,team_name,seq) values (?,?,?,?,?,default)
    Hibernate: insert into ft_participants (draft_order,fantasy_game_seq,player_id,preferred_team,team_name,seq) values (?,?,?,?,?,default)
    Hibernate: insert into ft_participants (draft_order,fantasy_game_seq,player_id,preferred_team,team_name,seq) values (?,?,?,?,?,default)
    Hibernate: insert into ft_participants (draft_order,fantasy_game_seq,player_id,preferred_team,team_name,seq) values (?,?,?,?,?,default)
    Hibernate: insert into ft_participants (draft_order,fantasy_game_seq,player_id,preferred_team,team_name,seq) values (?,?,?,?,?,default)
    Hibernate: insert into ft_participants (draft_order,fantasy_game_seq,player_id,preferred_team,team_name,seq) values (?,?,?,?,?,default)
    Hibernate: insert into ft_participants (draft_order,fantasy_game_seq,player_id,preferred_team,team_name,seq) values (?,?,?,?,?,default)
    Hibernate: insert into ft_participants (draft_order,fantasy_game_seq,player_id,preferred_team,team_name,seq) values (?,?,?,?,?,default)
    Hibernate: insert into ft_participants (draft_order,fantasy_game_seq,player_id,preferred_team,team_name,seq) values (?,?,?,?,?,default)
    Hibernate: insert into ft_participants (draft_order,fantasy_game_seq,player_id,preferred_team,team_name,seq) values (?,?,?,?,?,default)
    Hibernate: insert into ft_participants (draft_order,fantasy_game_seq,player_id,preferred_team,team_name,seq) values (?,?,?,?,?,default)
    Hibernate: insert into ft_participants (draft_order,fantasy_game_seq,player_id,preferred_team,team_name,seq) values (?,?,?,?,?,default)
    Hibernate: insert into ft_participants (draft_order,fantasy_game_seq,player_id,preferred_team,team_name,seq) values (?,?,?,?,?,default)
    Hibernate: insert into ft_participants (draft_order,fantasy_game_seq,player_id,preferred_team,team_name,seq) values (?,?,?,?,?,default)
    Hibernate: insert into ft_participants (draft_order,fantasy_game_seq,player_id,preferred_team,team_name,seq) values (?,?,?,?,?,default)
    Hibernate: insert into ft_participants (draft_order,fantasy_game_seq,player_id,preferred_team,team_name,seq) values (?,?,?,?,?,default)
    Hibernate: insert into ft_participants (draft_order,fantasy_game_seq,player_id,preferred_team,team_name,seq) values (?,?,?,?,?,default)
    Hibernate: insert into ft_participants (draft_order,fantasy_game_seq,player_id,preferred_team,team_name,seq) values (?,?,?,?,?,default)
    Hibernate: insert into ft_participants (draft_order,fantasy_game_seq,player_id,preferred_team,team_name,seq) values (?,?,?,?,?,default)
    Hibernate: insert into ft_participants (draft_order,fantasy_game_seq,player_id,preferred_team,team_name,seq) values (?,?,?,?,?,default)
    Hibernate: insert into ft_participants (draft_order,fantasy_game_seq,player_id,preferred_team,team_name,seq) values (?,?,?,?,?,default)
    Hibernate: insert into ft_participants (draft_order,fantasy_game_seq,player_id,preferred_team,team_name,seq) values (?,?,?,?,?,default)
    Hibernate: insert into ft_participants (draft_order,fantasy_game_seq,player_id,preferred_team,team_name,seq) values (?,?,?,?,?,default)
    Hibernate: insert into ft_participants (draft_order,fantasy_game_seq,player_id,preferred_team,team_name,seq) values (?,?,?,?,?,default)
    Hibernate: insert into ft_participants (draft_order,fantasy_game_seq,player_id,preferred_team,team_name,seq) values (?,?,?,?,?,default)
    Hibernate: insert into ft_participants (draft_order,fantasy_game_seq,player_id,preferred_team,team_name,seq) values (?,?,?,?,?,default)
    Hibernate: insert into ft_participants (draft_order,fantasy_game_seq,player_id,preferred_team,team_name,seq) values (?,?,?,?,?,default)
    Hibernate: insert into ft_participants (draft_order,fantasy_game_seq,player_id,preferred_team,team_name,seq) values (?,?,?,?,?,default)
    Hibernate: insert into ft_participants (draft_order,fantasy_game_seq,player_id,preferred_team,team_name,seq) values (?,?,?,?,?,default)
    Hibernate: insert into ft_participants (draft_order,fantasy_game_seq,player_id,preferred_team,team_name,seq) values (?,?,?,?,?,default)
    Hibernate: insert into ft_participants (draft_order,fantasy_game_seq,player_id,preferred_team,team_name,seq) values (?,?,?,?,?,default)
    Hibernate: insert into ft_participants (draft_order,fantasy_game_seq,player_id,preferred_team,team_name,seq) values (?,?,?,?,?,default)
    Hibernate: insert into ft_participants (draft_order,fantasy_game_seq,player_id,preferred_team,team_name,seq) values (?,?,?,?,?,default)
    Hibernate: insert into ft_participants (draft_order,fantasy_game_seq,player_id,preferred_team,team_name,seq) values (?,?,?,?,?,default)
    Hibernate: insert into ft_participants (draft_order,fantasy_game_seq,player_id,preferred_team,team_name,seq) values (?,?,?,?,?,default)
    Hibernate: insert into ft_participants (draft_order,fantasy_game_seq,player_id,preferred_team,team_name,seq) values (?,?,?,?,?,default)
    Hibernate: insert into ft_participants (draft_order,fantasy_game_seq,player_id,preferred_team,team_name,seq) values (?,?,?,?,?,default)
    Hibernate: insert into ft_participants (draft_order,fantasy_game_seq,player_id,preferred_team,team_name,seq) values (?,?,?,?,?,default)
    Hibernate: insert into ft_participants (draft_order,fantasy_game_seq,player_id,preferred_team,team_name,seq) values (?,?,?,?,?,default)
    Hibernate: insert into ft_participants (draft_order,fantasy_game_seq,player_id,preferred_team,team_name,seq) values (?,?,?,?,?,default)
    Hibernate: insert into ft_participants (draft_order,fantasy_game_seq,player_id,preferred_team,team_name,seq) values (?,?,?,?,?,default)
    Hibernate: insert into ft_participants (draft_order,fantasy_game_seq,player_id,preferred_team,team_name,seq) values (?,?,?,?,?,default)
    Hibernate: insert into ft_participants (draft_order,fantasy_game_seq,player_id,preferred_team,team_name,seq) values (?,?,?,?,?,default)
    Hibernate: insert into ft_participants (draft_order,fantasy_game_seq,player_id,preferred_team,team_name,seq) values (?,?,?,?,?,default)
    Hibernate: insert into ft_participants (draft_order,fantasy_game_seq,player_id,preferred_team,team_name,seq) values (?,?,?,?,?,default)
    Hibernate: insert into ft_participants (draft_order,fantasy_game_seq,player_id,preferred_team,team_name,seq) values (?,?,?,?,?,default)
    Hibernate: insert into ft_participants (draft_order,fantasy_game_seq,player_id,preferred_team,team_name,seq) values (?,?,?,?,?,default)
    Hibernate: insert into ft_participants (draft_order,fantasy_game_seq,player_id,preferred_team,team_name,seq) values (?,?,?,?,?,default)
    Hibernate: insert into ft_participants (draft_order,fantasy_game_seq,player_id,preferred_team,team_name,seq) values (?,?,?,?,?,default)
    Hibernate: insert into ft_participants (draft_order,fantasy_game_seq,player_id,preferred_team,team_name,seq) values (?,?,?,?,?,default)
    Hibernate: insert into ft_participants (draft_order,fantasy_game_seq,player_id,preferred_team,team_name,seq) values (?,?,?,?,?,default)
    Hibernate: insert into ft_participants (draft_order,fantasy_game_seq,player_id,preferred_team,team_name,seq) values (?,?,?,?,?,default)
    Hibernate: insert into ft_participants (draft_order,fantasy_game_seq,player_id,preferred_team,team_name,seq) values (?,?,?,?,?,default)
    Hibernate: insert into ft_participants (draft_order,fantasy_game_seq,player_id,preferred_team,team_name,seq) values (?,?,?,?,?,default)
    Hibernate: insert into ft_participants (draft_order,fantasy_game_seq,player_id,preferred_team,team_name,seq) values (?,?,?,?,?,default)
    Hibernate: insert into ft_participants (draft_order,fantasy_game_seq,player_id,preferred_team,team_name,seq) values (?,?,?,?,?,default)
    Hibernate: insert into ft_participants (draft_order,fantasy_game_seq,player_id,preferred_team,team_name,seq) values (?,?,?,?,?,default)
    Hibernate: insert into ft_participants (draft_order,fantasy_game_seq,player_id,preferred_team,team_name,seq) values (?,?,?,?,?,default)
    Hibernate: insert into ft_participants (draft_order,fantasy_game_seq,player_id,preferred_team,team_name,seq) values (?,?,?,?,?,default)
    Hibernate: insert into ft_participants (draft_order,fantasy_game_seq,player_id,preferred_team,team_name,seq) values (?,?,?,?,?,default)
    Hibernate: insert into ft_participants (draft_order,fantasy_game_seq,player_id,preferred_team,team_name,seq) values (?,?,?,?,?,default)
    Hibernate: insert into ft_participants (draft_order,fantasy_game_seq,player_id,preferred_team,team_name,seq) values (?,?,?,?,?,default)
    Hibernate: insert into ft_participants (draft_order,fantasy_game_seq,player_id,preferred_team,team_name,seq) values (?,?,?,?,?,default)
    Hibernate: insert into ft_participants (draft_order,fantasy_game_seq,player_id,preferred_team,team_name,seq) values (?,?,?,?,?,default)
    Hibernate: insert into ft_participants (draft_order,fantasy_game_seq,player_id,preferred_team,team_name,seq) values (?,?,?,?,?,default)
    Hibernate: insert into ft_participants (draft_order,fantasy_game_seq,player_id,preferred_team,team_name,seq) values (?,?,?,?,?,default)
    Hibernate: insert into ft_participants (draft_order,fantasy_game_seq,player_id,preferred_team,team_name,seq) values (?,?,?,?,?,default)
    Hibernate: insert into ft_participants (draft_order,fantasy_game_seq,player_id,preferred_team,team_name,seq) values (?,?,?,?,?,default)
    Hibernate: insert into ft_participants (draft_order,fantasy_game_seq,player_id,preferred_team,team_name,seq) values (?,?,?,?,?,default)
    Hibernate: insert into ft_participants (draft_order,fantasy_game_seq,player_id,preferred_team,team_name,seq) values (?,?,?,?,?,default)
    Hibernate: insert into ft_participants (draft_order,fantasy_game_seq,player_id,preferred_team,team_name,seq) values (?,?,?,?,?,default)
    Hibernate: insert into ft_participants (draft_order,fantasy_game_seq,player_id,preferred_team,team_name,seq) values (?,?,?,?,?,default)
    Hibernate: insert into ft_participants (draft_order,fantasy_game_seq,player_id,preferred_team,team_name,seq) values (?,?,?,?,?,default)
    Hibernate: insert into ft_participants (draft_order,fantasy_game_seq,player_id,preferred_team,team_name,seq) values (?,?,?,?,?,default)
    Hibernate: insert into ft_participants (draft_order,fantasy_game_seq,player_id,preferred_team,team_name,seq) values (?,?,?,?,?,default)
    Hibernate: insert into ft_participants (draft_order,fantasy_game_seq,player_id,preferred_team,team_name,seq) values (?,?,?,?,?,default)
    Hibernate: insert into ft_participants (draft_order,fantasy_game_seq,player_id,preferred_team,team_name,seq) values (?,?,?,?,?,default)
    Hibernate: insert into ft_participants (draft_order,fantasy_game_seq,player_id,preferred_team,team_name,seq) values (?,?,?,?,?,default)
    Hibernate: insert into ft_participants (draft_order,fantasy_game_seq,player_id,preferred_team,team_name,seq) values (?,?,?,?,?,default)
    Hibernate: insert into ft_participants (draft_order,fantasy_game_seq,player_id,preferred_team,team_name,seq) values (?,?,?,?,?,default)
    Hibernate: insert into ft_participants (draft_order,fantasy_game_seq,player_id,preferred_team,team_name,seq) values (?,?,?,?,?,default)
    Hibernate: insert into ft_participants (draft_order,fantasy_game_seq,player_id,preferred_team,team_name,seq) values (?,?,?,?,?,default)
    Hibernate: insert into ft_participants (draft_order,fantasy_game_seq,player_id,preferred_team,team_name,seq) values (?,?,?,?,?,default)
    Hibernate: insert into ft_participants (draft_order,fantasy_game_seq,player_id,preferred_team,team_name,seq) values (?,?,?,?,?,default)
    Hibernate: insert into ft_participants (draft_order,fantasy_game_seq,player_id,preferred_team,team_name,seq) values (?,?,?,?,?,default)
    Hibernate: insert into ft_participants (draft_order,fantasy_game_seq,player_id,preferred_team,team_name,seq) values (?,?,?,?,?,default)
    Hibernate: insert into ft_participants (draft_order,fantasy_game_seq,player_id,preferred_team,team_name,seq) values (?,?,?,?,?,default)
    Hibernate: insert into ft_participants (draft_order,fantasy_game_seq,player_id,preferred_team,team_name,seq) values (?,?,?,?,?,default)
    Hibernate: insert into ft_participants (draft_order,fantasy_game_seq,player_id,preferred_team,team_name,seq) values (?,?,?,?,?,default)
    Hibernate: insert into ft_participants (draft_order,fantasy_game_seq,player_id,preferred_team,team_name,seq) values (?,?,?,?,?,default)
    Hibernate: insert into ft_participants (draft_order,fantasy_game_seq,player_id,preferred_team,team_name,seq) values (?,?,?,?,?,default)
    Hibernate: insert into ft_participants (draft_order,fantasy_game_seq,player_id,preferred_team,team_name,seq) values (?,?,?,?,?,default)
    Hibernate: insert into ft_participants (draft_order,fantasy_game_seq,player_id,preferred_team,team_name,seq) values (?,?,?,?,?,default)
    Hibernate: insert into ft_participants (draft_order,fantasy_game_seq,player_id,preferred_team,team_name,seq) values (?,?,?,?,?,default)
    Hibernate: insert into ft_participants (draft_order,fantasy_game_seq,player_id,preferred_team,team_name,seq) values (?,?,?,?,?,default)
    Hibernate: insert into ft_participants (draft_order,fantasy_game_seq,player_id,preferred_team,team_name,seq) values (?,?,?,?,?,default)
    Hibernate: insert into ft_participants (draft_order,fantasy_game_seq,player_id,preferred_team,team_name,seq) values (?,?,?,?,?,default)
    Hibernate: insert into ft_participants (draft_order,fantasy_game_seq,player_id,preferred_team,team_name,seq) values (?,?,?,?,?,default)
    Hibernate: insert into ft_participants (draft_order,fantasy_game_seq,player_id,preferred_team,team_name,seq) values (?,?,?,?,?,default)
    Hibernate: insert into ft_participants (draft_order,fantasy_game_seq,player_id,preferred_team,team_name,seq) values (?,?,?,?,?,default)
    Hibernate: insert into ft_participants (draft_order,fantasy_game_seq,player_id,preferred_team,team_name,seq) values (?,?,?,?,?,default)
    Hibernate: insert into ft_participants (draft_order,fantasy_game_seq,player_id,preferred_team,team_name,seq) values (?,?,?,?,?,default)
    Hibernate: insert into ft_participants (draft_order,fantasy_game_seq,player_id,preferred_team,team_name,seq) values (?,?,?,?,?,default)
    Hibernate: insert into ft_participants (draft_order,fantasy_game_seq,player_id,preferred_team,team_name,seq) values (?,?,?,?,?,default)
    Hibernate: insert into ft_participants (draft_order,fantasy_game_seq,player_id,preferred_team,team_name,seq) values (?,?,?,?,?,default)
    Hibernate: insert into ft_participants (draft_order,fantasy_game_seq,player_id,preferred_team,team_name,seq) values (?,?,?,?,?,default)
    Hibernate: insert into ft_participants (draft_order,fantasy_game_seq,player_id,preferred_team,team_name,seq) values (?,?,?,?,?,default)
    Hibernate: insert into ft_participants (draft_order,fantasy_game_seq,player_id,preferred_team,team_name,seq) values (?,?,?,?,?,default)
    Hibernate: insert into ft_participants (draft_order,fantasy_game_seq,player_id,preferred_team,team_name,seq) values (?,?,?,?,?,default)
    Hibernate: insert into ft_participants (draft_order,fantasy_game_seq,player_id,preferred_team,team_name,seq) values (?,?,?,?,?,default)
    Hibernate: insert into ft_participants (draft_order,fantasy_game_seq,player_id,preferred_team,team_name,seq) values (?,?,?,?,?,default)
    Hibernate: insert into ft_participants (draft_order,fantasy_game_seq,player_id,preferred_team,team_name,seq) values (?,?,?,?,?,default)
    Hibernate: insert into ft_participants (draft_order,fantasy_game_seq,player_id,preferred_team,team_name,seq) values (?,?,?,?,?,default)
    Hibernate: insert into ft_participants (draft_order,fantasy_game_seq,player_id,preferred_team,team_name,seq) values (?,?,?,?,?,default)
    Hibernate: insert into ft_participants (draft_order,fantasy_game_seq,player_id,preferred_team,team_name,seq) values (?,?,?,?,?,default)
    Hibernate: insert into ft_participants (draft_order,fantasy_game_seq,player_id,preferred_team,team_name,seq) values (?,?,?,?,?,default)
    Hibernate: insert into ft_participants (draft_order,fantasy_game_seq,player_id,preferred_team,team_name,seq) values (?,?,?,?,?,default)
    Hibernate: insert into ft_participants (draft_order,fantasy_game_seq,player_id,preferred_team,team_name,seq) values (?,?,?,?,?,default)
    Hibernate: insert into ft_participants (draft_order,fantasy_game_seq,player_id,preferred_team,team_name,seq) values (?,?,?,?,?,default)
    Hibernate: insert into ft_participants (draft_order,fantasy_game_seq,player_id,preferred_team,team_name,seq) values (?,?,?,?,?,default)
    Hibernate: insert into ft_participants (draft_order,fantasy_game_seq,player_id,preferred_team,team_name,seq) values (?,?,?,?,?,default)
    Hibernate: insert into ft_participants (draft_order,fantasy_game_seq,player_id,preferred_team,team_name,seq) values (?,?,?,?,?,default)
    Hibernate: insert into ft_participants (draft_order,fantasy_game_seq,player_id,preferred_team,team_name,seq) values (?,?,?,?,?,default)
    Hibernate: insert into ft_participants (draft_order,fantasy_game_seq,player_id,preferred_team,team_name,seq) values (?,?,?,?,?,default)
    Hibernate: insert into ft_participants (draft_order,fantasy_game_seq,player_id,preferred_team,team_name,seq) values (?,?,?,?,?,default)
    Hibernate: insert into ft_participants (draft_order,fantasy_game_seq,player_id,preferred_team,team_name,seq) values (?,?,?,?,?,default)
    Hibernate: insert into ft_participants (draft_order,fantasy_game_seq,player_id,preferred_team,team_name,seq) values (?,?,?,?,?,default)
    Hibernate: insert into ft_participants (draft_order,fantasy_game_seq,player_id,preferred_team,team_name,seq) values (?,?,?,?,?,default)
    Hibernate: insert into ft_participants (draft_order,fantasy_game_seq,player_id,preferred_team,team_name,seq) values (?,?,?,?,?,default)
    Hibernate: insert into ft_participants (draft_order,fantasy_game_seq,player_id,preferred_team,team_name,seq) values (?,?,?,?,?,default)
    Hibernate: insert into ft_participants (draft_order,fantasy_game_seq,player_id,preferred_team,team_name,seq) values (?,?,?,?,?,default)
    Hibernate: insert into ft_participants (draft_order,fantasy_game_seq,player_id,preferred_team,team_name,seq) values (?,?,?,?,?,default)
    Hibernate: insert into ft_participants (draft_order,fantasy_game_seq,player_id,preferred_team,team_name,seq) values (?,?,?,?,?,default)
    Hibernate: insert into ft_participants (draft_order,fantasy_game_seq,player_id,preferred_team,team_name,seq) values (?,?,?,?,?,default)
    Hibernate: insert into ft_participants (draft_order,fantasy_game_seq,player_id,preferred_team,team_name,seq) values (?,?,?,?,?,default)
    Hibernate: insert into ft_participants (draft_order,fantasy_game_seq,player_id,preferred_team,team_name,seq) values (?,?,?,?,?,default)
    Hibernate: insert into ft_participants (draft_order,fantasy_game_seq,player_id,preferred_team,team_name,seq) values (?,?,?,?,?,default)
    Hibernate: insert into ft_participants (draft_order,fantasy_game_seq,player_id,preferred_team,team_name,seq) values (?,?,?,?,?,default)
    Hibernate: insert into ft_participants (draft_order,fantasy_game_seq,player_id,preferred_team,team_name,seq) values (?,?,?,?,?,default)
    Hibernate: insert into ft_participants (draft_order,fantasy_game_seq,player_id,preferred_team,team_name,seq) values (?,?,?,?,?,default)
    Hibernate: insert into ft_participants (draft_order,fantasy_game_seq,player_id,preferred_team,team_name,seq) values (?,?,?,?,?,default)
    Hibernate: insert into ft_participants (draft_order,fantasy_game_seq,player_id,preferred_team,team_name,seq) values (?,?,?,?,?,default)
    Hibernate: insert into ft_participants (draft_order,fantasy_game_seq,player_id,preferred_team,team_name,seq) values (?,?,?,?,?,default)
    Hibernate: insert into ft_participants (draft_order,fantasy_game_seq,player_id,preferred_team,team_name,seq) values (?,?,?,?,?,default)
    Hibernate: insert into ft_participants (draft_order,fantasy_game_seq,player_id,preferred_team,team_name,seq) values (?,?,?,?,?,default)
    Hibernate: insert into ft_participants (draft_order,fantasy_game_seq,player_id,preferred_team,team_name,seq) values (?,?,?,?,?,default)
    Hibernate: insert into ft_participants (draft_order,fantasy_game_seq,player_id,preferred_team,team_name,seq) values (?,?,?,?,?,default)
    Hibernate: insert into ft_participants (draft_order,fantasy_game_seq,player_id,preferred_team,team_name,seq) values (?,?,?,?,?,default)
    Hibernate: insert into ft_participants (draft_order,fantasy_game_seq,player_id,preferred_team,team_name,seq) values (?,?,?,?,?,default)
    Hibernate: insert into ft_participants (draft_order,fantasy_game_seq,player_id,preferred_team,team_name,seq) values (?,?,?,?,?,default)
    Hibernate: insert into ft_participants (draft_order,fantasy_game_seq,player_id,preferred_team,team_name,seq) values (?,?,?,?,?,default)
    Hibernate: insert into ft_participants (draft_order,fantasy_game_seq,player_id,preferred_team,team_name,seq) values (?,?,?,?,?,default)
    Hibernate: insert into ft_participants (draft_order,fantasy_game_seq,player_id,preferred_team,team_name,seq) values (?,?,?,?,?,default)
    Hibernate: insert into ft_participants (draft_order,fantasy_game_seq,player_id,preferred_team,team_name,seq) values (?,?,?,?,?,default)
    Hibernate: insert into ft_participants (draft_order,fantasy_game_seq,player_id,preferred_team,team_name,seq) values (?,?,?,?,?,default)
    Hibernate: insert into ft_participants (draft_order,fantasy_game_seq,player_id,preferred_team,team_name,seq) values (?,?,?,?,?,default)
    Hibernate: insert into ft_participants (draft_order,fantasy_game_seq,player_id,preferred_team,team_name,seq) values (?,?,?,?,?,default)
    Hibernate: insert into ft_participants (draft_order,fantasy_game_seq,player_id,preferred_team,team_name,seq) values (?,?,?,?,?,default)
    Hibernate: insert into ft_participants (draft_order,fantasy_game_seq,player_id,preferred_team,team_name,seq) values (?,?,?,?,?,default)
    Hibernate: insert into ft_participants (draft_order,fantasy_game_seq,player_id,preferred_team,team_name,seq) values (?,?,?,?,?,default)
    Hibernate: insert into ft_participants (draft_order,fantasy_game_seq,player_id,preferred_team,team_name,seq) values (?,?,?,?,?,default)
    Hibernate: insert into ft_participants (draft_order,fantasy_game_seq,player_id,preferred_team,team_name,seq) values (?,?,?,?,?,default)
    Hibernate: insert into ft_participants (draft_order,fantasy_game_seq,player_id,preferred_team,team_name,seq) values (?,?,?,?,?,default)
    Hibernate: insert into ft_participants (draft_order,fantasy_game_seq,player_id,preferred_team,team_name,seq) values (?,?,?,?,?,default)
    Hibernate: insert into ft_participants (draft_order,fantasy_game_seq,player_id,preferred_team,team_name,seq) values (?,?,?,?,?,default)
    Hibernate: insert into ft_participants (draft_order,fantasy_game_seq,player_id,preferred_team,team_name,seq) values (?,?,?,?,?,default)
    Hibernate: insert into ft_participants (draft_order,fantasy_game_seq,player_id,preferred_team,team_name,seq) values (?,?,?,?,?,default)
    Hibernate: insert into ft_participants (draft_order,fantasy_game_seq,player_id,preferred_team,team_name,seq) values (?,?,?,?,?,default)
    Hibernate: insert into ft_participants (draft_order,fantasy_game_seq,player_id,preferred_team,team_name,seq) values (?,?,?,?,?,default)
    Hibernate: insert into ft_participants (draft_order,fantasy_game_seq,player_id,preferred_team,team_name,seq) values (?,?,?,?,?,default)
    Hibernate: insert into ft_participants (draft_order,fantasy_game_seq,player_id,preferred_team,team_name,seq) values (?,?,?,?,?,default)
    Hibernate: insert into ft_participants (draft_order,fantasy_game_seq,player_id,preferred_team,team_name,seq) values (?,?,?,?,?,default)
    Hibernate: insert into ft_participants (draft_order,fantasy_game_seq,player_id,preferred_team,team_name,seq) values (?,?,?,?,?,default)
    Hibernate: insert into ft_participants (draft_order,fantasy_game_seq,player_id,preferred_team,team_name,seq) values (?,?,?,?,?,default)
    Hibernate: insert into ft_participants (draft_order,fantasy_game_seq,player_id,preferred_team,team_name,seq) values (?,?,?,?,?,default)
    Hibernate: insert into ft_participants (draft_order,fantasy_game_seq,player_id,preferred_team,team_name,seq) values (?,?,?,?,?,default)
    Hibernate: insert into ft_participants (draft_order,fantasy_game_seq,player_id,preferred_team,team_name,seq) values (?,?,?,?,?,default)
    Hibernate: insert into ft_participants (draft_order,fantasy_game_seq,player_id,preferred_team,team_name,seq) values (?,?,?,?,?,default)
    Hibernate: insert into ft_participants (draft_order,fantasy_game_seq,player_id,preferred_team,team_name,seq) values (?,?,?,?,?,default)
    Hibernate: insert into ft_participants (draft_order,fantasy_game_seq,player_id,preferred_team,team_name,seq) values (?,?,?,?,?,default)
    Hibernate: insert into ft_participants (draft_order,fantasy_game_seq,player_id,preferred_team,team_name,seq) values (?,?,?,?,?,default)
    Hibernate: insert into ft_participants (draft_order,fantasy_game_seq,player_id,preferred_team,team_name,seq) values (?,?,?,?,?,default)
    Hibernate: insert into ft_participants (draft_order,fantasy_game_seq,player_id,preferred_team,team_name,seq) values (?,?,?,?,?,default)
    Hibernate: insert into ft_participants (draft_order,fantasy_game_seq,player_id,preferred_team,team_name,seq) values (?,?,?,?,?,default)
    Hibernate: insert into ft_participants (draft_order,fantasy_game_seq,player_id,preferred_team,team_name,seq) values (?,?,?,?,?,default)
    Hibernate: insert into ft_participants (draft_order,fantasy_game_seq,player_id,preferred_team,team_name,seq) values (?,?,?,?,?,default)
    Hibernate: insert into ft_participants (draft_order,fantasy_game_seq,player_id,preferred_team,team_name,seq) values (?,?,?,?,?,default)
    Hibernate: insert into ft_participants (draft_order,fantasy_game_seq,player_id,preferred_team,team_name,seq) values (?,?,?,?,?,default)
    Hibernate: insert into ft_participants (draft_order,fantasy_game_seq,player_id,preferred_team,team_name,seq) values (?,?,?,?,?,default)
    Hibernate: insert into ft_participants (draft_order,fantasy_game_seq,player_id,preferred_team,team_name,seq) values (?,?,?,?,?,default)
    Hibernate: insert into ft_participants (draft_order,fantasy_game_seq,player_id,preferred_team,team_name,seq) values (?,?,?,?,?,default)
    Hibernate: insert into ft_participants (draft_order,fantasy_game_seq,player_id,preferred_team,team_name,seq) values (?,?,?,?,?,default)
    Hibernate: insert into ft_participants (draft_order,fantasy_game_seq,player_id,preferred_team,team_name,seq) values (?,?,?,?,?,default)
    Hibernate: insert into ft_participants (draft_order,fantasy_game_seq,player_id,preferred_team,team_name,seq) values (?,?,?,?,?,default)
    Hibernate: insert into ft_participants (draft_order,fantasy_game_seq,player_id,preferred_team,team_name,seq) values (?,?,?,?,?,default)
    Hibernate: insert into ft_participants (draft_order,fantasy_game_seq,player_id,preferred_team,team_name,seq) values (?,?,?,?,?,default)
    Hibernate: insert into ft_participants (draft_order,fantasy_game_seq,player_id,preferred_team,team_name,seq) values (?,?,?,?,?,default)
    Hibernate: insert into ft_participants (draft_order,fantasy_game_seq,player_id,preferred_team,team_name,seq) values (?,?,?,?,?,default)
    Hibernate: insert into ft_participants (draft_order,fantasy_game_seq,player_id,preferred_team,team_name,seq) values (?,?,?,?,?,default)
    Hibernate: insert into ft_participants (draft_order,fantasy_game_seq,player_id,preferred_team,team_name,seq) values (?,?,?,?,?,default)
    Hibernate: insert into ft_participants (draft_order,fantasy_game_seq,player_id,preferred_team,team_name,seq) values (?,?,?,?,?,default)
    Hibernate: insert into ft_participants (draft_order,fantasy_game_seq,player_id,preferred_team,team_name,seq) values (?,?,?,?,?,default)
    Hibernate: insert into ft_participants (draft_order,fantasy_game_seq,player_id,preferred_team,team_name,seq) values (?,?,?,?,?,default)
    Hibernate: insert into ft_participants (draft_order,fantasy_game_seq,player_id,preferred_team,team_name,seq) values (?,?,?,?,?,default)
    Hibernate: insert into ft_participants (draft_order,fantasy_game_seq,player_id,preferred_team,team_name,seq) values (?,?,?,?,?,default)
    Hibernate: insert into ft_participants (draft_order,fantasy_game_seq,player_id,preferred_team,team_name,seq) values (?,?,?,?,?,default)
    Hibernate: insert into ft_participants (draft_order,fantasy_game_seq,player_id,preferred_team,team_name,seq) values (?,?,?,?,?,default)
    Hibernate: insert into ft_participants (draft_order,fantasy_game_seq,player_id,preferred_team,team_name,seq) values (?,?,?,?,?,default)
    Hibernate: insert into ft_participants (draft_order,fantasy_game_seq,player_id,preferred_team,team_name,seq) values (?,?,?,?,?,default)
    Hibernate: insert into ft_participants (draft_order,fantasy_game_seq,player_id,preferred_team,team_name,seq) values (?,?,?,?,?,default)
    Hibernate: insert into ft_participants (draft_order,fantasy_game_seq,player_id,preferred_team,team_name,seq) values (?,?,?,?,?,default)
    Hibernate: insert into ft_participants (draft_order,fantasy_game_seq,player_id,preferred_team,team_name,seq) values (?,?,?,?,?,default)
    Hibernate: insert into ft_participants (draft_order,fantasy_game_seq,player_id,preferred_team,team_name,seq) values (?,?,?,?,?,default)
    Hibernate: insert into ft_participants (draft_order,fantasy_game_seq,player_id,preferred_team,team_name,seq) values (?,?,?,?,?,default)
    Hibernate: insert into ft_participants (draft_order,fantasy_game_seq,player_id,preferred_team,team_name,seq) values (?,?,?,?,?,default)
    Hibernate: insert into ft_participants (draft_order,fantasy_game_seq,player_id,preferred_team,team_name,seq) values (?,?,?,?,?,default)
    Hibernate: insert into ft_participants (draft_order,fantasy_game_seq,player_id,preferred_team,team_name,seq) values (?,?,?,?,?,default)
    Hibernate: insert into ft_participants (draft_order,fantasy_game_seq,player_id,preferred_team,team_name,seq) values (?,?,?,?,?,default)
    Hibernate: insert into ft_participants (draft_order,fantasy_game_seq,player_id,preferred_team,team_name,seq) values (?,?,?,?,?,default)
    Hibernate: insert into ft_participants (draft_order,fantasy_game_seq,player_id,preferred_team,team_name,seq) values (?,?,?,?,?,default)
    Hibernate: insert into ft_participants (draft_order,fantasy_game_seq,player_id,preferred_team,team_name,seq) values (?,?,?,?,?,default)
    Hibernate: insert into ft_participants (draft_order,fantasy_game_seq,player_id,preferred_team,team_name,seq) values (?,?,?,?,?,default)
    Hibernate: insert into ft_participants (draft_order,fantasy_game_seq,player_id,preferred_team,team_name,seq) values (?,?,?,?,?,default)
    Hibernate: insert into ft_participants (draft_order,fantasy_game_seq,player_id,preferred_team,team_name,seq) values (?,?,?,?,?,default)
    Hibernate: insert into ft_participants (draft_order,fantasy_game_seq,player_id,preferred_team,team_name,seq) values (?,?,?,?,?,default)
    Hibernate: insert into ft_participants (draft_order,fantasy_game_seq,player_id,preferred_team,team_name,seq) values (?,?,?,?,?,default)
    Hibernate: insert into ft_participants (draft_order,fantasy_game_seq,player_id,preferred_team,team_name,seq) values (?,?,?,?,?,default)
    Hibernate: insert into ft_participants (draft_order,fantasy_game_seq,player_id,preferred_team,team_name,seq) values (?,?,?,?,?,default)
    Hibernate: insert into ft_participants (draft_order,fantasy_game_seq,player_id,preferred_team,team_name,seq) values (?,?,?,?,?,default)
    Hibernate: insert into ft_participants (draft_order,fantasy_game_seq,player_id,preferred_team,team_name,seq) values (?,?,?,?,?,default)
    Hibernate: insert into ft_participants (draft_order,fantasy_game_seq,player_id,preferred_team,team_name,seq) values (?,?,?,?,?,default)
    Hibernate: insert into ft_participants (draft_order,fantasy_game_seq,player_id,preferred_team,team_name,seq) values (?,?,?,?,?,default)
    Hibernate: insert into ft_participants (draft_order,fantasy_game_seq,player_id,preferred_team,team_name,seq) values (?,?,?,?,?,default)
    Hibernate: insert into ft_participants (draft_order,fantasy_game_seq,player_id,preferred_team,team_name,seq) values (?,?,?,?,?,default)
    Hibernate: insert into ft_participants (draft_order,fantasy_game_seq,player_id,preferred_team,team_name,seq) values (?,?,?,?,?,default)
    Hibernate: insert into ft_participants (draft_order,fantasy_game_seq,player_id,preferred_team,team_name,seq) values (?,?,?,?,?,default)
    Hibernate: insert into ft_participants (draft_order,fantasy_game_seq,player_id,preferred_team,team_name,seq) values (?,?,?,?,?,default)
    Hibernate: insert into ft_participants (draft_order,fantasy_game_seq,player_id,preferred_team,team_name,seq) values (?,?,?,?,?,default)
    Hibernate: insert into ft_participants (draft_order,fantasy_game_seq,player_id,preferred_team,team_name,seq) values (?,?,?,?,?,default)
    Hibernate: insert into ft_participants (draft_order,fantasy_game_seq,player_id,preferred_team,team_name,seq) values (?,?,?,?,?,default)
    Hibernate: insert into ft_participants (draft_order,fantasy_game_seq,player_id,preferred_team,team_name,seq) values (?,?,?,?,?,default)
    Hibernate: insert into ft_participants (draft_order,fantasy_game_seq,player_id,preferred_team,team_name,seq) values (?,?,?,?,?,default)
    Hibernate: insert into ft_participants (draft_order,fantasy_game_seq,player_id,preferred_team,team_name,seq) values (?,?,?,?,?,default)
    Hibernate: insert into ft_participants (draft_order,fantasy_game_seq,player_id,preferred_team,team_name,seq) values (?,?,?,?,?,default)
    Hibernate: insert into ft_participants (draft_order,fantasy_game_seq,player_id,preferred_team,team_name,seq) values (?,?,?,?,?,default)
    Hibernate: insert into ft_participants (draft_order,fantasy_game_seq,player_id,preferred_team,team_name,seq) values (?,?,?,?,?,default)
    Hibernate: insert into ft_participants (draft_order,fantasy_game_seq,player_id,preferred_team,team_name,seq) values (?,?,?,?,?,default)
    Hibernate: insert into ft_participants (draft_order,fantasy_game_seq,player_id,preferred_team,team_name,seq) values (?,?,?,?,?,default)
    Hibernate: insert into ft_participants (draft_order,fantasy_game_seq,player_id,preferred_team,team_name,seq) values (?,?,?,?,?,default)
    Hibernate: insert into ft_participants (draft_order,fantasy_game_seq,player_id,preferred_team,team_name,seq) values (?,?,?,?,?,default)
    Hibernate: insert into ft_participants (draft_order,fantasy_game_seq,player_id,preferred_team,team_name,seq) values (?,?,?,?,?,default)
    Hibernate: insert into ft_participants (draft_order,fantasy_game_seq,player_id,preferred_team,team_name,seq) values (?,?,?,?,?,default)
    Hibernate: insert into ft_participants (draft_order,fantasy_game_seq,player_id,preferred_team,team_name,seq) values (?,?,?,?,?,default)
    Hibernate: insert into ft_participants (draft_order,fantasy_game_seq,player_id,preferred_team,team_name,seq) values (?,?,?,?,?,default)
    Hibernate: insert into ft_participants (draft_order,fantasy_game_seq,player_id,preferred_team,team_name,seq) values (?,?,?,?,?,default)
    Hibernate: insert into ft_participants (draft_order,fantasy_game_seq,player_id,preferred_team,team_name,seq) values (?,?,?,?,?,default)
    Hibernate: insert into ft_participants (draft_order,fantasy_game_seq,player_id,preferred_team,team_name,seq) values (?,?,?,?,?,default)
    Hibernate: insert into ft_participants (draft_order,fantasy_game_seq,player_id,preferred_team,team_name,seq) values (?,?,?,?,?,default)
    Hibernate: insert into ft_participants (draft_order,fantasy_game_seq,player_id,preferred_team,team_name,seq) values (?,?,?,?,?,default)
    Hibernate: insert into ft_participants (draft_order,fantasy_game_seq,player_id,preferred_team,team_name,seq) values (?,?,?,?,?,default)
    Hibernate: insert into ft_participants (draft_order,fantasy_game_seq,player_id,preferred_team,team_name,seq) values (?,?,?,?,?,default)
    Hibernate: insert into ft_participants (draft_order,fantasy_game_seq,player_id,preferred_team,team_name,seq) values (?,?,?,?,?,default)
    Hibernate: insert into ft_participants (draft_order,fantasy_game_seq,player_id,preferred_team,team_name,seq) values (?,?,?,?,?,default)
    Hibernate: insert into ft_participants (draft_order,fantasy_game_seq,player_id,preferred_team,team_name,seq) values (?,?,?,?,?,default)
    Hibernate: insert into ft_participants (draft_order,fantasy_game_seq,player_id,preferred_team,team_name,seq) values (?,?,?,?,?,default)
    Hibernate: insert into ft_participants (draft_order,fantasy_game_seq,player_id,preferred_team,team_name,seq) values (?,?,?,?,?,default)
    Hibernate: insert into ft_participants (draft_order,fantasy_game_seq,player_id,preferred_team,team_name,seq) values (?,?,?,?,?,default)
    Hibernate: insert into ft_participants (draft_order,fantasy_game_seq,player_id,preferred_team,team_name,seq) values (?,?,?,?,?,default)
    Hibernate: insert into ft_participants (draft_order,fantasy_game_seq,player_id,preferred_team,team_name,seq) values (?,?,?,?,?,default)
    Hibernate: insert into ft_participants (draft_order,fantasy_game_seq,player_id,preferred_team,team_name,seq) values (?,?,?,?,?,default)
    Hibernate: insert into ft_participants (draft_order,fantasy_game_seq,player_id,preferred_team,team_name,seq) values (?,?,?,?,?,default)
    Hibernate: insert into ft_participants (draft_order,fantasy_game_seq,player_id,preferred_team,team_name,seq) values (?,?,?,?,?,default)
    Hibernate: insert into ft_participants (draft_order,fantasy_game_seq,player_id,preferred_team,team_name,seq) values (?,?,?,?,?,default)
    Hibernate: insert into ft_participants (draft_order,fantasy_game_seq,player_id,preferred_team,team_name,seq) values (?,?,?,?,?,default)
    Hibernate: insert into ft_participants (draft_order,fantasy_game_seq,player_id,preferred_team,team_name,seq) values (?,?,?,?,?,default)
    Hibernate: insert into ft_participants (draft_order,fantasy_game_seq,player_id,preferred_team,team_name,seq) values (?,?,?,?,?,default)
    Hibernate: insert into ft_participants (draft_order,fantasy_game_seq,player_id,preferred_team,team_name,seq) values (?,?,?,?,?,default)
    Hibernate: insert into ft_participants (draft_order,fantasy_game_seq,player_id,preferred_team,team_name,seq) values (?,?,?,?,?,default)
    Hibernate: insert into ft_participants (draft_order,fantasy_game_seq,player_id,preferred_team,team_name,seq) values (?,?,?,?,?,default)
    Hibernate: insert into ft_participants (draft_order,fantasy_game_seq,player_id,preferred_team,team_name,seq) values (?,?,?,?,?,default)
    Hibernate: insert into ft_participants (draft_order,fantasy_game_seq,player_id,preferred_team,team_name,seq) values (?,?,?,?,?,default)
    Hibernate: insert into ft_participants (draft_order,fantasy_game_seq,player_id,preferred_team,team_name,seq) values (?,?,?,?,?,default)
    Hibernate: insert into ft_participants (draft_order,fantasy_game_seq,player_id,preferred_team,team_name,seq) values (?,?,?,?,?,default)
    Hibernate: insert into ft_participants (draft_order,fantasy_game_seq,player_id,preferred_team,team_name,seq) values (?,?,?,?,?,default)
    Hibernate: insert into ft_participants (draft_order,fantasy_game_seq,player_id,preferred_team,team_name,seq) values (?,?,?,?,?,default)
    Hibernate: insert into ft_participants (draft_order,fantasy_game_seq,player_id,preferred_team,team_name,seq) values (?,?,?,?,?,default)
    Hibernate: insert into ft_participants (draft_order,fantasy_game_seq,player_id,preferred_team,team_name,seq) values (?,?,?,?,?,default)
    Hibernate: insert into ft_participants (draft_order,fantasy_game_seq,player_id,preferred_team,team_name,seq) values (?,?,?,?,?,default)
    Hibernate: insert into ft_participants (draft_order,fantasy_game_seq,player_id,preferred_team,team_name,seq) values (?,?,?,?,?,default)
    Hibernate: insert into ft_participants (draft_order,fantasy_game_seq,player_id,preferred_team,team_name,seq) values (?,?,?,?,?,default)
    Hibernate: insert into ft_participants (draft_order,fantasy_game_seq,player_id,preferred_team,team_name,seq) values (?,?,?,?,?,default)
    Hibernate: insert into ft_participants (draft_order,fantasy_game_seq,player_id,preferred_team,team_name,seq) values (?,?,?,?,?,default)
    Hibernate: insert into ft_participants (draft_order,fantasy_game_seq,player_id,preferred_team,team_name,seq) values (?,?,?,?,?,default)
    Hibernate: insert into ft_participants (draft_order,fantasy_game_seq,player_id,preferred_team,team_name,seq) values (?,?,?,?,?,default)
    Hibernate: insert into ft_participants (draft_order,fantasy_game_seq,player_id,preferred_team,team_name,seq) values (?,?,?,?,?,default)
    Hibernate: insert into ft_participants (draft_order,fantasy_game_seq,player_id,preferred_team,team_name,seq) values (?,?,?,?,?,default)
    Hibernate: insert into ft_participants (draft_order,fantasy_game_seq,player_id,preferred_team,team_name,seq) values (?,?,?,?,?,default)
    Hibernate: insert into ft_participants (draft_order,fantasy_game_seq,player_id,preferred_team,team_name,seq) values (?,?,?,?,?,default)
    Hibernate: insert into ft_participants (draft_order,fantasy_game_seq,player_id,preferred_team,team_name,seq) values (?,?,?,?,?,default)
    Hibernate: insert into ft_participants (draft_order,fantasy_game_seq,player_id,preferred_team,team_name,seq) values (?,?,?,?,?,default)
    Hibernate: insert into ft_participants (draft_order,fantasy_game_seq,player_id,preferred_team,team_name,seq) values (?,?,?,?,?,default)
    Hibernate: insert into ft_participants (draft_order,fantasy_game_seq,player_id,preferred_team,team_name,seq) values (?,?,?,?,?,default)
    Hibernate: insert into ft_participants (draft_order,fantasy_game_seq,player_id,preferred_team,team_name,seq) values (?,?,?,?,?,default)
    Hibernate: insert into ft_participants (draft_order,fantasy_game_seq,player_id,preferred_team,team_name,seq) values (?,?,?,?,?,default)
    Hibernate: insert into ft_participants (draft_order,fantasy_game_seq,player_id,preferred_team,team_name,seq) values (?,?,?,?,?,default)
    Hibernate: insert into ft_participants (draft_order,fantasy_game_seq,player_id,preferred_team,team_name,seq) values (?,?,?,?,?,default)
    Hibernate: insert into ft_participants (draft_order,fantasy_game_seq,player_id,preferred_team,team_name,seq) values (?,?,?,?,?,default)
    Hibernate: insert into ft_participants (draft_order,fantasy_game_seq,player_id,preferred_team,team_name,seq) values (?,?,?,?,?,default)
    Hibernate: insert into ft_participants (draft_order,fantasy_game_seq,player_id,preferred_team,team_name,seq) values (?,?,?,?,?,default)
    Hibernate: insert into ft_participants (draft_order,fantasy_game_seq,player_id,preferred_team,team_name,seq) values (?,?,?,?,?,default)
    Hibernate: insert into ft_participants (draft_order,fantasy_game_seq,player_id,preferred_team,team_name,seq) values (?,?,?,?,?,default)
    Hibernate: insert into ft_participants (draft_order,fantasy_game_seq,player_id,preferred_team,team_name,seq) values (?,?,?,?,?,default)
    Hibernate: insert into ft_participants (draft_order,fantasy_game_seq,player_id,preferred_team,team_name,seq) values (?,?,?,?,?,default)
    Hibernate: insert into ft_participants (draft_order,fantasy_game_seq,player_id,preferred_team,team_name,seq) values (?,?,?,?,?,default)
    Hibernate: insert into ft_participants (draft_order,fantasy_game_seq,player_id,preferred_team,team_name,seq) values (?,?,?,?,?,default)
    Hibernate: insert into ft_participants (draft_order,fantasy_game_seq,player_id,preferred_team,team_name,seq) values (?,?,?,?,?,default)
    Hibernate: insert into ft_participants (draft_order,fantasy_game_seq,player_id,preferred_team,team_name,seq) values (?,?,?,?,?,default)
    Hibernate: insert into ft_participants (draft_order,fantasy_game_seq,player_id,preferred_team,team_name,seq) values (?,?,?,?,?,default)
    Hibernate: insert into ft_participants (draft_order,fantasy_game_seq,player_id,preferred_team,team_name,seq) values (?,?,?,?,?,default)
    Hibernate: insert into ft_participants (draft_order,fantasy_game_seq,player_id,preferred_team,team_name,seq) values (?,?,?,?,?,default)
    Hibernate: insert into ft_participants (draft_order,fantasy_game_seq,player_id,preferred_team,team_name,seq) values (?,?,?,?,?,default)
    Hibernate: insert into ft_participants (draft_order,fantasy_game_seq,player_id,preferred_team,team_name,seq) values (?,?,?,?,?,default)
    Hibernate: insert into ft_participants (draft_order,fantasy_game_seq,player_id,preferred_team,team_name,seq) values (?,?,?,?,?,default)
    Hibernate: insert into ft_participants (draft_order,fantasy_game_seq,player_id,preferred_team,team_name,seq) values (?,?,?,?,?,default)
    Hibernate: insert into ft_participants (draft_order,fantasy_game_seq,player_id,preferred_team,team_name,seq) values (?,?,?,?,?,default)
    Hibernate: insert into ft_participants (draft_order,fantasy_game_seq,player_id,preferred_team,team_name,seq) values (?,?,?,?,?,default)
    Hibernate: insert into ft_participants (draft_order,fantasy_game_seq,player_id,preferred_team,team_name,seq) values (?,?,?,?,?,default)
    Hibernate: insert into ft_participants (draft_order,fantasy_game_seq,player_id,preferred_team,team_name,seq) values (?,?,?,?,?,default)
    Hibernate: insert into ft_participants (draft_order,fantasy_game_seq,player_id,preferred_team,team_name,seq) values (?,?,?,?,?,default)
    Hibernate: insert into ft_participants (draft_order,fantasy_game_seq,player_id,preferred_team,team_name,seq) values (?,?,?,?,?,default)
    Hibernate: insert into ft_participants (draft_order,fantasy_game_seq,player_id,preferred_team,team_name,seq) values (?,?,?,?,?,default)
    Hibernate: insert into ft_participants (draft_order,fantasy_game_seq,player_id,preferred_team,team_name,seq) values (?,?,?,?,?,default)
    Hibernate: insert into ft_participants (draft_order,fantasy_game_seq,player_id,preferred_team,team_name,seq) values (?,?,?,?,?,default)
    Hibernate: insert into ft_participants (draft_order,fantasy_game_seq,player_id,preferred_team,team_name,seq) values (?,?,?,?,?,default)
    Hibernate: insert into ft_participants (draft_order,fantasy_game_seq,player_id,preferred_team,team_name,seq) values (?,?,?,?,?,default)
    Hibernate: insert into ft_participants (draft_order,fantasy_game_seq,player_id,preferred_team,team_name,seq) values (?,?,?,?,?,default)
    Hibernate: insert into ft_participants (draft_order,fantasy_game_seq,player_id,preferred_team,team_name,seq) values (?,?,?,?,?,default)
    Hibernate: insert into ft_participants (draft_order,fantasy_game_seq,player_id,preferred_team,team_name,seq) values (?,?,?,?,?,default)
    Hibernate: insert into ft_participants (draft_order,fantasy_game_seq,player_id,preferred_team,team_name,seq) values (?,?,?,?,?,default)
    Hibernate: insert into ft_participants (draft_order,fantasy_game_seq,player_id,preferred_team,team_name,seq) values (?,?,?,?,?,default)
    Hibernate: insert into ft_participants (draft_order,fantasy_game_seq,player_id,preferred_team,team_name,seq) values (?,?,?,?,?,default)
    Hibernate: insert into ft_participants (draft_order,fantasy_game_seq,player_id,preferred_team,team_name,seq) values (?,?,?,?,?,default)
    Hibernate: insert into ft_participants (draft_order,fantasy_game_seq,player_id,preferred_team,team_name,seq) values (?,?,?,?,?,default)
    Hibernate: insert into ft_participants (draft_order,fantasy_game_seq,player_id,preferred_team,team_name,seq) values (?,?,?,?,?,default)
    Hibernate: insert into ft_participants (draft_order,fantasy_game_seq,player_id,preferred_team,team_name,seq) values (?,?,?,?,?,default)
    Hibernate: insert into ft_participants (draft_order,fantasy_game_seq,player_id,preferred_team,team_name,seq) values (?,?,?,?,?,default)
    Hibernate: insert into ft_participants (draft_order,fantasy_game_seq,player_id,preferred_team,team_name,seq) values (?,?,?,?,?,default)
    Hibernate: insert into ft_participants (draft_order,fantasy_game_seq,player_id,preferred_team,team_name,seq) values (?,?,?,?,?,default)
    Hibernate: insert into ft_participants (draft_order,fantasy_game_seq,player_id,preferred_team,team_name,seq) values (?,?,?,?,?,default)
    Hibernate: insert into ft_participants (draft_order,fantasy_game_seq,player_id,preferred_team,team_name,seq) values (?,?,?,?,?,default)
    Hibernate: insert into ft_participants (draft_order,fantasy_game_seq,player_id,preferred_team,team_name,seq) values (?,?,?,?,?,default)
    Hibernate: insert into ft_participants (draft_order,fantasy_game_seq,player_id,preferred_team,team_name,seq) values (?,?,?,?,?,default)
    Hibernate: insert into ft_participants (draft_order,fantasy_game_seq,player_id,preferred_team,team_name,seq) values (?,?,?,?,?,default)
    Hibernate: insert into ft_participants (draft_order,fantasy_game_seq,player_id,preferred_team,team_name,seq) values (?,?,?,?,?,default)
    Hibernate: insert into ft_participants (draft_order,fantasy_game_seq,player_id,preferred_team,team_name,seq) values (?,?,?,?,?,default)
    Hibernate: insert into ft_participants (draft_order,fantasy_game_seq,player_id,preferred_team,team_name,seq) values (?,?,?,?,?,default)
    Hibernate: insert into ft_participants (draft_order,fantasy_game_seq,player_id,preferred_team,team_name,seq) values (?,?,?,?,?,default)
    Hibernate: insert into ft_participants (draft_order,fantasy_game_seq,player_id,preferred_team,team_name,seq) values (?,?,?,?,?,default)
    Hibernate: insert into ft_participants (draft_order,fantasy_game_seq,player_id,preferred_team,team_name,seq) values (?,?,?,?,?,default)
    Hibernate: insert into ft_participants (draft_order,fantasy_game_seq,player_id,preferred_team,team_name,seq) values (?,?,?,?,?,default)
    Hibernate: insert into ft_participants (draft_order,fantasy_game_seq,player_id,preferred_team,team_name,seq) values (?,?,?,?,?,default)
    Hibernate: insert into ft_participants (draft_order,fantasy_game_seq,player_id,preferred_team,team_name,seq) values (?,?,?,?,?,default)
    Hibernate: insert into ft_participants (draft_order,fantasy_game_seq,player_id,preferred_team,team_name,seq) values (?,?,?,?,?,default)
    Hibernate: insert into ft_participants (draft_order,fantasy_game_seq,player_id,preferred_team,team_name,seq) values (?,?,?,?,?,default)
    Hibernate: insert into ft_participants (draft_order,fantasy_game_seq,player_id,preferred_team,team_name,seq) values (?,?,?,?,?,default)
    Hibernate: insert into ft_participants (draft_order,fantasy_game_seq,player_id,preferred_team,team_name,seq) values (?,?,?,?,?,default)
    Hibernate: insert into ft_participants (draft_order,fantasy_game_seq,player_id,preferred_team,team_name,seq) values (?,?,?,?,?,default)
    Hibernate: insert into ft_participants (draft_order,fantasy_game_seq,player_id,preferred_team,team_name,seq) values (?,?,?,?,?,default)
    Hibernate: insert into ft_participants (draft_order,fantasy_game_seq,player_id,preferred_team,team_name,seq) values (?,?,?,?,?,default)
    Hibernate: insert into ft_participants (draft_order,fantasy_game_seq,player_id,preferred_team,team_name,seq) values (?,?,?,?,?,default)
    Hibernate: insert into ft_participants (draft_order,fantasy_game_seq,player_id,preferred_team,team_name,seq) values (?,?,?,?,?,default)
    Hibernate: insert into ft_participants (draft_order,fantasy_game_seq,player_id,preferred_team,team_name,seq) values (?,?,?,?,?,default)
    Hibernate: insert into ft_participants (draft_order,fantasy_game_seq,player_id,preferred_team,team_name,seq) values (?,?,?,?,?,default)
    Hibernate: insert into ft_participants (draft_order,fantasy_game_seq,player_id,preferred_team,team_name,seq) values (?,?,?,?,?,default)
    Hibernate: insert into ft_participants (draft_order,fantasy_game_seq,player_id,preferred_team,team_name,seq) values (?,?,?,?,?,default)
    Hibernate: insert into ft_participants (draft_order,fantasy_game_seq,player_id,preferred_team,team_name,seq) values (?,?,?,?,?,default)
    Hibernate: insert into ft_participants (draft_order,fantasy_game_seq,player_id,preferred_team,team_name,seq) values (?,?,?,?,?,default)
    Hibernate: insert into ft_participants (draft_order,fantasy_game_seq,player_id,preferred_team,team_name,seq) values (?,?,?,?,?,default)
    Hibernate: insert into ft_participants (draft_order,fantasy_game_seq,player_id,preferred_team,team_name,seq) values (?,?,?,?,?,default)
    Hibernate: insert into ft_participants (draft_order,fantasy_game_seq,player_id,preferred_team,team_name,seq) values (?,?,?,?,?,default)
    Hibernate: insert into ft_participants (draft_order,fantasy_game_seq,player_id,preferred_team,team_name,seq) values (?,?,?,?,?,default)
    Hibernate: insert into ft_participants (draft_order,fantasy_game_seq,player_id,preferred_team,team_name,seq) values (?,?,?,?,?,default)
    Hibernate: insert into ft_participants (draft_order,fantasy_game_seq,player_id,preferred_team,team_name,seq) values (?,?,?,?,?,default)
    Hibernate: insert into ft_participants (draft_order,fantasy_game_seq,player_id,preferred_team,team_name,seq) values (?,?,?,?,?,default)
    Hibernate: insert into ft_participants (draft_order,fantasy_game_seq,player_id,preferred_team,team_name,seq) values (?,?,?,?,?,default)
    Hibernate: insert into ft_participants (draft_order,fantasy_game_seq,player_id,preferred_team,team_name,seq) values (?,?,?,?,?,default)
    Hibernate: insert into ft_participants (draft_order,fantasy_game_seq,player_id,preferred_team,team_name,seq) values (?,?,?,?,?,default)
    Hibernate: insert into ft_participants (draft_order,fantasy_game_seq,player_id,preferred_team,team_name,seq) values (?,?,?,?,?,default)
    Hibernate: insert into ft_participants (draft_order,fantasy_game_seq,player_id,preferred_team,team_name,seq) values (?,?,?,?,?,default)
    Hibernate: insert into ft_participants (draft_order,fantasy_game_seq,player_id,preferred_team,team_name,seq) values (?,?,?,?,?,default)
    Hibernate: insert into ft_participants (draft_order,fantasy_game_seq,player_id,preferred_team,team_name,seq) values (?,?,?,?,?,default)
    Hibernate: insert into ft_participants (draft_order,fantasy_game_seq,player_id,preferred_team,team_name,seq) values (?,?,?,?,?,default)
    Hibernate: insert into ft_participants (draft_order,fantasy_game_seq,player_id,preferred_team,team_name,seq) values (?,?,?,?,?,default)
    Hibernate: insert into ft_participants (draft_order,fantasy_game_seq,player_id,preferred_team,team_name,seq) values (?,?,?,?,?,default)
    Hibernate: insert into ft_participants (draft_order,fantasy_game_seq,player_id,preferred_team,team_name,seq) values (?,?,?,?,?,default)
    Hibernate: insert into ft_participants (draft_order,fantasy_game_seq,player_id,preferred_team,team_name,seq) values (?,?,?,?,?,default)
    Hibernate: insert into ft_participants (draft_order,fantasy_game_seq,player_id,preferred_team,team_name,seq) values (?,?,?,?,?,default)
    Hibernate: insert into ft_participants (draft_order,fantasy_game_seq,player_id,preferred_team,team_name,seq) values (?,?,?,?,?,default)
    Hibernate: insert into ft_participants (draft_order,fantasy_game_seq,player_id,preferred_team,team_name,seq) values (?,?,?,?,?,default)
    Hibernate: insert into ft_participants (draft_order,fantasy_game_seq,player_id,preferred_team,team_name,seq) values (?,?,?,?,?,default)
    Hibernate: insert into ft_participants (draft_order,fantasy_game_seq,player_id,preferred_team,team_name,seq) values (?,?,?,?,?,default)
    Hibernate: insert into ft_participants (draft_order,fantasy_game_seq,player_id,preferred_team,team_name,seq) values (?,?,?,?,?,default)
    Hibernate: insert into ft_participants (draft_order,fantasy_game_seq,player_id,preferred_team,team_name,seq) values (?,?,?,?,?,default)
    Hibernate: insert into ft_participants (draft_order,fantasy_game_seq,player_id,preferred_team,team_name,seq) values (?,?,?,?,?,default)
    Hibernate: insert into ft_participants (draft_order,fantasy_game_seq,player_id,preferred_team,team_name,seq) values (?,?,?,?,?,default)
    Hibernate: insert into ft_participants (draft_order,fantasy_game_seq,player_id,preferred_team,team_name,seq) values (?,?,?,?,?,default)
    Hibernate: insert into ft_participants (draft_order,fantasy_game_seq,player_id,preferred_team,team_name,seq) values (?,?,?,?,?,default)
    Hibernate: insert into ft_participants (draft_order,fantasy_game_seq,player_id,preferred_team,team_name,seq) values (?,?,?,?,?,default)
    Hibernate: insert into ft_participants (draft_order,fantasy_game_seq,player_id,preferred_team,team_name,seq) values (?,?,?,?,?,default)
    Hibernate: insert into ft_participants (draft_order,fantasy_game_seq,player_id,preferred_team,team_name,seq) values (?,?,?,?,?,default)
    Hibernate: insert into ft_participants (draft_order,fantasy_game_seq,player_id,preferred_team,team_name,seq) values (?,?,?,?,?,default)
    Hibernate: insert into ft_participants (draft_order,fantasy_game_seq,player_id,preferred_team,team_name,seq) values (?,?,?,?,?,default)
    Hibernate: insert into ft_participants (draft_order,fantasy_game_seq,player_id,preferred_team,team_name,seq) values (?,?,?,?,?,default)
    Hibernate: insert into ft_participants (draft_order,fantasy_game_seq,player_id,preferred_team,team_name,seq) values (?,?,?,?,?,default)
    Hibernate: insert into ft_participants (draft_order,fantasy_game_seq,player_id,preferred_team,team_name,seq) values (?,?,?,?,?,default)
    Hibernate: insert into ft_participants (draft_order,fantasy_game_seq,player_id,preferred_team,team_name,seq) values (?,?,?,?,?,default)
    Hibernate: insert into ft_participants (draft_order,fantasy_game_seq,player_id,preferred_team,team_name,seq) values (?,?,?,?,?,default)
    Hibernate: insert into ft_participants (draft_order,fantasy_game_seq,player_id,preferred_team,team_name,seq) values (?,?,?,?,?,default)
    Hibernate: insert into ft_participants (draft_order,fantasy_game_seq,player_id,preferred_team,team_name,seq) values (?,?,?,?,?,default)
    Hibernate: insert into ft_participants (draft_order,fantasy_game_seq,player_id,preferred_team,team_name,seq) values (?,?,?,?,?,default)
    Hibernate: insert into ft_participants (draft_order,fantasy_game_seq,player_id,preferred_team,team_name,seq) values (?,?,?,?,?,default)
    Hibernate: insert into ft_participants (draft_order,fantasy_game_seq,player_id,preferred_team,team_name,seq) values (?,?,?,?,?,default)
    Hibernate: insert into ft_participants (draft_order,fantasy_game_seq,player_id,preferred_team,team_name,seq) values (?,?,?,?,?,default)
    Hibernate: insert into ft_participants (draft_order,fantasy_game_seq,player_id,preferred_team,team_name,seq) values (?,?,?,?,?,default)
    Hibernate: insert into ft_participants (draft_order,fantasy_game_seq,player_id,preferred_team,team_name,seq) values (?,?,?,?,?,default)
    Hibernate: insert into ft_participants (draft_order,fantasy_game_seq,player_id,preferred_team,team_name,seq) values (?,?,?,?,?,default)
    Hibernate: insert into ft_participants (draft_order,fantasy_game_seq,player_id,preferred_team,team_name,seq) values (?,?,?,?,?,default)
    Hibernate: insert into ft_participants (draft_order,fantasy_game_seq,player_id,preferred_team,team_name,seq) values (?,?,?,?,?,default)
    Hibernate: insert into ft_participants (draft_order,fantasy_game_seq,player_id,preferred_team,team_name,seq) values (?,?,?,?,?,default)
    Hibernate: insert into ft_participants (draft_order,fantasy_game_seq,player_id,preferred_team,team_name,seq) values (?,?,?,?,?,default)
    Hibernate: insert into ft_participants (draft_order,fantasy_game_seq,player_id,preferred_team,team_name,seq) values (?,?,?,?,?,default)
    Hibernate: insert into ft_participants (draft_order,fantasy_game_seq,player_id,preferred_team,team_name,seq) values (?,?,?,?,?,default)
    Hibernate: insert into ft_participants (draft_order,fantasy_game_seq,player_id,preferred_team,team_name,seq) values (?,?,?,?,?,default)
    Hibernate: insert into ft_participants (draft_order,fantasy_game_seq,player_id,preferred_team,team_name,seq) values (?,?,?,?,?,default)
    Hibernate: insert into ft_participants (draft_order,fantasy_game_seq,player_id,preferred_team,team_name,seq) values (?,?,?,?,?,default)
    Hibernate: insert into ft_participants (draft_order,fantasy_game_seq,player_id,preferred_team,team_name,seq) values (?,?,?,?,?,default)
    Hibernate: insert into ft_participants (draft_order,fantasy_game_seq,player_id,preferred_team,team_name,seq) values (?,?,?,?,?,default)
    Hibernate: insert into ft_participants (draft_order,fantasy_game_seq,player_id,preferred_team,team_name,seq) values (?,?,?,?,?,default)
    Hibernate: insert into ft_participants (draft_order,fantasy_game_seq,player_id,preferred_team,team_name,seq) values (?,?,?,?,?,default)
    Hibernate: insert into ft_participants (draft_order,fantasy_game_seq,player_id,preferred_team,team_name,seq) values (?,?,?,?,?,default)
    Hibernate: insert into ft_participants (draft_order,fantasy_game_seq,player_id,preferred_team,team_name,seq) values (?,?,?,?,?,default)
    Hibernate: insert into ft_participants (draft_order,fantasy_game_seq,player_id,preferred_team,team_name,seq) values (?,?,?,?,?,default)
    Hibernate: insert into ft_participants (draft_order,fantasy_game_seq,player_id,preferred_team,team_name,seq) values (?,?,?,?,?,default)
    Hibernate: insert into ft_participants (draft_order,fantasy_game_seq,player_id,preferred_team,team_name,seq) values (?,?,?,?,?,default)
    Hibernate: insert into ft_participants (draft_order,fantasy_game_seq,player_id,preferred_team,team_name,seq) values (?,?,?,?,?,default)
    Hibernate: insert into ft_participants (draft_order,fantasy_game_seq,player_id,preferred_team,team_name,seq) values (?,?,?,?,?,default)
    Hibernate: insert into ft_participants (draft_order,fantasy_game_seq,player_id,preferred_team,team_name,seq) values (?,?,?,?,?,default)
    Hibernate: insert into ft_participants (draft_order,fantasy_game_seq,player_id,preferred_team,team_name,seq) values (?,?,?,?,?,default)
    Hibernate: insert into ft_participants (draft_order,fantasy_game_seq,player_id,preferred_team,team_name,seq) values (?,?,?,?,?,default)
    Hibernate: insert into ft_participants (draft_order,fantasy_game_seq,player_id,preferred_team,team_name,seq) values (?,?,?,?,?,default)
    Hibernate: insert into ft_participants (draft_order,fantasy_game_seq,player_id,preferred_team,team_name,seq) values (?,?,?,?,?,default)
    Hibernate: insert into ft_participants (draft_order,fantasy_game_seq,player_id,preferred_team,team_name,seq) values (?,?,?,?,?,default)
    Hibernate: insert into ft_participants (draft_order,fantasy_game_seq,player_id,preferred_team,team_name,seq) values (?,?,?,?,?,default)
    Hibernate: insert into ft_participants (draft_order,fantasy_game_seq,player_id,preferred_team,team_name,seq) values (?,?,?,?,?,default)
    Hibernate: insert into ft_participants (draft_order,fantasy_game_seq,player_id,preferred_team,team_name,seq) values (?,?,?,?,?,default)
    Hibernate: insert into ft_participants (draft_order,fantasy_game_seq,player_id,preferred_team,team_name,seq) values (?,?,?,?,?,default)
    Hibernate: insert into ft_participants (draft_order,fantasy_game_seq,player_id,preferred_team,team_name,seq) values (?,?,?,?,?,default)
    Hibernate: insert into ft_participants (draft_order,fantasy_game_seq,player_id,preferred_team,team_name,seq) values (?,?,?,?,?,default)
    Hibernate: insert into ft_participants (draft_order,fantasy_game_seq,player_id,preferred_team,team_name,seq) values (?,?,?,?,?,default)
    Hibernate: insert into ft_participants (draft_order,fantasy_game_seq,player_id,preferred_team,team_name,seq) values (?,?,?,?,?,default)
    Hibernate: insert into ft_participants (draft_order,fantasy_game_seq,player_id,preferred_team,team_name,seq) values (?,?,?,?,?,default)
    Hibernate: insert into ft_participants (draft_order,fantasy_game_seq,player_id,preferred_team,team_name,seq) values (?,?,?,?,?,default)
    Hibernate: insert into ft_participants (draft_order,fantasy_game_seq,player_id,preferred_team,team_name,seq) values (?,?,?,?,?,default)
    Hibernate: insert into ft_participants (draft_order,fantasy_game_seq,player_id,preferred_team,team_name,seq) values (?,?,?,?,?,default)
    Hibernate: insert into ft_participants (draft_order,fantasy_game_seq,player_id,preferred_team,team_name,seq) values (?,?,?,?,?,default)
    Hibernate: insert into ft_participants (draft_order,fantasy_game_seq,player_id,preferred_team,team_name,seq) values (?,?,?,?,?,default)
    Hibernate: insert into ft_participants (draft_order,fantasy_game_seq,player_id,preferred_team,team_name,seq) values (?,?,?,?,?,default)
    Hibernate: insert into ft_participants (draft_order,fantasy_game_seq,player_id,preferred_team,team_name,seq) values (?,?,?,?,?,default)
    Hibernate: insert into ft_participants (draft_order,fantasy_game_seq,player_id,preferred_team,team_name,seq) values (?,?,?,?,?,default)
    Hibernate: insert into ft_participants (draft_order,fantasy_game_seq,player_id,preferred_team,team_name,seq) values (?,?,?,?,?,default)
    Hibernate: insert into ft_participants (draft_order,fantasy_game_seq,player_id,preferred_team,team_name,seq) values (?,?,?,?,?,default)
    Hibernate: insert into ft_participants (draft_order,fantasy_game_seq,player_id,preferred_team,team_name,seq) values (?,?,?,?,?,default)
    Hibernate: insert into ft_participants (draft_order,fantasy_game_seq,player_id,preferred_team,team_name,seq) values (?,?,?,?,?,default)
    Hibernate: insert into ft_participants (draft_order,fantasy_game_seq,player_id,preferred_team,team_name,seq) values (?,?,?,?,?,default)
    Hibernate: insert into ft_participants (draft_order,fantasy_game_seq,player_id,preferred_team,team_name,seq) values (?,?,?,?,?,default)
    Hibernate: insert into ft_participants (draft_order,fantasy_game_seq,player_id,preferred_team,team_name,seq) values (?,?,?,?,?,default)
    Hibernate: insert into ft_participants (draft_order,fantasy_game_seq,player_id,preferred_team,team_name,seq) values (?,?,?,?,?,default)
    Hibernate: insert into ft_participants (draft_order,fantasy_game_seq,player_id,preferred_team,team_name,seq) values (?,?,?,?,?,default)
    Hibernate: insert into ft_participants (draft_order,fantasy_game_seq,player_id,preferred_team,team_name,seq) values (?,?,?,?,?,default)
    Hibernate: insert into ft_participants (draft_order,fantasy_game_seq,player_id,preferred_team,team_name,seq) values (?,?,?,?,?,default)
    Hibernate: insert into ft_participants (draft_order,fantasy_game_seq,player_id,preferred_team,team_name,seq) values (?,?,?,?,?,default)
    Hibernate: insert into ft_participants (draft_order,fantasy_game_seq,player_id,preferred_team,team_name,seq) values (?,?,?,?,?,default)
    Hibernate: insert into ft_participants (draft_order,fantasy_game_seq,player_id,preferred_team,team_name,seq) values (?,?,?,?,?,default)
    Hibernate: insert into ft_participants (draft_order,fantasy_game_seq,player_id,preferred_team,team_name,seq) values (?,?,?,?,?,default)
    Hibernate: insert into ft_participants (draft_order,fantasy_game_seq,player_id,preferred_team,team_name,seq) values (?,?,?,?,?,default)
    Hibernate: insert into ft_participants (draft_order,fantasy_game_seq,player_id,preferred_team,team_name,seq) values (?,?,?,?,?,default)
    Hibernate: insert into ft_participants (draft_order,fantasy_game_seq,player_id,preferred_team,team_name,seq) values (?,?,?,?,?,default)
    Hibernate: insert into ft_participants (draft_order,fantasy_game_seq,player_id,preferred_team,team_name,seq) values (?,?,?,?,?,default)
    Hibernate: insert into ft_participants (draft_order,fantasy_game_seq,player_id,preferred_team,team_name,seq) values (?,?,?,?,?,default)
    Hibernate: insert into ft_participants (draft_order,fantasy_game_seq,player_id,preferred_team,team_name,seq) values (?,?,?,?,?,default)
    Hibernate: insert into ft_participants (draft_order,fantasy_game_seq,player_id,preferred_team,team_name,seq) values (?,?,?,?,?,default)
    Hibernate: insert into ft_participants (draft_order,fantasy_game_seq,player_id,preferred_team,team_name,seq) values (?,?,?,?,?,default)
    Hibernate: insert into ft_participants (draft_order,fantasy_game_seq,player_id,preferred_team,team_name,seq) values (?,?,?,?,?,default)
    Hibernate: insert into ft_participants (draft_order,fantasy_game_seq,player_id,preferred_team,team_name,seq) values (?,?,?,?,?,default)
    Hibernate: insert into ft_participants (draft_order,fantasy_game_seq,player_id,preferred_team,team_name,seq) values (?,?,?,?,?,default)
    Hibernate: insert into ft_participants (draft_order,fantasy_game_seq,player_id,preferred_team,team_name,seq) values (?,?,?,?,?,default)
    Hibernate: insert into ft_participants (draft_order,fantasy_game_seq,player_id,preferred_team,team_name,seq) values (?,?,?,?,?,default)
    Hibernate: insert into ft_participants (draft_order,fantasy_game_seq,player_id,preferred_team,team_name,seq) values (?,?,?,?,?,default)
    Hibernate: insert into ft_participants (draft_order,fantasy_game_seq,player_id,preferred_team,team_name,seq) values (?,?,?,?,?,default)
    Hibernate: insert into ft_participants (draft_order,fantasy_game_seq,player_id,preferred_team,team_name,seq) values (?,?,?,?,?,default)
    Hibernate: insert into ft_participants (draft_order,fantasy_game_seq,player_id,preferred_team,team_name,seq) values (?,?,?,?,?,default)
    Hibernate: insert into ft_participants (draft_order,fantasy_game_seq,player_id,preferred_team,team_name,seq) values (?,?,?,?,?,default)
    Hibernate: insert into ft_participants (draft_order,fantasy_game_seq,player_id,preferred_team,team_name,seq) values (?,?,?,?,?,default)
    Hibernate: insert into ft_participants (draft_order,fantasy_game_seq,player_id,preferred_team,team_name,seq) values (?,?,?,?,?,default)
    Hibernate: insert into ft_participants (draft_order,fantasy_game_seq,player_id,preferred_team,team_name,seq) values (?,?,?,?,?,default)
    Hibernate: insert into ft_participants (draft_order,fantasy_game_seq,player_id,preferred_team,team_name,seq) values (?,?,?,?,?,default)
    Hibernate: insert into ft_participants (draft_order,fantasy_game_seq,player_id,preferred_team,team_name,seq) values (?,?,?,?,?,default)
    Hibernate: insert into ft_participants (draft_order,fantasy_game_seq,player_id,preferred_team,team_name,seq) values (?,?,?,?,?,default)
    Hibernate: insert into ft_participants (draft_order,fantasy_game_seq,player_id,preferred_team,team_name,seq) values (?,?,?,?,?,default)
    Hibernate: insert into ft_participants (draft_order,fantasy_game_seq,player_id,preferred_team,team_name,seq) values (?,?,?,?,?,default)
    Hibernate: insert into ft_participants (draft_order,fantasy_game_seq,player_id,preferred_team,team_name,seq) values (?,?,?,?,?,default)
    Hibernate: insert into ft_participants (draft_order,fantasy_game_seq,player_id,preferred_team,team_name,seq) values (?,?,?,?,?,default)
    Hibernate: insert into ft_participants (draft_order,fantasy_game_seq,player_id,preferred_team,team_name,seq) values (?,?,?,?,?,default)
    Hibernate: insert into ft_participants (draft_order,fantasy_game_seq,player_id,preferred_team,team_name,seq) values (?,?,?,?,?,default)
    Hibernate: insert into ft_participants (draft_order,fantasy_game_seq,player_id,preferred_team,team_name,seq) values (?,?,?,?,?,default)
    Hibernate: insert into ft_participants (draft_order,fantasy_game_seq,player_id,preferred_team,team_name,seq) values (?,?,?,?,?,default)
    Hibernate: insert into ft_participants (draft_order,fantasy_game_seq,player_id,preferred_team,team_name,seq) values (?,?,?,?,?,default)
    Hibernate: insert into ft_participants (draft_order,fantasy_game_seq,player_id,preferred_team,team_name,seq) values (?,?,?,?,?,default)
    Hibernate: insert into ft_participants (draft_order,fantasy_game_seq,player_id,preferred_team,team_name,seq) values (?,?,?,?,?,default)
    Hibernate: insert into ft_participants (draft_order,fantasy_game_seq,player_id,preferred_team,team_name,seq) values (?,?,?,?,?,default)
    Hibernate: insert into ft_participants (draft_order,fantasy_game_seq,player_id,preferred_team,team_name,seq) values (?,?,?,?,?,default)
    Hibernate: insert into ft_participants (draft_order,fantasy_game_seq,player_id,preferred_team,team_name,seq) values (?,?,?,?,?,default)
    Hibernate: insert into ft_participants (draft_order,fantasy_game_seq,player_id,preferred_team,team_name,seq) values (?,?,?,?,?,default)
    Hibernate: insert into ft_participants (draft_order,fantasy_game_seq,player_id,preferred_team,team_name,seq) values (?,?,?,?,?,default)
    Hibernate: insert into ft_participants (draft_order,fantasy_game_seq,player_id,preferred_team,team_name,seq) values (?,?,?,?,?,default)
    Hibernate: insert into ft_participants (draft_order,fantasy_game_seq,player_id,preferred_team,team_name,seq) values (?,?,?,?,?,default)
    Hibernate: insert into ft_participants (draft_order,fantasy_game_seq,player_id,preferred_team,team_name,seq) values (?,?,?,?,?,default)
    Hibernate: insert into ft_participants (draft_order,fantasy_game_seq,player_id,preferred_team,team_name,seq) values (?,?,?,?,?,default)
    Hibernate: insert into ft_participants (draft_order,fantasy_game_seq,player_id,preferred_team,team_name,seq) values (?,?,?,?,?,default)
    Hibernate: insert into ft_participants (draft_order,fantasy_game_seq,player_id,preferred_team,team_name,seq) values (?,?,?,?,?,default)
    Hibernate: insert into ft_participants (draft_order,fantasy_game_seq,player_id,preferred_team,team_name,seq) values (?,?,?,?,?,default)
    Hibernate: insert into ft_participants (draft_order,fantasy_game_seq,player_id,preferred_team,team_name,seq) values (?,?,?,?,?,default)
    Hibernate: insert into ft_participants (draft_order,fantasy_game_seq,player_id,preferred_team,team_name,seq) values (?,?,?,?,?,default)
    Hibernate: insert into ft_participants (draft_order,fantasy_game_seq,player_id,preferred_team,team_name,seq) values (?,?,?,?,?,default)
    Hibernate: insert into ft_participants (draft_order,fantasy_game_seq,player_id,preferred_team,team_name,seq) values (?,?,?,?,?,default)
    Hibernate: insert into ft_participants (draft_order,fantasy_game_seq,player_id,preferred_team,team_name,seq) values (?,?,?,?,?,default)
    Hibernate: insert into ft_participants (draft_order,fantasy_game_seq,player_id,preferred_team,team_name,seq) values (?,?,?,?,?,default)
    Hibernate: insert into ft_participants (draft_order,fantasy_game_seq,player_id,preferred_team,team_name,seq) values (?,?,?,?,?,default)
    Hibernate: insert into ft_participants (draft_order,fantasy_game_seq,player_id,preferred_team,team_name,seq) values (?,?,?,?,?,default)
    Hibernate: insert into ft_participants (draft_order,fantasy_game_seq,player_id,preferred_team,team_name,seq) values (?,?,?,?,?,default)
    Hibernate: insert into ft_participants (draft_order,fantasy_game_seq,player_id,preferred_team,team_name,seq) values (?,?,?,?,?,default)
    Hibernate: insert into ft_participants (draft_order,fantasy_game_seq,player_id,preferred_team,team_name,seq) values (?,?,?,?,?,default)
    Hibernate: insert into ft_participants (draft_order,fantasy_game_seq,player_id,preferred_team,team_name,seq) values (?,?,?,?,?,default)
    Hibernate: insert into ft_participants (draft_order,fantasy_game_seq,player_id,preferred_team,team_name,seq) values (?,?,?,?,?,default)
    Hibernate: insert into ft_participants (draft_order,fantasy_game_seq,player_id,preferred_team,team_name,seq) values (?,?,?,?,?,default)
    Hibernate: insert into ft_participants (draft_order,fantasy_game_seq,player_id,preferred_team,team_name,seq) values (?,?,?,?,?,default)
    Hibernate: insert into ft_participants (draft_order,fantasy_game_seq,player_id,preferred_team,team_name,seq) values (?,?,?,?,?,default)
    Hibernate: insert into ft_participants (draft_order,fantasy_game_seq,player_id,preferred_team,team_name,seq) values (?,?,?,?,?,default)
    Hibernate: insert into ft_participants (draft_order,fantasy_game_seq,player_id,preferred_team,team_name,seq) values (?,?,?,?,?,default)
    Hibernate: insert into ft_participants (draft_order,fantasy_game_seq,player_id,preferred_team,team_name,seq) values (?,?,?,?,?,default)
    Hibernate: insert into ft_participants (draft_order,fantasy_game_seq,player_id,preferred_team,team_name,seq) values (?,?,?,?,?,default)
    Hibernate: insert into ft_participants (draft_order,fantasy_game_seq,player_id,preferred_team,team_name,seq) values (?,?,?,?,?,default)
    Hibernate: insert into ft_participants (draft_order,fantasy_game_seq,player_id,preferred_team,team_name,seq) values (?,?,?,?,?,default)
    Hibernate: insert into ft_participants (draft_order,fantasy_game_seq,player_id,preferred_team,team_name,seq) values (?,?,?,?,?,default)
    Hibernate: insert into ft_participants (draft_order,fantasy_game_seq,player_id,preferred_team,team_name,seq) values (?,?,?,?,?,default)
    Hibernate: insert into ft_participants (draft_order,fantasy_game_seq,player_id,preferred_team,team_name,seq) values (?,?,?,?,?,default)
    Hibernate: insert into ft_participants (draft_order,fantasy_game_seq,player_id,preferred_team,team_name,seq) values (?,?,?,?,?,default)
    Hibernate: insert into ft_participants (draft_order,fantasy_game_seq,player_id,preferred_team,team_name,seq) values (?,?,?,?,?,default)
    Hibernate: insert into ft_participants (draft_order,fantasy_game_seq,player_id,preferred_team,team_name,seq) values (?,?,?,?,?,default)
    Hibernate: insert into ft_participants (draft_order,fantasy_game_seq,player_id,preferred_team,team_name,seq) values (?,?,?,?,?,default)
    Hibernate: insert into ft_participants (draft_order,fantasy_game_seq,player_id,preferred_team,team_name,seq) values (?,?,?,?,?,default)
    Hibernate: insert into ft_participants (draft_order,fantasy_game_seq,player_id,preferred_team,team_name,seq) values (?,?,?,?,?,default)
    Hibernate: insert into ft_participants (draft_order,fantasy_game_seq,player_id,preferred_team,team_name,seq) values (?,?,?,?,?,default)
    Hibernate: insert into ft_participants (draft_order,fantasy_game_seq,player_id,preferred_team,team_name,seq) values (?,?,?,?,?,default)
    Hibernate: insert into ft_participants (draft_order,fantasy_game_seq,player_id,preferred_team,team_name,seq) values (?,?,?,?,?,default)
    Hibernate: insert into ft_participants (draft_order,fantasy_game_seq,player_id,preferred_team,team_name,seq) values (?,?,?,?,?,default)
    Hibernate: insert into ft_participants (draft_order,fantasy_game_seq,player_id,preferred_team,team_name,seq) values (?,?,?,?,?,default)
    Hibernate: insert into ft_participants (draft_order,fantasy_game_seq,player_id,preferred_team,team_name,seq) values (?,?,?,?,?,default)
    Hibernate: insert into ft_participants (draft_order,fantasy_game_seq,player_id,preferred_team,team_name,seq) values (?,?,?,?,?,default)
    Hibernate: insert into ft_participants (draft_order,fantasy_game_seq,player_id,preferred_team,team_name,seq) values (?,?,?,?,?,default)
    Hibernate: insert into ft_participants (draft_order,fantasy_game_seq,player_id,preferred_team,team_name,seq) values (?,?,?,?,?,default)
    Hibernate: insert into ft_participants (draft_order,fantasy_game_seq,player_id,preferred_team,team_name,seq) values (?,?,?,?,?,default)
    Hibernate: insert into ft_participants (draft_order,fantasy_game_seq,player_id,preferred_team,team_name,seq) values (?,?,?,?,?,default)
    Hibernate: insert into ft_participants (draft_order,fantasy_game_seq,player_id,preferred_team,team_name,seq) values (?,?,?,?,?,default)
    Hibernate: insert into ft_participants (draft_order,fantasy_game_seq,player_id,preferred_team,team_name,seq) values (?,?,?,?,?,default)
    Hibernate: insert into ft_participants (draft_order,fantasy_game_seq,player_id,preferred_team,team_name,seq) values (?,?,?,?,?,default)
    Hibernate: insert into ft_participants (draft_order,fantasy_game_seq,player_id,preferred_team,team_name,seq) values (?,?,?,?,?,default)
    Hibernate: insert into ft_participants (draft_order,fantasy_game_seq,player_id,preferred_team,team_name,seq) values (?,?,?,?,?,default)
    Hibernate: insert into ft_participants (draft_order,fantasy_game_seq,player_id,preferred_team,team_name,seq) values (?,?,?,?,?,default)
    Hibernate: insert into ft_participants (draft_order,fantasy_game_seq,player_id,preferred_team,team_name,seq) values (?,?,?,?,?,default)
    Hibernate: insert into ft_participants (draft_order,fantasy_game_seq,player_id,preferred_team,team_name,seq) values (?,?,?,?,?,default)
    Hibernate: insert into ft_participants (draft_order,fantasy_game_seq,player_id,preferred_team,team_name,seq) values (?,?,?,?,?,default)
    Hibernate: insert into ft_participants (draft_order,fantasy_game_seq,player_id,preferred_team,team_name,seq) values (?,?,?,?,?,default)
    Hibernate: insert into ft_participants (draft_order,fantasy_game_seq,player_id,preferred_team,team_name,seq) values (?,?,?,?,?,default)
    Hibernate: insert into ft_participants (draft_order,fantasy_game_seq,player_id,preferred_team,team_name,seq) values (?,?,?,?,?,default)
    Hibernate: insert into ft_participants (draft_order,fantasy_game_seq,player_id,preferred_team,team_name,seq) values (?,?,?,?,?,default)
    Hibernate: insert into ft_participants (draft_order,fantasy_game_seq,player_id,preferred_team,team_name,seq) values (?,?,?,?,?,default)
    Hibernate: insert into ft_participants (draft_order,fantasy_game_seq,player_id,preferred_team,team_name,seq) values (?,?,?,?,?,default)
    Hibernate: insert into ft_participants (draft_order,fantasy_game_seq,player_id,preferred_team,team_name,seq) values (?,?,?,?,?,default)
    Hibernate: insert into ft_participants (draft_order,fantasy_game_seq,player_id,preferred_team,team_name,seq) values (?,?,?,?,?,default)
    Hibernate: insert into ft_participants (draft_order,fantasy_game_seq,player_id,preferred_team,team_name,seq) values (?,?,?,?,?,default)
    Hibernate: insert into ft_participants (draft_order,fantasy_game_seq,player_id,preferred_team,team_name,seq) values (?,?,?,?,?,default)
    Hibernate: insert into ft_participants (draft_order,fantasy_game_seq,player_id,preferred_team,team_name,seq) values (?,?,?,?,?,default)
    Hibernate: insert into ft_participants (draft_order,fantasy_game_seq,player_id,preferred_team,team_name,seq) values (?,?,?,?,?,default)
    Hibernate: insert into ft_participants (draft_order,fantasy_game_seq,player_id,preferred_team,team_name,seq) values (?,?,?,?,?,default)
    Hibernate: insert into ft_participants (draft_order,fantasy_game_seq,player_id,preferred_team,team_name,seq) values (?,?,?,?,?,default)
    Hibernate: insert into ft_participants (draft_order,fantasy_game_seq,player_id,preferred_team,team_name,seq) values (?,?,?,?,?,default)
    Hibernate: insert into ft_participants (draft_order,fantasy_game_seq,player_id,preferred_team,team_name,seq) values (?,?,?,?,?,default)
    Hibernate: insert into ft_participants (draft_order,fantasy_game_seq,player_id,preferred_team,team_name,seq) values (?,?,?,?,?,default)
    Hibernate: insert into ft_participants (draft_order,fantasy_game_seq,player_id,preferred_team,team_name,seq) values (?,?,?,?,?,default)
    Hibernate: insert into ft_participants (draft_order,fantasy_game_seq,player_id,preferred_team,team_name,seq) values (?,?,?,?,?,default)
    Hibernate: insert into ft_participants (draft_order,fantasy_game_seq,player_id,preferred_team,team_name,seq) values (?,?,?,?,?,default)
    Hibernate: insert into ft_participants (draft_order,fantasy_game_seq,player_id,preferred_team,team_name,seq) values (?,?,?,?,?,default)
    Hibernate: insert into ft_participants (draft_order,fantasy_game_seq,player_id,preferred_team,team_name,seq) values (?,?,?,?,?,default)
    Hibernate: insert into ft_participants (draft_order,fantasy_game_seq,player_id,preferred_team,team_name,seq) values (?,?,?,?,?,default)
    Hibernate: insert into ft_participants (draft_order,fantasy_game_seq,player_id,preferred_team,team_name,seq) values (?,?,?,?,?,default)
    Hibernate: insert into ft_participants (draft_order,fantasy_game_seq,player_id,preferred_team,team_name,seq) values (?,?,?,?,?,default)
    Hibernate: insert into ft_participants (draft_order,fantasy_game_seq,player_id,preferred_team,team_name,seq) values (?,?,?,?,?,default)
    Hibernate: insert into ft_participants (draft_order,fantasy_game_seq,player_id,preferred_team,team_name,seq) values (?,?,?,?,?,default)
    Hibernate: insert into ft_participants (draft_order,fantasy_game_seq,player_id,preferred_team,team_name,seq) values (?,?,?,?,?,default)
    Hibernate: insert into ft_participants (draft_order,fantasy_game_seq,player_id,preferred_team,team_name,seq) values (?,?,?,?,?,default)
    Hibernate: insert into ft_participants (draft_order,fantasy_game_seq,player_id,preferred_team,team_name,seq) values (?,?,?,?,?,default)
    Hibernate: insert into ft_participants (draft_order,fantasy_game_seq,player_id,preferred_team,team_name,seq) values (?,?,?,?,?,default)
    Hibernate: insert into ft_participants (draft_order,fantasy_game_seq,player_id,preferred_team,team_name,seq) values (?,?,?,?,?,default)
    Hibernate: insert into ft_participants (draft_order,fantasy_game_seq,player_id,preferred_team,team_name,seq) values (?,?,?,?,?,default)
    Hibernate: insert into ft_participants (draft_order,fantasy_game_seq,player_id,preferred_team,team_name,seq) values (?,?,?,?,?,default)
    Hibernate: insert into ft_participants (draft_order,fantasy_game_seq,player_id,preferred_team,team_name,seq) values (?,?,?,?,?,default)
    Hibernate: insert into ft_participants (draft_order,fantasy_game_seq,player_id,preferred_team,team_name,seq) values (?,?,?,?,?,default)
    Hibernate: insert into ft_participants (draft_order,fantasy_game_seq,player_id,preferred_team,team_name,seq) values (?,?,?,?,?,default)
    Hibernate: insert into ft_participants (draft_order,fantasy_game_seq,player_id,preferred_team,team_name,seq) values (?,?,?,?,?,default)
    Hibernate: insert into ft_participants (draft_order,fantasy_game_seq,player_id,preferred_team,team_name,seq) values (?,?,?,?,?,default)
    Hibernate: insert into ft_participants (draft_order,fantasy_game_seq,player_id,preferred_team,team_name,seq) values (?,?,?,?,?,default)
    Hibernate: insert into ft_participants (draft_order,fantasy_game_seq,player_id,preferred_team,team_name,seq) values (?,?,?,?,?,default)
    Hibernate: insert into ft_participants (draft_order,fantasy_game_seq,player_id,preferred_team,team_name,seq) values (?,?,?,?,?,default)
    Hibernate: insert into ft_participants (draft_order,fantasy_game_seq,player_id,preferred_team,team_name,seq) values (?,?,?,?,?,default)
    Hibernate: insert into ft_participants (draft_order,fantasy_game_seq,player_id,preferred_team,team_name,seq) values (?,?,?,?,?,default)
    Hibernate: insert into ft_participants (draft_order,fantasy_game_seq,player_id,preferred_team,team_name,seq) values (?,?,?,?,?,default)
    Hibernate: insert into ft_participants (draft_order,fantasy_game_seq,player_id,preferred_team,team_name,seq) values (?,?,?,?,?,default)
    Hibernate: insert into ft_participants (draft_order,fantasy_game_seq,player_id,preferred_team,team_name,seq) values (?,?,?,?,?,default)
    Hibernate: insert into ft_participants (draft_order,fantasy_game_seq,player_id,preferred_team,team_name,seq) values (?,?,?,?,?,default)
    Hibernate: insert into ft_participants (draft_order,fantasy_game_seq,player_id,preferred_team,team_name,seq) values (?,?,?,?,?,default)
    Hibernate: insert into ft_participants (draft_order,fantasy_game_seq,player_id,preferred_team,team_name,seq) values (?,?,?,?,?,default)
    Hibernate: insert into ft_participants (draft_order,fantasy_game_seq,player_id,preferred_team,team_name,seq) values (?,?,?,?,?,default)
    Hibernate: insert into ft_participants (draft_order,fantasy_game_seq,player_id,preferred_team,team_name,seq) values (?,?,?,?,?,default)
    Hibernate: insert into ft_participants (draft_order,fantasy_game_seq,player_id,preferred_team,team_name,seq) values (?,?,?,?,?,default)
    Hibernate: insert into ft_participants (draft_order,fantasy_game_seq,player_id,preferred_team,team_name,seq) values (?,?,?,?,?,default)
    Hibernate: insert into ft_participants (draft_order,fantasy_game_seq,player_id,preferred_team,team_name,seq) values (?,?,?,?,?,default)
    Hibernate: insert into ft_participants (draft_order,fantasy_game_seq,player_id,preferred_team,team_name,seq) values (?,?,?,?,?,default)
    Hibernate: insert into ft_participants (draft_order,fantasy_game_seq,player_id,preferred_team,team_name,seq) values (?,?,?,?,?,default)
    Hibernate: insert into ft_participants (draft_order,fantasy_game_seq,player_id,preferred_team,team_name,seq) values (?,?,?,?,?,default)
    Hibernate: insert into ft_participants (draft_order,fantasy_game_seq,player_id,preferred_team,team_name,seq) values (?,?,?,?,?,default)
    Hibernate: insert into ft_participants (draft_order,fantasy_game_seq,player_id,preferred_team,team_name,seq) values (?,?,?,?,?,default)
    Hibernate: insert into ft_participants (draft_order,fantasy_game_seq,player_id,preferred_team,team_name,seq) values (?,?,?,?,?,default)
    Hibernate: insert into ft_participants (draft_order,fantasy_game_seq,player_id,preferred_team,team_name,seq) values (?,?,?,?,?,default)
    Hibernate: insert into ft_participants (draft_order,fantasy_game_seq,player_id,preferred_team,team_name,seq) values (?,?,?,?,?,default)
    Hibernate: insert into ft_participants (draft_order,fantasy_game_seq,player_id,preferred_team,team_name,seq) values (?,?,?,?,?,default)
    Hibernate: insert into ft_participants (draft_order,fantasy_game_seq,player_id,preferred_team,team_name,seq) values (?,?,?,?,?,default)
    Hibernate: insert into ft_participants (draft_order,fantasy_game_seq,player_id,preferred_team,team_name,seq) values (?,?,?,?,?,default)
    Hibernate: insert into ft_participants (draft_order,fantasy_game_seq,player_id,preferred_team,team_name,seq) values (?,?,?,?,?,default)
    Hibernate: insert into ft_participants (draft_order,fantasy_game_seq,player_id,preferred_team,team_name,seq) values (?,?,?,?,?,default)
    Hibernate: insert into ft_participants (draft_order,fantasy_game_seq,player_id,preferred_team,team_name,seq) values (?,?,?,?,?,default)
    Hibernate: insert into ft_participants (draft_order,fantasy_game_seq,player_id,preferred_team,team_name,seq) values (?,?,?,?,?,default)
    Hibernate: insert into ft_participants (draft_order,fantasy_game_seq,player_id,preferred_team,team_name,seq) values (?,?,?,?,?,default)
    Hibernate: insert into ft_participants (draft_order,fantasy_game_seq,player_id,preferred_team,team_name,seq) values (?,?,?,?,?,default)
    Hibernate: insert into ft_participants (draft_order,fantasy_game_seq,player_id,preferred_team,team_name,seq) values (?,?,?,?,?,default)
    Hibernate: insert into ft_participants (draft_order,fantasy_game_seq,player_id,preferred_team,team_name,seq) values (?,?,?,?,?,default)
    Hibernate: insert into ft_participants (draft_order,fantasy_game_seq,player_id,preferred_team,team_name,seq) values (?,?,?,?,?,default)
    Hibernate: insert into ft_participants (draft_order,fantasy_game_seq,player_id,preferred_team,team_name,seq) values (?,?,?,?,?,default)
    Hibernate: insert into ft_participants (draft_order,fantasy_game_seq,player_id,preferred_team,team_name,seq) values (?,?,?,?,?,default)
    Hibernate: insert into ft_participants (draft_order,fantasy_game_seq,player_id,preferred_team,team_name,seq) values (?,?,?,?,?,default)
    Hibernate: insert into ft_participants (draft_order,fantasy_game_seq,player_id,preferred_team,team_name,seq) values (?,?,?,?,?,default)
    Hibernate: insert into ft_participants (draft_order,fantasy_game_seq,player_id,preferred_team,team_name,seq) values (?,?,?,?,?,default)
    Hibernate: insert into ft_participants (draft_order,fantasy_game_seq,player_id,preferred_team,team_name,seq) values (?,?,?,?,?,default)
    Hibernate: insert into ft_participants (draft_order,fantasy_game_seq,player_id,preferred_team,team_name,seq) values (?,?,?,?,?,default)
    Hibernate: insert into ft_participants (draft_order,fantasy_game_seq,player_id,preferred_team,team_name,seq) values (?,?,?,?,?,default)
    Hibernate: insert into ft_participants (draft_order,fantasy_game_seq,player_id,preferred_team,team_name,seq) values (?,?,?,?,?,default)
    Hibernate: insert into ft_participants (draft_order,fantasy_game_seq,player_id,preferred_team,team_name,seq) values (?,?,?,?,?,default)
    Hibernate: insert into ft_participants (draft_order,fantasy_game_seq,player_id,preferred_team,team_name,seq) values (?,?,?,?,?,default)
    Hibernate: insert into ft_participants (draft_order,fantasy_game_seq,player_id,preferred_team,team_name,seq) values (?,?,?,?,?,default)
    Hibernate: insert into ft_participants (draft_order,fantasy_game_seq,player_id,preferred_team,team_name,seq) values (?,?,?,?,?,default)
    Hibernate: insert into ft_participants (draft_order,fantasy_game_seq,player_id,preferred_team,team_name,seq) values (?,?,?,?,?,default)
    Hibernate: insert into ft_participants (draft_order,fantasy_game_seq,player_id,preferred_team,team_name,seq) values (?,?,?,?,?,default)
    Hibernate: insert into ft_participants (draft_order,fantasy_game_seq,player_id,preferred_team,team_name,seq) values (?,?,?,?,?,default)
    Hibernate: insert into ft_participants (draft_order,fantasy_game_seq,player_id,preferred_team,team_name,seq) values (?,?,?,?,?,default)
    Hibernate: insert into ft_participants (draft_order,fantasy_game_seq,player_id,preferred_team,team_name,seq) values (?,?,?,?,?,default)
    Hibernate: insert into ft_participants (draft_order,fantasy_game_seq,player_id,preferred_team,team_name,seq) values (?,?,?,?,?,default)
    Hibernate: insert into ft_participants (draft_order,fantasy_game_seq,player_id,preferred_team,team_name,seq) values (?,?,?,?,?,default)
    Hibernate: insert into ft_participants (draft_order,fantasy_game_seq,player_id,preferred_team,team_name,seq) values (?,?,?,?,?,default)
    Hibernate: insert into ft_participants (draft_order,fantasy_game_seq,player_id,preferred_team,team_name,seq) values (?,?,?,?,?,default)
    Hibernate: insert into ft_participants (draft_order,fantasy_game_seq,player_id,preferred_team,team_name,seq) values (?,?,?,?,?,default)
    Hibernate: insert into ft_participants (draft_order,fantasy_game_seq,player_id,preferred_team,team_name,seq) values (?,?,?,?,?,default)
    Hibernate: insert into ft_participants (draft_order,fantasy_game_seq,player_id,preferred_team,team_name,seq) values (?,?,?,?,?,default)
    Hibernate: insert into ft_participants (draft_order,fantasy_game_seq,player_id,preferred_team,team_name,seq) values (?,?,?,?,?,default)
    Hibernate: insert into ft_participants (draft_order,fantasy_game_seq,player_id,preferred_team,team_name,seq) values (?,?,?,?,?,default)
    Hibernate: insert into ft_participants (draft_order,fantasy_game_seq,player_id,preferred_team,team_name,seq) values (?,?,?,?,?,default)
    Hibernate: insert into ft_participants (draft_order,fantasy_game_seq,player_id,preferred_team,team_name,seq) values (?,?,?,?,?,default)
    Hibernate: insert into ft_participants (draft_order,fantasy_game_seq,player_id,preferred_team,team_name,seq) values (?,?,?,?,?,default)
    Hibernate: insert into ft_participants (draft_order,fantasy_game_seq,player_id,preferred_team,team_name,seq) values (?,?,?,?,?,default)
    Hibernate: insert into ft_participants (draft_order,fantasy_game_seq,player_id,preferred_team,team_name,seq) values (?,?,?,?,?,default)
    Hibernate: insert into ft_participants (draft_order,fantasy_game_seq,player_id,preferred_team,team_name,seq) values (?,?,?,?,?,default)
    Hibernate: insert into ft_participants (draft_order,fantasy_game_seq,player_id,preferred_team,team_name,seq) values (?,?,?,?,?,default)
    Hibernate: insert into ft_participants (draft_order,fantasy_game_seq,player_id,preferred_team,team_name,seq) values (?,?,?,?,?,default)
    Hibernate: insert into ft_participants (draft_order,fantasy_game_seq,player_id,preferred_team,team_name,seq) values (?,?,?,?,?,default)
    Hibernate: insert into ft_participants (draft_order,fantasy_game_seq,player_id,preferred_team,team_name,seq) values (?,?,?,?,?,default)
    Hibernate: insert into ft_participants (draft_order,fantasy_game_seq,player_id,preferred_team,team_name,seq) values (?,?,?,?,?,default)
    Hibernate: insert into ft_participants (draft_order,fantasy_game_seq,player_id,preferred_team,team_name,seq) values (?,?,?,?,?,default)
    Hibernate: insert into ft_participants (draft_order,fantasy_game_seq,player_id,preferred_team,team_name,seq) values (?,?,?,?,?,default)
    Hibernate: insert into ft_participants (draft_order,fantasy_game_seq,player_id,preferred_team,team_name,seq) values (?,?,?,?,?,default)
    Hibernate: insert into ft_participants (draft_order,fantasy_game_seq,player_id,preferred_team,team_name,seq) values (?,?,?,?,?,default)
    Hibernate: insert into ft_participants (draft_order,fantasy_game_seq,player_id,preferred_team,team_name,seq) values (?,?,?,?,?,default)
    Hibernate: insert into ft_participants (draft_order,fantasy_game_seq,player_id,preferred_team,team_name,seq) values (?,?,?,?,?,default)
    Hibernate: insert into ft_participants (draft_order,fantasy_game_seq,player_id,preferred_team,team_name,seq) values (?,?,?,?,?,default)
    Hibernate: insert into ft_participants (draft_order,fantasy_game_seq,player_id,preferred_team,team_name,seq) values (?,?,?,?,?,default)
    Hibernate: insert into ft_participants (draft_order,fantasy_game_seq,player_id,preferred_team,team_name,seq) values (?,?,?,?,?,default)
    Hibernate: insert into ft_participants (draft_order,fantasy_game_seq,player_id,preferred_team,team_name,seq) values (?,?,?,?,?,default)
    Hibernate: insert into ft_participants (draft_order,fantasy_game_seq,player_id,preferred_team,team_name,seq) values (?,?,?,?,?,default)
    Hibernate: insert into ft_participants (draft_order,fantasy_game_seq,player_id,preferred_team,team_name,seq) values (?,?,?,?,?,default)
    Hibernate: insert into ft_participants (draft_order,fantasy_game_seq,player_id,preferred_team,team_name,seq) values (?,?,?,?,?,default)
    Hibernate: insert into ft_participants (draft_order,fantasy_game_seq,player_id,preferred_team,team_name,seq) values (?,?,?,?,?,default)
    Hibernate: insert into ft_participants (draft_order,fantasy_game_seq,player_id,preferred_team,team_name,seq) values (?,?,?,?,?,default)
    Hibernate: insert into ft_participants (draft_order,fantasy_game_seq,player_id,preferred_team,team_name,seq) values (?,?,?,?,?,default)
    Hibernate: insert into ft_participants (draft_order,fantasy_game_seq,player_id,preferred_team,team_name,seq) values (?,?,?,?,?,default)
    Hibernate: insert into ft_participants (draft_order,fantasy_game_seq,player_id,preferred_team,team_name,seq) values (?,?,?,?,?,default)
    Hibernate: insert into ft_participants (draft_order,fantasy_game_seq,player_id,preferred_team,team_name,seq) values (?,?,?,?,?,default)
    Hibernate: insert into ft_participants (draft_order,fantasy_game_seq,player_id,preferred_team,team_name,seq) values (?,?,?,?,?,default)
    Hibernate: insert into ft_participants (draft_order,fantasy_game_seq,player_id,preferred_team,team_name,seq) values (?,?,?,?,?,default)
    Hibernate: insert into ft_participants (draft_order,fantasy_game_seq,player_id,preferred_team,team_name,seq) values (?,?,?,?,?,default)
    Hibernate: insert into ft_participants (draft_order,fantasy_game_seq,player_id,preferred_team,team_name,seq) values (?,?,?,?,?,default)
    Hibernate: insert into ft_participants (draft_order,fantasy_game_seq,player_id,preferred_team,team_name,seq) values (?,?,?,?,?,default)
    Hibernate: insert into ft_participants (draft_order,fantasy_game_seq,player_id,preferred_team,team_name,seq) values (?,?,?,?,?,default)
    Hibernate: insert into ft_participants (draft_order,fantasy_game_seq,player_id,preferred_team,team_name,seq) values (?,?,?,?,?,default)
    Hibernate: insert into ft_participants (draft_order,fantasy_game_seq,player_id,preferred_team,team_name,seq) values (?,?,?,?,?,default)
    Hibernate: insert into ft_participants (draft_order,fantasy_game_seq,player_id,preferred_team,team_name,seq) values (?,?,?,?,?,default)
    Hibernate: insert into ft_participants (draft_order,fantasy_game_seq,player_id,preferred_team,team_name,seq) values (?,?,?,?,?,default)
    Hibernate: insert into ft_participants (draft_order,fantasy_game_seq,player_id,preferred_team,team_name,seq) values (?,?,?,?,?,default)
    Hibernate: insert into ft_participants (draft_order,fantasy_game_seq,player_id,preferred_team,team_name,seq) values (?,?,?,?,?,default)
    Hibernate: insert into ft_participants (draft_order,fantasy_game_seq,player_id,preferred_team,team_name,seq) values (?,?,?,?,?,default)
    Hibernate: insert into ft_participants (draft_order,fantasy_game_seq,player_id,preferred_team,team_name,seq) values (?,?,?,?,?,default)
    Hibernate: insert into ft_participants (draft_order,fantasy_game_seq,player_id,preferred_team,team_name,seq) values (?,?,?,?,?,default)
    Hibernate: insert into ft_participants (draft_order,fantasy_game_seq,player_id,preferred_team,team_name,seq) values (?,?,?,?,?,default)
    Hibernate: insert into ft_participants (draft_order,fantasy_game_seq,player_id,preferred_team,team_name,seq) values (?,?,?,?,?,default)
    Hibernate: insert into ft_participants (draft_order,fantasy_game_seq,player_id,preferred_team,team_name,seq) values (?,?,?,?,?,default)
    Hibernate: insert into ft_participants (draft_order,fantasy_game_seq,player_id,preferred_team,team_name,seq) values (?,?,?,?,?,default)
    Hibernate: insert into ft_participants (draft_order,fantasy_game_seq,player_id,preferred_team,team_name,seq) values (?,?,?,?,?,default)
    Hibernate: insert into ft_participants (draft_order,fantasy_game_seq,player_id,preferred_team,team_name,seq) values (?,?,?,?,?,default)
    Hibernate: insert into ft_participants (draft_order,fantasy_game_seq,player_id,preferred_team,team_name,seq) values (?,?,?,?,?,default)
    Hibernate: insert into ft_participants (draft_order,fantasy_game_seq,player_id,preferred_team,team_name,seq) values (?,?,?,?,?,default)
    Hibernate: insert into ft_participants (draft_order,fantasy_game_seq,player_id,preferred_team,team_name,seq) values (?,?,?,?,?,default)
    Hibernate: insert into ft_participants (draft_order,fantasy_game_seq,player_id,preferred_team,team_name,seq) values (?,?,?,?,?,default)
    Hibernate: insert into ft_participants (draft_order,fantasy_game_seq,player_id,preferred_team,team_name,seq) values (?,?,?,?,?,default)
    Hibernate: insert into ft_participants (draft_order,fantasy_game_seq,player_id,preferred_team,team_name,seq) values (?,?,?,?,?,default)
    Hibernate: insert into ft_participants (draft_order,fantasy_game_seq,player_id,preferred_team,team_name,seq) values (?,?,?,?,?,default)
    Hibernate: insert into ft_participants (draft_order,fantasy_game_seq,player_id,preferred_team,team_name,seq) values (?,?,?,?,?,default)
    Hibernate: insert into ft_participants (draft_order,fantasy_game_seq,player_id,preferred_team,team_name,seq) values (?,?,?,?,?,default)
    Hibernate: insert into ft_participants (draft_order,fantasy_game_seq,player_id,preferred_team,team_name,seq) values (?,?,?,?,?,default)
    Hibernate: insert into ft_participants (draft_order,fantasy_game_seq,player_id,preferred_team,team_name,seq) values (?,?,?,?,?,default)
    Hibernate: insert into ft_participants (draft_order,fantasy_game_seq,player_id,preferred_team,team_name,seq) values (?,?,?,?,?,default)
    Hibernate: insert into ft_participants (draft_order,fantasy_game_seq,player_id,preferred_team,team_name,seq) values (?,?,?,?,?,default)
    Hibernate: insert into ft_participants (draft_order,fantasy_game_seq,player_id,preferred_team,team_name,seq) values (?,?,?,?,?,default)
    Hibernate: insert into ft_participants (draft_order,fantasy_game_seq,player_id,preferred_team,team_name,seq) values (?,?,?,?,?,default)
    Hibernate: insert into ft_participants (draft_order,fantasy_game_seq,player_id,preferred_team,team_name,seq) values (?,?,?,?,?,default)
    Hibernate: insert into ft_participants (draft_order,fantasy_game_seq,player_id,preferred_team,team_name,seq) values (?,?,?,?,?,default)
    Hibernate: insert into ft_participants (draft_order,fantasy_game_seq,player_id,preferred_team,team_name,seq) values (?,?,?,?,?,default)
    Hibernate: insert into ft_participants (draft_order,fantasy_game_seq,player_id,preferred_team,team_name,seq) values (?,?,?,?,?,default)
    Hibernate: insert into ft_participants (draft_order,fantasy_game_seq,player_id,preferred_team,team_name,seq) values (?,?,?,?,?,default)
    Hibernate: insert into ft_participants (draft_order,fantasy_game_seq,player_id,preferred_team,team_name,seq) values (?,?,?,?,?,default)
    Hibernate: insert into ft_participants (draft_order,fantasy_game_seq,player_id,preferred_team,team_name,seq) values (?,?,?,?,?,default)
    Hibernate: insert into ft_participants (draft_order,fantasy_game_seq,player_id,preferred_team,team_name,seq) values (?,?,?,?,?,default)
    Hibernate: insert into ft_participants (draft_order,fantasy_game_seq,player_id,preferred_team,team_name,seq) values (?,?,?,?,?,default)
    Hibernate: insert into ft_participants (draft_order,fantasy_game_seq,player_id,preferred_team,team_name,seq) values (?,?,?,?,?,default)
    Hibernate: insert into ft_participants (draft_order,fantasy_game_seq,player_id,preferred_team,team_name,seq) values (?,?,?,?,?,default)
    Hibernate: insert into ft_participants (draft_order,fantasy_game_seq,player_id,preferred_team,team_name,seq) values (?,?,?,?,?,default)
    Hibernate: insert into ft_participants (draft_order,fantasy_game_seq,player_id,preferred_team,team_name,seq) values (?,?,?,?,?,default)
    Hibernate: insert into ft_participants (draft_order,fantasy_game_seq,player_id,preferred_team,team_name,seq) values (?,?,?,?,?,default)
    Hibernate: insert into ft_participants (draft_order,fantasy_game_seq,player_id,preferred_team,team_name,seq) values (?,?,?,?,?,default)
    Hibernate: insert into ft_participants (draft_order,fantasy_game_seq,player_id,preferred_team,team_name,seq) values (?,?,?,?,?,default)
    Hibernate: insert into ft_participants (draft_order,fantasy_game_seq,player_id,preferred_team,team_name,seq) values (?,?,?,?,?,default)
    Hibernate: insert into ft_participants (draft_order,fantasy_game_seq,player_id,preferred_team,team_name,seq) values (?,?,?,?,?,default)
    Hibernate: insert into ft_participants (draft_order,fantasy_game_seq,player_id,preferred_team,team_name,seq) values (?,?,?,?,?,default)
    Hibernate: insert into ft_participants (draft_order,fantasy_game_seq,player_id,preferred_team,team_name,seq) values (?,?,?,?,?,default)
    Hibernate: insert into ft_participants (draft_order,fantasy_game_seq,player_id,preferred_team,team_name,seq) values (?,?,?,?,?,default)
    Hibernate: insert into ft_participants (draft_order,fantasy_game_seq,player_id,preferred_team,team_name,seq) values (?,?,?,?,?,default)
    Hibernate: insert into ft_participants (draft_order,fantasy_game_seq,player_id,preferred_team,team_name,seq) values (?,?,?,?,?,default)
    Hibernate: insert into ft_participants (draft_order,fantasy_game_seq,player_id,preferred_team,team_name,seq) values (?,?,?,?,?,default)
    Hibernate: insert into ft_participants (draft_order,fantasy_game_seq,player_id,preferred_team,team_name,seq) values (?,?,?,?,?,default)
    Hibernate: insert into ft_participants (draft_order,fantasy_game_seq,player_id,preferred_team,team_name,seq) values (?,?,?,?,?,default)
    Hibernate: insert into ft_participants (draft_order,fantasy_game_seq,player_id,preferred_team,team_name,seq) values (?,?,?,?,?,default)
    Hibernate: insert into ft_participants (draft_order,fantasy_game_seq,player_id,preferred_team,team_name,seq) values (?,?,?,?,?,default)
    Hibernate: insert into ft_participants (draft_order,fantasy_game_seq,player_id,preferred_team,team_name,seq) values (?,?,?,?,?,default)
    Hibernate: insert into ft_participants (draft_order,fantasy_game_seq,player_id,preferred_team,team_name,seq) values (?,?,?,?,?,default)
    Hibernate: insert into ft_participants (draft_order,fantasy_game_seq,player_id,preferred_team,team_name,seq) values (?,?,?,?,?,default)
    Hibernate: insert into ft_participants (draft_order,fantasy_game_seq,player_id,preferred_team,team_name,seq) values (?,?,?,?,?,default)
    Hibernate: insert into ft_participants (draft_order,fantasy_game_seq,player_id,preferred_team,team_name,seq) values (?,?,?,?,?,default)
    Hibernate: insert into ft_participants (draft_order,fantasy_game_seq,player_id,preferred_team,team_name,seq) values (?,?,?,?,?,default)
    Hibernate: insert into ft_participants (draft_order,fantasy_game_seq,player_id,preferred_team,team_name,seq) values (?,?,?,?,?,default)
    Hibernate: insert into ft_participants (draft_order,fantasy_game_seq,player_id,preferred_team,team_name,seq) values (?,?,?,?,?,default)
    Hibernate: insert into ft_participants (draft_order,fantasy_game_seq,player_id,preferred_team,team_name,seq) values (?,?,?,?,?,default)
    Hibernate: insert into ft_participants (draft_order,fantasy_game_seq,player_id,preferred_team,team_name,seq) values (?,?,?,?,?,default)
    Hibernate: insert into ft_participants (draft_order,fantasy_game_seq,player_id,preferred_team,team_name,seq) values (?,?,?,?,?,default)
    Hibernate: insert into ft_participants (draft_order,fantasy_game_seq,player_id,preferred_team,team_name,seq) values (?,?,?,?,?,default)
    Hibernate: insert into ft_participants (draft_order,fantasy_game_seq,player_id,preferred_team,team_name,seq) values (?,?,?,?,?,default)
    Hibernate: insert into ft_participants (draft_order,fantasy_game_seq,player_id,preferred_team,team_name,seq) values (?,?,?,?,?,default)
    Hibernate: insert into ft_participants (draft_order,fantasy_game_seq,player_id,preferred_team,team_name,seq) values (?,?,?,?,?,default)
    Hibernate: insert into ft_participants (draft_order,fantasy_game_seq,player_id,preferred_team,team_name,seq) values (?,?,?,?,?,default)
    Hibernate: insert into ft_participants (draft_order,fantasy_game_seq,player_id,preferred_team,team_name,seq) values (?,?,?,?,?,default)
    Hibernate: insert into ft_participants (draft_order,fantasy_game_seq,player_id,preferred_team,team_name,seq) values (?,?,?,?,?,default)
    Hibernate: insert into ft_participants (draft_order,fantasy_game_seq,player_id,preferred_team,team_name,seq) values (?,?,?,?,?,default)
    Hibernate: insert into ft_participants (draft_order,fantasy_game_seq,player_id,preferred_team,team_name,seq) values (?,?,?,?,?,default)
    Hibernate: insert into ft_participants (draft_order,fantasy_game_seq,player_id,preferred_team,team_name,seq) values (?,?,?,?,?,default)
    Hibernate: insert into ft_participants (draft_order,fantasy_game_seq,player_id,preferred_team,team_name,seq) values (?,?,?,?,?,default)
    Hibernate: insert into ft_participants (draft_order,fantasy_game_seq,player_id,preferred_team,team_name,seq) values (?,?,?,?,?,default)
    Hibernate: insert into ft_participants (draft_order,fantasy_game_seq,player_id,preferred_team,team_name,seq) values (?,?,?,?,?,default)
    Hibernate: insert into ft_participants (draft_order,fantasy_game_seq,player_id,preferred_team,team_name,seq) values (?,?,?,?,?,default)
    Hibernate: insert into ft_participants (draft_order,fantasy_game_seq,player_id,preferred_team,team_name,seq) values (?,?,?,?,?,default)
    Hibernate: insert into ft_participants (draft_order,fantasy_game_seq,player_id,preferred_team,team_name,seq) values (?,?,?,?,?,default)
    Hibernate: insert into ft_participants (draft_order,fantasy_game_seq,player_id,preferred_team,team_name,seq) values (?,?,?,?,?,default)
    Hibernate: insert into ft_participants (draft_order,fantasy_game_seq,player_id,preferred_team,team_name,seq) values (?,?,?,?,?,default)
    Hibernate: insert into ft_participants (draft_order,fantasy_game_seq,player_id,preferred_team,team_name,seq) values (?,?,?,?,?,default)
    Hibernate: insert into ft_participants (draft_order,fantasy_game_seq,player_id,preferred_team,team_name,seq) values (?,?,?,?,?,default)
    Hibernate: insert into ft_participants (draft_order,fantasy_game_seq,player_id,preferred_team,team_name,seq) values (?,?,?,?,?,default)
    Hibernate: insert into ft_participants (draft_order,fantasy_game_seq,player_id,preferred_team,team_name,seq) values (?,?,?,?,?,default)
    Hibernate: insert into ft_participants (draft_order,fantasy_game_seq,player_id,preferred_team,team_name,seq) values (?,?,?,?,?,default)
    Hibernate: insert into ft_participants (draft_order,fantasy_game_seq,player_id,preferred_team,team_name,seq) values (?,?,?,?,?,default)
    Hibernate: insert into ft_participants (draft_order,fantasy_game_seq,player_id,preferred_team,team_name,seq) values (?,?,?,?,?,default)
    Hibernate: insert into ft_participants (draft_order,fantasy_game_seq,player_id,preferred_team,team_name,seq) values (?,?,?,?,?,default)
    Hibernate: insert into ft_participants (draft_order,fantasy_game_seq,player_id,preferred_team,team_name,seq) values (?,?,?,?,?,default)
    Hibernate: insert into ft_participants (draft_order,fantasy_game_seq,player_id,preferred_team,team_name,seq) values (?,?,?,?,?,default)
    Hibernate: insert into ft_participants (draft_order,fantasy_game_seq,player_id,preferred_team,team_name,seq) values (?,?,?,?,?,default)
    Hibernate: insert into ft_participants (draft_order,fantasy_game_seq,player_id,preferred_team,team_name,seq) values (?,?,?,?,?,default)
    Hibernate: insert into ft_participants (draft_order,fantasy_game_seq,player_id,preferred_team,team_name,seq) values (?,?,?,?,?,default)
    Hibernate: insert into ft_participants (draft_order,fantasy_game_seq,player_id,preferred_team,team_name,seq) values (?,?,?,?,?,default)
    Hibernate: insert into ft_participants (draft_order,fantasy_game_seq,player_id,preferred_team,team_name,seq) values (?,?,?,?,?,default)
    Hibernate: insert into ft_participants (draft_order,fantasy_game_seq,player_id,preferred_team,team_name,seq) values (?,?,?,?,?,default)
    Hibernate: insert into ft_participants (draft_order,fantasy_game_seq,player_id,preferred_team,team_name,seq) values (?,?,?,?,?,default)
    Hibernate: insert into ft_participants (draft_order,fantasy_game_seq,player_id,preferred_team,team_name,seq) values (?,?,?,?,?,default)
    Hibernate: insert into ft_participants (draft_order,fantasy_game_seq,player_id,preferred_team,team_name,seq) values (?,?,?,?,?,default)
    Hibernate: insert into ft_participants (draft_order,fantasy_game_seq,player_id,preferred_team,team_name,seq) values (?,?,?,?,?,default)
    Hibernate: insert into ft_participants (draft_order,fantasy_game_seq,player_id,preferred_team,team_name,seq) values (?,?,?,?,?,default)
    Hibernate: insert into ft_participants (draft_order,fantasy_game_seq,player_id,preferred_team,team_name,seq) values (?,?,?,?,?,default)
    Hibernate: insert into ft_participants (draft_order,fantasy_game_seq,player_id,preferred_team,team_name,seq) values (?,?,?,?,?,default)
    Hibernate: insert into ft_participants (draft_order,fantasy_game_seq,player_id,preferred_team,team_name,seq) values (?,?,?,?,?,default)
    Hibernate: insert into ft_participants (draft_order,fantasy_game_seq,player_id,preferred_team,team_name,seq) values (?,?,?,?,?,default)
    Hibernate: insert into ft_participants (draft_order,fantasy_game_seq,player_id,preferred_team,team_name,seq) values (?,?,?,?,?,default)
    Hibernate: insert into ft_participants (draft_order,fantasy_game_seq,player_id,preferred_team,team_name,seq) values (?,?,?,?,?,default)
    Hibernate: insert into ft_participants (draft_order,fantasy_game_seq,player_id,preferred_team,team_name,seq) values (?,?,?,?,?,default)
    Hibernate: insert into ft_participants (draft_order,fantasy_game_seq,player_id,preferred_team,team_name,seq) values (?,?,?,?,?,default)
    Hibernate: insert into ft_participants (draft_order,fantasy_game_seq,player_id,preferred_team,team_name,seq) values (?,?,?,?,?,default)
    Hibernate: insert into ft_participants (draft_order,fantasy_game_seq,player_id,preferred_team,team_name,seq) values (?,?,?,?,?,default)
    Hibernate: insert into ft_participants (draft_order,fantasy_game_seq,player_id,preferred_team,team_name,seq) values (?,?,?,?,?,default)
    Hibernate: insert into ft_participants (draft_order,fantasy_game_seq,player_id,preferred_team,team_name,seq) values (?,?,?,?,?,default)
    Hibernate: insert into ft_participants (draft_order,fantasy_game_seq,player_id,preferred_team,team_name,seq) values (?,?,?,?,?,default)
    Hibernate: insert into ft_participants (draft_order,fantasy_game_seq,player_id,preferred_team,team_name,seq) values (?,?,?,?,?,default)
    Hibernate: insert into ft_participants (draft_order,fantasy_game_seq,player_id,preferred_team,team_name,seq) values (?,?,?,?,?,default)
    Hibernate: insert into ft_participants (draft_order,fantasy_game_seq,player_id,preferred_team,team_name,seq) values (?,?,?,?,?,default)
    Hibernate: insert into ft_participants (draft_order,fantasy_game_seq,player_id,preferred_team,team_name,seq) values (?,?,?,?,?,default)
    Hibernate: insert into ft_participants (draft_order,fantasy_game_seq,player_id,preferred_team,team_name,seq) values (?,?,?,?,?,default)
    Hibernate: insert into ft_participants (draft_order,fantasy_game_seq,player_id,preferred_team,team_name,seq) values (?,?,?,?,?,default)
    Hibernate: insert into ft_participants (draft_order,fantasy_game_seq,player_id,preferred_team,team_name,seq) values (?,?,?,?,?,default)
    Hibernate: insert into ft_participants (draft_order,fantasy_game_seq,player_id,preferred_team,team_name,seq) values (?,?,?,?,?,default)
    Hibernate: insert into ft_participants (draft_order,fantasy_game_seq,player_id,preferred_team,team_name,seq) values (?,?,?,?,?,default)
    Hibernate: insert into ft_participants (draft_order,fantasy_game_seq,player_id,preferred_team,team_name,seq) values (?,?,?,?,?,default)
    Hibernate: insert into ft_participants (draft_order,fantasy_game_seq,player_id,preferred_team,team_name,seq) values (?,?,?,?,?,default)
    Hibernate: insert into ft_participants (draft_order,fantasy_game_seq,player_id,preferred_team,team_name,seq) values (?,?,?,?,?,default)
    Hibernate: insert into ft_participants (draft_order,fantasy_game_seq,player_id,preferred_team,team_name,seq) values (?,?,?,?,?,default)
    Hibernate: insert into ft_participants (draft_order,fantasy_game_seq,player_id,preferred_team,team_name,seq) values (?,?,?,?,?,default)
    Hibernate: insert into ft_participants (draft_order,fantasy_game_seq,player_id,preferred_team,team_name,seq) values (?,?,?,?,?,default)
    Hibernate: insert into ft_participants (draft_order,fantasy_game_seq,player_id,preferred_team,team_name,seq) values (?,?,?,?,?,default)
    Hibernate: insert into ft_participants (draft_order,fantasy_game_seq,player_id,preferred_team,team_name,seq) values (?,?,?,?,?,default)
    Hibernate: insert into ft_participants (draft_order,fantasy_game_seq,player_id,preferred_team,team_name,seq) values (?,?,?,?,?,default)
    Hibernate: insert into ft_participants (draft_order,fantasy_game_seq,player_id,preferred_team,team_name,seq) values (?,?,?,?,?,default)
    Hibernate: insert into ft_participants (draft_order,fantasy_game_seq,player_id,preferred_team,team_name,seq) values (?,?,?,?,?,default)
    Hibernate: insert into ft_participants (draft_order,fantasy_game_seq,player_id,preferred_team,team_name,seq) values (?,?,?,?,?,default)
    Hibernate: insert into ft_participants (draft_order,fantasy_game_seq,player_id,preferred_team,team_name,seq) values (?,?,?,?,?,default)
    Hibernate: insert into ft_participants (draft_order,fantasy_game_seq,player_id,preferred_team,team_name,seq) values (?,?,?,?,?,default)
    Hibernate: insert into ft_participants (draft_order,fantasy_game_seq,player_id,preferred_team,team_name,seq) values (?,?,?,?,?,default)
    Hibernate: insert into ft_participants (draft_order,fantasy_game_seq,player_id,preferred_team,team_name,seq) values (?,?,?,?,?,default)
    Hibernate: insert into ft_participants (draft_order,fantasy_game_seq,player_id,preferred_team,team_name,seq) values (?,?,?,?,?,default)
    Hibernate: insert into ft_participants (draft_order,fantasy_game_seq,player_id,preferred_team,team_name,seq) values (?,?,?,?,?,default)
    Hibernate: insert into ft_participants (draft_order,fantasy_game_seq,player_id,preferred_team,team_name,seq) values (?,?,?,?,?,default)
    Hibernate: insert into ft_participants (draft_order,fantasy_game_seq,player_id,preferred_team,team_name,seq) values (?,?,?,?,?,default)
    Hibernate: insert into ft_participants (draft_order,fantasy_game_seq,player_id,preferred_team,team_name,seq) values (?,?,?,?,?,default)
    Hibernate: insert into ft_participants (draft_order,fantasy_game_seq,player_id,preferred_team,team_name,seq) values (?,?,?,?,?,default)
    Hibernate: insert into ft_participants (draft_order,fantasy_game_seq,player_id,preferred_team,team_name,seq) values (?,?,?,?,?,default)
    Hibernate: insert into ft_participants (draft_order,fantasy_game_seq,player_id,preferred_team,team_name,seq) values (?,?,?,?,?,default)
    Hibernate: insert into ft_participants (draft_order,fantasy_game_seq,player_id,preferred_team,team_name,seq) values (?,?,?,?,?,default)
    Hibernate: insert into ft_participants (draft_order,fantasy_game_seq,player_id,preferred_team,team_name,seq) values (?,?,?,?,?,default)
    Hibernate: insert into ft_participants (draft_order,fantasy_game_seq,player_id,preferred_team,team_name,seq) values (?,?,?,?,?,default)
    Hibernate: insert into ft_participants (draft_order,fantasy_game_seq,player_id,preferred_team,team_name,seq) values (?,?,?,?,?,default)
    Hibernate: insert into ft_participants (draft_order,fantasy_game_seq,player_id,preferred_team,team_name,seq) values (?,?,?,?,?,default)
    Hibernate: insert into ft_participants (draft_order,fantasy_game_seq,player_id,preferred_team,team_name,seq) values (?,?,?,?,?,default)
    Hibernate: insert into ft_participants (draft_order,fantasy_game_seq,player_id,preferred_team,team_name,seq) values (?,?,?,?,?,default)
    Hibernate: insert into ft_participants (draft_order,fantasy_game_seq,player_id,preferred_team,team_name,seq) values (?,?,?,?,?,default)
    Hibernate: insert into ft_participants (draft_order,fantasy_game_seq,player_id,preferred_team,team_name,seq) values (?,?,?,?,?,default)
    Hibernate: insert into ft_participants (draft_order,fantasy_game_seq,player_id,preferred_team,team_name,seq) values (?,?,?,?,?,default)
    Hibernate: insert into ft_participants (draft_order,fantasy_game_seq,player_id,preferred_team,team_name,seq) values (?,?,?,?,?,default)
    Hibernate: insert into ft_participants (draft_order,fantasy_game_seq,player_id,preferred_team,team_name,seq) values (?,?,?,?,?,default)
    Hibernate: insert into ft_participants (draft_order,fantasy_game_seq,player_id,preferred_team,team_name,seq) values (?,?,?,?,?,default)
    Hibernate: insert into ft_participants (draft_order,fantasy_game_seq,player_id,preferred_team,team_name,seq) values (?,?,?,?,?,default)
    Hibernate: insert into ft_participants (draft_order,fantasy_game_seq,player_id,preferred_team,team_name,seq) values (?,?,?,?,?,default)
    Hibernate: insert into ft_participants (draft_order,fantasy_game_seq,player_id,preferred_team,team_name,seq) values (?,?,?,?,?,default)
    Hibernate: insert into ft_participants (draft_order,fantasy_game_seq,player_id,preferred_team,team_name,seq) values (?,?,?,?,?,default)
    Hibernate: insert into ft_participants (draft_order,fantasy_game_seq,player_id,preferred_team,team_name,seq) values (?,?,?,?,?,default)
    Hibernate: insert into ft_participants (draft_order,fantasy_game_seq,player_id,preferred_team,team_name,seq) values (?,?,?,?,?,default)
    Hibernate: insert into ft_participants (draft_order,fantasy_game_seq,player_id,preferred_team,team_name,seq) values (?,?,?,?,?,default)
    Hibernate: insert into ft_participants (draft_order,fantasy_game_seq,player_id,preferred_team,team_name,seq) values (?,?,?,?,?,default)
    Hibernate: insert into ft_participants (draft_order,fantasy_game_seq,player_id,preferred_team,team_name,seq) values (?,?,?,?,?,default)
    Hibernate: insert into ft_participants (draft_order,fantasy_game_seq,player_id,preferred_team,team_name,seq) values (?,?,?,?,?,default)
    Hibernate: insert into ft_participants (draft_order,fantasy_game_seq,player_id,preferred_team,team_name,seq) values (?,?,?,?,?,default)
    Hibernate: insert into ft_participants (draft_order,fantasy_game_seq,player_id,preferred_team,team_name,seq) values (?,?,?,?,?,default)
    Hibernate: insert into ft_participants (draft_order,fantasy_game_seq,player_id,preferred_team,team_name,seq) values (?,?,?,?,?,default)
    Hibernate: insert into ft_participants (draft_order,fantasy_game_seq,player_id,preferred_team,team_name,seq) values (?,?,?,?,?,default)
    Hibernate: insert into ft_participants (draft_order,fantasy_game_seq,player_id,preferred_team,team_name,seq) values (?,?,?,?,?,default)
    Hibernate: insert into ft_participants (draft_order,fantasy_game_seq,player_id,preferred_team,team_name,seq) values (?,?,?,?,?,default)
    Hibernate: insert into ft_participants (draft_order,fantasy_game_seq,player_id,preferred_team,team_name,seq) values (?,?,?,?,?,default)
    Hibernate: insert into ft_participants (draft_order,fantasy_game_seq,player_id,preferred_team,team_name,seq) values (?,?,?,?,?,default)
    Hibernate: insert into ft_participants (draft_order,fantasy_game_seq,player_id,preferred_team,team_name,seq) values (?,?,?,?,?,default)
    Hibernate: insert into ft_participants (draft_order,fantasy_game_seq,player_id,preferred_team,team_name,seq) values (?,?,?,?,?,default)
    Hibernate: insert into ft_participants (draft_order,fantasy_game_seq,player_id,preferred_team,team_name,seq) values (?,?,?,?,?,default)
    Hibernate: insert into ft_participants (draft_order,fantasy_game_seq,player_id,preferred_team,team_name,seq) values (?,?,?,?,?,default)
    Hibernate: insert into ft_participants (draft_order,fantasy_game_seq,player_id,preferred_team,team_name,seq) values (?,?,?,?,?,default)
    Hibernate: insert into ft_participants (draft_order,fantasy_game_seq,player_id,preferred_team,team_name,seq) values (?,?,?,?,?,default)
    Hibernate: insert into ft_participants (draft_order,fantasy_game_seq,player_id,preferred_team,team_name,seq) values (?,?,?,?,?,default)
    Hibernate: insert into ft_participants (draft_order,fantasy_game_seq,player_id,preferred_team,team_name,seq) values (?,?,?,?,?,default)
    Hibernate: insert into ft_participants (draft_order,fantasy_game_seq,player_id,preferred_team,team_name,seq) values (?,?,?,?,?,default)
    Hibernate: insert into ft_participants (draft_order,fantasy_game_seq,player_id,preferred_team,team_name,seq) values (?,?,?,?,?,default)
    Hibernate: insert into ft_participants (draft_order,fantasy_game_seq,player_id,preferred_team,team_name,seq) values (?,?,?,?,?,default)
    Hibernate: insert into ft_participants (draft_order,fantasy_game_seq,player_id,preferred_team,team_name,seq) values (?,?,?,?,?,default)
    Hibernate: insert into ft_participants (draft_order,fantasy_game_seq,player_id,preferred_team,team_name,seq) values (?,?,?,?,?,default)
    Hibernate: insert into ft_participants (draft_order,fantasy_game_seq,player_id,preferred_team,team_name,seq) values (?,?,?,?,?,default)
    Hibernate: insert into ft_participants (draft_order,fantasy_game_seq,player_id,preferred_team,team_name,seq) values (?,?,?,?,?,default)
    Hibernate: insert into ft_participants (draft_order,fantasy_game_seq,player_id,preferred_team,team_name,seq) values (?,?,?,?,?,default)
    Hibernate: insert into ft_participants (draft_order,fantasy_game_seq,player_id,preferred_team,team_name,seq) values (?,?,?,?,?,default)
    Hibernate: insert into ft_participants (draft_order,fantasy_game_seq,player_id,preferred_team,team_name,seq) values (?,?,?,?,?,default)
    Hibernate: insert into ft_participants (draft_order,fantasy_game_seq,player_id,preferred_team,team_name,seq) values (?,?,?,?,?,default)
    Hibernate: insert into ft_participants (draft_order,fantasy_game_seq,player_id,preferred_team,team_name,seq) values (?,?,?,?,?,default)
    Hibernate: insert into ft_participants (draft_order,fantasy_game_seq,player_id,preferred_team,team_name,seq) values (?,?,?,?,?,default)
    Hibernate: insert into ft_participants (draft_order,fantasy_game_seq,player_id,preferred_team,team_name,seq) values (?,?,?,?,?,default)
    Hibernate: insert into ft_participants (draft_order,fantasy_game_seq,player_id,preferred_team,team_name,seq) values (?,?,?,?,?,default)
    Hibernate: insert into ft_participants (draft_order,fantasy_game_seq,player_id,preferred_team,team_name,seq) values (?,?,?,?,?,default)
    Hibernate: insert into ft_participants (draft_order,fantasy_game_seq,player_id,preferred_team,team_name,seq) values (?,?,?,?,?,default)
    Hibernate: insert into ft_participants (draft_order,fantasy_game_seq,player_id,preferred_team,team_name,seq) values (?,?,?,?,?,default)
    Hibernate: insert into ft_participants (draft_order,fantasy_game_seq,player_id,preferred_team,team_name,seq) values (?,?,?,?,?,default)
    Hibernate: insert into ft_participants (draft_order,fantasy_game_seq,player_id,preferred_team,team_name,seq) values (?,?,?,?,?,default)
    Hibernate: insert into ft_participants (draft_order,fantasy_game_seq,player_id,preferred_team,team_name,seq) values (?,?,?,?,?,default)
    Hibernate: insert into ft_participants (draft_order,fantasy_game_seq,player_id,preferred_team,team_name,seq) values (?,?,?,?,?,default)
    Hibernate: insert into ft_participants (draft_order,fantasy_game_seq,player_id,preferred_team,team_name,seq) values (?,?,?,?,?,default)
    Hibernate: insert into ft_participants (draft_order,fantasy_game_seq,player_id,preferred_team,team_name,seq) values (?,?,?,?,?,default)
    Hibernate: insert into ft_participants (draft_order,fantasy_game_seq,player_id,preferred_team,team_name,seq) values (?,?,?,?,?,default)
    Hibernate: insert into ft_participants (draft_order,fantasy_game_seq,player_id,preferred_team,team_name,seq) values (?,?,?,?,?,default)
    Hibernate: insert into ft_participants (draft_order,fantasy_game_seq,player_id,preferred_team,team_name,seq) values (?,?,?,?,?,default)
    Hibernate: insert into ft_participants (draft_order,fantasy_game_seq,player_id,preferred_team,team_name,seq) values (?,?,?,?,?,default)
    Hibernate: insert into ft_participants (draft_order,fantasy_game_seq,player_id,preferred_team,team_name,seq) values (?,?,?,?,?,default)
    Hibernate: insert into ft_participants (draft_order,fantasy_game_seq,player_id,preferred_team,team_name,seq) values (?,?,?,?,?,default)
    Hibernate: insert into ft_participants (draft_order,fantasy_game_seq,player_id,preferred_team,team_name,seq) values (?,?,?,?,?,default)
    Hibernate: insert into ft_participants (draft_order,fantasy_game_seq,player_id,preferred_team,team_name,seq) values (?,?,?,?,?,default)
    Hibernate: insert into ft_participants (draft_order,fantasy_game_seq,player_id,preferred_team,team_name,seq) values (?,?,?,?,?,default)
    Hibernate: insert into ft_participants (draft_order,fantasy_game_seq,player_id,preferred_team,team_name,seq) values (?,?,?,?,?,default)
    Hibernate: insert into ft_participants (draft_order,fantasy_game_seq,player_id,preferred_team,team_name,seq) values (?,?,?,?,?,default)
    Hibernate: insert into ft_participants (draft_order,fantasy_game_seq,player_id,preferred_team,team_name,seq) values (?,?,?,?,?,default)
    Hibernate: insert into ft_participants (draft_order,fantasy_game_seq,player_id,preferred_team,team_name,seq) values (?,?,?,?,?,default)
    Hibernate: insert into ft_participants (draft_order,fantasy_game_seq,player_id,preferred_team,team_name,seq) values (?,?,?,?,?,default)
    Hibernate: insert into ft_participants (draft_order,fantasy_game_seq,player_id,preferred_team,team_name,seq) values (?,?,?,?,?,default)
    Hibernate: insert into ft_participants (draft_order,fantasy_game_seq,player_id,preferred_team,team_name,seq) values (?,?,?,?,?,default)
    Hibernate: insert into ft_participants (draft_order,fantasy_game_seq,player_id,preferred_team,team_name,seq) values (?,?,?,?,?,default)
    Hibernate: insert into ft_participants (draft_order,fantasy_game_seq,player_id,preferred_team,team_name,seq) values (?,?,?,?,?,default)
    Hibernate: insert into ft_participants (draft_order,fantasy_game_seq,player_id,preferred_team,team_name,seq) values (?,?,?,?,?,default)
    Hibernate: insert into ft_participants (draft_order,fantasy_game_seq,player_id,preferred_team,team_name,seq) values (?,?,?,?,?,default)
    Hibernate: insert into ft_participants (draft_order,fantasy_game_seq,player_id,preferred_team,team_name,seq) values (?,?,?,?,?,default)
    Hibernate: insert into ft_participants (draft_order,fantasy_game_seq,player_id,preferred_team,team_name,seq) values (?,?,?,?,?,default)
    Hibernate: insert into ft_participants (draft_order,fantasy_game_seq,player_id,preferred_team,team_name,seq) values (?,?,?,?,?,default)
    Hibernate: insert into ft_participants (draft_order,fantasy_game_seq,player_id,preferred_team,team_name,seq) values (?,?,?,?,?,default)
    Hibernate: insert into ft_participants (draft_order,fantasy_game_seq,player_id,preferred_team,team_name,seq) values (?,?,?,?,?,default)
    Hibernate: insert into ft_participants (draft_order,fantasy_game_seq,player_id,preferred_team,team_name,seq) values (?,?,?,?,?,default)
    Hibernate: insert into ft_participants (draft_order,fantasy_game_seq,player_id,preferred_team,team_name,seq) values (?,?,?,?,?,default)
    Hibernate: insert into ft_participants (draft_order,fantasy_game_seq,player_id,preferred_team,team_name,seq) values (?,?,?,?,?,default)
    Hibernate: insert into ft_participants (draft_order,fantasy_game_seq,player_id,preferred_team,team_name,seq) values (?,?,?,?,?,default)
    Hibernate: insert into ft_participants (draft_order,fantasy_game_seq,player_id,preferred_team,team_name,seq) values (?,?,?,?,?,default)
    Hibernate: insert into ft_participants (draft_order,fantasy_game_seq,player_id,preferred_team,team_name,seq) values (?,?,?,?,?,default)
    Hibernate: insert into ft_participants (draft_order,fantasy_game_seq,player_id,preferred_team,team_name,seq) values (?,?,?,?,?,default)
    Hibernate: insert into ft_participants (draft_order,fantasy_game_seq,player_id,preferred_team,team_name,seq) values (?,?,?,?,?,default)
    Hibernate: insert into ft_participants (draft_order,fantasy_game_seq,player_id,preferred_team,team_name,seq) values (?,?,?,?,?,default)
    Hibernate: insert into ft_participants (draft_order,fantasy_game_seq,player_id,preferred_team,team_name,seq) values (?,?,?,?,?,default)
    Hibernate: insert into ft_participants (draft_order,fantasy_game_seq,player_id,preferred_team,team_name,seq) values (?,?,?,?,?,default)
    Hibernate: insert into ft_participants (draft_order,fantasy_game_seq,player_id,preferred_team,team_name,seq) values (?,?,?,?,?,default)
    Hibernate: insert into ft_participants (draft_order,fantasy_game_seq,player_id,preferred_team,team_name,seq) values (?,?,?,?,?,default)
    Hibernate: insert into ft_participants (draft_order,fantasy_game_seq,player_id,preferred_team,team_name,seq) values (?,?,?,?,?,default)
    Hibernate: insert into ft_participants (draft_order,fantasy_game_seq,player_id,preferred_team,team_name,seq) values (?,?,?,?,?,default)
    Hibernate: insert into ft_participants (draft_order,fantasy_game_seq,player_id,preferred_team,team_name,seq) values (?,?,?,?,?,default)
    Hibernate: insert into ft_participants (draft_order,fantasy_game_seq,player_id,preferred_team,team_name,seq) values (?,?,?,?,?,default)
    Hibernate: insert into ft_participants (draft_order,fantasy_game_seq,player_id,preferred_team,team_name,seq) values (?,?,?,?,?,default)
    Hibernate: insert into ft_participants (draft_order,fantasy_game_seq,player_id,preferred_team,team_name,seq) values (?,?,?,?,?,default)
    Hibernate: insert into ft_participants (draft_order,fantasy_game_seq,player_id,preferred_team,team_name,seq) values (?,?,?,?,?,default)
    Hibernate: insert into ft_participants (draft_order,fantasy_game_seq,player_id,preferred_team,team_name,seq) values (?,?,?,?,?,default)
    Hibernate: insert into ft_participants (draft_order,fantasy_game_seq,player_id,preferred_team,team_name,seq) values (?,?,?,?,?,default)
    Hibernate: insert into ft_participants (draft_order,fantasy_game_seq,player_id,preferred_team,team_name,seq) values (?,?,?,?,?,default)
    Hibernate: insert into ft_participants (draft_order,fantasy_game_seq,player_id,preferred_team,team_name,seq) values (?,?,?,?,?,default)
    Hibernate: insert into ft_participants (draft_order,fantasy_game_seq,player_id,preferred_team,team_name,seq) values (?,?,?,?,?,default)
    Hibernate: insert into ft_participants (draft_order,fantasy_game_seq,player_id,preferred_team,team_name,seq) values (?,?,?,?,?,default)
    Hibernate: insert into ft_participants (draft_order,fantasy_game_seq,player_id,preferred_team,team_name,seq) values (?,?,?,?,?,default)
    Hibernate: insert into ft_participants (draft_order,fantasy_game_seq,player_id,preferred_team,team_name,seq) values (?,?,?,?,?,default)
    Hibernate: insert into ft_participants (draft_order,fantasy_game_seq,player_id,preferred_team,team_name,seq) values (?,?,?,?,?,default)
    Hibernate: insert into ft_participants (draft_order,fantasy_game_seq,player_id,preferred_team,team_name,seq) values (?,?,?,?,?,default)
    Hibernate: insert into ft_participants (draft_order,fantasy_game_seq,player_id,preferred_team,team_name,seq) values (?,?,?,?,?,default)
    Hibernate: insert into ft_participants (draft_order,fantasy_game_seq,player_id,preferred_team,team_name,seq) values (?,?,?,?,?,default)
    Hibernate: insert into ft_participants (draft_order,fantasy_game_seq,player_id,preferred_team,team_name,seq) values (?,?,?,?,?,default)
    Hibernate: insert into ft_participants (draft_order,fantasy_game_seq,player_id,preferred_team,team_name,seq) values (?,?,?,?,?,default)
    Hibernate: insert into ft_participants (draft_order,fantasy_game_seq,player_id,preferred_team,team_name,seq) values (?,?,?,?,?,default)
    Hibernate: insert into ft_participants (draft_order,fantasy_game_seq,player_id,preferred_team,team_name,seq) values (?,?,?,?,?,default)
    Hibernate: insert into ft_participants (draft_order,fantasy_game_seq,player_id,preferred_team,team_name,seq) values (?,?,?,?,?,default)
    Hibernate: insert into ft_participants (draft_order,fantasy_game_seq,player_id,preferred_team,team_name,seq) values (?,?,?,?,?,default)
    Hibernate: insert into ft_participants (draft_order,fantasy_game_seq,player_id,preferred_team,team_name,seq) values (?,?,?,?,?,default)
    Hibernate: insert into ft_participants (draft_order,fantasy_game_seq,player_id,preferred_team,team_name,seq) values (?,?,?,?,?,default)
    Hibernate: insert into ft_participants (draft_order,fantasy_game_seq,player_id,preferred_team,team_name,seq) values (?,?,?,?,?,default)
    Hibernate: insert into ft_participants (draft_order,fantasy_game_seq,player_id,preferred_team,team_name,seq) values (?,?,?,?,?,default)
    Hibernate: insert into ft_participants (draft_order,fantasy_game_seq,player_id,preferred_team,team_name,seq) values (?,?,?,?,?,default)
    Hibernate: insert into ft_participants (draft_order,fantasy_game_seq,player_id,preferred_team,team_name,seq) values (?,?,?,?,?,default)
    Hibernate: insert into ft_participants (draft_order,fantasy_game_seq,player_id,preferred_team,team_name,seq) values (?,?,?,?,?,default)
    Hibernate: insert into ft_participants (draft_order,fantasy_game_seq,player_id,preferred_team,team_name,seq) values (?,?,?,?,?,default)
    Hibernate: insert into ft_participants (draft_order,fantasy_game_seq,player_id,preferred_team,team_name,seq) values (?,?,?,?,?,default)
    Hibernate: insert into ft_participants (draft_order,fantasy_game_seq,player_id,preferred_team,team_name,seq) values (?,?,?,?,?,default)
    Hibernate: insert into ft_participants (draft_order,fantasy_game_seq,player_id,preferred_team,team_name,seq) values (?,?,?,?,?,default)
    Hibernate: insert into ft_participants (draft_order,fantasy_game_seq,player_id,preferred_team,team_name,seq) values (?,?,?,?,?,default)
    Hibernate: insert into ft_participants (draft_order,fantasy_game_seq,player_id,preferred_team,team_name,seq) values (?,?,?,?,?,default)
    Hibernate: insert into ft_participants (draft_order,fantasy_game_seq,player_id,preferred_team,team_name,seq) values (?,?,?,?,?,default)
    Hibernate: insert into ft_participants (draft_order,fantasy_game_seq,player_id,preferred_team,team_name,seq) values (?,?,?,?,?,default)
    Hibernate: insert into ft_participants (draft_order,fantasy_game_seq,player_id,preferred_team,team_name,seq) values (?,?,?,?,?,default)
    Hibernate: insert into ft_participants (draft_order,fantasy_game_seq,player_id,preferred_team,team_name,seq) values (?,?,?,?,?,default)
    Hibernate: insert into ft_participants (draft_order,fantasy_game_seq,player_id,preferred_team,team_name,seq) values (?,?,?,?,?,default)
    Hibernate: insert into ft_participants (draft_order,fantasy_game_seq,player_id,preferred_team,team_name,seq) values (?,?,?,?,?,default)
    Hibernate: insert into ft_participants (draft_order,fantasy_game_seq,player_id,preferred_team,team_name,seq) values (?,?,?,?,?,default)
    Hibernate: insert into ft_participants (draft_order,fantasy_game_seq,player_id,preferred_team,team_name,seq) values (?,?,?,?,?,default)
    Hibernate: insert into ft_participants (draft_order,fantasy_game_seq,player_id,preferred_team,team_name,seq) values (?,?,?,?,?,default)
    Hibernate: insert into ft_participants (draft_order,fantasy_game_seq,player_id,preferred_team,team_name,seq) values (?,?,?,?,?,default)
    Hibernate: insert into ft_participants (draft_order,fantasy_game_seq,player_id,preferred_team,team_name,seq) values (?,?,?,?,?,default)
    Hibernate: insert into ft_participants (draft_order,fantasy_game_seq,player_id,preferred_team,team_name,seq) values (?,?,?,?,?,default)
    Hibernate: insert into ft_participants (draft_order,fantasy_game_seq,player_id,preferred_team,team_name,seq) values (?,?,?,?,?,default)
    Hibernate: insert into ft_participants (draft_order,fantasy_game_seq,player_id,preferred_team,team_name,seq) values (?,?,?,?,?,default)
    Hibernate: insert into ft_participants (draft_order,fantasy_game_seq,player_id,preferred_team,team_name,seq) values (?,?,?,?,?,default)
    Hibernate: insert into ft_participants (draft_order,fantasy_game_seq,player_id,preferred_team,team_name,seq) values (?,?,?,?,?,default)
    Hibernate: insert into ft_participants (draft_order,fantasy_game_seq,player_id,preferred_team,team_name,seq) values (?,?,?,?,?,default)
    Hibernate: insert into ft_participants (draft_order,fantasy_game_seq,player_id,preferred_team,team_name,seq) values (?,?,?,?,?,default)
    Hibernate: insert into ft_participants (draft_order,fantasy_game_seq,player_id,preferred_team,team_name,seq) values (?,?,?,?,?,default)
    Hibernate: insert into ft_participants (draft_order,fantasy_game_seq,player_id,preferred_team,team_name,seq) values (?,?,?,?,?,default)
    Hibernate: insert into ft_participants (draft_order,fantasy_game_seq,player_id,preferred_team,team_name,seq) values (?,?,?,?,?,default)
    Hibernate: insert into ft_participants (draft_order,fantasy_game_seq,player_id,preferred_team,team_name,seq) values (?,?,?,?,?,default)
    Hibernate: insert into ft_participants (draft_order,fantasy_game_seq,player_id,preferred_team,team_name,seq) values (?,?,?,?,?,default)
    Hibernate: insert into ft_participants (draft_order,fantasy_game_seq,player_id,preferred_team,team_name,seq) values (?,?,?,?,?,default)
    Hibernate: insert into ft_participants (draft_order,fantasy_game_seq,player_id,preferred_team,team_name,seq) values (?,?,?,?,?,default)
    Hibernate: insert into ft_participants (draft_order,fantasy_game_seq,player_id,preferred_team,team_name,seq) values (?,?,?,?,?,default)
    Hibernate: insert into ft_participants (draft_order,fantasy_game_seq,player_id,preferred_team,team_name,seq) values (?,?,?,?,?,default)
    Hibernate: insert into ft_participants (draft_order,fantasy_game_seq,player_id,preferred_team,team_name,seq) values (?,?,?,?,?,default)
    Hibernate: insert into ft_participants (draft_order,fantasy_game_seq,player_id,preferred_team,team_name,seq) values (?,?,?,?,?,default)
    Hibernate: insert into ft_participants (draft_order,fantasy_game_seq,player_id,preferred_team,team_name,seq) values (?,?,?,?,?,default)
    Hibernate: insert into ft_participants (draft_order,fantasy_game_seq,player_id,preferred_team,team_name,seq) values (?,?,?,?,?,default)
    Hibernate: insert into ft_participants (draft_order,fantasy_game_seq,player_id,preferred_team,team_name,seq) values (?,?,?,?,?,default)
    Hibernate: insert into ft_participants (draft_order,fantasy_game_seq,player_id,preferred_team,team_name,seq) values (?,?,?,?,?,default)
    Hibernate: insert into ft_participants (draft_order,fantasy_game_seq,player_id,preferred_team,team_name,seq) values (?,?,?,?,?,default)
    Hibernate: insert into ft_participants (draft_order,fantasy_game_seq,player_id,preferred_team,team_name,seq) values (?,?,?,?,?,default)
    Hibernate: insert into ft_participants (draft_order,fantasy_game_seq,player_id,preferred_team,team_name,seq) values (?,?,?,?,?,default)
    Hibernate: insert into ft_participants (draft_order,fantasy_game_seq,player_id,preferred_team,team_name,seq) values (?,?,?,?,?,default)
    Hibernate: insert into ft_participants (draft_order,fantasy_game_seq,player_id,preferred_team,team_name,seq) values (?,?,?,?,?,default)
    Hibernate: insert into ft_participants (draft_order,fantasy_game_seq,player_id,preferred_team,team_name,seq) values (?,?,?,?,?,default)
    Hibernate: insert into ft_participants (draft_order,fantasy_game_seq,player_id,preferred_team,team_name,seq) values (?,?,?,?,?,default)
    Hibernate: insert into ft_participants (draft_order,fantasy_game_seq,player_id,preferred_team,team_name,seq) values (?,?,?,?,?,default)
    Hibernate: insert into ft_participants (draft_order,fantasy_game_seq,player_id,preferred_team,team_name,seq) values (?,?,?,?,?,default)
    Hibernate: insert into ft_participants (draft_order,fantasy_game_seq,player_id,preferred_team,team_name,seq) values (?,?,?,?,?,default)
    Hibernate: insert into ft_participants (draft_order,fantasy_game_seq,player_id,preferred_team,team_name,seq) values (?,?,?,?,?,default)
    Hibernate: insert into ft_participants (draft_order,fantasy_game_seq,player_id,preferred_team,team_name,seq) values (?,?,?,?,?,default)
    Hibernate: insert into ft_participants (draft_order,fantasy_game_seq,player_id,preferred_team,team_name,seq) values (?,?,?,?,?,default)
    Hibernate: insert into ft_participants (draft_order,fantasy_game_seq,player_id,preferred_team,team_name,seq) values (?,?,?,?,?,default)
    Hibernate: insert into ft_participants (draft_order,fantasy_game_seq,player_id,preferred_team,team_name,seq) values (?,?,?,?,?,default)
    Hibernate: insert into ft_participants (draft_order,fantasy_game_seq,player_id,preferred_team,team_name,seq) values (?,?,?,?,?,default)
    Hibernate: insert into ft_participants (draft_order,fantasy_game_seq,player_id,preferred_team,team_name,seq) values (?,?,?,?,?,default)
    Hibernate: insert into ft_participants (draft_order,fantasy_game_seq,player_id,preferred_team,team_name,seq) values (?,?,?,?,?,default)
    Hibernate: insert into ft_participants (draft_order,fantasy_game_seq,player_id,preferred_team,team_name,seq) values (?,?,?,?,?,default)
    Hibernate: insert into ft_participants (draft_order,fantasy_game_seq,player_id,preferred_team,team_name,seq) values (?,?,?,?,?,default)
    Hibernate: insert into ft_participants (draft_order,fantasy_game_seq,player_id,preferred_team,team_name,seq) values (?,?,?,?,?,default)
    Hibernate: insert into ft_participants (draft_order,fantasy_game_seq,player_id,preferred_team,team_name,seq) values (?,?,?,?,?,default)
    Hibernate: insert into ft_participants (draft_order,fantasy_game_seq,player_id,preferred_team,team_name,seq) values (?,?,?,?,?,default)
    Hibernate: insert into ft_participants (draft_order,fantasy_game_seq,player_id,preferred_team,team_name,seq) values (?,?,?,?,?,default)
    Hibernate: insert into ft_participants (draft_order,fantasy_game_seq,player_id,preferred_team,team_name,seq) values (?,?,?,?,?,default)
    Hibernate: insert into ft_participants (draft_order,fantasy_game_seq,player_id,preferred_team,team_name,seq) values (?,?,?,?,?,default)
    Hibernate: insert into ft_participants (draft_order,fantasy_game_seq,player_id,preferred_team,team_name,seq) values (?,?,?,?,?,default)
    Hibernate: insert into ft_participants (draft_order,fantasy_game_seq,player_id,preferred_team,team_name,seq) values (?,?,?,?,?,default)
    Hibernate: insert into ft_participants (draft_order,fantasy_game_seq,player_id,preferred_team,team_name,seq) values (?,?,?,?,?,default)
    Hibernate: insert into ft_participants (draft_order,fantasy_game_seq,player_id,preferred_team,team_name,seq) values (?,?,?,?,?,default)
    Hibernate: insert into ft_participants (draft_order,fantasy_game_seq,player_id,preferred_team,team_name,seq) values (?,?,?,?,?,default)
    Hibernate: insert into ft_participants (draft_order,fantasy_game_seq,player_id,preferred_team,team_name,seq) values (?,?,?,?,?,default)
    Hibernate: insert into ft_participants (draft_order,fantasy_game_seq,player_id,preferred_team,team_name,seq) values (?,?,?,?,?,default)
    Hibernate: insert into ft_participants (draft_order,fantasy_game_seq,player_id,preferred_team,team_name,seq) values (?,?,?,?,?,default)
    Hibernate: insert into ft_participants (draft_order,fantasy_game_seq,player_id,preferred_team,team_name,seq) values (?,?,?,?,?,default)
    Hibernate: insert into ft_participants (draft_order,fantasy_game_seq,player_id,preferred_team,team_name,seq) values (?,?,?,?,?,default)
    Hibernate: insert into ft_participants (draft_order,fantasy_game_seq,player_id,preferred_team,team_name,seq) values (?,?,?,?,?,default)
    Hibernate: insert into ft_participants (draft_order,fantasy_game_seq,player_id,preferred_team,team_name,seq) values (?,?,?,?,?,default)
    Hibernate: insert into ft_participants (draft_order,fantasy_game_seq,player_id,preferred_team,team_name,seq) values (?,?,?,?,?,default)
    Hibernate: insert into ft_participants (draft_order,fantasy_game_seq,player_id,preferred_team,team_name,seq) values (?,?,?,?,?,default)
    Hibernate: insert into ft_participants (draft_order,fantasy_game_seq,player_id,preferred_team,team_name,seq) values (?,?,?,?,?,default)
    Hibernate: insert into ft_participants (draft_order,fantasy_game_seq,player_id,preferred_team,team_name,seq) values (?,?,?,?,?,default)
    Hibernate: insert into ft_participants (draft_order,fantasy_game_seq,player_id,preferred_team,team_name,seq) values (?,?,?,?,?,default)
    Hibernate: insert into ft_participants (draft_order,fantasy_game_seq,player_id,preferred_team,team_name,seq) values (?,?,?,?,?,default)
    Hibernate: insert into ft_participants (draft_order,fantasy_game_seq,player_id,preferred_team,team_name,seq) values (?,?,?,?,?,default)
    Hibernate: insert into ft_participants (draft_order,fantasy_game_seq,player_id,preferred_team,team_name,seq) values (?,?,?,?,?,default)
    Hibernate: insert into ft_participants (draft_order,fantasy_game_seq,player_id,preferred_team,team_name,seq) values (?,?,?,?,?,default)
    Hibernate: insert into ft_participants (draft_order,fantasy_game_seq,player_id,preferred_team,team_name,seq) values (?,?,?,?,?,default)
    Hibernate: insert into ft_participants (draft_order,fantasy_game_seq,player_id,preferred_team,team_name,seq) values (?,?,?,?,?,default)
    Hibernate: insert into ft_participants (draft_order,fantasy_game_seq,player_id,preferred_team,team_name,seq) values (?,?,?,?,?,default)
    Hibernate: insert into ft_participants (draft_order,fantasy_game_seq,player_id,preferred_team,team_name,seq) values (?,?,?,?,?,default)
    Hibernate: insert into ft_participants (draft_order,fantasy_game_seq,player_id,preferred_team,team_name,seq) values (?,?,?,?,?,default)
    Hibernate: insert into ft_participants (draft_order,fantasy_game_seq,player_id,preferred_team,team_name,seq) values (?,?,?,?,?,default)
    Hibernate: insert into ft_participants (draft_order,fantasy_game_seq,player_id,preferred_team,team_name,seq) values (?,?,?,?,?,default)
    Hibernate: insert into ft_participants (draft_order,fantasy_game_seq,player_id,preferred_team,team_name,seq) values (?,?,?,?,?,default)
    Hibernate: insert into ft_participants (draft_order,fantasy_game_seq,player_id,preferred_team,team_name,seq) values (?,?,?,?,?,default)
    Hibernate: insert into ft_participants (draft_order,fantasy_game_seq,player_id,preferred_team,team_name,seq) values (?,?,?,?,?,default)
    Hibernate: insert into ft_participants (draft_order,fantasy_game_seq,player_id,preferred_team,team_name,seq) values (?,?,?,?,?,default)
    Hibernate: insert into ft_participants (draft_order,fantasy_game_seq,player_id,preferred_team,team_name,seq) values (?,?,?,?,?,default)
    Hibernate: insert into ft_participants (draft_order,fantasy_game_seq,player_id,preferred_team,team_name,seq) values (?,?,?,?,?,default)
    Hibernate: insert into ft_participants (draft_order,fantasy_game_seq,player_id,preferred_team,team_name,seq) values (?,?,?,?,?,default)
    Hibernate: insert into ft_participants (draft_order,fantasy_game_seq,player_id,preferred_team,team_name,seq) values (?,?,?,?,?,default)
    Hibernate: insert into ft_participants (draft_order,fantasy_game_seq,player_id,preferred_team,team_name,seq) values (?,?,?,?,?,default)
    Hibernate: insert into ft_participants (draft_order,fantasy_game_seq,player_id,preferred_team,team_name,seq) values (?,?,?,?,?,default)
    Hibernate: insert into ft_participants (draft_order,fantasy_game_seq,player_id,preferred_team,team_name,seq) values (?,?,?,?,?,default)
    Hibernate: insert into ft_participants (draft_order,fantasy_game_seq,player_id,preferred_team,team_name,seq) values (?,?,?,?,?,default)
    Hibernate: insert into ft_participants (draft_order,fantasy_game_seq,player_id,preferred_team,team_name,seq) values (?,?,?,?,?,default)
    Hibernate: insert into ft_participants (draft_order,fantasy_game_seq,player_id,preferred_team,team_name,seq) values (?,?,?,?,?,default)
    Hibernate: insert into ft_participants (draft_order,fantasy_game_seq,player_id,preferred_team,team_name,seq) values (?,?,?,?,?,default)
    Hibernate: insert into ft_participants (draft_order,fantasy_game_seq,player_id,preferred_team,team_name,seq) values (?,?,?,?,?,default)
    Hibernate: insert into ft_participants (draft_order,fantasy_game_seq,player_id,preferred_team,team_name,seq) values (?,?,?,?,?,default)
    Hibernate: insert into ft_participants (draft_order,fantasy_game_seq,player_id,preferred_team,team_name,seq) values (?,?,?,?,?,default)
    Hibernate: insert into ft_participants (draft_order,fantasy_game_seq,player_id,preferred_team,team_name,seq) values (?,?,?,?,?,default)
    Hibernate: insert into ft_participants (draft_order,fantasy_game_seq,player_id,preferred_team,team_name,seq) values (?,?,?,?,?,default)
    Hibernate: insert into ft_participants (draft_order,fantasy_game_seq,player_id,preferred_team,team_name,seq) values (?,?,?,?,?,default)
    Hibernate: insert into ft_participants (draft_order,fantasy_game_seq,player_id,preferred_team,team_name,seq) values (?,?,?,?,?,default)
    Hibernate: insert into ft_participants (draft_order,fantasy_game_seq,player_id,preferred_team,team_name,seq) values (?,?,?,?,?,default)
    Hibernate: insert into ft_participants (draft_order,fantasy_game_seq,player_id,preferred_team,team_name,seq) values (?,?,?,?,?,default)
    Hibernate: insert into ft_participants (draft_order,fantasy_game_seq,player_id,preferred_team,team_name,seq) values (?,?,?,?,?,default)
    Hibernate: insert into ft_participants (draft_order,fantasy_game_seq,player_id,preferred_team,team_name,seq) values (?,?,?,?,?,default)
    Hibernate: insert into ft_participants (draft_order,fantasy_game_seq,player_id,preferred_team,team_name,seq) values (?,?,?,?,?,default)
    Hibernate: insert into ft_participants (draft_order,fantasy_game_seq,player_id,preferred_team,team_name,seq) values (?,?,?,?,?,default)
    Hibernate: insert into ft_participants (draft_order,fantasy_game_seq,player_id,preferred_team,team_name,seq) values (?,?,?,?,?,default)
    Hibernate: insert into ft_participants (draft_order,fantasy_game_seq,player_id,preferred_team,team_name,seq) values (?,?,?,?,?,default)
    Hibernate: insert into ft_participants (draft_order,fantasy_game_seq,player_id,preferred_team,team_name,seq) values (?,?,?,?,?,default)
    Hibernate: insert into ft_participants (draft_order,fantasy_game_seq,player_id,preferred_team,team_name,seq) values (?,?,?,?,?,default)
    Hibernate: insert into ft_participants (draft_order,fantasy_game_seq,player_id,preferred_team,team_name,seq) values (?,?,?,?,?,default)
    Hibernate: insert into ft_participants (draft_order,fantasy_game_seq,player_id,preferred_team,team_name,seq) values (?,?,?,?,?,default)
    Hibernate: insert into ft_participants (draft_order,fantasy_game_seq,player_id,preferred_team,team_name,seq) values (?,?,?,?,?,default)
    Hibernate: insert into ft_participants (draft_order,fantasy_game_seq,player_id,preferred_team,team_name,seq) values (?,?,?,?,?,default)
    Hibernate: insert into ft_participants (draft_order,fantasy_game_seq,player_id,preferred_team,team_name,seq) values (?,?,?,?,?,default)
    Hibernate: insert into ft_participants (draft_order,fantasy_game_seq,player_id,preferred_team,team_name,seq) values (?,?,?,?,?,default)
    Hibernate: insert into ft_participants (draft_order,fantasy_game_seq,player_id,preferred_team,team_name,seq) values (?,?,?,?,?,default)
    Hibernate: insert into ft_participants (draft_order,fantasy_game_seq,player_id,preferred_team,team_name,seq) values (?,?,?,?,?,default)
    Hibernate: insert into ft_participants (draft_order,fantasy_game_seq,player_id,preferred_team,team_name,seq) values (?,?,?,?,?,default)
    Hibernate: insert into ft_participants (draft_order,fantasy_game_seq,player_id,preferred_team,team_name,seq) values (?,?,?,?,?,default)
    Hibernate: insert into ft_participants (draft_order,fantasy_game_seq,player_id,preferred_team,team_name,seq) values (?,?,?,?,?,default)
    Hibernate: insert into ft_participants (draft_order,fantasy_game_seq,player_id,preferred_team,team_name,seq) values (?,?,?,?,?,default)
    Hibernate: insert into ft_participants (draft_order,fantasy_game_seq,player_id,preferred_team,team_name,seq) values (?,?,?,?,?,default)
    Hibernate: insert into ft_participants (draft_order,fantasy_game_seq,player_id,preferred_team,team_name,seq) values (?,?,?,?,?,default)
    Hibernate: insert into ft_participants (draft_order,fantasy_game_seq,player_id,preferred_team,team_name,seq) values (?,?,?,?,?,default)
    Hibernate: insert into ft_participants (draft_order,fantasy_game_seq,player_id,preferred_team,team_name,seq) values (?,?,?,?,?,default)
    Hibernate: insert into ft_participants (draft_order,fantasy_game_seq,player_id,preferred_team,team_name,seq) values (?,?,?,?,?,default)
    Hibernate: insert into ft_participants (draft_order,fantasy_game_seq,player_id,preferred_team,team_name,seq) values (?,?,?,?,?,default)
    Hibernate: insert into ft_participants (draft_order,fantasy_game_seq,player_id,preferred_team,team_name,seq) values (?,?,?,?,?,default)
    Hibernate: insert into ft_participants (draft_order,fantasy_game_seq,player_id,preferred_team,team_name,seq) values (?,?,?,?,?,default)
    Hibernate: insert into ft_participants (draft_order,fantasy_game_seq,player_id,preferred_team,team_name,seq) values (?,?,?,?,?,default)
    Hibernate: insert into ft_participants (draft_order,fantasy_game_seq,player_id,preferred_team,team_name,seq) values (?,?,?,?,?,default)
    Hibernate: insert into ft_participants (draft_order,fantasy_game_seq,player_id,preferred_team,team_name,seq) values (?,?,?,?,?,default)
    Hibernate: insert into ft_participants (draft_order,fantasy_game_seq,player_id,preferred_team,team_name,seq) values (?,?,?,?,?,default)
    Hibernate: insert into ft_participants (draft_order,fantasy_game_seq,player_id,preferred_team,team_name,seq) values (?,?,?,?,?,default)
    Hibernate: insert into ft_participants (draft_order,fantasy_game_seq,player_id,preferred_team,team_name,seq) values (?,?,?,?,?,default)
    Hibernate: insert into ft_participants (draft_order,fantasy_game_seq,player_id,preferred_team,team_name,seq) values (?,?,?,?,?,default)
    Hibernate: insert into ft_participants (draft_order,fantasy_game_seq,player_id,preferred_team,team_name,seq) values (?,?,?,?,?,default)
    Hibernate: insert into ft_participants (draft_order,fantasy_game_seq,player_id,preferred_team,team_name,seq) values (?,?,?,?,?,default)
    Hibernate: insert into ft_participants (draft_order,fantasy_game_seq,player_id,preferred_team,team_name,seq) values (?,?,?,?,?,default)
    Hibernate: insert into ft_participants (draft_order,fantasy_game_seq,player_id,preferred_team,team_name,seq) values (?,?,?,?,?,default)
    Hibernate: insert into ft_participants (draft_order,fantasy_game_seq,player_id,preferred_team,team_name,seq) values (?,?,?,?,?,default)
    Hibernate: insert into ft_participants (draft_order,fantasy_game_seq,player_id,preferred_team,team_name,seq) values (?,?,?,?,?,default)
    Hibernate: insert into ft_participants (draft_order,fantasy_game_seq,player_id,preferred_team,team_name,seq) values (?,?,?,?,?,default)
    Hibernate: insert into ft_participants (draft_order,fantasy_game_seq,player_id,preferred_team,team_name,seq) values (?,?,?,?,?,default)
    Hibernate: insert into ft_participants (draft_order,fantasy_game_seq,player_id,preferred_team,team_name,seq) values (?,?,?,?,?,default)
    Hibernate: insert into ft_participants (draft_order,fantasy_game_seq,player_id,preferred_team,team_name,seq) values (?,?,?,?,?,default)
    Hibernate: insert into ft_participants (draft_order,fantasy_game_seq,player_id,preferred_team,team_name,seq) values (?,?,?,?,?,default)
    Hibernate: insert into ft_participants (draft_order,fantasy_game_seq,player_id,preferred_team,team_name,seq) values (?,?,?,?,?,default)
    Hibernate: insert into ft_participants (draft_order,fantasy_game_seq,player_id,preferred_team,team_name,seq) values (?,?,?,?,?,default)
    Hibernate: insert into ft_participants (draft_order,fantasy_game_seq,player_id,preferred_team,team_name,seq) values (?,?,?,?,?,default)
    Hibernate: insert into ft_participants (draft_order,fantasy_game_seq,player_id,preferred_team,team_name,seq) values (?,?,?,?,?,default)
    Hibernate: insert into ft_participants (draft_order,fantasy_game_seq,player_id,preferred_team,team_name,seq) values (?,?,?,?,?,default)
    Hibernate: insert into ft_participants (draft_order,fantasy_game_seq,player_id,preferred_team,team_name,seq) values (?,?,?,?,?,default)
    Hibernate: insert into ft_participants (draft_order,fantasy_game_seq,player_id,preferred_team,team_name,seq) values (?,?,?,?,?,default)
    Hibernate: insert into ft_participants (draft_order,fantasy_game_seq,player_id,preferred_team,team_name,seq) values (?,?,?,?,?,default)
    Hibernate: insert into ft_participants (draft_order,fantasy_game_seq,player_id,preferred_team,team_name,seq) values (?,?,?,?,?,default)
    Hibernate: insert into ft_participants (draft_order,fantasy_game_seq,player_id,preferred_team,team_name,seq) values (?,?,?,?,?,default)
    Hibernate: insert into ft_participants (draft_order,fantasy_game_seq,player_id,preferred_team,team_name,seq) values (?,?,?,?,?,default)
    Hibernate: insert into ft_participants (draft_order,fantasy_game_seq,player_id,preferred_team,team_name,seq) values (?,?,?,?,?,default)
    Hibernate: insert into ft_participants (draft_order,fantasy_game_seq,player_id,preferred_team,team_name,seq) values (?,?,?,?,?,default)
    Hibernate: insert into ft_participants (draft_order,fantasy_game_seq,player_id,preferred_team,team_name,seq) values (?,?,?,?,?,default)
    Hibernate: insert into ft_participants (draft_order,fantasy_game_seq,player_id,preferred_team,team_name,seq) values (?,?,?,?,?,default)
    Hibernate: insert into ft_participants (draft_order,fantasy_game_seq,player_id,preferred_team,team_name,seq) values (?,?,?,?,?,default)
    Hibernate: insert into ft_participants (draft_order,fantasy_game_seq,player_id,preferred_team,team_name,seq) values (?,?,?,?,?,default)
    Hibernate: insert into ft_participants (draft_order,fantasy_game_seq,player_id,preferred_team,team_name,seq) values (?,?,?,?,?,default)
    Hibernate: insert into ft_participants (draft_order,fantasy_game_seq,player_id,preferred_team,team_name,seq) values (?,?,?,?,?,default)
    Hibernate: insert into ft_participants (draft_order,fantasy_game_seq,player_id,preferred_team,team_name,seq) values (?,?,?,?,?,default)
    Hibernate: insert into ft_participants (draft_order,fantasy_game_seq,player_id,preferred_team,team_name,seq) values (?,?,?,?,?,default)
    Hibernate: insert into ft_participants (draft_order,fantasy_game_seq,player_id,preferred_team,team_name,seq) values (?,?,?,?,?,default)
    Hibernate: insert into ft_participants (draft_order,fantasy_game_seq,player_id,preferred_team,team_name,seq) values (?,?,?,?,?,default)
    Hibernate: insert into ft_participants (draft_order,fantasy_game_seq,player_id,preferred_team,team_name,seq) values (?,?,?,?,?,default)
    Hibernate: insert into ft_participants (draft_order,fantasy_game_seq,player_id,preferred_team,team_name,seq) values (?,?,?,?,?,default)
    Hibernate: insert into ft_participants (draft_order,fantasy_game_seq,player_id,preferred_team,team_name,seq) values (?,?,?,?,?,default)
    Hibernate: insert into ft_participants (draft_order,fantasy_game_seq,player_id,preferred_team,team_name,seq) values (?,?,?,?,?,default)
    Hibernate: insert into ft_participants (draft_order,fantasy_game_seq,player_id,preferred_team,team_name,seq) values (?,?,?,?,?,default)
    Hibernate: insert into ft_participants (draft_order,fantasy_game_seq,player_id,preferred_team,team_name,seq) values (?,?,?,?,?,default)
    Hibernate: insert into ft_participants (draft_order,fantasy_game_seq,player_id,preferred_team,team_name,seq) values (?,?,?,?,?,default)
    Hibernate: insert into ft_participants (draft_order,fantasy_game_seq,player_id,preferred_team,team_name,seq) values (?,?,?,?,?,default)
    Hibernate: insert into ft_participants (draft_order,fantasy_game_seq,player_id,preferred_team,team_name,seq) values (?,?,?,?,?,default)
    Hibernate: insert into ft_participants (draft_order,fantasy_game_seq,player_id,preferred_team,team_name,seq) values (?,?,?,?,?,default)
    Hibernate: insert into ft_participants (draft_order,fantasy_game_seq,player_id,preferred_team,team_name,seq) values (?,?,?,?,?,default)
    Hibernate: insert into ft_participants (draft_order,fantasy_game_seq,player_id,preferred_team,team_name,seq) values (?,?,?,?,?,default)
    Hibernate: insert into ft_participants (draft_order,fantasy_game_seq,player_id,preferred_team,team_name,seq) values (?,?,?,?,?,default)
    Hibernate: insert into ft_participants (draft_order,fantasy_game_seq,player_id,preferred_team,team_name,seq) values (?,?,?,?,?,default)
    Hibernate: insert into ft_participants (draft_order,fantasy_game_seq,player_id,preferred_team,team_name,seq) values (?,?,?,?,?,default)
    Hibernate: insert into ft_participants (draft_order,fantasy_game_seq,player_id,preferred_team,team_name,seq) values (?,?,?,?,?,default)
    Hibernate: insert into ft_participants (draft_order,fantasy_game_seq,player_id,preferred_team,team_name,seq) values (?,?,?,?,?,default)
    Hibernate: insert into ft_participants (draft_order,fantasy_game_seq,player_id,preferred_team,team_name,seq) values (?,?,?,?,?,default)
    Hibernate: insert into ft_participants (draft_order,fantasy_game_seq,player_id,preferred_team,team_name,seq) values (?,?,?,?,?,default)
    Hibernate: insert into ft_participants (draft_order,fantasy_game_seq,player_id,preferred_team,team_name,seq) values (?,?,?,?,?,default)
    Hibernate: insert into ft_participants (draft_order,fantasy_game_seq,player_id,preferred_team,team_name,seq) values (?,?,?,?,?,default)
    Hibernate: insert into ft_participants (draft_order,fantasy_game_seq,player_id,preferred_team,team_name,seq) values (?,?,?,?,?,default)
    Hibernate: insert into ft_participants (draft_order,fantasy_game_seq,player_id,preferred_team,team_name,seq) values (?,?,?,?,?,default)
    Hibernate: insert into ft_participants (draft_order,fantasy_game_seq,player_id,preferred_team,team_name,seq) values (?,?,?,?,?,default)
    Hibernate: insert into ft_participants (draft_order,fantasy_game_seq,player_id,preferred_team,team_name,seq) values (?,?,?,?,?,default)
    Hibernate: insert into ft_participants (draft_order,fantasy_game_seq,player_id,preferred_team,team_name,seq) values (?,?,?,?,?,default)
    Hibernate: insert into ft_participants (draft_order,fantasy_game_seq,player_id,preferred_team,team_name,seq) values (?,?,?,?,?,default)
    Hibernate: insert into ft_participants (draft_order,fantasy_game_seq,player_id,preferred_team,team_name,seq) values (?,?,?,?,?,default)
    Hibernate: insert into ft_participants (draft_order,fantasy_game_seq,player_id,preferred_team,team_name,seq) values (?,?,?,?,?,default)
    Hibernate: insert into ft_participants (draft_order,fantasy_game_seq,player_id,preferred_team,team_name,seq) values (?,?,?,?,?,default)
    Hibernate: insert into ft_participants (draft_order,fantasy_game_seq,player_id,preferred_team,team_name,seq) values (?,?,?,?,?,default)
    Hibernate: insert into ft_participants (draft_order,fantasy_game_seq,player_id,preferred_team,team_name,seq) values (?,?,?,?,?,default)
    Hibernate: insert into ft_participants (draft_order,fantasy_game_seq,player_id,preferred_team,team_name,seq) values (?,?,?,?,?,default)
    Hibernate: insert into ft_participants (draft_order,fantasy_game_seq,player_id,preferred_team,team_name,seq) values (?,?,?,?,?,default)
    Hibernate: insert into ft_participants (draft_order,fantasy_game_seq,player_id,preferred_team,team_name,seq) values (?,?,?,?,?,default)
    Hibernate: insert into ft_participants (draft_order,fantasy_game_seq,player_id,preferred_team,team_name,seq) values (?,?,?,?,?,default)
    Hibernate: insert into ft_participants (draft_order,fantasy_game_seq,player_id,preferred_team,team_name,seq) values (?,?,?,?,?,default)
    Hibernate: insert into ft_participants (draft_order,fantasy_game_seq,player_id,preferred_team,team_name,seq) values (?,?,?,?,?,default)
    Hibernate: insert into ft_participants (draft_order,fantasy_game_seq,player_id,preferred_team,team_name,seq) values (?,?,?,?,?,default)
    Hibernate: insert into ft_participants (draft_order,fantasy_game_seq,player_id,preferred_team,team_name,seq) values (?,?,?,?,?,default)
    Hibernate: insert into ft_participants (draft_order,fantasy_game_seq,player_id,preferred_team,team_name,seq) values (?,?,?,?,?,default)
    Hibernate: insert into ft_participants (draft_order,fantasy_game_seq,player_id,preferred_team,team_name,seq) values (?,?,?,?,?,default)
    Hibernate: insert into ft_participants (draft_order,fantasy_game_seq,player_id,preferred_team,team_name,seq) values (?,?,?,?,?,default)
    Hibernate: insert into ft_participants (draft_order,fantasy_game_seq,player_id,preferred_team,team_name,seq) values (?,?,?,?,?,default)
    Hibernate: insert into ft_participants (draft_order,fantasy_game_seq,player_id,preferred_team,team_name,seq) values (?,?,?,?,?,default)
    Hibernate: insert into ft_participants (draft_order,fantasy_game_seq,player_id,preferred_team,team_name,seq) values (?,?,?,?,?,default)
    Hibernate: insert into ft_participants (draft_order,fantasy_game_seq,player_id,preferred_team,team_name,seq) values (?,?,?,?,?,default)
    Hibernate: insert into ft_participants (draft_order,fantasy_game_seq,player_id,preferred_team,team_name,seq) values (?,?,?,?,?,default)
    Hibernate: insert into ft_participants (draft_order,fantasy_game_seq,player_id,preferred_team,team_name,seq) values (?,?,?,?,?,default)
    Hibernate: insert into ft_participants (draft_order,fantasy_game_seq,player_id,preferred_team,team_name,seq) values (?,?,?,?,?,default)
    Hibernate: insert into ft_participants (draft_order,fantasy_game_seq,player_id,preferred_team,team_name,seq) values (?,?,?,?,?,default)
    Hibernate: insert into ft_participants (draft_order,fantasy_game_seq,player_id,preferred_team,team_name,seq) values (?,?,?,?,?,default)
    Hibernate: insert into ft_participants (draft_order,fantasy_game_seq,player_id,preferred_team,team_name,seq) values (?,?,?,?,?,default)
    Hibernate: insert into ft_participants (draft_order,fantasy_game_seq,player_id,preferred_team,team_name,seq) values (?,?,?,?,?,default)
    Hibernate: insert into ft_participants (draft_order,fantasy_game_seq,player_id,preferred_team,team_name,seq) values (?,?,?,?,?,default)
    Hibernate: insert into ft_participants (draft_order,fantasy_game_seq,player_id,preferred_team,team_name,seq) values (?,?,?,?,?,default)
    Hibernate: insert into ft_participants (draft_order,fantasy_game_seq,player_id,preferred_team,team_name,seq) values (?,?,?,?,?,default)
    Hibernate: insert into ft_participants (draft_order,fantasy_game_seq,player_id,preferred_team,team_name,seq) values (?,?,?,?,?,default)
    Hibernate: insert into ft_participants (draft_order,fantasy_game_seq,player_id,preferred_team,team_name,seq) values (?,?,?,?,?,default)
    Hibernate: insert into ft_participants (draft_order,fantasy_game_seq,player_id,preferred_team,team_name,seq) values (?,?,?,?,?,default)
    Hibernate: insert into ft_participants (draft_order,fantasy_game_seq,player_id,preferred_team,team_name,seq) values (?,?,?,?,?,default)
    Hibernate: insert into ft_participants (draft_order,fantasy_game_seq,player_id,preferred_team,team_name,seq) values (?,?,?,?,?,default)
    Hibernate: insert into ft_participants (draft_order,fantasy_game_seq,player_id,preferred_team,team_name,seq) values (?,?,?,?,?,default)
    Hibernate: insert into ft_participants (draft_order,fantasy_game_seq,player_id,preferred_team,team_name,seq) values (?,?,?,?,?,default)
    Hibernate: insert into ft_participants (draft_order,fantasy_game_seq,player_id,preferred_team,team_name,seq) values (?,?,?,?,?,default)
    Hibernate: insert into ft_participants (draft_order,fantasy_game_seq,player_id,preferred_team,team_name,seq) values (?,?,?,?,?,default)
    Hibernate: insert into ft_participants (draft_order,fantasy_game_seq,player_id,preferred_team,team_name,seq) values (?,?,?,?,?,default)
    Hibernate: insert into ft_participants (draft_order,fantasy_game_seq,player_id,preferred_team,team_name,seq) values (?,?,?,?,?,default)
    Hibernate: insert into ft_participants (draft_order,fantasy_game_seq,player_id,preferred_team,team_name,seq) values (?,?,?,?,?,default)
    Hibernate: insert into ft_participants (draft_order,fantasy_game_seq,player_id,preferred_team,team_name,seq) values (?,?,?,?,?,default)
    Hibernate: insert into ft_participants (draft_order,fantasy_game_seq,player_id,preferred_team,team_name,seq) values (?,?,?,?,?,default)
    Hibernate: insert into ft_participants (draft_order,fantasy_game_seq,player_id,preferred_team,team_name,seq) values (?,?,?,?,?,default)
    Hibernate: insert into ft_participants (draft_order,fantasy_game_seq,player_id,preferred_team,team_name,seq) values (?,?,?,?,?,default)
    Hibernate: insert into ft_participants (draft_order,fantasy_game_seq,player_id,preferred_team,team_name,seq) values (?,?,?,?,?,default)
    Hibernate: insert into ft_participants (draft_order,fantasy_game_seq,player_id,preferred_team,team_name,seq) values (?,?,?,?,?,default)
    Hibernate: insert into ft_participants (draft_order,fantasy_game_seq,player_id,preferred_team,team_name,seq) values (?,?,?,?,?,default)
    Hibernate: insert into ft_participants (draft_order,fantasy_game_seq,player_id,preferred_team,team_name,seq) values (?,?,?,?,?,default)
    Hibernate: insert into ft_participants (draft_order,fantasy_game_seq,player_id,preferred_team,team_name,seq) values (?,?,?,?,?,default)
    Hibernate: insert into ft_participants (draft_order,fantasy_game_seq,player_id,preferred_team,team_name,seq) values (?,?,?,?,?,default)
    Hibernate: insert into ft_participants (draft_order,fantasy_game_seq,player_id,preferred_team,team_name,seq) values (?,?,?,?,?,default)
    Hibernate: insert into ft_participants (draft_order,fantasy_game_seq,player_id,preferred_team,team_name,seq) values (?,?,?,?,?,default)
    Hibernate: insert into ft_participants (draft_order,fantasy_game_seq,player_id,preferred_team,team_name,seq) values (?,?,?,?,?,default)
    Hibernate: insert into ft_participants (draft_order,fantasy_game_seq,player_id,preferred_team,team_name,seq) values (?,?,?,?,?,default)
    Hibernate: insert into ft_participants (draft_order,fantasy_game_seq,player_id,preferred_team,team_name,seq) values (?,?,?,?,?,default)
    Hibernate: insert into ft_participants (draft_order,fantasy_game_seq,player_id,preferred_team,team_name,seq) values (?,?,?,?,?,default)
    Hibernate: insert into ft_participants (draft_order,fantasy_game_seq,player_id,preferred_team,team_name,seq) values (?,?,?,?,?,default)
    Hibernate: insert into ft_participants (draft_order,fantasy_game_seq,player_id,preferred_team,team_name,seq) values (?,?,?,?,?,default)
    Hibernate: insert into ft_participants (draft_order,fantasy_game_seq,player_id,preferred_team,team_name,seq) values (?,?,?,?,?,default)
    Hibernate: insert into ft_participants (draft_order,fantasy_game_seq,player_id,preferred_team,team_name,seq) values (?,?,?,?,?,default)
    Hibernate: insert into ft_participants (draft_order,fantasy_game_seq,player_id,preferred_team,team_name,seq) values (?,?,?,?,?,default)
    Hibernate: insert into ft_participants (draft_order,fantasy_game_seq,player_id,preferred_team,team_name,seq) values (?,?,?,?,?,default)
    Hibernate: insert into ft_participants (draft_order,fantasy_game_seq,player_id,preferred_team,team_name,seq) values (?,?,?,?,?,default)
    Hibernate: insert into ft_participants (draft_order,fantasy_game_seq,player_id,preferred_team,team_name,seq) values (?,?,?,?,?,default)
    Hibernate: insert into ft_participants (draft_order,fantasy_game_seq,player_id,preferred_team,team_name,seq) values (?,?,?,?,?,default)
    Hibernate: insert into ft_participants (draft_order,fantasy_game_seq,player_id,preferred_team,team_name,seq) values (?,?,?,?,?,default)
    Hibernate: insert into ft_participants (draft_order,fantasy_game_seq,player_id,preferred_team,team_name,seq) values (?,?,?,?,?,default)
    Hibernate: insert into ft_participants (draft_order,fantasy_game_seq,player_id,preferred_team,team_name,seq) values (?,?,?,?,?,default)
    Hibernate: insert into ft_participants (draft_order,fantasy_game_seq,player_id,preferred_team,team_name,seq) values (?,?,?,?,?,default)
    Hibernate: insert into ft_participants (draft_order,fantasy_game_seq,player_id,preferred_team,team_name,seq) values (?,?,?,?,?,default)
    Hibernate: insert into ft_participants (draft_order,fantasy_game_seq,player_id,preferred_team,team_name,seq) values (?,?,?,?,?,default)
    Hibernate: insert into ft_participants (draft_order,fantasy_game_seq,player_id,preferred_team,team_name,seq) values (?,?,?,?,?,default)
    Hibernate: insert into ft_participants (draft_order,fantasy_game_seq,player_id,preferred_team,team_name,seq) values (?,?,?,?,?,default)
    Hibernate: insert into ft_participants (draft_order,fantasy_game_seq,player_id,preferred_team,team_name,seq) values (?,?,?,?,?,default)
    Hibernate: insert into ft_participants (draft_order,fantasy_game_seq,player_id,preferred_team,team_name,seq) values (?,?,?,?,?,default)
    Hibernate: insert into ft_participants (draft_order,fantasy_game_seq,player_id,preferred_team,team_name,seq) values (?,?,?,?,?,default)
    Hibernate: insert into ft_participants (draft_order,fantasy_game_seq,player_id,preferred_team,team_name,seq) values (?,?,?,?,?,default)
    Hibernate: insert into ft_participants (draft_order,fantasy_game_seq,player_id,preferred_team,team_name,seq) values (?,?,?,?,?,default)
    Hibernate: insert into ft_participants (draft_order,fantasy_game_seq,player_id,preferred_team,team_name,seq) values (?,?,?,?,?,default)
    Hibernate: insert into ft_participants (draft_order,fantasy_game_seq,player_id,preferred_team,team_name,seq) values (?,?,?,?,?,default)
    Hibernate: insert into ft_participants (draft_order,fantasy_game_seq,player_id,preferred_team,team_name,seq) values (?,?,?,?,?,default)
    Hibernate: insert into ft_participants (draft_order,fantasy_game_seq,player_id,preferred_team,team_name,seq) values (?,?,?,?,?,default)
    Hibernate: insert into ft_participants (draft_order,fantasy_game_seq,player_id,preferred_team,team_name,seq) values (?,?,?,?,?,default)
    Hibernate: insert into ft_participants (draft_order,fantasy_game_seq,player_id,preferred_team,team_name,seq) values (?,?,?,?,?,default)
    Hibernate: insert into ft_participants (draft_order,fantasy_game_seq,player_id,preferred_team,team_name,seq) values (?,?,?,?,?,default)
    Hibernate: insert into ft_participants (draft_order,fantasy_game_seq,player_id,preferred_team,team_name,seq) values (?,?,?,?,?,default)
    Hibernate: insert into ft_participants (draft_order,fantasy_game_seq,player_id,preferred_team,team_name,seq) values (?,?,?,?,?,default)
    Hibernate: insert into ft_participants (draft_order,fantasy_game_seq,player_id,preferred_team,team_name,seq) values (?,?,?,?,?,default)
    Hibernate: insert into ft_participants (draft_order,fantasy_game_seq,player_id,preferred_team,team_name,seq) values (?,?,?,?,?,default)
    Hibernate: insert into ft_participants (draft_order,fantasy_game_seq,player_id,preferred_team,team_name,seq) values (?,?,?,?,?,default)
    Hibernate: insert into ft_participants (draft_order,fantasy_game_seq,player_id,preferred_team,team_name,seq) values (?,?,?,?,?,default)
    Hibernate: insert into ft_participants (draft_order,fantasy_game_seq,player_id,preferred_team,team_name,seq) values (?,?,?,?,?,default)
    Hibernate: insert into ft_participants (draft_order,fantasy_game_seq,player_id,preferred_team,team_name,seq) values (?,?,?,?,?,default)
    Hibernate: insert into ft_participants (draft_order,fantasy_game_seq,player_id,preferred_team,team_name,seq) values (?,?,?,?,?,default)
    Hibernate: insert into ft_participants (draft_order,fantasy_game_seq,player_id,preferred_team,team_name,seq) values (?,?,?,?,?,default)
    Hibernate: insert into ft_participants (draft_order,fantasy_game_seq,player_id,preferred_team,team_name,seq) values (?,?,?,?,?,default)
    Hibernate: insert into ft_participants (draft_order,fantasy_game_seq,player_id,preferred_team,team_name,seq) values (?,?,?,?,?,default)
    Hibernate: insert into ft_participants (draft_order,fantasy_game_seq,player_id,preferred_team,team_name,seq) values (?,?,?,?,?,default)
    Hibernate: insert into ft_participants (draft_order,fantasy_game_seq,player_id,preferred_team,team_name,seq) values (?,?,?,?,?,default)
    Hibernate: insert into ft_participants (draft_order,fantasy_game_seq,player_id,preferred_team,team_name,seq) values (?,?,?,?,?,default)
    Hibernate: insert into ft_participants (draft_order,fantasy_game_seq,player_id,preferred_team,team_name,seq) values (?,?,?,?,?,default)
    Hibernate: insert into ft_participants (draft_order,fantasy_game_seq,player_id,preferred_team,team_name,seq) values (?,?,?,?,?,default)
    Hibernate: insert into ft_participants (draft_order,fantasy_game_seq,player_id,preferred_team,team_name,seq) values (?,?,?,?,?,default)
    Hibernate: insert into ft_participants (draft_order,fantasy_game_seq,player_id,preferred_team,team_name,seq) values (?,?,?,?,?,default)
    Hibernate: insert into ft_participants (draft_order,fantasy_game_seq,player_id,preferred_team,team_name,seq) values (?,?,?,?,?,default)
    Hibernate: insert into ft_participants (draft_order,fantasy_game_seq,player_id,preferred_team,team_name,seq) values (?,?,?,?,?,default)
    Hibernate: insert into ft_participants (draft_order,fantasy_game_seq,player_id,preferred_team,team_name,seq) values (?,?,?,?,?,default)
    Hibernate: insert into ft_participants (draft_order,fantasy_game_seq,player_id,preferred_team,team_name,seq) values (?,?,?,?,?,default)
    Hibernate: insert into ft_participants (draft_order,fantasy_game_seq,player_id,preferred_team,team_name,seq) values (?,?,?,?,?,default)
    Hibernate: insert into ft_participants (draft_order,fantasy_game_seq,player_id,preferred_team,team_name,seq) values (?,?,?,?,?,default)
    Hibernate: insert into ft_participants (draft_order,fantasy_game_seq,player_id,preferred_team,team_name,seq) values (?,?,?,?,?,default)
    Hibernate: insert into ft_participants (draft_order,fantasy_game_seq,player_id,preferred_team,team_name,seq) values (?,?,?,?,?,default)
    Hibernate: insert into ft_participants (draft_order,fantasy_game_seq,player_id,preferred_team,team_name,seq) values (?,?,?,?,?,default)
    Hibernate: insert into ft_participants (draft_order,fantasy_game_seq,player_id,preferred_team,team_name,seq) values (?,?,?,?,?,default)
    Hibernate: insert into ft_participants (draft_order,fantasy_game_seq,player_id,preferred_team,team_name,seq) values (?,?,?,?,?,default)
    Hibernate: insert into ft_participants (draft_order,fantasy_game_seq,player_id,preferred_team,team_name,seq) values (?,?,?,?,?,default)
    Hibernate: insert into ft_participants (draft_order,fantasy_game_seq,player_id,preferred_team,team_name,seq) values (?,?,?,?,?,default)
    Hibernate: insert into ft_participants (draft_order,fantasy_game_seq,player_id,preferred_team,team_name,seq) values (?,?,?,?,?,default)
    Hibernate: insert into ft_participants (draft_order,fantasy_game_seq,player_id,preferred_team,team_name,seq) values (?,?,?,?,?,default)
    Hibernate: insert into ft_participants (draft_order,fantasy_game_seq,player_id,preferred_team,team_name,seq) values (?,?,?,?,?,default)
    Hibernate: insert into ft_participants (draft_order,fantasy_game_seq,player_id,preferred_team,team_name,seq) values (?,?,?,?,?,default)
    Hibernate: insert into ft_participants (draft_order,fantasy_game_seq,player_id,preferred_team,team_name,seq) values (?,?,?,?,?,default)
    Hibernate: insert into ft_participants (draft_order,fantasy_game_seq,player_id,preferred_team,team_name,seq) values (?,?,?,?,?,default)
    Hibernate: insert into ft_participants (draft_order,fantasy_game_seq,player_id,preferred_team,team_name,seq) values (?,?,?,?,?,default)
    Hibernate: insert into ft_participants (draft_order,fantasy_game_seq,player_id,preferred_team,team_name,seq) values (?,?,?,?,?,default)
    Hibernate: insert into ft_participants (draft_order,fantasy_game_seq,player_id,preferred_team,team_name,seq) values (?,?,?,?,?,default)
    Hibernate: insert into ft_participants (draft_order,fantasy_game_seq,player_id,preferred_team,team_name,seq) values (?,?,?,?,?,default)
    Hibernate: insert into ft_participants (draft_order,fantasy_game_seq,player_id,preferred_team,team_name,seq) values (?,?,?,?,?,default)
    Hibernate: insert into ft_participants (draft_order,fantasy_game_seq,player_id,preferred_team,team_name,seq) values (?,?,?,?,?,default)
    Hibernate: insert into ft_participants (draft_order,fantasy_game_seq,player_id,preferred_team,team_name,seq) values (?,?,?,?,?,default)
    Hibernate: insert into ft_participants (draft_order,fantasy_game_seq,player_id,preferred_team,team_name,seq) values (?,?,?,?,?,default)
    Hibernate: insert into ft_participants (draft_order,fantasy_game_seq,player_id,preferred_team,team_name,seq) values (?,?,?,?,?,default)
    Hibernate: insert into ft_participants (draft_order,fantasy_game_seq,player_id,preferred_team,team_name,seq) values (?,?,?,?,?,default)
    Hibernate: insert into ft_participants (draft_order,fantasy_game_seq,player_id,preferred_team,team_name,seq) values (?,?,?,?,?,default)
    Hibernate: insert into ft_participants (draft_order,fantasy_game_seq,player_id,preferred_team,team_name,seq) values (?,?,?,?,?,default)
    Hibernate: insert into ft_participants (draft_order,fantasy_game_seq,player_id,preferred_team,team_name,seq) values (?,?,?,?,?,default)
    Hibernate: insert into ft_participants (draft_order,fantasy_game_seq,player_id,preferred_team,team_name,seq) values (?,?,?,?,?,default)
    Hibernate: insert into ft_participants (draft_order,fantasy_game_seq,player_id,preferred_team,team_name,seq) values (?,?,?,?,?,default)
    Hibernate: insert into ft_participants (draft_order,fantasy_game_seq,player_id,preferred_team,team_name,seq) values (?,?,?,?,?,default)
    Hibernate: insert into ft_participants (draft_order,fantasy_game_seq,player_id,preferred_team,team_name,seq) values (?,?,?,?,?,default)
    Hibernate: insert into ft_participants (draft_order,fantasy_game_seq,player_id,preferred_team,team_name,seq) values (?,?,?,?,?,default)
    Hibernate: insert into ft_participants (draft_order,fantasy_game_seq,player_id,preferred_team,team_name,seq) values (?,?,?,?,?,default)
    Hibernate: insert into ft_participants (draft_order,fantasy_game_seq,player_id,preferred_team,team_name,seq) values (?,?,?,?,?,default)
    Hibernate: insert into ft_participants (draft_order,fantasy_game_seq,player_id,preferred_team,team_name,seq) values (?,?,?,?,?,default)
    Hibernate: insert into ft_participants (draft_order,fantasy_game_seq,player_id,preferred_team,team_name,seq) values (?,?,?,?,?,default)
    Hibernate: insert into ft_participants (draft_order,fantasy_game_seq,player_id,preferred_team,team_name,seq) values (?,?,?,?,?,default)
    Hibernate: insert into ft_participants (draft_order,fantasy_game_seq,player_id,preferred_team,team_name,seq) values (?,?,?,?,?,default)
    Hibernate: insert into ft_participants (draft_order,fantasy_game_seq,player_id,preferred_team,team_name,seq) values (?,?,?,?,?,default)
    Hibernate: insert into ft_participants (draft_order,fantasy_game_seq,player_id,preferred_team,team_name,seq) values (?,?,?,?,?,default)
    Hibernate: insert into ft_participants (draft_order,fantasy_game_seq,player_id,preferred_team,team_name,seq) values (?,?,?,?,?,default)
    Hibernate: insert into ft_participants (draft_order,fantasy_game_seq,player_id,preferred_team,team_name,seq) values (?,?,?,?,?,default)
    Hibernate: insert into ft_participants (draft_order,fantasy_game_seq,player_id,preferred_team,team_name,seq) values (?,?,?,?,?,default)
    Hibernate: insert into ft_participants (draft_order,fantasy_game_seq,player_id,preferred_team,team_name,seq) values (?,?,?,?,?,default)
    Hibernate: insert into ft_participants (draft_order,fantasy_game_seq,player_id,preferred_team,team_name,seq) values (?,?,?,?,?,default)
    Hibernate: insert into ft_participants (draft_order,fantasy_game_seq,player_id,preferred_team,team_name,seq) values (?,?,?,?,?,default)
    Hibernate: insert into ft_participants (draft_order,fantasy_game_seq,player_id,preferred_team,team_name,seq) values (?,?,?,?,?,default)
    Hibernate: insert into ft_participants (draft_order,fantasy_game_seq,player_id,preferred_team,team_name,seq) values (?,?,?,?,?,default)
    Hibernate: insert into ft_participants (draft_order,fantasy_game_seq,player_id,preferred_team,team_name,seq) values (?,?,?,?,?,default)
    Hibernate: insert into ft_participants (draft_order,fantasy_game_seq,player_id,preferred_team,team_name,seq) values (?,?,?,?,?,default)
    Hibernate: insert into ft_participants (draft_order,fantasy_game_seq,player_id,preferred_team,team_name,seq) values (?,?,?,?,?,default)
    Hibernate: insert into ft_participants (draft_order,fantasy_game_seq,player_id,preferred_team,team_name,seq) values (?,?,?,?,?,default)
    Hibernate: insert into ft_participants (draft_order,fantasy_game_seq,player_id,preferred_team,team_name,seq) values (?,?,?,?,?,default)
    Hibernate: insert into ft_participants (draft_order,fantasy_game_seq,player_id,preferred_team,team_name,seq) values (?,?,?,?,?,default)
    Hibernate: insert into ft_participants (draft_order,fantasy_game_seq,player_id,preferred_team,team_name,seq) values (?,?,?,?,?,default)
    Hibernate: insert into ft_participants (draft_order,fantasy_game_seq,player_id,preferred_team,team_name,seq) values (?,?,?,?,?,default)
    Hibernate: insert into ft_participants (draft_order,fantasy_game_seq,player_id,preferred_team,team_name,seq) values (?,?,?,?,?,default)
    Hibernate: insert into ft_participants (draft_order,fantasy_game_seq,player_id,preferred_team,team_name,seq) values (?,?,?,?,?,default)
    Hibernate: insert into ft_participants (draft_order,fantasy_game_seq,player_id,preferred_team,team_name,seq) values (?,?,?,?,?,default)
    Hibernate: insert into ft_participants (draft_order,fantasy_game_seq,player_id,preferred_team,team_name,seq) values (?,?,?,?,?,default)
    Hibernate: insert into ft_participants (draft_order,fantasy_game_seq,player_id,preferred_team,team_name,seq) values (?,?,?,?,?,default)
    Hibernate: insert into ft_participants (draft_order,fantasy_game_seq,player_id,preferred_team,team_name,seq) values (?,?,?,?,?,default)
    Hibernate: insert into ft_participants (draft_order,fantasy_game_seq,player_id,preferred_team,team_name,seq) values (?,?,?,?,?,default)
    Hibernate: insert into ft_participants (draft_order,fantasy_game_seq,player_id,preferred_team,team_name,seq) values (?,?,?,?,?,default)
    Hibernate: insert into ft_participants (draft_order,fantasy_game_seq,player_id,preferred_team,team_name,seq) values (?,?,?,?,?,default)
    Hibernate: insert into ft_participants (draft_order,fantasy_game_seq,player_id,preferred_team,team_name,seq) values (?,?,?,?,?,default)
    Hibernate: insert into ft_participants (draft_order,fantasy_game_seq,player_id,preferred_team,team_name,seq) values (?,?,?,?,?,default)
    Hibernate: insert into ft_participants (draft_order,fantasy_game_seq,player_id,preferred_team,team_name,seq) values (?,?,?,?,?,default)
    Hibernate: insert into ft_participants (draft_order,fantasy_game_seq,player_id,preferred_team,team_name,seq) values (?,?,?,?,?,default)
    Hibernate: insert into ft_participants (draft_order,fantasy_game_seq,player_id,preferred_team,team_name,seq) values (?,?,?,?,?,default)
    Hibernate: insert into ft_participants (draft_order,fantasy_game_seq,player_id,preferred_team,team_name,seq) values (?,?,?,?,?,default)
    Hibernate: insert into ft_participants (draft_order,fantasy_game_seq,player_id,preferred_team,team_name,seq) values (?,?,?,?,?,default)
    Hibernate: insert into ft_participants (draft_order,fantasy_game_seq,player_id,preferred_team,team_name,seq) values (?,?,?,?,?,default)
    Hibernate: insert into ft_participants (draft_order,fantasy_game_seq,player_id,preferred_team,team_name,seq) values (?,?,?,?,?,default)
    Hibernate: insert into ft_participants (draft_order,fantasy_game_seq,player_id,preferred_team,team_name,seq) values (?,?,?,?,?,default)
    Hibernate: insert into ft_participants (draft_order,fantasy_game_seq,player_id,preferred_team,team_name,seq) values (?,?,?,?,?,default)
    Hibernate: insert into ft_participants (draft_order,fantasy_game_seq,player_id,preferred_team,team_name,seq) values (?,?,?,?,?,default)
    Hibernate: insert into ft_participants (draft_order,fantasy_game_seq,player_id,preferred_team,team_name,seq) values (?,?,?,?,?,default)
    Hibernate: insert into ft_participants (draft_order,fantasy_game_seq,player_id,preferred_team,team_name,seq) values (?,?,?,?,?,default)
    Hibernate: insert into ft_participants (draft_order,fantasy_game_seq,player_id,preferred_team,team_name,seq) values (?,?,?,?,?,default)
    Hibernate: insert into ft_participants (draft_order,fantasy_game_seq,player_id,preferred_team,team_name,seq) values (?,?,?,?,?,default)
    Hibernate: insert into ft_participants (draft_order,fantasy_game_seq,player_id,preferred_team,team_name,seq) values (?,?,?,?,?,default)
    Hibernate: insert into ft_participants (draft_order,fantasy_game_seq,player_id,preferred_team,team_name,seq) values (?,?,?,?,?,default)
    Hibernate: insert into ft_participants (draft_order,fantasy_game_seq,player_id,preferred_team,team_name,seq) values (?,?,?,?,?,default)
    Hibernate: insert into ft_participants (draft_order,fantasy_game_seq,player_id,preferred_team,team_name,seq) values (?,?,?,?,?,default)
    Hibernate: insert into ft_participants (draft_order,fantasy_game_seq,player_id,preferred_team,team_name,seq) values (?,?,?,?,?,default)
    Hibernate: insert into ft_participants (draft_order,fantasy_game_seq,player_id,preferred_team,team_name,seq) values (?,?,?,?,?,default)
    Hibernate: insert into ft_participants (draft_order,fantasy_game_seq,player_id,preferred_team,team_name,seq) values (?,?,?,?,?,default)
    Hibernate: insert into ft_participants (draft_order,fantasy_game_seq,player_id,preferred_team,team_name,seq) values (?,?,?,?,?,default)
    Hibernate: insert into ft_participants (draft_order,fantasy_game_seq,player_id,preferred_team,team_name,seq) values (?,?,?,?,?,default)
    Hibernate: insert into ft_participants (draft_order,fantasy_game_seq,player_id,preferred_team,team_name,seq) values (?,?,?,?,?,default)
    Hibernate: insert into ft_participants (draft_order,fantasy_game_seq,player_id,preferred_team,team_name,seq) values (?,?,?,?,?,default)
    Hibernate: insert into ft_participants (draft_order,fantasy_game_seq,player_id,preferred_team,team_name,seq) values (?,?,?,?,?,default)
    Hibernate: insert into ft_participants (draft_order,fantasy_game_seq,player_id,preferred_team,team_name,seq) values (?,?,?,?,?,default)
    Hibernate: insert into ft_participants (draft_order,fantasy_game_seq,player_id,preferred_team,team_name,seq) values (?,?,?,?,?,default)
    Hibernate: insert into ft_participants (draft_order,fantasy_game_seq,player_id,preferred_team,team_name,seq) values (?,?,?,?,?,default)
    Hibernate: insert into ft_participants (draft_order,fantasy_game_seq,player_id,preferred_team,team_name,seq) values (?,?,?,?,?,default)
    Hibernate: insert into ft_participants (draft_order,fantasy_game_seq,player_id,preferred_team,team_name,seq) values (?,?,?,?,?,default)
    Hibernate: insert into ft_participants (draft_order,fantasy_game_seq,player_id,preferred_team,team_name,seq) values (?,?,?,?,?,default)
    Hibernate: insert into ft_participants (draft_order,fantasy_game_seq,player_id,preferred_team,team_name,seq) values (?,?,?,?,?,default)
    Hibernate: insert into ft_participants (draft_order,fantasy_game_seq,player_id,preferred_team,team_name,seq) values (?,?,?,?,?,default)
    Hibernate: insert into ft_participants (draft_order,fantasy_game_seq,player_id,preferred_team,team_name,seq) values (?,?,?,?,?,default)
    Hibernate: insert into ft_participants (draft_order,fantasy_game_seq,player_id,preferred_team,team_name,seq) values (?,?,?,?,?,default)
    Hibernate: insert into ft_participants (draft_order,fantasy_game_seq,player_id,preferred_team,team_name,seq) values (?,?,?,?,?,default)
    Hibernate: insert into ft_participants (draft_order,fantasy_game_seq,player_id,preferred_team,team_name,seq) values (?,?,?,?,?,default)
    Hibernate: insert into ft_participants (draft_order,fantasy_game_seq,player_id,preferred_team,team_name,seq) values (?,?,?,?,?,default)
    Hibernate: insert into ft_participants (draft_order,fantasy_game_seq,player_id,preferred_team,team_name,seq) values (?,?,?,?,?,default)
    Hibernate: insert into ft_participants (draft_order,fantasy_game_seq,player_id,preferred_team,team_name,seq) values (?,?,?,?,?,default)
    Hibernate: insert into ft_participants (draft_order,fantasy_game_seq,player_id,preferred_team,team_name,seq) values (?,?,?,?,?,default)
    Hibernate: insert into ft_participants (draft_order,fantasy_game_seq,player_id,preferred_team,team_name,seq) values (?,?,?,?,?,default)
    Hibernate: insert into ft_participants (draft_order,fantasy_game_seq,player_id,preferred_team,team_name,seq) values (?,?,?,?,?,default)
    Hibernate: insert into ft_participants (draft_order,fantasy_game_seq,player_id,preferred_team,team_name,seq) values (?,?,?,?,?,default)
    Hibernate: insert into ft_participants (draft_order,fantasy_game_seq,player_id,preferred_team,team_name,seq) values (?,?,?,?,?,default)
    Hibernate: insert into ft_participants (draft_order,fantasy_game_seq,player_id,preferred_team,team_name,seq) values (?,?,?,?,?,default)
    Hibernate: insert into ft_participants (draft_order,fantasy_game_seq,player_id,preferred_team,team_name,seq) values (?,?,?,?,?,default)
    Hibernate: insert into ft_participants (draft_order,fantasy_game_seq,player_id,preferred_team,team_name,seq) values (?,?,?,?,?,default)
    Hibernate: insert into ft_participants (draft_order,fantasy_game_seq,player_id,preferred_team,team_name,seq) values (?,?,?,?,?,default)
    Hibernate: insert into ft_participants (draft_order,fantasy_game_seq,player_id,preferred_team,team_name,seq) values (?,?,?,?,?,default)
    Hibernate: insert into ft_participants (draft_order,fantasy_game_seq,player_id,preferred_team,team_name,seq) values (?,?,?,?,?,default)
    Hibernate: insert into ft_participants (draft_order,fantasy_game_seq,player_id,preferred_team,team_name,seq) values (?,?,?,?,?,default)
    Hibernate: insert into ft_participants (draft_order,fantasy_game_seq,player_id,preferred_team,team_name,seq) values (?,?,?,?,?,default)
    Hibernate: insert into ft_participants (draft_order,fantasy_game_seq,player_id,preferred_team,team_name,seq) values (?,?,?,?,?,default)
    Hibernate: insert into ft_participants (draft_order,fantasy_game_seq,player_id,preferred_team,team_name,seq) values (?,?,?,?,?,default)
    Hibernate: insert into ft_participants (draft_order,fantasy_game_seq,player_id,preferred_team,team_name,seq) values (?,?,?,?,?,default)
    Hibernate: insert into ft_participants (draft_order,fantasy_game_seq,player_id,preferred_team,team_name,seq) values (?,?,?,?,?,default)
    Hibernate: insert into ft_participants (draft_order,fantasy_game_seq,player_id,preferred_team,team_name,seq) values (?,?,?,?,?,default)
    Hibernate: insert into ft_participants (draft_order,fantasy_game_seq,player_id,preferred_team,team_name,seq) values (?,?,?,?,?,default)
    Hibernate: insert into ft_participants (draft_order,fantasy_game_seq,player_id,preferred_team,team_name,seq) values (?,?,?,?,?,default)
    Hibernate: insert into ft_participants (draft_order,fantasy_game_seq,player_id,preferred_team,team_name,seq) values (?,?,?,?,?,default)
    Hibernate: insert into ft_participants (draft_order,fantasy_game_seq,player_id,preferred_team,team_name,seq) values (?,?,?,?,?,default)
    Hibernate: insert into ft_participants (draft_order,fantasy_game_seq,player_id,preferred_team,team_name,seq) values (?,?,?,?,?,default)
    Hibernate: insert into ft_participants (draft_order,fantasy_game_seq,player_id,preferred_team,team_name,seq) values (?,?,?,?,?,default)
    Hibernate: insert into ft_participants (draft_order,fantasy_game_seq,player_id,preferred_team,team_name,seq) values (?,?,?,?,?,default)
    Hibernate: insert into ft_participants (draft_order,fantasy_game_seq,player_id,preferred_team,team_name,seq) values (?,?,?,?,?,default)
    Hibernate: insert into ft_participants (draft_order,fantasy_game_seq,player_id,preferred_team,team_name,seq) values (?,?,?,?,?,default)
    Hibernate: insert into ft_participants (draft_order,fantasy_game_seq,player_id,preferred_team,team_name,seq) values (?,?,?,?,?,default)
    Hibernate: insert into ft_participants (draft_order,fantasy_game_seq,player_id,preferred_team,team_name,seq) values (?,?,?,?,?,default)
    Hibernate: insert into ft_participants (draft_order,fantasy_game_seq,player_id,preferred_team,team_name,seq) values (?,?,?,?,?,default)
    Hibernate: insert into ft_participants (draft_order,fantasy_game_seq,player_id,preferred_team,team_name,seq) values (?,?,?,?,?,default)
    Hibernate: insert into ft_participants (draft_order,fantasy_game_seq,player_id,preferred_team,team_name,seq) values (?,?,?,?,?,default)
    Hibernate: insert into ft_participants (draft_order,fantasy_game_seq,player_id,preferred_team,team_name,seq) values (?,?,?,?,?,default)
    Hibernate: insert into ft_participants (draft_order,fantasy_game_seq,player_id,preferred_team,team_name,seq) values (?,?,?,?,?,default)
    Hibernate: insert into ft_participants (draft_order,fantasy_game_seq,player_id,preferred_team,team_name,seq) values (?,?,?,?,?,default)
    Hibernate: insert into ft_participants (draft_order,fantasy_game_seq,player_id,preferred_team,team_name,seq) values (?,?,?,?,?,default)
    Hibernate: insert into ft_participants (draft_order,fantasy_game_seq,player_id,preferred_team,team_name,seq) values (?,?,?,?,?,default)
    Hibernate: insert into ft_participants (draft_order,fantasy_game_seq,player_id,preferred_team,team_name,seq) values (?,?,?,?,?,default)
    Hibernate: insert into ft_participants (draft_order,fantasy_game_seq,player_id,preferred_team,team_name,seq) values (?,?,?,?,?,default)
    Hibernate: insert into ft_participants (draft_order,fantasy_game_seq,player_id,preferred_team,team_name,seq) values (?,?,?,?,?,default)
    Hibernate: insert into ft_participants (draft_order,fantasy_game_seq,player_id,preferred_team,team_name,seq) values (?,?,?,?,?,default)
    Hibernate: insert into ft_participants (draft_order,fantasy_game_seq,player_id,preferred_team,team_name,seq) values (?,?,?,?,?,default)
    Hibernate: insert into ft_participants (draft_order,fantasy_game_seq,player_id,preferred_team,team_name,seq) values (?,?,?,?,?,default)
    Hibernate: insert into ft_participants (draft_order,fantasy_game_seq,player_id,preferred_team,team_name,seq) values (?,?,?,?,?,default)
    Hibernate: insert into ft_participants (draft_order,fantasy_game_seq,player_id,preferred_team,team_name,seq) values (?,?,?,?,?,default)
    Hibernate: insert into ft_participants (draft_order,fantasy_game_seq,player_id,preferred_team,team_name,seq) values (?,?,?,?,?,default)
    Hibernate: insert into ft_participants (draft_order,fantasy_game_seq,player_id,preferred_team,team_name,seq) values (?,?,?,?,?,default)
    Hibernate: insert into ft_participants (draft_order,fantasy_game_seq,player_id,preferred_team,team_name,seq) values (?,?,?,?,?,default)
    Hibernate: insert into ft_participants (draft_order,fantasy_game_seq,player_id,preferred_team,team_name,seq) values (?,?,?,?,?,default)
    Hibernate: insert into ft_participants (draft_order,fantasy_game_seq,player_id,preferred_team,team_name,seq) values (?,?,?,?,?,default)
    Hibernate: insert into ft_participants (draft_order,fantasy_game_seq,player_id,preferred_team,team_name,seq) values (?,?,?,?,?,default)
    Hibernate: insert into ft_participants (draft_order,fantasy_game_seq,player_id,preferred_team,team_name,seq) values (?,?,?,?,?,default)
    Hibernate: insert into ft_participants (draft_order,fantasy_game_seq,player_id,preferred_team,team_name,seq) values (?,?,?,?,?,default)
    Hibernate: insert into ft_participants (draft_order,fantasy_game_seq,player_id,preferred_team,team_name,seq) values (?,?,?,?,?,default)
    Hibernate: insert into ft_participants (draft_order,fantasy_game_seq,player_id,preferred_team,team_name,seq) values (?,?,?,?,?,default)
    Hibernate: insert into ft_participants (draft_order,fantasy_game_seq,player_id,preferred_team,team_name,seq) values (?,?,?,?,?,default)
    Hibernate: insert into ft_participants (draft_order,fantasy_game_seq,player_id,preferred_team,team_name,seq) values (?,?,?,?,?,default)
    Hibernate: insert into ft_participants (draft_order,fantasy_game_seq,player_id,preferred_team,team_name,seq) values (?,?,?,?,?,default)
    Hibernate: insert into ft_participants (draft_order,fantasy_game_seq,player_id,preferred_team,team_name,seq) values (?,?,?,?,?,default)
    Hibernate: insert into ft_participants (draft_order,fantasy_game_seq,player_id,preferred_team,team_name,seq) values (?,?,?,?,?,default)
    Hibernate: insert into ft_participants (draft_order,fantasy_game_seq,player_id,preferred_team,team_name,seq) values (?,?,?,?,?,default)
    Hibernate: insert into ft_participants (draft_order,fantasy_game_seq,player_id,preferred_team,team_name,seq) values (?,?,?,?,?,default)
    Hibernate: insert into ft_participants (draft_order,fantasy_game_seq,player_id,preferred_team,team_name,seq) values (?,?,?,?,?,default)
    Hibernate: insert into ft_participants (draft_order,fantasy_game_seq,player_id,preferred_team,team_name,seq) values (?,?,?,?,?,default)
    Hibernate: insert into ft_participants (draft_order,fantasy_game_seq,player_id,preferred_team,team_name,seq) values (?,?,?,?,?,default)
    Hibernate: insert into ft_participants (draft_order,fantasy_game_seq,player_id,preferred_team,team_name,seq) values (?,?,?,?,?,default)
    Hibernate: insert into ft_participants (draft_order,fantasy_game_seq,player_id,preferred_team,team_name,seq) values (?,?,?,?,?,default)
    Hibernate: insert into ft_participants (draft_order,fantasy_game_seq,player_id,preferred_team,team_name,seq) values (?,?,?,?,?,default)
    Hibernate: insert into ft_participants (draft_order,fantasy_game_seq,player_id,preferred_team,team_name,seq) values (?,?,?,?,?,default)
    Hibernate: insert into ft_participants (draft_order,fantasy_game_seq,player_id,preferred_team,team_name,seq) values (?,?,?,?,?,default)
    Hibernate: insert into ft_participants (draft_order,fantasy_game_seq,player_id,preferred_team,team_name,seq) values (?,?,?,?,?,default)
    Hibernate: insert into ft_participants (draft_order,fantasy_game_seq,player_id,preferred_team,team_name,seq) values (?,?,?,?,?,default)
    Hibernate: insert into ft_participants (draft_order,fantasy_game_seq,player_id,preferred_team,team_name,seq) values (?,?,?,?,?,default)
    Hibernate: insert into ft_participants (draft_order,fantasy_game_seq,player_id,preferred_team,team_name,seq) values (?,?,?,?,?,default)
    Hibernate: insert into ft_participants (draft_order,fantasy_game_seq,player_id,preferred_team,team_name,seq) values (?,?,?,?,?,default)
    Hibernate: insert into ft_participants (draft_order,fantasy_game_seq,player_id,preferred_team,team_name,seq) values (?,?,?,?,?,default)
    Hibernate: insert into ft_participants (draft_order,fantasy_game_seq,player_id,preferred_team,team_name,seq) values (?,?,?,?,?,default)
    Hibernate: insert into ft_participants (draft_order,fantasy_game_seq,player_id,preferred_team,team_name,seq) values (?,?,?,?,?,default)
    Hibernate: insert into ft_participants (draft_order,fantasy_game_seq,player_id,preferred_team,team_name,seq) values (?,?,?,?,?,default)
    Hibernate: insert into ft_participants (draft_order,fantasy_game_seq,player_id,preferred_team,team_name,seq) values (?,?,?,?,?,default)
    Hibernate: insert into ft_participants (draft_order,fantasy_game_seq,player_id,preferred_team,team_name,seq) values (?,?,?,?,?,default)
    Hibernate: insert into ft_participants (draft_order,fantasy_game_seq,player_id,preferred_team,team_name,seq) values (?,?,?,?,?,default)
    Hibernate: insert into ft_participants (draft_order,fantasy_game_seq,player_id,preferred_team,team_name,seq) values (?,?,?,?,?,default)
    Hibernate: insert into ft_participants (draft_order,fantasy_game_seq,player_id,preferred_team,team_name,seq) values (?,?,?,?,?,default)
    Hibernate: insert into ft_participants (draft_order,fantasy_game_seq,player_id,preferred_team,team_name,seq) values (?,?,?,?,?,default)
    Hibernate: insert into ft_participants (draft_order,fantasy_game_seq,player_id,preferred_team,team_name,seq) values (?,?,?,?,?,default)
    Hibernate: insert into ft_participants (draft_order,fantasy_game_seq,player_id,preferred_team,team_name,seq) values (?,?,?,?,?,default)
    Hibernate: insert into ft_participants (draft_order,fantasy_game_seq,player_id,preferred_team,team_name,seq) values (?,?,?,?,?,default)
    Hibernate: insert into ft_participants (draft_order,fantasy_game_seq,player_id,preferred_team,team_name,seq) values (?,?,?,?,?,default)
    Hibernate: insert into ft_participants (draft_order,fantasy_game_seq,player_id,preferred_team,team_name,seq) values (?,?,?,?,?,default)
    Hibernate: insert into ft_participants (draft_order,fantasy_game_seq,player_id,preferred_team,team_name,seq) values (?,?,?,?,?,default)
    Hibernate: insert into ft_participants (draft_order,fantasy_game_seq,player_id,preferred_team,team_name,seq) values (?,?,?,?,?,default)
    Hibernate: insert into ft_participants (draft_order,fantasy_game_seq,player_id,preferred_team,team_name,seq) values (?,?,?,?,?,default)
    Hibernate: insert into ft_participants (draft_order,fantasy_game_seq,player_id,preferred_team,team_name,seq) values (?,?,?,?,?,default)
    Hibernate: insert into ft_participants (draft_order,fantasy_game_seq,player_id,preferred_team,team_name,seq) values (?,?,?,?,?,default)
    Hibernate: insert into ft_participants (draft_order,fantasy_game_seq,player_id,preferred_team,team_name,seq) values (?,?,?,?,?,default)
    Hibernate: insert into ft_participants (draft_order,fantasy_game_seq,player_id,preferred_team,team_name,seq) values (?,?,?,?,?,default)
    Hibernate: insert into ft_participants (draft_order,fantasy_game_seq,player_id,preferred_team,team_name,seq) values (?,?,?,?,?,default)
    Hibernate: insert into ft_participants (draft_order,fantasy_game_seq,player_id,preferred_team,team_name,seq) values (?,?,?,?,?,default)
    Hibernate: insert into ft_participants (draft_order,fantasy_game_seq,player_id,preferred_team,team_name,seq) values (?,?,?,?,?,default)
    Hibernate: insert into ft_participants (draft_order,fantasy_game_seq,player_id,preferred_team,team_name,seq) values (?,?,?,?,?,default)
    Hibernate: insert into ft_participants (draft_order,fantasy_game_seq,player_id,preferred_team,team_name,seq) values (?,?,?,?,?,default)
    Hibernate: insert into ft_participants (draft_order,fantasy_game_seq,player_id,preferred_team,team_name,seq) values (?,?,?,?,?,default)
    Hibernate: insert into ft_participants (draft_order,fantasy_game_seq,player_id,preferred_team,team_name,seq) values (?,?,?,?,?,default)
    Hibernate: insert into ft_participants (draft_order,fantasy_game_seq,player_id,preferred_team,team_name,seq) values (?,?,?,?,?,default)
    Hibernate: insert into ft_participants (draft_order,fantasy_game_seq,player_id,preferred_team,team_name,seq) values (?,?,?,?,?,default)
    Hibernate: insert into ft_participants (draft_order,fantasy_game_seq,player_id,preferred_team,team_name,seq) values (?,?,?,?,?,default)
    Hibernate: insert into ft_participants (draft_order,fantasy_game_seq,player_id,preferred_team,team_name,seq) values (?,?,?,?,?,default)
    Hibernate: insert into ft_participants (draft_order,fantasy_game_seq,player_id,preferred_team,team_name,seq) values (?,?,?,?,?,default)
    Hibernate: insert into ft_participants (draft_order,fantasy_game_seq,player_id,preferred_team,team_name,seq) values (?,?,?,?,?,default)
    Hibernate: insert into ft_participants (draft_order,fantasy_game_seq,player_id,preferred_team,team_name,seq) values (?,?,?,?,?,default)
    Hibernate: insert into ft_participants (draft_order,fantasy_game_seq,player_id,preferred_team,team_name,seq) values (?,?,?,?,?,default)
    Hibernate: insert into ft_participants (draft_order,fantasy_game_seq,player_id,preferred_team,team_name,seq) values (?,?,?,?,?,default)
    Hibernate: insert into ft_participants (draft_order,fantasy_game_seq,player_id,preferred_team,team_name,seq) values (?,?,?,?,?,default)
    Hibernate: insert into ft_participants (draft_order,fantasy_game_seq,player_id,preferred_team,team_name,seq) values (?,?,?,?,?,default)
    Hibernate: insert into ft_participants (draft_order,fantasy_game_seq,player_id,preferred_team,team_name,seq) values (?,?,?,?,?,default)
    Hibernate: insert into ft_participants (draft_order,fantasy_game_seq,player_id,preferred_team,team_name,seq) values (?,?,?,?,?,default)
    Hibernate: insert into ft_participants (draft_order,fantasy_game_seq,player_id,preferred_team,team_name,seq) values (?,?,?,?,?,default)
    Hibernate: insert into ft_participants (draft_order,fantasy_game_seq,player_id,preferred_team,team_name,seq) values (?,?,?,?,?,default)
    Hibernate: insert into ft_participants (draft_order,fantasy_game_seq,player_id,preferred_team,team_name,seq) values (?,?,?,?,?,default)
    Hibernate: insert into ft_participants (draft_order,fantasy_game_seq,player_id,preferred_team,team_name,seq) values (?,?,?,?,?,default)
    Hibernate: insert into ft_participants (draft_order,fantasy_game_seq,player_id,preferred_team,team_name,seq) values (?,?,?,?,?,default)
    Hibernate: insert into ft_participants (draft_order,fantasy_game_seq,player_id,preferred_team,team_name,seq) values (?,?,?,?,?,default)
    Hibernate: insert into ft_participants (draft_order,fantasy_game_seq,player_id,preferred_team,team_name,seq) values (?,?,?,?,?,default)
    Hibernate: insert into ft_participants (draft_order,fantasy_game_seq,player_id,preferred_team,team_name,seq) values (?,?,?,?,?,default)
    Hibernate: insert into ft_participants (draft_order,fantasy_game_seq,player_id,preferred_team,team_name,seq) values (?,?,?,?,?,default)
    Hibernate: insert into ft_participants (draft_order,fantasy_game_seq,player_id,preferred_team,team_name,seq) values (?,?,?,?,?,default)
    Hibernate: insert into ft_participants (draft_order,fantasy_game_seq,player_id,preferred_team,team_name,seq) values (?,?,?,?,?,default)
    Hibernate: insert into ft_participants (draft_order,fantasy_game_seq,player_id,preferred_team,team_name,seq) values (?,?,?,?,?,default)
    Hibernate: insert into ft_participants (draft_order,fantasy_game_seq,player_id,preferred_team,team_name,seq) values (?,?,?,?,?,default)
    Hibernate: insert into ft_participants (draft_order,fantasy_game_seq,player_id,preferred_team,team_name,seq) values (?,?,?,?,?,default)
    Hibernate: insert into ft_participants (draft_order,fantasy_game_seq,player_id,preferred_team,team_name,seq) values (?,?,?,?,?,default)
    Hibernate: insert into ft_participants (draft_order,fantasy_game_seq,player_id,preferred_team,team_name,seq) values (?,?,?,?,?,default)
    Hibernate: insert into ft_participants (draft_order,fantasy_game_seq,player_id,preferred_team,team_name,seq) values (?,?,?,?,?,default)
    Hibernate: insert into ft_participants (draft_order,fantasy_game_seq,player_id,preferred_team,team_name,seq) values (?,?,?,?,?,default)
    Hibernate: insert into ft_participants (draft_order,fantasy_game_seq,player_id,preferred_team,team_name,seq) values (?,?,?,?,?,default)
    Hibernate: insert into ft_participants (draft_order,fantasy_game_seq,player_id,preferred_team,team_name,seq) values (?,?,?,?,?,default)
    Hibernate: insert into ft_participants (draft_order,fantasy_game_seq,player_id,preferred_team,team_name,seq) values (?,?,?,?,?,default)
    Hibernate: insert into ft_participants (draft_order,fantasy_game_seq,player_id,preferred_team,team_name,seq) values (?,?,?,?,?,default)
    Hibernate: insert into ft_participants (draft_order,fantasy_game_seq,player_id,preferred_team,team_name,seq) values (?,?,?,?,?,default)
    Hibernate: insert into ft_participants (draft_order,fantasy_game_seq,player_id,preferred_team,team_name,seq) values (?,?,?,?,?,default)
    Hibernate: insert into ft_participants (draft_order,fantasy_game_seq,player_id,preferred_team,team_name,seq) values (?,?,?,?,?,default)
    Hibernate: insert into ft_participants (draft_order,fantasy_game_seq,player_id,preferred_team,team_name,seq) values (?,?,?,?,?,default)
    Hibernate: insert into ft_participants (draft_order,fantasy_game_seq,player_id,preferred_team,team_name,seq) values (?,?,?,?,?,default)
    Hibernate: insert into ft_participants (draft_order,fantasy_game_seq,player_id,preferred_team,team_name,seq) values (?,?,?,?,?,default)
    Hibernate: insert into ft_participants (draft_order,fantasy_game_seq,player_id,preferred_team,team_name,seq) values (?,?,?,?,?,default)
    Hibernate: insert into ft_participants (draft_order,fantasy_game_seq,player_id,preferred_team,team_name,seq) values (?,?,?,?,?,default)
    Hibernate: insert into ft_participants (draft_order,fantasy_game_seq,player_id,preferred_team,team_name,seq) values (?,?,?,?,?,default)
    Hibernate: insert into ft_participants (draft_order,fantasy_game_seq,player_id,preferred_team,team_name,seq) values (?,?,?,?,?,default)
    Hibernate: insert into ft_participants (draft_order,fantasy_game_seq,player_id,preferred_team,team_name,seq) values (?,?,?,?,?,default)
    Hibernate: insert into ft_participants (draft_order,fantasy_game_seq,player_id,preferred_team,team_name,seq) values (?,?,?,?,?,default)
    Hibernate: insert into ft_participants (draft_order,fantasy_game_seq,player_id,preferred_team,team_name,seq) values (?,?,?,?,?,default)
    Hibernate: insert into ft_participants (draft_order,fantasy_game_seq,player_id,preferred_team,team_name,seq) values (?,?,?,?,?,default)
    Hibernate: insert into ft_participants (draft_order,fantasy_game_seq,player_id,preferred_team,team_name,seq) values (?,?,?,?,?,default)
    Hibernate: insert into ft_participants (draft_order,fantasy_game_seq,player_id,preferred_team,team_name,seq) values (?,?,?,?,?,default)
    Hibernate: insert into ft_participants (draft_order,fantasy_game_seq,player_id,preferred_team,team_name,seq) values (?,?,?,?,?,default)
    Hibernate: insert into ft_participants (draft_order,fantasy_game_seq,player_id,preferred_team,team_name,seq) values (?,?,?,?,?,default)
    Hibernate: insert into ft_participants (draft_order,fantasy_game_seq,player_id,preferred_team,team_name,seq) values (?,?,?,?,?,default)
    Hibernate: insert into ft_participants (draft_order,fantasy_game_seq,player_id,preferred_team,team_name,seq) values (?,?,?,?,?,default)
    Hibernate: insert into ft_participants (draft_order,fantasy_game_seq,player_id,preferred_team,team_name,seq) values (?,?,?,?,?,default)
    Hibernate: insert into ft_participants (draft_order,fantasy_game_seq,player_id,preferred_team,team_name,seq) values (?,?,?,?,?,default)
    Hibernate: insert into ft_participants (draft_order,fantasy_game_seq,player_id,preferred_team,team_name,seq) values (?,?,?,?,?,default)
    Hibernate: insert into ft_participants (draft_order,fantasy_game_seq,player_id,preferred_team,team_name,seq) values (?,?,?,?,?,default)
    Hibernate: insert into ft_participants (draft_order,fantasy_game_seq,player_id,preferred_team,team_name,seq) values (?,?,?,?,?,default)
    Hibernate: insert into ft_participants (draft_order,fantasy_game_seq,player_id,preferred_team,team_name,seq) values (?,?,?,?,?,default)
    Hibernate: insert into ft_participants (draft_order,fantasy_game_seq,player_id,preferred_team,team_name,seq) values (?,?,?,?,?,default)
    Hibernate: insert into ft_participants (draft_order,fantasy_game_seq,player_id,preferred_team,team_name,seq) values (?,?,?,?,?,default)
    Hibernate: insert into ft_participants (draft_order,fantasy_game_seq,player_id,preferred_team,team_name,seq) values (?,?,?,?,?,default)
    Hibernate: insert into ft_participants (draft_order,fantasy_game_seq,player_id,preferred_team,team_name,seq) values (?,?,?,?,?,default)
    Hibernate: insert into ft_participants (draft_order,fantasy_game_seq,player_id,preferred_team,team_name,seq) values (?,?,?,?,?,default)
    Hibernate: insert into ft_participants (draft_order,fantasy_game_seq,player_id,preferred_team,team_name,seq) values (?,?,?,?,?,default)
    Hibernate: insert into ft_participants (draft_order,fantasy_game_seq,player_id,preferred_team,team_name,seq) values (?,?,?,?,?,default)
    Hibernate: insert into ft_participants (draft_order,fantasy_game_seq,player_id,preferred_team,team_name,seq) values (?,?,?,?,?,default)
    Hibernate: insert into ft_participants (draft_order,fantasy_game_seq,player_id,preferred_team,team_name,seq) values (?,?,?,?,?,default)
    Hibernate: insert into ft_participants (draft_order,fantasy_game_seq,player_id,preferred_team,team_name,seq) values (?,?,?,?,?,default)
    Hibernate: insert into ft_participants (draft_order,fantasy_game_seq,player_id,preferred_team,team_name,seq) values (?,?,?,?,?,default)
    Hibernate: insert into ft_participants (draft_order,fantasy_game_seq,player_id,preferred_team,team_name,seq) values (?,?,?,?,?,default)
    Hibernate: insert into ft_participants (draft_order,fantasy_game_seq,player_id,preferred_team,team_name,seq) values (?,?,?,?,?,default)
    Hibernate: insert into ft_participants (draft_order,fantasy_game_seq,player_id,preferred_team,team_name,seq) values (?,?,?,?,?,default)
    Hibernate: insert into ft_participants (draft_order,fantasy_game_seq,player_id,preferred_team,team_name,seq) values (?,?,?,?,?,default)
    Hibernate: insert into ft_participants (draft_order,fantasy_game_seq,player_id,preferred_team,team_name,seq) values (?,?,?,?,?,default)
    Hibernate: insert into ft_participants (draft_order,fantasy_game_seq,player_id,preferred_team,team_name,seq) values (?,?,?,?,?,default)
    Hibernate: insert into ft_participants (draft_order,fantasy_game_seq,player_id,preferred_team,team_name,seq) values (?,?,?,?,?,default)
    Hibernate: insert into ft_participants (draft_order,fantasy_game_seq,player_id,preferred_team,team_name,seq) values (?,?,?,?,?,default)
    Hibernate: insert into ft_participants (draft_order,fantasy_game_seq,player_id,preferred_team,team_name,seq) values (?,?,?,?,?,default)
    Hibernate: insert into ft_participants (draft_order,fantasy_game_seq,player_id,preferred_team,team_name,seq) values (?,?,?,?,?,default)
    Hibernate: insert into ft_participants (draft_order,fantasy_game_seq,player_id,preferred_team,team_name,seq) values (?,?,?,?,?,default)
    Hibernate: insert into ft_participants (draft_order,fantasy_game_seq,player_id,preferred_team,team_name,seq) values (?,?,?,?,?,default)
    Hibernate: insert into ft_participants (draft_order,fantasy_game_seq,player_id,preferred_team,team_name,seq) values (?,?,?,?,?,default)
    Hibernate: insert into ft_participants (draft_order,fantasy_game_seq,player_id,preferred_team,team_name,seq) values (?,?,?,?,?,default)
    Hibernate: insert into ft_participants (draft_order,fantasy_game_seq,player_id,preferred_team,team_name,seq) values (?,?,?,?,?,default)
    Hibernate: insert into ft_participants (draft_order,fantasy_game_seq,player_id,preferred_team,team_name,seq) values (?,?,?,?,?,default)
    Hibernate: insert into ft_participants (draft_order,fantasy_game_seq,player_id,preferred_team,team_name,seq) values (?,?,?,?,?,default)
    Hibernate: insert into ft_participants (draft_order,fantasy_game_seq,player_id,preferred_team,team_name,seq) values (?,?,?,?,?,default)
    Hibernate: insert into ft_participants (draft_order,fantasy_game_seq,player_id,preferred_team,team_name,seq) values (?,?,?,?,?,default)
    Hibernate: insert into ft_participants (draft_order,fantasy_game_seq,player_id,preferred_team,team_name,seq) values (?,?,?,?,?,default)
    Hibernate: insert into ft_participants (draft_order,fantasy_game_seq,player_id,preferred_team,team_name,seq) values (?,?,?,?,?,default)
    Hibernate: insert into ft_participants (draft_order,fantasy_game_seq,player_id,preferred_team,team_name,seq) values (?,?,?,?,?,default)
    Hibernate: insert into ft_participants (draft_order,fantasy_game_seq,player_id,preferred_team,team_name,seq) values (?,?,?,?,?,default)
    Hibernate: insert into ft_participants (draft_order,fantasy_game_seq,player_id,preferred_team,team_name,seq) values (?,?,?,?,?,default)
    Hibernate: insert into ft_participants (draft_order,fantasy_game_seq,player_id,preferred_team,team_name,seq) values (?,?,?,?,?,default)
    Hibernate: insert into ft_participants (draft_order,fantasy_game_seq,player_id,preferred_team,team_name,seq) values (?,?,?,?,?,default)
    Hibernate: insert into ft_participants (draft_order,fantasy_game_seq,player_id,preferred_team,team_name,seq) values (?,?,?,?,?,default)
    Hibernate: insert into ft_participants (draft_order,fantasy_game_seq,player_id,preferred_team,team_name,seq) values (?,?,?,?,?,default)
    Hibernate: insert into ft_participants (draft_order,fantasy_game_seq,player_id,preferred_team,team_name,seq) values (?,?,?,?,?,default)
    Hibernate: insert into ft_participants (draft_order,fantasy_game_seq,player_id,preferred_team,team_name,seq) values (?,?,?,?,?,default)
    Hibernate: insert into ft_participants (draft_order,fantasy_game_seq,player_id,preferred_team,team_name,seq) values (?,?,?,?,?,default)
    Hibernate: insert into ft_participants (draft_order,fantasy_game_seq,player_id,preferred_team,team_name,seq) values (?,?,?,?,?,default)
    Hibernate: insert into ft_participants (draft_order,fantasy_game_seq,player_id,preferred_team,team_name,seq) values (?,?,?,?,?,default)
    Hibernate: insert into ft_participants (draft_order,fantasy_game_seq,player_id,preferred_team,team_name,seq) values (?,?,?,?,?,default)
    Hibernate: insert into ft_participants (draft_order,fantasy_game_seq,player_id,preferred_team,team_name,seq) values (?,?,?,?,?,default)
    Hibernate: insert into ft_participants (draft_order,fantasy_game_seq,player_id,preferred_team,team_name,seq) values (?,?,?,?,?,default)
    Hibernate: insert into ft_participants (draft_order,fantasy_game_seq,player_id,preferred_team,team_name,seq) values (?,?,?,?,?,default)
    Hibernate: insert into ft_participants (draft_order,fantasy_game_seq,player_id,preferred_team,team_name,seq) values (?,?,?,?,?,default)
    Hibernate: insert into ft_participants (draft_order,fantasy_game_seq,player_id,preferred_team,team_name,seq) values (?,?,?,?,?,default)
    Hibernate: insert into ft_participants (draft_order,fantasy_game_seq,player_id,preferred_team,team_name,seq) values (?,?,?,?,?,default)
    Hibernate: insert into ft_participants (draft_order,fantasy_game_seq,player_id,preferred_team,team_name,seq) values (?,?,?,?,?,default)
    Hibernate: insert into ft_participants (draft_order,fantasy_game_seq,player_id,preferred_team,team_name,seq) values (?,?,?,?,?,default)
    Hibernate: insert into ft_participants (draft_order,fantasy_game_seq,player_id,preferred_team,team_name,seq) values (?,?,?,?,?,default)
    Hibernate: insert into ft_participants (draft_order,fantasy_game_seq,player_id,preferred_team,team_name,seq) values (?,?,?,?,?,default)
    Hibernate: insert into ft_participants (draft_order,fantasy_game_seq,player_id,preferred_team,team_name,seq) values (?,?,?,?,?,default)
    Hibernate: insert into ft_participants (draft_order,fantasy_game_seq,player_id,preferred_team,team_name,seq) values (?,?,?,?,?,default)
    Hibernate: insert into ft_participants (draft_order,fantasy_game_seq,player_id,preferred_team,team_name,seq) values (?,?,?,?,?,default)
    Hibernate: insert into ft_participants (draft_order,fantasy_game_seq,player_id,preferred_team,team_name,seq) values (?,?,?,?,?,default)
    Hibernate: insert into ft_participants (draft_order,fantasy_game_seq,player_id,preferred_team,team_name,seq) values (?,?,?,?,?,default)
    Hibernate: insert into ft_participants (draft_order,fantasy_game_seq,player_id,preferred_team,team_name,seq) values (?,?,?,?,?,default)
    Hibernate: insert into ft_participants (draft_order,fantasy_game_seq,player_id,preferred_team,team_name,seq) values (?,?,?,?,?,default)
    Hibernate: insert into ft_participants (draft_order,fantasy_game_seq,player_id,preferred_team,team_name,seq) values (?,?,?,?,?,default)
    Hibernate: insert into ft_participants (draft_order,fantasy_game_seq,player_id,preferred_team,team_name,seq) values (?,?,?,?,?,default)
    Hibernate: insert into ft_participants (draft_order,fantasy_game_seq,player_id,preferred_team,team_name,seq) values (?,?,?,?,?,default)
    Hibernate: insert into ft_participants (draft_order,fantasy_game_seq,player_id,preferred_team,team_name,seq) values (?,?,?,?,?,default)
    Hibernate: insert into ft_participants (draft_order,fantasy_game_seq,player_id,preferred_team,team_name,seq) values (?,?,?,?,?,default)
    Hibernate: insert into ft_participants (draft_order,fantasy_game_seq,player_id,preferred_team,team_name,seq) values (?,?,?,?,?,default)
    Hibernate: insert into ft_participants (draft_order,fantasy_game_seq,player_id,preferred_team,team_name,seq) values (?,?,?,?,?,default)
    Hibernate: insert into ft_participants (draft_order,fantasy_game_seq,player_id,preferred_team,team_name,seq) values (?,?,?,?,?,default)
    Hibernate: insert into ft_participants (draft_order,fantasy_game_seq,player_id,preferred_team,team_name,seq) values (?,?,?,?,?,default)
    Hibernate: insert into ft_participants (draft_order,fantasy_game_seq,player_id,preferred_team,team_name,seq) values (?,?,?,?,?,default)
    Hibernate: insert into ft_participants (draft_order,fantasy_game_seq,player_id,preferred_team,team_name,seq) values (?,?,?,?,?,default)
    Hibernate: insert into ft_participants (draft_order,fantasy_game_seq,player_id,preferred_team,team_name,seq) values (?,?,?,?,?,default)
    Hibernate: insert into ft_participants (draft_order,fantasy_game_seq,player_id,preferred_team,team_name,seq) values (?,?,?,?,?,default)
    Hibernate: insert into ft_participants (draft_order,fantasy_game_seq,player_id,preferred_team,team_name,seq) values (?,?,?,?,?,default)
    Hibernate: insert into ft_participants (draft_order,fantasy_game_seq,player_id,preferred_team,team_name,seq) values (?,?,?,?,?,default)
    Hibernate: insert into ft_participants (draft_order,fantasy_game_seq,player_id,preferred_team,team_name,seq) values (?,?,?,?,?,default)
    Hibernate: insert into ft_participants (draft_order,fantasy_game_seq,player_id,preferred_team,team_name,seq) values (?,?,?,?,?,default)
    Hibernate: insert into ft_participants (draft_order,fantasy_game_seq,player_id,preferred_team,team_name,seq) values (?,?,?,?,?,default)
    Hibernate: insert into ft_participants (draft_order,fantasy_game_seq,player_id,preferred_team,team_name,seq) values (?,?,?,?,?,default)
    Hibernate: insert into ft_participants (draft_order,fantasy_game_seq,player_id,preferred_team,team_name,seq) values (?,?,?,?,?,default)
    Hibernate: insert into ft_participants (draft_order,fantasy_game_seq,player_id,preferred_team,team_name,seq) values (?,?,?,?,?,default)
    Hibernate: insert into ft_participants (draft_order,fantasy_game_seq,player_id,preferred_team,team_name,seq) values (?,?,?,?,?,default)
    Hibernate: insert into ft_participants (draft_order,fantasy_game_seq,player_id,preferred_team,team_name,seq) values (?,?,?,?,?,default)
    Hibernate: insert into ft_participants (draft_order,fantasy_game_seq,player_id,preferred_team,team_name,seq) values (?,?,?,?,?,default)
    Hibernate: insert into ft_participants (draft_order,fantasy_game_seq,player_id,preferred_team,team_name,seq) values (?,?,?,?,?,default)
    Hibernate: insert into ft_participants (draft_order,fantasy_game_seq,player_id,preferred_team,team_name,seq) values (?,?,?,?,?,default)
    Hibernate: insert into ft_participants (draft_order,fantasy_game_seq,player_id,preferred_team,team_name,seq) values (?,?,?,?,?,default)
    Hibernate: insert into ft_participants (draft_order,fantasy_game_seq,player_id,preferred_team,team_name,seq) values (?,?,?,?,?,default)
    Hibernate: insert into ft_participants (draft_order,fantasy_game_seq,player_id,preferred_team,team_name,seq) values (?,?,?,?,?,default)
    Hibernate: insert into ft_participants (draft_order,fantasy_game_seq,player_id,preferred_team,team_name,seq) values (?,?,?,?,?,default)
    Hibernate: insert into ft_participants (draft_order,fantasy_game_seq,player_id,preferred_team,team_name,seq) values (?,?,?,?,?,default)
    Hibernate: insert into ft_participants (draft_order,fantasy_game_seq,player_id,preferred_team,team_name,seq) values (?,?,?,?,?,default)
    Hibernate: insert into ft_participants (draft_order,fantasy_game_seq,player_id,preferred_team,team_name,seq) values (?,?,?,?,?,default)
    Hibernate: insert into ft_participants (draft_order,fantasy_game_seq,player_id,preferred_team,team_name,seq) values (?,?,?,?,?,default)
    Hibernate: insert into ft_participants (draft_order,fantasy_game_seq,player_id,preferred_team,team_name,seq) values (?,?,?,?,?,default)
    Hibernate: insert into ft_participants (draft_order,fantasy_game_seq,player_id,preferred_team,team_name,seq) values (?,?,?,?,?,default)
    Hibernate: insert into ft_participants (draft_order,fantasy_game_seq,player_id,preferred_team,team_name,seq) values (?,?,?,?,?,default)
    Hibernate: insert into ft_participants (draft_order,fantasy_game_seq,player_id,preferred_team,team_name,seq) values (?,?,?,?,?,default)
    Hibernate: insert into ft_participants (draft_order,fantasy_game_seq,player_id,preferred_team,team_name,seq) values (?,?,?,?,?,default)
    Hibernate: insert into ft_participants (draft_order,fantasy_game_seq,player_id,preferred_team,team_name,seq) values (?,?,?,?,?,default)
    Hibernate: insert into ft_participants (draft_order,fantasy_game_seq,player_id,preferred_team,team_name,seq) values (?,?,?,?,?,default)
    Hibernate: insert into ft_participants (draft_order,fantasy_game_seq,player_id,preferred_team,team_name,seq) values (?,?,?,?,?,default)
    Hibernate: insert into ft_participants (draft_order,fantasy_game_seq,player_id,preferred_team,team_name,seq) values (?,?,?,?,?,default)
    Hibernate: insert into ft_participants (draft_order,fantasy_game_seq,player_id,preferred_team,team_name,seq) values (?,?,?,?,?,default)
    Hibernate: insert into ft_participants (draft_order,fantasy_game_seq,player_id,preferred_team,team_name,seq) values (?,?,?,?,?,default)
    Hibernate: insert into ft_participants (draft_order,fantasy_game_seq,player_id,preferred_team,team_name,seq) values (?,?,?,?,?,default)
    Hibernate: insert into ft_participants (draft_order,fantasy_game_seq,player_id,preferred_team,team_name,seq) values (?,?,?,?,?,default)
    Hibernate: insert into ft_participants (draft_order,fantasy_game_seq,player_id,preferred_team,team_name,seq) values (?,?,?,?,?,default)
    Hibernate: insert into ft_participants (draft_order,fantasy_game_seq,player_id,preferred_team,team_name,seq) values (?,?,?,?,?,default)
    Hibernate: insert into ft_participants (draft_order,fantasy_game_seq,player_id,preferred_team,team_name,seq) values (?,?,?,?,?,default)
    Hibernate: insert into ft_participants (draft_order,fantasy_game_seq,player_id,preferred_team,team_name,seq) values (?,?,?,?,?,default)
    Hibernate: insert into ft_participants (draft_order,fantasy_game_seq,player_id,preferred_team,team_name,seq) values (?,?,?,?,?,default)
    Hibernate: insert into ft_participants (draft_order,fantasy_game_seq,player_id,preferred_team,team_name,seq) values (?,?,?,?,?,default)
    Hibernate: insert into ft_participants (draft_order,fantasy_game_seq,player_id,preferred_team,team_name,seq) values (?,?,?,?,?,default)
    Hibernate: insert into ft_participants (draft_order,fantasy_game_seq,player_id,preferred_team,team_name,seq) values (?,?,?,?,?,default)
    Hibernate: insert into ft_participants (draft_order,fantasy_game_seq,player_id,preferred_team,team_name,seq) values (?,?,?,?,?,default)
    Hibernate: insert into ft_participants (draft_order,fantasy_game_seq,player_id,preferred_team,team_name,seq) values (?,?,?,?,?,default)
    Hibernate: insert into ft_participants (draft_order,fantasy_game_seq,player_id,preferred_team,team_name,seq) values (?,?,?,?,?,default)
    Hibernate: insert into ft_participants (draft_order,fantasy_game_seq,player_id,preferred_team,team_name,seq) values (?,?,?,?,?,default)
    Hibernate: insert into ft_participants (draft_order,fantasy_game_seq,player_id,preferred_team,team_name,seq) values (?,?,?,?,?,default)
    Hibernate: insert into ft_participants (draft_order,fantasy_game_seq,player_id,preferred_team,team_name,seq) values (?,?,?,?,?,default)
    Hibernate: insert into ft_participants (draft_order,fantasy_game_seq,player_id,preferred_team,team_name,seq) values (?,?,?,?,?,default)
    Hibernate: insert into ft_participants (draft_order,fantasy_game_seq,player_id,preferred_team,team_name,seq) values (?,?,?,?,?,default)
    Hibernate: insert into ft_participants (draft_order,fantasy_game_seq,player_id,preferred_team,team_name,seq) values (?,?,?,?,?,default)
    Hibernate: insert into ft_participants (draft_order,fantasy_game_seq,player_id,preferred_team,team_name,seq) values (?,?,?,?,?,default)
    Hibernate: insert into ft_participants (draft_order,fantasy_game_seq,player_id,preferred_team,team_name,seq) values (?,?,?,?,?,default)
    Hibernate: insert into ft_participants (draft_order,fantasy_game_seq,player_id,preferred_team,team_name,seq) values (?,?,?,?,?,default)
    Hibernate: insert into ft_participants (draft_order,fantasy_game_seq,player_id,preferred_team,team_name,seq) values (?,?,?,?,?,default)
    Hibernate: insert into ft_participants (draft_order,fantasy_game_seq,player_id,preferred_team,team_name,seq) values (?,?,?,?,?,default)
    Hibernate: insert into ft_participants (draft_order,fantasy_game_seq,player_id,preferred_team,team_name,seq) values (?,?,?,?,?,default)
    Hibernate: insert into ft_participants (draft_order,fantasy_game_seq,player_id,preferred_team,team_name,seq) values (?,?,?,?,?,default)
    Hibernate: insert into ft_participants (draft_order,fantasy_game_seq,player_id,preferred_team,team_name,seq) values (?,?,?,?,?,default)
    Hibernate: insert into ft_participants (draft_order,fantasy_game_seq,player_id,preferred_team,team_name,seq) values (?,?,?,?,?,default)
    Hibernate: insert into ft_participants (draft_order,fantasy_game_seq,player_id,preferred_team,team_name,seq) values (?,?,?,?,?,default)
    Hibernate: insert into ft_participants (draft_order,fantasy_game_seq,player_id,preferred_team,team_name,seq) values (?,?,?,?,?,default)
    Hibernate: insert into ft_participants (draft_order,fantasy_game_seq,player_id,preferred_team,team_name,seq) values (?,?,?,?,?,default)
    Hibernate: insert into ft_participants (draft_order,fantasy_game_seq,player_id,preferred_team,team_name,seq) values (?,?,?,?,?,default)
    Hibernate: insert into ft_participants (draft_order,fantasy_game_seq,player_id,preferred_team,team_name,seq) values (?,?,?,?,?,default)
    Hibernate: insert into ft_participants (draft_order,fantasy_game_seq,player_id,preferred_team,team_name,seq) values (?,?,?,?,?,default)
    Hibernate: insert into ft_participants (draft_order,fantasy_game_seq,player_id,preferred_team,team_name,seq) values (?,?,?,?,?,default)
    Hibernate: insert into ft_participants (draft_order,fantasy_game_seq,player_id,preferred_team,team_name,seq) values (?,?,?,?,?,default)
    Hibernate: insert into ft_participants (draft_order,fantasy_game_seq,player_id,preferred_team,team_name,seq) values (?,?,?,?,?,default)
    Hibernate: insert into ft_participants (draft_order,fantasy_game_seq,player_id,preferred_team,team_name,seq) values (?,?,?,?,?,default)
    Hibernate: insert into ft_participants (draft_order,fantasy_game_seq,player_id,preferred_team,team_name,seq) values (?,?,?,?,?,default)
    Hibernate: insert into ft_participants (draft_order,fantasy_game_seq,player_id,preferred_team,team_name,seq) values (?,?,?,?,?,default)
    Hibernate: insert into ft_participants (draft_order,fantasy_game_seq,player_id,preferred_team,team_name,seq) values (?,?,?,?,?,default)
    Hibernate: insert into ft_participants (draft_order,fantasy_game_seq,player_id,preferred_team,team_name,seq) values (?,?,?,?,?,default)
    Hibernate: insert into ft_participants (draft_order,fantasy_game_seq,player_id,preferred_team,team_name,seq) values (?,?,?,?,?,default)
    Hibernate: insert into ft_participants (draft_order,fantasy_game_seq,player_id,preferred_team,team_name,seq) values (?,?,?,?,?,default)
    Hibernate: insert into ft_participants (draft_order,fantasy_game_seq,player_id,preferred_team,team_name,seq) values (?,?,?,?,?,default)
    Hibernate: insert into ft_participants (draft_order,fantasy_game_seq,player_id,preferred_team,team_name,seq) values (?,?,?,?,?,default)
    Hibernate: insert into ft_participants (draft_order,fantasy_game_seq,player_id,preferred_team,team_name,seq) values (?,?,?,?,?,default)
    Hibernate: insert into ft_participants (draft_order,fantasy_game_seq,player_id,preferred_team,team_name,seq) values (?,?,?,?,?,default)
    Hibernate: insert into ft_participants (draft_order,fantasy_game_seq,player_id,preferred_team,team_name,seq) values (?,?,?,?,?,default)
    Hibernate: insert into ft_participants (draft_order,fantasy_game_seq,player_id,preferred_team,team_name,seq) values (?,?,?,?,?,default)
    Hibernate: insert into ft_participants (draft_order,fantasy_game_seq,player_id,preferred_team,team_name,seq) values (?,?,?,?,?,default)
    Hibernate: insert into ft_participants (draft_order,fantasy_game_seq,player_id,preferred_team,team_name,seq) values (?,?,?,?,?,default)
    Hibernate: insert into ft_participants (draft_order,fantasy_game_seq,player_id,preferred_team,team_name,seq) values (?,?,?,?,?,default)
    Hibernate: insert into ft_participants (draft_order,fantasy_game_seq,player_id,preferred_team,team_name,seq) values (?,?,?,?,?,default)
    Hibernate: insert into ft_participants (draft_order,fantasy_game_seq,player_id,preferred_team,team_name,seq) values (?,?,?,?,?,default)
    Hibernate: insert into ft_participants (draft_order,fantasy_game_seq,player_id,preferred_team,team_name,seq) values (?,?,?,?,?,default)
    Hibernate: insert into ft_participants (draft_order,fantasy_game_seq,player_id,preferred_team,team_name,seq) values (?,?,?,?,?,default)
    Hibernate: insert into ft_participants (draft_order,fantasy_game_seq,player_id,preferred_team,team_name,seq) values (?,?,?,?,?,default)
    Hibernate: insert into ft_participants (draft_order,fantasy_game_seq,player_id,preferred_team,team_name,seq) values (?,?,?,?,?,default)
    Hibernate: insert into ft_participants (draft_order,fantasy_game_seq,player_id,preferred_team,team_name,seq) values (?,?,?,?,?,default)
    Hibernate: insert into ft_participants (draft_order,fantasy_game_seq,player_id,preferred_team,team_name,seq) values (?,?,?,?,?,default)
    Hibernate: insert into ft_participants (draft_order,fantasy_game_seq,player_id,preferred_team,team_name,seq) values (?,?,?,?,?,default)
    Hibernate: insert into ft_participants (draft_order,fantasy_game_seq,player_id,preferred_team,team_name,seq) values (?,?,?,?,?,default)
    Hibernate: insert into ft_participants (draft_order,fantasy_game_seq,player_id,preferred_team,team_name,seq) values (?,?,?,?,?,default)
    Hibernate: insert into ft_participants (draft_order,fantasy_game_seq,player_id,preferred_team,team_name,seq) values (?,?,?,?,?,default)
    Hibernate: insert into ft_participants (draft_order,fantasy_game_seq,player_id,preferred_team,team_name,seq) values (?,?,?,?,?,default)
    Hibernate: insert into ft_participants (draft_order,fantasy_game_seq,player_id,preferred_team,team_name,seq) values (?,?,?,?,?,default)
    Hibernate: insert into ft_participants (draft_order,fantasy_game_seq,player_id,preferred_team,team_name,seq) values (?,?,?,?,?,default)
    Hibernate: insert into ft_participants (draft_order,fantasy_game_seq,player_id,preferred_team,team_name,seq) values (?,?,?,?,?,default)
    Hibernate: insert into ft_participants (draft_order,fantasy_game_seq,player_id,preferred_team,team_name,seq) values (?,?,?,?,?,default)
    Hibernate: insert into ft_participants (draft_order,fantasy_game_seq,player_id,preferred_team,team_name,seq) values (?,?,?,?,?,default)
    Hibernate: insert into ft_participants (draft_order,fantasy_game_seq,player_id,preferred_team,team_name,seq) values (?,?,?,?,?,default)
    Hibernate: insert into ft_participants (draft_order,fantasy_game_seq,player_id,preferred_team,team_name,seq) values (?,?,?,?,?,default)
    Hibernate: insert into ft_participants (draft_order,fantasy_game_seq,player_id,preferred_team,team_name,seq) values (?,?,?,?,?,default)
    Hibernate: insert into ft_participants (draft_order,fantasy_game_seq,player_id,preferred_team,team_name,seq) values (?,?,?,?,?,default)
    Hibernate: insert into ft_participants (draft_order,fantasy_game_seq,player_id,preferred_team,team_name,seq) values (?,?,?,?,?,default)
    Hibernate: insert into ft_participants (draft_order,fantasy_game_seq,player_id,preferred_team,team_name,seq) values (?,?,?,?,?,default)
    Hibernate: insert into ft_participants (draft_order,fantasy_game_seq,player_id,preferred_team,team_name,seq) values (?,?,?,?,?,default)
    Hibernate: insert into ft_participants (draft_order,fantasy_game_seq,player_id,preferred_team,team_name,seq) values (?,?,?,?,?,default)
    Hibernate: insert into ft_participants (draft_order,fantasy_game_seq,player_id,preferred_team,team_name,seq) values (?,?,?,?,?,default)
    Hibernate: insert into ft_participants (draft_order,fantasy_game_seq,player_id,preferred_team,team_name,seq) values (?,?,?,?,?,default)
    Hibernate: insert into ft_participants (draft_order,fantasy_game_seq,player_id,preferred_team,team_name,seq) values (?,?,?,?,?,default)
    Hibernate: insert into ft_participants (draft_order,fantasy_game_seq,player_id,preferred_team,team_name,seq) values (?,?,?,?,?,default)
    Hibernate: insert into ft_participants (draft_order,fantasy_game_seq,player_id,preferred_team,team_name,seq) values (?,?,?,?,?,default)
    Hibernate: insert into ft_participants (draft_order,fantasy_game_seq,player_id,preferred_team,team_name,seq) values (?,?,?,?,?,default)
    Hibernate: insert into ft_participants (draft_order,fantasy_game_seq,player_id,preferred_team,team_name,seq) values (?,?,?,?,?,default)
    Hibernate: insert into ft_participants (draft_order,fantasy_game_seq,player_id,preferred_team,team_name,seq) values (?,?,?,?,?,default)
    Hibernate: insert into ft_participants (draft_order,fantasy_game_seq,player_id,preferred_team,team_name,seq) values (?,?,?,?,?,default)
    Hibernate: insert into ft_participants (draft_order,fantasy_game_seq,player_id,preferred_team,team_name,seq) values (?,?,?,?,?,default)
    Hibernate: insert into ft_participants (draft_order,fantasy_game_seq,player_id,preferred_team,team_name,seq) values (?,?,?,?,?,default)
    Hibernate: insert into ft_participants (draft_order,fantasy_game_seq,player_id,preferred_team,team_name,seq) values (?,?,?,?,?,default)
    Hibernate: insert into ft_participants (draft_order,fantasy_game_seq,player_id,preferred_team,team_name,seq) values (?,?,?,?,?,default)
    Hibernate: insert into ft_participants (draft_order,fantasy_game_seq,player_id,preferred_team,team_name,seq) values (?,?,?,?,?,default)
    Hibernate: insert into ft_participants (draft_order,fantasy_game_seq,player_id,preferred_team,team_name,seq) values (?,?,?,?,?,default)
    Hibernate: insert into ft_participants (draft_order,fantasy_game_seq,player_id,preferred_team,team_name,seq) values (?,?,?,?,?,default)
    Hibernate: insert into ft_participants (draft_order,fantasy_game_seq,player_id,preferred_team,team_name,seq) values (?,?,?,?,?,default)
    Hibernate: insert into ft_participants (draft_order,fantasy_game_seq,player_id,preferred_team,team_name,seq) values (?,?,?,?,?,default)
    Hibernate: insert into ft_participants (draft_order,fantasy_game_seq,player_id,preferred_team,team_name,seq) values (?,?,?,?,?,default)
    Hibernate: insert into ft_participants (draft_order,fantasy_game_seq,player_id,preferred_team,team_name,seq) values (?,?,?,?,?,default)
    Hibernate: insert into ft_participants (draft_order,fantasy_game_seq,player_id,preferred_team,team_name,seq) values (?,?,?,?,?,default)
    Hibernate: insert into ft_participants (draft_order,fantasy_game_seq,player_id,preferred_team,team_name,seq) values (?,?,?,?,?,default)
    Hibernate: insert into ft_participants (draft_order,fantasy_game_seq,player_id,preferred_team,team_name,seq) values (?,?,?,?,?,default)
    Hibernate: insert into ft_participants (draft_order,fantasy_game_seq,player_id,preferred_team,team_name,seq) values (?,?,?,?,?,default)
    Hibernate: insert into ft_participants (draft_order,fantasy_game_seq,player_id,preferred_team,team_name,seq) values (?,?,?,?,?,default)
    Hibernate: insert into ft_participants (draft_order,fantasy_game_seq,player_id,preferred_team,team_name,seq) values (?,?,?,?,?,default)
    Hibernate: insert into ft_participants (draft_order,fantasy_game_seq,player_id,preferred_team,team_name,seq) values (?,?,?,?,?,default)
    Hibernate: insert into ft_participants (draft_order,fantasy_game_seq,player_id,preferred_team,team_name,seq) values (?,?,?,?,?,default)
    Hibernate: insert into ft_participants (draft_order,fantasy_game_seq,player_id,preferred_team,team_name,seq) values (?,?,?,?,?,default)
    Hibernate: insert into ft_participants (draft_order,fantasy_game_seq,player_id,preferred_team,team_name,seq) values (?,?,?,?,?,default)
    Hibernate: insert into ft_participants (draft_order,fantasy_game_seq,player_id,preferred_team,team_name,seq) values (?,?,?,?,?,default)
    Hibernate: insert into ft_participants (draft_order,fantasy_game_seq,player_id,preferred_team,team_name,seq) values (?,?,?,?,?,default)
    Hibernate: insert into ft_participants (draft_order,fantasy_game_seq,player_id,preferred_team,team_name,seq) values (?,?,?,?,?,default)
    Hibernate: insert into ft_participants (draft_order,fantasy_game_seq,player_id,preferred_team,team_name,seq) values (?,?,?,?,?,default)
    Hibernate: insert into ft_participants (draft_order,fantasy_game_seq,player_id,preferred_team,team_name,seq) values (?,?,?,?,?,default)
    Hibernate: insert into ft_participants (draft_order,fantasy_game_seq,player_id,preferred_team,team_name,seq) values (?,?,?,?,?,default)
    Hibernate: insert into ft_participants (draft_order,fantasy_game_seq,player_id,preferred_team,team_name,seq) values (?,?,?,?,?,default)
    Hibernate: insert into ft_participants (draft_order,fantasy_game_seq,player_id,preferred_team,team_name,seq) values (?,?,?,?,?,default)
    Hibernate: insert into ft_participants (draft_order,fantasy_game_seq,player_id,preferred_team,team_name,seq) values (?,?,?,?,?,default)
    Hibernate: insert into ft_participants (draft_order,fantasy_game_seq,player_id,preferred_team,team_name,seq) values (?,?,?,?,?,default)
    Hibernate: insert into ft_participants (draft_order,fantasy_game_seq,player_id,preferred_team,team_name,seq) values (?,?,?,?,?,default)
    Hibernate: insert into ft_participants (draft_order,fantasy_game_seq,player_id,preferred_team,team_name,seq) values (?,?,?,?,?,default)
    Hibernate: insert into ft_participants (draft_order,fantasy_game_seq,player_id,preferred_team,team_name,seq) values (?,?,?,?,?,default)
    Hibernate: insert into ft_participants (draft_order,fantasy_game_seq,player_id,preferred_team,team_name,seq) values (?,?,?,?,?,default)
    Hibernate: insert into ft_participants (draft_order,fantasy_game_seq,player_id,preferred_team,team_name,seq) values (?,?,?,?,?,default)
    Hibernate: insert into ft_participants (draft_order,fantasy_game_seq,player_id,preferred_team,team_name,seq) values (?,?,?,?,?,default)
    Hibernate: insert into ft_participants (draft_order,fantasy_game_seq,player_id,preferred_team,team_name,seq) values (?,?,?,?,?,default)
    Hibernate: insert into ft_participants (draft_order,fantasy_game_seq,player_id,preferred_team,team_name,seq) values (?,?,?,?,?,default)
    Hibernate: insert into ft_participants (draft_order,fantasy_game_seq,player_id,preferred_team,team_name,seq) values (?,?,?,?,?,default)
    Hibernate: insert into ft_participants (draft_order,fantasy_game_seq,player_id,preferred_team,team_name,seq) values (?,?,?,?,?,default)
    Hibernate: insert into ft_participants (draft_order,fantasy_game_seq,player_id,preferred_team,team_name,seq) values (?,?,?,?,?,default)
    Hibernate: insert into ft_participants (draft_order,fantasy_game_seq,player_id,preferred_team,team_name,seq) values (?,?,?,?,?,default)
    Hibernate: insert into ft_participants (draft_order,fantasy_game_seq,player_id,preferred_team,team_name,seq) values (?,?,?,?,?,default)
    Hibernate: insert into ft_participants (draft_order,fantasy_game_seq,player_id,preferred_team,team_name,seq) values (?,?,?,?,?,default)
    Hibernate: insert into ft_participants (draft_order,fantasy_game_seq,player_id,preferred_team,team_name,seq) values (?,?,?,?,?,default)
    Hibernate: insert into ft_participants (draft_order,fantasy_game_seq,player_id,preferred_team,team_name,seq) values (?,?,?,?,?,default)
    Hibernate: insert into ft_participants (draft_order,fantasy_game_seq,player_id,preferred_team,team_name,seq) values (?,?,?,?,?,default)
    Hibernate: insert into ft_participants (draft_order,fantasy_game_seq,player_id,preferred_team,team_name,seq) values (?,?,?,?,?,default)
    Hibernate: insert into ft_participants (draft_order,fantasy_game_seq,player_id,preferred_team,team_name,seq) values (?,?,?,?,?,default)
    Hibernate: insert into ft_participants (draft_order,fantasy_game_seq,player_id,preferred_team,team_name,seq) values (?,?,?,?,?,default)
    Hibernate: insert into ft_participants (draft_order,fantasy_game_seq,player_id,preferred_team,team_name,seq) values (?,?,?,?,?,default)
    Hibernate: insert into ft_participants (draft_order,fantasy_game_seq,player_id,preferred_team,team_name,seq) values (?,?,?,?,?,default)
    Hibernate: insert into ft_participants (draft_order,fantasy_game_seq,player_id,preferred_team,team_name,seq) values (?,?,?,?,?,default)
    Hibernate: insert into ft_participants (draft_order,fantasy_game_seq,player_id,preferred_team,team_name,seq) values (?,?,?,?,?,default)
    Hibernate: insert into ft_participants (draft_order,fantasy_game_seq,player_id,preferred_team,team_name,seq) values (?,?,?,?,?,default)
    Hibernate: insert into ft_participants (draft_order,fantasy_game_seq,player_id,preferred_team,team_name,seq) values (?,?,?,?,?,default)
    Hibernate: insert into ft_participants (draft_order,fantasy_game_seq,player_id,preferred_team,team_name,seq) values (?,?,?,?,?,default)
    Hibernate: insert into ft_participants (draft_order,fantasy_game_seq,player_id,preferred_team,team_name,seq) values (?,?,?,?,?,default)
    Hibernate: insert into ft_participants (draft_order,fantasy_game_seq,player_id,preferred_team,team_name,seq) values (?,?,?,?,?,default)
    Hibernate: insert into ft_participants (draft_order,fantasy_game_seq,player_id,preferred_team,team_name,seq) values (?,?,?,?,?,default)
    Hibernate: insert into ft_participants (draft_order,fantasy_game_seq,player_id,preferred_team,team_name,seq) values (?,?,?,?,?,default)
    Hibernate: insert into ft_participants (draft_order,fantasy_game_seq,player_id,preferred_team,team_name,seq) values (?,?,?,?,?,default)
    Hibernate: insert into ft_participants (draft_order,fantasy_game_seq,player_id,preferred_team,team_name,seq) values (?,?,?,?,?,default)
    Hibernate: insert into ft_participants (draft_order,fantasy_game_seq,player_id,preferred_team,team_name,seq) values (?,?,?,?,?,default)
    Hibernate: insert into ft_participants (draft_order,fantasy_game_seq,player_id,preferred_team,team_name,seq) values (?,?,?,?,?,default)
    Hibernate: insert into ft_participants (draft_order,fantasy_game_seq,player_id,preferred_team,team_name,seq) values (?,?,?,?,?,default)
    Hibernate: insert into ft_participants (draft_order,fantasy_game_seq,player_id,preferred_team,team_name,seq) values (?,?,?,?,?,default)
    Hibernate: insert into ft_participants (draft_order,fantasy_game_seq,player_id,preferred_team,team_name,seq) values (?,?,?,?,?,default)
    Hibernate: insert into ft_participants (draft_order,fantasy_game_seq,player_id,preferred_team,team_name,seq) values (?,?,?,?,?,default)
    Hibernate: insert into ft_participants (draft_order,fantasy_game_seq,player_id,preferred_team,team_name,seq) values (?,?,?,?,?,default)
    Hibernate: insert into ft_participants (draft_order,fantasy_game_seq,player_id,preferred_team,team_name,seq) values (?,?,?,?,?,default)
    Hibernate: insert into ft_participants (draft_order,fantasy_game_seq,player_id,preferred_team,team_name,seq) values (?,?,?,?,?,default)
    Hibernate: insert into ft_participants (draft_order,fantasy_game_seq,player_id,preferred_team,team_name,seq) values (?,?,?,?,?,default)
    Hibernate: insert into ft_participants (draft_order,fantasy_game_seq,player_id,preferred_team,team_name,seq) values (?,?,?,?,?,default)
    Hibernate: insert into ft_participants (draft_order,fantasy_game_seq,player_id,preferred_team,team_name,seq) values (?,?,?,?,?,default)
    Hibernate: insert into ft_participants (draft_order,fantasy_game_seq,player_id,preferred_team,team_name,seq) values (?,?,?,?,?,default)
    Hibernate: insert into ft_participants (draft_order,fantasy_game_seq,player_id,preferred_team,team_name,seq) values (?,?,?,?,?,default)
    Hibernate: insert into ft_participants (draft_order,fantasy_game_seq,player_id,preferred_team,team_name,seq) values (?,?,?,?,?,default)
    Hibernate: insert into ft_participants (draft_order,fantasy_game_seq,player_id,preferred_team,team_name,seq) values (?,?,?,?,?,default)
    Hibernate: insert into ft_participants (draft_order,fantasy_game_seq,player_id,preferred_team,team_name,seq) values (?,?,?,?,?,default)
    Hibernate: insert into ft_participants (draft_order,fantasy_game_seq,player_id,preferred_team,team_name,seq) values (?,?,?,?,?,default)
    Hibernate: insert into ft_participants (draft_order,fantasy_game_seq,player_id,preferred_team,team_name,seq) values (?,?,?,?,?,default)
    Hibernate: insert into ft_participants (draft_order,fantasy_game_seq,player_id,preferred_team,team_name,seq) values (?,?,?,?,?,default)
    Hibernate: insert into ft_participants (draft_order,fantasy_game_seq,player_id,preferred_team,team_name,seq) values (?,?,?,?,?,default)
    Hibernate: insert into ft_participants (draft_order,fantasy_game_seq,player_id,preferred_team,team_name,seq) values (?,?,?,?,?,default)
    Hibernate: insert into ft_participants (draft_order,fantasy_game_seq,player_id,preferred_team,team_name,seq) values (?,?,?,?,?,default)
    Hibernate: insert into ft_participants (draft_order,fantasy_game_seq,player_id,preferred_team,team_name,seq) values (?,?,?,?,?,default)
    Hibernate: insert into ft_participants (draft_order,fantasy_game_seq,player_id,preferred_team,team_name,seq) values (?,?,?,?,?,default)
    Hibernate: insert into ft_participants (draft_order,fantasy_game_seq,player_id,preferred_team,team_name,seq) values (?,?,?,?,?,default)
    Hibernate: insert into ft_participants (draft_order,fantasy_game_seq,player_id,preferred_team,team_name,seq) values (?,?,?,?,?,default)
    Hibernate: insert into ft_participants (draft_order,fantasy_game_seq,player_id,preferred_team,team_name,seq) values (?,?,?,?,?,default)
    Hibernate: insert into ft_participants (draft_order,fantasy_game_seq,player_id,preferred_team,team_name,seq) values (?,?,?,?,?,default)
    Hibernate: insert into ft_participants (draft_order,fantasy_game_seq,player_id,preferred_team,team_name,seq) values (?,?,?,?,?,default)
    Hibernate: insert into ft_participants (draft_order,fantasy_game_seq,player_id,preferred_team,team_name,seq) values (?,?,?,?,?,default)
    Hibernate: insert into ft_participants (draft_order,fantasy_game_seq,player_id,preferred_team,team_name,seq) values (?,?,?,?,?,default)
    Hibernate: insert into ft_participants (draft_order,fantasy_game_seq,player_id,preferred_team,team_name,seq) values (?,?,?,?,?,default)
    Hibernate: insert into ft_participants (draft_order,fantasy_game_seq,player_id,preferred_team,team_name,seq) values (?,?,?,?,?,default)
    Hibernate: insert into ft_participants (draft_order,fantasy_game_seq,player_id,preferred_team,team_name,seq) values (?,?,?,?,?,default)
    Hibernate: insert into ft_participants (draft_order,fantasy_game_seq,player_id,preferred_team,team_name,seq) values (?,?,?,?,?,default)
    Hibernate: insert into ft_participants (draft_order,fantasy_game_seq,player_id,preferred_team,team_name,seq) values (?,?,?,?,?,default)
    Hibernate: insert into ft_participants (draft_order,fantasy_game_seq,player_id,preferred_team,team_name,seq) values (?,?,?,?,?,default)
    Hibernate: insert into ft_participants (draft_order,fantasy_game_seq,player_id,preferred_team,team_name,seq) values (?,?,?,?,?,default)
    Hibernate: insert into ft_participants (draft_order,fantasy_game_seq,player_id,preferred_team,team_name,seq) values (?,?,?,?,?,default)
    Hibernate: insert into ft_participants (draft_order,fantasy_game_seq,player_id,preferred_team,team_name,seq) values (?,?,?,?,?,default)
    Hibernate: insert into ft_participants (draft_order,fantasy_game_seq,player_id,preferred_team,team_name,seq) values (?,?,?,?,?,default)
    Hibernate: insert into ft_participants (draft_order,fantasy_game_seq,player_id,preferred_team,team_name,seq) values (?,?,?,?,?,default)
    Hibernate: insert into ft_participants (draft_order,fantasy_game_seq,player_id,preferred_team,team_name,seq) values (?,?,?,?,?,default)
    Hibernate: insert into ft_participants (draft_order,fantasy_game_seq,player_id,preferred_team,team_name,seq) values (?,?,?,?,?,default)
    Hibernate: insert into ft_participants (draft_order,fantasy_game_seq,player_id,preferred_team,team_name,seq) values (?,?,?,?,?,default)
    Hibernate: insert into ft_participants (draft_order,fantasy_game_seq,player_id,preferred_team,team_name,seq) values (?,?,?,?,?,default)
    Hibernate: insert into ft_participants (draft_order,fantasy_game_seq,player_id,preferred_team,team_name,seq) values (?,?,?,?,?,default)
    Hibernate: insert into ft_participants (draft_order,fantasy_game_seq,player_id,preferred_team,team_name,seq) values (?,?,?,?,?,default)
    Hibernate: insert into ft_participants (draft_order,fantasy_game_seq,player_id,preferred_team,team_name,seq) values (?,?,?,?,?,default)
    Hibernate: insert into ft_participants (draft_order,fantasy_game_seq,player_id,preferred_team,team_name,seq) values (?,?,?,?,?,default)
    Hibernate: insert into ft_participants (draft_order,fantasy_game_seq,player_id,preferred_team,team_name,seq) values (?,?,?,?,?,default)
    Hibernate: insert into ft_participants (draft_order,fantasy_game_seq,player_id,preferred_team,team_name,seq) values (?,?,?,?,?,default)
    Hibernate: insert into ft_participants (draft_order,fantasy_game_seq,player_id,preferred_team,team_name,seq) values (?,?,?,?,?,default)
    Hibernate: insert into ft_participants (draft_order,fantasy_game_seq,player_id,preferred_team,team_name,seq) values (?,?,?,?,?,default)
    Hibernate: insert into ft_participants (draft_order,fantasy_game_seq,player_id,preferred_team,team_name,seq) values (?,?,?,?,?,default)
    Hibernate: insert into ft_participants (draft_order,fantasy_game_seq,player_id,preferred_team,team_name,seq) values (?,?,?,?,?,default)
    Hibernate: insert into ft_participants (draft_order,fantasy_game_seq,player_id,preferred_team,team_name,seq) values (?,?,?,?,?,default)
    Hibernate: insert into ft_participants (draft_order,fantasy_game_seq,player_id,preferred_team,team_name,seq) values (?,?,?,?,?,default)
    Hibernate: insert into ft_participants (draft_order,fantasy_game_seq,player_id,preferred_team,team_name,seq) values (?,?,?,?,?,default)
    Hibernate: insert into ft_participants (draft_order,fantasy_game_seq,player_id,preferred_team,team_name,seq) values (?,?,?,?,?,default)
    Hibernate: insert into ft_participants (draft_order,fantasy_game_seq,player_id,preferred_team,team_name,seq) values (?,?,?,?,?,default)
    Hibernate: insert into ft_participants (draft_order,fantasy_game_seq,player_id,preferred_team,team_name,seq) values (?,?,?,?,?,default)
    Hibernate: insert into ft_participants (draft_order,fantasy_game_seq,player_id,preferred_team,team_name,seq) values (?,?,?,?,?,default)
    Hibernate: insert into ft_participants (draft_order,fantasy_game_seq,player_id,preferred_team,team_name,seq) values (?,?,?,?,?,default)
    Hibernate: insert into ft_participants (draft_order,fantasy_game_seq,player_id,preferred_team,team_name,seq) values (?,?,?,?,?,default)
    Hibernate: insert into ft_participants (draft_order,fantasy_game_seq,player_id,preferred_team,team_name,seq) values (?,?,?,?,?,default)
    Hibernate: insert into ft_participants (draft_order,fantasy_game_seq,player_id,preferred_team,team_name,seq) values (?,?,?,?,?,default)
    Hibernate: insert into ft_participants (draft_order,fantasy_game_seq,player_id,preferred_team,team_name,seq) values (?,?,?,?,?,default)
    Hibernate: insert into ft_participants (draft_order,fantasy_game_seq,player_id,preferred_team,team_name,seq) values (?,?,?,?,?,default)
    Hibernate: insert into ft_participants (draft_order,fantasy_game_seq,player_id,preferred_team,team_name,seq) values (?,?,?,?,?,default)
    Hibernate: insert into ft_participants (draft_order,fantasy_game_seq,player_id,preferred_team,team_name,seq) values (?,?,?,?,?,default)
    Hibernate: insert into ft_participants (draft_order,fantasy_game_seq,player_id,preferred_team,team_name,seq) values (?,?,?,?,?,default)
    Hibernate: insert into ft_participants (draft_order,fantasy_game_seq,player_id,preferred_team,team_name,seq) values (?,?,?,?,?,default)
    Hibernate: insert into ft_participants (draft_order,fantasy_game_seq,player_id,preferred_team,team_name,seq) values (?,?,?,?,?,default)
    Hibernate: insert into ft_participants (draft_order,fantasy_game_seq,player_id,preferred_team,team_name,seq) values (?,?,?,?,?,default)
    Hibernate: insert into ft_participants (draft_order,fantasy_game_seq,player_id,preferred_team,team_name,seq) values (?,?,?,?,?,default)
    Hibernate: insert into ft_participants (draft_order,fantasy_game_seq,player_id,preferred_team,team_name,seq) values (?,?,?,?,?,default)
    Hibernate: insert into ft_participants (draft_order,fantasy_game_seq,player_id,preferred_team,team_name,seq) values (?,?,?,?,?,default)
    Hibernate: insert into ft_participants (draft_order,fantasy_game_seq,player_id,preferred_team,team_name,seq) values (?,?,?,?,?,default)
    Hibernate: insert into ft_participants (draft_order,fantasy_game_seq,player_id,preferred_team,team_name,seq) values (?,?,?,?,?,default)
    Hibernate: insert into ft_participants (draft_order,fantasy_game_seq,player_id,preferred_team,team_name,seq) values (?,?,?,?,?,default)
    Hibernate: insert into ft_participants (draft_order,fantasy_game_seq,player_id,preferred_team,team_name,seq) values (?,?,?,?,?,default)
    Hibernate: insert into ft_participants (draft_order,fantasy_game_seq,player_id,preferred_team,team_name,seq) values (?,?,?,?,?,default)
    Hibernate: insert into ft_participants (draft_order,fantasy_game_seq,player_id,preferred_team,team_name,seq) values (?,?,?,?,?,default)
    Hibernate: insert into ft_participants (draft_order,fantasy_game_seq,player_id,preferred_team,team_name,seq) values (?,?,?,?,?,default)
    Hibernate: insert into ft_participants (draft_order,fantasy_game_seq,player_id,preferred_team,team_name,seq) values (?,?,?,?,?,default)
    Hibernate: insert into ft_participants (draft_order,fantasy_game_seq,player_id,preferred_team,team_name,seq) values (?,?,?,?,?,default)
    Hibernate: insert into ft_participants (draft_order,fantasy_game_seq,player_id,preferred_team,team_name,seq) values (?,?,?,?,?,default)
    Hibernate: insert into ft_participants (draft_order,fantasy_game_seq,player_id,preferred_team,team_name,seq) values (?,?,?,?,?,default)
    Hibernate: insert into ft_participants (draft_order,fantasy_game_seq,player_id,preferred_team,team_name,seq) values (?,?,?,?,?,default)
    Hibernate: insert into ft_participants (draft_order,fantasy_game_seq,player_id,preferred_team,team_name,seq) values (?,?,?,?,?,default)
    Hibernate: insert into ft_participants (draft_order,fantasy_game_seq,player_id,preferred_team,team_name,seq) values (?,?,?,?,?,default)
    Hibernate: insert into ft_participants (draft_order,fantasy_game_seq,player_id,preferred_team,team_name,seq) values (?,?,?,?,?,default)
    Hibernate: insert into ft_participants (draft_order,fantasy_game_seq,player_id,preferred_team,team_name,seq) values (?,?,?,?,?,default)
    Hibernate: insert into ft_participants (draft_order,fantasy_game_seq,player_id,preferred_team,team_name,seq) values (?,?,?,?,?,default)
    Hibernate: insert into ft_participants (draft_order,fantasy_game_seq,player_id,preferred_team,team_name,seq) values (?,?,?,?,?,default)
    Hibernate: insert into ft_participants (draft_order,fantasy_game_seq,player_id,preferred_team,team_name,seq) values (?,?,?,?,?,default)
    Hibernate: insert into ft_participants (draft_order,fantasy_game_seq,player_id,preferred_team,team_name,seq) values (?,?,?,?,?,default)
    Hibernate: insert into ft_participants (draft_order,fantasy_game_seq,player_id,preferred_team,team_name,seq) values (?,?,?,?,?,default)
    Hibernate: insert into ft_participants (draft_order,fantasy_game_seq,player_id,preferred_team,team_name,seq) values (?,?,?,?,?,default)
    Hibernate: insert into ft_participants (draft_order,fantasy_game_seq,player_id,preferred_team,team_name,seq) values (?,?,?,?,?,default)
    Hibernate: insert into ft_participants (draft_order,fantasy_game_seq,player_id,preferred_team,team_name,seq) values (?,?,?,?,?,default)
    Hibernate: insert into ft_participants (draft_order,fantasy_game_seq,player_id,preferred_team,team_name,seq) values (?,?,?,?,?,default)
    Hibernate: insert into ft_participants (draft_order,fantasy_game_seq,player_id,preferred_team,team_name,seq) values (?,?,?,?,?,default)
    Hibernate: insert into ft_participants (draft_order,fantasy_game_seq,player_id,preferred_team,team_name,seq) values (?,?,?,?,?,default)
    Hibernate: insert into ft_participants (draft_order,fantasy_game_seq,player_id,preferred_team,team_name,seq) values (?,?,?,?,?,default)
    Hibernate: insert into ft_participants (draft_order,fantasy_game_seq,player_id,preferred_team,team_name,seq) values (?,?,?,?,?,default)
    Hibernate: insert into ft_participants (draft_order,fantasy_game_seq,player_id,preferred_team,team_name,seq) values (?,?,?,?,?,default)
    Hibernate: insert into ft_participants (draft_order,fantasy_game_seq,player_id,preferred_team,team_name,seq) values (?,?,?,?,?,default)
    Hibernate: insert into ft_participants (draft_order,fantasy_game_seq,player_id,preferred_team,team_name,seq) values (?,?,?,?,?,default)
    Hibernate: insert into ft_participants (draft_order,fantasy_game_seq,player_id,preferred_team,team_name,seq) values (?,?,?,?,?,default)
    Hibernate: insert into ft_participants (draft_order,fantasy_game_seq,player_id,preferred_team,team_name,seq) values (?,?,?,?,?,default)
    Hibernate: insert into ft_participants (draft_order,fantasy_game_seq,player_id,preferred_team,team_name,seq) values (?,?,?,?,?,default)
    Hibernate: insert into ft_participants (draft_order,fantasy_game_seq,player_id,preferred_team,team_name,seq) values (?,?,?,?,?,default)
    Hibernate: insert into ft_participants (draft_order,fantasy_game_seq,player_id,preferred_team,team_name,seq) values (?,?,?,?,?,default)
    Hibernate: insert into ft_participants (draft_order,fantasy_game_seq,player_id,preferred_team,team_name,seq) values (?,?,?,?,?,default)
    Hibernate: insert into ft_participants (draft_order,fantasy_game_seq,player_id,preferred_team,team_name,seq) values (?,?,?,?,?,default)
    Hibernate: insert into ft_participants (draft_order,fantasy_game_seq,player_id,preferred_team,team_name,seq) values (?,?,?,?,?,default)
    Hibernate: insert into ft_participants (draft_order,fantasy_game_seq,player_id,preferred_team,team_name,seq) values (?,?,?,?,?,default)
    Hibernate: insert into ft_participants (draft_order,fantasy_game_seq,player_id,preferred_team,team_name,seq) values (?,?,?,?,?,default)
    Hibernate: insert into ft_participants (draft_order,fantasy_game_seq,player_id,preferred_team,team_name,seq) values (?,?,?,?,?,default)
    Hibernate: insert into ft_participants (draft_order,fantasy_game_seq,player_id,preferred_team,team_name,seq) values (?,?,?,?,?,default)
    Hibernate: insert into ft_participants (draft_order,fantasy_game_seq,player_id,preferred_team,team_name,seq) values (?,?,?,?,?,default)
    Hibernate: insert into ft_participants (draft_order,fantasy_game_seq,player_id,preferred_team,team_name,seq) values (?,?,?,?,?,default)
    Hibernate: insert into ft_participants (draft_order,fantasy_game_seq,player_id,preferred_team,team_name,seq) values (?,?,?,?,?,default)
    Hibernate: insert into ft_participants (draft_order,fantasy_game_seq,player_id,preferred_team,team_name,seq) values (?,?,?,?,?,default)
    Hibernate: insert into ft_participants (draft_order,fantasy_game_seq,player_id,preferred_team,team_name,seq) values (?,?,?,?,?,default)
    Hibernate: insert into ft_participants (draft_order,fantasy_game_seq,player_id,preferred_team,team_name,seq) values (?,?,?,?,?,default)
    Hibernate: insert into ft_participants (draft_order,fantasy_game_seq,player_id,preferred_team,team_name,seq) values (?,?,?,?,?,default)
    Hibernate: insert into ft_participants (draft_order,fantasy_game_seq,player_id,preferred_team,team_name,seq) values (?,?,?,?,?,default)
    Hibernate: insert into ft_participants (draft_order,fantasy_game_seq,player_id,preferred_team,team_name,seq) values (?,?,?,?,?,default)
    Hibernate: insert into ft_participants (draft_order,fantasy_game_seq,player_id,preferred_team,team_name,seq) values (?,?,?,?,?,default)
    Hibernate: insert into ft_participants (draft_order,fantasy_game_seq,player_id,preferred_team,team_name,seq) values (?,?,?,?,?,default)
    Hibernate: insert into ft_participants (draft_order,fantasy_game_seq,player_id,preferred_team,team_name,seq) values (?,?,?,?,?,default)
    Hibernate: insert into ft_participants (draft_order,fantasy_game_seq,player_id,preferred_team,team_name,seq) values (?,?,?,?,?,default)
    Hibernate: insert into ft_participants (draft_order,fantasy_game_seq,player_id,preferred_team,team_name,seq) values (?,?,?,?,?,default)
    Hibernate: insert into ft_participants (draft_order,fantasy_game_seq,player_id,preferred_team,team_name,seq) values (?,?,?,?,?,default)
    Hibernate: insert into ft_participants (draft_order,fantasy_game_seq,player_id,preferred_team,team_name,seq) values (?,?,?,?,?,default)
    Hibernate: insert into ft_participants (draft_order,fantasy_game_seq,player_id,preferred_team,team_name,seq) values (?,?,?,?,?,default)
    Hibernate: insert into ft_participants (draft_order,fantasy_game_seq,player_id,preferred_team,team_name,seq) values (?,?,?,?,?,default)
    Hibernate: insert into ft_participants (draft_order,fantasy_game_seq,player_id,preferred_team,team_name,seq) values (?,?,?,?,?,default)
    Hibernate: insert into ft_participants (draft_order,fantasy_game_seq,player_id,preferred_team,team_name,seq) values (?,?,?,?,?,default)
    Hibernate: insert into ft_participants (draft_order,fantasy_game_seq,player_id,preferred_team,team_name,seq) values (?,?,?,?,?,default)
    Hibernate: insert into ft_participants (draft_order,fantasy_game_seq,player_id,preferred_team,team_name,seq) values (?,?,?,?,?,default)
    Hibernate: insert into ft_participants (draft_order,fantasy_game_seq,player_id,preferred_team,team_name,seq) values (?,?,?,?,?,default)
    Hibernate: insert into ft_participants (draft_order,fantasy_game_seq,player_id,preferred_team,team_name,seq) values (?,?,?,?,?,default)
    Hibernate: insert into ft_participants (draft_order,fantasy_game_seq,player_id,preferred_team,team_name,seq) values (?,?,?,?,?,default)
    Hibernate: insert into ft_participants (draft_order,fantasy_game_seq,player_id,preferred_team,team_name,seq) values (?,?,?,?,?,default)
    Hibernate: insert into ft_participants (draft_order,fantasy_game_seq,player_id,preferred_team,team_name,seq) values (?,?,?,?,?,default)
    Hibernate: insert into ft_participants (draft_order,fantasy_game_seq,player_id,preferred_team,team_name,seq) values (?,?,?,?,?,default)
    Hibernate: insert into ft_participants (draft_order,fantasy_game_seq,player_id,preferred_team,team_name,seq) values (?,?,?,?,?,default)
    Hibernate: insert into ft_participants (draft_order,fantasy_game_seq,player_id,preferred_team,team_name,seq) values (?,?,?,?,?,default)
    Hibernate: insert into ft_participants (draft_order,fantasy_game_seq,player_id,preferred_team,team_name,seq) values (?,?,?,?,?,default)
    Hibernate: insert into ft_participants (draft_order,fantasy_game_seq,player_id,preferred_team,team_name,seq) values (?,?,?,?,?,default)
    Hibernate: insert into ft_participants (draft_order,fantasy_game_seq,player_id,preferred_team,team_name,seq) values (?,?,?,?,?,default)
    Hibernate: insert into ft_participants (draft_order,fantasy_game_seq,player_id,preferred_team,team_name,seq) values (?,?,?,?,?,default)
    Hibernate: insert into ft_participants (draft_order,fantasy_game_seq,player_id,preferred_team,team_name,seq) values (?,?,?,?,?,default)
    Hibernate: insert into ft_participants (draft_order,fantasy_game_seq,player_id,preferred_team,team_name,seq) values (?,?,?,?,?,default)
    Hibernate: insert into ft_participants (draft_order,fantasy_game_seq,player_id,preferred_team,team_name,seq) values (?,?,?,?,?,default)
    Hibernate: insert into ft_participants (draft_order,fantasy_game_seq,player_id,preferred_team,team_name,seq) values (?,?,?,?,?,default)
    Hibernate: insert into ft_participants (draft_order,fantasy_game_seq,player_id,preferred_team,team_name,seq) values (?,?,?,?,?,default)
    Hibernate: insert into ft_participants (draft_order,fantasy_game_seq,player_id,preferred_team,team_name,seq) values (?,?,?,?,?,default)
    Hibernate: insert into ft_participants (draft_order,fantasy_game_seq,player_id,preferred_team,team_name,seq) values (?,?,?,?,?,default)
    Hibernate: insert into ft_participants (draft_order,fantasy_game_seq,player_id,preferred_team,team_name,seq) values (?,?,?,?,?,default)
    Hibernate: insert into ft_participants (draft_order,fantasy_game_seq,player_id,preferred_team,team_name,seq) values (?,?,?,?,?,default)
    Hibernate: insert into ft_participants (draft_order,fantasy_game_seq,player_id,preferred_team,team_name,seq) values (?,?,?,?,?,default)
    Hibernate: insert into ft_participants (draft_order,fantasy_game_seq,player_id,preferred_team,team_name,seq) values (?,?,?,?,?,default)
    Hibernate: insert into ft_participants (draft_order,fantasy_game_seq,player_id,preferred_team,team_name,seq) values (?,?,?,?,?,default)
    Hibernate: insert into ft_participants (draft_order,fantasy_game_seq,player_id,preferred_team,team_name,seq) values (?,?,?,?,?,default)
    Hibernate: insert into ft_participants (draft_order,fantasy_game_seq,player_id,preferred_team,team_name,seq) values (?,?,?,?,?,default)
    Hibernate: insert into ft_participants (draft_order,fantasy_game_seq,player_id,preferred_team,team_name,seq) values (?,?,?,?,?,default)
    Hibernate: insert into ft_participants (draft_order,fantasy_game_seq,player_id,preferred_team,team_name,seq) values (?,?,?,?,?,default)
    Hibernate: insert into ft_participants (draft_order,fantasy_game_seq,player_id,preferred_team,team_name,seq) values (?,?,?,?,?,default)
    Hibernate: insert into ft_participants (draft_order,fantasy_game_seq,player_id,preferred_team,team_name,seq) values (?,?,?,?,?,default)
    Hibernate: insert into ft_participants (draft_order,fantasy_game_seq,player_id,preferred_team,team_name,seq) values (?,?,?,?,?,default)
    Hibernate: insert into ft_participants (draft_order,fantasy_game_seq,player_id,preferred_team,team_name,seq) values (?,?,?,?,?,default)
    Hibernate: insert into ft_participants (draft_order,fantasy_game_seq,player_id,preferred_team,team_name,seq) values (?,?,?,?,?,default)
    Hibernate: insert into ft_participants (draft_order,fantasy_game_seq,player_id,preferred_team,team_name,seq) values (?,?,?,?,?,default)
    Hibernate: insert into ft_participants (draft_order,fantasy_game_seq,player_id,preferred_team,team_name,seq) values (?,?,?,?,?,default)
    Hibernate: insert into ft_participants (draft_order,fantasy_game_seq,player_id,preferred_team,team_name,seq) values (?,?,?,?,?,default)
    Hibernate: insert into ft_participants (draft_order,fantasy_game_seq,player_id,preferred_team,team_name,seq) values (?,?,?,?,?,default)
    Hibernate: insert into ft_participants (draft_order,fantasy_game_seq,player_id,preferred_team,team_name,seq) values (?,?,?,?,?,default)
    Hibernate: insert into ft_participants (draft_order,fantasy_game_seq,player_id,preferred_team,team_name,seq) values (?,?,?,?,?,default)
    Hibernate: insert into ft_participants (draft_order,fantasy_game_seq,player_id,preferred_team,team_name,seq) values (?,?,?,?,?,default)
    Hibernate: insert into ft_participants (draft_order,fantasy_game_seq,player_id,preferred_team,team_name,seq) values (?,?,?,?,?,default)
    Hibernate: insert into ft_participants (draft_order,fantasy_game_seq,player_id,preferred_team,team_name,seq) values (?,?,?,?,?,default)
    Hibernate: insert into ft_participants (draft_order,fantasy_game_seq,player_id,preferred_team,team_name,seq) values (?,?,?,?,?,default)
    Hibernate: insert into ft_participants (draft_order,fantasy_game_seq,player_id,preferred_team,team_name,seq) values (?,?,?,?,?,default)
    Hibernate: insert into ft_participants (draft_order,fantasy_game_seq,player_id,preferred_team,team_name,seq) values (?,?,?,?,?,default)
    Hibernate: insert into ft_participants (draft_order,fantasy_game_seq,player_id,preferred_team,team_name,seq) values (?,?,?,?,?,default)
    Hibernate: insert into ft_participants (draft_order,fantasy_game_seq,player_id,preferred_team,team_name,seq) values (?,?,?,?,?,default)
    Hibernate: insert into ft_participants (draft_order,fantasy_game_seq,player_id,preferred_team,team_name,seq) values (?,?,?,?,?,default)
    Hibernate: insert into ft_participants (draft_order,fantasy_game_seq,player_id,preferred_team,team_name,seq) values (?,?,?,?,?,default)
    Hibernate: insert into ft_participants (draft_order,fantasy_game_seq,player_id,preferred_team,team_name,seq) values (?,?,?,?,?,default)
    Hibernate: insert into ft_participants (draft_order,fantasy_game_seq,player_id,preferred_team,team_name,seq) values (?,?,?,?,?,default)
    Hibernate: insert into ft_participants (draft_order,fantasy_game_seq,player_id,preferred_team,team_name,seq) values (?,?,?,?,?,default)
    Hibernate: insert into ft_participants (draft_order,fantasy_game_seq,player_id,preferred_team,team_name,seq) values (?,?,?,?,?,default)
    Hibernate: insert into ft_participants (draft_order,fantasy_game_seq,player_id,preferred_team,team_name,seq) values (?,?,?,?,?,default)
    Hibernate: insert into ft_participants (draft_order,fantasy_game_seq,player_id,preferred_team,team_name,seq) values (?,?,?,?,?,default)
    Hibernate: insert into ft_participants (draft_order,fantasy_game_seq,player_id,preferred_team,team_name,seq) values (?,?,?,?,?,default)
    Hibernate: insert into ft_participants (draft_order,fantasy_game_seq,player_id,preferred_team,team_name,seq) values (?,?,?,?,?,default)
    Hibernate: insert into ft_participants (draft_order,fantasy_game_seq,player_id,preferred_team,team_name,seq) values (?,?,?,?,?,default)
    Hibernate: insert into ft_participants (draft_order,fantasy_game_seq,player_id,preferred_team,team_name,seq) values (?,?,?,?,?,default)
    Hibernate: insert into ft_participants (draft_order,fantasy_game_seq,player_id,preferred_team,team_name,seq) values (?,?,?,?,?,default)
    Hibernate: insert into ft_participants (draft_order,fantasy_game_seq,player_id,preferred_team,team_name,seq) values (?,?,?,?,?,default)
    Hibernate: insert into ft_participants (draft_order,fantasy_game_seq,player_id,preferred_team,team_name,seq) values (?,?,?,?,?,default)
    Hibernate: insert into ft_participants (draft_order,fantasy_game_seq,player_id,preferred_team,team_name,seq) values (?,?,?,?,?,default)
    Hibernate: insert into ft_participants (draft_order,fantasy_game_seq,player_id,preferred_team,team_name,seq) values (?,?,?,?,?,default)
    Hibernate: insert into ft_participants (draft_order,fantasy_game_seq,player_id,preferred_team,team_name,seq) values (?,?,?,?,?,default)
    Hibernate: insert into ft_participants (draft_order,fantasy_game_seq,player_id,preferred_team,team_name,seq) values (?,?,?,?,?,default)
    Hibernate: insert into ft_participants (draft_order,fantasy_game_seq,player_id,preferred_team,team_name,seq) values (?,?,?,?,?,default)
    Hibernate: insert into ft_participants (draft_order,fantasy_game_seq,player_id,preferred_team,team_name,seq) values (?,?,?,?,?,default)
    Hibernate: insert into ft_participants (draft_order,fantasy_game_seq,player_id,preferred_team,team_name,seq) values (?,?,?,?,?,default)
    Hibernate: insert into ft_participants (draft_order,fantasy_game_seq,player_id,preferred_team,team_name,seq) values (?,?,?,?,?,default)
    Hibernate: insert into ft_participants (draft_order,fantasy_game_seq,player_id,preferred_team,team_name,seq) values (?,?,?,?,?,default)
    Hibernate: insert into ft_participants (draft_order,fantasy_game_seq,player_id,preferred_team,team_name,seq) values (?,?,?,?,?,default)
    Hibernate: insert into ft_participants (draft_order,fantasy_game_seq,player_id,preferred_team,team_name,seq) values (?,?,?,?,?,default)
    Hibernate: insert into ft_participants (draft_order,fantasy_game_seq,player_id,preferred_team,team_name,seq) values (?,?,?,?,?,default)
    Hibernate: insert into ft_participants (draft_order,fantasy_game_seq,player_id,preferred_team,team_name,seq) values (?,?,?,?,?,default)
    Hibernate: insert into ft_participants (draft_order,fantasy_game_seq,player_id,preferred_team,team_name,seq) values (?,?,?,?,?,default)
    Hibernate: insert into ft_participants (draft_order,fantasy_game_seq,player_id,preferred_team,team_name,seq) values (?,?,?,?,?,default)
    Hibernate: insert into ft_participants (draft_order,fantasy_game_seq,player_id,preferred_team,team_name,seq) values (?,?,?,?,?,default)
    Hibernate: insert into ft_participants (draft_order,fantasy_game_seq,player_id,preferred_team,team_name,seq) values (?,?,?,?,?,default)
    Hibernate: insert into ft_participants (draft_order,fantasy_game_seq,player_id,preferred_team,team_name,seq) values (?,?,?,?,?,default)
    Hibernate: insert into ft_participants (draft_order,fantasy_game_seq,player_id,preferred_team,team_name,seq) values (?,?,?,?,?,default)
    Hibernate: insert into ft_participants (draft_order,fantasy_game_seq,player_id,preferred_team,team_name,seq) values (?,?,?,?,?,default)
    Hibernate: insert into ft_participants (draft_order,fantasy_game_seq,player_id,preferred_team,team_name,seq) values (?,?,?,?,?,default)
    Hibernate: insert into ft_participants (draft_order,fantasy_game_seq,player_id,preferred_team,team_name,seq) values (?,?,?,?,?,default)
    Hibernate: insert into ft_participants (draft_order,fantasy_game_seq,player_id,preferred_team,team_name,seq) values (?,?,?,?,?,default)
    Hibernate: insert into ft_participants (draft_order,fantasy_game_seq,player_id,preferred_team,team_name,seq) values (?,?,?,?,?,default)
    Hibernate: insert into ft_participants (draft_order,fantasy_game_seq,player_id,preferred_team,team_name,seq) values (?,?,?,?,?,default)
    Hibernate: insert into ft_participants (draft_order,fantasy_game_seq,player_id,preferred_team,team_name,seq) values (?,?,?,?,?,default)
    Hibernate: insert into ft_participants (draft_order,fantasy_game_seq,player_id,preferred_team,team_name,seq) values (?,?,?,?,?,default)
    Hibernate: insert into ft_participants (draft_order,fantasy_game_seq,player_id,preferred_team,team_name,seq) values (?,?,?,?,?,default)
    Hibernate: insert into ft_participants (draft_order,fantasy_game_seq,player_id,preferred_team,team_name,seq) values (?,?,?,?,?,default)
    Hibernate: insert into ft_participants (draft_order,fantasy_game_seq,player_id,preferred_team,team_name,seq) values (?,?,?,?,?,default)
    Hibernate: insert into ft_participants (draft_order,fantasy_game_seq,player_id,preferred_team,team_name,seq) values (?,?,?,?,?,default)
    Hibernate: insert into ft_participants (draft_order,fantasy_game_seq,player_id,preferred_team,team_name,seq) values (?,?,?,?,?,default)
    Hibernate: insert into ft_participants (draft_order,fantasy_game_seq,player_id,preferred_team,team_name,seq) values (?,?,?,?,?,default)
    Hibernate: insert into ft_participants (draft_order,fantasy_game_seq,player_id,preferred_team,team_name,seq) values (?,?,?,?,?,default)
    Hibernate: insert into ft_participants (draft_order,fantasy_game_seq,player_id,preferred_team,team_name,seq) values (?,?,?,?,?,default)
    Hibernate: insert into ft_participants (draft_order,fantasy_game_seq,player_id,preferred_team,team_name,seq) values (?,?,?,?,?,default)
    Hibernate: insert into ft_participants (draft_order,fantasy_game_seq,player_id,preferred_team,team_name,seq) values (?,?,?,?,?,default)
    Hibernate: insert into ft_participants (draft_order,fantasy_game_seq,player_id,preferred_team,team_name,seq) values (?,?,?,?,?,default)
    Hibernate: insert into ft_participants (draft_order,fantasy_game_seq,player_id,preferred_team,team_name,seq) values (?,?,?,?,?,default)
    Hibernate: insert into ft_participants (draft_order,fantasy_game_seq,player_id,preferred_team,team_name,seq) values (?,?,?,?,?,default)
    Hibernate: insert into ft_participants (draft_order,fantasy_game_seq,player_id,preferred_team,team_name,seq) values (?,?,?,?,?,default)
    Hibernate: insert into ft_participants (draft_order,fantasy_game_seq,player_id,preferred_team,team_name,seq) values (?,?,?,?,?,default)
    Hibernate: insert into ft_participants (draft_order,fantasy_game_seq,player_id,preferred_team,team_name,seq) values (?,?,?,?,?,default)
    Hibernate: insert into ft_participants (draft_order,fantasy_game_seq,player_id,preferred_team,team_name,seq) values (?,?,?,?,?,default)
    Hibernate: insert into ft_participants (draft_order,fantasy_game_seq,player_id,preferred_team,team_name,seq) values (?,?,?,?,?,default)
    Hibernate: insert into ft_participants (draft_order,fantasy_game_seq,player_id,preferred_team,team_name,seq) values (?,?,?,?,?,default)
    Hibernate: insert into ft_participants (draft_order,fantasy_game_seq,player_id,preferred_team,team_name,seq) values (?,?,?,?,?,default)
    Hibernate: insert into ft_participants (draft_order,fantasy_game_seq,player_id,preferred_team,team_name,seq) values (?,?,?,?,?,default)
    Hibernate: insert into ft_participants (draft_order,fantasy_game_seq,player_id,preferred_team,team_name,seq) values (?,?,?,?,?,default)
    Hibernate: insert into ft_participants (draft_order,fantasy_game_seq,player_id,preferred_team,team_name,seq) values (?,?,?,?,?,default)
    Hibernate: insert into ft_participants (draft_order,fantasy_game_seq,player_id,preferred_team,team_name,seq) values (?,?,?,?,?,default)
    Hibernate: insert into ft_participants (draft_order,fantasy_game_seq,player_id,preferred_team,team_name,seq) values (?,?,?,?,?,default)
    Hibernate: insert into ft_participants (draft_order,fantasy_game_seq,player_id,preferred_team,team_name,seq) values (?,?,?,?,?,default)
    Hibernate: insert into ft_participants (draft_order,fantasy_game_seq,player_id,preferred_team,team_name,seq) values (?,?,?,?,?,default)
    Hibernate: insert into ft_participants (draft_order,fantasy_game_seq,player_id,preferred_team,team_name,seq) values (?,?,?,?,?,default)
    Hibernate: insert into ft_participants (draft_order,fantasy_game_seq,player_id,preferred_team,team_name,seq) values (?,?,?,?,?,default)
    Hibernate: insert into ft_participants (draft_order,fantasy_game_seq,player_id,preferred_team,team_name,seq) values (?,?,?,?,?,default)
    Hibernate: insert into ft_participants (draft_order,fantasy_game_seq,player_id,preferred_team,team_name,seq) values (?,?,?,?,?,default)
    Hibernate: insert into ft_participants (draft_order,fantasy_game_seq,player_id,preferred_team,team_name,seq) values (?,?,?,?,?,default)
    Hibernate: insert into ft_participants (draft_order,fantasy_game_seq,player_id,preferred_team,team_name,seq) values (?,?,?,?,?,default)
    Hibernate: insert into ft_participants (draft_order,fantasy_game_seq,player_id,preferred_team,team_name,seq) values (?,?,?,?,?,default)
    Hibernate: insert into ft_participants (draft_order,fantasy_game_seq,player_id,preferred_team,team_name,seq) values (?,?,?,?,?,default)
    Hibernate: insert into ft_participants (draft_order,fantasy_game_seq,player_id,preferred_team,team_name,seq) values (?,?,?,?,?,default)
    Hibernate: insert into ft_participants (draft_order,fantasy_game_seq,player_id,preferred_team,team_name,seq) values (?,?,?,?,?,default)
    Hibernate: insert into ft_participants (draft_order,fantasy_game_seq,player_id,preferred_team,team_name,seq) values (?,?,?,?,?,default)
    Hibernate: insert into ft_participants (draft_order,fantasy_game_seq,player_id,preferred_team,team_name,seq) values (?,?,?,?,?,default)
    Hibernate: insert into ft_participants (draft_order,fantasy_game_seq,player_id,preferred_team,team_name,seq) values (?,?,?,?,?,default)
    Hibernate: insert into ft_participants (draft_order,fantasy_game_seq,player_id,preferred_team,team_name,seq) values (?,?,?,?,?,default)
    Hibernate: insert into ft_participants (draft_order,fantasy_game_seq,player_id,preferred_team,team_name,seq) values (?,?,?,?,?,default)
    Hibernate: insert into ft_participants (draft_order,fantasy_game_seq,player_id,preferred_team,team_name,seq) values (?,?,?,?,?,default)
    Hibernate: insert into ft_participants (draft_order,fantasy_game_seq,player_id,preferred_team,team_name,seq) values (?,?,?,?,?,default)
    Hibernate: insert into ft_participants (draft_order,fantasy_game_seq,player_id,preferred_team,team_name,seq) values (?,?,?,?,?,default)
    Hibernate: insert into ft_participants (draft_order,fantasy_game_seq,player_id,preferred_team,team_name,seq) values (?,?,?,?,?,default)
    Hibernate: insert into ft_participants (draft_order,fantasy_game_seq,player_id,preferred_team,team_name,seq) values (?,?,?,?,?,default)
    Hibernate: insert into ft_participants (draft_order,fantasy_game_seq,player_id,preferred_team,team_name,seq) values (?,?,?,?,?,default)
    Hibernate: insert into ft_participants (draft_order,fantasy_game_seq,player_id,preferred_team,team_name,seq) values (?,?,?,?,?,default)
    Hibernate: insert into ft_participants (draft_order,fantasy_game_seq,player_id,preferred_team,team_name,seq) values (?,?,?,?,?,default)
    Hibernate: insert into ft_participants (draft_order,fantasy_game_seq,player_id,preferred_team,team_name,seq) values (?,?,?,?,?,default)
    Hibernate: insert into ft_participants (draft_order,fantasy_game_seq,player_id,preferred_team,team_name,seq) values (?,?,?,?,?,default)
    Hibernate: insert into ft_participants (draft_order,fantasy_game_seq,player_id,preferred_team,team_name,seq) values (?,?,?,?,?,default)
    Hibernate: insert into ft_participants (draft_order,fantasy_game_seq,player_id,preferred_team,team_name,seq) values (?,?,?,?,?,default)
    Hibernate: insert into ft_participants (draft_order,fantasy_game_seq,player_id,preferred_team,team_name,seq) values (?,?,?,?,?,default)
    Hibernate: insert into ft_participants (draft_order,fantasy_game_seq,player_id,preferred_team,team_name,seq) values (?,?,?,?,?,default)
    Hibernate: insert into ft_participants (draft_order,fantasy_game_seq,player_id,preferred_team,team_name,seq) values (?,?,?,?,?,default)
    Hibernate: insert into ft_participants (draft_order,fantasy_game_seq,player_id,preferred_team,team_name,seq) values (?,?,?,?,?,default)
    Hibernate: insert into ft_participants (draft_order,fantasy_game_seq,player_id,preferred_team,team_name,seq) values (?,?,?,?,?,default)
    Hibernate: insert into ft_participants (draft_order,fantasy_game_seq,player_id,preferred_team,team_name,seq) values (?,?,?,?,?,default)
    Hibernate: insert into ft_participants (draft_order,fantasy_game_seq,player_id,preferred_team,team_name,seq) values (?,?,?,?,?,default)
    Hibernate: insert into ft_participants (draft_order,fantasy_game_seq,player_id,preferred_team,team_name,seq) values (?,?,?,?,?,default)
    Hibernate: insert into ft_participants (draft_order,fantasy_game_seq,player_id,preferred_team,team_name,seq) values (?,?,?,?,?,default)
    Hibernate: insert into ft_participants (draft_order,fantasy_game_seq,player_id,preferred_team,team_name,seq) values (?,?,?,?,?,default)
    Hibernate: insert into ft_participants (draft_order,fantasy_game_seq,player_id,preferred_team,team_name,seq) values (?,?,?,?,?,default)
    Hibernate: insert into ft_participants (draft_order,fantasy_game_seq,player_id,preferred_team,team_name,seq) values (?,?,?,?,?,default)
    Hibernate: insert into ft_participants (draft_order,fantasy_game_seq,player_id,preferred_team,team_name,seq) values (?,?,?,?,?,default)
    Hibernate: insert into ft_participants (draft_order,fantasy_game_seq,player_id,preferred_team,team_name,seq) values (?,?,?,?,?,default)
    Hibernate: insert into ft_participants (draft_order,fantasy_game_seq,player_id,preferred_team,team_name,seq) values (?,?,?,?,?,default)
    Hibernate: insert into ft_participants (draft_order,fantasy_game_seq,player_id,preferred_team,team_name,seq) values (?,?,?,?,?,default)
    Hibernate: insert into ft_participants (draft_order,fantasy_game_seq,player_id,preferred_team,team_name,seq) values (?,?,?,?,?,default)
    Hibernate: insert into ft_participants (draft_order,fantasy_game_seq,player_id,preferred_team,team_name,seq) values (?,?,?,?,?,default)
    Hibernate: insert into ft_participants (draft_order,fantasy_game_seq,player_id,preferred_team,team_name,seq) values (?,?,?,?,?,default)
    Hibernate: insert into ft_participants (draft_order,fantasy_game_seq,player_id,preferred_team,team_name,seq) values (?,?,?,?,?,default)
    Hibernate: insert into ft_participants (draft_order,fantasy_game_seq,player_id,preferred_team,team_name,seq) values (?,?,?,?,?,default)
    Hibernate: insert into ft_participants (draft_order,fantasy_game_seq,player_id,preferred_team,team_name,seq) values (?,?,?,?,?,default)
    Hibernate: insert into ft_participants (draft_order,fantasy_game_seq,player_id,preferred_team,team_name,seq) values (?,?,?,?,?,default)
    Hibernate: insert into ft_participants (draft_order,fantasy_game_seq,player_id,preferred_team,team_name,seq) values (?,?,?,?,?,default)
    Hibernate: insert into ft_participants (draft_order,fantasy_game_seq,player_id,preferred_team,team_name,seq) values (?,?,?,?,?,default)
    Hibernate: insert into ft_participants (draft_order,fantasy_game_seq,player_id,preferred_team,team_name,seq) values (?,?,?,?,?,default)
    Hibernate: insert into ft_participants (draft_order,fantasy_game_seq,player_id,preferred_team,team_name,seq) values (?,?,?,?,?,default)
    Hibernate: insert into ft_participants (draft_order,fantasy_game_seq,player_id,preferred_team,team_name,seq) values (?,?,?,?,?,default)
    Hibernate: insert into ft_participants (draft_order,fantasy_game_seq,player_id,preferred_team,team_name,seq) values (?,?,?,?,?,default)
    Hibernate: insert into ft_participants (draft_order,fantasy_game_seq,player_id,preferred_team,team_name,seq) values (?,?,?,?,?,default)
    Hibernate: insert into ft_participants (draft_order,fantasy_game_seq,player_id,preferred_team,team_name,seq) values (?,?,?,?,?,default)
    Hibernate: insert into ft_participants (draft_order,fantasy_game_seq,player_id,preferred_team,team_name,seq) values (?,?,?,?,?,default)
    Hibernate: insert into ft_participants (draft_order,fantasy_game_seq,player_id,preferred_team,team_name,seq) values (?,?,?,?,?,default)
    Hibernate: insert into ft_participants (draft_order,fantasy_game_seq,player_id,preferred_team,team_name,seq) values (?,?,?,?,?,default)
    Hibernate: insert into ft_participants (draft_order,fantasy_game_seq,player_id,preferred_team,team_name,seq) values (?,?,?,?,?,default)
    Hibernate: insert into ft_participants (draft_order,fantasy_game_seq,player_id,preferred_team,team_name,seq) values (?,?,?,?,?,default)
    Hibernate: insert into ft_participants (draft_order,fantasy_game_seq,player_id,preferred_team,team_name,seq) values (?,?,?,?,?,default)
    Hibernate: insert into ft_participants (draft_order,fantasy_game_seq,player_id,preferred_team,team_name,seq) values (?,?,?,?,?,default)
    Hibernate: insert into ft_participants (draft_order,fantasy_game_seq,player_id,preferred_team,team_name,seq) values (?,?,?,?,?,default)
    Hibernate: insert into ft_participants (draft_order,fantasy_game_seq,player_id,preferred_team,team_name,seq) values (?,?,?,?,?,default)
    Hibernate: insert into ft_participants (draft_order,fantasy_game_seq,player_id,preferred_team,team_name,seq) values (?,?,?,?,?,default)
    Hibernate: insert into ft_participants (draft_order,fantasy_game_seq,player_id,preferred_team,team_name,seq) values (?,?,?,?,?,default)
    Hibernate: insert into ft_participants (draft_order,fantasy_game_seq,player_id,preferred_team,team_name,seq) values (?,?,?,?,?,default)
    Hibernate: insert into ft_participants (draft_order,fantasy_game_seq,player_id,preferred_team,team_name,seq) values (?,?,?,?,?,default)
    Hibernate: insert into ft_participants (draft_order,fantasy_game_seq,player_id,preferred_team,team_name,seq) values (?,?,?,?,?,default)
    Hibernate: insert into ft_participants (draft_order,fantasy_game_seq,player_id,preferred_team,team_name,seq) values (?,?,?,?,?,default)
    Hibernate: insert into ft_participants (draft_order,fantasy_game_seq,player_id,preferred_team,team_name,seq) values (?,?,?,?,?,default)
    Hibernate: insert into ft_participants (draft_order,fantasy_game_seq,player_id,preferred_team,team_name,seq) values (?,?,?,?,?,default)
    Hibernate: insert into ft_participants (draft_order,fantasy_game_seq,player_id,preferred_team,team_name,seq) values (?,?,?,?,?,default)
    Hibernate: insert into ft_participants (draft_order,fantasy_game_seq,player_id,preferred_team,team_name,seq) values (?,?,?,?,?,default)
    Hibernate: insert into ft_participants (draft_order,fantasy_game_seq,player_id,preferred_team,team_name,seq) values (?,?,?,?,?,default)
    Hibernate: insert into ft_participants (draft_order,fantasy_game_seq,player_id,preferred_team,team_name,seq) values (?,?,?,?,?,default)
    Hibernate: insert into ft_participants (draft_order,fantasy_game_seq,player_id,preferred_team,team_name,seq) values (?,?,?,?,?,default)
    Hibernate: insert into ft_participants (draft_order,fantasy_game_seq,player_id,preferred_team,team_name,seq) values (?,?,?,?,?,default)
    Hibernate: insert into ft_participants (draft_order,fantasy_game_seq,player_id,preferred_team,team_name,seq) values (?,?,?,?,?,default)
    Hibernate: insert into ft_participants (draft_order,fantasy_game_seq,player_id,preferred_team,team_name,seq) values (?,?,?,?,?,default)
    Hibernate: insert into ft_participants (draft_order,fantasy_game_seq,player_id,preferred_team,team_name,seq) values (?,?,?,?,?,default)
    Hibernate: insert into ft_participants (draft_order,fantasy_game_seq,player_id,preferred_team,team_name,seq) values (?,?,?,?,?,default)
    Hibernate: insert into ft_participants (draft_order,fantasy_game_seq,player_id,preferred_team,team_name,seq) values (?,?,?,?,?,default)
    Hibernate: insert into ft_participants (draft_order,fantasy_game_seq,player_id,preferred_team,team_name,seq) values (?,?,?,?,?,default)
    Hibernate: insert into ft_participants (draft_order,fantasy_game_seq,player_id,preferred_team,team_name,seq) values (?,?,?,?,?,default)
    Hibernate: insert into ft_participants (draft_order,fantasy_game_seq,player_id,preferred_team,team_name,seq) values (?,?,?,?,?,default)
    Hibernate: insert into ft_participants (draft_order,fantasy_game_seq,player_id,preferred_team,team_name,seq) values (?,?,?,?,?,default)
    Hibernate: insert into ft_participants (draft_order,fantasy_game_seq,player_id,preferred_team,team_name,seq) values (?,?,?,?,?,default)
    Hibernate: insert into ft_participants (draft_order,fantasy_game_seq,player_id,preferred_team,team_name,seq) values (?,?,?,?,?,default)
    Hibernate: insert into ft_participants (draft_order,fantasy_game_seq,player_id,preferred_team,team_name,seq) values (?,?,?,?,?,default)
    Hibernate: insert into ft_participants (draft_order,fantasy_game_seq,player_id,preferred_team,team_name,seq) values (?,?,?,?,?,default)
    Hibernate: insert into ft_participants (draft_order,fantasy_game_seq,player_id,preferred_team,team_name,seq) values (?,?,?,?,?,default)
    Hibernate: insert into ft_participants (draft_order,fantasy_game_seq,player_id,preferred_team,team_name,seq) values (?,?,?,?,?,default)
    Hibernate: insert into ft_participants (draft_order,fantasy_game_seq,player_id,preferred_team,team_name,seq) values (?,?,?,?,?,default)
    Hibernate: insert into ft_participants (draft_order,fantasy_game_seq,player_id,preferred_team,team_name,seq) values (?,?,?,?,?,default)
    Hibernate: insert into ft_participants (draft_order,fantasy_game_seq,player_id,preferred_team,team_name,seq) values (?,?,?,?,?,default)
    Hibernate: insert into ft_participants (draft_order,fantasy_game_seq,player_id,preferred_team,team_name,seq) values (?,?,?,?,?,default)
    Hibernate: insert into ft_participants (draft_order,fantasy_game_seq,player_id,preferred_team,team_name,seq) values (?,?,?,?,?,default)
    Hibernate: insert into ft_participants (draft_order,fantasy_game_seq,player_id,preferred_team,team_name,seq) values (?,?,?,?,?,default)
    Hibernate: insert into ft_participants (draft_order,fantasy_game_seq,player_id,preferred_team,team_name,seq) values (?,?,?,?,?,default)
    Hibernate: insert into ft_participants (draft_order,fantasy_game_seq,player_id,preferred_team,team_name,seq) values (?,?,?,?,?,default)
    Hibernate: insert into ft_participants (draft_order,fantasy_game_seq,player_id,preferred_team,team_name,seq) values (?,?,?,?,?,default)
    Hibernate: insert into ft_participants (draft_order,fantasy_game_seq,player_id,preferred_team,team_name,seq) values (?,?,?,?,?,default)
    Hibernate: insert into ft_participants (draft_order,fantasy_game_seq,player_id,preferred_team,team_name,seq) values (?,?,?,?,?,default)
    Hibernate: insert into ft_participants (draft_order,fantasy_game_seq,player_id,preferred_team,team_name,seq) values (?,?,?,?,?,default)
    Hibernate: insert into ft_participants (draft_order,fantasy_game_seq,player_id,preferred_team,team_name,seq) values (?,?,?,?,?,default)
    Hibernate: insert into ft_participants (draft_order,fantasy_game_seq,player_id,preferred_team,team_name,seq) values (?,?,?,?,?,default)
    Hibernate: insert into ft_participants (draft_order,fantasy_game_seq,player_id,preferred_team,team_name,seq) values (?,?,?,?,?,default)
    Hibernate: insert into ft_participants (draft_order,fantasy_game_seq,player_id,preferred_team,team_name,seq) values (?,?,?,?,?,default)
    Hibernate: insert into ft_participants (draft_order,fantasy_game_seq,player_id,preferred_team,team_name,seq) values (?,?,?,?,?,default)
    Hibernate: insert into ft_participants (draft_order,fantasy_game_seq,player_id,preferred_team,team_name,seq) values (?,?,?,?,?,default)
    Hibernate: insert into ft_participants (draft_order,fantasy_game_seq,player_id,preferred_team,team_name,seq) values (?,?,?,?,?,default)
    Hibernate: insert into ft_participants (draft_order,fantasy_game_seq,player_id,preferred_team,team_name,seq) values (?,?,?,?,?,default)
    Hibernate: insert into ft_participants (draft_order,fantasy_game_seq,player_id,preferred_team,team_name,seq) values (?,?,?,?,?,default)
    Hibernate: insert into ft_participants (draft_order,fantasy_game_seq,player_id,preferred_team,team_name,seq) values (?,?,?,?,?,default)
    Hibernate: insert into ft_participants (draft_order,fantasy_game_seq,player_id,preferred_team,team_name,seq) values (?,?,?,?,?,default)
    Hibernate: insert into ft_participants (draft_order,fantasy_game_seq,player_id,preferred_team,team_name,seq) values (?,?,?,?,?,default)
    Hibernate: insert into ft_participants (draft_order,fantasy_game_seq,player_id,preferred_team,team_name,seq) values (?,?,?,?,?,default)
    Hibernate: insert into ft_participants (draft_order,fantasy_game_seq,player_id,preferred_team,team_name,seq) values (?,?,?,?,?,default)
    Hibernate: insert into ft_participants (draft_order,fantasy_game_seq,player_id,preferred_team,team_name,seq) values (?,?,?,?,?,default)
    Hibernate: insert into ft_participants (draft_order,fantasy_game_seq,player_id,preferred_team,team_name,seq) values (?,?,?,?,?,default)
    Hibernate: insert into ft_participants (draft_order,fantasy_game_seq,player_id,preferred_team,team_name,seq) values (?,?,?,?,?,default)
    Hibernate: insert into ft_participants (draft_order,fantasy_game_seq,player_id,preferred_team,team_name,seq) values (?,?,?,?,?,default)
    Hibernate: insert into ft_participants (draft_order,fantasy_game_seq,player_id,preferred_team,team_name,seq) values (?,?,?,?,?,default)
    Hibernate: insert into ft_participants (draft_order,fantasy_game_seq,player_id,preferred_team,team_name,seq) values (?,?,?,?,?,default)
    Hibernate: insert into ft_participants (draft_order,fantasy_game_seq,player_id,preferred_team,team_name,seq) values (?,?,?,?,?,default)
    Hibernate: insert into ft_participants (draft_order,fantasy_game_seq,player_id,preferred_team,team_name,seq) values (?,?,?,?,?,default)
    Hibernate: insert into ft_participants (draft_order,fantasy_game_seq,player_id,preferred_team,team_name,seq) values (?,?,?,?,?,default)
    Hibernate: insert into ft_participants (draft_order,fantasy_game_seq,player_id,preferred_team,team_name,seq) values (?,?,?,?,?,default)
    Hibernate: insert into ft_participants (draft_order,fantasy_game_seq,player_id,preferred_team,team_name,seq) values (?,?,?,?,?,default)
    Hibernate: insert into ft_participants (draft_order,fantasy_game_seq,player_id,preferred_team,team_name,seq) values (?,?,?,?,?,default)
    Hibernate: insert into ft_participants (draft_order,fantasy_game_seq,player_id,preferred_team,team_name,seq) values (?,?,?,?,?,default)
    Hibernate: insert into ft_participants (draft_order,fantasy_game_seq,player_id,preferred_team,team_name,seq) values (?,?,?,?,?,default)
    Hibernate: insert into ft_participants (draft_order,fantasy_game_seq,player_id,preferred_team,team_name,seq) values (?,?,?,?,?,default)
    Hibernate: insert into ft_participants (draft_order,fantasy_game_seq,player_id,preferred_team,team_name,seq) values (?,?,?,?,?,default)
    Hibernate: insert into ft_participants (draft_order,fantasy_game_seq,player_id,preferred_team,team_name,seq) values (?,?,?,?,?,default)
    Hibernate: insert into ft_participants (draft_order,fantasy_game_seq,player_id,preferred_team,team_name,seq) values (?,?,?,?,?,default)
    Hibernate: insert into ft_participants (draft_order,fantasy_game_seq,player_id,preferred_team,team_name,seq) values (?,?,?,?,?,default)
    Hibernate: insert into ft_participants (draft_order,fantasy_game_seq,player_id,preferred_team,team_name,seq) values (?,?,?,?,?,default)
    Hibernate: insert into ft_participants (draft_order,fantasy_game_seq,player_id,preferred_team,team_name,seq) values (?,?,?,?,?,default)
    Hibernate: insert into ft_participants (draft_order,fantasy_game_seq,player_id,preferred_team,team_name,seq) values (?,?,?,?,?,default)
    Hibernate: insert into ft_participants (draft_order,fantasy_game_seq,player_id,preferred_team,team_name,seq) values (?,?,?,?,?,default)
    Hibernate: insert into ft_participants (draft_order,fantasy_game_seq,player_id,preferred_team,team_name,seq) values (?,?,?,?,?,default)
    Hibernate: insert into ft_participants (draft_order,fantasy_game_seq,player_id,preferred_team,team_name,seq) values (?,?,?,?,?,default)
    Hibernate: insert into ft_participants (draft_order,fantasy_game_seq,player_id,preferred_team,team_name,seq) values (?,?,?,?,?,default)
    Hibernate: insert into ft_participants (draft_order,fantasy_game_seq,player_id,preferred_team,team_name,seq) values (?,?,?,?,?,default)
    Hibernate: insert into ft_participants (draft_order,fantasy_game_seq,player_id,preferred_team,team_name,seq) values (?,?,?,?,?,default)
    Hibernate: insert into ft_participants (draft_order,fantasy_game_seq,player_id,preferred_team,team_name,seq) values (?,?,?,?,?,default)
    Hibernate: insert into ft_participants (draft_order,fantasy_game_seq,player_id,preferred_team,team_name,seq) values (?,?,?,?,?,default)
    Hibernate: insert into ft_participants (draft_order,fantasy_game_seq,player_id,preferred_team,team_name,seq) values (?,?,?,?,?,default)
    Hibernate: insert into ft_participants (draft_order,fantasy_game_seq,player_id,preferred_team,team_name,seq) values (?,?,?,?,?,default)
    Hibernate: insert into ft_participants (draft_order,fantasy_game_seq,player_id,preferred_team,team_name,seq) values (?,?,?,?,?,default)
    Hibernate: insert into ft_participants (draft_order,fantasy_game_seq,player_id,preferred_team,team_name,seq) values (?,?,?,?,?,default)
    Hibernate: insert into ft_participants (draft_order,fantasy_game_seq,player_id,preferred_team,team_name,seq) values (?,?,?,?,?,default)
    Hibernate: insert into ft_participants (draft_order,fantasy_game_seq,player_id,preferred_team,team_name,seq) values (?,?,?,?,?,default)
    Hibernate: insert into ft_participants (draft_order,fantasy_game_seq,player_id,preferred_team,team_name,seq) values (?,?,?,?,?,default)
    Hibernate: insert into ft_participants (draft_order,fantasy_game_seq,player_id,preferred_team,team_name,seq) values (?,?,?,?,?,default)
    Hibernate: insert into ft_participants (draft_order,fantasy_game_seq,player_id,preferred_team,team_name,seq) values (?,?,?,?,?,default)
    Hibernate: insert into ft_participants (draft_order,fantasy_game_seq,player_id,preferred_team,team_name,seq) values (?,?,?,?,?,default)
    Hibernate: insert into ft_participants (draft_order,fantasy_game_seq,player_id,preferred_team,team_name,seq) values (?,?,?,?,?,default)
    Hibernate: insert into ft_participants (draft_order,fantasy_game_seq,player_id,preferred_team,team_name,seq) values (?,?,?,?,?,default)
    Hibernate: insert into ft_participants (draft_order,fantasy_game_seq,player_id,preferred_team,team_name,seq) values (?,?,?,?,?,default)
    Hibernate: insert into ft_participants (draft_order,fantasy_game_seq,player_id,preferred_team,team_name,seq) values (?,?,?,?,?,default)
    Hibernate: insert into ft_participants (draft_order,fantasy_game_seq,player_id,preferred_team,team_name,seq) values (?,?,?,?,?,default)
    Hibernate: insert into ft_participants (draft_order,fantasy_game_seq,player_id,preferred_team,team_name,seq) values (?,?,?,?,?,default)
    Hibernate: insert into ft_participants (draft_order,fantasy_game_seq,player_id,preferred_team,team_name,seq) values (?,?,?,?,?,default)
    Hibernate: insert into ft_participants (draft_order,fantasy_game_seq,player_id,preferred_team,team_name,seq) values (?,?,?,?,?,default)
    Hibernate: insert into ft_participants (draft_order,fantasy_game_seq,player_id,preferred_team,team_name,seq) values (?,?,?,?,?,default)
    Hibernate: insert into ft_participants (draft_order,fantasy_game_seq,player_id,preferred_team,team_name,seq) values (?,?,?,?,?,default)
    Hibernate: insert into ft_participants (draft_order,fantasy_game_seq,player_id,preferred_team,team_name,seq) values (?,?,?,?,?,default)
    Hibernate: insert into ft_participants (draft_order,fantasy_game_seq,player_id,preferred_team,team_name,seq) values (?,?,?,?,?,default)
    Hibernate: insert into ft_participants (draft_order,fantasy_game_seq,player_id,preferred_team,team_name,seq) values (?,?,?,?,?,default)
    Hibernate: insert into ft_participants (draft_order,fantasy_game_seq,player_id,preferred_team,team_name,seq) values (?,?,?,?,?,default)
    Hibernate: insert into ft_participants (draft_order,fantasy_game_seq,player_id,preferred_team,team_name,seq) values (?,?,?,?,?,default)
    Hibernate: insert into ft_participants (draft_order,fantasy_game_seq,player_id,preferred_team,team_name,seq) values (?,?,?,?,?,default)
    Hibernate: insert into ft_participants (draft_order,fantasy_game_seq,player_id,preferred_team,team_name,seq) values (?,?,?,?,?,default)
    Hibernate: insert into ft_participants (draft_order,fantasy_game_seq,player_id,preferred_team,team_name,seq) values (?,?,?,?,?,default)
    Hibernate: insert into ft_participants (draft_order,fantasy_game_seq,player_id,preferred_team,team_name,seq) values (?,?,?,?,?,default)
    Hibernate: insert into ft_participants (draft_order,fantasy_game_seq,player_id,preferred_team,team_name,seq) values (?,?,?,?,?,default)
    Hibernate: insert into ft_participants (draft_order,fantasy_game_seq,player_id,preferred_team,team_name,seq) values (?,?,?,?,?,default)
    Hibernate: insert into ft_participants (draft_order,fantasy_game_seq,player_id,preferred_team,team_name,seq) values (?,?,?,?,?,default)
    Hibernate: insert into ft_participants (draft_order,fantasy_game_seq,player_id,preferred_team,team_name,seq) values (?,?,?,?,?,default)
    Hibernate: insert into ft_participants (draft_order,fantasy_game_seq,player_id,preferred_team,team_name,seq) values (?,?,?,?,?,default)
    Hibernate: insert into ft_participants (draft_order,fantasy_game_seq,player_id,preferred_team,team_name,seq) values (?,?,?,?,?,default)
    Hibernate: insert into ft_participants (draft_order,fantasy_game_seq,player_id,preferred_team,team_name,seq) values (?,?,?,?,?,default)
    Hibernate: insert into ft_participants (draft_order,fantasy_game_seq,player_id,preferred_team,team_name,seq) values (?,?,?,?,?,default)
    Hibernate: insert into ft_participants (draft_order,fantasy_game_seq,player_id,preferred_team,team_name,seq) values (?,?,?,?,?,default)
    Hibernate: insert into ft_participants (draft_order,fantasy_game_seq,player_id,preferred_team,team_name,seq) values (?,?,?,?,?,default)
    Hibernate: insert into ft_participants (draft_order,fantasy_game_seq,player_id,preferred_team,team_name,seq) values (?,?,?,?,?,default)
    Hibernate: insert into ft_participants (draft_order,fantasy_game_seq,player_id,preferred_team,team_name,seq) values (?,?,?,?,?,default)
    Hibernate: insert into ft_participants (draft_order,fantasy_game_seq,player_id,preferred_team,team_name,seq) values (?,?,?,?,?,default)
    Hibernate: insert into ft_participants (draft_order,fantasy_game_seq,player_id,preferred_team,team_name,seq) values (?,?,?,?,?,default)
    Hibernate: insert into ft_participants (draft_order,fantasy_game_seq,player_id,preferred_team,team_name,seq) values (?,?,?,?,?,default)
    Hibernate: insert into ft_participants (draft_order,fantasy_game_seq,player_id,preferred_team,team_name,seq) values (?,?,?,?,?,default)
    Hibernate: insert into ft_participants (draft_order,fantasy_game_seq,player_id,preferred_team,team_name,seq) values (?,?,?,?,?,default)
    Hibernate: insert into ft_participants (draft_order,fantasy_game_seq,player_id,preferred_team,team_name,seq) values (?,?,?,?,?,default)
    Hibernate: insert into ft_participants (draft_order,fantasy_game_seq,player_id,preferred_team,team_name,seq) values (?,?,?,?,?,default)
    Hibernate: insert into ft_participants (draft_order,fantasy_game_seq,player_id,preferred_team,team_name,seq) values (?,?,?,?,?,default)
    Hibernate: insert into ft_participants (draft_order,fantasy_game_seq,player_id,preferred_team,team_name,seq) values (?,?,?,?,?,default)
    Hibernate: insert into ft_participants (draft_order,fantasy_game_seq,player_id,preferred_team,team_name,seq) values (?,?,?,?,?,default)
    Hibernate: insert into ft_participants (draft_order,fantasy_game_seq,player_id,preferred_team,team_name,seq) values (?,?,?,?,?,default)
    Hibernate: insert into ft_participants (draft_order,fantasy_game_seq,player_id,preferred_team,team_name,seq) values (?,?,?,?,?,default)
    Hibernate: insert into ft_participants (draft_order,fantasy_game_seq,player_id,preferred_team,team_name,seq) values (?,?,?,?,?,default)
    Hibernate: insert into ft_participants (draft_order,fantasy_game_seq,player_id,preferred_team,team_name,seq) values (?,?,?,?,?,default)
    Hibernate: insert into ft_participants (draft_order,fantasy_game_seq,player_id,preferred_team,team_name,seq) values (?,?,?,?,?,default)
    Hibernate: insert into ft_participants (draft_order,fantasy_game_seq,player_id,preferred_team,team_name,seq) values (?,?,?,?,?,default)
    Hibernate: insert into ft_participants (draft_order,fantasy_game_seq,player_id,preferred_team,team_name,seq) values (?,?,?,?,?,default)
    Hibernate: insert into ft_participants (draft_order,fantasy_game_seq,player_id,preferred_team,team_name,seq) values (?,?,?,?,?,default)
    Hibernate: insert into ft_participants (draft_order,fantasy_game_seq,player_id,preferred_team,team_name,seq) values (?,?,?,?,?,default)
    Hibernate: insert into ft_participants (draft_order,fantasy_game_seq,player_id,preferred_team,team_name,seq) values (?,?,?,?,?,default)
    Hibernate: insert into ft_participants (draft_order,fantasy_game_seq,player_id,preferred_team,team_name,seq) values (?,?,?,?,?,default)
    Hibernate: insert into ft_participants (draft_order,fantasy_game_seq,player_id,preferred_team,team_name,seq) values (?,?,?,?,?,default)
    Hibernate: insert into ft_participants (draft_order,fantasy_game_seq,player_id,preferred_team,team_name,seq) values (?,?,?,?,?,default)
    Hibernate: insert into ft_participants (draft_order,fantasy_game_seq,player_id,preferred_team,team_name,seq) values (?,?,?,?,?,default)
    Hibernate: insert into ft_participants (draft_order,fantasy_game_seq,player_id,preferred_team,team_name,seq) values (?,?,?,?,?,default)
    Hibernate: insert into ft_participants (draft_order,fantasy_game_seq,player_id,preferred_team,team_name,seq) values (?,?,?,?,?,default)
    Hibernate: insert into ft_participants (draft_order,fantasy_game_seq,player_id,preferred_team,team_name,seq) values (?,?,?,?,?,default)
    Hibernate: insert into ft_participants (draft_order,fantasy_game_seq,player_id,preferred_team,team_name,seq) values (?,?,?,?,?,default)
    Hibernate: insert into ft_participants (draft_order,fantasy_game_seq,player_id,preferred_team,team_name,seq) values (?,?,?,?,?,default)
    Hibernate: insert into ft_participants (draft_order,fantasy_game_seq,player_id,preferred_team,team_name,seq) values (?,?,?,?,?,default)
    Hibernate: insert into ft_participants (draft_order,fantasy_game_seq,player_id,preferred_team,team_name,seq) values (?,?,?,?,?,default)
    Hibernate: insert into ft_participants (draft_order,fantasy_game_seq,player_id,preferred_team,team_name,seq) values (?,?,?,?,?,default)
    Hibernate: insert into ft_participants (draft_order,fantasy_game_seq,player_id,preferred_team,team_name,seq) values (?,?,?,?,?,default)
    Hibernate: insert into ft_participants (draft_order,fantasy_game_seq,player_id,preferred_team,team_name,seq) values (?,?,?,?,?,default)
    Hibernate: insert into ft_participants (draft_order,fantasy_game_seq,player_id,preferred_team,team_name,seq) values (?,?,?,?,?,default)
    Hibernate: insert into ft_participants (draft_order,fantasy_game_seq,player_id,preferred_team,team_name,seq) values (?,?,?,?,?,default)
    Hibernate: insert into ft_participants (draft_order,fantasy_game_seq,player_id,preferred_team,team_name,seq) values (?,?,?,?,?,default)
    Hibernate: insert into ft_participants (draft_order,fantasy_game_seq,player_id,preferred_team,team_name,seq) values (?,?,?,?,?,default)
    Hibernate: insert into ft_participants (draft_order,fantasy_game_seq,player_id,preferred_team,team_name,seq) values (?,?,?,?,?,default)
    Hibernate: insert into ft_participants (draft_order,fantasy_game_seq,player_id,preferred_team,team_name,seq) values (?,?,?,?,?,default)
    Hibernate: insert into ft_participants (draft_order,fantasy_game_seq,player_id,preferred_team,team_name,seq) values (?,?,?,?,?,default)
    Hibernate: insert into ft_participants (draft_order,fantasy_game_seq,player_id,preferred_team,team_name,seq) values (?,?,?,?,?,default)
    Hibernate: insert into ft_participants (draft_order,fantasy_game_seq,player_id,preferred_team,team_name,seq) values (?,?,?,?,?,default)
    Hibernate: insert into ft_participants (draft_order,fantasy_game_seq,player_id,preferred_team,team_name,seq) values (?,?,?,?,?,default)
    Hibernate: insert into ft_participants (draft_order,fantasy_game_seq,player_id,preferred_team,team_name,seq) values (?,?,?,?,?,default)
    Hibernate: insert into ft_participants (draft_order,fantasy_game_seq,player_id,preferred_team,team_name,seq) values (?,?,?,?,?,default)
    Hibernate: insert into ft_participants (draft_order,fantasy_game_seq,player_id,preferred_team,team_name,seq) values (?,?,?,?,?,default)
    Hibernate: insert into ft_participants (draft_order,fantasy_game_seq,player_id,preferred_team,team_name,seq) values (?,?,?,?,?,default)
    Hibernate: insert into ft_participants (draft_order,fantasy_game_seq,player_id,preferred_team,team_name,seq) values (?,?,?,?,?,default)
    Hibernate: insert into ft_participants (draft_order,fantasy_game_seq,player_id,preferred_team,team_name,seq) values (?,?,?,?,?,default)
    Hibernate: insert into ft_participants (draft_order,fantasy_game_seq,player_id,preferred_team,team_name,seq) values (?,?,?,?,?,default)
    Hibernate: insert into ft_participants (draft_order,fantasy_game_seq,player_id,preferred_team,team_name,seq) values (?,?,?,?,?,default)
    Hibernate: insert into ft_participants (draft_order,fantasy_game_seq,player_id,preferred_team,team_name,seq) values (?,?,?,?,?,default)
    Hibernate: insert into ft_participants (draft_order,fantasy_game_seq,player_id,preferred_team,team_name,seq) values (?,?,?,?,?,default)
    Hibernate: insert into ft_participants (draft_order,fantasy_game_seq,player_id,preferred_team,team_name,seq) values (?,?,?,?,?,default)
    Hibernate: insert into ft_participants (draft_order,fantasy_game_seq,player_id,preferred_team,team_name,seq) values (?,?,?,?,?,default)
    Hibernate: insert into ft_participants (draft_order,fantasy_game_seq,player_id,preferred_team,team_name,seq) values (?,?,?,?,?,default)
    Hibernate: insert into ft_participants (draft_order,fantasy_game_seq,player_id,preferred_team,team_name,seq) values (?,?,?,?,?,default)
    Hibernate: insert into ft_participants (draft_order,fantasy_game_seq,player_id,preferred_team,team_name,seq) values (?,?,?,?,?,default)
    Hibernate: insert into ft_participants (draft_order,fantasy_game_seq,player_id,preferred_team,team_name,seq) values (?,?,?,?,?,default)
    Hibernate: insert into ft_participants (draft_order,fantasy_game_seq,player_id,preferred_team,team_name,seq) values (?,?,?,?,?,default)
    Hibernate: insert into ft_participants (draft_order,fantasy_game_seq,player_id,preferred_team,team_name,seq) values (?,?,?,?,?,default)
    Hibernate: insert into ft_participants (draft_order,fantasy_game_seq,player_id,preferred_team,team_name,seq) values (?,?,?,?,?,default)
    Hibernate: insert into ft_participants (draft_order,fantasy_game_seq,player_id,preferred_team,team_name,seq) values (?,?,?,?,?,default)
    Hibernate: insert into ft_participants (draft_order,fantasy_game_seq,player_id,preferred_team,team_name,seq) values (?,?,?,?,?,default)
    Hibernate: insert into ft_participants (draft_order,fantasy_game_seq,player_id,preferred_team,team_name,seq) values (?,?,?,?,?,default)
    Hibernate: insert into ft_participants (draft_order,fantasy_game_seq,player_id,preferred_team,team_name,seq) values (?,?,?,?,?,default)
    Hibernate: insert into ft_participants (draft_order,fantasy_game_seq,player_id,preferred_team,team_name,seq) values (?,?,?,?,?,default)
    Hibernate: insert into ft_participants (draft_order,fantasy_game_seq,player_id,preferred_team,team_name,seq) values (?,?,?,?,?,default)
    Hibernate: insert into ft_participants (draft_order,fantasy_game_seq,player_id,preferred_team,team_name,seq) values (?,?,?,?,?,default)
    Hibernate: insert into ft_participants (draft_order,fantasy_game_seq,player_id,preferred_team,team_name,seq) values (?,?,?,?,?,default)
    Hibernate: insert into ft_participants (draft_order,fantasy_game_seq,player_id,preferred_team,team_name,seq) values (?,?,?,?,?,default)
    Hibernate: insert into ft_participants (draft_order,fantasy_game_seq,player_id,preferred_team,team_name,seq) values (?,?,?,?,?,default)
    Hibernate: insert into ft_participants (draft_order,fantasy_game_seq,player_id,preferred_team,team_name,seq) values (?,?,?,?,?,default)
    Hibernate: insert into ft_participants (draft_order,fantasy_game_seq,player_id,preferred_team,team_name,seq) values (?,?,?,?,?,default)
    Hibernate: insert into ft_participants (draft_order,fantasy_game_seq,player_id,preferred_team,team_name,seq) values (?,?,?,?,?,default)
    Hibernate: insert into ft_participants (draft_order,fantasy_game_seq,player_id,preferred_team,team_name,seq) values (?,?,?,?,?,default)
    Hibernate: insert into ft_participants (draft_order,fantasy_game_seq,player_id,preferred_team,team_name,seq) values (?,?,?,?,?,default)
    Hibernate: insert into ft_participants (draft_order,fantasy_game_seq,player_id,preferred_team,team_name,seq) values (?,?,?,?,?,default)
    Hibernate: insert into ft_participants (draft_order,fantasy_game_seq,player_id,preferred_team,team_name,seq) values (?,?,?,?,?,default)
    Hibernate: insert into ft_participants (draft_order,fantasy_game_seq,player_id,preferred_team,team_name,seq) values (?,?,?,?,?,default)
    Hibernate: insert into ft_participants (draft_order,fantasy_game_seq,player_id,preferred_team,team_name,seq) values (?,?,?,?,?,default)
    Hibernate: insert into ft_participants (draft_order,fantasy_game_seq,player_id,preferred_team,team_name,seq) values (?,?,?,?,?,default)
    Hibernate: insert into ft_participants (draft_order,fantasy_game_seq,player_id,preferred_team,team_name,seq) values (?,?,?,?,?,default)
    Hibernate: insert into ft_participants (draft_order,fantasy_game_seq,player_id,preferred_team,team_name,seq) values (?,?,?,?,?,default)
    Hibernate: insert into ft_participants (draft_order,fantasy_game_seq,player_id,preferred_team,team_name,seq) values (?,?,?,?,?,default)
    Hibernate: insert into ft_participants (draft_order,fantasy_game_seq,player_id,preferred_team,team_name,seq) values (?,?,?,?,?,default)
    Hibernate: insert into ft_participants (draft_order,fantasy_game_seq,player_id,preferred_team,team_name,seq) values (?,?,?,?,?,default)
    Hibernate: insert into ft_participants (draft_order,fantasy_game_seq,player_id,preferred_team,team_name,seq) values (?,?,?,?,?,default)
    Hibernate: insert into ft_participants (draft_order,fantasy_game_seq,player_id,preferred_team,team_name,seq) values (?,?,?,?,?,default)
    Hibernate: insert into ft_participants (draft_order,fantasy_game_seq,player_id,preferred_team,team_name,seq) values (?,?,?,?,?,default)
    Hibernate: insert into ft_participants (draft_order,fantasy_game_seq,player_id,preferred_team,team_name,seq) values (?,?,?,?,?,default)
    Hibernate: insert into ft_participants (draft_order,fantasy_game_seq,player_id,preferred_team,team_name,seq) values (?,?,?,?,?,default)
    Hibernate: insert into ft_participants (draft_order,fantasy_game_seq,player_id,preferred_team,team_name,seq) values (?,?,?,?,?,default)
    Hibernate: insert into ft_participants (draft_order,fantasy_game_seq,player_id,preferred_team,team_name,seq) values (?,?,?,?,?,default)
    Hibernate: insert into ft_participants (draft_order,fantasy_game_seq,player_id,preferred_team,team_name,seq) values (?,?,?,?,?,default)
    Hibernate: insert into ft_participants (draft_order,fantasy_game_seq,player_id,preferred_team,team_name,seq) values (?,?,?,?,?,default)
    Hibernate: insert into ft_participants (draft_order,fantasy_game_seq,player_id,preferred_team,team_name,seq) values (?,?,?,?,?,default)
    Hibernate: insert into ft_participants (draft_order,fantasy_game_seq,player_id,preferred_team,team_name,seq) values (?,?,?,?,?,default)
    Hibernate: insert into ft_participants (draft_order,fantasy_game_seq,player_id,preferred_team,team_name,seq) values (?,?,?,?,?,default)
    Hibernate: insert into ft_participants (draft_order,fantasy_game_seq,player_id,preferred_team,team_name,seq) values (?,?,?,?,?,default)
    Hibernate: insert into ft_participants (draft_order,fantasy_game_seq,player_id,preferred_team,team_name,seq) values (?,?,?,?,?,default)
    Hibernate: insert into ft_participants (draft_order,fantasy_game_seq,player_id,preferred_team,team_name,seq) values (?,?,?,?,?,default)
    Hibernate: insert into ft_participants (draft_order,fantasy_game_seq,player_id,preferred_team,team_name,seq) values (?,?,?,?,?,default)
    Hibernate: insert into ft_participants (draft_order,fantasy_game_seq,player_id,preferred_team,team_name,seq) values (?,?,?,?,?,default)
    Hibernate: insert into ft_participants (draft_order,fantasy_game_seq,player_id,preferred_team,team_name,seq) values (?,?,?,?,?,default)
    Hibernate: insert into ft_participants (draft_order,fantasy_game_seq,player_id,preferred_team,team_name,seq) values (?,?,?,?,?,default)
    Hibernate: insert into ft_participants (draft_order,fantasy_game_seq,player_id,preferred_team,team_name,seq) values (?,?,?,?,?,default)
    Hibernate: insert into ft_participants (draft_order,fantasy_game_seq,player_id,preferred_team,team_name,seq) values (?,?,?,?,?,default)
    Hibernate: insert into ft_participants (draft_order,fantasy_game_seq,player_id,preferred_team,team_name,seq) values (?,?,?,?,?,default)
    Hibernate: insert into ft_participants (draft_order,fantasy_game_seq,player_id,preferred_team,team_name,seq) values (?,?,?,?,?,default)
    Hibernate: insert into ft_participants (draft_order,fantasy_game_seq,player_id,preferred_team,team_name,seq) values (?,?,?,?,?,default)
    Hibernate: insert into ft_participants (draft_order,fantasy_game_seq,player_id,preferred_team,team_name,seq) values (?,?,?,?,?,default)
    Hibernate: insert into ft_participants (draft_order,fantasy_game_seq,player_id,preferred_team,team_name,seq) values (?,?,?,?,?,default)
    Hibernate: insert into ft_participants (draft_order,fantasy_game_seq,player_id,preferred_team,team_name,seq) values (?,?,?,?,?,default)
    Hibernate: insert into ft_participants (draft_order,fantasy_game_seq,player_id,preferred_team,team_name,seq) values (?,?,?,?,?,default)
    Hibernate: insert into ft_participants (draft_order,fantasy_game_seq,player_id,preferred_team,team_name,seq) values (?,?,?,?,?,default)
    Hibernate: insert into ft_participants (draft_order,fantasy_game_seq,player_id,preferred_team,team_name,seq) values (?,?,?,?,?,default)
    Hibernate: insert into ft_participants (draft_order,fantasy_game_seq,player_id,preferred_team,team_name,seq) values (?,?,?,?,?,default)
    Hibernate: insert into ft_participants (draft_order,fantasy_game_seq,player_id,preferred_team,team_name,seq) values (?,?,?,?,?,default)
    Hibernate: insert into ft_participants (draft_order,fantasy_game_seq,player_id,preferred_team,team_name,seq) values (?,?,?,?,?,default)
    Hibernate: insert into ft_participants (draft_order,fantasy_game_seq,player_id,preferred_team,team_name,seq) values (?,?,?,?,?,default)
    Hibernate: insert into ft_participants (draft_order,fantasy_game_seq,player_id,preferred_team,team_name,seq) values (?,?,?,?,?,default)
    Hibernate: insert into ft_participants (draft_order,fantasy_game_seq,player_id,preferred_team,team_name,seq) values (?,?,?,?,?,default)
    Hibernate: insert into ft_participants (draft_order,fantasy_game_seq,player_id,preferred_team,team_name,seq) values (?,?,?,?,?,default)
    Hibernate: insert into ft_participants (draft_order,fantasy_game_seq,player_id,preferred_team,team_name,seq) values (?,?,?,?,?,default)
    Hibernate: insert into ft_participants (draft_order,fantasy_game_seq,player_id,preferred_team,team_name,seq) values (?,?,?,?,?,default)
    Hibernate: insert into ft_participants (draft_order,fantasy_game_seq,player_id,preferred_team,team_name,seq) values (?,?,?,?,?,default)
    Hibernate: insert into ft_participants (draft_order,fantasy_game_seq,player_id,preferred_team,team_name,seq) values (?,?,?,?,?,default)
    Hibernate: insert into ft_participants (draft_order,fantasy_game_seq,player_id,preferred_team,team_name,seq) values (?,?,?,?,?,default)
    Hibernate: insert into ft_participants (draft_order,fantasy_game_seq,player_id,preferred_team,team_name,seq) values (?,?,?,?,?,default)
    Hibernate: insert into ft_participants (draft_order,fantasy_game_seq,player_id,preferred_team,team_name,seq) values (?,?,?,?,?,default)
    Hibernate: insert into ft_participants (draft_order,fantasy_game_seq,player_id,preferred_team,team_name,seq) values (?,?,?,?,?,default)
    Hibernate: insert into ft_participants (draft_order,fantasy_game_seq,player_id,preferred_team,team_name,seq) values (?,?,?,?,?,default)
    Hibernate: insert into ft_participants (draft_order,fantasy_game_seq,player_id,preferred_team,team_name,seq) values (?,?,?,?,?,default)
    Hibernate: insert into ft_participants (draft_order,fantasy_game_seq,player_id,preferred_team,team_name,seq) values (?,?,?,?,?,default)
    Hibernate: insert into ft_participants (draft_order,fantasy_game_seq,player_id,preferred_team,team_name,seq) values (?,?,?,?,?,default)
    Hibernate: insert into ft_participants (draft_order,fantasy_game_seq,player_id,preferred_team,team_name,seq) values (?,?,?,?,?,default)
    Hibernate: insert into ft_participants (draft_order,fantasy_game_seq,player_id,preferred_team,team_name,seq) values (?,?,?,?,?,default)
    Hibernate: insert into ft_participants (draft_order,fantasy_game_seq,player_id,preferred_team,team_name,seq) values (?,?,?,?,?,default)
    Hibernate: insert into ft_participants (draft_order,fantasy_game_seq,player_id,preferred_team,team_name,seq) values (?,?,?,?,?,default)
    Hibernate: insert into ft_participants (draft_order,fantasy_game_seq,player_id,preferred_team,team_name,seq) values (?,?,?,?,?,default)
    Hibernate: insert into ft_participants (draft_order,fantasy_game_seq,player_id,preferred_team,team_name,seq) values (?,?,?,?,?,default)
    Hibernate: insert into ft_participants (draft_order,fantasy_game_seq,player_id,preferred_team,team_name,seq) values (?,?,?,?,?,default)
    Hibernate: insert into ft_participants (draft_order,fantasy_game_seq,player_id,preferred_team,team_name,seq) values (?,?,?,?,?,default)
    Hibernate: insert into ft_participants (draft_order,fantasy_game_seq,player_id,preferred_team,team_name,seq) values (?,?,?,?,?,default)
    Hibernate: insert into ft_participants (draft_order,fantasy_game_seq,player_id,preferred_team,team_name,seq) values (?,?,?,?,?,default)
    Hibernate: insert into ft_participants (draft_order,fantasy_game_seq,player_id,preferred_team,team_name,seq) values (?,?,?,?,?,default)
    Hibernate: insert into ft_participants (draft_order,fantasy_game_seq,player_id,preferred_team,team_name,seq) values (?,?,?,?,?,default)
    Hibernate: insert into ft_participants (draft_order,fantasy_game_seq,player_id,preferred_team,team_name,seq) values (?,?,?,?,?,default)
    Hibernate: insert into ft_participants (draft_order,fantasy_game_seq,player_id,preferred_team,team_name,seq) values (?,?,?,?,?,default)
    Hibernate: insert into ft_participants (draft_order,fantasy_game_seq,player_id,preferred_team,team_name,seq) values (?,?,?,?,?,default)
    Hibernate: insert into ft_participants (draft_order,fantasy_game_seq,player_id,preferred_team,team_name,seq) values (?,?,?,?,?,default)
    Hibernate: insert into ft_participants (draft_order,fantasy_game_seq,player_id,preferred_team,team_name,seq) values (?,?,?,?,?,default)
    Hibernate: insert into ft_participants (draft_order,fantasy_game_seq,player_id,preferred_team,team_name,seq) values (?,?,?,?,?,default)
    Hibernate: insert into ft_participants (draft_order,fantasy_game_seq,player_id,preferred_team,team_name,seq) values (?,?,?,?,?,default)
    Hibernate: insert into ft_participants (draft_order,fantasy_game_seq,player_id,preferred_team,team_name,seq) values (?,?,?,?,?,default)
    Hibernate: insert into ft_participants (draft_order,fantasy_game_seq,player_id,preferred_team,team_name,seq) values (?,?,?,?,?,default)
    Hibernate: insert into ft_participants (draft_order,fantasy_game_seq,player_id,preferred_team,team_name,seq) values (?,?,?,?,?,default)
    Hibernate: insert into ft_participants (draft_order,fantasy_game_seq,player_id,preferred_team,team_name,seq) values (?,?,?,?,?,default)
    Hibernate: insert into ft_participants (draft_order,fantasy_game_seq,player_id,preferred_team,team_name,seq) values (?,?,?,?,?,default)
    Hibernate: insert into ft_participants (draft_order,fantasy_game_seq,player_id,preferred_team,team_name,seq) values (?,?,?,?,?,default)
    Hibernate: insert into ft_participants (draft_order,fantasy_game_seq,player_id,preferred_team,team_name,seq) values (?,?,?,?,?,default)
    Hibernate: insert into ft_participants (draft_order,fantasy_game_seq,player_id,preferred_team,team_name,seq) values (?,?,?,?,?,default)
    Hibernate: insert into ft_participants (draft_order,fantasy_game_seq,player_id,preferred_team,team_name,seq) values (?,?,?,?,?,default)
    Hibernate: insert into ft_participants (draft_order,fantasy_game_seq,player_id,preferred_team,team_name,seq) values (?,?,?,?,?,default)
    Hibernate: insert into ft_participants (draft_order,fantasy_game_seq,player_id,preferred_team,team_name,seq) values (?,?,?,?,?,default)
    Hibernate: insert into ft_participants (draft_order,fantasy_game_seq,player_id,preferred_team,team_name,seq) values (?,?,?,?,?,default)
    Hibernate: insert into ft_participants (draft_order,fantasy_game_seq,player_id,preferred_team,team_name,seq) values (?,?,?,?,?,default)
    Hibernate: insert into ft_participants (draft_order,fantasy_game_seq,player_id,preferred_team,team_name,seq) values (?,?,?,?,?,default)
    Hibernate: insert into ft_participants (draft_order,fantasy_game_seq,player_id,preferred_team,team_name,seq) values (?,?,?,?,?,default)
    Hibernate: insert into ft_participants (draft_order,fantasy_game_seq,player_id,preferred_team,team_name,seq) values (?,?,?,?,?,default)
    Hibernate: insert into ft_participants (draft_order,fantasy_game_seq,player_id,preferred_team,team_name,seq) values (?,?,?,?,?,default)
    Hibernate: insert into ft_participants (draft_order,fantasy_game_seq,player_id,preferred_team,team_name,seq) values (?,?,?,?,?,default)
    Hibernate: insert into ft_participants (draft_order,fantasy_game_seq,player_id,preferred_team,team_name,seq) values (?,?,?,?,?,default)
    Hibernate: insert into ft_participants (draft_order,fantasy_game_seq,player_id,preferred_team,team_name,seq) values (?,?,?,?,?,default)
    Hibernate: insert into ft_participants (draft_order,fantasy_game_seq,player_id,preferred_team,team_name,seq) values (?,?,?,?,?,default)
    Hibernate: insert into ft_participants (draft_order,fantasy_game_seq,player_id,preferred_team,team_name,seq) values (?,?,?,?,?,default)
    Hibernate: insert into ft_participants (draft_order,fantasy_game_seq,player_id,preferred_team,team_name,seq) values (?,?,?,?,?,default)
    Hibernate: insert into ft_participants (draft_order,fantasy_game_seq,player_id,preferred_team,team_name,seq) values (?,?,?,?,?,default)
    Hibernate: insert into ft_participants (draft_order,fantasy_game_seq,player_id,preferred_team,team_name,seq) values (?,?,?,?,?,default)
    Hibernate: insert into ft_participants (draft_order,fantasy_game_seq,player_id,preferred_team,team_name,seq) values (?,?,?,?,?,default)
    Hibernate: insert into ft_participants (draft_order,fantasy_game_seq,player_id,preferred_team,team_name,seq) values (?,?,?,?,?,default)
    Hibernate: insert into ft_participants (draft_order,fantasy_game_seq,player_id,preferred_team,team_name,seq) values (?,?,?,?,?,default)
    Hibernate: insert into ft_participants (draft_order,fantasy_game_seq,player_id,preferred_team,team_name,seq) values (?,?,?,?,?,default)
    Hibernate: insert into ft_participants (draft_order,fantasy_game_seq,player_id,preferred_team,team_name,seq) values (?,?,?,?,?,default)
    Hibernate: insert into ft_participants (draft_order,fantasy_game_seq,player_id,preferred_team,team_name,seq) values (?,?,?,?,?,default)
    Hibernate: insert into ft_participants (draft_order,fantasy_game_seq,player_id,preferred_team,team_name,seq) values (?,?,?,?,?,default)
    Hibernate: insert into ft_participants (draft_order,fantasy_game_seq,player_id,preferred_team,team_name,seq) values (?,?,?,?,?,default)
    Hibernate: insert into ft_participants (draft_order,fantasy_game_seq,player_id,preferred_team,team_name,seq) values (?,?,?,?,?,default)
    Hibernate: insert into ft_participants (draft_order,fantasy_game_seq,player_id,preferred_team,team_name,seq) values (?,?,?,?,?,default)
    Hibernate: insert into ft_participants (draft_order,fantasy_game_seq,player_id,preferred_team,team_name,seq) values (?,?,?,?,?,default)
    Hibernate: insert into ft_participants (draft_order,fantasy_game_seq,player_id,preferred_team,team_name,seq) values (?,?,?,?,?,default)
    Hibernate: insert into ft_participants (draft_order,fantasy_game_seq,player_id,preferred_team,team_name,seq) values (?,?,?,?,?,default)
    Hibernate: insert into ft_participants (draft_order,fantasy_game_seq,player_id,preferred_team,team_name,seq) values (?,?,?,?,?,default)
    Hibernate: insert into ft_participants (draft_order,fantasy_game_seq,player_id,preferred_team,team_name,seq) values (?,?,?,?,?,default)
    Hibernate: insert into ft_participants (draft_order,fantasy_game_seq,player_id,preferred_team,team_name,seq) values (?,?,?,?,?,default)
    Hibernate: insert into ft_participants (draft_order,fantasy_game_seq,player_id,preferred_team,team_name,seq) values (?,?,?,?,?,default)
    Hibernate: insert into ft_participants (draft_order,fantasy_game_seq,player_id,preferred_team,team_name,seq) values (?,?,?,?,?,default)
    Hibernate: insert into ft_participants (draft_order,fantasy_game_seq,player_id,preferred_team,team_name,seq) values (?,?,?,?,?,default)
    Hibernate: insert into ft_participants (draft_order,fantasy_game_seq,player_id,preferred_team,team_name,seq) values (?,?,?,?,?,default)
    Hibernate: insert into ft_participants (draft_order,fantasy_game_seq,player_id,preferred_team,team_name,seq) values (?,?,?,?,?,default)
    Hibernate: insert into ft_participants (draft_order,fantasy_game_seq,player_id,preferred_team,team_name,seq) values (?,?,?,?,?,default)
    Hibernate: insert into ft_participants (draft_order,fantasy_game_seq,player_id,preferred_team,team_name,seq) values (?,?,?,?,?,default)
    Hibernate: insert into ft_participants (draft_order,fantasy_game_seq,player_id,preferred_team,team_name,seq) values (?,?,?,?,?,default)
    Hibernate: insert into ft_participants (draft_order,fantasy_game_seq,player_id,preferred_team,team_name,seq) values (?,?,?,?,?,default)
    Hibernate: insert into ft_participants (draft_order,fantasy_game_seq,player_id,preferred_team,team_name,seq) values (?,?,?,?,?,default)
    Hibernate: insert into ft_participants (draft_order,fantasy_game_seq,player_id,preferred_team,team_name,seq) values (?,?,?,?,?,default)
    Hibernate: insert into ft_participants (draft_order,fantasy_game_seq,player_id,preferred_team,team_name,seq) values (?,?,?,?,?,default)
    Hibernate: insert into ft_participants (draft_order,fantasy_game_seq,player_id,preferred_team,team_name,seq) values (?,?,?,?,?,default)
    Hibernate: insert into ft_participants (draft_order,fantasy_game_seq,player_id,preferred_team,team_name,seq) values (?,?,?,?,?,default)
    Hibernate: insert into ft_participants (draft_order,fantasy_game_seq,player_id,preferred_team,team_name,seq) values (?,?,?,?,?,default)
    Hibernate: insert into ft_participants (draft_order,fantasy_game_seq,player_id,preferred_team,team_name,seq) values (?,?,?,?,?,default)
    Hibernate: insert into ft_participants (draft_order,fantasy_game_seq,player_id,preferred_team,team_name,seq) values (?,?,?,?,?,default)
    Hibernate: insert into ft_participants (draft_order,fantasy_game_seq,player_id,preferred_team,team_name,seq) values (?,?,?,?,?,default)
    Hibernate: insert into ft_participants (draft_order,fantasy_game_seq,player_id,preferred_team,team_name,seq) values (?,?,?,?,?,default)
    Hibernate: insert into ft_participants (draft_order,fantasy_game_seq,player_id,preferred_team,team_name,seq) values (?,?,?,?,?,default)
    Hibernate: insert into ft_participants (draft_order,fantasy_game_seq,player_id,preferred_team,team_name,seq) values (?,?,?,?,?,default)
    Hibernate: insert into ft_participants (draft_order,fantasy_game_seq,player_id,preferred_team,team_name,seq) values (?,?,?,?,?,default)
    Hibernate: insert into ft_participants (draft_order,fantasy_game_seq,player_id,preferred_team,team_name,seq) values (?,?,?,?,?,default)
    Hibernate: insert into ft_participants (draft_order,fantasy_game_seq,player_id,preferred_team,team_name,seq) values (?,?,?,?,?,default)
    Hibernate: insert into ft_participants (draft_order,fantasy_game_seq,player_id,preferred_team,team_name,seq) values (?,?,?,?,?,default)
    Hibernate: insert into ft_participants (draft_order,fantasy_game_seq,player_id,preferred_team,team_name,seq) values (?,?,?,?,?,default)
    Hibernate: insert into ft_participants (draft_order,fantasy_game_seq,player_id,preferred_team,team_name,seq) values (?,?,?,?,?,default)
    Hibernate: insert into ft_participants (draft_order,fantasy_game_seq,player_id,preferred_team,team_name,seq) values (?,?,?,?,?,default)
    Hibernate: insert into ft_participants (draft_order,fantasy_game_seq,player_id,preferred_team,team_name,seq) values (?,?,?,?,?,default)
    Hibernate: insert into ft_participants (draft_order,fantasy_game_seq,player_id,preferred_team,team_name,seq) values (?,?,?,?,?,default)
    Hibernate: insert into ft_participants (draft_order,fantasy_game_seq,player_id,preferred_team,team_name,seq) values (?,?,?,?,?,default)
    Hibernate: insert into ft_participants (draft_order,fantasy_game_seq,player_id,preferred_team,team_name,seq) values (?,?,?,?,?,default)
    Hibernate: insert into ft_participants (draft_order,fantasy_game_seq,player_id,preferred_team,team_name,seq) values (?,?,?,?,?,default)
    Hibernate: insert into ft_participants (draft_order,fantasy_game_seq,player_id,preferred_team,team_name,seq) values (?,?,?,?,?,default)
    Hibernate: insert into ft_participants (draft_order,fantasy_game_seq,player_id,preferred_team,team_name,seq) values (?,?,?,?,?,default)
    Hibernate: insert into ft_participants (draft_order,fantasy_game_seq,player_id,preferred_team,team_name,seq) values (?,?,?,?,?,default)
    Hibernate: insert into ft_participants (draft_order,fantasy_game_seq,player_id,preferred_team,team_name,seq) values (?,?,?,?,?,default)
    Hibernate: insert into ft_participants (draft_order,fantasy_game_seq,player_id,preferred_team,team_name,seq) values (?,?,?,?,?,default)
    Hibernate: insert into ft_participants (draft_order,fantasy_game_seq,player_id,preferred_team,team_name,seq) values (?,?,?,?,?,default)
    Hibernate: insert into ft_participants (draft_order,fantasy_game_seq,player_id,preferred_team,team_name,seq) values (?,?,?,?,?,default)
    Hibernate: insert into ft_participants (draft_order,fantasy_game_seq,player_id,preferred_team,team_name,seq) values (?,?,?,?,?,default)
    Hibernate: insert into ft_participants (draft_order,fantasy_game_seq,player_id,preferred_team,team_name,seq) values (?,?,?,?,?,default)
    Hibernate: insert into ft_participants (draft_order,fantasy_game_seq,player_id,preferred_team,team_name,seq) values (?,?,?,?,?,default)
    Hibernate: insert into ft_participants (draft_order,fantasy_game_seq,player_id,preferred_team,team_name,seq) values (?,?,?,?,?,default)
    Hibernate: insert into ft_participants (draft_order,fantasy_game_seq,player_id,preferred_team,team_name,seq) values (?,?,?,?,?,default)
    Hibernate: insert into ft_participants (draft_order,fantasy_game_seq,player_id,preferred_team,team_name,seq) values (?,?,?,?,?,default)
    Hibernate: insert into ft_participants (draft_order,fantasy_game_seq,player_id,preferred_team,team_name,seq) values (?,?,?,?,?,default)
    Hibernate: insert into ft_participants (draft_order,fantasy_game_seq,player_id,preferred_team,team_name,seq) values (?,?,?,?,?,default)
    Hibernate: insert into ft_participants (draft_order,fantasy_game_seq,player_id,preferred_team,team_name,seq) values (?,?,?,?,?,default)
    Hibernate: insert into ft_participants (draft_order,fantasy_game_seq,player_id,preferred_team,team_name,seq) values (?,?,?,?,?,default)
    Hibernate: insert into ft_participants (draft_order,fantasy_game_seq,player_id,preferred_team,team_name,seq) values (?,?,?,?,?,default)
    Hibernate: insert into ft_participants (draft_order,fantasy_game_seq,player_id,preferred_team,team_name,seq) values (?,?,?,?,?,default)
    Hibernate: insert into ft_participants (draft_order,fantasy_game_seq,player_id,preferred_team,team_name,seq) values (?,?,?,?,?,default)
    Hibernate: insert into ft_participants (draft_order,fantasy_game_seq,player_id,preferred_team,team_name,seq) values (?,?,?,?,?,default)
    Hibernate: insert into ft_participants (draft_order,fantasy_game_seq,player_id,preferred_team,team_name,seq) values (?,?,?,?,?,default)
    Hibernate: insert into ft_participants (draft_order,fantasy_game_seq,player_id,preferred_team,team_name,seq) values (?,?,?,?,?,default)
    Hibernate: insert into ft_participants (draft_order,fantasy_game_seq,player_id,preferred_team,team_name,seq) values (?,?,?,?,?,default)
    Hibernate: insert into ft_participants (draft_order,fantasy_game_seq,player_id,preferred_team,team_name,seq) values (?,?,?,?,?,default)
    Hibernate: insert into ft_participants (draft_order,fantasy_game_seq,player_id,preferred_team,team_name,seq) values (?,?,?,?,?,default)
    Hibernate: insert into ft_participants (draft_order,fantasy_game_seq,player_id,preferred_team,team_name,seq) values (?,?,?,?,?,default)
    Hibernate: insert into ft_participants (draft_order,fantasy_game_seq,player_id,preferred_team,team_name,seq) values (?,?,?,?,?,default)
    Hibernate: insert into ft_participants (draft_order,fantasy_game_seq,player_id,preferred_team,team_name,seq) values (?,?,?,?,?,default)
    Hibernate: insert into ft_participants (draft_order,fantasy_game_seq,player_id,preferred_team,team_name,seq) values (?,?,?,?,?,default)
    Hibernate: insert into ft_participants (draft_order,fantasy_game_seq,player_id,preferred_team,team_name,seq) values (?,?,?,?,?,default)
    Hibernate: insert into ft_participants (draft_order,fantasy_game_seq,player_id,preferred_team,team_name,seq) values (?,?,?,?,?,default)
    Hibernate: insert into ft_participants (draft_order,fantasy_game_seq,player_id,preferred_team,team_name,seq) values (?,?,?,?,?,default)
    Hibernate: insert into ft_participants (draft_order,fantasy_game_seq,player_id,preferred_team,team_name,seq) values (?,?,?,?,?,default)
    Hibernate: insert into ft_participants (draft_order,fantasy_game_seq,player_id,preferred_team,team_name,seq) values (?,?,?,?,?,default)
    Hibernate: insert into ft_participants (draft_order,fantasy_game_seq,player_id,preferred_team,team_name,seq) values (?,?,?,?,?,default)
    Hibernate: insert into ft_participants (draft_order,fantasy_game_seq,player_id,preferred_team,team_name,seq) values (?,?,?,?,?,default)
    Hibernate: insert into ft_participants (draft_order,fantasy_game_seq,player_id,preferred_team,team_name,seq) values (?,?,?,?,?,default)
    Hibernate: insert into ft_participants (draft_order,fantasy_game_seq,player_id,preferred_team,team_name,seq) values (?,?,?,?,?,default)
    Hibernate: insert into ft_participants (draft_order,fantasy_game_seq,player_id,preferred_team,team_name,seq) values (?,?,?,?,?,default)
    Hibernate: insert into ft_participants (draft_order,fantasy_game_seq,player_id,preferred_team,team_name,seq) values (?,?,?,?,?,default)
    Hibernate: insert into ft_participants (draft_order,fantasy_game_seq,player_id,preferred_team,team_name,seq) values (?,?,?,?,?,default)
    Hibernate: insert into ft_participants (draft_order,fantasy_game_seq,player_id,preferred_team,team_name,seq) values (?,?,?,?,?,default)
    Hibernate: insert into ft_participants (draft_order,fantasy_game_seq,player_id,preferred_team,team_name,seq) values (?,?,?,?,?,default)
    Hibernate: insert into ft_participants (draft_order,fantasy_game_seq,player_id,preferred_team,team_name,seq) values (?,?,?,?,?,default)
    Hibernate: insert into ft_participants (draft_order,fantasy_game_seq,player_id,preferred_team,team_name,seq) values (?,?,?,?,?,default)
    Hibernate: insert into ft_participants (draft_order,fantasy_game_seq,player_id,preferred_team,team_name,seq) values (?,?,?,?,?,default)
    Hibernate: insert into ft_participants (draft_order,fantasy_game_seq,player_id,preferred_team,team_name,seq) values (?,?,?,?,?,default)
    Hibernate: insert into ft_participants (draft_order,fantasy_game_seq,player_id,preferred_team,team_name,seq) values (?,?,?,?,?,default)
    Hibernate: insert into ft_participants (draft_order,fantasy_game_seq,player_id,preferred_team,team_name,seq) values (?,?,?,?,?,default)
    Hibernate: insert into ft_participants (draft_order,fantasy_game_seq,player_id,preferred_team,team_name,seq) values (?,?,?,?,?,default)
    Hibernate: insert into ft_participants (draft_order,fantasy_game_seq,player_id,preferred_team,team_name,seq) values (?,?,?,?,?,default)
    Hibernate: insert into ft_participants (draft_order,fantasy_game_seq,player_id,preferred_team,team_name,seq) values (?,?,?,?,?,default)
    Hibernate: insert into ft_participants (draft_order,fantasy_game_seq,player_id,preferred_team,team_name,seq) values (?,?,?,?,?,default)
    Hibernate: insert into ft_participants (draft_order,fantasy_game_seq,player_id,preferred_team,team_name,seq) values (?,?,?,?,?,default)
    Hibernate: insert into ft_participants (draft_order,fantasy_game_seq,player_id,preferred_team,team_name,seq) values (?,?,?,?,?,default)
    Hibernate: insert into ft_participants (draft_order,fantasy_game_seq,player_id,preferred_team,team_name,seq) values (?,?,?,?,?,default)
    Hibernate: insert into ft_participants (draft_order,fantasy_game_seq,player_id,preferred_team,team_name,seq) values (?,?,?,?,?,default)
    Hibernate: insert into ft_participants (draft_order,fantasy_game_seq,player_id,preferred_team,team_name,seq) values (?,?,?,?,?,default)
    Hibernate: insert into ft_participants (draft_order,fantasy_game_seq,player_id,preferred_team,team_name,seq) values (?,?,?,?,?,default)
    Hibernate: insert into ft_participants (draft_order,fantasy_game_seq,player_id,preferred_team,team_name,seq) values (?,?,?,?,?,default)
    Hibernate: insert into ft_participants (draft_order,fantasy_game_seq,player_id,preferred_team,team_name,seq) values (?,?,?,?,?,default)
    Hibernate: insert into ft_participants (draft_order,fantasy_game_seq,player_id,preferred_team,team_name,seq) values (?,?,?,?,?,default)
    Hibernate: insert into ft_participants (draft_order,fantasy_game_seq,player_id,preferred_team,team_name,seq) values (?,?,?,?,?,default)
    Hibernate: insert into ft_participants (draft_order,fantasy_game_seq,player_id,preferred_team,team_name,seq) values (?,?,?,?,?,default)
    Hibernate: insert into ft_participants (draft_order,fantasy_game_seq,player_id,preferred_team,team_name,seq) values (?,?,?,?,?,default)
    Hibernate: insert into ft_participants (draft_order,fantasy_game_seq,player_id,preferred_team,team_name,seq) values (?,?,?,?,?,default)
    Hibernate: insert into ft_participants (draft_order,fantasy_game_seq,player_id,preferred_team,team_name,seq) values (?,?,?,?,?,default)
    Hibernate: insert into ft_participants (draft_order,fantasy_game_seq,player_id,preferred_team,team_name,seq) values (?,?,?,?,?,default)
    Hibernate: insert into ft_participants (draft_order,fantasy_game_seq,player_id,preferred_team,team_name,seq) values (?,?,?,?,?,default)
    Hibernate: insert into ft_participants (draft_order,fantasy_game_seq,player_id,preferred_team,team_name,seq) values (?,?,?,?,?,default)
    Hibernate: insert into ft_participants (draft_order,fantasy_game_seq,player_id,preferred_team,team_name,seq) values (?,?,?,?,?,default)
    Hibernate: insert into ft_participants (draft_order,fantasy_game_seq,player_id,preferred_team,team_name,seq) values (?,?,?,?,?,default)
    Hibernate: insert into ft_participants (draft_order,fantasy_game_seq,player_id,preferred_team,team_name,seq) values (?,?,?,?,?,default)
    Hibernate: insert into ft_participants (draft_order,fantasy_game_seq,player_id,preferred_team,team_name,seq) values (?,?,?,?,?,default)
    Hibernate: insert into ft_participants (draft_order,fantasy_game_seq,player_id,preferred_team,team_name,seq) values (?,?,?,?,?,default)
    Hibernate: insert into ft_participants (draft_order,fantasy_game_seq,player_id,preferred_team,team_name,seq) values (?,?,?,?,?,default)
    Hibernate: insert into ft_participants (draft_order,fantasy_game_seq,player_id,preferred_team,team_name,seq) values (?,?,?,?,?,default)
    Hibernate: insert into ft_participants (draft_order,fantasy_game_seq,player_id,preferred_team,team_name,seq) values (?,?,?,?,?,default)
    Hibernate: insert into ft_participants (draft_order,fantasy_game_seq,player_id,preferred_team,team_name,seq) values (?,?,?,?,?,default)
    Hibernate: insert into ft_participants (draft_order,fantasy_game_seq,player_id,preferred_team,team_name,seq) values (?,?,?,?,?,default)
    Hibernate: insert into ft_participants (draft_order,fantasy_game_seq,player_id,preferred_team,team_name,seq) values (?,?,?,?,?,default)
    Hibernate: insert into ft_participants (draft_order,fantasy_game_seq,player_id,preferred_team,team_name,seq) values (?,?,?,?,?,default)
    Hibernate: insert into ft_participants (draft_order,fantasy_game_seq,player_id,preferred_team,team_name,seq) values (?,?,?,?,?,default)
    Hibernate: insert into ft_participants (draft_order,fantasy_game_seq,player_id,preferred_team,team_name,seq) values (?,?,?,?,?,default)
    Hibernate: insert into ft_participants (draft_order,fantasy_game_seq,player_id,preferred_team,team_name,seq) values (?,?,?,?,?,default)
    Hibernate: insert into ft_participants (draft_order,fantasy_game_seq,player_id,preferred_team,team_name,seq) values (?,?,?,?,?,default)
    Hibernate: insert into ft_participants (draft_order,fantasy_game_seq,player_id,preferred_team,team_name,seq) values (?,?,?,?,?,default)
    Hibernate: insert into ft_participants (draft_order,fantasy_game_seq,player_id,preferred_team,team_name,seq) values (?,?,?,?,?,default)
    Hibernate: insert into ft_participants (draft_order,fantasy_game_seq,player_id,preferred_team,team_name,seq) values (?,?,?,?,?,default)
    Hibernate: insert into ft_participants (draft_order,fantasy_game_seq,player_id,preferred_team,team_name,seq) values (?,?,?,?,?,default)
    Hibernate: insert into ft_participants (draft_order,fantasy_game_seq,player_id,preferred_team,team_name,seq) values (?,?,?,?,?,default)
    Hibernate: insert into ft_participants (draft_order,fantasy_game_seq,player_id,preferred_team,team_name,seq) values (?,?,?,?,?,default)
    Hibernate: insert into ft_participants (draft_order,fantasy_game_seq,player_id,preferred_team,team_name,seq) values (?,?,?,?,?,default)
    Hibernate: insert into ft_participants (draft_order,fantasy_game_seq,player_id,preferred_team,team_name,seq) values (?,?,?,?,?,default)
    Hibernate: insert into ft_participants (draft_order,fantasy_game_seq,player_id,preferred_team,team_name,seq) values (?,?,?,?,?,default)
    Hibernate: insert into ft_participants (draft_order,fantasy_game_seq,player_id,preferred_team,team_name,seq) values (?,?,?,?,?,default)
    Hibernate: insert into ft_participants (draft_order,fantasy_game_seq,player_id,preferred_team,team_name,seq) values (?,?,?,?,?,default)
    Hibernate: insert into ft_participants (draft_order,fantasy_game_seq,player_id,preferred_team,team_name,seq) values (?,?,?,?,?,default)
    Hibernate: insert into ft_participants (draft_order,fantasy_game_seq,player_id,preferred_team,team_name,seq) values (?,?,?,?,?,default)
    Hibernate: insert into ft_participants (draft_order,fantasy_game_seq,player_id,preferred_team,team_name,seq) values (?,?,?,?,?,default)
    Hibernate: insert into ft_participants (draft_order,fantasy_game_seq,player_id,preferred_team,team_name,seq) values (?,?,?,?,?,default)
    Hibernate: insert into ft_participants (draft_order,fantasy_game_seq,player_id,preferred_team,team_name,seq) values (?,?,?,?,?,default)
    Hibernate: insert into ft_participants (draft_order,fantasy_game_seq,player_id,preferred_team,team_name,seq) values (?,?,?,?,?,default)
    Hibernate: insert into ft_participants (draft_order,fantasy_game_seq,player_id,preferred_team,team_name,seq) values (?,?,?,?,?,default)
    Hibernate: insert into ft_participants (draft_order,fantasy_game_seq,player_id,preferred_team,team_name,seq) values (?,?,?,?,?,default)
    Hibernate: insert into ft_participants (draft_order,fantasy_game_seq,player_id,preferred_team,team_name,seq) values (?,?,?,?,?,default)
    Hibernate: insert into ft_participants (draft_order,fantasy_game_seq,player_id,preferred_team,team_name,seq) values (?,?,?,?,?,default)
    Hibernate: insert into ft_participants (draft_order,fantasy_game_seq,player_id,preferred_team,team_name,seq) values (?,?,?,?,?,default)
    Hibernate: insert into ft_participants (draft_order,fantasy_game_seq,player_id,preferred_team,team_name,seq) values (?,?,?,?,?,default)
    Hibernate: insert into ft_participants (draft_order,fantasy_game_seq,player_id,preferred_team,team_name,seq) values (?,?,?,?,?,default)
    Hibernate: insert into ft_participants (draft_order,fantasy_game_seq,player_id,preferred_team,team_name,seq) values (?,?,?,?,?,default)
    Hibernate: insert into ft_participants (draft_order,fantasy_game_seq,player_id,preferred_team,team_name,seq) values (?,?,?,?,?,default)
    Hibernate: insert into ft_participants (draft_order,fantasy_game_seq,player_id,preferred_team,team_name,seq) values (?,?,?,?,?,default)
    Hibernate: insert into ft_participants (draft_order,fantasy_game_seq,player_id,preferred_team,team_name,seq) values (?,?,?,?,?,default)
    Hibernate: insert into ft_participants (draft_order,fantasy_game_seq,player_id,preferred_team,team_name,seq) values (?,?,?,?,?,default)
    Hibernate: insert into ft_participants (draft_order,fantasy_game_seq,player_id,preferred_team,team_name,seq) values (?,?,?,?,?,default)
    Hibernate: insert into ft_participants (draft_order,fantasy_game_seq,player_id,preferred_team,team_name,seq) values (?,?,?,?,?,default)
    Hibernate: insert into ft_participants (draft_order,fantasy_game_seq,player_id,preferred_team,team_name,seq) values (?,?,?,?,?,default)
    Hibernate: insert into ft_participants (draft_order,fantasy_game_seq,player_id,preferred_team,team_name,seq) values (?,?,?,?,?,default)
    Hibernate: insert into ft_participants (draft_order,fantasy_game_seq,player_id,preferred_team,team_name,seq) values (?,?,?,?,?,default)
    Hibernate: insert into ft_participants (draft_order,fantasy_game_seq,player_id,preferred_team,team_name,seq) values (?,?,?,?,?,default)
    Hibernate: insert into ft_participants (draft_order,fantasy_game_seq,player_id,preferred_team,team_name,seq) values (?,?,?,?,?,default)
    Hibernate: insert into ft_participants (draft_order,fantasy_game_seq,player_id,preferred_team,team_name,seq) values (?,?,?,?,?,default)
    Hibernate: insert into ft_participants (draft_order,fantasy_game_seq,player_id,preferred_team,team_name,seq) values (?,?,?,?,?,default)
    Hibernate: insert into ft_participants (draft_order,fantasy_game_seq,player_id,preferred_team,team_name,seq) values (?,?,?,?,?,default)
    Hibernate: insert into ft_participants (draft_order,fantasy_game_seq,player_id,preferred_team,team_name,seq) values (?,?,?,?,?,default)
    Hibernate: insert into ft_participants (draft_order,fantasy_game_seq,player_id,preferred_team,team_name,seq) values (?,?,?,?,?,default)
    Hibernate: insert into ft_participants (draft_order,fantasy_game_seq,player_id,preferred_team,team_name,seq) values (?,?,?,?,?,default)
    Hibernate: insert into ft_participants (draft_order,fantasy_game_seq,player_id,preferred_team,team_name,seq) values (?,?,?,?,?,default)
    Hibernate: insert into ft_participants (draft_order,fantasy_game_seq,player_id,preferred_team,team_name,seq) values (?,?,?,?,?,default)
    Hibernate: insert into ft_participants (draft_order,fantasy_game_seq,player_id,preferred_team,team_name,seq) values (?,?,?,?,?,default)
    Hibernate: insert into ft_participants (draft_order,fantasy_game_seq,player_id,preferred_team,team_name,seq) values (?,?,?,?,?,default)
    Hibernate: insert into ft_participants (draft_order,fantasy_game_seq,player_id,preferred_team,team_name,seq) values (?,?,?,?,?,default)
    Hibernate: insert into ft_participants (draft_order,fantasy_game_seq,player_id,preferred_team,team_name,seq) values (?,?,?,?,?,default)
    Hibernate: insert into ft_participants (draft_order,fantasy_game_seq,player_id,preferred_team,team_name,seq) values (?,?,?,?,?,default)
    Hibernate: insert into ft_participants (draft_order,fantasy_game_seq,player_id,preferred_team,team_name,seq) values (?,?,?,?,?,default)
    Hibernate: insert into ft_participants (draft_order,fantasy_game_seq,player_id,preferred_team,team_name,seq) values (?,?,?,?,?,default)
    Hibernate: insert into ft_participants (draft_order,fantasy_game_seq,player_id,preferred_team,team_name,seq) values (?,?,?,?,?,default)
    Hibernate: insert into ft_participants (draft_order,fantasy_game_seq,player_id,preferred_team,team_name,seq) values (?,?,?,?,?,default)
    Hibernate: insert into ft_participants (draft_order,fantasy_game_seq,player_id,preferred_team,team_name,seq) values (?,?,?,?,?,default)
    Hibernate: insert into ft_participants (draft_order,fantasy_game_seq,player_id,preferred_team,team_name,seq) values (?,?,?,?,?,default)
    Hibernate: insert into ft_participants (draft_order,fantasy_game_seq,player_id,preferred_team,team_name,seq) values (?,?,?,?,?,default)
    Hibernate: insert into ft_participants (draft_order,fantasy_game_seq,player_id,preferred_team,team_name,seq) values (?,?,?,?,?,default)
    Hibernate: insert into ft_participants (draft_order,fantasy_game_seq,player_id,preferred_team,team_name,seq) values (?,?,?,?,?,default)
    Hibernate: insert into ft_participants (draft_order,fantasy_game_seq,player_id,preferred_team,team_name,seq) values (?,?,?,?,?,default)
    Hibernate: insert into ft_participants (draft_order,fantasy_game_seq,player_id,preferred_team,team_name,seq) values (?,?,?,?,?,default)
    Hibernate: insert into ft_participants (draft_order,fantasy_game_seq,player_id,preferred_team,team_name,seq) values (?,?,?,?,?,default)
    Hibernate: insert into ft_participants (draft_order,fantasy_game_seq,player_id,preferred_team,team_name,seq) values (?,?,?,?,?,default)
    Hibernate: insert into ft_participants (draft_order,fantasy_game_seq,player_id,preferred_team,team_name,seq) values (?,?,?,?,?,default)
    Hibernate: insert into ft_participants (draft_order,fantasy_game_seq,player_id,preferred_team,team_name,seq) values (?,?,?,?,?,default)
    Hibernate: insert into ft_participants (draft_order,fantasy_game_seq,player_id,preferred_team,team_name,seq) values (?,?,?,?,?,default)
    Hibernate: insert into ft_participants (draft_order,fantasy_game_seq,player_id,preferred_team,team_name,seq) values (?,?,?,?,?,default)
    Hibernate: insert into ft_participants (draft_order,fantasy_game_seq,player_id,preferred_team,team_name,seq) values (?,?,?,?,?,default)
    Hibernate: insert into ft_participants (draft_order,fantasy_game_seq,player_id,preferred_team,team_name,seq) values (?,?,?,?,?,default)
    Hibernate: insert into ft_participants (draft_order,fantasy_game_seq,player_id,preferred_team,team_name,seq) values (?,?,?,?,?,default)
    Hibernate: insert into ft_participants (draft_order,fantasy_game_seq,player_id,preferred_team,team_name,seq) values (?,?,?,?,?,default)
    Hibernate: insert into ft_participants (draft_order,fantasy_game_seq,player_id,preferred_team,team_name,seq) values (?,?,?,?,?,default)
    Hibernate: insert into ft_participants (draft_order,fantasy_game_seq,player_id,preferred_team,team_name,seq) values (?,?,?,?,?,default)
    Hibernate: insert into ft_participants (draft_order,fantasy_game_seq,player_id,preferred_team,team_name,seq) values (?,?,?,?,?,default)
    Hibernate: insert into ft_participants (draft_order,fantasy_game_seq,player_id,preferred_team,team_name,seq) values (?,?,?,?,?,default)
    Hibernate: insert into ft_participants (draft_order,fantasy_game_seq,player_id,preferred_team,team_name,seq) values (?,?,?,?,?,default)
    Hibernate: insert into ft_participants (draft_order,fantasy_game_seq,player_id,preferred_team,team_name,seq) values (?,?,?,?,?,default)
    Hibernate: insert into ft_participants (draft_order,fantasy_game_seq,player_id,preferred_team,team_name,seq) values (?,?,?,?,?,default)
    Hibernate: insert into ft_participants (draft_order,fantasy_game_seq,player_id,preferred_team,team_name,seq) values (?,?,?,?,?,default)
    Hibernate: insert into ft_participants (draft_order,fantasy_game_seq,player_id,preferred_team,team_name,seq) values (?,?,?,?,?,default)
    Hibernate: insert into ft_participants (draft_order,fantasy_game_seq,player_id,preferred_team,team_name,seq) values (?,?,?,?,?,default)
    Hibernate: insert into ft_participants (draft_order,fantasy_game_seq,player_id,preferred_team,team_name,seq) values (?,?,?,?,?,default)
    Hibernate: insert into ft_participants (draft_order,fantasy_game_seq,player_id,preferred_team,team_name,seq) values (?,?,?,?,?,default)
    Hibernate: insert into ft_participants (draft_order,fantasy_game_seq,player_id,preferred_team,team_name,seq) values (?,?,?,?,?,default)
    Hibernate: insert into ft_participants (draft_order,fantasy_game_seq,player_id,preferred_team,team_name,seq) values (?,?,?,?,?,default)
    Hibernate: insert into ft_participants (draft_order,fantasy_game_seq,player_id,preferred_team,team_name,seq) values (?,?,?,?,?,default)
    Hibernate: insert into ft_participants (draft_order,fantasy_game_seq,player_id,preferred_team,team_name,seq) values (?,?,?,?,?,default)
    Hibernate: insert into ft_participants (draft_order,fantasy_game_seq,player_id,preferred_team,team_name,seq) values (?,?,?,?,?,default)
    Hibernate: insert into ft_participants (draft_order,fantasy_game_seq,player_id,preferred_team,team_name,seq) values (?,?,?,?,?,default)
    Hibernate: insert into ft_participants (draft_order,fantasy_game_seq,player_id,preferred_team,team_name,seq) values (?,?,?,?,?,default)
    Hibernate: insert into ft_participants (draft_order,fantasy_game_seq,player_id,preferred_team,team_name,seq) values (?,?,?,?,?,default)
    Hibernate: insert into ft_participants (draft_order,fantasy_game_seq,player_id,preferred_team,team_name,seq) values (?,?,?,?,?,default)
    Hibernate: insert into ft_participants (draft_order,fantasy_game_seq,player_id,preferred_team,team_name,seq) values (?,?,?,?,?,default)
    Hibernate: insert into ft_participants (draft_order,fantasy_game_seq,player_id,preferred_team,team_name,seq) values (?,?,?,?,?,default)
    Hibernate: insert into ft_participants (draft_order,fantasy_game_seq,player_id,preferred_team,team_name,seq) values (?,?,?,?,?,default)
    Hibernate: insert into ft_participants (draft_order,fantasy_game_seq,player_id,preferred_team,team_name,seq) values (?,?,?,?,?,default)
    Hibernate: insert into ft_participants (draft_order,fantasy_game_seq,player_id,preferred_team,team_name,seq) values (?,?,?,?,?,default)
    Hibernate: insert into ft_participants (draft_order,fantasy_game_seq,player_id,preferred_team,team_name,seq) values (?,?,?,?,?,default)
    Hibernate: insert into ft_participants (draft_order,fantasy_game_seq,player_id,preferred_team,team_name,seq) values (?,?,?,?,?,default)
    Hibernate: insert into ft_participants (draft_order,fantasy_game_seq,player_id,preferred_team,team_name,seq) values (?,?,?,?,?,default)
    Hibernate: insert into ft_participants (draft_order,fantasy_game_seq,player_id,preferred_team,team_name,seq) values (?,?,?,?,?,default)
    Hibernate: insert into ft_participants (draft_order,fantasy_game_seq,player_id,preferred_team,team_name,seq) values (?,?,?,?,?,default)
    Hibernate: insert into ft_participants (draft_order,fantasy_game_seq,player_id,preferred_team,team_name,seq) values (?,?,?,?,?,default)
    Hibernate: insert into ft_participants (draft_order,fantasy_game_seq,player_id,preferred_team,team_name,seq) values (?,?,?,?,?,default)
    Hibernate: insert into ft_participants (draft_order,fantasy_game_seq,player_id,preferred_team,team_name,seq) values (?,?,?,?,?,default)
    Hibernate: insert into ft_participants (draft_order,fantasy_game_seq,player_id,preferred_team,team_name,seq) values (?,?,?,?,?,default)
    Hibernate: insert into ft_participants (draft_order,fantasy_game_seq,player_id,preferred_team,team_name,seq) values (?,?,?,?,?,default)
    Hibernate: insert into ft_participants (draft_order,fantasy_game_seq,player_id,preferred_team,team_name,seq) values (?,?,?,?,?,default)
    Hibernate: insert into ft_participants (draft_order,fantasy_game_seq,player_id,preferred_team,team_name,seq) values (?,?,?,?,?,default)
    Hibernate: insert into ft_participants (draft_order,fantasy_game_seq,player_id,preferred_team,team_name,seq) values (?,?,?,?,?,default)
    Hibernate: insert into ft_participants (draft_order,fantasy_game_seq,player_id,preferred_team,team_name,seq) values (?,?,?,?,?,default)
    Hibernate: insert into ft_participants (draft_order,fantasy_game_seq,player_id,preferred_team,team_name,seq) values (?,?,?,?,?,default)
    Hibernate: insert into ft_participants (draft_order,fantasy_game_seq,player_id,preferred_team,team_name,seq) values (?,?,?,?,?,default)
    Hibernate: insert into ft_participants (draft_order,fantasy_game_seq,player_id,preferred_team,team_name,seq) values (?,?,?,?,?,default)
    Hibernate: insert into ft_participants (draft_order,fantasy_game_seq,player_id,preferred_team,team_name,seq) values (?,?,?,?,?,default)
    Hibernate: insert into ft_participants (draft_order,fantasy_game_seq,player_id,preferred_team,team_name,seq) values (?,?,?,?,?,default)
    Hibernate: insert into ft_participants (draft_order,fantasy_game_seq,player_id,preferred_team,team_name,seq) values (?,?,?,?,?,default)
    Hibernate: insert into ft_participants (draft_order,fantasy_game_seq,player_id,preferred_team,team_name,seq) values (?,?,?,?,?,default)
    Hibernate: insert into ft_participants (draft_order,fantasy_game_seq,player_id,preferred_team,team_name,seq) values (?,?,?,?,?,default)
    Hibernate: insert into ft_participants (draft_order,fantasy_game_seq,player_id,preferred_team,team_name,seq) values (?,?,?,?,?,default)
    Hibernate: insert into ft_participants (draft_order,fantasy_game_seq,player_id,preferred_team,team_name,seq) values (?,?,?,?,?,default)
    Hibernate: insert into ft_participants (draft_order,fantasy_game_seq,player_id,preferred_team,team_name,seq) values (?,?,?,?,?,default)
    Hibernate: insert into ft_participants (draft_order,fantasy_game_seq,player_id,preferred_team,team_name,seq) values (?,?,?,?,?,default)
    Hibernate: insert into ft_participants (draft_order,fantasy_game_seq,player_id,preferred_team,team_name,seq) values (?,?,?,?,?,default)
    Hibernate: insert into ft_participants (draft_order,fantasy_game_seq,player_id,preferred_team,team_name,seq) values (?,?,?,?,?,default)
    Hibernate: insert into ft_participants (draft_order,fantasy_game_seq,player_id,preferred_team,team_name,seq) values (?,?,?,?,?,default)
    Hibernate: insert into ft_participants (draft_order,fantasy_game_seq,player_id,preferred_team,team_name,seq) values (?,?,?,?,?,default)
    Hibernate: insert into ft_participants (draft_order,fantasy_game_seq,player_id,preferred_team,team_name,seq) values (?,?,?,?,?,default)
    Hibernate: insert into ft_participants (draft_order,fantasy_game_seq,player_id,preferred_team,team_name,seq) values (?,?,?,?,?,default)
    Hibernate: insert into ft_participants (draft_order,fantasy_game_seq,player_id,preferred_team,team_name,seq) values (?,?,?,?,?,default)
    Hibernate: insert into ft_participants (draft_order,fantasy_game_seq,player_id,preferred_team,team_name,seq) values (?,?,?,?,?,default)
    Hibernate: insert into ft_participants (draft_order,fantasy_game_seq,player_id,preferred_team,team_name,seq) values (?,?,?,?,?,default)
    Hibernate: insert into ft_participants (draft_order,fantasy_game_seq,player_id,preferred_team,team_name,seq) values (?,?,?,?,?,default)
    Hibernate: insert into ft_participants (draft_order,fantasy_game_seq,player_id,preferred_team,team_name,seq) values (?,?,?,?,?,default)
    Hibernate: insert into ft_participants (draft_order,fantasy_game_seq,player_id,preferred_team,team_name,seq) values (?,?,?,?,?,default)
    Hibernate: insert into ft_participants (draft_order,fantasy_game_seq,player_id,preferred_team,team_name,seq) values (?,?,?,?,?,default)
    Hibernate: insert into ft_participants (draft_order,fantasy_game_seq,player_id,preferred_team,team_name,seq) values (?,?,?,?,?,default)
    Hibernate: insert into ft_participants (draft_order,fantasy_game_seq,player_id,preferred_team,team_name,seq) values (?,?,?,?,?,default)
    Hibernate: insert into ft_participants (draft_order,fantasy_game_seq,player_id,preferred_team,team_name,seq) values (?,?,?,?,?,default)
    Hibernate: insert into ft_participants (draft_order,fantasy_game_seq,player_id,preferred_team,team_name,seq) values (?,?,?,?,?,default)
    Hibernate: insert into ft_participants (draft_order,fantasy_game_seq,player_id,preferred_team,team_name,seq) values (?,?,?,?,?,default)
    Hibernate: insert into ft_participants (draft_order,fantasy_game_seq,player_id,preferred_team,team_name,seq) values (?,?,?,?,?,default)
    Hibernate: insert into ft_participants (draft_order,fantasy_game_seq,player_id,preferred_team,team_name,seq) values (?,?,?,?,?,default)
    Hibernate: insert into ft_participants (draft_order,fantasy_game_seq,player_id,preferred_team,team_name,seq) values (?,?,?,?,?,default)
    Hibernate: insert into ft_participants (draft_order,fantasy_game_seq,player_id,preferred_team,team_name,seq) values (?,?,?,?,?,default)
    Hibernate: insert into ft_participants (draft_order,fantasy_game_seq,player_id,preferred_team,team_name,seq) values (?,?,?,?,?,default)
    Hibernate: insert into ft_participants (draft_order,fantasy_game_seq,player_id,preferred_team,team_name,seq) values (?,?,?,?,?,default)
    Hibernate: insert into ft_participants (draft_order,fantasy_game_seq,player_id,preferred_team,team_name,seq) values (?,?,?,?,?,default)
    Hibernate: insert into ft_participants (draft_order,fantasy_game_seq,player_id,preferred_team,team_name,seq) values (?,?,?,?,?,default)
    Hibernate: insert into ft_participants (draft_order,fantasy_game_seq,player_id,preferred_team,team_name,seq) values (?,?,?,?,?,default)
    Hibernate: insert into ft_participants (draft_order,fantasy_game_seq,player_id,preferred_team,team_name,seq) values (?,?,?,?,?,default)
    Hibernate: insert into ft_participants (draft_order,fantasy_game_seq,player_id,preferred_team,team_name,seq) values (?,?,?,?,?,default)
    Hibernate: insert into ft_participants (draft_order,fantasy_game_seq,player_id,preferred_team,team_name,seq) values (?,?,?,?,?,default)
    Hibernate: insert into ft_participants (draft_order,fantasy_game_seq,player_id,preferred_team,team_name,seq) values (?,?,?,?,?,default)
    Hibernate: insert into ft_participants (draft_order,fantasy_game_seq,player_id,preferred_team,team_name,seq) values (?,?,?,?,?,default)
    Hibernate: insert into ft_participants (draft_order,fantasy_game_seq,player_id,preferred_team,team_name,seq) values (?,?,?,?,?,default)
    Hibernate: insert into ft_participants (draft_order,fantasy_game_seq,player_id,preferred_team,team_name,seq) values (?,?,?,?,?,default)
    Hibernate: insert into ft_participants (draft_order,fantasy_game_seq,player_id,preferred_team,team_name,seq) values (?,?,?,?,?,default)
    Hibernate: insert into ft_participants (draft_order,fantasy_game_seq,player_id,preferred_team,team_name,seq) values (?,?,?,?,?,default)
    Hibernate: insert into ft_participants (draft_order,fantasy_game_seq,player_id,preferred_team,team_name,seq) values (?,?,?,?,?,default)
    Hibernate: insert into ft_participants (draft_order,fantasy_game_seq,player_id,preferred_team,team_name,seq) values (?,?,?,?,?,default)
    Hibernate: insert into ft_participants (draft_order,fantasy_game_seq,player_id,preferred_team,team_name,seq) values (?,?,?,?,?,default)
    Hibernate: insert into ft_participants (draft_order,fantasy_game_seq,player_id,preferred_team,team_name,seq) values (?,?,?,?,?,default)
    Hibernate: insert into ft_participants (draft_order,fantasy_game_seq,player_id,preferred_team,team_name,seq) values (?,?,?,?,?,default)
    Hibernate: insert into ft_participants (draft_order,fantasy_game_seq,player_id,preferred_team,team_name,seq) values (?,?,?,?,?,default)
    Hibernate: insert into ft_participants (draft_order,fantasy_game_seq,player_id,preferred_team,team_name,seq) values (?,?,?,?,?,default)
    Hibernate: insert into ft_participants (draft_order,fantasy_game_seq,player_id,preferred_team,team_name,seq) values (?,?,?,?,?,default)
    Hibernate: insert into ft_participants (draft_order,fantasy_game_seq,player_id,preferred_team,team_name,seq) values (?,?,?,?,?,default)
    Hibernate: insert into ft_participants (draft_order,fantasy_game_seq,player_id,preferred_team,team_name,seq) values (?,?,?,?,?,default)
    Hibernate: insert into ft_participants (draft_order,fantasy_game_seq,player_id,preferred_team,team_name,seq) values (?,?,?,?,?,default)
    Hibernate: insert into ft_participants (draft_order,fantasy_game_seq,player_id,preferred_team,team_name,seq) values (?,?,?,?,?,default)
    Hibernate: insert into ft_participants (draft_order,fantasy_game_seq,player_id,preferred_team,team_name,seq) values (?,?,?,?,?,default)
    Hibernate: insert into ft_participants (draft_order,fantasy_game_seq,player_id,preferred_team,team_name,seq) values (?,?,?,?,?,default)
    Hibernate: insert into ft_participants (draft_order,fantasy_game_seq,player_id,preferred_team,team_name,seq) values (?,?,?,?,?,default)
    Hibernate: insert into ft_participants (draft_order,fantasy_game_seq,player_id,preferred_team,team_name,seq) values (?,?,?,?,?,default)
    Hibernate: insert into ft_participants (draft_order,fantasy_game_seq,player_id,preferred_team,team_name,seq) values (?,?,?,?,?,default)
    Hibernate: insert into ft_participants (draft_order,fantasy_game_seq,player_id,preferred_team,team_name,seq) values (?,?,?,?,?,default)
    Hibernate: insert into ft_participants (draft_order,fantasy_game_seq,player_id,preferred_team,team_name,seq) values (?,?,?,?,?,default)
    Hibernate: insert into ft_participants (draft_order,fantasy_game_seq,player_id,preferred_team,team_name,seq) values (?,?,?,?,?,default)
    Hibernate: insert into ft_participants (draft_order,fantasy_game_seq,player_id,preferred_team,team_name,seq) values (?,?,?,?,?,default)
    Hibernate: insert into ft_participants (draft_order,fantasy_game_seq,player_id,preferred_team,team_name,seq) values (?,?,?,?,?,default)
    Hibernate: insert into ft_participants (draft_order,fantasy_game_seq,player_id,preferred_team,team_name,seq) values (?,?,?,?,?,default)
    Hibernate: insert into ft_participants (draft_order,fantasy_game_seq,player_id,preferred_team,team_name,seq) values (?,?,?,?,?,default)
    Hibernate: insert into ft_participants (draft_order,fantasy_game_seq,player_id,preferred_team,team_name,seq) values (?,?,?,?,?,default)
    Hibernate: insert into ft_participants (draft_order,fantasy_game_seq,player_id,preferred_team,team_name,seq) values (?,?,?,?,?,default)
    Hibernate: insert into ft_participants (draft_order,fantasy_game_seq,player_id,preferred_team,team_name,seq) values (?,?,?,?,?,default)
    Hibernate: insert into ft_participants (draft_order,fantasy_game_seq,player_id,preferred_team,team_name,seq) values (?,?,?,?,?,default)
    Hibernate: insert into ft_participants (draft_order,fantasy_game_seq,player_id,preferred_team,team_name,seq) values (?,?,?,?,?,default)
    Hibernate: insert into ft_participants (draft_order,fantasy_game_seq,player_id,preferred_team,team_name,seq) values (?,?,?,?,?,default)
    Hibernate: insert into ft_participants (draft_order,fantasy_game_seq,player_id,preferred_team,team_name,seq) values (?,?,?,?,?,default)
    Hibernate: insert into ft_participants (draft_order,fantasy_game_seq,player_id,preferred_team,team_name,seq) values (?,?,?,?,?,default)
    Hibernate: insert into ft_participants (draft_order,fantasy_game_seq,player_id,preferred_team,team_name,seq) values (?,?,?,?,?,default)
    Hibernate: insert into ft_participants (draft_order,fantasy_game_seq,player_id,preferred_team,team_name,seq) values (?,?,?,?,?,default)
    Hibernate: insert into ft_participants (draft_order,fantasy_game_seq,player_id,preferred_team,team_name,seq) values (?,?,?,?,?,default)
    Hibernate: insert into ft_participants (draft_order,fantasy_game_seq,player_id,preferred_team,team_name,seq) values (?,?,?,?,?,default)
    Hibernate: insert into ft_participants (draft_order,fantasy_game_seq,player_id,preferred_team,team_name,seq) values (?,?,?,?,?,default)
    Hibernate: insert into ft_participants (draft_order,fantasy_game_seq,player_id,preferred_team,team_name,seq) values (?,?,?,?,?,default)
    Hibernate: insert into ft_participants (draft_order,fantasy_game_seq,player_id,preferred_team,team_name,seq) values (?,?,?,?,?,default)
    Hibernate: insert into ft_participants (draft_order,fantasy_game_seq,player_id,preferred_team,team_name,seq) values (?,?,?,?,?,default)
    Hibernate: insert into ft_participants (draft_order,fantasy_game_seq,player_id,preferred_team,team_name,seq) values (?,?,?,?,?,default)
    Hibernate: insert into ft_participants (draft_order,fantasy_game_seq,player_id,preferred_team,team_name,seq) values (?,?,?,?,?,default)
    Hibernate: insert into ft_participants (draft_order,fantasy_game_seq,player_id,preferred_team,team_name,seq) values (?,?,?,?,?,default)
    Hibernate: insert into ft_participants (draft_order,fantasy_game_seq,player_id,preferred_team,team_name,seq) values (?,?,?,?,?,default)
    Hibernate: insert into ft_participants (draft_order,fantasy_game_seq,player_id,preferred_team,team_name,seq) values (?,?,?,?,?,default)
    Hibernate: insert into ft_participants (draft_order,fantasy_game_seq,player_id,preferred_team,team_name,seq) values (?,?,?,?,?,default)
    Hibernate: insert into ft_participants (draft_order,fantasy_game_seq,player_id,preferred_team,team_name,seq) values (?,?,?,?,?,default)
    Hibernate: insert into ft_participants (draft_order,fantasy_game_seq,player_id,preferred_team,team_name,seq) values (?,?,?,?,?,default)
    Hibernate: insert into ft_participants (draft_order,fantasy_game_seq,player_id,preferred_team,team_name,seq) values (?,?,?,?,?,default)
    Hibernate: insert into ft_participants (draft_order,fantasy_game_seq,player_id,preferred_team,team_name,seq) values (?,?,?,?,?,default)
    Hibernate: insert into ft_participants (draft_order,fantasy_game_seq,player_id,preferred_team,team_name,seq) values (?,?,?,?,?,default)
    Hibernate: insert into ft_participants (draft_order,fantasy_game_seq,player_id,preferred_team,team_name,seq) values (?,?,?,?,?,default)
    Hibernate: insert into ft_participants (draft_order,fantasy_game_seq,player_id,preferred_team,team_name,seq) values (?,?,?,?,?,default)
    Hibernate: insert into ft_participants (draft_order,fantasy_game_seq,player_id,preferred_team,team_name,seq) values (?,?,?,?,?,default)
    Hibernate: insert into ft_participants (draft_order,fantasy_game_seq,player_id,preferred_team,team_name,seq) values (?,?,?,?,?,default)
    Hibernate: insert into ft_participants (draft_order,fantasy_game_seq,player_id,preferred_team,team_name,seq) values (?,?,?,?,?,default)
    Hibernate: insert into ft_participants (draft_order,fantasy_game_seq,player_id,preferred_team,team_name,seq) values (?,?,?,?,?,default)
    Hibernate: insert into ft_participants (draft_order,fantasy_game_seq,player_id,preferred_team,team_name,seq) values (?,?,?,?,?,default)
    Hibernate: insert into ft_participants (draft_order,fantasy_game_seq,player_id,preferred_team,team_name,seq) values (?,?,?,?,?,default)
    Hibernate: insert into ft_participants (draft_order,fantasy_game_seq,player_id,preferred_team,team_name,seq) values (?,?,?,?,?,default)
    Hibernate: insert into ft_participants (draft_order,fantasy_game_seq,player_id,preferred_team,team_name,seq) values (?,?,?,?,?,default)
    Hibernate: insert into ft_participants (draft_order,fantasy_game_seq,player_id,preferred_team,team_name,seq) values (?,?,?,?,?,default)
    Hibernate: insert into ft_participants (draft_order,fantasy_game_seq,player_id,preferred_team,team_name,seq) values (?,?,?,?,?,default)
    Hibernate: insert into ft_participants (draft_order,fantasy_game_seq,player_id,preferred_team,team_name,seq) values (?,?,?,?,?,default)
    Hibernate: insert into ft_participants (draft_order,fantasy_game_seq,player_id,preferred_team,team_name,seq) values (?,?,?,?,?,default)
    Hibernate: insert into ft_participants (draft_order,fantasy_game_seq,player_id,preferred_team,team_name,seq) values (?,?,?,?,?,default)
    Hibernate: insert into ft_participants (draft_order,fantasy_game_seq,player_id,preferred_team,team_name,seq) values (?,?,?,?,?,default)
    Hibernate: insert into ft_participants (draft_order,fantasy_game_seq,player_id,preferred_team,team_name,seq) values (?,?,?,?,?,default)
    Hibernate: insert into ft_participants (draft_order,fantasy_game_seq,player_id,preferred_team,team_name,seq) values (?,?,?,?,?,default)
    Hibernate: insert into ft_participants (draft_order,fantasy_game_seq,player_id,preferred_team,team_name,seq) values (?,?,?,?,?,default)
    Hibernate: insert into ft_participants (draft_order,fantasy_game_seq,player_id,preferred_team,team_name,seq) values (?,?,?,?,?,default)
    Hibernate: insert into ft_participants (draft_order,fantasy_game_seq,player_id,preferred_team,team_name,seq) values (?,?,?,?,?,default)
    Hibernate: insert into ft_participants (draft_order,fantasy_game_seq,player_id,preferred_team,team_name,seq) values (?,?,?,?,?,default)
    Hibernate: insert into ft_participants (draft_order,fantasy_game_seq,player_id,preferred_team,team_name,seq) values (?,?,?,?,?,default)
    Hibernate: insert into ft_participants (draft_order,fantasy_game_seq,player_id,preferred_team,team_name,seq) values (?,?,?,?,?,default)
    Hibernate: insert into ft_participants (draft_order,fantasy_game_seq,player_id,preferred_team,team_name,seq) values (?,?,?,?,?,default)
    Hibernate: insert into ft_participants (draft_order,fantasy_game_seq,player_id,preferred_team,team_name,seq) values (?,?,?,?,?,default)
    Hibernate: insert into ft_participants (draft_order,fantasy_game_seq,player_id,preferred_team,team_name,seq) values (?,?,?,?,?,default)
    Hibernate: insert into ft_participants (draft_order,fantasy_game_seq,player_id,preferred_team,team_name,seq) values (?,?,?,?,?,default)
    Hibernate: insert into ft_participants (draft_order,fantasy_game_seq,player_id,preferred_team,team_name,seq) values (?,?,?,?,?,default)
    Hibernate: insert into ft_participants (draft_order,fantasy_game_seq,player_id,preferred_team,team_name,seq) values (?,?,?,?,?,default)
    Hibernate: insert into ft_participants (draft_order,fantasy_game_seq,player_id,preferred_team,team_name,seq) values (?,?,?,?,?,default)
    Hibernate: insert into ft_participants (draft_order,fantasy_game_seq,player_id,preferred_team,team_name,seq) values (?,?,?,?,?,default)
    Hibernate: insert into ft_participants (draft_order,fantasy_game_seq,player_id,preferred_team,team_name,seq) values (?,?,?,?,?,default)
    Hibernate: insert into ft_participants (draft_order,fantasy_game_seq,player_id,preferred_team,team_name,seq) values (?,?,?,?,?,default)
    Hibernate: insert into ft_participants (draft_order,fantasy_game_seq,player_id,preferred_team,team_name,seq) values (?,?,?,?,?,default)
    Hibernate: insert into ft_participants (draft_order,fantasy_game_seq,player_id,preferred_team,team_name,seq) values (?,?,?,?,?,default)
    Hibernate: insert into ft_participants (draft_order,fantasy_game_seq,player_id,preferred_team,team_name,seq) values (?,?,?,?,?,default)
    Hibernate: insert into ft_participants (draft_order,fantasy_game_seq,player_id,preferred_team,team_name,seq) values (?,?,?,?,?,default)
    Hibernate: insert into ft_participants (draft_order,fantasy_game_seq,player_id,preferred_team,team_name,seq) values (?,?,?,?,?,default)
    Hibernate: insert into ft_participants (draft_order,fantasy_game_seq,player_id,preferred_team,team_name,seq) values (?,?,?,?,?,default)
    Hibernate: insert into ft_participants (draft_order,fantasy_game_seq,player_id,preferred_team,team_name,seq) values (?,?,?,?,?,default)
    Hibernate: insert into ft_participants (draft_order,fantasy_game_seq,player_id,preferred_team,team_name,seq) values (?,?,?,?,?,default)
    Hibernate: insert into ft_participants (draft_order,fantasy_game_seq,player_id,preferred_team,team_name,seq) values (?,?,?,?,?,default)
    Hibernate: insert into ft_participants (draft_order,fantasy_game_seq,player_id,preferred_team,team_name,seq) values (?,?,?,?,?,default)
    Hibernate: insert into ft_participants (draft_order,fantasy_game_seq,player_id,preferred_team,team_name,seq) values (?,?,?,?,?,default)
    Hibernate: insert into ft_participants (draft_order,fantasy_game_seq,player_id,preferred_team,team_name,seq) values (?,?,?,?,?,default)
    Hibernate: insert into ft_participants (draft_order,fantasy_game_seq,player_id,preferred_team,team_name,seq) values (?,?,?,?,?,default)
    Hibernate: insert into ft_participants (draft_order,fantasy_game_seq,player_id,preferred_team,team_name,seq) values (?,?,?,?,?,default)
    Hibernate: insert into ft_participants (draft_order,fantasy_game_seq,player_id,preferred_team,team_name,seq) values (?,?,?,?,?,default)
    Hibernate: insert into ft_participants (draft_order,fantasy_game_seq,player_id,preferred_team,team_name,seq) values (?,?,?,?,?,default)
    Hibernate: insert into ft_participants (draft_order,fantasy_game_seq,player_id,preferred_team,team_name,seq) values (?,?,?,?,?,default)
    Hibernate: insert into ft_participants (draft_order,fantasy_game_seq,player_id,preferred_team,team_name,seq) values (?,?,?,?,?,default)
    Hibernate: insert into ft_participants (draft_order,fantasy_game_seq,player_id,preferred_team,team_name,seq) values (?,?,?,?,?,default)
    Hibernate: insert into ft_participants (draft_order,fantasy_game_seq,player_id,preferred_team,team_name,seq) values (?,?,?,?,?,default)
    Hibernate: insert into ft_participants (draft_order,fantasy_game_seq,player_id,preferred_team,team_name,seq) values (?,?,?,?,?,default)
    Hibernate: insert into ft_participants (draft_order,fantasy_game_seq,player_id,preferred_team,team_name,seq) values (?,?,?,?,?,default)
    Hibernate: insert into ft_participants (draft_order,fantasy_game_seq,player_id,preferred_team,team_name,seq) values (?,?,?,?,?,default)
    Hibernate: insert into ft_participants (draft_order,fantasy_game_seq,player_id,preferred_team,team_name,seq) values (?,?,?,?,?,default)
    Hibernate: insert into ft_participants (draft_order,fantasy_game_seq,player_id,preferred_team,team_name,seq) values (?,?,?,?,?,default)
    Hibernate: insert into ft_participants (draft_order,fantasy_game_seq,player_id,preferred_team,team_name,seq) values (?,?,?,?,?,default)
    Hibernate: insert into ft_participants (draft_order,fantasy_game_seq,player_id,preferred_team,team_name,seq) values (?,?,?,?,?,default)
    Hibernate: insert into ft_participants (draft_order,fantasy_game_seq,player_id,preferred_team,team_name,seq) values (?,?,?,?,?,default)
    Hibernate: insert into ft_participants (draft_order,fantasy_game_seq,player_id,preferred_team,team_name,seq) values (?,?,?,?,?,default)
    Hibernate: insert into ft_participants (draft_order,fantasy_game_seq,player_id,preferred_team,team_name,seq) values (?,?,?,?,?,default)
    Hibernate: insert into ft_participants (draft_order,fantasy_game_seq,player_id,preferred_team,team_name,seq) values (?,?,?,?,?,default)
    Hibernate: insert into ft_participants (draft_order,fantasy_game_seq,player_id,preferred_team,team_name,seq) values (?,?,?,?,?,default)
    Hibernate: insert into ft_participants (draft_order,fantasy_game_seq,player_id,preferred_team,team_name,seq) values (?,?,?,?,?,default)
    Hibernate: insert into ft_participants (draft_order,fantasy_game_seq,player_id,preferred_team,team_name,seq) values (?,?,?,?,?,default)
    Hibernate: insert into ft_participants (draft_order,fantasy_game_seq,player_id,preferred_team,team_name,seq) values (?,?,?,?,?,default)
    Hibernate: insert into ft_participants (draft_order,fantasy_game_seq,player_id,preferred_team,team_name,seq) values (?,?,?,?,?,default)
    Hibernate: insert into ft_participants (draft_order,fantasy_game_seq,player_id,preferred_team,team_name,seq) values (?,?,?,?,?,default)
    Hibernate: insert into ft_participants (draft_order,fantasy_game_seq,player_id,preferred_team,team_name,seq) values (?,?,?,?,?,default)
    Hibernate: insert into ft_participants (draft_order,fantasy_game_seq,player_id,preferred_team,team_name,seq) values (?,?,?,?,?,default)
    Hibernate: insert into ft_participants (draft_order,fantasy_game_seq,player_id,preferred_team,team_name,seq) values (?,?,?,?,?,default)
    Hibernate: insert into ft_participants (draft_order,fantasy_game_seq,player_id,preferred_team,team_name,seq) values (?,?,?,?,?,default)
    Hibernate: insert into ft_participants (draft_order,fantasy_game_seq,player_id,preferred_team,team_name,seq) values (?,?,?,?,?,default)
    Hibernate: insert into ft_participants (draft_order,fantasy_game_seq,player_id,preferred_team,team_name,seq) values (?,?,?,?,?,default)
    Hibernate: insert into ft_participants (draft_order,fantasy_game_seq,player_id,preferred_team,team_name,seq) values (?,?,?,?,?,default)
    Hibernate: insert into ft_participants (draft_order,fantasy_game_seq,player_id,preferred_team,team_name,seq) values (?,?,?,?,?,default)
    Hibernate: insert into ft_participants (draft_order,fantasy_game_seq,player_id,preferred_team,team_name,seq) values (?,?,?,?,?,default)
    Hibernate: insert into ft_participants (draft_order,fantasy_game_seq,player_id,preferred_team,team_name,seq) values (?,?,?,?,?,default)
    Hibernate: insert into ft_participants (draft_order,fantasy_game_seq,player_id,preferred_team,team_name,seq) values (?,?,?,?,?,default)
    Hibernate: insert into ft_participants (draft_order,fantasy_game_seq,player_id,preferred_team,team_name,seq) values (?,?,?,?,?,default)
    Hibernate: insert into ft_participants (draft_order,fantasy_game_seq,player_id,preferred_team,team_name,seq) values (?,?,?,?,?,default)
    Hibernate: insert into ft_participants (draft_order,fantasy_game_seq,player_id,preferred_team,team_name,seq) values (?,?,?,?,?,default)
    Hibernate: insert into ft_participants (draft_order,fantasy_game_seq,player_id,preferred_team,team_name,seq) values (?,?,?,?,?,default)
    Hibernate: insert into ft_participants (draft_order,fantasy_game_seq,player_id,preferred_team,team_name,seq) values (?,?,?,?,?,default)
    Hibernate: insert into ft_participants (draft_order,fantasy_game_seq,player_id,preferred_team,team_name,seq) values (?,?,?,?,?,default)
    Hibernate: insert into ft_participants (draft_order,fantasy_game_seq,player_id,preferred_team,team_name,seq) values (?,?,?,?,?,default)
    Hibernate: insert into ft_participants (draft_order,fantasy_game_seq,player_id,preferred_team,team_name,seq) values (?,?,?,?,?,default)
    Hibernate: insert into ft_participants (draft_order,fantasy_game_seq,player_id,preferred_team,team_name,seq) values (?,?,?,?,?,default)
    Hibernate: insert into ft_participants (draft_order,fantasy_game_seq,player_id,preferred_team,team_name,seq) values (?,?,?,?,?,default)
    Hibernate: insert into ft_participants (draft_order,fantasy_game_seq,player_id,preferred_team,team_name,seq) values (?,?,?,?,?,default)
    Hibernate: insert into ft_participants (draft_order,fantasy_game_seq,player_id,preferred_team,team_name,seq) values (?,?,?,?,?,default)
    Hibernate: insert into ft_participants (draft_order,fantasy_game_seq,player_id,preferred_team,team_name,seq) values (?,?,?,?,?,default)
    Hibernate: insert into ft_participants (draft_order,fantasy_game_seq,player_id,preferred_team,team_name,seq) values (?,?,?,?,?,default)
    Hibernate: insert into ft_participants (draft_order,fantasy_game_seq,player_id,preferred_team,team_name,seq) values (?,?,?,?,?,default)
    Hibernate: insert into ft_participants (draft_order,fantasy_game_seq,player_id,preferred_team,team_name,seq) values (?,?,?,?,?,default)
    Hibernate: insert into ft_participants (draft_order,fantasy_game_seq,player_id,preferred_team,team_name,seq) values (?,?,?,?,?,default)
    Hibernate: insert into ft_participants (draft_order,fantasy_game_seq,player_id,preferred_team,team_name,seq) values (?,?,?,?,?,default)
    Hibernate: insert into ft_participants (draft_order,fantasy_game_seq,player_id,preferred_team,team_name,seq) values (?,?,?,?,?,default)
    Hibernate: insert into ft_participants (draft_order,fantasy_game_seq,player_id,preferred_team,team_name,seq) values (?,?,?,?,?,default)
    Hibernate: insert into ft_participants (draft_order,fantasy_game_seq,player_id,preferred_team,team_name,seq) values (?,?,?,?,?,default)
    Hibernate: insert into ft_participants (draft_order,fantasy_game_seq,player_id,preferred_team,team_name,seq) values (?,?,?,?,?,default)
    Hibernate: insert into ft_participants (draft_order,fantasy_game_seq,player_id,preferred_team,team_name,seq) values (?,?,?,?,?,default)
    Hibernate: insert into ft_participants (draft_order,fantasy_game_seq,player_id,preferred_team,team_name,seq) values (?,?,?,?,?,default)
    Hibernate: insert into ft_participants (draft_order,fantasy_game_seq,player_id,preferred_team,team_name,seq) values (?,?,?,?,?,default)
    Hibernate: insert into ft_participants (draft_order,fantasy_game_seq,player_id,preferred_team,team_name,seq) values (?,?,?,?,?,default)
    Hibernate: insert into ft_participants (draft_order,fantasy_game_seq,player_id,preferred_team,team_name,seq) values (?,?,?,?,?,default)
    Hibernate: insert into ft_participants (draft_order,fantasy_game_seq,player_id,preferred_team,team_name,seq) values (?,?,?,?,?,default)
    Hibernate: insert into ft_participants (draft_order,fantasy_game_seq,player_id,preferred_team,team_name,seq) values (?,?,?,?,?,default)
    Hibernate: insert into ft_participants (draft_order,fantasy_game_seq,player_id,preferred_team,team_name,seq) values (?,?,?,?,?,default)
    Hibernate: insert into ft_participants (draft_order,fantasy_game_seq,player_id,preferred_team,team_name,seq) values (?,?,?,?,?,default)
    Hibernate: insert into ft_participants (draft_order,fantasy_game_seq,player_id,preferred_team,team_name,seq) values (?,?,?,?,?,default)
    Hibernate: insert into ft_participants (draft_order,fantasy_game_seq,player_id,preferred_team,team_name,seq) values (?,?,?,?,?,default)
    Hibernate: insert into ft_participants (draft_order,fantasy_game_seq,player_id,preferred_team,team_name,seq) values (?,?,?,?,?,default)
    Hibernate: insert into ft_participants (draft_order,fantasy_game_seq,player_id,preferred_team,team_name,seq) values (?,?,?,?,?,default)
    Hibernate: insert into ft_participants (draft_order,fantasy_game_seq,player_id,preferred_team,team_name,seq) values (?,?,?,?,?,default)
    Hibernate: insert into ft_participants (draft_order,fantasy_game_seq,player_id,preferred_team,team_name,seq) values (?,?,?,?,?,default)
    Hibernate: insert into ft_participants (draft_order,fantasy_game_seq,player_id,preferred_team,team_name,seq) values (?,?,?,?,?,default)
    Hibernate: insert into ft_participants (draft_order,fantasy_game_seq,player_id,preferred_team,team_name,seq) values (?,?,?,?,?,default)
    Hibernate: insert into ft_participants (draft_order,fantasy_game_seq,player_id,preferred_team,team_name,seq) values (?,?,?,?,?,default)
    Hibernate: insert into ft_participants (draft_order,fantasy_game_seq,player_id,preferred_team,team_name,seq) values (?,?,?,?,?,default)
    Hibernate: insert into ft_participants (draft_order,fantasy_game_seq,player_id,preferred_team,team_name,seq) values (?,?,?,?,?,default)
    Hibernate: insert into ft_participants (draft_order,fantasy_game_seq,player_id,preferred_team,team_name,seq) values (?,?,?,?,?,default)
    Hibernate: insert into ft_participants (draft_order,fantasy_game_seq,player_id,preferred_team,team_name,seq) values (?,?,?,?,?,default)
    Hibernate: insert into ft_participants (draft_order,fantasy_game_seq,player_id,preferred_team,team_name,seq) values (?,?,?,?,?,default)
    Hibernate: insert into ft_participants (draft_order,fantasy_game_seq,player_id,preferred_team,team_name,seq) values (?,?,?,?,?,default)
    Hibernate: insert into ft_participants (draft_order,fantasy_game_seq,player_id,preferred_team,team_name,seq) values (?,?,?,?,?,default)
    Hibernate: insert into ft_participants (draft_order,fantasy_game_seq,player_id,preferred_team,team_name,seq) values (?,?,?,?,?,default)
    Hibernate: insert into ft_participants (draft_order,fantasy_game_seq,player_id,preferred_team,team_name,seq) values (?,?,?,?,?,default)
    Hibernate: insert into ft_participants (draft_order,fantasy_game_seq,player_id,preferred_team,team_name,seq) values (?,?,?,?,?,default)
    Hibernate: insert into ft_participants (draft_order,fantasy_game_seq,player_id,preferred_team,team_name,seq) values (?,?,?,?,?,default)
    Hibernate: insert into ft_participants (draft_order,fantasy_game_seq,player_id,preferred_team,team_name,seq) values (?,?,?,?,?,default)
    Hibernate: insert into ft_participants (draft_order,fantasy_game_seq,player_id,preferred_team,team_name,seq) values (?,?,?,?,?,default)
    Hibernate: insert into ft_participants (draft_order,fantasy_game_seq,player_id,preferred_team,team_name,seq) values (?,?,?,?,?,default)
    Hibernate: insert into ft_participants (draft_order,fantasy_game_seq,player_id,preferred_team,team_name,seq) values (?,?,?,?,?,default)
    Hibernate: insert into ft_participants (draft_order,fantasy_game_seq,player_id,preferred_team,team_name,seq) values (?,?,?,?,?,default)
    Hibernate: insert into ft_participants (draft_order,fantasy_game_seq,player_id,preferred_team,team_name,seq) values (?,?,?,?,?,default)
    Hibernate: insert into ft_participants (draft_order,fantasy_game_seq,player_id,preferred_team,team_name,seq) values (?,?,?,?,?,default)
    Hibernate: insert into ft_participants (draft_order,fantasy_game_seq,player_id,preferred_team,team_name,seq) values (?,?,?,?,?,default)
    Hibernate: insert into ft_participants (draft_order,fantasy_game_seq,player_id,preferred_team,team_name,seq) values (?,?,?,?,?,default)
    Hibernate: insert into ft_participants (draft_order,fantasy_game_seq,player_id,preferred_team,team_name,seq) values (?,?,?,?,?,default)
    Hibernate: insert into ft_participants (draft_order,fantasy_game_seq,player_id,preferred_team,team_name,seq) values (?,?,?,?,?,default)
    Hibernate: insert into ft_participants (draft_order,fantasy_game_seq,player_id,preferred_team,team_name,seq) values (?,?,?,?,?,default)
    Hibernate: insert into ft_participants (draft_order,fantasy_game_seq,player_id,preferred_team,team_name,seq) values (?,?,?,?,?,default)
    Hibernate: insert into ft_participants (draft_order,fantasy_game_seq,player_id,preferred_team,team_name,seq) values (?,?,?,?,?,default)
    Hibernate: insert into ft_participants (draft_order,fantasy_game_seq,player_id,preferred_team,team_name,seq) values (?,?,?,?,?,default)
    Hibernate: insert into ft_participants (draft_order,fantasy_game_seq,player_id,preferred_team,team_name,seq) values (?,?,?,?,?,default)
    Hibernate: insert into ft_participants (draft_order,fantasy_game_seq,player_id,preferred_team,team_name,seq) values (?,?,?,?,?,default)
    Hibernate: insert into ft_participants (draft_order,fantasy_game_seq,player_id,preferred_team,team_name,seq) values (?,?,?,?,?,default)
    Hibernate: insert into ft_participants (draft_order,fantasy_game_seq,player_id,preferred_team,team_name,seq) values (?,?,?,?,?,default)
    Hibernate: insert into ft_participants (draft_order,fantasy_game_seq,player_id,preferred_team,team_name,seq) values (?,?,?,?,?,default)
    Hibernate: insert into ft_participants (draft_order,fantasy_game_seq,player_id,preferred_team,team_name,seq) values (?,?,?,?,?,default)
    Hibernate: insert into ft_participants (draft_order,fantasy_game_seq,player_id,preferred_team,team_name,seq) values (?,?,?,?,?,default)
    Hibernate: insert into ft_participants (draft_order,fantasy_game_seq,player_id,preferred_team,team_name,seq) values (?,?,?,?,?,default)
    Hibernate: insert into ft_participants (draft_order,fantasy_game_seq,player_id,preferred_team,team_name,seq) values (?,?,?,?,?,default)
    Hibernate: insert into ft_participants (draft_order,fantasy_game_seq,player_id,preferred_team,team_name,seq) values (?,?,?,?,?,default)
    Hibernate: insert into ft_participants (draft_order,fantasy_game_seq,player_id,preferred_team,team_name,seq) values (?,?,?,?,?,default)
    Hibernate: insert into ft_participants (draft_order,fantasy_game_seq,player_id,preferred_team,team_name,seq) values (?,?,?,?,?,default)
    Hibernate: insert into ft_participants (draft_order,fantasy_game_seq,player_id,preferred_team,team_name,seq) values (?,?,?,?,?,default)
    Hibernate: insert into ft_participants (draft_order,fantasy_game_seq,player_id,preferred_team,team_name,seq) values (?,?,?,?,?,default)
    Hibernate: insert into ft_participants (draft_order,fantasy_game_seq,player_id,preferred_team,team_name,seq) values (?,?,?,?,?,default)
    Hibernate: insert into ft_participants (draft_order,fantasy_game_seq,player_id,preferred_team,team_name,seq) values (?,?,?,?,?,default)
    Hibernate: insert into ft_participants (draft_order,fantasy_game_seq,player_id,preferred_team,team_name,seq) values (?,?,?,?,?,default)
    Hibernate: insert into ft_participants (draft_order,fantasy_game_seq,player_id,preferred_team,team_name,seq) values (?,?,?,?,?,default)
    Hibernate: insert into ft_participants (draft_order,fantasy_game_seq,player_id,preferred_team,team_name,seq) values (?,?,?,?,?,default)
    Hibernate: insert into ft_participants (draft_order,fantasy_game_seq,player_id,preferred_team,team_name,seq) values (?,?,?,?,?,default)
    Hibernate: insert into ft_participants (draft_order,fantasy_game_seq,player_id,preferred_team,team_name,seq) values (?,?,?,?,?,default)
    Hibernate: insert into ft_participants (draft_order,fantasy_game_seq,player_id,preferred_team,team_name,seq) values (?,?,?,?,?,default)
    Hibernate: insert into ft_participants (draft_order,fantasy_game_seq,player_id,preferred_team,team_name,seq) values (?,?,?,?,?,default)
    Hibernate: insert into ft_participants (draft_order,fantasy_game_seq,player_id,preferred_team,team_name,seq) values (?,?,?,?,?,default)
    Hibernate: insert into ft_participants (draft_order,fantasy_game_seq,player_id,preferred_team,team_name,seq) values (?,?,?,?,?,default)
    Hibernate: insert into ft_participants (draft_order,fantasy_game_seq,player_id,preferred_team,team_name,seq) values (?,?,?,?,?,default)
    Hibernate: insert into ft_participants (draft_order,fantasy_game_seq,player_id,preferred_team,team_name,seq) values (?,?,?,?,?,default)
    Hibernate: insert into ft_participants (draft_order,fantasy_game_seq,player_id,preferred_team,team_name,seq) values (?,?,?,?,?,default)
    Hibernate: insert into ft_participants (draft_order,fantasy_game_seq,player_id,preferred_team,team_name,seq) values (?,?,?,?,?,default)
    Hibernate: insert into ft_participants (draft_order,fantasy_game_seq,player_id,preferred_team,team_name,seq) values (?,?,?,?,?,default)
    Hibernate: insert into ft_participants (draft_order,fantasy_game_seq,player_id,preferred_team,team_name,seq) values (?,?,?,?,?,default)
    Hibernate: insert into ft_participants (draft_order,fantasy_game_seq,player_id,preferred_team,team_name,seq) values (?,?,?,?,?,default)
    Hibernate: insert into ft_participants (draft_order,fantasy_game_seq,player_id,preferred_team,team_name,seq) values (?,?,?,?,?,default)
    Hibernate: insert into ft_participants (draft_order,fantasy_game_seq,player_id,preferred_team,team_name,seq) values (?,?,?,?,?,default)
    Hibernate: insert into ft_participants (draft_order,fantasy_game_seq,player_id,preferred_team,team_name,seq) values (?,?,?,?,?,default)
    Hibernate: insert into ft_participants (draft_order,fantasy_game_seq,player_id,preferred_team,team_name,seq) values (?,?,?,?,?,default)
    Hibernate: insert into ft_participants (draft_order,fantasy_game_seq,player_id,preferred_team,team_name,seq) values (?,?,?,?,?,default)
    Hibernate: insert into ft_participants (draft_order,fantasy_game_seq,player_id,preferred_team,team_name,seq) values (?,?,?,?,?,default)
    Hibernate: insert into ft_participants (draft_order,fantasy_game_seq,player_id,preferred_team,team_name,seq) values (?,?,?,?,?,default)
    Hibernate: insert into ft_participants (draft_order,fantasy_game_seq,player_id,preferred_team,team_name,seq) values (?,?,?,?,?,default)
    Hibernate: insert into ft_participants (draft_order,fantasy_game_seq,player_id,preferred_team,team_name,seq) values (?,?,?,?,?,default)
    Hibernate: insert into ft_participants (draft_order,fantasy_game_seq,player_id,preferred_team,team_name,seq) values (?,?,?,?,?,default)
    Hibernate: insert into ft_participants (draft_order,fantasy_game_seq,player_id,preferred_team,team_name,seq) values (?,?,?,?,?,default)
    Hibernate: insert into ft_participants (draft_order,fantasy_game_seq,player_id,preferred_team,team_name,seq) values (?,?,?,?,?,default)
    Hibernate: insert into ft_participants (draft_order,fantasy_game_seq,player_id,preferred_team,team_name,seq) values (?,?,?,?,?,default)
    Hibernate: insert into ft_participants (draft_order,fantasy_game_seq,player_id,preferred_team,team_name,seq) values (?,?,?,?,?,default)
    Hibernate: insert into ft_participants (draft_order,fantasy_game_seq,player_id,preferred_team,team_name,seq) values (?,?,?,?,?,default)
    Hibernate: insert into ft_participants (draft_order,fantasy_game_seq,player_id,preferred_team,team_name,seq) values (?,?,?,?,?,default)
    Hibernate: insert into ft_participants (draft_order,fantasy_game_seq,player_id,preferred_team,team_name,seq) values (?,?,?,?,?,default)
    Hibernate: insert into ft_participants (draft_order,fantasy_game_seq,player_id,preferred_team,team_name,seq) values (?,?,?,?,?,default)
    Hibernate: insert into ft_participants (draft_order,fantasy_game_seq,player_id,preferred_team,team_name,seq) values (?,?,?,?,?,default)
    Hibernate: insert into ft_participants (draft_order,fantasy_game_seq,player_id,preferred_team,team_name,seq) values (?,?,?,?,?,default)
    Hibernate: insert into ft_participants (draft_order,fantasy_game_seq,player_id,preferred_team,team_name,seq) values (?,?,?,?,?,default)
    Hibernate: insert into ft_participants (draft_order,fantasy_game_seq,player_id,preferred_team,team_name,seq) values (?,?,?,?,?,default)
    Hibernate: insert into ft_participants (draft_order,fantasy_game_seq,player_id,preferred_team,team_name,seq) values (?,?,?,?,?,default)
    Hibernate: insert into ft_participants (draft_order,fantasy_game_seq,player_id,preferred_team,team_name,seq) values (?,?,?,?,?,default)
    Hibernate: insert into ft_participants (draft_order,fantasy_game_seq,player_id,preferred_team,team_name,seq) values (?,?,?,?,?,default)
    Hibernate: insert into ft_participants (draft_order,fantasy_game_seq,player_id,preferred_team,team_name,seq) values (?,?,?,?,?,default)
    Hibernate: insert into ft_participants (draft_order,fantasy_game_seq,player_id,preferred_team,team_name,seq) values (?,?,?,?,?,default)
    Hibernate: insert into ft_participants (draft_order,fantasy_game_seq,player_id,preferred_team,team_name,seq) values (?,?,?,?,?,default)
    Hibernate: insert into ft_participants (draft_order,fantasy_game_seq,player_id,preferred_team,team_name,seq) values (?,?,?,?,?,default)
    Hibernate: insert into ft_participants (draft_order,fantasy_game_seq,player_id,preferred_team,team_name,seq) values (?,?,?,?,?,default)
    Hibernate: insert into ft_participants (draft_order,fantasy_game_seq,player_id,preferred_team,team_name,seq) values (?,?,?,?,?,default)
    Hibernate: insert into ft_participants (draft_order,fantasy_game_seq,player_id,preferred_team,team_name,seq) values (?,?,?,?,?,default)
    Hibernate: insert into ft_participants (draft_order,fantasy_game_seq,player_id,preferred_team,team_name,seq) values (?,?,?,?,?,default)
    Hibernate: insert into ft_participants (draft_order,fantasy_game_seq,player_id,preferred_team,team_name,seq) values (?,?,?,?,?,default)
    Hibernate: insert into ft_participants (draft_order,fantasy_game_seq,player_id,preferred_team,team_name,seq) values (?,?,?,?,?,default)
    Hibernate: insert into ft_participants (draft_order,fantasy_game_seq,player_id,preferred_team,team_name,seq) values (?,?,?,?,?,default)
    Hibernate: insert into ft_participants (draft_order,fantasy_game_seq,player_id,preferred_team,team_name,seq) values (?,?,?,?,?,default)
    Hibernate: insert into ft_participants (draft_order,fantasy_game_seq,player_id,preferred_team,team_name,seq) values (?,?,?,?,?,default)
    Hibernate: insert into ft_participants (draft_order,fantasy_game_seq,player_id,preferred_team,team_name,seq) values (?,?,?,?,?,default)
    Hibernate: insert into ft_participants (draft_order,fantasy_game_seq,player_id,preferred_team,team_name,seq) values (?,?,?,?,?,default)
    Hibernate: insert into ft_participants (draft_order,fantasy_game_seq,player_id,preferred_team,team_name,seq) values (?,?,?,?,?,default)
    Hibernate: insert into ft_participants (draft_order,fantasy_game_seq,player_id,preferred_team,team_name,seq) values (?,?,?,?,?,default)
    Hibernate: insert into ft_participants (draft_order,fantasy_game_seq,player_id,preferred_team,team_name,seq) values (?,?,?,?,?,default)
    Hibernate: insert into ft_participants (draft_order,fantasy_game_seq,player_id,preferred_team,team_name,seq) values (?,?,?,?,?,default)
    Hibernate: insert into ft_participants (draft_order,fantasy_game_seq,player_id,preferred_team,team_name,seq) values (?,?,?,?,?,default)
    Hibernate: insert into ft_participants (draft_order,fantasy_game_seq,player_id,preferred_team,team_name,seq) values (?,?,?,?,?,default)
    Hibernate: insert into ft_participants (draft_order,fantasy_game_seq,player_id,preferred_team,team_name,seq) values (?,?,?,?,?,default)
    Hibernate: insert into ft_participants (draft_order,fantasy_game_seq,player_id,preferred_team,team_name,seq) values (?,?,?,?,?,default)
    Hibernate: insert into ft_participants (draft_order,fantasy_game_seq,player_id,preferred_team,team_name,seq) values (?,?,?,?,?,default)
    Hibernate: insert into ft_participants (draft_order,fantasy_game_seq,player_id,preferred_team,team_name,seq) values (?,?,?,?,?,default)
    Hibernate: insert into ft_participants (draft_order,fantasy_game_seq,player_id,preferred_team,team_name,seq) values (?,?,?,?,?,default)
    Hibernate: insert into ft_participants (draft_order,fantasy_game_seq,player_id,preferred_team,team_name,seq) values (?,?,?,?,?,default)
    Hibernate: insert into ft_participants (draft_order,fantasy_game_seq,player_id,preferred_team,team_name,seq) values (?,?,?,?,?,default)
    Hibernate: insert into ft_participants (draft_order,fantasy_game_seq,player_id,preferred_team,team_name,seq) values (?,?,?,?,?,default)
    Hibernate: insert into ft_participants (draft_order,fantasy_game_seq,player_id,preferred_team,team_name,seq) values (?,?,?,?,?,default)
    Hibernate: insert into ft_participants (draft_order,fantasy_game_seq,player_id,preferred_team,team_name,seq) values (?,?,?,?,?,default)
    Hibernate: insert into ft_participants (draft_order,fantasy_game_seq,player_id,preferred_team,team_name,seq) values (?,?,?,?,?,default)
    Hibernate: insert into ft_participants (draft_order,fantasy_game_seq,player_id,preferred_team,team_name,seq) values (?,?,?,?,?,default)
    Hibernate: insert into ft_participants (draft_order,fantasy_game_seq,player_id,preferred_team,team_name,seq) values (?,?,?,?,?,default)
    Hibernate: insert into ft_participants (draft_order,fantasy_game_seq,player_id,preferred_team,team_name,seq) values (?,?,?,?,?,default)
    Hibernate: insert into ft_participants (draft_order,fantasy_game_seq,player_id,preferred_team,team_name,seq) values (?,?,?,?,?,default)
    Hibernate: insert into ft_participants (draft_order,fantasy_game_seq,player_id,preferred_team,team_name,seq) values (?,?,?,?,?,default)
    Hibernate: insert into ft_participants (draft_order,fantasy_game_seq,player_id,preferred_team,team_name,seq) values (?,?,?,?,?,default)
    Hibernate: insert into ft_participants (draft_order,fantasy_game_seq,player_id,preferred_team,team_name,seq) values (?,?,?,?,?,default)
    Hibernate: insert into ft_participants (draft_order,fantasy_game_seq,player_id,preferred_team,team_name,seq) values (?,?,?,?,?,default)
    Hibernate: insert into ft_participants (draft_order,fantasy_game_seq,player_id,preferred_team,team_name,seq) values (?,?,?,?,?,default)
    Hibernate: insert into ft_participants (draft_order,fantasy_game_seq,player_id,preferred_team,team_name,seq) values (?,?,?,?,?,default)
    Hibernate: insert into ft_participants (draft_order,fantasy_game_seq,player_id,preferred_team,team_name,seq) values (?,?,?,?,?,default)
    Hibernate: insert into ft_participants (draft_order,fantasy_game_seq,player_id,preferred_team,team_name,seq) values (?,?,?,?,?,default)
    Hibernate: insert into ft_participants (draft_order,fantasy_game_seq,player_id,preferred_team,team_name,seq) values (?,?,?,?,?,default)
    Hibernate: insert into ft_participants (draft_order,fantasy_game_seq,player_id,preferred_team,team_name,seq) values (?,?,?,?,?,default)
    Hibernate: insert into ft_participants (draft_order,fantasy_game_seq,player_id,preferred_team,team_name,seq) values (?,?,?,?,?,default)
    Hibernate: insert into ft_participants (draft_order,fantasy_game_seq,player_id,preferred_team,team_name,seq) values (?,?,?,?,?,default)
    Hibernate: insert into ft_participants (draft_order,fantasy_game_seq,player_id,preferred_team,team_name,seq) values (?,?,?,?,?,default)
    Hibernate: insert into ft_participants (draft_order,fantasy_game_seq,player_id,preferred_team,team_name,seq) values (?,?,?,?,?,default)
    Hibernate: insert into ft_participants (draft_order,fantasy_game_seq,player_id,preferred_team,team_name,seq) values (?,?,?,?,?,default)
    Hibernate: insert into ft_participants (draft_order,fantasy_game_seq,player_id,preferred_team,team_name,seq) values (?,?,?,?,?,default)
    Hibernate: insert into ft_participants (draft_order,fantasy_game_seq,player_id,preferred_team,team_name,seq) values (?,?,?,?,?,default)
    Hibernate: insert into ft_participants (draft_order,fantasy_game_seq,player_id,preferred_team,team_name,seq) values (?,?,?,?,?,default)
    Hibernate: insert into ft_participants (draft_order,fantasy_game_seq,player_id,preferred_team,team_name,seq) values (?,?,?,?,?,default)
    Hibernate: insert into ft_participants (draft_order,fantasy_game_seq,player_id,preferred_team,team_name,seq) values (?,?,?,?,?,default)
    Hibernate: insert into ft_participants (draft_order,fantasy_game_seq,player_id,preferred_team,team_name,seq) values (?,?,?,?,?,default)
    Hibernate: insert into ft_participants (draft_order,fantasy_game_seq,player_id,preferred_team,team_name,seq) values (?,?,?,?,?,default)
    Hibernate: insert into ft_participants (draft_order,fantasy_game_seq,player_id,preferred_team,team_name,seq) values (?,?,?,?,?,default)
    Hibernate: insert into ft_participants (draft_order,fantasy_game_seq,player_id,preferred_team,team_name,seq) values (?,?,?,?,?,default)
    Hibernate: insert into ft_participants (draft_order,fantasy_game_seq,player_id,preferred_team,team_name,seq) values (?,?,?,?,?,default)
    Hibernate: insert into ft_participants (draft_order,fantasy_game_seq,player_id,preferred_team,team_name,seq) values (?,?,?,?,?,default)
    Hibernate: insert into ft_participants (draft_order,fantasy_game_seq,player_id,preferred_team,team_name,seq) values (?,?,?,?,?,default)
    Hibernate: insert into ft_participants (draft_order,fantasy_game_seq,player_id,preferred_team,team_name,seq) values (?,?,?,?,?,default)
    Hibernate: insert into ft_participants (draft_order,fantasy_game_seq,player_id,preferred_team,team_name,seq) values (?,?,?,?,?,default)
    Hibernate: insert into ft_participants (draft_order,fantasy_game_seq,player_id,preferred_team,team_name,seq) values (?,?,?,?,?,default)
    Hibernate: insert into ft_participants (draft_order,fantasy_game_seq,player_id,preferred_team,team_name,seq) values (?,?,?,?,?,default)
    Hibernate: insert into ft_participants (draft_order,fantasy_game_seq,player_id,preferred_team,team_name,seq) values (?,?,?,?,?,default)
    Hibernate: insert into ft_participants (draft_order,fantasy_game_seq,player_id,preferred_team,team_name,seq) values (?,?,?,?,?,default)
    Hibernate: insert into ft_participants (draft_order,fantasy_game_seq,player_id,preferred_team,team_name,seq) values (?,?,?,?,?,default)
    Hibernate: insert into ft_participants (draft_order,fantasy_game_seq,player_id,preferred_team,team_name,seq) values (?,?,?,?,?,default)
    Hibernate: insert into ft_participants (draft_order,fantasy_game_seq,player_id,preferred_team,team_name,seq) values (?,?,?,?,?,default)
    Hibernate: insert into ft_participants (draft_order,fantasy_game_seq,player_id,preferred_team,team_name,seq) values (?,?,?,?,?,default)
    Hibernate: insert into ft_participants (draft_order,fantasy_game_seq,player_id,preferred_team,team_name,seq) values (?,?,?,?,?,default)
    Hibernate: insert into ft_participants (draft_order,fantasy_game_seq,player_id,preferred_team,team_name,seq) values (?,?,?,?,?,default)
    Hibernate: insert into ft_participants (draft_order,fantasy_game_seq,player_id,preferred_team,team_name,seq) values (?,?,?,?,?,default)
    Hibernate: insert into ft_participants (draft_order,fantasy_game_seq,player_id,preferred_team,team_name,seq) values (?,?,?,?,?,default)
    Hibernate: insert into ft_participants (draft_order,fantasy_game_seq,player_id,preferred_team,team_name,seq) values (?,?,?,?,?,default)
    Hibernate: insert into ft_participants (draft_order,fantasy_game_seq,player_id,preferred_team,team_name,seq) values (?,?,?,?,?,default)
    Hibernate: insert into ft_participants (draft_order,fantasy_game_seq,player_id,preferred_team,team_name,seq) values (?,?,?,?,?,default)
    Hibernate: insert into ft_participants (draft_order,fantasy_game_seq,player_id,preferred_team,team_name,seq) values (?,?,?,?,?,default)
    Hibernate: insert into ft_participants (draft_order,fantasy_game_seq,player_id,preferred_team,team_name,seq) values (?,?,?,?,?,default)
    Hibernate: insert into ft_participants (draft_order,fantasy_game_seq,player_id,preferred_team,team_name,seq) values (?,?,?,?,?,default)
    Hibernate: insert into ft_participants (draft_order,fantasy_game_seq,player_id,preferred_team,team_name,seq) values (?,?,?,?,?,default)
    Hibernate: insert into ft_participants (draft_order,fantasy_game_seq,player_id,preferred_team,team_name,seq) values (?,?,?,?,?,default)
    Hibernate: insert into ft_participants (draft_order,fantasy_game_seq,player_id,preferred_team,team_name,seq) values (?,?,?,?,?,default)
    Hibernate: insert into ft_participants (draft_order,fantasy_game_seq,player_id,preferred_team,team_name,seq) values (?,?,?,?,?,default)
    Hibernate: insert into ft_participants (draft_order,fantasy_game_seq,player_id,preferred_team,team_name,seq) values (?,?,?,?,?,default)
    Hibernate: insert into ft_participants (draft_order,fantasy_game_seq,player_id,preferred_team,team_name,seq) values (?,?,?,?,?,default)
    Hibernate: insert into ft_participants (draft_order,fantasy_game_seq,player_id,preferred_team,team_name,seq) values (?,?,?,?,?,default)
    Hibernate: insert into ft_participants (draft_order,fantasy_game_seq,player_id,preferred_team,team_name,seq) values (?,?,?,?,?,default)
    Hibernate: insert into ft_participants (draft_order,fantasy_game_seq,player_id,preferred_team,team_name,seq) values (?,?,?,?,?,default)
    Hibernate: insert into ft_participants (draft_order,fantasy_game_seq,player_id,preferred_team,team_name,seq) values (?,?,?,?,?,default)
    Hibernate: insert into ft_participants (draft_order,fantasy_game_seq,player_id,preferred_team,team_name,seq) values (?,?,?,?,?,default)
    Hibernate: insert into ft_participants (draft_order,fantasy_game_seq,player_id,preferred_team,team_name,seq) values (?,?,?,?,?,default)
    Hibernate: insert into ft_participants (draft_order,fantasy_game_seq,player_id,preferred_team,team_name,seq) values (?,?,?,?,?,default)
    Hibernate: insert into ft_participants (draft_order,fantasy_game_seq,player_id,preferred_team,team_name,seq) values (?,?,?,?,?,default)
    Hibernate: insert into ft_participants (draft_order,fantasy_game_seq,player_id,preferred_team,team_name,seq) values (?,?,?,?,?,default)
    Hibernate: insert into ft_participants (draft_order,fantasy_game_seq,player_id,preferred_team,team_name,seq) values (?,?,?,?,?,default)
    Hibernate: insert into ft_participants (draft_order,fantasy_game_seq,player_id,preferred_team,team_name,seq) values (?,?,?,?,?,default)
    Hibernate: insert into ft_participants (draft_order,fantasy_game_seq,player_id,preferred_team,team_name,seq) values (?,?,?,?,?,default)
    Hibernate: insert into ft_participants (draft_order,fantasy_game_seq,player_id,preferred_team,team_name,seq) values (?,?,?,?,?,default)
    Hibernate: insert into ft_participants (draft_order,fantasy_game_seq,player_id,preferred_team,team_name,seq) values (?,?,?,?,?,default)
    Hibernate: insert into ft_participants (draft_order,fantasy_game_seq,player_id,preferred_team,team_name,seq) values (?,?,?,?,?,default)
    Hibernate: insert into ft_participants (draft_order,fantasy_game_seq,player_id,preferred_team,team_name,seq) values (?,?,?,?,?,default)
    Hibernate: insert into ft_participants (draft_order,fantasy_game_seq,player_id,preferred_team,team_name,seq) values (?,?,?,?,?,default)
    Hibernate: insert into ft_participants (draft_order,fantasy_game_seq,player_id,preferred_team,team_name,seq) values (?,?,?,?,?,default)
    Hibernate: insert into ft_participants (draft_order,fantasy_game_seq,player_id,preferred_team,team_name,seq) values (?,?,?,?,?,default)
    Hibernate: insert into ft_participants (draft_order,fantasy_game_seq,player_id,preferred_team,team_name,seq) values (?,?,?,?,?,default)
    Hibernate: insert into ft_participants (draft_order,fantasy_game_seq,player_id,preferred_team,team_name,seq) values (?,?,?,?,?,default)
    Hibernate: insert into ft_participants (draft_order,fantasy_game_seq,player_id,preferred_team,team_name,seq) values (?,?,?,?,?,default)
    Hibernate: insert into ft_participants (draft_order,fantasy_game_seq,player_id,preferred_team,team_name,seq) values (?,?,?,?,?,default)
    Hibernate: insert into ft_participants (draft_order,fantasy_game_seq,player_id,preferred_team,team_name,seq) values (?,?,?,?,?,default)
    Hibernate: insert into ft_participants (draft_order,fantasy_game_seq,player_id,preferred_team,team_name,seq) values (?,?,?,?,?,default)
    Hibernate: insert into ft_participants (draft_order,fantasy_game_seq,player_id,preferred_team,team_name,seq) values (?,?,?,?,?,default)
    Hibernate: insert into ft_participants (draft_order,fantasy_game_seq,player_id,preferred_team,team_name,seq) values (?,?,?,?,?,default)
    Hibernate: insert into ft_participants (draft_order,fantasy_game_seq,player_id,preferred_team,team_name,seq) values (?,?,?,?,?,default)
    Hibernate: insert into ft_participants (draft_order,fantasy_game_seq,player_id,preferred_team,team_name,seq) values (?,?,?,?,?,default)
    Hibernate: insert into ft_participants (draft_order,fantasy_game_seq,player_id,preferred_team,team_name,seq) values (?,?,?,?,?,default)
    Hibernate: insert into ft_participants (draft_order,fantasy_game_seq,player_id,preferred_team,team_name,seq) values (?,?,?,?,?,default)
    Hibernate: insert into ft_participants (draft_order,fantasy_game_seq,player_id,preferred_team,team_name,seq) values (?,?,?,?,?,default)
    Hibernate: insert into ft_participants (draft_order,fantasy_game_seq,player_id,preferred_team,team_name,seq) values (?,?,?,?,?,default)
    Hibernate: insert into ft_participants (draft_order,fantasy_game_seq,player_id,preferred_team,team_name,seq) values (?,?,?,?,?,default)
    Hibernate: insert into ft_participants (draft_order,fantasy_game_seq,player_id,preferred_team,team_name,seq) values (?,?,?,?,?,default)
    Hibernate: insert into ft_participants (draft_order,fantasy_game_seq,player_id,preferred_team,team_name,seq) values (?,?,?,?,?,default)
    Hibernate: insert into ft_participants (draft_order,fantasy_game_seq,player_id,preferred_team,team_name,seq) values (?,?,?,?,?,default)
    Hibernate: insert into ft_participants (draft_order,fantasy_game_seq,player_id,preferred_team,team_name,seq) values (?,?,?,?,?,default)
    Hibernate: insert into ft_participants (draft_order,fantasy_game_seq,player_id,preferred_team,team_name,seq) values (?,?,?,?,?,default)
    Hibernate: insert into ft_participants (draft_order,fantasy_game_seq,player_id,preferred_team,team_name,seq) values (?,?,?,?,?,default)
    Hibernate: insert into ft_participants (draft_order,fantasy_game_seq,player_id,preferred_team,team_name,seq) values (?,?,?,?,?,default)
    Hibernate: insert into ft_participants (draft_order,fantasy_game_seq,player_id,preferred_team,team_name,seq) values (?,?,?,?,?,default)
    Hibernate: insert into ft_participants (draft_order,fantasy_game_seq,player_id,preferred_team,team_name,seq) values (?,?,?,?,?,default)
    Hibernate: insert into ft_participants (draft_order,fantasy_game_seq,player_id,preferred_team,team_name,seq) values (?,?,?,?,?,default)
    Hibernate: insert into ft_participants (draft_order,fantasy_game_seq,player_id,preferred_team,team_name,seq) values (?,?,?,?,?,default)
    Hibernate: insert into ft_participants (draft_order,fantasy_game_seq,player_id,preferred_team,team_name,seq) values (?,?,?,?,?,default)
    Hibernate: insert into ft_participants (draft_order,fantasy_game_seq,player_id,preferred_team,team_name,seq) values (?,?,?,?,?,default)
    Hibernate: insert into ft_participants (draft_order,fantasy_game_seq,player_id,preferred_team,team_name,seq) values (?,?,?,?,?,default)
    Hibernate: insert into ft_participants (draft_order,fantasy_game_seq,player_id,preferred_team,team_name,seq) values (?,?,?,?,?,default)
    Hibernate: insert into ft_participants (draft_order,fantasy_game_seq,player_id,preferred_team,team_name,seq) values (?,?,?,?,?,default)
    Hibernate: insert into ft_participants (draft_order,fantasy_game_seq,player_id,preferred_team,team_name,seq) values (?,?,?,?,?,default)
    Hibernate: insert into ft_participants (draft_order,fantasy_game_seq,player_id,preferred_team,team_name,seq) values (?,?,?,?,?,default)
    Hibernate: insert into ft_participants (draft_order,fantasy_game_seq,player_id,preferred_team,team_name,seq) values (?,?,?,?,?,default)
    Hibernate: insert into ft_participants (draft_order,fantasy_game_seq,player_id,preferred_team,team_name,seq) values (?,?,?,?,?,default)
    Hibernate: insert into ft_participants (draft_order,fantasy_game_seq,player_id,preferred_team,team_name,seq) values (?,?,?,?,?,default)
    Hibernate: insert into ft_participants (draft_order,fantasy_game_seq,player_id,preferred_team,team_name,seq) values (?,?,?,?,?,default)
    Hibernate: insert into ft_participants (draft_order,fantasy_game_seq,player_id,preferred_team,team_name,seq) values (?,?,?,?,?,default)
    Hibernate: insert into ft_participants (draft_order,fantasy_game_seq,player_id,preferred_team,team_name,seq) values (?,?,?,?,?,default)
    Hibernate: insert into ft_participants (draft_order,fantasy_game_seq,player_id,preferred_team,team_name,seq) values (?,?,?,?,?,default)
    Hibernate: insert into ft_participants (draft_order,fantasy_game_seq,player_id,preferred_team,team_name,seq) values (?,?,?,?,?,default)
    Hibernate: insert into ft_participants (draft_order,fantasy_game_seq,player_id,preferred_team,team_name,seq) values (?,?,?,?,?,default)
    Hibernate: insert into ft_participants (draft_order,fantasy_game_seq,player_id,preferred_team,team_name,seq) values (?,?,?,?,?,default)
    Hibernate: insert into ft_participants (draft_order,fantasy_game_seq,player_id,preferred_team,team_name,seq) values (?,?,?,?,?,default)
    Hibernate: insert into ft_participants (draft_order,fantasy_game_seq,player_id,preferred_team,team_name,seq) values (?,?,?,?,?,default)
    Hibernate: insert into ft_participants (draft_order,fantasy_game_seq,player_id,preferred_team,team_name,seq) values (?,?,?,?,?,default)
    Hibernate: insert into ft_participants (draft_order,fantasy_game_seq,player_id,preferred_team,team_name,seq) values (?,?,?,?,?,default)
    Hibernate: insert into ft_participants (draft_order,fantasy_game_seq,player_id,preferred_team,team_name,seq) values (?,?,?,?,?,default)
    Hibernate: insert into ft_participants (draft_order,fantasy_game_seq,player_id,preferred_team,team_name,seq) values (?,?,?,?,?,default)
    Hibernate: insert into ft_participants (draft_order,fantasy_game_seq,player_id,preferred_team,team_name,seq) values (?,?,?,?,?,default)
    Hibernate: insert into ft_participants (draft_order,fantasy_game_seq,player_id,preferred_team,team_name,seq) values (?,?,?,?,?,default)
    Hibernate: insert into ft_participants (draft_order,fantasy_game_seq,player_id,preferred_team,team_name,seq) values (?,?,?,?,?,default)
    Hibernate: insert into ft_participants (draft_order,fantasy_game_seq,player_id,preferred_team,team_name,seq) values (?,?,?,?,?,default)
    Hibernate: insert into ft_participants (draft_order,fantasy_game_seq,player_id,preferred_team,team_name,seq) values (?,?,?,?,?,default)
    Hibernate: insert into ft_participants (draft_order,fantasy_game_seq,player_id,preferred_team,team_name,seq) values (?,?,?,?,?,default)
    Hibernate: insert into ft_participants (draft_order,fantasy_game_seq,player_id,preferred_team,team_name,seq) values (?,?,?,?,?,default)
    Hibernate: insert into ft_participants (draft_order,fantasy_game_seq,player_id,preferred_team,team_name,seq) values (?,?,?,?,?,default)
    Hibernate: insert into ft_participants (draft_order,fantasy_game_seq,player_id,preferred_team,team_name,seq) values (?,?,?,?,?,default)
    Hibernate: insert into ft_participants (draft_order,fantasy_game_seq,player_id,preferred_team,team_name,seq) values (?,?,?,?,?,default)
    Hibernate: insert into ft_participants (draft_order,fantasy_game_seq,player_id,preferred_team,team_name,seq) values (?,?,?,?,?,default)
    Hibernate: insert into ft_participants (draft_order,fantasy_game_seq,player_id,preferred_team,team_name,seq) values (?,?,?,?,?,default)
    Hibernate: insert into ft_participants (draft_order,fantasy_game_seq,player_id,preferred_team,team_name,seq) values (?,?,?,?,?,default)
    Hibernate: insert into ft_participants (draft_order,fantasy_game_seq,player_id,preferred_team,team_name,seq) values (?,?,?,?,?,default)
    Hibernate: insert into ft_participants (draft_order,fantasy_game_seq,player_id,preferred_team,team_name,seq) values (?,?,?,?,?,default)
    Hibernate: insert into ft_participants (draft_order,fantasy_game_seq,player_id,preferred_team,team_name,seq) values (?,?,?,?,?,default)
    Hibernate: insert into ft_participants (draft_order,fantasy_game_seq,player_id,preferred_team,team_name,seq) values (?,?,?,?,?,default)
    Hibernate: insert into ft_participants (draft_order,fantasy_game_seq,player_id,preferred_team,team_name,seq) values (?,?,?,?,?,default)
    Hibernate: insert into ft_participants (draft_order,fantasy_game_seq,player_id,preferred_team,team_name,seq) values (?,?,?,?,?,default)
    Hibernate: insert into ft_participants (draft_order,fantasy_game_seq,player_id,preferred_team,team_name,seq) values (?,?,?,?,?,default)
    Hibernate: insert into ft_participants (draft_order,fantasy_game_seq,player_id,preferred_team,team_name,seq) values (?,?,?,?,?,default)
    Hibernate: insert into ft_participants (draft_order,fantasy_game_seq,player_id,preferred_team,team_name,seq) values (?,?,?,?,?,default)
    Hibernate: insert into ft_participants (draft_order,fantasy_game_seq,player_id,preferred_team,team_name,seq) values (?,?,?,?,?,default)
    Hibernate: insert into ft_participants (draft_order,fantasy_game_seq,player_id,preferred_team,team_name,seq) values (?,?,?,?,?,default)
    Hibernate: insert into ft_participants (draft_order,fantasy_game_seq,player_id,preferred_team,team_name,seq) values (?,?,?,?,?,default)
    Hibernate: insert into ft_participants (draft_order,fantasy_game_seq,player_id,preferred_team,team_name,seq) values (?,?,?,?,?,default)
    Hibernate: insert into ft_participants (draft_order,fantasy_game_seq,player_id,preferred_team,team_name,seq) values (?,?,?,?,?,default)
    Hibernate: insert into ft_participants (draft_order,fantasy_game_seq,player_id,preferred_team,team_name,seq) values (?,?,?,?,?,default)
    Hibernate: insert into ft_participants (draft_order,fantasy_game_seq,player_id,preferred_team,team_name,seq) values (?,?,?,?,?,default)
    Hibernate: insert into ft_participants (draft_order,fantasy_game_seq,player_id,preferred_team,team_name,seq) values (?,?,?,?,?,default)
    Hibernate: insert into ft_participants (draft_order,fantasy_game_seq,player_id,preferred_team,team_name,seq) values (?,?,?,?,?,default)
    Hibernate: insert into ft_participants (draft_order,fantasy_game_seq,player_id,preferred_team,team_name,seq) values (?,?,?,?,?,default)
    Hibernate: insert into ft_participants (draft_order,fantasy_game_seq,player_id,preferred_team,team_name,seq) values (?,?,?,?,?,default)
    Hibernate: insert into ft_participants (draft_order,fantasy_game_seq,player_id,preferred_team,team_name,seq) values (?,?,?,?,?,default)
    Hibernate: insert into ft_participants (draft_order,fantasy_game_seq,player_id,preferred_team,team_name,seq) values (?,?,?,?,?,default)
    Hibernate: insert into ft_participants (draft_order,fantasy_game_seq,player_id,preferred_team,team_name,seq) values (?,?,?,?,?,default)
    Hibernate: insert into ft_participants (draft_order,fantasy_game_seq,player_id,preferred_team,team_name,seq) values (?,?,?,?,?,default)
    Hibernate: insert into ft_participants (draft_order,fantasy_game_seq,player_id,preferred_team,team_name,seq) values (?,?,?,?,?,default)
    Hibernate: insert into ft_participants (draft_order,fantasy_game_seq,player_id,preferred_team,team_name,seq) values (?,?,?,?,?,default)
    Hibernate: insert into ft_participants (draft_order,fantasy_game_seq,player_id,preferred_team,team_name,seq) values (?,?,?,?,?,default)
    Hibernate: insert into ft_participants (draft_order,fantasy_game_seq,player_id,preferred_team,team_name,seq) values (?,?,?,?,?,default)
    Hibernate: insert into ft_participants (draft_order,fantasy_game_seq,player_id,preferred_team,team_name,seq) values (?,?,?,?,?,default)
    Hibernate: insert into ft_participants (draft_order,fantasy_game_seq,player_id,preferred_team,team_name,seq) values (?,?,?,?,?,default)
    Hibernate: insert into ft_participants (draft_order,fantasy_game_seq,player_id,preferred_team,team_name,seq) values (?,?,?,?,?,default)
    Hibernate: insert into ft_participants (draft_order,fantasy_game_seq,player_id,preferred_team,team_name,seq) values (?,?,?,?,?,default)
    Hibernate: insert into ft_participants (draft_order,fantasy_game_seq,player_id,preferred_team,team_name,seq) values (?,?,?,?,?,default)
    Hibernate: insert into ft_participants (draft_order,fantasy_game_seq,player_id,preferred_team,team_name,seq) values (?,?,?,?,?,default)
    Hibernate: insert into ft_participants (draft_order,fantasy_game_seq,player_id,preferred_team,team_name,seq) values (?,?,?,?,?,default)
    Hibernate: insert into ft_participants (draft_order,fantasy_game_seq,player_id,preferred_team,team_name,seq) values (?,?,?,?,?,default)
    Hibernate: insert into ft_participants (draft_order,fantasy_game_seq,player_id,preferred_team,team_name,seq) values (?,?,?,?,?,default)
    Hibernate: insert into ft_participants (draft_order,fantasy_game_seq,player_id,preferred_team,team_name,seq) values (?,?,?,?,?,default)
    Hibernate: insert into ft_participants (draft_order,fantasy_game_seq,player_id,preferred_team,team_name,seq) values (?,?,?,?,?,default)
    Hibernate: insert into ft_participants (draft_order,fantasy_game_seq,player_id,preferred_team,team_name,seq) values (?,?,?,?,?,default)
    Hibernate: insert into ft_participants (draft_order,fantasy_game_seq,player_id,preferred_team,team_name,seq) values (?,?,?,?,?,default)
    Hibernate: insert into ft_participants (draft_order,fantasy_game_seq,player_id,preferred_team,team_name,seq) values (?,?,?,?,?,default)
    Hibernate: insert into ft_participants (draft_order,fantasy_game_seq,player_id,preferred_team,team_name,seq) values (?,?,?,?,?,default)
    Hibernate: insert into ft_participants (draft_order,fantasy_game_seq,player_id,preferred_team,team_name,seq) values (?,?,?,?,?,default)
    Hibernate: insert into ft_participants (draft_order,fantasy_game_seq,player_id,preferred_team,team_name,seq) values (?,?,?,?,?,default)
    Hibernate: insert into ft_participants (draft_order,fantasy_game_seq,player_id,preferred_team,team_name,seq) values (?,?,?,?,?,default)
    Hibernate: insert into ft_participants (draft_order,fantasy_game_seq,player_id,preferred_team,team_name,seq) values (?,?,?,?,?,default)
    Hibernate: insert into ft_participants (draft_order,fantasy_game_seq,player_id,preferred_team,team_name,seq) values (?,?,?,?,?,default)
    Hibernate: insert into ft_participants (draft_order,fantasy_game_seq,player_id,preferred_team,team_name,seq) values (?,?,?,?,?,default)
    Hibernate: insert into ft_participants (draft_order,fantasy_game_seq,player_id,preferred_team,team_name,seq) values (?,?,?,?,?,default)
    Hibernate: insert into ft_participants (draft_order,fantasy_game_seq,player_id,preferred_team,team_name,seq) values (?,?,?,?,?,default)
    Hibernate: insert into ft_participants (draft_order,fantasy_game_seq,player_id,preferred_team,team_name,seq) values (?,?,?,?,?,default)
    Hibernate: insert into ft_participants (draft_order,fantasy_game_seq,player_id,preferred_team,team_name,seq) values (?,?,?,?,?,default)
    Hibernate: insert into ft_participants (draft_order,fantasy_game_seq,player_id,preferred_team,team_name,seq) values (?,?,?,?,?,default)
    Hibernate: insert into ft_participants (draft_order,fantasy_game_seq,player_id,preferred_team,team_name,seq) values (?,?,?,?,?,default)
    Hibernate: insert into ft_participants (draft_order,fantasy_game_seq,player_id,preferred_team,team_name,seq) values (?,?,?,?,?,default)
    Hibernate: insert into ft_participants (draft_order,fantasy_game_seq,player_id,preferred_team,team_name,seq) values (?,?,?,?,?,default)
    Hibernate: insert into ft_participants (draft_order,fantasy_game_seq,player_id,preferred_team,team_name,seq) values (?,?,?,?,?,default)
    Hibernate: insert into ft_participants (draft_order,fantasy_game_seq,player_id,preferred_team,team_name,seq) values (?,?,?,?,?,default)
    Hibernate: insert into ft_participants (draft_order,fantasy_game_seq,player_id,preferred_team,team_name,seq) values (?,?,?,?,?,default)
    Hibernate: insert into ft_participants (draft_order,fantasy_game_seq,player_id,preferred_team,team_name,seq) values (?,?,?,?,?,default)
    Hibernate: insert into ft_participants (draft_order,fantasy_game_seq,player_id,preferred_team,team_name,seq) values (?,?,?,?,?,default)
    Hibernate: insert into ft_participants (draft_order,fantasy_game_seq,player_id,preferred_team,team_name,seq) values (?,?,?,?,?,default)
    Hibernate: insert into ft_participants (draft_order,fantasy_game_seq,player_id,preferred_team,team_name,seq) values (?,?,?,?,?,default)
    Hibernate: insert into ft_participants (draft_order,fantasy_game_seq,player_id,preferred_team,team_name,seq) values (?,?,?,?,?,default)
    Hibernate: insert into ft_participants (draft_order,fantasy_game_seq,player_id,preferred_team,team_name,seq) values (?,?,?,?,?,default)
    Hibernate: insert into ft_participants (draft_order,fantasy_game_seq,player_id,preferred_team,team_name,seq) values (?,?,?,?,?,default)
    Hibernate: insert into ft_participants (draft_order,fantasy_game_seq,player_id,preferred_team,team_name,seq) values (?,?,?,?,?,default)
    Hibernate: insert into ft_participants (draft_order,fantasy_game_seq,player_id,preferred_team,team_name,seq) values (?,?,?,?,?,default)
    Hibernate: insert into ft_participants (draft_order,fantasy_game_seq,player_id,preferred_team,team_name,seq) values (?,?,?,?,?,default)
    Hibernate: insert into ft_participants (draft_order,fantasy_game_seq,player_id,preferred_team,team_name,seq) values (?,?,?,?,?,default)
    Hibernate: insert into ft_participants (draft_order,fantasy_game_seq,player_id,preferred_team,team_name,seq) values (?,?,?,?,?,default)
    Hibernate: insert into ft_participants (draft_order,fantasy_game_seq,player_id,preferred_team,team_name,seq) values (?,?,?,?,?,default)
    Hibernate: insert into ft_participants (draft_order,fantasy_game_seq,player_id,preferred_team,team_name,seq) values (?,?,?,?,?,default)
    Hibernate: insert into ft_participants (draft_order,fantasy_game_seq,player_id,preferred_team,team_name,seq) values (?,?,?,?,?,default)
    Hibernate: insert into ft_participants (draft_order,fantasy_game_seq,player_id,preferred_team,team_name,seq) values (?,?,?,?,?,default)
    Hibernate: insert into ft_participants (draft_order,fantasy_game_seq,player_id,preferred_team,team_name,seq) values (?,?,?,?,?,default)
    Hibernate: insert into ft_participants (draft_order,fantasy_game_seq,player_id,preferred_team,team_name,seq) values (?,?,?,?,?,default)
    Hibernate: insert into ft_participants (draft_order,fantasy_game_seq,player_id,preferred_team,team_name,seq) values (?,?,?,?,?,default)
    Hibernate: insert into ft_participants (draft_order,fantasy_game_seq,player_id,preferred_team,team_name,seq) values (?,?,?,?,?,default)
    Hibernate: insert into ft_participants (draft_order,fantasy_game_seq,player_id,preferred_team,team_name,seq) values (?,?,?,?,?,default)
    Hibernate: insert into ft_participants (draft_order,fantasy_game_seq,player_id,preferred_team,team_name,seq) values (?,?,?,?,?,default)
    Hibernate: insert into ft_participants (draft_order,fantasy_game_seq,player_id,preferred_team,team_name,seq) values (?,?,?,?,?,default)
    Hibernate: insert into ft_participants (draft_order,fantasy_game_seq,player_id,preferred_team,team_name,seq) values (?,?,?,?,?,default)
    Hibernate: insert into ft_participants (draft_order,fantasy_game_seq,player_id,preferred_team,team_name,seq) values (?,?,?,?,?,default)
    Hibernate: insert into ft_participants (draft_order,fantasy_game_seq,player_id,preferred_team,team_name,seq) values (?,?,?,?,?,default)
    Hibernate: insert into ft_participants (draft_order,fantasy_game_seq,player_id,preferred_team,team_name,seq) values (?,?,?,?,?,default)
    Hibernate: insert into ft_participants (draft_order,fantasy_game_seq,player_id,preferred_team,team_name,seq) values (?,?,?,?,?,default)
    Hibernate: insert into ft_participants (draft_order,fantasy_game_seq,player_id,preferred_team,team_name,seq) values (?,?,?,?,?,default)
    Hibernate: insert into ft_participants (draft_order,fantasy_game_seq,player_id,preferred_team,team_name,seq) values (?,?,?,?,?,default)
    Hibernate: insert into ft_participants (draft_order,fantasy_game_seq,player_id,preferred_team,team_name,seq) values (?,?,?,?,?,default)
    Hibernate: insert into ft_participants (draft_order,fantasy_game_seq,player_id,preferred_team,team_name,seq) values (?,?,?,?,?,default)
    Hibernate: insert into ft_participants (draft_order,fantasy_game_seq,player_id,preferred_team,team_name,seq) values (?,?,?,?,?,default)
    Hibernate: insert into ft_participants (draft_order,fantasy_game_seq,player_id,preferred_team,team_name,seq) values (?,?,?,?,?,default)
    Hibernate: insert into ft_participants (draft_order,fantasy_game_seq,player_id,preferred_team,team_name,seq) values (?,?,?,?,?,default)
    Hibernate: insert into ft_participants (draft_order,fantasy_game_seq,player_id,preferred_team,team_name,seq) values (?,?,?,?,?,default)
    Hibernate: insert into ft_participants (draft_order,fantasy_game_seq,player_id,preferred_team,team_name,seq) values (?,?,?,?,?,default)
    Hibernate: insert into ft_participants (draft_order,fantasy_game_seq,player_id,preferred_team,team_name,seq) values (?,?,?,?,?,default)
    Hibernate: insert into ft_participants (draft_order,fantasy_game_seq,player_id,preferred_team,team_name,seq) values (?,?,?,?,?,default)
    Hibernate: insert into ft_participants (draft_order,fantasy_game_seq,player_id,preferred_team,team_name,seq) values (?,?,?,?,?,default)
    Hibernate: insert into ft_participants (draft_order,fantasy_game_seq,player_id,preferred_team,team_name,seq) values (?,?,?,?,?,default)
    Hibernate: insert into ft_participants (draft_order,fantasy_game_seq,player_id,preferred_team,team_name,seq) values (?,?,?,?,?,default)
    Hibernate: insert into ft_participants (draft_order,fantasy_game_seq,player_id,preferred_team,team_name,seq) values (?,?,?,?,?,default)
    Hibernate: insert into ft_participants (draft_order,fantasy_game_seq,player_id,preferred_team,team_name,seq) values (?,?,?,?,?,default)
    Hibernate: insert into ft_participants (draft_order,fantasy_game_seq,player_id,preferred_team,team_name,seq) values (?,?,?,?,?,default)
    Hibernate: insert into ft_participants (draft_order,fantasy_game_seq,player_id,preferred_team,team_name,seq) values (?,?,?,?,?,default)
    Hibernate: insert into ft_participants (draft_order,fantasy_game_seq,player_id,preferred_team,team_name,seq) values (?,?,?,?,?,default)
    Hibernate: insert into ft_participants (draft_order,fantasy_game_seq,player_id,preferred_team,team_name,seq) values (?,?,?,?,?,default)
    Hibernate: insert into ft_participants (draft_order,fantasy_game_seq,player_id,preferred_team,team_name,seq) values (?,?,?,?,?,default)
    Hibernate: insert into ft_participants (draft_order,fantasy_game_seq,player_id,preferred_team,team_name,seq) values (?,?,?,?,?,default)
    Hibernate: insert into ft_participants (draft_order,fantasy_game_seq,player_id,preferred_team,team_name,seq) values (?,?,?,?,?,default)
    Hibernate: insert into ft_participants (draft_order,fantasy_game_seq,player_id,preferred_team,team_name,seq) values (?,?,?,?,?,default)
    Hibernate: insert into ft_participants (draft_order,fantasy_game_seq,player_id,preferred_team,team_name,seq) values (?,?,?,?,?,default)
    Hibernate: insert into ft_participants (draft_order,fantasy_game_seq,player_id,preferred_team,team_name,seq) values (?,?,?,?,?,default)
    Hibernate: insert into ft_participants (draft_order,fantasy_game_seq,player_id,preferred_team,team_name,seq) values (?,?,?,?,?,default)
    Hibernate: insert into ft_participants (draft_order,fantasy_game_seq,player_id,preferred_team,team_name,seq) values (?,?,?,?,?,default)
    Hibernate: insert into ft_participants (draft_order,fantasy_game_seq,player_id,preferred_team,team_name,seq) values (?,?,?,?,?,default)
    Hibernate: insert into ft_participants (draft_order,fantasy_game_seq,player_id,preferred_team,team_name,seq) values (?,?,?,?,?,default)
    Hibernate: insert into ft_participants (draft_order,fantasy_game_seq,player_id,preferred_team,team_name,seq) values (?,?,?,?,?,default)
    Hibernate: insert into ft_participants (draft_order,fantasy_game_seq,player_id,preferred_team,team_name,seq) values (?,?,?,?,?,default)
    Hibernate: insert into ft_participants (draft_order,fantasy_game_seq,player_id,preferred_team,team_name,seq) values (?,?,?,?,?,default)
    Hibernate: insert into ft_participants (draft_order,fantasy_game_seq,player_id,preferred_team,team_name,seq) values (?,?,?,?,?,default)
    Hibernate: insert into ft_participants (draft_order,fantasy_game_seq,player_id,preferred_team,team_name,seq) values (?,?,?,?,?,default)
    Hibernate: insert into ft_participants (draft_order,fantasy_game_seq,player_id,preferred_team,team_name,seq) values (?,?,?,?,?,default)
    Hibernate: insert into ft_participants (draft_order,fantasy_game_seq,player_id,preferred_team,team_name,seq) values (?,?,?,?,?,default)
    Hibernate: insert into ft_participants (draft_order,fantasy_game_seq,player_id,preferred_team,team_name,seq) values (?,?,?,?,?,default)
    Hibernate: insert into ft_participants (draft_order,fantasy_game_seq,player_id,preferred_team,team_name,seq) values (?,?,?,?,?,default)
    Hibernate: insert into ft_participants (draft_order,fantasy_game_seq,player_id,preferred_team,team_name,seq) values (?,?,?,?,?,default)
    Hibernate: insert into ft_participants (draft_order,fantasy_game_seq,player_id,preferred_team,team_name,seq) values (?,?,?,?,?,default)
    Hibernate: insert into ft_participants (draft_order,fantasy_game_seq,player_id,preferred_team,team_name,seq) values (?,?,?,?,?,default)
    Hibernate: insert into ft_participants (draft_order,fantasy_game_seq,player_id,preferred_team,team_name,seq) values (?,?,?,?,?,default)
    Hibernate: insert into ft_participants (draft_order,fantasy_game_seq,player_id,preferred_team,team_name,seq) values (?,?,?,?,?,default)
    Hibernate: insert into ft_participants (draft_order,fantasy_game_seq,player_id,preferred_team,team_name,seq) values (?,?,?,?,?,default)
    Hibernate: insert into ft_participants (draft_order,fantasy_game_seq,player_id,preferred_team,team_name,seq) values (?,?,?,?,?,default)
    Hibernate: insert into ft_participants (draft_order,fantasy_game_seq,player_id,preferred_team,team_name,seq) values (?,?,?,?,?,default)
    Hibernate: insert into ft_participants (draft_order,fantasy_game_seq,player_id,preferred_team,team_name,seq) values (?,?,?,?,?,default)
    Hibernate: insert into ft_participants (draft_order,fantasy_game_seq,player_id,preferred_team,team_name,seq) values (?,?,?,?,?,default)
    Hibernate: insert into ft_participants (draft_order,fantasy_game_seq,player_id,preferred_team,team_name,seq) values (?,?,?,?,?,default)
    Hibernate: insert into ft_participants (draft_order,fantasy_game_seq,player_id,preferred_team,team_name,seq) values (?,?,?,?,?,default)
    Hibernate: insert into ft_participants (draft_order,fantasy_game_seq,player_id,preferred_team,team_name,seq) values (?,?,?,?,?,default)
    Hibernate: insert into ft_participants (draft_order,fantasy_game_seq,player_id,preferred_team,team_name,seq) values (?,?,?,?,?,default)
    Hibernate: insert into ft_participants (draft_order,fantasy_game_seq,player_id,preferred_team,team_name,seq) values (?,?,?,?,?,default)
    Hibernate: insert into ft_participants (draft_order,fantasy_game_seq,player_id,preferred_team,team_name,seq) values (?,?,?,?,?,default)
    Hibernate: insert into ft_participants (draft_order,fantasy_game_seq,player_id,preferred_team,team_name,seq) values (?,?,?,?,?,default)
    Hibernate: insert into ft_participants (draft_order,fantasy_game_seq,player_id,preferred_team,team_name,seq) values (?,?,?,?,?,default)
    Hibernate: insert into ft_participants (draft_order,fantasy_game_seq,player_id,preferred_team,team_name,seq) values (?,?,?,?,?,default)
    Hibernate: insert into ft_participants (draft_order,fantasy_game_seq,player_id,preferred_team,team_name,seq) values (?,?,?,?,?,default)
    Hibernate: insert into ft_participants (draft_order,fantasy_game_seq,player_id,preferred_team,team_name,seq) values (?,?,?,?,?,default)
    Hibernate: insert into ft_participants (draft_order,fantasy_game_seq,player_id,preferred_team,team_name,seq) values (?,?,?,?,?,default)
    Hibernate: insert into ft_participants (draft_order,fantasy_game_seq,player_id,preferred_team,team_name,seq) values (?,?,?,?,?,default)
    Hibernate: insert into ft_participants (draft_order,fantasy_game_seq,player_id,preferred_team,team_name,seq) values (?,?,?,?,?,default)
    Hibernate: insert into ft_participants (draft_order,fantasy_game_seq,player_id,preferred_team,team_name,seq) values (?,?,?,?,?,default)
    Hibernate: insert into ft_participants (draft_order,fantasy_game_seq,player_id,preferred_team,team_name,seq) values (?,?,?,?,?,default)
    Hibernate: insert into ft_participants (draft_order,fantasy_game_seq,player_id,preferred_team,team_name,seq) values (?,?,?,?,?,default)
    Hibernate: insert into ft_participants (draft_order,fantasy_game_seq,player_id,preferred_team,team_name,seq) values (?,?,?,?,?,default)
    Hibernate: insert into ft_participants (draft_order,fantasy_game_seq,player_id,preferred_team,team_name,seq) values (?,?,?,?,?,default)
    Hibernate: insert into ft_participants (draft_order,fantasy_game_seq,player_id,preferred_team,team_name,seq) values (?,?,?,?,?,default)
    Hibernate: insert into ft_participants (draft_order,fantasy_game_seq,player_id,preferred_team,team_name,seq) values (?,?,?,?,?,default)
    Hibernate: insert into ft_participants (draft_order,fantasy_game_seq,player_id,preferred_team,team_name,seq) values (?,?,?,?,?,default)
    Hibernate: insert into ft_participants (draft_order,fantasy_game_seq,player_id,preferred_team,team_name,seq) values (?,?,?,?,?,default)
    Hibernate: insert into ft_participants (draft_order,fantasy_game_seq,player_id,preferred_team,team_name,seq) values (?,?,?,?,?,default)
    Hibernate: insert into ft_participants (draft_order,fantasy_game_seq,player_id,preferred_team,team_name,seq) values (?,?,?,?,?,default)
    Hibernate: insert into ft_participants (draft_order,fantasy_game_seq,player_id,preferred_team,team_name,seq) values (?,?,?,?,?,default)
    Hibernate: insert into ft_participants (draft_order,fantasy_game_seq,player_id,preferred_team,team_name,seq) values (?,?,?,?,?,default)
    Hibernate: insert into ft_participants (draft_order,fantasy_game_seq,player_id,preferred_team,team_name,seq) values (?,?,?,?,?,default)
    Hibernate: insert into ft_participants (draft_order,fantasy_game_seq,player_id,preferred_team,team_name,seq) values (?,?,?,?,?,default)
    Hibernate: insert into ft_participants (draft_order,fantasy_game_seq,player_id,preferred_team,team_name,seq) values (?,?,?,?,?,default)
    Hibernate: insert into ft_participants (draft_order,fantasy_game_seq,player_id,preferred_team,team_name,seq) values (?,?,?,?,?,default)
    Hibernate: insert into ft_participants (draft_order,fantasy_game_seq,player_id,preferred_team,team_name,seq) values (?,?,?,?,?,default)
    Hibernate: insert into ft_participants (draft_order,fantasy_game_seq,player_id,preferred_team,team_name,seq) values (?,?,?,?,?,default)
    Hibernate: insert into ft_participants (draft_order,fantasy_game_seq,player_id,preferred_team,team_name,seq) values (?,?,?,?,?,default)
    Hibernate: insert into ft_participants (draft_order,fantasy_game_seq,player_id,preferred_team,team_name,seq) values (?,?,?,?,?,default)
    Hibernate: insert into ft_participants (draft_order,fantasy_game_seq,player_id,preferred_team,team_name,seq) values (?,?,?,?,?,default)
    Hibernate: insert into ft_participants (draft_order,fantasy_game_seq,player_id,preferred_team,team_name,seq) values (?,?,?,?,?,default)
    Hibernate: insert into ft_participants (draft_order,fantasy_game_seq,player_id,preferred_team,team_name,seq) values (?,?,?,?,?,default)
    Hibernate: insert into ft_participants (draft_order,fantasy_game_seq,player_id,preferred_team,team_name,seq) values (?,?,?,?,?,default)
    Hibernate: insert into ft_participants (draft_order,fantasy_game_seq,player_id,preferred_team,team_name,seq) values (?,?,?,?,?,default)
    Hibernate: insert into ft_participants (draft_order,fantasy_game_seq,player_id,preferred_team,team_name,seq) values (?,?,?,?,?,default)
    Hibernate: insert into ft_participants (draft_order,fantasy_game_seq,player_id,preferred_team,team_name,seq) values (?,?,?,?,?,default)
    Hibernate: insert into ft_participants (draft_order,fantasy_game_seq,player_id,preferred_team,team_name,seq) values (?,?,?,?,?,default)
    Hibernate: insert into ft_participants (draft_order,fantasy_game_seq,player_id,preferred_team,team_name,seq) values (?,?,?,?,?,default)
    Hibernate: insert into ft_participants (draft_order,fantasy_game_seq,player_id,preferred_team,team_name,seq) values (?,?,?,?,?,default)
    Hibernate: insert into ft_participants (draft_order,fantasy_game_seq,player_id,preferred_team,team_name,seq) values (?,?,?,?,?,default)
    Hibernate: insert into ft_participants (draft_order,fantasy_game_seq,player_id,preferred_team,team_name,seq) values (?,?,?,?,?,default)
    Hibernate: insert into ft_participants (draft_order,fantasy_game_seq,player_id,preferred_team,team_name,seq) values (?,?,?,?,?,default)
    Hibernate: insert into ft_participants (draft_order,fantasy_game_seq,player_id,preferred_team,team_name,seq) values (?,?,?,?,?,default)
    Hibernate: insert into ft_participants (draft_order,fantasy_game_seq,player_id,preferred_team,team_name,seq) values (?,?,?,?,?,default)
    Hibernate: insert into ft_participants (draft_order,fantasy_game_seq,player_id,preferred_team,team_name,seq) values (?,?,?,?,?,default)
    Hibernate: insert into ft_participants (draft_order,fantasy_game_seq,player_id,preferred_team,team_name,seq) values (?,?,?,?,?,default)
    Hibernate: insert into ft_participants (draft_order,fantasy_game_seq,player_id,preferred_team,team_name,seq) values (?,?,?,?,?,default)
    Hibernate: insert into ft_participants (draft_order,fantasy_game_seq,player_id,preferred_team,team_name,seq) values (?,?,?,?,?,default)
    Hibernate: insert into ft_participants (draft_order,fantasy_game_seq,player_id,preferred_team,team_name,seq) values (?,?,?,?,?,default)
    Hibernate: insert into ft_participants (draft_order,fantasy_game_seq,player_id,preferred_team,team_name,seq) values (?,?,?,?,?,default)
    Hibernate: insert into ft_participants (draft_order,fantasy_game_seq,player_id,preferred_team,team_name,seq) values (?,?,?,?,?,default)
    Hibernate: insert into ft_participants (draft_order,fantasy_game_seq,player_id,preferred_team,team_name,seq) values (?,?,?,?,?,default)
    Hibernate: insert into ft_participants (draft_order,fantasy_game_seq,player_id,preferred_team,team_name,seq) values (?,?,?,?,?,default)
    Hibernate: insert into ft_participants (draft_order,fantasy_game_seq,player_id,preferred_team,team_name,seq) values (?,?,?,?,?,default)
    Hibernate: insert into ft_participants (draft_order,fantasy_game_seq,player_id,preferred_team,team_name,seq) values (?,?,?,?,?,default)
    Hibernate: insert into ft_participants (draft_order,fantasy_game_seq,player_id,preferred_team,team_name,seq) values (?,?,?,?,?,default)
    Hibernate: insert into ft_participants (draft_order,fantasy_game_seq,player_id,preferred_team,team_name,seq) values (?,?,?,?,?,default)
    Hibernate: insert into ft_participants (draft_order,fantasy_game_seq,player_id,preferred_team,team_name,seq) values (?,?,?,?,?,default)
    Hibernate: insert into ft_participants (draft_order,fantasy_game_seq,player_id,preferred_team,team_name,seq) values (?,?,?,?,?,default)
    Hibernate: insert into ft_participants (draft_order,fantasy_game_seq,player_id,preferred_team,team_name,seq) values (?,?,?,?,?,default)
    Hibernate: insert into ft_participants (draft_order,fantasy_game_seq,player_id,preferred_team,team_name,seq) values (?,?,?,?,?,default)
    Hibernate: insert into ft_participants (draft_order,fantasy_game_seq,player_id,preferred_team,team_name,seq) values (?,?,?,?,?,default)
    Hibernate: insert into ft_participants (draft_order,fantasy_game_seq,player_id,preferred_team,team_name,seq) values (?,?,?,?,?,default)
    Hibernate: insert into ft_participants (draft_order,fantasy_game_seq,player_id,preferred_team,team_name,seq) values (?,?,?,?,?,default)
    Hibernate: insert into ft_participants (draft_order,fantasy_game_seq,player_id,preferred_team,team_name,seq) values (?,?,?,?,?,default)
    Hibernate: insert into ft_participants (draft_order,fantasy_game_seq,player_id,preferred_team,team_name,seq) values (?,?,?,?,?,default)
    Hibernate: insert into ft_participants (draft_order,fantasy_game_seq,player_id,preferred_team,team_name,seq) values (?,?,?,?,?,default)
    Hibernate: insert into ft_participants (draft_order,fantasy_game_seq,player_id,preferred_team,team_name,seq) values (?,?,?,?,?,default)
    Hibernate: insert into ft_participants (draft_order,fantasy_game_seq,player_id,preferred_team,team_name,seq) values (?,?,?,?,?,default)
    Hibernate: insert into ft_participants (draft_order,fantasy_game_seq,player_id,preferred_team,team_name,seq) values (?,?,?,?,?,default)
    Hibernate: insert into ft_participants (draft_order,fantasy_game_seq,player_id,preferred_team,team_name,seq) values (?,?,?,?,?,default)
    Hibernate: insert into ft_participants (draft_order,fantasy_game_seq,player_id,preferred_team,team_name,seq) values (?,?,?,?,?,default)
    Hibernate: insert into ft_participants (draft_order,fantasy_game_seq,player_id,preferred_team,team_name,seq) values (?,?,?,?,?,default)
    Hibernate: insert into ft_participants (draft_order,fantasy_game_seq,player_id,preferred_team,team_name,seq) values (?,?,?,?,?,default)
    Hibernate: insert into ft_participants (draft_order,fantasy_game_seq,player_id,preferred_team,team_name,seq) values (?,?,?,?,?,default)
    Hibernate: insert into ft_participants (draft_order,fantasy_game_seq,player_id,preferred_team,team_name,seq) values (?,?,?,?,?,default)
    Hibernate: insert into ft_participants (draft_order,fantasy_game_seq,player_id,preferred_team,team_name,seq) values (?,?,?,?,?,default)
    Hibernate: insert into ft_participants (draft_order,fantasy_game_seq,player_id,preferred_team,team_name,seq) values (?,?,?,?,?,default)
    Hibernate: insert into ft_participants (draft_order,fantasy_game_seq,player_id,preferred_team,team_name,seq) values (?,?,?,?,?,default)
    Hibernate: insert into ft_participants (draft_order,fantasy_game_seq,player_id,preferred_team,team_name,seq) values (?,?,?,?,?,default)
    Hibernate: insert into ft_participants (draft_order,fantasy_game_seq,player_id,preferred_team,team_name,seq) values (?,?,?,?,?,default)
    Hibernate: insert into ft_participants (draft_order,fantasy_game_seq,player_id,preferred_team,team_name,seq) values (?,?,?,?,?,default)
    Hibernate: insert into ft_participants (draft_order,fantasy_game_seq,player_id,preferred_team,team_name,seq) values (?,?,?,?,?,default)
    Hibernate: insert into ft_participants (draft_order,fantasy_game_seq,player_id,preferred_team,team_name,seq) values (?,?,?,?,?,default)
    Hibernate: insert into ft_participants (draft_order,fantasy_game_seq,player_id,preferred_team,team_name,seq) values (?,?,?,?,?,default)
    Hibernate: insert into ft_participants (draft_order,fantasy_game_seq,player_id,preferred_team,team_name,seq) values (?,?,?,?,?,default)
    Hibernate: insert into ft_participants (draft_order,fantasy_game_seq,player_id,preferred_team,team_name,seq) values (?,?,?,?,?,default)
    Hibernate: insert into ft_participants (draft_order,fantasy_game_seq,player_id,preferred_team,team_name,seq) values (?,?,?,?,?,default)
    Hibernate: insert into ft_participants (draft_order,fantasy_game_seq,player_id,preferred_team,team_name,seq) values (?,?,?,?,?,default)
    Hibernate: insert into ft_participants (draft_order,fantasy_game_seq,player_id,preferred_team,team_name,seq) values (?,?,?,?,?,default)
    Hibernate: insert into ft_participants (draft_order,fantasy_game_seq,player_id,preferred_team,team_name,seq) values (?,?,?,?,?,default)
    Hibernate: insert into ft_participants (draft_order,fantasy_game_seq,player_id,preferred_team,team_name,seq) values (?,?,?,?,?,default)
    Hibernate: insert into ft_participants (draft_order,fantasy_game_seq,player_id,preferred_team,team_name,seq) values (?,?,?,?,?,default)
    Hibernate: insert into ft_participants (draft_order,fantasy_game_seq,player_id,preferred_team,team_name,seq) values (?,?,?,?,?,default)
    Hibernate: insert into ft_participants (draft_order,fantasy_game_seq,player_id,preferred_team,team_name,seq) values (?,?,?,?,?,default)
    Hibernate: insert into ft_participants (draft_order,fantasy_game_seq,player_id,preferred_team,team_name,seq) values (?,?,?,?,?,default)
    Hibernate: insert into ft_participants (draft_order,fantasy_game_seq,player_id,preferred_team,team_name,seq) values (?,?,?,?,?,default)
    Hibernate: insert into ft_participants (draft_order,fantasy_game_seq,player_id,preferred_team,team_name,seq) values (?,?,?,?,?,default)
    Hibernate: insert into ft_participants (draft_order,fantasy_game_seq,player_id,preferred_team,team_name,seq) values (?,?,?,?,?,default)
    Hibernate: insert into ft_participants (draft_order,fantasy_game_seq,player_id,preferred_team,team_name,seq) values (?,?,?,?,?,default)
    Hibernate: insert into ft_participants (draft_order,fantasy_game_seq,player_id,preferred_team,team_name,seq) values (?,?,?,?,?,default)
    Hibernate: insert into ft_participants (draft_order,fantasy_game_seq,player_id,preferred_team,team_name,seq) values (?,?,?,?,?,default)
    Hibernate: insert into ft_participants (draft_order,fantasy_game_seq,player_id,preferred_team,team_name,seq) values (?,?,?,?,?,default)
    Hibernate: insert into ft_participants (draft_order,fantasy_game_seq,player_id,preferred_team,team_name,seq) values (?,?,?,?,?,default)
    Hibernate: insert into ft_participants (draft_order,fantasy_game_seq,player_id,preferred_team,team_name,seq) values (?,?,?,?,?,default)
    Hibernate: insert into ft_participants (draft_order,fantasy_game_seq,player_id,preferred_team,team_name,seq) values (?,?,?,?,?,default)
    Hibernate: insert into ft_participants (draft_order,fantasy_game_seq,player_id,preferred_team,team_name,seq) values (?,?,?,?,?,default)
    Hibernate: insert into ft_participants (draft_order,fantasy_game_seq,player_id,preferred_team,team_name,seq) values (?,?,?,?,?,default)
    Hibernate: insert into ft_participants (draft_order,fantasy_game_seq,player_id,preferred_team,team_name,seq) values (?,?,?,?,?,default)
    Hibernate: insert into ft_participants (draft_order,fantasy_game_seq,player_id,preferred_team,team_name,seq) values (?,?,?,?,?,default)
    Hibernate: insert into ft_participants (draft_order,fantasy_game_seq,player_id,preferred_team,team_name,seq) values (?,?,?,?,?,default)
    Hibernate: insert into ft_participants (draft_order,fantasy_game_seq,player_id,preferred_team,team_name,seq) values (?,?,?,?,?,default)
    Hibernate: insert into ft_participants (draft_order,fantasy_game_seq,player_id,preferred_team,team_name,seq) values (?,?,?,?,?,default)
    Hibernate: insert into ft_participants (draft_order,fantasy_game_seq,player_id,preferred_team,team_name,seq) values (?,?,?,?,?,default)
    Hibernate: insert into ft_participants (draft_order,fantasy_game_seq,player_id,preferred_team,team_name,seq) values (?,?,?,?,?,default)
    Hibernate: insert into ft_participants (draft_order,fantasy_game_seq,player_id,preferred_team,team_name,seq) values (?,?,?,?,?,default)
    Hibernate: insert into ft_participants (draft_order,fantasy_game_seq,player_id,preferred_team,team_name,seq) values (?,?,?,?,?,default)
    Hibernate: insert into ft_participants (draft_order,fantasy_game_seq,player_id,preferred_team,team_name,seq) values (?,?,?,?,?,default)
    Hibernate: insert into ft_participants (draft_order,fantasy_game_seq,player_id,preferred_team,team_name,seq) values (?,?,?,?,?,default)
    Hibernate: insert into ft_participants (draft_order,fantasy_game_seq,player_id,preferred_team,team_name,seq) values (?,?,?,?,?,default)
    Hibernate: insert into ft_participants (draft_order,fantasy_game_seq,player_id,preferred_team,team_name,seq) values (?,?,?,?,?,default)
    Hibernate: insert into ft_participants (draft_order,fantasy_game_seq,player_id,preferred_team,team_name,seq) values (?,?,?,?,?,default)
    Hibernate: insert into ft_participants (draft_order,fantasy_game_seq,player_id,preferred_team,team_name,seq) values (?,?,?,?,?,default)
    Hibernate: insert into ft_participants (draft_order,fantasy_game_seq,player_id,preferred_team,team_name,seq) values (?,?,?,?,?,default)
    Hibernate: insert into ft_participants (draft_order,fantasy_game_seq,player_id,preferred_team,team_name,seq) values (?,?,?,?,?,default)
    Hibernate: insert into ft_participants (draft_order,fantasy_game_seq,player_id,preferred_team,team_name,seq) values (?,?,?,?,?,default)
    Hibernate: insert into ft_participants (draft_order,fantasy_game_seq,player_id,preferred_team,team_name,seq) values (?,?,?,?,?,default)
    Hibernate: insert into ft_participants (draft_order,fantasy_game_seq,player_id,preferred_team,team_name,seq) values (?,?,?,?,?,default)
    Hibernate: insert into ft_participants (draft_order,fantasy_game_seq,player_id,preferred_team,team_name,seq) values (?,?,?,?,?,default)
    Hibernate: insert into ft_participants (draft_order,fantasy_game_seq,player_id,preferred_team,team_name,seq) values (?,?,?,?,?,default)
    Hibernate: insert into ft_participants (draft_order,fantasy_game_seq,player_id,preferred_team,team_name,seq) values (?,?,?,?,?,default)
    Hibernate: insert into ft_participants (draft_order,fantasy_game_seq,player_id,preferred_team,team_name,seq) values (?,?,?,?,?,default)
    Hibernate: insert into ft_participants (draft_order,fantasy_game_seq,player_id,preferred_team,team_name,seq) values (?,?,?,?,?,default)
    Hibernate: insert into ft_participants (draft_order,fantasy_game_seq,player_id,preferred_team,team_name,seq) values (?,?,?,?,?,default)
    Hibernate: insert into ft_participants (draft_order,fantasy_game_seq,player_id,preferred_team,team_name,seq) values (?,?,?,?,?,default)
    Hibernate: insert into ft_participants (draft_order,fantasy_game_seq,player_id,preferred_team,team_name,seq) values (?,?,?,?,?,default)
    Hibernate: insert into ft_participants (draft_order,fantasy_game_seq,player_id,preferred_team,team_name,seq) values (?,?,?,?,?,default)
    Hibernate: insert into ft_participants (draft_order,fantasy_game_seq,player_id,preferred_team,team_name,seq) values (?,?,?,?,?,default)
    Hibernate: insert into ft_participants (draft_order,fantasy_game_seq,player_id,preferred_team,team_name,seq) values (?,?,?,?,?,default)
    Hibernate: insert into ft_participants (draft_order,fantasy_game_seq,player_id,preferred_team,team_name,seq) values (?,?,?,?,?,default)
    Hibernate: insert into ft_participants (draft_order,fantasy_game_seq,player_id,preferred_team,team_name,seq) values (?,?,?,?,?,default)
    Hibernate: insert into ft_participants (draft_order,fantasy_game_seq,player_id,preferred_team,team_name,seq) values (?,?,?,?,?,default)
    Hibernate: insert into ft_participants (draft_order,fantasy_game_seq,player_id,preferred_team,team_name,seq) values (?,?,?,?,?,default)
    Hibernate: insert into ft_participants (draft_order,fantasy_game_seq,player_id,preferred_team,team_name,seq) values (?,?,?,?,?,default)
    Hibernate: insert into ft_participants (draft_order,fantasy_game_seq,player_id,preferred_team,team_name,seq) values (?,?,?,?,?,default)
    Hibernate: insert into ft_participants (draft_order,fantasy_game_seq,player_id,preferred_team,team_name,seq) values (?,?,?,?,?,default)
    Hibernate: insert into ft_participants (draft_order,fantasy_game_seq,player_id,preferred_team,team_name,seq) values (?,?,?,?,?,default)
    Hibernate: insert into ft_participants (draft_order,fantasy_game_seq,player_id,preferred_team,team_name,seq) values (?,?,?,?,?,default)
    Hibernate: insert into ft_participants (draft_order,fantasy_game_seq,player_id,preferred_team,team_name,seq) values (?,?,?,?,?,default)
    Hibernate: insert into ft_participants (draft_order,fantasy_game_seq,player_id,preferred_team,team_name,seq) values (?,?,?,?,?,default)
    Hibernate: insert into ft_participants (draft_order,fantasy_game_seq,player_id,preferred_team,team_name,seq) values (?,?,?,?,?,default)
    Hibernate: insert into ft_participants (draft_order,fantasy_game_seq,player_id,preferred_team,team_name,seq) values (?,?,?,?,?,default)
    Hibernate: insert into ft_participants (draft_order,fantasy_game_seq,player_id,preferred_team,team_name,seq) values (?,?,?,?,?,default)
    Hibernate: insert into ft_participants (draft_order,fantasy_game_seq,player_id,preferred_team,team_name,seq) values (?,?,?,?,?,default)
    Hibernate: insert into ft_participants (draft_order,fantasy_game_seq,player_id,preferred_team,team_name,seq) values (?,?,?,?,?,default)
    Hibernate: insert into ft_participants (draft_order,fantasy_game_seq,player_id,preferred_team,team_name,seq) values (?,?,?,?,?,default)
    Hibernate: insert into ft_participants (draft_order,fantasy_game_seq,player_id,preferred_team,team_name,seq) values (?,?,?,?,?,default)
    Hibernate: insert into ft_participants (draft_order,fantasy_game_seq,player_id,preferred_team,team_name,seq) values (?,?,?,?,?,default)
    Hibernate: insert into ft_participants (draft_order,fantasy_game_seq,player_id,preferred_team,team_name,seq) values (?,?,?,?,?,default)
    Hibernate: insert into ft_participants (draft_order,fantasy_game_seq,player_id,preferred_team,team_name,seq) values (?,?,?,?,?,default)
    Hibernate: insert into ft_participants (draft_order,fantasy_game_seq,player_id,preferred_team,team_name,seq) values (?,?,?,?,?,default)
    Hibernate: insert into ft_participants (draft_order,fantasy_game_seq,player_id,preferred_team,team_name,seq) values (?,?,?,?,?,default)
    Hibernate: insert into ft_participants (draft_order,fantasy_game_seq,player_id,preferred_team,team_name,seq) values (?,?,?,?,?,default)
    Hibernate: insert into ft_participants (draft_order,fantasy_game_seq,player_id,preferred_team,team_name,seq) values (?,?,?,?,?,default)
    Hibernate: insert into ft_participants (draft_order,fantasy_game_seq,player_id,preferred_team,team_name,seq) values (?,?,?,?,?,default)
    Hibernate: insert into ft_participants (draft_order,fantasy_game_seq,player_id,preferred_team,team_name,seq) values (?,?,?,?,?,default)
    Hibernate: insert into ft_participants (draft_order,fantasy_game_seq,player_id,preferred_team,team_name,seq) values (?,?,?,?,?,default)
    Hibernate: insert into ft_participants (draft_order,fantasy_game_seq,player_id,preferred_team,team_name,seq) values (?,?,?,?,?,default)
    Hibernate: insert into ft_participants (draft_order,fantasy_game_seq,player_id,preferred_team,team_name,seq) values (?,?,?,?,?,default)
    Hibernate: insert into ft_participants (draft_order,fantasy_game_seq,player_id,preferred_team,team_name,seq) values (?,?,?,?,?,default)
    Hibernate: insert into ft_participants (draft_order,fantasy_game_seq,player_id,preferred_team,team_name,seq) values (?,?,?,?,?,default)
    Hibernate: insert into ft_participants (draft_order,fantasy_game_seq,player_id,preferred_team,team_name,seq) values (?,?,?,?,?,default)
    Hibernate: insert into ft_participants (draft_order,fantasy_game_seq,player_id,preferred_team,team_name,seq) values (?,?,?,?,?,default)
    Hibernate: insert into ft_participants (draft_order,fantasy_game_seq,player_id,preferred_team,team_name,seq) values (?,?,?,?,?,default)
    Hibernate: insert into ft_participants (draft_order,fantasy_game_seq,player_id,preferred_team,team_name,seq) values (?,?,?,?,?,default)
    Hibernate: insert into ft_participants (draft_order,fantasy_game_seq,player_id,preferred_team,team_name,seq) values (?,?,?,?,?,default)
    Hibernate: insert into ft_participants (draft_order,fantasy_game_seq,player_id,preferred_team,team_name,seq) values (?,?,?,?,?,default)
    Hibernate: insert into ft_participants (draft_order,fantasy_game_seq,player_id,preferred_team,team_name,seq) values (?,?,?,?,?,default)
    Hibernate: insert into ft_participants (draft_order,fantasy_game_seq,player_id,preferred_team,team_name,seq) values (?,?,?,?,?,default)
    Hibernate: insert into ft_participants (draft_order,fantasy_game_seq,player_id,preferred_team,team_name,seq) values (?,?,?,?,?,default)
    Hibernate: insert into ft_participants (draft_order,fantasy_game_seq,player_id,preferred_team,team_name,seq) values (?,?,?,?,?,default)
    Hibernate: insert into ft_participants (draft_order,fantasy_game_seq,player_id,preferred_team,team_name,seq) values (?,?,?,?,?,default)
    Hibernate: insert into ft_participants (draft_order,fantasy_game_seq,player_id,preferred_team,team_name,seq) values (?,?,?,?,?,default)
    Hibernate: insert into ft_participants (draft_order,fantasy_game_seq,player_id,preferred_team,team_name,seq) values (?,?,?,?,?,default)
    Hibernate: insert into ft_participants (draft_order,fantasy_game_seq,player_id,preferred_team,team_name,seq) values (?,?,?,?,?,default)
    Hibernate: insert into ft_participants (draft_order,fantasy_game_seq,player_id,preferred_team,team_name,seq) values (?,?,?,?,?,default)
    Hibernate: insert into ft_participants (draft_order,fantasy_game_seq,player_id,preferred_team,team_name,seq) values (?,?,?,?,?,default)
    Hibernate: insert into ft_participants (draft_order,fantasy_game_seq,player_id,preferred_team,team_name,seq) values (?,?,?,?,?,default)
    Hibernate: insert into ft_participants (draft_order,fantasy_game_seq,player_id,preferred_team,team_name,seq) values (?,?,?,?,?,default)
    Hibernate: insert into ft_participants (draft_order,fantasy_game_seq,player_id,preferred_team,team_name,seq) values (?,?,?,?,?,default)
    Hibernate: insert into ft_participants (draft_order,fantasy_game_seq,player_id,preferred_team,team_name,seq) values (?,?,?,?,?,default)
    Hibernate: insert into ft_participants (draft_order,fantasy_game_seq,player_id,preferred_team,team_name,seq) values (?,?,?,?,?,default)
    Hibernate: insert into ft_participants (draft_order,fantasy_game_seq,player_id,preferred_team,team_name,seq) values (?,?,?,?,?,default)
    Hibernate: insert into ft_participants (draft_order,fantasy_game_seq,player_id,preferred_team,team_name,seq) values (?,?,?,?,?,default)
    Hibernate: insert into ft_participants (draft_order,fantasy_game_seq,player_id,preferred_team,team_name,seq) values (?,?,?,?,?,default)
    Hibernate: insert into ft_participants (draft_order,fantasy_game_seq,player_id,preferred_team,team_name,seq) values (?,?,?,?,?,default)
    Hibernate: insert into ft_participants (draft_order,fantasy_game_seq,player_id,preferred_team,team_name,seq) values (?,?,?,?,?,default)
    Hibernate: insert into ft_participants (draft_order,fantasy_game_seq,player_id,preferred_team,team_name,seq) values (?,?,?,?,?,default)
    Hibernate: insert into ft_participants (draft_order,fantasy_game_seq,player_id,preferred_team,team_name,seq) values (?,?,?,?,?,default)
    Hibernate: insert into ft_participants (draft_order,fantasy_game_seq,player_id,preferred_team,team_name,seq) values (?,?,?,?,?,default)
    Hibernate: insert into ft_participants (draft_order,fantasy_game_seq,player_id,preferred_team,team_name,seq) values (?,?,?,?,?,default)
    Hibernate: insert into ft_participants (draft_order,fantasy_game_seq,player_id,preferred_team,team_name,seq) values (?,?,?,?,?,default)
    Hibernate: insert into ft_participants (draft_order,fantasy_game_seq,player_id,preferred_team,team_name,seq) values (?,?,?,?,?,default)
    Hibernate: insert into ft_participants (draft_order,fantasy_game_seq,player_id,preferred_team,team_name,seq) values (?,?,?,?,?,default)
    Hibernate: insert into ft_participants (draft_order,fantasy_game_seq,player_id,preferred_team,team_name,seq) values (?,?,?,?,?,default)
    Hibernate: insert into ft_participants (draft_order,fantasy_game_seq,player_id,preferred_team,team_name,seq) values (?,?,?,?,?,default)
    Hibernate: insert into ft_participants (draft_order,fantasy_game_seq,player_id,preferred_team,team_name,seq) values (?,?,?,?,?,default)
    Hibernate: insert into ft_participants (draft_order,fantasy_game_seq,player_id,preferred_team,team_name,seq) values (?,?,?,?,?,default)
    Hibernate: insert into ft_participants (draft_order,fantasy_game_seq,player_id,preferred_team,team_name,seq) values (?,?,?,?,?,default)
    Hibernate: insert into ft_participants (draft_order,fantasy_game_seq,player_id,preferred_team,team_name,seq) values (?,?,?,?,?,default)
    Hibernate: insert into ft_participants (draft_order,fantasy_game_seq,player_id,preferred_team,team_name,seq) values (?,?,?,?,?,default)
    Hibernate: insert into ft_participants (draft_order,fantasy_game_seq,player_id,preferred_team,team_name,seq) values (?,?,?,?,?,default)
    Hibernate: insert into ft_participants (draft_order,fantasy_game_seq,player_id,preferred_team,team_name,seq) values (?,?,?,?,?,default)
    Hibernate: insert into ft_participants (draft_order,fantasy_game_seq,player_id,preferred_team,team_name,seq) values (?,?,?,?,?,default)
    Hibernate: insert into ft_participants (draft_order,fantasy_game_seq,player_id,preferred_team,team_name,seq) values (?,?,?,?,?,default)
    Hibernate: insert into ft_participants (draft_order,fantasy_game_seq,player_id,preferred_team,team_name,seq) values (?,?,?,?,?,default)
    Hibernate: insert into ft_participants (draft_order,fantasy_game_seq,player_id,preferred_team,team_name,seq) values (?,?,?,?,?,default)
    Hibernate: insert into ft_participants (draft_order,fantasy_game_seq,player_id,preferred_team,team_name,seq) values (?,?,?,?,?,default)
    Hibernate: insert into ft_participants (draft_order,fantasy_game_seq,player_id,preferred_team,team_name,seq) values (?,?,?,?,?,default)
    Hibernate: insert into ft_participants (draft_order,fantasy_game_seq,player_id,preferred_team,team_name,seq) values (?,?,?,?,?,default)
    Hibernate: insert into ft_participants (draft_order,fantasy_game_seq,player_id,preferred_team,team_name,seq) values (?,?,?,?,?,default)
    Hibernate: insert into ft_participants (draft_order,fantasy_game_seq,player_id,preferred_team,team_name,seq) values (?,?,?,?,?,default)
    Hibernate: insert into ft_participants (draft_order,fantasy_game_seq,player_id,preferred_team,team_name,seq) values (?,?,?,?,?,default)
    Hibernate: insert into ft_participants (draft_order,fantasy_game_seq,player_id,preferred_team,team_name,seq) values (?,?,?,?,?,default)
    Hibernate: insert into ft_participants (draft_order,fantasy_game_seq,player_id,preferred_team,team_name,seq) values (?,?,?,?,?,default)
    Hibernate: insert into ft_participants (draft_order,fantasy_game_seq,player_id,preferred_team,team_name,seq) values (?,?,?,?,?,default)
    Hibernate: insert into ft_participants (draft_order,fantasy_game_seq,player_id,preferred_team,team_name,seq) values (?,?,?,?,?,default)
    Hibernate: insert into ft_participants (draft_order,fantasy_game_seq,player_id,preferred_team,team_name,seq) values (?,?,?,?,?,default)
    Hibernate: insert into ft_participants (draft_order,fantasy_game_seq,player_id,preferred_team,team_name,seq) values (?,?,?,?,?,default)
    Hibernate: insert into ft_participants (draft_order,fantasy_game_seq,player_id,preferred_team,team_name,seq) values (?,?,?,?,?,default)
    Hibernate: insert into ft_participants (draft_order,fantasy_game_seq,player_id,preferred_team,team_name,seq) values (?,?,?,?,?,default)
    Hibernate: insert into ft_participants (draft_order,fantasy_game_seq,player_id,preferred_team,team_name,seq) values (?,?,?,?,?,default)
    Hibernate: insert into ft_participants (draft_order,fantasy_game_seq,player_id,preferred_team,team_name,seq) values (?,?,?,?,?,default)
    Hibernate: insert into ft_participants (draft_order,fantasy_game_seq,player_id,preferred_team,team_name,seq) values (?,?,?,?,?,default)
    Hibernate: insert into ft_participants (draft_order,fantasy_game_seq,player_id,preferred_team,team_name,seq) values (?,?,?,?,?,default)
    Hibernate: insert into ft_participants (draft_order,fantasy_game_seq,player_id,preferred_team,team_name,seq) values (?,?,?,?,?,default)
    Hibernate: insert into ft_participants (draft_order,fantasy_game_seq,player_id,preferred_team,team_name,seq) values (?,?,?,?,?,default)
    Hibernate: insert into ft_participants (draft_order,fantasy_game_seq,player_id,preferred_team,team_name,seq) values (?,?,?,?,?,default)
    Hibernate: insert into ft_participants (draft_order,fantasy_game_seq,player_id,preferred_team,team_name,seq) values (?,?,?,?,?,default)
    Hibernate: insert into ft_participants (draft_order,fantasy_game_seq,player_id,preferred_team,team_name,seq) values (?,?,?,?,?,default)
    Hibernate: insert into ft_participants (draft_order,fantasy_game_seq,player_id,preferred_team,team_name,seq) values (?,?,?,?,?,default)
    Hibernate: insert into ft_participants (draft_order,fantasy_game_seq,player_id,preferred_team,team_name,seq) values (?,?,?,?,?,default)
    Hibernate: insert into ft_participants (draft_order,fantasy_game_seq,player_id,preferred_team,team_name,seq) values (?,?,?,?,?,default)
    Hibernate: insert into ft_participants (draft_order,fantasy_game_seq,player_id,preferred_team,team_name,seq) values (?,?,?,?,?,default)
    Hibernate: insert into ft_participants (draft_order,fantasy_game_seq,player_id,preferred_team,team_name,seq) values (?,?,?,?,?,default)
    Hibernate: insert into ft_participants (draft_order,fantasy_game_seq,player_id,preferred_team,team_name,seq) values (?,?,?,?,?,default)
    Hibernate: insert into ft_participants (draft_order,fantasy_game_seq,player_id,preferred_team,team_name,seq) values (?,?,?,?,?,default)
    Hibernate: insert into ft_participants (draft_order,fantasy_game_seq,player_id,preferred_team,team_name,seq) values (?,?,?,?,?,default)
    Hibernate: insert into ft_participants (draft_order,fantasy_game_seq,player_id,preferred_team,team_name,seq) values (?,?,?,?,?,default)
    Hibernate: insert into ft_participants (draft_order,fantasy_game_seq,player_id,preferred_team,team_name,seq) values (?,?,?,?,?,default)
    Hibernate: insert into ft_participants (draft_order,fantasy_game_seq,player_id,preferred_team,team_name,seq) values (?,?,?,?,?,default)
    Hibernate: insert into ft_participants (draft_order,fantasy_game_seq,player_id,preferred_team,team_name,seq) values (?,?,?,?,?,default)
    Hibernate: insert into ft_participants (draft_order,fantasy_game_seq,player_id,preferred_team,team_name,seq) values (?,?,?,?,?,default)
    Hibernate: insert into ft_participants (draft_order,fantasy_game_seq,player_id,preferred_team,team_name,seq) values (?,?,?,?,?,default)
    Hibernate: insert into ft_participants (draft_order,fantasy_game_seq,player_id,preferred_team,team_name,seq) values (?,?,?,?,?,default)
    Hibernate: insert into ft_participants (draft_order,fantasy_game_seq,player_id,preferred_team,team_name,seq) values (?,?,?,?,?,default)
    Hibernate: insert into ft_participants (draft_order,fantasy_game_seq,player_id,preferred_team,team_name,seq) values (?,?,?,?,?,default)
    Hibernate: insert into ft_participants (draft_order,fantasy_game_seq,player_id,preferred_team,team_name,seq) values (?,?,?,?,?,default)
    Hibernate: insert into ft_participants (draft_order,fantasy_game_seq,player_id,preferred_team,team_name,seq) values (?,?,?,?,?,default)
    Hibernate: insert into ft_participants (draft_order,fantasy_game_seq,player_id,preferred_team,team_name,seq) values (?,?,?,?,?,default)
    Hibernate: insert into ft_participants (draft_order,fantasy_game_seq,player_id,preferred_team,team_name,seq) values (?,?,?,?,?,default)
    Hibernate: insert into ft_participants (draft_order,fantasy_game_seq,player_id,preferred_team,team_name,seq) values (?,?,?,?,?,default)
    Hibernate: insert into ft_participants (draft_order,fantasy_game_seq,player_id,preferred_team,team_name,seq) values (?,?,?,?,?,default)
    Hibernate: insert into ft_participants (draft_order,fantasy_game_seq,player_id,preferred_team,team_name,seq) values (?,?,?,?,?,default)
    Hibernate: insert into ft_participants (draft_order,fantasy_game_seq,player_id,preferred_team,team_name,seq) values (?,?,?,?,?,default)
    Hibernate: insert into ft_participants (draft_order,fantasy_game_seq,player_id,preferred_team,team_name,seq) values (?,?,?,?,?,default)
    Hibernate: insert into ft_participants (draft_order,fantasy_game_seq,player_id,preferred_team,team_name,seq) values (?,?,?,?,?,default)
    Hibernate: insert into ft_participants (draft_order,fantasy_game_seq,player_id,preferred_team,team_name,seq) values (?,?,?,?,?,default)
    Hibernate: insert into ft_participants (draft_order,fantasy_game_seq,player_id,preferred_team,team_name,seq) values (?,?,?,?,?,default)
    Hibernate: insert into ft_participants (draft_order,fantasy_game_seq,player_id,preferred_team,team_name,seq) values (?,?,?,?,?,default)
    Hibernate: insert into ft_participants (draft_order,fantasy_game_seq,player_id,preferred_team,team_name,seq) values (?,?,?,?,?,default)
    Hibernate: insert into ft_participants (draft_order,fantasy_game_seq,player_id,preferred_team,team_name,seq) values (?,?,?,?,?,default)
    Hibernate: insert into ft_participants (draft_order,fantasy_game_seq,player_id,preferred_team,team_name,seq) values (?,?,?,?,?,default)
    Hibernate: insert into ft_participants (draft_order,fantasy_game_seq,player_id,preferred_team,team_name,seq) values (?,?,?,?,?,default)
    Hibernate: insert into ft_participants (draft_order,fantasy_game_seq,player_id,preferred_team,team_name,seq) values (?,?,?,?,?,default)
    Hibernate: insert into ft_participants (draft_order,fantasy_game_seq,player_id,preferred_team,team_name,seq) values (?,?,?,?,?,default)
    Hibernate: insert into ft_participants (draft_order,fantasy_game_seq,player_id,preferred_team,team_name,seq) values (?,?,?,?,?,default)
    Hibernate: insert into ft_participants (draft_order,fantasy_game_seq,player_id,preferred_team,team_name,seq) values (?,?,?,?,?,default)
    Hibernate: insert into ft_participants (draft_order,fantasy_game_seq,player_id,preferred_team,team_name,seq) values (?,?,?,?,?,default)
    Hibernate: insert into ft_participants (draft_order,fantasy_game_seq,player_id,preferred_team,team_name,seq) values (?,?,?,?,?,default)
    Hibernate: insert into ft_participants (draft_order,fantasy_game_seq,player_id,preferred_team,team_name,seq) values (?,?,?,?,?,default)
    Hibernate: insert into ft_participants (draft_order,fantasy_game_seq,player_id,preferred_team,team_name,seq) values (?,?,?,?,?,default)
    Hibernate: insert into ft_participants (draft_order,fantasy_game_seq,player_id,preferred_team,team_name,seq) values (?,?,?,?,?,default)
    Hibernate: insert into ft_participants (draft_order,fantasy_game_seq,player_id,preferred_team,team_name,seq) values (?,?,?,?,?,default)
    Hibernate: insert into ft_participants (draft_order,fantasy_game_seq,player_id,preferred_team,team_name,seq) values (?,?,?,?,?,default)
    Hibernate: insert into ft_participants (draft_order,fantasy_game_seq,player_id,preferred_team,team_name,seq) values (?,?,?,?,?,default)
    Hibernate: insert into ft_participants (draft_order,fantasy_game_seq,player_id,preferred_team,team_name,seq) values (?,?,?,?,?,default)
    Hibernate: insert into ft_participants (draft_order,fantasy_game_seq,player_id,preferred_team,team_name,seq) values (?,?,?,?,?,default)
    Hibernate: insert into ft_participants (draft_order,fantasy_game_seq,player_id,preferred_team,team_name,seq) values (?,?,?,?,?,default)
    Hibernate: insert into ft_participants (draft_order,fantasy_game_seq,player_id,preferred_team,team_name,seq) values (?,?,?,?,?,default)
    Hibernate: insert into ft_participants (draft_order,fantasy_game_seq,player_id,preferred_team,team_name,seq) values (?,?,?,?,?,default)
    Hibernate: insert into ft_participants (draft_order,fantasy_game_seq,player_id,preferred_team,team_name,seq) values (?,?,?,?,?,default)
    Hibernate: insert into ft_participants (draft_order,fantasy_game_seq,player_id,preferred_team,team_name,seq) values (?,?,?,?,?,default)
    Hibernate: insert into ft_participants (draft_order,fantasy_game_seq,player_id,preferred_team,team_name,seq) values (?,?,?,?,?,default)
    Hibernate: insert into ft_participants (draft_order,fantasy_game_seq,player_id,preferred_team,team_name,seq) values (?,?,?,?,?,default)
    Hibernate: insert into ft_participants (draft_order,fantasy_game_seq,player_id,preferred_team,team_name,seq) values (?,?,?,?,?,default)
    Hibernate: insert into ft_participants (draft_order,fantasy_game_seq,player_id,preferred_team,team_name,seq) values (?,?,?,?,?,default)
    Hibernate: insert into ft_participants (draft_order,fantasy_game_seq,player_id,preferred_team,team_name,seq) values (?,?,?,?,?,default)
    Hibernate: insert into ft_participants (draft_order,fantasy_game_seq,player_id,preferred_team,team_name,seq) values (?,?,?,?,?,default)
    Hibernate: insert into ft_participants (draft_order,fantasy_game_seq,player_id,preferred_team,team_name,seq) values (?,?,?,?,?,default)
    Hibernate: insert into ft_participants (draft_order,fantasy_game_seq,player_id,preferred_team,team_name,seq) values (?,?,?,?,?,default)
    Hibernate: insert into ft_participants (draft_order,fantasy_game_seq,player_id,preferred_team,team_name,seq) values (?,?,?,?,?,default)
    Hibernate: insert into ft_participants (draft_order,fantasy_game_seq,player_id,preferred_team,team_name,seq) values (?,?,?,?,?,default)
    Hibernate: insert into ft_participants (draft_order,fantasy_game_seq,player_id,preferred_team,team_name,seq) values (?,?,?,?,?,default)
    Hibernate: insert into ft_participants (draft_order,fantasy_game_seq,player_id,preferred_team,team_name,seq) values (?,?,?,?,?,default)
    Hibernate: insert into ft_participants (draft_order,fantasy_game_seq,player_id,preferred_team,team_name,seq) values (?,?,?,?,?,default)
    Hibernate: insert into ft_participants (draft_order,fantasy_game_seq,player_id,preferred_team,team_name,seq) values (?,?,?,?,?,default)
    Hibernate: insert into ft_participants (draft_order,fantasy_game_seq,player_id,preferred_team,team_name,seq) values (?,?,?,?,?,default)
    Hibernate: insert into ft_participants (draft_order,fantasy_game_seq,player_id,preferred_team,team_name,seq) values (?,?,?,?,?,default)
    Hibernate: insert into ft_participants (draft_order,fantasy_game_seq,player_id,preferred_team,team_name,seq) values (?,?,?,?,?,default)
    Hibernate: insert into ft_participants (draft_order,fantasy_game_seq,player_id,preferred_team,team_name,seq) values (?,?,?,?,?,default)
    Hibernate: insert into ft_participants (draft_order,fantasy_game_seq,player_id,preferred_team,team_name,seq) values (?,?,?,?,?,default)
    Hibernate: insert into ft_participants (draft_order,fantasy_game_seq,player_id,preferred_team,team_name,seq) values (?,?,?,?,?,default)
    Hibernate: insert into ft_participants (draft_order,fantasy_game_seq,player_id,preferred_team,team_name,seq) values (?,?,?,?,?,default)
    Hibernate: insert into ft_participants (draft_order,fantasy_game_seq,player_id,preferred_team,team_name,seq) values (?,?,?,?,?,default)
    Hibernate: insert into ft_participants (draft_order,fantasy_game_seq,player_id,preferred_team,team_name,seq) values (?,?,?,?,?,default)
    Hibernate: insert into ft_participants (draft_order,fantasy_game_seq,player_id,preferred_team,team_name,seq) values (?,?,?,?,?,default)
    Hibernate: insert into ft_participants (draft_order,fantasy_game_seq,player_id,preferred_team,team_name,seq) values (?,?,?,?,?,default)
    Hibernate: insert into ft_participants (draft_order,fantasy_game_seq,player_id,preferred_team,team_name,seq) values (?,?,?,?,?,default)
    Hibernate: insert into ft_participants (draft_order,fantasy_game_seq,player_id,preferred_team,team_name,seq) values (?,?,?,?,?,default)
    Hibernate: insert into ft_participants (draft_order,fantasy_game_seq,player_id,preferred_team,team_name,seq) values (?,?,?,?,?,default)
    Hibernate: insert into ft_participants (draft_order,fantasy_game_seq,player_id,preferred_team,team_name,seq) values (?,?,?,?,?,default)
    Hibernate: insert into ft_participants (draft_order,fantasy_game_seq,player_id,preferred_team,team_name,seq) values (?,?,?,?,?,default)
    Hibernate: insert into ft_participants (draft_order,fantasy_game_seq,player_id,preferred_team,team_name,seq) values (?,?,?,?,?,default)
    Hibernate: insert into ft_participants (draft_order,fantasy_game_seq,player_id,preferred_team,team_name,seq) values (?,?,?,?,?,default)
    Hibernate: insert into ft_participants (draft_order,fantasy_game_seq,player_id,preferred_team,team_name,seq) values (?,?,?,?,?,default)
    Hibernate: insert into ft_participants (draft_order,fantasy_game_seq,player_id,preferred_team,team_name,seq) values (?,?,?,?,?,default)
    Hibernate: insert into ft_participants (draft_order,fantasy_game_seq,player_id,preferred_team,team_name,seq) values (?,?,?,?,?,default)
    Hibernate: insert into ft_participants (draft_order,fantasy_game_seq,player_id,preferred_team,team_name,seq) values (?,?,?,?,?,default)
    Hibernate: insert into ft_participants (draft_order,fantasy_game_seq,player_id,preferred_team,team_name,seq) values (?,?,?,?,?,default)
    Hibernate: insert into ft_participants (draft_order,fantasy_game_seq,player_id,preferred_team,team_name,seq) values (?,?,?,?,?,default)
    Hibernate: insert into ft_participants (draft_order,fantasy_game_seq,player_id,preferred_team,team_name,seq) values (?,?,?,?,?,default)
    Hibernate: insert into ft_participants (draft_order,fantasy_game_seq,player_id,preferred_team,team_name,seq) values (?,?,?,?,?,default)
    Hibernate: insert into ft_participants (draft_order,fantasy_game_seq,player_id,preferred_team,team_name,seq) values (?,?,?,?,?,default)
    Hibernate: insert into ft_participants (draft_order,fantasy_game_seq,player_id,preferred_team,team_name,seq) values (?,?,?,?,?,default)
    Hibernate: insert into ft_participants (draft_order,fantasy_game_seq,player_id,preferred_team,team_name,seq) values (?,?,?,?,?,default)
    Hibernate: insert into ft_participants (draft_order,fantasy_game_seq,player_id,preferred_team,team_name,seq) values (?,?,?,?,?,default)
    Hibernate: insert into ft_participants (draft_order,fantasy_game_seq,player_id,preferred_team,team_name,seq) values (?,?,?,?,?,default)
    Hibernate: insert into ft_participants (draft_order,fantasy_game_seq,player_id,preferred_team,team_name,seq) values (?,?,?,?,?,default)
    Hibernate: insert into ft_participants (draft_order,fantasy_game_seq,player_id,preferred_team,team_name,seq) values (?,?,?,?,?,default)
    Hibernate: insert into ft_participants (draft_order,fantasy_game_seq,player_id,preferred_team,team_name,seq) values (?,?,?,?,?,default)
    Hibernate: insert into ft_participants (draft_order,fantasy_game_seq,player_id,preferred_team,team_name,seq) values (?,?,?,?,?,default)
    Hibernate: insert into ft_participants (draft_order,fantasy_game_seq,player_id,preferred_team,team_name,seq) values (?,?,?,?,?,default)
    Hibernate: insert into ft_participants (draft_order,fantasy_game_seq,player_id,preferred_team,team_name,seq) values (?,?,?,?,?,default)
    Hibernate: insert into ft_participants (draft_order,fantasy_game_seq,player_id,preferred_team,team_name,seq) values (?,?,?,?,?,default)
    Hibernate: insert into ft_participants (draft_order,fantasy_game_seq,player_id,preferred_team,team_name,seq) values (?,?,?,?,?,default)
    Hibernate: insert into ft_participants (draft_order,fantasy_game_seq,player_id,preferred_team,team_name,seq) values (?,?,?,?,?,default)
    Hibernate: insert into ft_participants (draft_order,fantasy_game_seq,player_id,preferred_team,team_name,seq) values (?,?,?,?,?,default)
    Hibernate: insert into ft_participants (draft_order,fantasy_game_seq,player_id,preferred_team,team_name,seq) values (?,?,?,?,?,default)
    Hibernate: insert into ft_participants (draft_order,fantasy_game_seq,player_id,preferred_team,team_name,seq) values (?,?,?,?,?,default)
    Hibernate: insert into ft_participants (draft_order,fantasy_game_seq,player_id,preferred_team,team_name,seq) values (?,?,?,?,?,default)
    Hibernate: insert into ft_participants (draft_order,fantasy_game_seq,player_id,preferred_team,team_name,seq) values (?,?,?,?,?,default)
    Hibernate: insert into ft_participants (draft_order,fantasy_game_seq,player_id,preferred_team,team_name,seq) values (?,?,?,?,?,default)
    Hibernate: insert into ft_participants (draft_order,fantasy_game_seq,player_id,preferred_team,team_name,seq) values (?,?,?,?,?,default)
    Hibernate: insert into ft_participants (draft_order,fantasy_game_seq,player_id,preferred_team,team_name,seq) values (?,?,?,?,?,default)
    Hibernate: insert into ft_participants (draft_order,fantasy_game_seq,player_id,preferred_team,team_name,seq) values (?,?,?,?,?,default)
    Hibernate: insert into ft_participants (draft_order,fantasy_game_seq,player_id,preferred_team,team_name,seq) values (?,?,?,?,?,default)
    Hibernate: insert into ft_participants (draft_order,fantasy_game_seq,player_id,preferred_team,team_name,seq) values (?,?,?,?,?,default)
    Hibernate: insert into ft_participants (draft_order,fantasy_game_seq,player_id,preferred_team,team_name,seq) values (?,?,?,?,?,default)
    Hibernate: insert into ft_participants (draft_order,fantasy_game_seq,player_id,preferred_team,team_name,seq) values (?,?,?,?,?,default)
    Hibernate: insert into ft_participants (draft_order,fantasy_game_seq,player_id,preferred_team,team_name,seq) values (?,?,?,?,?,default)
    Hibernate: insert into ft_participants (draft_order,fantasy_game_seq,player_id,preferred_team,team_name,seq) values (?,?,?,?,?,default)
    Hibernate: insert into ft_participants (draft_order,fantasy_game_seq,player_id,preferred_team,team_name,seq) values (?,?,?,?,?,default)
    Hibernate: insert into ft_participants (draft_order,fantasy_game_seq,player_id,preferred_team,team_name,seq) values (?,?,?,?,?,default)
    Hibernate: insert into ft_participants (draft_order,fantasy_game_seq,player_id,preferred_team,team_name,seq) values (?,?,?,?,?,default)
    Hibernate: insert into ft_participants (draft_order,fantasy_game_seq,player_id,preferred_team,team_name,seq) values (?,?,?,?,?,default)
    Hibernate: insert into ft_participants (draft_order,fantasy_game_seq,player_id,preferred_team,team_name,seq) values (?,?,?,?,?,default)
    Hibernate: insert into ft_participants (draft_order,fantasy_game_seq,player_id,preferred_team,team_name,seq) values (?,?,?,?,?,default)
    Hibernate: insert into ft_participants (draft_order,fantasy_game_seq,player_id,preferred_team,team_name,seq) values (?,?,?,?,?,default)
    Hibernate: insert into ft_participants (draft_order,fantasy_game_seq,player_id,preferred_team,team_name,seq) values (?,?,?,?,?,default)
    Hibernate: insert into ft_participants (draft_order,fantasy_game_seq,player_id,preferred_team,team_name,seq) values (?,?,?,?,?,default)
    Hibernate: insert into ft_participants (draft_order,fantasy_game_seq,player_id,preferred_team,team_name,seq) values (?,?,?,?,?,default)
    Hibernate: insert into ft_participants (draft_order,fantasy_game_seq,player_id,preferred_team,team_name,seq) values (?,?,?,?,?,default)
    Hibernate: insert into ft_participants (draft_order,fantasy_game_seq,player_id,preferred_team,team_name,seq) values (?,?,?,?,?,default)
    Hibernate: insert into ft_participants (draft_order,fantasy_game_seq,player_id,preferred_team,team_name,seq) values (?,?,?,?,?,default)
    Hibernate: insert into ft_participants (draft_order,fantasy_game_seq,player_id,preferred_team,team_name,seq) values (?,?,?,?,?,default)
    Hibernate: insert into ft_participants (draft_order,fantasy_game_seq,player_id,preferred_team,team_name,seq) values (?,?,?,?,?,default)
    Hibernate: insert into ft_participants (draft_order,fantasy_game_seq,player_id,preferred_team,team_name,seq) values (?,?,?,?,?,default)
    Hibernate: insert into ft_participants (draft_order,fantasy_game_seq,player_id,preferred_team,team_name,seq) values (?,?,?,?,?,default)
    Hibernate: insert into ft_participants (draft_order,fantasy_game_seq,player_id,preferred_team,team_name,seq) values (?,?,?,?,?,default)
    Hibernate: insert into ft_participants (draft_order,fantasy_game_seq,player_id,preferred_team,team_name,seq) values (?,?,?,?,?,default)
    Hibernate: insert into ft_participants (draft_order,fantasy_game_seq,player_id,preferred_team,team_name,seq) values (?,?,?,?,?,default)
    Hibernate: insert into ft_participants (draft_order,fantasy_game_seq,player_id,preferred_team,team_name,seq) values (?,?,?,?,?,default)
    Hibernate: insert into ft_participants (draft_order,fantasy_game_seq,player_id,preferred_team,team_name,seq) values (?,?,?,?,?,default)
    Hibernate: insert into ft_participants (draft_order,fantasy_game_seq,player_id,preferred_team,team_name,seq) values (?,?,?,?,?,default)
    Hibernate: insert into ft_participants (draft_order,fantasy_game_seq,player_id,preferred_team,team_name,seq) values (?,?,?,?,?,default)
    Hibernate: insert into ft_participants (draft_order,fantasy_game_seq,player_id,preferred_team,team_name,seq) values (?,?,?,?,?,default)
    Hibernate: insert into ft_participants (draft_order,fantasy_game_seq,player_id,preferred_team,team_name,seq) values (?,?,?,?,?,default)
    Hibernate: insert into ft_participants (draft_order,fantasy_game_seq,player_id,preferred_team,team_name,seq) values (?,?,?,?,?,default)
    Hibernate: insert into ft_participants (draft_order,fantasy_game_seq,player_id,preferred_team,team_name,seq) values (?,?,?,?,?,default)
    Hibernate: insert into ft_participants (draft_order,fantasy_game_seq,player_id,preferred_team,team_name,seq) values (?,?,?,?,?,default)
    Hibernate: insert into ft_participants (draft_order,fantasy_game_seq,player_id,preferred_team,team_name,seq) values (?,?,?,?,?,default)
    Hibernate: insert into ft_participants (draft_order,fantasy_game_seq,player_id,preferred_team,team_name,seq) values (?,?,?,?,?,default)
    Hibernate: insert into ft_participants (draft_order,fantasy_game_seq,player_id,preferred_team,team_name,seq) values (?,?,?,?,?,default)
    Hibernate: insert into ft_participants (draft_order,fantasy_game_seq,player_id,preferred_team,team_name,seq) values (?,?,?,?,?,default)
    Hibernate: insert into ft_participants (draft_order,fantasy_game_seq,player_id,preferred_team,team_name,seq) values (?,?,?,?,?,default)
    Hibernate: insert into ft_participants (draft_order,fantasy_game_seq,player_id,preferred_team,team_name,seq) values (?,?,?,?,?,default)
    Hibernate: insert into ft_participants (draft_order,fantasy_game_seq,player_id,preferred_team,team_name,seq) values (?,?,?,?,?,default)
    Hibernate: insert into ft_participants (draft_order,fantasy_game_seq,player_id,preferred_team,team_name,seq) values (?,?,?,?,?,default)
    Hibernate: insert into ft_participants (draft_order,fantasy_game_seq,player_id,preferred_team,team_name,seq) values (?,?,?,?,?,default)
    Hibernate: insert into ft_participants (draft_order,fantasy_game_seq,player_id,preferred_team,team_name,seq) values (?,?,?,?,?,default)
    Hibernate: insert into ft_participants (draft_order,fantasy_game_seq,player_id,preferred_team,team_name,seq) values (?,?,?,?,?,default)
    Hibernate: insert into ft_participants (draft_order,fantasy_game_seq,player_id,preferred_team,team_name,seq) values (?,?,?,?,?,default)
    Hibernate: insert into ft_participants (draft_order,fantasy_game_seq,player_id,preferred_team,team_name,seq) values (?,?,?,?,?,default)
    Hibernate: insert into ft_participants (draft_order,fantasy_game_seq,player_id,preferred_team,team_name,seq) values (?,?,?,?,?,default)
    Hibernate: insert into ft_participants (draft_order,fantasy_game_seq,player_id,preferred_team,team_name,seq) values (?,?,?,?,?,default)
    Hibernate: insert into ft_participants (draft_order,fantasy_game_seq,player_id,preferred_team,team_name,seq) values (?,?,?,?,?,default)
    Hibernate: insert into ft_participants (draft_order,fantasy_game_seq,player_id,preferred_team,team_name,seq) values (?,?,?,?,?,default)
    Hibernate: insert into ft_participants (draft_order,fantasy_game_seq,player_id,preferred_team,team_name,seq) values (?,?,?,?,?,default)
    Hibernate: insert into ft_participants (draft_order,fantasy_game_seq,player_id,preferred_team,team_name,seq) values (?,?,?,?,?,default)
    Hibernate: insert into ft_participants (draft_order,fantasy_game_seq,player_id,preferred_team,team_name,seq) values (?,?,?,?,?,default)
    Hibernate: insert into ft_participants (draft_order,fantasy_game_seq,player_id,preferred_team,team_name,seq) values (?,?,?,?,?,default)
    Hibernate: insert into ft_participants (draft_order,fantasy_game_seq,player_id,preferred_team,team_name,seq) values (?,?,?,?,?,default)
    Hibernate: insert into ft_participants (draft_order,fantasy_game_seq,player_id,preferred_team,team_name,seq) values (?,?,?,?,?,default)
    Hibernate: insert into ft_participants (draft_order,fantasy_game_seq,player_id,preferred_team,team_name,seq) values (?,?,?,?,?,default)
    Hibernate: insert into ft_participants (draft_order,fantasy_game_seq,player_id,preferred_team,team_name,seq) values (?,?,?,?,?,default)
    Hibernate: insert into ft_participants (draft_order,fantasy_game_seq,player_id,preferred_team,team_name,seq) values (?,?,?,?,?,default)
    Hibernate: insert into ft_participants (draft_order,fantasy_game_seq,player_id,preferred_team,team_name,seq) values (?,?,?,?,?,default)
    Hibernate: insert into ft_participants (draft_order,fantasy_game_seq,player_id,preferred_team,team_name,seq) values (?,?,?,?,?,default)
    Hibernate: insert into ft_participants (draft_order,fantasy_game_seq,player_id,preferred_team,team_name,seq) values (?,?,?,?,?,default)
    Hibernate: insert into ft_participants (draft_order,fantasy_game_seq,player_id,preferred_team,team_name,seq) values (?,?,?,?,?,default)
    Hibernate: insert into ft_participants (draft_order,fantasy_game_seq,player_id,preferred_team,team_name,seq) values (?,?,?,?,?,default)
    Hibernate: insert into ft_participants (draft_order,fantasy_game_seq,player_id,preferred_team,team_name,seq) values (?,?,?,?,?,default)
    Hibernate: insert into ft_participants (draft_order,fantasy_game_seq,player_id,preferred_team,team_name,seq) values (?,?,?,?,?,default)
    Hibernate: insert into ft_participants (draft_order,fantasy_game_seq,player_id,preferred_team,team_name,seq) values (?,?,?,?,?,default)
    Hibernate: insert into ft_participants (draft_order,fantasy_game_seq,player_id,preferred_team,team_name,seq) values (?,?,?,?,?,default)
    Hibernate: insert into ft_participants (draft_order,fantasy_game_seq,player_id,preferred_team,team_name,seq) values (?,?,?,?,?,default)
    Hibernate: insert into ft_participants (draft_order,fantasy_game_seq,player_id,preferred_team,team_name,seq) values (?,?,?,?,?,default)
    Hibernate: insert into ft_participants (draft_order,fantasy_game_seq,player_id,preferred_team,team_name,seq) values (?,?,?,?,?,default)
    Hibernate: insert into ft_participants (draft_order,fantasy_game_seq,player_id,preferred_team,team_name,seq) values (?,?,?,?,?,default)
    Hibernate: insert into ft_participants (draft_order,fantasy_game_seq,player_id,preferred_team,team_name,seq) values (?,?,?,?,?,default)
    Hibernate: insert into ft_participants (draft_order,fantasy_game_seq,player_id,preferred_team,team_name,seq) values (?,?,?,?,?,default)
    Hibernate: insert into ft_participants (draft_order,fantasy_game_seq,player_id,preferred_team,team_name,seq) values (?,?,?,?,?,default)
    Hibernate: insert into ft_participants (draft_order,fantasy_game_seq,player_id,preferred_team,team_name,seq) values (?,?,?,?,?,default)
    Hibernate: insert into ft_participants (draft_order,fantasy_game_seq,player_id,preferred_team,team_name,seq) values (?,?,?,?,?,default)
    Hibernate: insert into ft_participants (draft_order,fantasy_game_seq,player_id,preferred_team,team_name,seq) values (?,?,?,?,?,default)
    Hibernate: insert into ft_participants (draft_order,fantasy_game_seq,player_id,preferred_team,team_name,seq) values (?,?,?,?,?,default)
    Hibernate: insert into ft_participants (draft_order,fantasy_game_seq,player_id,preferred_team,team_name,seq) values (?,?,?,?,?,default)
    Hibernate: insert into ft_participants (draft_order,fantasy_game_seq,player_id,preferred_team,team_name,seq) values (?,?,?,?,?,default)
    Hibernate: insert into ft_participants (draft_order,fantasy_game_seq,player_id,preferred_team,team_name,seq) values (?,?,?,?,?,default)
    Hibernate: insert into ft_participants (draft_order,fantasy_game_seq,player_id,preferred_team,team_name,seq) values (?,?,?,?,?,default)
    Hibernate: insert into ft_participants (draft_order,fantasy_game_seq,player_id,preferred_team,team_name,seq) values (?,?,?,?,?,default)
    Hibernate: insert into ft_participants (draft_order,fantasy_game_seq,player_id,preferred_team,team_name,seq) values (?,?,?,?,?,default)
    Hibernate: insert into ft_participants (draft_order,fantasy_game_seq,player_id,preferred_team,team_name,seq) values (?,?,?,?,?,default)
    Hibernate: insert into ft_participants (draft_order,fantasy_game_seq,player_id,preferred_team,team_name,seq) values (?,?,?,?,?,default)
    Hibernate: insert into ft_participants (draft_order,fantasy_game_seq,player_id,preferred_team,team_name,seq) values (?,?,?,?,?,default)
    Hibernate: insert into ft_participants (draft_order,fantasy_game_seq,player_id,preferred_team,team_name,seq) values (?,?,?,?,?,default)
    Hibernate: insert into ft_participants (draft_order,fantasy_game_seq,player_id,preferred_team,team_name,seq) values (?,?,?,?,?,default)
    Hibernate: insert into ft_participants (draft_order,fantasy_game_seq,player_id,preferred_team,team_name,seq) values (?,?,?,?,?,default)
    Hibernate: insert into ft_participants (draft_order,fantasy_game_seq,player_id,preferred_team,team_name,seq) values (?,?,?,?,?,default)
    Hibernate: insert into ft_participants (draft_order,fantasy_game_seq,player_id,preferred_team,team_name,seq) values (?,?,?,?,?,default)
    Hibernate: insert into ft_participants (draft_order,fantasy_game_seq,player_id,preferred_team,team_name,seq) values (?,?,?,?,?,default)
    Hibernate: insert into ft_participants (draft_order,fantasy_game_seq,player_id,preferred_team,team_name,seq) values (?,?,?,?,?,default)
    Hibernate: insert into ft_participants (draft_order,fantasy_game_seq,player_id,preferred_team,team_name,seq) values (?,?,?,?,?,default)
    Hibernate: insert into ft_participants (draft_order,fantasy_game_seq,player_id,preferred_team,team_name,seq) values (?,?,?,?,?,default)
    Hibernate: insert into ft_participants (draft_order,fantasy_game_seq,player_id,preferred_team,team_name,seq) values (?,?,?,?,?,default)
    Hibernate: insert into ft_participants (draft_order,fantasy_game_seq,player_id,preferred_team,team_name,seq) values (?,?,?,?,?,default)
    Hibernate: insert into ft_participants (draft_order,fantasy_game_seq,player_id,preferred_team,team_name,seq) values (?,?,?,?,?,default)
    Hibernate: insert into ft_participants (draft_order,fantasy_game_seq,player_id,preferred_team,team_name,seq) values (?,?,?,?,?,default)
    Hibernate: insert into ft_participants (draft_order,fantasy_game_seq,player_id,preferred_team,team_name,seq) values (?,?,?,?,?,default)
    Hibernate: insert into ft_participants (draft_order,fantasy_game_seq,player_id,preferred_team,team_name,seq) values (?,?,?,?,?,default)
    Hibernate: insert into ft_participants (draft_order,fantasy_game_seq,player_id,preferred_team,team_name,seq) values (?,?,?,?,?,default)
    Hibernate: insert into ft_participants (draft_order,fantasy_game_seq,player_id,preferred_team,team_name,seq) values (?,?,?,?,?,default)
    Hibernate: insert into ft_participants (draft_order,fantasy_game_seq,player_id,preferred_team,team_name,seq) values (?,?,?,?,?,default)
    Hibernate: insert into ft_participants (draft_order,fantasy_game_seq,player_id,preferred_team,team_name,seq) values (?,?,?,?,?,default)
    Hibernate: insert into ft_participants (draft_order,fantasy_game_seq,player_id,preferred_team,team_name,seq) values (?,?,?,?,?,default)
    Hibernate: insert into ft_participants (draft_order,fantasy_game_seq,player_id,preferred_team,team_name,seq) values (?,?,?,?,?,default)
    Hibernate: insert into ft_participants (draft_order,fantasy_game_seq,player_id,preferred_team,team_name,seq) values (?,?,?,?,?,default)
    Hibernate: insert into ft_participants (draft_order,fantasy_game_seq,player_id,preferred_team,team_name,seq) values (?,?,?,?,?,default)
    Hibernate: insert into ft_participants (draft_order,fantasy_game_seq,player_id,preferred_team,team_name,seq) values (?,?,?,?,?,default)
    Hibernate: insert into ft_participants (draft_order,fantasy_game_seq,player_id,preferred_team,team_name,seq) values (?,?,?,?,?,default)
    Hibernate: insert into ft_participants (draft_order,fantasy_game_seq,player_id,preferred_team,team_name,seq) values (?,?,?,?,?,default)
    Hibernate: insert into ft_participants (draft_order,fantasy_game_seq,player_id,preferred_team,team_name,seq) values (?,?,?,?,?,default)
    Hibernate: insert into ft_participants (draft_order,fantasy_game_seq,player_id,preferred_team,team_name,seq) values (?,?,?,?,?,default)
    Hibernate: insert into ft_participants (draft_order,fantasy_game_seq,player_id,preferred_team,team_name,seq) values (?,?,?,?,?,default)
    Hibernate: insert into ft_participants (draft_order,fantasy_game_seq,player_id,preferred_team,team_name,seq) values (?,?,?,?,?,default)
    Hibernate: insert into ft_participants (draft_order,fantasy_game_seq,player_id,preferred_team,team_name,seq) values (?,?,?,?,?,default)
    Hibernate: insert into ft_participants (draft_order,fantasy_game_seq,player_id,preferred_team,team_name,seq) values (?,?,?,?,?,default)
    Hibernate: insert into ft_participants (draft_order,fantasy_game_seq,player_id,preferred_team,team_name,seq) values (?,?,?,?,?,default)
    Hibernate: insert into ft_participants (draft_order,fantasy_game_seq,player_id,preferred_team,team_name,seq) values (?,?,?,?,?,default)
    Hibernate: insert into ft_participants (draft_order,fantasy_game_seq,player_id,preferred_team,team_name,seq) values (?,?,?,?,?,default)
    Hibernate: insert into ft_participants (draft_order,fantasy_game_seq,player_id,preferred_team,team_name,seq) values (?,?,?,?,?,default)
    Hibernate: insert into ft_participants (draft_order,fantasy_game_seq,player_id,preferred_team,team_name,seq) values (?,?,?,?,?,default)
    Hibernate: insert into ft_participants (draft_order,fantasy_game_seq,player_id,preferred_team,team_name,seq) values (?,?,?,?,?,default)
    Hibernate: insert into ft_participants (draft_order,fantasy_game_seq,player_id,preferred_team,team_name,seq) values (?,?,?,?,?,default)
    Hibernate: insert into ft_participants (draft_order,fantasy_game_seq,player_id,preferred_team,team_name,seq) values (?,?,?,?,?,default)
    Hibernate: insert into ft_participants (draft_order,fantasy_game_seq,player_id,preferred_team,team_name,seq) values (?,?,?,?,?,default)
    Hibernate: insert into ft_participants (draft_order,fantasy_game_seq,player_id,preferred_team,team_name,seq) values (?,?,?,?,?,default)
    Hibernate: insert into ft_participants (draft_order,fantasy_game_seq,player_id,preferred_team,team_name,seq) values (?,?,?,?,?,default)
    Hibernate: insert into ft_participants (draft_order,fantasy_game_seq,player_id,preferred_team,team_name,seq) values (?,?,?,?,?,default)
    Hibernate: insert into ft_participants (draft_order,fantasy_game_seq,player_id,preferred_team,team_name,seq) values (?,?,?,?,?,default)
    Hibernate: insert into ft_participants (draft_order,fantasy_game_seq,player_id,preferred_team,team_name,seq) values (?,?,?,?,?,default)
    Hibernate: insert into ft_participants (draft_order,fantasy_game_seq,player_id,preferred_team,team_name,seq) values (?,?,?,?,?,default)
    Hibernate: insert into ft_participants (draft_order,fantasy_game_seq,player_id,preferred_team,team_name,seq) values (?,?,?,?,?,default)
    Hibernate: insert into ft_participants (draft_order,fantasy_game_seq,player_id,preferred_team,team_name,seq) values (?,?,?,?,?,default)
    Hibernate: insert into ft_participants (draft_order,fantasy_game_seq,player_id,preferred_team,team_name,seq) values (?,?,?,?,?,default)
    Hibernate: insert into ft_participants (draft_order,fantasy_game_seq,player_id,preferred_team,team_name,seq) values (?,?,?,?,?,default)
    Hibernate: insert into ft_participants (draft_order,fantasy_game_seq,player_id,preferred_team,team_name,seq) values (?,?,?,?,?,default)
    Hibernate: insert into ft_participants (draft_order,fantasy_game_seq,player_id,preferred_team,team_name,seq) values (?,?,?,?,?,default)
    Hibernate: insert into ft_participants (draft_order,fantasy_game_seq,player_id,preferred_team,team_name,seq) values (?,?,?,?,?,default)
    Hibernate: insert into ft_participants (draft_order,fantasy_game_seq,player_id,preferred_team,team_name,seq) values (?,?,?,?,?,default)
    Hibernate: insert into ft_participants (draft_order,fantasy_game_seq,player_id,preferred_team,team_name,seq) values (?,?,?,?,?,default)
    Hibernate: insert into ft_participants (draft_order,fantasy_game_seq,player_id,preferred_team,team_name,seq) values (?,?,?,?,?,default)
    Hibernate: insert into ft_participants (draft_order,fantasy_game_seq,player_id,preferred_team,team_name,seq) values (?,?,?,?,?,default)
    Hibernate: insert into ft_participants (draft_order,fantasy_game_seq,player_id,preferred_team,team_name,seq) values (?,?,?,?,?,default)
    Hibernate: insert into ft_participants (draft_order,fantasy_game_seq,player_id,preferred_team,team_name,seq) values (?,?,?,?,?,default)
    Hibernate: insert into ft_participants (draft_order,fantasy_game_seq,player_id,preferred_team,team_name,seq) values (?,?,?,?,?,default)
    Hibernate: insert into ft_participants (draft_order,fantasy_game_seq,player_id,preferred_team,team_name,seq) values (?,?,?,?,?,default)
    Hibernate: insert into ft_participants (draft_order,fantasy_game_seq,player_id,preferred_team,team_name,seq) values (?,?,?,?,?,default)
    Hibernate: insert into ft_participants (draft_order,fantasy_game_seq,player_id,preferred_team,team_name,seq) values (?,?,?,?,?,default)
    Hibernate: insert into ft_participants (draft_order,fantasy_game_seq,player_id,preferred_team,team_name,seq) values (?,?,?,?,?,default)
    Hibernate: insert into ft_participants (draft_order,fantasy_game_seq,player_id,preferred_team,team_name,seq) values (?,?,?,?,?,default)
    Hibernate: insert into ft_participants (draft_order,fantasy_game_seq,player_id,preferred_team,team_name,seq) values (?,?,?,?,?,default)
    Hibernate: insert into ft_participants (draft_order,fantasy_game_seq,player_id,preferred_team,team_name,seq) values (?,?,?,?,?,default)
    Hibernate: insert into ft_participants (draft_order,fantasy_game_seq,player_id,preferred_team,team_name,seq) values (?,?,?,?,?,default)
    Hibernate: insert into ft_participants (draft_order,fantasy_game_seq,player_id,preferred_team,team_name,seq) values (?,?,?,?,?,default)
    Hibernate: insert into ft_participants (draft_order,fantasy_game_seq,player_id,preferred_team,team_name,seq) values (?,?,?,?,?,default)
    Hibernate: insert into ft_participants (draft_order,fantasy_game_seq,player_id,preferred_team,team_name,seq) values (?,?,?,?,?,default)
    Hibernate: insert into ft_participants (draft_order,fantasy_game_seq,player_id,preferred_team,team_name,seq) values (?,?,?,?,?,default)
    Hibernate: insert into ft_participants (draft_order,fantasy_game_seq,player_id,preferred_team,team_name,seq) values (?,?,?,?,?,default)
    Hibernate: insert into ft_participants (draft_order,fantasy_game_seq,player_id,preferred_team,team_name,seq) values (?,?,?,?,?,default)
    Hibernate: insert into ft_participants (draft_order,fantasy_game_seq,player_id,preferred_team,team_name,seq) values (?,?,?,?,?,default)
    Hibernate: insert into ft_participants (draft_order,fantasy_game_seq,player_id,preferred_team,team_name,seq) values (?,?,?,?,?,default)
    Hibernate: insert into ft_participants (draft_order,fantasy_game_seq,player_id,preferred_team,team_name,seq) values (?,?,?,?,?,default)
    Hibernate: insert into ft_participants (draft_order,fantasy_game_seq,player_id,preferred_team,team_name,seq) values (?,?,?,?,?,default)
    Hibernate: insert into ft_participants (draft_order,fantasy_game_seq,player_id,preferred_team,team_name,seq) values (?,?,?,?,?,default)
    Hibernate: insert into ft_participants (draft_order,fantasy_game_seq,player_id,preferred_team,team_name,seq) values (?,?,?,?,?,default)
    Hibernate: insert into ft_participants (draft_order,fantasy_game_seq,player_id,preferred_team,team_name,seq) values (?,?,?,?,?,default)
    Hibernate: insert into ft_participants (draft_order,fantasy_game_seq,player_id,preferred_team,team_name,seq) values (?,?,?,?,?,default)
    Hibernate: insert into ft_participants (draft_order,fantasy_game_seq,player_id,preferred_team,team_name,seq) values (?,?,?,?,?,default)
    Hibernate: insert into ft_participants (draft_order,fantasy_game_seq,player_id,preferred_team,team_name,seq) values (?,?,?,?,?,default)
    Hibernate: insert into ft_participants (draft_order,fantasy_game_seq,player_id,preferred_team,team_name,seq) values (?,?,?,?,?,default)
    Hibernate: insert into ft_participants (draft_order,fantasy_game_seq,player_id,preferred_team,team_name,seq) values (?,?,?,?,?,default)
    Hibernate: insert into ft_participants (draft_order,fantasy_game_seq,player_id,preferred_team,team_name,seq) values (?,?,?,?,?,default)
    Hibernate: insert into ft_participants (draft_order,fantasy_game_seq,player_id,preferred_team,team_name,seq) values (?,?,?,?,?,default)
    Hibernate: insert into ft_participants (draft_order,fantasy_game_seq,player_id,preferred_team,team_name,seq) values (?,?,?,?,?,default)
    Hibernate: insert into ft_participants (draft_order,fantasy_game_seq,player_id,preferred_team,team_name,seq) values (?,?,?,?,?,default)
    Hibernate: insert into ft_participants (draft_order,fantasy_game_seq,player_id,preferred_team,team_name,seq) values (?,?,?,?,?,default)
    Hibernate: insert into ft_participants (draft_order,fantasy_game_seq,player_id,preferred_team,team_name,seq) values (?,?,?,?,?,default)
    Hibernate: insert into ft_participants (draft_order,fantasy_game_seq,player_id,preferred_team,team_name,seq) values (?,?,?,?,?,default)
    Hibernate: insert into ft_participants (draft_order,fantasy_game_seq,player_id,preferred_team,team_name,seq) values (?,?,?,?,?,default)
    Hibernate: insert into ft_participants (draft_order,fantasy_game_seq,player_id,preferred_team,team_name,seq) values (?,?,?,?,?,default)
    Hibernate: insert into ft_participants (draft_order,fantasy_game_seq,player_id,preferred_team,team_name,seq) values (?,?,?,?,?,default)
    Hibernate: insert into ft_participants (draft_order,fantasy_game_seq,player_id,preferred_team,team_name,seq) values (?,?,?,?,?,default)
    Hibernate: insert into ft_participants (draft_order,fantasy_game_seq,player_id,preferred_team,team_name,seq) values (?,?,?,?,?,default)
    Hibernate: insert into ft_participants (draft_order,fantasy_game_seq,player_id,preferred_team,team_name,seq) values (?,?,?,?,?,default)
    Hibernate: insert into ft_participants (draft_order,fantasy_game_seq,player_id,preferred_team,team_name,seq) values (?,?,?,?,?,default)
    Hibernate: insert into ft_participants (draft_order,fantasy_game_seq,player_id,preferred_team,team_name,seq) values (?,?,?,?,?,default)
    Hibernate: insert into ft_participants (draft_order,fantasy_game_seq,player_id,preferred_team,team_name,seq) values (?,?,?,?,?,default)
    Hibernate: insert into ft_participants (draft_order,fantasy_game_seq,player_id,preferred_team,team_name,seq) values (?,?,?,?,?,default)
    Hibernate: insert into ft_participants (draft_order,fantasy_game_seq,player_id,preferred_team,team_name,seq) values (?,?,?,?,?,default)
    Hibernate: insert into ft_participants (draft_order,fantasy_game_seq,player_id,preferred_team,team_name,seq) values (?,?,?,?,?,default)
    Hibernate: insert into ft_participants (draft_order,fantasy_game_seq,player_id,preferred_team,team_name,seq) values (?,?,?,?,?,default)
    Hibernate: insert into ft_participants (draft_order,fantasy_game_seq,player_id,preferred_team,team_name,seq) values (?,?,?,?,?,default)
    Hibernate: insert into ft_participants (draft_order,fantasy_game_seq,player_id,preferred_team,team_name,seq) values (?,?,?,?,?,default)
    Hibernate: insert into ft_participants (draft_order,fantasy_game_seq,player_id,preferred_team,team_name,seq) values (?,?,?,?,?,default)
    Hibernate: insert into ft_participants (draft_order,fantasy_game_seq,player_id,preferred_team,team_name,seq) values (?,?,?,?,?,default)
    Hibernate: insert into ft_participants (draft_order,fantasy_game_seq,player_id,preferred_team,team_name,seq) values (?,?,?,?,?,default)
    Hibernate: insert into ft_participants (draft_order,fantasy_game_seq,player_id,preferred_team,team_name,seq) values (?,?,?,?,?,default)
    Hibernate: insert into ft_participants (draft_order,fantasy_game_seq,player_id,preferred_team,team_name,seq) values (?,?,?,?,?,default)
    Hibernate: insert into ft_participants (draft_order,fantasy_game_seq,player_id,preferred_team,team_name,seq) values (?,?,?,?,?,default)
    Hibernate: insert into ft_participants (draft_order,fantasy_game_seq,player_id,preferred_team,team_name,seq) values (?,?,?,?,?,default)
    Hibernate: insert into ft_participants (draft_order,fantasy_game_seq,player_id,preferred_team,team_name,seq) values (?,?,?,?,?,default)
    Hibernate: insert into ft_participants (draft_order,fantasy_game_seq,player_id,preferred_team,team_name,seq) values (?,?,?,?,?,default)
    Hibernate: insert into ft_participants (draft_order,fantasy_game_seq,player_id,preferred_team,team_name,seq) values (?,?,?,?,?,default)
    Hibernate: insert into ft_participants (draft_order,fantasy_game_seq,player_id,preferred_team,team_name,seq) values (?,?,?,?,?,default)
    Hibernate: insert into ft_participants (draft_order,fantasy_game_seq,player_id,preferred_team,team_name,seq) values (?,?,?,?,?,default)
    Hibernate: insert into ft_participants (draft_order,fantasy_game_seq,player_id,preferred_team,team_name,seq) values (?,?,?,?,?,default)
    Hibernate: insert into ft_participants (draft_order,fantasy_game_seq,player_id,preferred_team,team_name,seq) values (?,?,?,?,?,default)
    Hibernate: insert into ft_participants (draft_order,fantasy_game_seq,player_id,preferred_team,team_name,seq) values (?,?,?,?,?,default)
    Hibernate: insert into ft_participants (draft_order,fantasy_game_seq,player_id,preferred_team,team_name,seq) values (?,?,?,?,?,default)
    Hibernate: insert into ft_participants (draft_order,fantasy_game_seq,player_id,preferred_team,team_name,seq) values (?,?,?,?,?,default)
    Hibernate: insert into ft_participants (draft_order,fantasy_game_seq,player_id,preferred_team,team_name,seq) values (?,?,?,?,?,default)
    Hibernate: insert into ft_participants (draft_order,fantasy_game_seq,player_id,preferred_team,team_name,seq) values (?,?,?,?,?,default)
    Hibernate: insert into ft_participants (draft_order,fantasy_game_seq,player_id,preferred_team,team_name,seq) values (?,?,?,?,?,default)
    Hibernate: insert into ft_participants (draft_order,fantasy_game_seq,player_id,preferred_team,team_name,seq) values (?,?,?,?,?,default)
    Hibernate: insert into ft_participants (draft_order,fantasy_game_seq,player_id,preferred_team,team_name,seq) values (?,?,?,?,?,default)
    Hibernate: insert into ft_participants (draft_order,fantasy_game_seq,player_id,preferred_team,team_name,seq) values (?,?,?,?,?,default)
    Hibernate: insert into ft_participants (draft_order,fantasy_game_seq,player_id,preferred_team,team_name,seq) values (?,?,?,?,?,default)
    Hibernate: insert into ft_participants (draft_order,fantasy_game_seq,player_id,preferred_team,team_name,seq) values (?,?,?,?,?,default)
    Hibernate: insert into ft_participants (draft_order,fantasy_game_seq,player_id,preferred_team,team_name,seq) values (?,?,?,?,?,default)
    Hibernate: insert into ft_participants (draft_order,fantasy_game_seq,player_id,preferred_team,team_name,seq) values (?,?,?,?,?,default)
    Hibernate: insert into ft_participants (draft_order,fantasy_game_seq,player_id,preferred_team,team_name,seq) values (?,?,?,?,?,default)
    Hibernate: insert into ft_participants (draft_order,fantasy_game_seq,player_id,preferred_team,team_name,seq) values (?,?,?,?,?,default)
    Hibernate: insert into ft_participants (draft_order,fantasy_game_seq,player_id,preferred_team,team_name,seq) values (?,?,?,?,?,default)
    Hibernate: insert into ft_participants (draft_order,fantasy_game_seq,player_id,preferred_team,team_name,seq) values (?,?,?,?,?,default)
    Hibernate: insert into ft_participants (draft_order,fantasy_game_seq,player_id,preferred_team,team_name,seq) values (?,?,?,?,?,default)
    Hibernate: insert into ft_participants (draft_order,fantasy_game_seq,player_id,preferred_team,team_name,seq) values (?,?,?,?,?,default)
    Hibernate: insert into ft_participants (draft_order,fantasy_game_seq,player_id,preferred_team,team_name,seq) values (?,?,?,?,?,default)
    Hibernate: insert into ft_participants (draft_order,fantasy_game_seq,player_id,preferred_team,team_name,seq) values (?,?,?,?,?,default)
    Hibernate: insert into ft_participants (draft_order,fantasy_game_seq,player_id,preferred_team,team_name,seq) values (?,?,?,?,?,default)
    Hibernate: insert into ft_participants (draft_order,fantasy_game_seq,player_id,preferred_team,team_name,seq) values (?,?,?,?,?,default)
    Hibernate: insert into ft_participants (draft_order,fantasy_game_seq,player_id,preferred_team,team_name,seq) values (?,?,?,?,?,default)
    Hibernate: insert into ft_participants (draft_order,fantasy_game_seq,player_id,preferred_team,team_name,seq) values (?,?,?,?,?,default)
    Hibernate: insert into ft_participants (draft_order,fantasy_game_seq,player_id,preferred_team,team_name,seq) values (?,?,?,?,?,default)
    Hibernate: insert into ft_participants (draft_order,fantasy_game_seq,player_id,preferred_team,team_name,seq) values (?,?,?,?,?,default)
    Hibernate: insert into ft_participants (draft_order,fantasy_game_seq,player_id,preferred_team,team_name,seq) values (?,?,?,?,?,default)
    Hibernate: insert into ft_participants (draft_order,fantasy_game_seq,player_id,preferred_team,team_name,seq) values (?,?,?,?,?,default)
    Hibernate: insert into ft_participants (draft_order,fantasy_game_seq,player_id,preferred_team,team_name,seq) values (?,?,?,?,?,default)
    Hibernate: insert into ft_participants (draft_order,fantasy_game_seq,player_id,preferred_team,team_name,seq) values (?,?,?,?,?,default)
    Hibernate: insert into ft_participants (draft_order,fantasy_game_seq,player_id,preferred_team,team_name,seq) values (?,?,?,?,?,default)
    Hibernate: insert into ft_participants (draft_order,fantasy_game_seq,player_id,preferred_team,team_name,seq) values (?,?,?,?,?,default)
    Hibernate: insert into ft_participants (draft_order,fantasy_game_seq,player_id,preferred_team,team_name,seq) values (?,?,?,?,?,default)
    Hibernate: insert into ft_participants (draft_order,fantasy_game_seq,player_id,preferred_team,team_name,seq) values (?,?,?,?,?,default)
    Hibernate: insert into ft_participants (draft_order,fantasy_game_seq,player_id,preferred_team,team_name,seq) values (?,?,?,?,?,default)
    Hibernate: insert into ft_participants (draft_order,fantasy_game_seq,player_id,preferred_team,team_name,seq) values (?,?,?,?,?,default)
    Hibernate: insert into ft_participants (draft_order,fantasy_game_seq,player_id,preferred_team,team_name,seq) values (?,?,?,?,?,default)
    Hibernate: insert into ft_participants (draft_order,fantasy_game_seq,player_id,preferred_team,team_name,seq) values (?,?,?,?,?,default)
    Hibernate: insert into ft_participants (draft_order,fantasy_game_seq,player_id,preferred_team,team_name,seq) values (?,?,?,?,?,default)
    Hibernate: insert into ft_participants (draft_order,fantasy_game_seq,player_id,preferred_team,team_name,seq) values (?,?,?,?,?,default)
    Hibernate: insert into ft_participants (draft_order,fantasy_game_seq,player_id,preferred_team,team_name,seq) values (?,?,?,?,?,default)
    Hibernate: insert into ft_participants (draft_order,fantasy_game_seq,player_id,preferred_team,team_name,seq) values (?,?,?,?,?,default)
    Hibernate: insert into ft_participants (draft_order,fantasy_game_seq,player_id,preferred_team,team_name,seq) values (?,?,?,?,?,default)
    Hibernate: insert into ft_participants (draft_order,fantasy_game_seq,player_id,preferred_team,team_name,seq) values (?,?,?,?,?,default)
    Hibernate: insert into ft_participants (draft_order,fantasy_game_seq,player_id,preferred_team,team_name,seq) values (?,?,?,?,?,default)
    Hibernate: insert into ft_participants (draft_order,fantasy_game_seq,player_id,preferred_team,team_name,seq) values (?,?,?,?,?,default)
    Hibernate: insert into ft_participants (draft_order,fantasy_game_seq,player_id,preferred_team,team_name,seq) values (?,?,?,?,?,default)
    Hibernate: insert into ft_participants (draft_order,fantasy_game_seq,player_id,preferred_team,team_name,seq) values (?,?,?,?,?,default)
    Hibernate: insert into ft_participants (draft_order,fantasy_game_seq,player_id,preferred_team,team_name,seq) values (?,?,?,?,?,default)
    Hibernate: insert into ft_participants (draft_order,fantasy_game_seq,player_id,preferred_team,team_name,seq) values (?,?,?,?,?,default)
    Hibernate: insert into ft_participants (draft_order,fantasy_game_seq,player_id,preferred_team,team_name,seq) values (?,?,?,?,?,default)
    Hibernate: insert into ft_participants (draft_order,fantasy_game_seq,player_id,preferred_team,team_name,seq) values (?,?,?,?,?,default)
    Hibernate: insert into ft_participants (draft_order,fantasy_game_seq,player_id,preferred_team,team_name,seq) values (?,?,?,?,?,default)
    Hibernate: insert into ft_participants (draft_order,fantasy_game_seq,player_id,preferred_team,team_name,seq) values (?,?,?,?,?,default)
    Hibernate: insert into ft_participants (draft_order,fantasy_game_seq,player_id,preferred_team,team_name,seq) values (?,?,?,?,?,default)
    Hibernate: insert into ft_participants (draft_order,fantasy_game_seq,player_id,preferred_team,team_name,seq) values (?,?,?,?,?,default)
    Hibernate: insert into ft_participants (draft_order,fantasy_game_seq,player_id,preferred_team,team_name,seq) values (?,?,?,?,?,default)
    Hibernate: insert into ft_participants (draft_order,fantasy_game_seq,player_id,preferred_team,team_name,seq) values (?,?,?,?,?,default)
    Hibernate: insert into ft_participants (draft_order,fantasy_game_seq,player_id,preferred_team,team_name,seq) values (?,?,?,?,?,default)
    Hibernate: insert into ft_participants (draft_order,fantasy_game_seq,player_id,preferred_team,team_name,seq) values (?,?,?,?,?,default)
    Hibernate: insert into ft_participants (draft_order,fantasy_game_seq,player_id,preferred_team,team_name,seq) values (?,?,?,?,?,default)
    Hibernate: insert into ft_participants (draft_order,fantasy_game_seq,player_id,preferred_team,team_name,seq) values (?,?,?,?,?,default)
    Hibernate: insert into ft_participants (draft_order,fantasy_game_seq,player_id,preferred_team,team_name,seq) values (?,?,?,?,?,default)
    Hibernate: insert into ft_participants (draft_order,fantasy_game_seq,player_id,preferred_team,team_name,seq) values (?,?,?,?,?,default)
    Hibernate: insert into ft_participants (draft_order,fantasy_game_seq,player_id,preferred_team,team_name,seq) values (?,?,?,?,?,default)
    Hibernate: insert into ft_participants (draft_order,fantasy_game_seq,player_id,preferred_team,team_name,seq) values (?,?,?,?,?,default)
    Hibernate: insert into ft_participants (draft_order,fantasy_game_seq,player_id,preferred_team,team_name,seq) values (?,?,?,?,?,default)
    Hibernate: insert into ft_participants (draft_order,fantasy_game_seq,player_id,preferred_team,team_name,seq) values (?,?,?,?,?,default)
    Hibernate: insert into ft_participants (draft_order,fantasy_game_seq,player_id,preferred_team,team_name,seq) values (?,?,?,?,?,default)
    Hibernate: insert into ft_participants (draft_order,fantasy_game_seq,player_id,preferred_team,team_name,seq) values (?,?,?,?,?,default)
    Hibernate: insert into ft_participants (draft_order,fantasy_game_seq,player_id,preferred_team,team_name,seq) values (?,?,?,?,?,default)
    Hibernate: insert into ft_participants (draft_order,fantasy_game_seq,player_id,preferred_team,team_name,seq) values (?,?,?,?,?,default)
    Hibernate: insert into ft_participants (draft_order,fantasy_game_seq,player_id,preferred_team,team_name,seq) values (?,?,?,?,?,default)
    Hibernate: insert into ft_participants (draft_order,fantasy_game_seq,player_id,preferred_team,team_name,seq) values (?,?,?,?,?,default)
    Hibernate: insert into ft_participants (draft_order,fantasy_game_seq,player_id,preferred_team,team_name,seq) values (?,?,?,?,?,default)
    Hibernate: insert into ft_participants (draft_order,fantasy_game_seq,player_id,preferred_team,team_name,seq) values (?,?,?,?,?,default)
    Hibernate: insert into ft_participants (draft_order,fantasy_game_seq,player_id,preferred_team,team_name,seq) values (?,?,?,?,?,default)
    Hibernate: insert into ft_participants (draft_order,fantasy_game_seq,player_id,preferred_team,team_name,seq) values (?,?,?,?,?,default)
    Hibernate: insert into ft_participants (draft_order,fantasy_game_seq,player_id,preferred_team,team_name,seq) values (?,?,?,?,?,default)
    Hibernate: insert into ft_participants (draft_order,fantasy_game_seq,player_id,preferred_team,team_name,seq) values (?,?,?,?,?,default)
    Hibernate: insert into ft_participants (draft_order,fantasy_game_seq,player_id,preferred_team,team_name,seq) values (?,?,?,?,?,default)
    Hibernate: insert into ft_participants (draft_order,fantasy_game_seq,player_id,preferred_team,team_name,seq) values (?,?,?,?,?,default)
    Hibernate: insert into ft_participants (draft_order,fantasy_game_seq,player_id,preferred_team,team_name,seq) values (?,?,?,?,?,default)
    Hibernate: insert into ft_participants (draft_order,fantasy_game_seq,player_id,preferred_team,team_name,seq) values (?,?,?,?,?,default)
    Hibernate: insert into ft_participants (draft_order,fantasy_game_seq,player_id,preferred_team,team_name,seq) values (?,?,?,?,?,default)
    Hibernate: insert into ft_participants (draft_order,fantasy_game_seq,player_id,preferred_team,team_name,seq) values (?,?,?,?,?,default)
    Hibernate: insert into ft_participants (draft_order,fantasy_game_seq,player_id,preferred_team,team_name,seq) values (?,?,?,?,?,default)
    Hibernate: insert into ft_participants (draft_order,fantasy_game_seq,player_id,preferred_team,team_name,seq) values (?,?,?,?,?,default)
    Hibernate: insert into ft_participants (draft_order,fantasy_game_seq,player_id,preferred_team,team_name,seq) values (?,?,?,?,?,default)
    Hibernate: insert into ft_participants (draft_order,fantasy_game_seq,player_id,preferred_team,team_name,seq) values (?,?,?,?,?,default)
    Hibernate: insert into ft_participants (draft_order,fantasy_game_seq,player_id,preferred_team,team_name,seq) values (?,?,?,?,?,default)
    Hibernate: insert into ft_participants (draft_order,fantasy_game_seq,player_id,preferred_team,team_name,seq) values (?,?,?,?,?,default)
    Hibernate: insert into ft_participants (draft_order,fantasy_game_seq,player_id,preferred_team,team_name,seq) values (?,?,?,?,?,default)
    Hibernate: insert into ft_participants (draft_order,fantasy_game_seq,player_id,preferred_team,team_name,seq) values (?,?,?,?,?,default)
    Hibernate: insert into ft_participants (draft_order,fantasy_game_seq,player_id,preferred_team,team_name,seq) values (?,?,?,?,?,default)
    Hibernate: insert into ft_participants (draft_order,fantasy_game_seq,player_id,preferred_team,team_name,seq) values (?,?,?,?,?,default)
    Hibernate: insert into ft_participants (draft_order,fantasy_game_seq,player_id,preferred_team,team_name,seq) values (?,?,?,?,?,default)
    Hibernate: insert into ft_participants (draft_order,fantasy_game_seq,player_id,preferred_team,team_name,seq) values (?,?,?,?,?,default)
    Hibernate: insert into ft_participants (draft_order,fantasy_game_seq,player_id,preferred_team,team_name,seq) values (?,?,?,?,?,default)
    Hibernate: insert into ft_participants (draft_order,fantasy_game_seq,player_id,preferred_team,team_name,seq) values (?,?,?,?,?,default)
    Hibernate: insert into ft_participants (draft_order,fantasy_game_seq,player_id,preferred_team,team_name,seq) values (?,?,?,?,?,default)
    Hibernate: insert into ft_participants (draft_order,fantasy_game_seq,player_id,preferred_team,team_name,seq) values (?,?,?,?,?,default)
    Hibernate: insert into ft_participants (draft_order,fantasy_game_seq,player_id,preferred_team,team_name,seq) values (?,?,?,?,?,default)
    Hibernate: insert into ft_participants (draft_order,fantasy_game_seq,player_id,preferred_team,team_name,seq) values (?,?,?,?,?,default)
    Hibernate: insert into ft_participants (draft_order,fantasy_game_seq,player_id,preferred_team,team_name,seq) values (?,?,?,?,?,default)
    Hibernate: insert into ft_participants (draft_order,fantasy_game_seq,player_id,preferred_team,team_name,seq) values (?,?,?,?,?,default)
    Hibernate: insert into ft_participants (draft_order,fantasy_game_seq,player_id,preferred_team,team_name,seq) values (?,?,?,?,?,default)
    Hibernate: insert into ft_participants (draft_order,fantasy_game_seq,player_id,preferred_team,team_name,seq) values (?,?,?,?,?,default)
    Hibernate: insert into ft_participants (draft_order,fantasy_game_seq,player_id,preferred_team,team_name,seq) values (?,?,?,?,?,default)
    Hibernate: insert into ft_participants (draft_order,fantasy_game_seq,player_id,preferred_team,team_name,seq) values (?,?,?,?,?,default)
    Hibernate: insert into ft_participants (draft_order,fantasy_game_seq,player_id,preferred_team,team_name,seq) values (?,?,?,?,?,default)
    Hibernate: insert into ft_participants (draft_order,fantasy_game_seq,player_id,preferred_team,team_name,seq) values (?,?,?,?,?,default)
    Hibernate: insert into ft_participants (draft_order,fantasy_game_seq,player_id,preferred_team,team_name,seq) values (?,?,?,?,?,default)
    Hibernate: insert into ft_participants (draft_order,fantasy_game_seq,player_id,preferred_team,team_name,seq) values (?,?,?,?,?,default)
    Hibernate: insert into ft_participants (draft_order,fantasy_game_seq,player_id,preferred_team,team_name,seq) values (?,?,?,?,?,default)
    Hibernate: insert into ft_participants (draft_order,fantasy_game_seq,player_id,preferred_team,team_name,seq) values (?,?,?,?,?,default)
    Hibernate: insert into ft_participants (draft_order,fantasy_game_seq,player_id,preferred_team,team_name,seq) values (?,?,?,?,?,default)
    Hibernate: insert into ft_participants (draft_order,fantasy_game_seq,player_id,preferred_team,team_name,seq) values (?,?,?,?,?,default)
    Hibernate: insert into ft_participants (draft_order,fantasy_game_seq,player_id,preferred_team,team_name,seq) values (?,?,?,?,?,default)
    Hibernate: insert into ft_participants (draft_order,fantasy_game_seq,player_id,preferred_team,team_name,seq) values (?,?,?,?,?,default)
    Hibernate: insert into ft_participants (draft_order,fantasy_game_seq,player_id,preferred_team,team_name,seq) values (?,?,?,?,?,default)
    Hibernate: insert into ft_participants (draft_order,fantasy_game_seq,player_id,preferred_team,team_name,seq) values (?,?,?,?,?,default)
    Hibernate: insert into ft_participants (draft_order,fantasy_game_seq,player_id,preferred_team,team_name,seq) values (?,?,?,?,?,default)
    Hibernate: insert into ft_participants (draft_order,fantasy_game_seq,player_id,preferred_team,team_name,seq) values (?,?,?,?,?,default)
    Hibernate: insert into ft_participants (draft_order,fantasy_game_seq,player_id,preferred_team,team_name,seq) values (?,?,?,?,?,default)
    Hibernate: insert into ft_participants (draft_order,fantasy_game_seq,player_id,preferred_team,team_name,seq) values (?,?,?,?,?,default)
    Hibernate: insert into ft_participants (draft_order,fantasy_game_seq,player_id,preferred_team,team_name,seq) values (?,?,?,?,?,default)
    Hibernate: insert into ft_participants (draft_order,fantasy_game_seq,player_id,preferred_team,team_name,seq) values (?,?,?,?,?,default)
    Hibernate: insert into ft_participants (draft_order,fantasy_game_seq,player_id,preferred_team,team_name,seq) values (?,?,?,?,?,default)
    Hibernate: insert into ft_participants (draft_order,fantasy_game_seq,player_id,preferred_team,team_name,seq) values (?,?,?,?,?,default)
    Hibernate: insert into ft_participants (draft_order,fantasy_game_seq,player_id,preferred_team,team_name,seq) values (?,?,?,?,?,default)
    Hibernate: insert into ft_participants (draft_order,fantasy_game_seq,player_id,preferred_team,team_name,seq) values (?,?,?,?,?,default)
    Hibernate: insert into ft_participants (draft_order,fantasy_game_seq,player_id,preferred_team,team_name,seq) values (?,?,?,?,?,default)
    Hibernate: insert into ft_participants (draft_order,fantasy_game_seq,player_id,preferred_team,team_name,seq) values (?,?,?,?,?,default)
    Hibernate: insert into ft_participants (draft_order,fantasy_game_seq,player_id,preferred_team,team_name,seq) values (?,?,?,?,?,default)
    Hibernate: insert into ft_participants (draft_order,fantasy_game_seq,player_id,preferred_team,team_name,seq) values (?,?,?,?,?,default)
    Hibernate: insert into ft_participants (draft_order,fantasy_game_seq,player_id,preferred_team,team_name,seq) values (?,?,?,?,?,default)
    Hibernate: insert into ft_participants (draft_order,fantasy_game_seq,player_id,preferred_team,team_name,seq) values (?,?,?,?,?,default)
    Hibernate: insert into ft_participants (draft_order,fantasy_game_seq,player_id,preferred_team,team_name,seq) values (?,?,?,?,?,default)
    Hibernate: insert into ft_participants (draft_order,fantasy_game_seq,player_id,preferred_team,team_name,seq) values (?,?,?,?,?,default)
    Hibernate: insert into ft_participants (draft_order,fantasy_game_seq,player_id,preferred_team,team_name,seq) values (?,?,?,?,?,default)
    Hibernate: insert into ft_participants (draft_order,fantasy_game_seq,player_id,preferred_team,team_name,seq) values (?,?,?,?,?,default)
    Hibernate: insert into ft_participants (draft_order,fantasy_game_seq,player_id,preferred_team,team_name,seq) values (?,?,?,?,?,default)
    Hibernate: insert into ft_participants (draft_order,fantasy_game_seq,player_id,preferred_team,team_name,seq) values (?,?,?,?,?,default)
    Hibernate: insert into ft_participants (draft_order,fantasy_game_seq,player_id,preferred_team,team_name,seq) values (?,?,?,?,?,default)
    Hibernate: insert into ft_participants (draft_order,fantasy_game_seq,player_id,preferred_team,team_name,seq) values (?,?,?,?,?,default)
    Hibernate: insert into ft_participants (draft_order,fantasy_game_seq,player_id,preferred_team,team_name,seq) values (?,?,?,?,?,default)
    Hibernate: insert into ft_participants (draft_order,fantasy_game_seq,player_id,preferred_team,team_name,seq) values (?,?,?,?,?,default)
    Hibernate: insert into ft_participants (draft_order,fantasy_game_seq,player_id,preferred_team,team_name,seq) values (?,?,?,?,?,default)
    Hibernate: insert into ft_participants (draft_order,fantasy_game_seq,player_id,preferred_team,team_name,seq) values (?,?,?,?,?,default)
    Hibernate: insert into ft_participants (draft_order,fantasy_game_seq,player_id,preferred_team,team_name,seq) values (?,?,?,?,?,default)
    Hibernate: insert into ft_participants (draft_order,fantasy_game_seq,player_id,preferred_team,team_name,seq) values (?,?,?,?,?,default)
    Hibernate: insert into ft_participants (draft_order,fantasy_game_seq,player_id,preferred_team,team_name,seq) values (?,?,?,?,?,default)
    Hibernate: insert into ft_participants (draft_order,fantasy_game_seq,player_id,preferred_team,team_name,seq) values (?,?,?,?,?,default)
    Hibernate: insert into ft_participants (draft_order,fantasy_game_seq,player_id,preferred_team,team_name,seq) values (?,?,?,?,?,default)
    Hibernate: insert into ft_participants (draft_order,fantasy_game_seq,player_id,preferred_team,team_name,seq) values (?,?,?,?,?,default)
    Hibernate: insert into ft_participants (draft_order,fantasy_game_seq,player_id,preferred_team,team_name,seq) values (?,?,?,?,?,default)
    Hibernate: insert into ft_participants (draft_order,fantasy_game_seq,player_id,preferred_team,team_name,seq) values (?,?,?,?,?,default)
    Hibernate: insert into ft_participants (draft_order,fantasy_game_seq,player_id,preferred_team,team_name,seq) values (?,?,?,?,?,default)
    Hibernate: insert into ft_participants (draft_order,fantasy_game_seq,player_id,preferred_team,team_name,seq) values (?,?,?,?,?,default)
    Hibernate: insert into ft_participants (draft_order,fantasy_game_seq,player_id,preferred_team,team_name,seq) values (?,?,?,?,?,default)
    Hibernate: insert into ft_participants (draft_order,fantasy_game_seq,player_id,preferred_team,team_name,seq) values (?,?,?,?,?,default)
    Hibernate: insert into ft_participants (draft_order,fantasy_game_seq,player_id,preferred_team,team_name,seq) values (?,?,?,?,?,default)
    Hibernate: insert into ft_participants (draft_order,fantasy_game_seq,player_id,preferred_team,team_name,seq) values (?,?,?,?,?,default)
    Hibernate: insert into ft_participants (draft_order,fantasy_game_seq,player_id,preferred_team,team_name,seq) values (?,?,?,?,?,default)
    Hibernate: insert into ft_participants (draft_order,fantasy_game_seq,player_id,preferred_team,team_name,seq) values (?,?,?,?,?,default)
    Hibernate: insert into ft_participants (draft_order,fantasy_game_seq,player_id,preferred_team,team_name,seq) values (?,?,?,?,?,default)
    Hibernate: insert into ft_participants (draft_order,fantasy_game_seq,player_id,preferred_team,team_name,seq) values (?,?,?,?,?,default)
    Hibernate: insert into ft_participants (draft_order,fantasy_game_seq,player_id,preferred_team,team_name,seq) values (?,?,?,?,?,default)
    Hibernate: insert into ft_participants (draft_order,fantasy_game_seq,player_id,preferred_team,team_name,seq) values (?,?,?,?,?,default)
    Hibernate: insert into ft_participants (draft_order,fantasy_game_seq,player_id,preferred_team,team_name,seq) values (?,?,?,?,?,default)
    Hibernate: insert into ft_participants (draft_order,fantasy_game_seq,player_id,preferred_team,team_name,seq) values (?,?,?,?,?,default)
    Hibernate: insert into ft_participants (draft_order,fantasy_game_seq,player_id,preferred_team,team_name,seq) values (?,?,?,?,?,default)
    Hibernate: insert into ft_participants (draft_order,fantasy_game_seq,player_id,preferred_team,team_name,seq) values (?,?,?,?,?,default)
    Hibernate: insert into ft_participants (draft_order,fantasy_game_seq,player_id,preferred_team,team_name,seq) values (?,?,?,?,?,default)
    Hibernate: insert into ft_participants (draft_order,fantasy_game_seq,player_id,preferred_team,team_name,seq) values (?,?,?,?,?,default)
    Hibernate: insert into ft_participants (draft_order,fantasy_game_seq,player_id,preferred_team,team_name,seq) values (?,?,?,?,?,default)
    Hibernate: insert into ft_participants (draft_order,fantasy_game_seq,player_id,preferred_team,team_name,seq) values (?,?,?,?,?,default)
    Hibernate: insert into ft_participants (draft_order,fantasy_game_seq,player_id,preferred_team,team_name,seq) values (?,?,?,?,?,default)
    Hibernate: insert into ft_participants (draft_order,fantasy_game_seq,player_id,preferred_team,team_name,seq) values (?,?,?,?,?,default)
    Hibernate: insert into ft_participants (draft_order,fantasy_game_seq,player_id,preferred_team,team_name,seq) values (?,?,?,?,?,default)
    Hibernate: insert into ft_participants (draft_order,fantasy_game_seq,player_id,preferred_team,team_name,seq) values (?,?,?,?,?,default)
    Hibernate: insert into ft_participants (draft_order,fantasy_game_seq,player_id,preferred_team,team_name,seq) values (?,?,?,?,?,default)
    Hibernate: insert into ft_participants (draft_order,fantasy_game_seq,player_id,preferred_team,team_name,seq) values (?,?,?,?,?,default)
    Hibernate: insert into ft_participants (draft_order,fantasy_game_seq,player_id,preferred_team,team_name,seq) values (?,?,?,?,?,default)
    Hibernate: insert into ft_participants (draft_order,fantasy_game_seq,player_id,preferred_team,team_name,seq) values (?,?,?,?,?,default)
    Hibernate: insert into ft_participants (draft_order,fantasy_game_seq,player_id,preferred_team,team_name,seq) values (?,?,?,?,?,default)
    Hibernate: insert into ft_participants (draft_order,fantasy_game_seq,player_id,preferred_team,team_name,seq) values (?,?,?,?,?,default)
    Hibernate: insert into ft_participants (draft_order,fantasy_game_seq,player_id,preferred_team,team_name,seq) values (?,?,?,?,?,default)
    Hibernate: insert into ft_participants (draft_order,fantasy_game_seq,player_id,preferred_team,team_name,seq) values (?,?,?,?,?,default)
    Hibernate: insert into ft_participants (draft_order,fantasy_game_seq,player_id,preferred_team,team_name,seq) values (?,?,?,?,?,default)
    Hibernate: insert into ft_participants (draft_order,fantasy_game_seq,player_id,preferred_team,team_name,seq) values (?,?,?,?,?,default)
    Hibernate: insert into ft_participants (draft_order,fantasy_game_seq,player_id,preferred_team,team_name,seq) values (?,?,?,?,?,default)
    Hibernate: insert into ft_participants (draft_order,fantasy_game_seq,player_id,preferred_team,team_name,seq) values (?,?,?,?,?,default)
    Hibernate: insert into ft_participants (draft_order,fantasy_game_seq,player_id,preferred_team,team_name,seq) values (?,?,?,?,?,default)
    Hibernate: insert into ft_participants (draft_order,fantasy_game_seq,player_id,preferred_team,team_name,seq) values (?,?,?,?,?,default)
    Hibernate: insert into ft_participants (draft_order,fantasy_game_seq,player_id,preferred_team,team_name,seq) values (?,?,?,?,?,default)
    Hibernate: insert into ft_participants (draft_order,fantasy_game_seq,player_id,preferred_team,team_name,seq) values (?,?,?,?,?,default)
    Hibernate: insert into ft_participants (draft_order,fantasy_game_seq,player_id,preferred_team,team_name,seq) values (?,?,?,?,?,default)
    Hibernate: insert into ft_participants (draft_order,fantasy_game_seq,player_id,preferred_team,team_name,seq) values (?,?,?,?,?,default)
    Hibernate: insert into ft_participants (draft_order,fantasy_game_seq,player_id,preferred_team,team_name,seq) values (?,?,?,?,?,default)
    Hibernate: insert into ft_participants (draft_order,fantasy_game_seq,player_id,preferred_team,team_name,seq) values (?,?,?,?,?,default)
    Hibernate: insert into ft_participants (draft_order,fantasy_game_seq,player_id,preferred_team,team_name,seq) values (?,?,?,?,?,default)
    Hibernate: insert into ft_participants (draft_order,fantasy_game_seq,player_id,preferred_team,team_name,seq) values (?,?,?,?,?,default)
    Hibernate: insert into ft_participants (draft_order,fantasy_game_seq,player_id,preferred_team,team_name,seq) values (?,?,?,?,?,default)
    Hibernate: insert into ft_participants (draft_order,fantasy_game_seq,player_id,preferred_team,team_name,seq) values (?,?,?,?,?,default)
    Hibernate: insert into ft_participants (draft_order,fantasy_game_seq,player_id,preferred_team,team_name,seq) values (?,?,?,?,?,default)
    Hibernate: insert into ft_participants (draft_order,fantasy_game_seq,player_id,preferred_team,team_name,seq) values (?,?,?,?,?,default)
    Hibernate: insert into ft_participants (draft_order,fantasy_game_seq,player_id,preferred_team,team_name,seq) values (?,?,?,?,?,default)
    Hibernate: insert into ft_participants (draft_order,fantasy_game_seq,player_id,preferred_team,team_name,seq) values (?,?,?,?,?,default)
    Hibernate: insert into ft_participants (draft_order,fantasy_game_seq,player_id,preferred_team,team_name,seq) values (?,?,?,?,?,default)
    Hibernate: insert into ft_participants (draft_order,fantasy_game_seq,player_id,preferred_team,team_name,seq) values (?,?,?,?,?,default)
    Hibernate: insert into ft_participants (draft_order,fantasy_game_seq,player_id,preferred_team,team_name,seq) values (?,?,?,?,?,default)
    Hibernate: insert into ft_participants (draft_order,fantasy_game_seq,player_id,preferred_team,team_name,seq) values (?,?,?,?,?,default)
    Hibernate: insert into ft_participants (draft_order,fantasy_game_seq,player_id,preferred_team,team_name,seq) values (?,?,?,?,?,default)
    Hibernate: insert into ft_participants (draft_order,fantasy_game_seq,player_id,preferred_team,team_name,seq) values (?,?,?,?,?,default)
    Hibernate: insert into ft_participants (draft_order,fantasy_game_seq,player_id,preferred_team,team_name,seq) values (?,?,?,?,?,default)
    Hibernate: insert into ft_participants (draft_order,fantasy_game_seq,player_id,preferred_team,team_name,seq) values (?,?,?,?,?,default)
    Hibernate: insert into ft_participants (draft_order,fantasy_game_seq,player_id,preferred_team,team_name,seq) values (?,?,?,?,?,default)
    Hibernate: insert into ft_participants (draft_order,fantasy_game_seq,player_id,preferred_team,team_name,seq) values (?,?,?,?,?,default)
    Hibernate: insert into ft_participants (draft_order,fantasy_game_seq,player_id,preferred_team,team_name,seq) values (?,?,?,?,?,default)
    Hibernate: insert into ft_participants (draft_order,fantasy_game_seq,player_id,preferred_team,team_name,seq) values (?,?,?,?,?,default)
    Hibernate: insert into ft_participants (draft_order,fantasy_game_seq,player_id,preferred_team,team_name,seq) values (?,?,?,?,?,default)
    Hibernate: insert into ft_participants (draft_order,fantasy_game_seq,player_id,preferred_team,team_name,seq) values (?,?,?,?,?,default)
    Hibernate: insert into ft_participants (draft_order,fantasy_game_seq,player_id,preferred_team,team_name,seq) values (?,?,?,?,?,default)
    Hibernate: insert into ft_participants (draft_order,fantasy_game_seq,player_id,preferred_team,team_name,seq) values (?,?,?,?,?,default)
    Hibernate: insert into ft_participants (draft_order,fantasy_game_seq,player_id,preferred_team,team_name,seq) values (?,?,?,?,?,default)
    Hibernate: insert into ft_participants (draft_order,fantasy_game_seq,player_id,preferred_team,team_name,seq) values (?,?,?,?,?,default)
    Hibernate: insert into ft_participants (draft_order,fantasy_game_seq,player_id,preferred_team,team_name,seq) values (?,?,?,?,?,default)
    Hibernate: insert into ft_participants (draft_order,fantasy_game_seq,player_id,preferred_team,team_name,seq) values (?,?,?,?,?,default)
    Hibernate: insert into ft_participants (draft_order,fantasy_game_seq,player_id,preferred_team,team_name,seq) values (?,?,?,?,?,default)
    Hibernate: insert into ft_participants (draft_order,fantasy_game_seq,player_id,preferred_team,team_name,seq) values (?,?,?,?,?,default)
    Hibernate: insert into ft_participants (draft_order,fantasy_game_seq,player_id,preferred_team,team_name,seq) values (?,?,?,?,?,default)
    Hibernate: insert into ft_participants (draft_order,fantasy_game_seq,player_id,preferred_team,team_name,seq) values (?,?,?,?,?,default)
    Hibernate: insert into ft_participants (draft_order,fantasy_game_seq,player_id,preferred_team,team_name,seq) values (?,?,?,?,?,default)
    Hibernate: insert into ft_participants (draft_order,fantasy_game_seq,player_id,preferred_team,team_name,seq) values (?,?,?,?,?,default)
    Hibernate: insert into ft_participants (draft_order,fantasy_game_seq,player_id,preferred_team,team_name,seq) values (?,?,?,?,?,default)
    Hibernate: insert into ft_participants (draft_order,fantasy_game_seq,player_id,preferred_team,team_name,seq) values (?,?,?,?,?,default)
    Hibernate: insert into ft_participants (draft_order,fantasy_game_seq,player_id,preferred_team,team_name,seq) values (?,?,?,?,?,default)
    Hibernate: insert into ft_participants (draft_order,fantasy_game_seq,player_id,preferred_team,team_name,seq) values (?,?,?,?,?,default)
    Hibernate: insert into ft_participants (draft_order,fantasy_game_seq,player_id,preferred_team,team_name,seq) values (?,?,?,?,?,default)
    Hibernate: insert into ft_participants (draft_order,fantasy_game_seq,player_id,preferred_team,team_name,seq) values (?,?,?,?,?,default)
    Hibernate: insert into ft_participants (draft_order,fantasy_game_seq,player_id,preferred_team,team_name,seq) values (?,?,?,?,?,default)
    Hibernate: insert into ft_participants (draft_order,fantasy_game_seq,player_id,preferred_team,team_name,seq) values (?,?,?,?,?,default)
    Hibernate: insert into ft_participants (draft_order,fantasy_game_seq,player_id,preferred_team,team_name,seq) values (?,?,?,?,?,default)
    Hibernate: insert into ft_participants (draft_order,fantasy_game_seq,player_id,preferred_team,team_name,seq) values (?,?,?,?,?,default)
    Hibernate: insert into ft_participants (draft_order,fantasy_game_seq,player_id,preferred_team,team_name,seq) values (?,?,?,?,?,default)
    Hibernate: insert into ft_participants (draft_order,fantasy_game_seq,player_id,preferred_team,team_name,seq) values (?,?,?,?,?,default)
    Hibernate: insert into ft_participants (draft_order,fantasy_game_seq,player_id,preferred_team,team_name,seq) values (?,?,?,?,?,default)
    Hibernate: insert into ft_participants (draft_order,fantasy_game_seq,player_id,preferred_team,team_name,seq) values (?,?,?,?,?,default)
    Hibernate: insert into ft_participants (draft_order,fantasy_game_seq,player_id,preferred_team,team_name,seq) values (?,?,?,?,?,default)
    Hibernate: insert into ft_participants (draft_order,fantasy_game_seq,player_id,preferred_team,team_name,seq) values (?,?,?,?,?,default)
    Hibernate: insert into ft_participants (draft_order,fantasy_game_seq,player_id,preferred_team,team_name,seq) values (?,?,?,?,?,default)
    Hibernate: insert into ft_participants (draft_order,fantasy_game_seq,player_id,preferred_team,team_name,seq) values (?,?,?,?,?,default)
    Hibernate: insert into ft_participants (draft_order,fantasy_game_seq,player_id,preferred_team,team_name,seq) values (?,?,?,?,?,default)
    Hibernate: insert into ft_participants (draft_order,fantasy_game_seq,player_id,preferred_team,team_name,seq) values (?,?,?,?,?,default)
    Hibernate: insert into ft_participants (draft_order,fantasy_game_seq,player_id,preferred_team,team_name,seq) values (?,?,?,?,?,default)
    Hibernate: insert into ft_participants (draft_order,fantasy_game_seq,player_id,preferred_team,team_name,seq) values (?,?,?,?,?,default)
    Hibernate: insert into ft_participants (draft_order,fantasy_game_seq,player_id,preferred_team,team_name,seq) values (?,?,?,?,?,default)
    Hibernate: insert into ft_participants (draft_order,fantasy_game_seq,player_id,preferred_team,team_name,seq) values (?,?,?,?,?,default)
    Hibernate: insert into ft_participants (draft_order,fantasy_game_seq,player_id,preferred_team,team_name,seq) values (?,?,?,?,?,default)
    Hibernate: insert into ft_participants (draft_order,fantasy_game_seq,player_id,preferred_team,team_name,seq) values (?,?,?,?,?,default)
    Hibernate: insert into ft_participants (draft_order,fantasy_game_seq,player_id,preferred_team,team_name,seq) values (?,?,?,?,?,default)
    Hibernate: insert into ft_participants (draft_order,fantasy_game_seq,player_id,preferred_team,team_name,seq) values (?,?,?,?,?,default)
    Hibernate: insert into ft_participants (draft_order,fantasy_game_seq,player_id,preferred_team,team_name,seq) values (?,?,?,?,?,default)
    Hibernate: insert into ft_participants (draft_order,fantasy_game_seq,player_id,preferred_team,team_name,seq) values (?,?,?,?,?,default)
    Hibernate: insert into ft_participants (draft_order,fantasy_game_seq,player_id,preferred_team,team_name,seq) values (?,?,?,?,?,default)
    Hibernate: insert into ft_participants (draft_order,fantasy_game_seq,player_id,preferred_team,team_name,seq) values (?,?,?,?,?,default)
    Hibernate: insert into ft_participants (draft_order,fantasy_game_seq,player_id,preferred_team,team_name,seq) values (?,?,?,?,?,default)
    Hibernate: insert into ft_participants (draft_order,fantasy_game_seq,player_id,preferred_team,team_name,seq) values (?,?,?,?,?,default)
    Hibernate: insert into ft_participants (draft_order,fantasy_game_seq,player_id,preferred_team,team_name,seq) values (?,?,?,?,?,default)
    Hibernate: insert into ft_participants (draft_order,fantasy_game_seq,player_id,preferred_team,team_name,seq) values (?,?,?,?,?,default)
    Hibernate: insert into ft_participants (draft_order,fantasy_game_seq,player_id,preferred_team,team_name,seq) values (?,?,?,?,?,default)
    Hibernate: insert into ft_participants (draft_order,fantasy_game_seq,player_id,preferred_team,team_name,seq) values (?,?,?,?,?,default)
    Hibernate: insert into ft_participants (draft_order,fantasy_game_seq,player_id,preferred_team,team_name,seq) values (?,?,?,?,?,default)
    Hibernate: insert into ft_participants (draft_order,fantasy_game_seq,player_id,preferred_team,team_name,seq) values (?,?,?,?,?,default)
    Hibernate: insert into ft_participants (draft_order,fantasy_game_seq,player_id,preferred_team,team_name,seq) values (?,?,?,?,?,default)
    Hibernate: insert into ft_participants (draft_order,fantasy_game_seq,player_id,preferred_team,team_name,seq) values (?,?,?,?,?,default)
    Hibernate: insert into ft_participants (draft_order,fantasy_game_seq,player_id,preferred_team,team_name,seq) values (?,?,?,?,?,default)
    Hibernate: insert into ft_participants (draft_order,fantasy_game_seq,player_id,preferred_team,team_name,seq) values (?,?,?,?,?,default)
    Hibernate: insert into ft_participants (draft_order,fantasy_game_seq,player_id,preferred_team,team_name,seq) values (?,?,?,?,?,default)
    Hibernate: insert into ft_participants (draft_order,fantasy_game_seq,player_id,preferred_team,team_name,seq) values (?,?,?,?,?,default)
    Hibernate: insert into ft_participants (draft_order,fantasy_game_seq,player_id,preferred_team,team_name,seq) values (?,?,?,?,?,default)
    Hibernate: insert into ft_participants (draft_order,fantasy_game_seq,player_id,preferred_team,team_name,seq) values (?,?,?,?,?,default)
    Hibernate: insert into ft_participants (draft_order,fantasy_game_seq,player_id,preferred_team,team_name,seq) values (?,?,?,?,?,default)
    Hibernate: insert into ft_participants (draft_order,fantasy_game_seq,player_id,preferred_team,team_name,seq) values (?,?,?,?,?,default)
    Hibernate: insert into ft_participants (draft_order,fantasy_game_seq,player_id,preferred_team,team_name,seq) values (?,?,?,?,?,default)
    Hibernate: insert into ft_participants (draft_order,fantasy_game_seq,player_id,preferred_team,team_name,seq) values (?,?,?,?,?,default)
    Hibernate: insert into ft_participants (draft_order,fantasy_game_seq,player_id,preferred_team,team_name,seq) values (?,?,?,?,?,default)
    Hibernate: insert into ft_participants (draft_order,fantasy_game_seq,player_id,preferred_team,team_name,seq) values (?,?,?,?,?,default)
    Hibernate: insert into ft_participants (draft_order,fantasy_game_seq,player_id,preferred_team,team_name,seq) values (?,?,?,?,?,default)
    Hibernate: insert into ft_participants (draft_order,fantasy_game_seq,player_id,preferred_team,team_name,seq) values (?,?,?,?,?,default)
    Hibernate: insert into ft_participants (draft_order,fantasy_game_seq,player_id,preferred_team,team_name,seq) values (?,?,?,?,?,default)
    Hibernate: insert into ft_participants (draft_order,fantasy_game_seq,player_id,preferred_team,team_name,seq) values (?,?,?,?,?,default)
    Hibernate: insert into ft_participants (draft_order,fantasy_game_seq,player_id,preferred_team,team_name,seq) values (?,?,?,?,?,default)
    Hibernate: insert into ft_participants (draft_order,fantasy_game_seq,player_id,preferred_team,team_name,seq) values (?,?,?,?,?,default)
    Hibernate: insert into ft_participants (draft_order,fantasy_game_seq,player_id,preferred_team,team_name,seq) values (?,?,?,?,?,default)
    Hibernate: insert into ft_participants (draft_order,fantasy_game_seq,player_id,preferred_team,team_name,seq) values (?,?,?,?,?,default)
    Hibernate: insert into ft_participants (draft_order,fantasy_game_seq,player_id,preferred_team,team_name,seq) values (?,?,?,?,?,default)
    Hibernate: insert into ft_participants (draft_order,fantasy_game_seq,player_id,preferred_team,team_name,seq) values (?,?,?,?,?,default)
    Hibernate: insert into ft_participants (draft_order,fantasy_game_seq,player_id,preferred_team,team_name,seq) values (?,?,?,?,?,default)
    Hibernate: insert into ft_participants (draft_order,fantasy_game_seq,player_id,preferred_team,team_name,seq) values (?,?,?,?,?,default)
    Hibernate: insert into ft_participants (draft_order,fantasy_game_seq,player_id,preferred_team,team_name,seq) values (?,?,?,?,?,default)
    Hibernate: insert into ft_participants (draft_order,fantasy_game_seq,player_id,preferred_team,team_name,seq) values (?,?,?,?,?,default)
    Hibernate: insert into ft_participants (draft_order,fantasy_game_seq,player_id,preferred_team,team_name,seq) values (?,?,?,?,?,default)
    Hibernate: insert into ft_participants (draft_order,fantasy_game_seq,player_id,preferred_team,team_name,seq) values (?,?,?,?,?,default)
    Hibernate: insert into ft_participants (draft_order,fantasy_game_seq,player_id,preferred_team,team_name,seq) values (?,?,?,?,?,default)
    Hibernate: insert into ft_participants (draft_order,fantasy_game_seq,player_id,preferred_team,team_name,seq) values (?,?,?,?,?,default)
    Hibernate: insert into ft_participants (draft_order,fantasy_game_seq,player_id,preferred_team,team_name,seq) values (?,?,?,?,?,default)
    Hibernate: insert into ft_participants (draft_order,fantasy_game_seq,player_id,preferred_team,team_name,seq) values (?,?,?,?,?,default)
    Hibernate: insert into ft_participants (draft_order,fantasy_game_seq,player_id,preferred_team,team_name,seq) values (?,?,?,?,?,default)
    Hibernate: insert into ft_participants (draft_order,fantasy_game_seq,player_id,preferred_team,team_name,seq) values (?,?,?,?,?,default)
    Hibernate: insert into ft_participants (draft_order,fantasy_game_seq,player_id,preferred_team,team_name,seq) values (?,?,?,?,?,default)
    Hibernate: insert into ft_participants (draft_order,fantasy_game_seq,player_id,preferred_team,team_name,seq) values (?,?,?,?,?,default)
    Hibernate: insert into ft_participants (draft_order,fantasy_game_seq,player_id,preferred_team,team_name,seq) values (?,?,?,?,?,default)
    Hibernate: insert into ft_participants (draft_order,fantasy_game_seq,player_id,preferred_team,team_name,seq) values (?,?,?,?,?,default)
    Hibernate: insert into ft_participants (draft_order,fantasy_game_seq,player_id,preferred_team,team_name,seq) values (?,?,?,?,?,default)
    Hibernate: insert into ft_participants (draft_order,fantasy_game_seq,player_id,preferred_team,team_name,seq) values (?,?,?,?,?,default)
    Hibernate: insert into ft_participants (draft_order,fantasy_game_seq,player_id,preferred_team,team_name,seq) values (?,?,?,?,?,default)
    Hibernate: insert into ft_participants (draft_order,fantasy_game_seq,player_id,preferred_team,team_name,seq) values (?,?,?,?,?,default)
    Hibernate: insert into ft_participants (draft_order,fantasy_game_seq,player_id,preferred_team,team_name,seq) values (?,?,?,?,?,default)
    Hibernate: insert into ft_participants (draft_order,fantasy_game_seq,player_id,preferred_team,team_name,seq) values (?,?,?,?,?,default)
    Hibernate: insert into ft_participants (draft_order,fantasy_game_seq,player_id,preferred_team,team_name,seq) values (?,?,?,?,?,default)
    Hibernate: insert into ft_participants (draft_order,fantasy_game_seq,player_id,preferred_team,team_name,seq) values (?,?,?,?,?,default)
    Hibernate: insert into ft_participants (draft_order,fantasy_game_seq,player_id,preferred_team,team_name,seq) values (?,?,?,?,?,default)
    Hibernate: insert into ft_participants (draft_order,fantasy_game_seq,player_id,preferred_team,team_name,seq) values (?,?,?,?,?,default)
    Hibernate: insert into ft_participants (draft_order,fantasy_game_seq,player_id,preferred_team,team_name,seq) values (?,?,?,?,?,default)
    Hibernate: insert into ft_participants (draft_order,fantasy_game_seq,player_id,preferred_team,team_name,seq) values (?,?,?,?,?,default)
    Hibernate: insert into ft_participants (draft_order,fantasy_game_seq,player_id,preferred_team,team_name,seq) values (?,?,?,?,?,default)
    Hibernate: insert into ft_participants (draft_order,fantasy_game_seq,player_id,preferred_team,team_name,seq) values (?,?,?,?,?,default)
    Hibernate: insert into ft_participants (draft_order,fantasy_game_seq,player_id,preferred_team,team_name,seq) values (?,?,?,?,?,default)
    Hibernate: insert into ft_participants (draft_order,fantasy_game_seq,player_id,preferred_team,team_name,seq) values (?,?,?,?,?,default)
    Hibernate: insert into ft_participants (draft_order,fantasy_game_seq,player_id,preferred_team,team_name,seq) values (?,?,?,?,?,default)
    Hibernate: insert into ft_participants (draft_order,fantasy_game_seq,player_id,preferred_team,team_name,seq) values (?,?,?,?,?,default)
    Hibernate: insert into ft_participants (draft_order,fantasy_game_seq,player_id,preferred_team,team_name,seq) values (?,?,?,?,?,default)
    Hibernate: insert into ft_participants (draft_order,fantasy_game_seq,player_id,preferred_team,team_name,seq) values (?,?,?,?,?,default)
    Hibernate: insert into ft_participants (draft_order,fantasy_game_seq,player_id,preferred_team,team_name,seq) values (?,?,?,?,?,default)
    Hibernate: insert into ft_participants (draft_order,fantasy_game_seq,player_id,preferred_team,team_name,seq) values (?,?,?,?,?,default)
    Hibernate: insert into ft_participants (draft_order,fantasy_game_seq,player_id,preferred_team,team_name,seq) values (?,?,?,?,?,default)
    Hibernate: insert into ft_participants (draft_order,fantasy_game_seq,player_id,preferred_team,team_name,seq) values (?,?,?,?,?,default)
    Hibernate: insert into ft_participants (draft_order,fantasy_game_seq,player_id,preferred_team,team_name,seq) values (?,?,?,?,?,default)
    Hibernate: insert into ft_participants (draft_order,fantasy_game_seq,player_id,preferred_team,team_name,seq) values (?,?,?,?,?,default)
    Hibernate: insert into ft_participants (draft_order,fantasy_game_seq,player_id,preferred_team,team_name,seq) values (?,?,?,?,?,default)
    Hibernate: insert into ft_participants (draft_order,fantasy_game_seq,player_id,preferred_team,team_name,seq) values (?,?,?,?,?,default)
    Hibernate: insert into ft_participants (draft_order,fantasy_game_seq,player_id,preferred_team,team_name,seq) values (?,?,?,?,?,default)
    Hibernate: insert into ft_participants (draft_order,fantasy_game_seq,player_id,preferred_team,team_name,seq) values (?,?,?,?,?,default)
    Hibernate: insert into ft_participants (draft_order,fantasy_game_seq,player_id,preferred_team,team_name,seq) values (?,?,?,?,?,default)
    Hibernate: insert into ft_participants (draft_order,fantasy_game_seq,player_id,preferred_team,team_name,seq) values (?,?,?,?,?,default)
    Hibernate: insert into ft_participants (draft_order,fantasy_game_seq,player_id,preferred_team,team_name,seq) values (?,?,?,?,?,default)
    Hibernate: insert into ft_participants (draft_order,fantasy_game_seq,player_id,preferred_team,team_name,seq) values (?,?,?,?,?,default)
    Hibernate: insert into ft_participants (draft_order,fantasy_game_seq,player_id,preferred_team,team_name,seq) values (?,?,?,?,?,default)
    Hibernate: insert into ft_participants (draft_order,fantasy_game_seq,player_id,preferred_team,team_name,seq) values (?,?,?,?,?,default)
    Hibernate: insert into ft_participants (draft_order,fantasy_game_seq,player_id,preferred_team,team_name,seq) values (?,?,?,?,?,default)
    Hibernate: insert into ft_participants (draft_order,fantasy_game_seq,player_id,preferred_team,team_name,seq) values (?,?,?,?,?,default)
    Hibernate: insert into ft_participants (draft_order,fantasy_game_seq,player_id,preferred_team,team_name,seq) values (?,?,?,?,?,default)
    Hibernate: insert into ft_participants (draft_order,fantasy_game_seq,player_id,preferred_team,team_name,seq) values (?,?,?,?,?,default)
    Hibernate: insert into ft_participants (draft_order,fantasy_game_seq,player_id,preferred_team,team_name,seq) values (?,?,?,?,?,default)
    Hibernate: insert into ft_participants (draft_order,fantasy_game_seq,player_id,preferred_team,team_name,seq) values (?,?,?,?,?,default)
    Hibernate: insert into ft_participants (draft_order,fantasy_game_seq,player_id,preferred_team,team_name,seq) values (?,?,?,?,?,default)
    Hibernate: insert into ft_participants (draft_order,fantasy_game_seq,player_id,preferred_team,team_name,seq) values (?,?,?,?,?,default)
    Hibernate: insert into ft_participants (draft_order,fantasy_game_seq,player_id,preferred_team,team_name,seq) values (?,?,?,?,?,default)
    Hibernate: insert into ft_participants (draft_order,fantasy_game_seq,player_id,preferred_team,team_name,seq) values (?,?,?,?,?,default)
    Hibernate: insert into ft_participants (draft_order,fantasy_game_seq,player_id,preferred_team,team_name,seq) values (?,?,?,?,?,default)
    Hibernate: insert into ft_participants (draft_order,fantasy_game_seq,player_id,preferred_team,team_name,seq) values (?,?,?,?,?,default)
    Hibernate: insert into ft_participants (draft_order,fantasy_game_seq,player_id,preferred_team,team_name,seq) values (?,?,?,?,?,default)
    Hibernate: insert into ft_participants (draft_order,fantasy_game_seq,player_id,preferred_team,team_name,seq) values (?,?,?,?,?,default)
    Hibernate: insert into ft_participants (draft_order,fantasy_game_seq,player_id,preferred_team,team_name,seq) values (?,?,?,?,?,default)
    Hibernate: insert into ft_participants (draft_order,fantasy_game_seq,player_id,preferred_team,team_name,seq) values (?,?,?,?,?,default)
    Hibernate: insert into ft_participants (draft_order,fantasy_game_seq,player_id,preferred_team,team_name,seq) values (?,?,?,?,?,default)
    Hibernate: insert into ft_participants (draft_order,fantasy_game_seq,player_id,preferred_team,team_name,seq) values (?,?,?,?,?,default)
    Hibernate: insert into ft_participants (draft_order,fantasy_game_seq,player_id,preferred_team,team_name,seq) values (?,?,?,?,?,default)
    Hibernate: insert into ft_participants (draft_order,fantasy_game_seq,player_id,preferred_team,team_name,seq) values (?,?,?,?,?,default)
    Hibernate: insert into ft_participants (draft_order,fantasy_game_seq,player_id,preferred_team,team_name,seq) values (?,?,?,?,?,default)
    Hibernate: insert into ft_participants (draft_order,fantasy_game_seq,player_id,preferred_team,team_name,seq) values (?,?,?,?,?,default)
    Hibernate: insert into ft_participants (draft_order,fantasy_game_seq,player_id,preferred_team,team_name,seq) values (?,?,?,?,?,default)
    Hibernate: insert into ft_participants (draft_order,fantasy_game_seq,player_id,preferred_team,team_name,seq) values (?,?,?,?,?,default)
    Hibernate: insert into ft_participants (draft_order,fantasy_game_seq,player_id,preferred_team,team_name,seq) values (?,?,?,?,?,default)
    Hibernate: insert into ft_participants (draft_order,fantasy_game_seq,player_id,preferred_team,team_name,seq) values (?,?,?,?,?,default)
    Hibernate: insert into ft_participants (draft_order,fantasy_game_seq,player_id,preferred_team,team_name,seq) values (?,?,?,?,?,default)
    Hibernate: insert into ft_participants (draft_order,fantasy_game_seq,player_id,preferred_team,team_name,seq) values (?,?,?,?,?,default)
    Hibernate: insert into ft_participants (draft_order,fantasy_game_seq,player_id,preferred_team,team_name,seq) values (?,?,?,?,?,default)
    Hibernate: insert into ft_participants (draft_order,fantasy_game_seq,player_id,preferred_team,team_name,seq) values (?,?,?,?,?,default)
    Hibernate: insert into ft_participants (draft_order,fantasy_game_seq,player_id,preferred_team,team_name,seq) values (?,?,?,?,?,default)
    Hibernate: insert into ft_participants (draft_order,fantasy_game_seq,player_id,preferred_team,team_name,seq) values (?,?,?,?,?,default)
    Hibernate: insert into ft_participants (draft_order,fantasy_game_seq,player_id,preferred_team,team_name,seq) values (?,?,?,?,?,default)
    Hibernate: insert into ft_participants (draft_order,fantasy_game_seq,player_id,preferred_team,team_name,seq) values (?,?,?,?,?,default)
    Hibernate: insert into ft_participants (draft_order,fantasy_game_seq,player_id,preferred_team,team_name,seq) values (?,?,?,?,?,default)
    Hibernate: insert into ft_participants (draft_order,fantasy_game_seq,player_id,preferred_team,team_name,seq) values (?,?,?,?,?,default)
    Hibernate: insert into ft_participants (draft_order,fantasy_game_seq,player_id,preferred_team,team_name,seq) values (?,?,?,?,?,default)
    Hibernate: insert into ft_participants (draft_order,fantasy_game_seq,player_id,preferred_team,team_name,seq) values (?,?,?,?,?,default)
    Hibernate: insert into ft_participants (draft_order,fantasy_game_seq,player_id,preferred_team,team_name,seq) values (?,?,?,?,?,default)
    Hibernate: insert into ft_participants (draft_order,fantasy_game_seq,player_id,preferred_team,team_name,seq) values (?,?,?,?,?,default)
    Hibernate: insert into ft_participants (draft_order,fantasy_game_seq,player_id,preferred_team,team_name,seq) values (?,?,?,?,?,default)
    Hibernate: insert into ft_participants (draft_order,fantasy_game_seq,player_id,preferred_team,team_name,seq) values (?,?,?,?,?,default)
    Hibernate: insert into ft_participants (draft_order,fantasy_game_seq,player_id,preferred_team,team_name,seq) values (?,?,?,?,?,default)
    Hibernate: insert into ft_participants (draft_order,fantasy_game_seq,player_id,preferred_team,team_name,seq) values (?,?,?,?,?,default)
    Hibernate: insert into ft_participants (draft_order,fantasy_game_seq,player_id,preferred_team,team_name,seq) values (?,?,?,?,?,default)
    Hibernate: insert into ft_participants (draft_order,fantasy_game_seq,player_id,preferred_team,team_name,seq) values (?,?,?,?,?,default)
    Hibernate: insert into ft_participants (draft_order,fantasy_game_seq,player_id,preferred_team,team_name,seq) values (?,?,?,?,?,default)
    Hibernate: insert into ft_participants (draft_order,fantasy_game_seq,player_id,preferred_team,team_name,seq) values (?,?,?,?,?,default)
    Hibernate: insert into ft_participants (draft_order,fantasy_game_seq,player_id,preferred_team,team_name,seq) values (?,?,?,?,?,default)
    Hibernate: insert into ft_participants (draft_order,fantasy_game_seq,player_id,preferred_team,team_name,seq) values (?,?,?,?,?,default)
    Hibernate: insert into ft_participants (draft_order,fantasy_game_seq,player_id,preferred_team,team_name,seq) values (?,?,?,?,?,default)
    Hibernate: insert into ft_participants (draft_order,fantasy_game_seq,player_id,preferred_team,team_name,seq) values (?,?,?,?,?,default)
    Hibernate: insert into ft_participants (draft_order,fantasy_game_seq,player_id,preferred_team,team_name,seq) values (?,?,?,?,?,default)
    Hibernate: insert into ft_participants (draft_order,fantasy_game_seq,player_id,preferred_team,team_name,seq) values (?,?,?,?,?,default)
    Hibernate: insert into ft_participants (draft_order,fantasy_game_seq,player_id,preferred_team,team_name,seq) values (?,?,?,?,?,default)
    Hibernate: insert into ft_participants (draft_order,fantasy_game_seq,player_id,preferred_team,team_name,seq) values (?,?,?,?,?,default)
    Hibernate: insert into ft_participants (draft_order,fantasy_game_seq,player_id,preferred_team,team_name,seq) values (?,?,?,?,?,default)
    Hibernate: insert into ft_participants (draft_order,fantasy_game_seq,player_id,preferred_team,team_name,seq) values (?,?,?,?,?,default)
    Hibernate: insert into ft_participants (draft_order,fantasy_game_seq,player_id,preferred_team,team_name,seq) values (?,?,?,?,?,default)
    Hibernate: insert into ft_participants (draft_order,fantasy_game_seq,player_id,preferred_team,team_name,seq) values (?,?,?,?,?,default)
    Hibernate: insert into ft_participants (draft_order,fantasy_game_seq,player_id,preferred_team,team_name,seq) values (?,?,?,?,?,default)
    Hibernate: insert into ft_participants (draft_order,fantasy_game_seq,player_id,preferred_team,team_name,seq) values (?,?,?,?,?,default)
    Hibernate: insert into ft_participants (draft_order,fantasy_game_seq,player_id,preferred_team,team_name,seq) values (?,?,?,?,?,default)
    Hibernate: insert into ft_participants (draft_order,fantasy_game_seq,player_id,preferred_team,team_name,seq) values (?,?,?,?,?,default)
    Hibernate: insert into ft_participants (draft_order,fantasy_game_seq,player_id,preferred_team,team_name,seq) values (?,?,?,?,?,default)
    Hibernate: insert into ft_participants (draft_order,fantasy_game_seq,player_id,preferred_team,team_name,seq) values (?,?,?,?,?,default)
    Hibernate: insert into ft_participants (draft_order,fantasy_game_seq,player_id,preferred_team,team_name,seq) values (?,?,?,?,?,default)
    Hibernate: insert into ft_participants (draft_order,fantasy_game_seq,player_id,preferred_team,team_name,seq) values (?,?,?,?,?,default)
    Hibernate: insert into ft_participants (draft_order,fantasy_game_seq,player_id,preferred_team,team_name,seq) values (?,?,?,?,?,default)
    Hibernate: insert into ft_participants (draft_order,fantasy_game_seq,player_id,preferred_team,team_name,seq) values (?,?,?,?,?,default)
    Hibernate: insert into ft_participants (draft_order,fantasy_game_seq,player_id,preferred_team,team_name,seq) values (?,?,?,?,?,default)
    Hibernate: insert into ft_participants (draft_order,fantasy_game_seq,player_id,preferred_team,team_name,seq) values (?,?,?,?,?,default)
    Hibernate: insert into ft_participants (draft_order,fantasy_game_seq,player_id,preferred_team,team_name,seq) values (?,?,?,?,?,default)
    Hibernate: insert into ft_participants (draft_order,fantasy_game_seq,player_id,preferred_team,team_name,seq) values (?,?,?,?,?,default)
    Hibernate: insert into ft_participants (draft_order,fantasy_game_seq,player_id,preferred_team,team_name,seq) values (?,?,?,?,?,default)
    Hibernate: insert into ft_participants (draft_order,fantasy_game_seq,player_id,preferred_team,team_name,seq) values (?,?,?,?,?,default)
    Hibernate: insert into ft_participants (draft_order,fantasy_game_seq,player_id,preferred_team,team_name,seq) values (?,?,?,?,?,default)
    Hibernate: insert into ft_participants (draft_order,fantasy_game_seq,player_id,preferred_team,team_name,seq) values (?,?,?,?,?,default)
    Hibernate: insert into ft_participants (draft_order,fantasy_game_seq,player_id,preferred_team,team_name,seq) values (?,?,?,?,?,default)
    Hibernate: insert into ft_participants (draft_order,fantasy_game_seq,player_id,preferred_team,team_name,seq) values (?,?,?,?,?,default)
    Hibernate: insert into ft_participants (draft_order,fantasy_game_seq,player_id,preferred_team,team_name,seq) values (?,?,?,?,?,default)
    Hibernate: insert into ft_participants (draft_order,fantasy_game_seq,player_id,preferred_team,team_name,seq) values (?,?,?,?,?,default)
    Hibernate: insert into ft_participants (draft_order,fantasy_game_seq,player_id,preferred_team,team_name,seq) values (?,?,?,?,?,default)
    Hibernate: insert into ft_participants (draft_order,fantasy_game_seq,player_id,preferred_team,team_name,seq) values (?,?,?,?,?,default)
    Hibernate: insert into ft_participants (draft_order,fantasy_game_seq,player_id,preferred_team,team_name,seq) values (?,?,?,?,?,default)
    Hibernate: insert into ft_participants (draft_order,fantasy_game_seq,player_id,preferred_team,team_name,seq) values (?,?,?,?,?,default)
    Hibernate: insert into ft_participants (draft_order,fantasy_game_seq,player_id,preferred_team,team_name,seq) values (?,?,?,?,?,default)
    Hibernate: insert into ft_participants (draft_order,fantasy_game_seq,player_id,preferred_team,team_name,seq) values (?,?,?,?,?,default)
    Hibernate: insert into ft_participants (draft_order,fantasy_game_seq,player_id,preferred_team,team_name,seq) values (?,?,?,?,?,default)
    Hibernate: insert into ft_participants (draft_order,fantasy_game_seq,player_id,preferred_team,team_name,seq) values (?,?,?,?,?,default)
    Hibernate: insert into ft_participants (draft_order,fantasy_game_seq,player_id,preferred_team,team_name,seq) values (?,?,?,?,?,default)
    Hibernate: insert into ft_participants (draft_order,fantasy_game_seq,player_id,preferred_team,team_name,seq) values (?,?,?,?,?,default)
    Hibernate: insert into ft_participants (draft_order,fantasy_game_seq,player_id,preferred_team,team_name,seq) values (?,?,?,?,?,default)
    Hibernate: insert into ft_participants (draft_order,fantasy_game_seq,player_id,preferred_team,team_name,seq) values (?,?,?,?,?,default)
    Hibernate: insert into ft_participants (draft_order,fantasy_game_seq,player_id,preferred_team,team_name,seq) values (?,?,?,?,?,default)
    Hibernate: insert into ft_participants (draft_order,fantasy_game_seq,player_id,preferred_team,team_name,seq) values (?,?,?,?,?,default)
    Hibernate: insert into ft_participants (draft_order,fantasy_game_seq,player_id,preferred_team,team_name,seq) values (?,?,?,?,?,default)
    Hibernate: insert into ft_participants (draft_order,fantasy_game_seq,player_id,preferred_team,team_name,seq) values (?,?,?,?,?,default)
    Hibernate: insert into ft_participants (draft_order,fantasy_game_seq,player_id,preferred_team,team_name,seq) values (?,?,?,?,?,default)
    Hibernate: insert into ft_participants (draft_order,fantasy_game_seq,player_id,preferred_team,team_name,seq) values (?,?,?,?,?,default)
    Hibernate: insert into ft_participants (draft_order,fantasy_game_seq,player_id,preferred_team,team_name,seq) values (?,?,?,?,?,default)
    Hibernate: insert into ft_participants (draft_order,fantasy_game_seq,player_id,preferred_team,team_name,seq) values (?,?,?,?,?,default)
    Hibernate: insert into ft_participants (draft_order,fantasy_game_seq,player_id,preferred_team,team_name,seq) values (?,?,?,?,?,default)
    Hibernate: insert into ft_participants (draft_order,fantasy_game_seq,player_id,preferred_team,team_name,seq) values (?,?,?,?,?,default)
    Hibernate: insert into ft_participants (draft_order,fantasy_game_seq,player_id,preferred_team,team_name,seq) values (?,?,?,?,?,default)
    Hibernate: insert into ft_participants (draft_order,fantasy_game_seq,player_id,preferred_team,team_name,seq) values (?,?,?,?,?,default)
    Hibernate: insert into ft_participants (draft_order,fantasy_game_seq,player_id,preferred_team,team_name,seq) values (?,?,?,?,?,default)
    Hibernate: insert into ft_participants (draft_order,fantasy_game_seq,player_id,preferred_team,team_name,seq) values (?,?,?,?,?,default)
    Hibernate: insert into ft_participants (draft_order,fantasy_game_seq,player_id,preferred_team,team_name,seq) values (?,?,?,?,?,default)
    Hibernate: insert into ft_participants (draft_order,fantasy_game_seq,player_id,preferred_team,team_name,seq) values (?,?,?,?,?,default)
    Hibernate: insert into ft_participants (draft_order,fantasy_game_seq,player_id,preferred_team,team_name,seq) values (?,?,?,?,?,default)
    Hibernate: insert into ft_participants (draft_order,fantasy_game_seq,player_id,preferred_team,team_name,seq) values (?,?,?,?,?,default)
    Hibernate: insert into ft_participants (draft_order,fantasy_game_seq,player_id,preferred_team,team_name,seq) values (?,?,?,?,?,default)
    Hibernate: insert into ft_participants (draft_order,fantasy_game_seq,player_id,preferred_team,team_name,seq) values (?,?,?,?,?,default)
    Hibernate: insert into ft_participants (draft_order,fantasy_game_seq,player_id,preferred_team,team_name,seq) values (?,?,?,?,?,default)
    Hibernate: insert into ft_participants (draft_order,fantasy_game_seq,player_id,preferred_team,team_name,seq) values (?,?,?,?,?,default)
    Hibernate: insert into ft_participants (draft_order,fantasy_game_seq,player_id,preferred_team,team_name,seq) values (?,?,?,?,?,default)
    Hibernate: insert into ft_participants (draft_order,fantasy_game_seq,player_id,preferred_team,team_name,seq) values (?,?,?,?,?,default)
    Hibernate: insert into ft_participants (draft_order,fantasy_game_seq,player_id,preferred_team,team_name,seq) values (?,?,?,?,?,default)
    Hibernate: insert into ft_participants (draft_order,fantasy_game_seq,player_id,preferred_team,team_name,seq) values (?,?,?,?,?,default)
    Hibernate: insert into ft_participants (draft_order,fantasy_game_seq,player_id,preferred_team,team_name,seq) values (?,?,?,?,?,default)
    Hibernate: insert into ft_participants (draft_order,fantasy_game_seq,player_id,preferred_team,team_name,seq) values (?,?,?,?,?,default)
    Hibernate: insert into ft_participants (draft_order,fantasy_game_seq,player_id,preferred_team,team_name,seq) values (?,?,?,?,?,default)
    Hibernate: insert into ft_participants (draft_order,fantasy_game_seq,player_id,preferred_team,team_name,seq) values (?,?,?,?,?,default)
    Hibernate: insert into ft_participants (draft_order,fantasy_game_seq,player_id,preferred_team,team_name,seq) values (?,?,?,?,?,default)
    Hibernate: insert into ft_participants (draft_order,fantasy_game_seq,player_id,preferred_team,team_name,seq) values (?,?,?,?,?,default)
    Hibernate: insert into ft_participants (draft_order,fantasy_game_seq,player_id,preferred_team,team_name,seq) values (?,?,?,?,?,default)
    Hibernate: insert into ft_participants (draft_order,fantasy_game_seq,player_id,preferred_team,team_name,seq) values (?,?,?,?,?,default)
    Hibernate: insert into ft_participants (draft_order,fantasy_game_seq,player_id,preferred_team,team_name,seq) values (?,?,?,?,?,default)
    Hibernate: insert into ft_participants (draft_order,fantasy_game_seq,player_id,preferred_team,team_name,seq) values (?,?,?,?,?,default)
    Hibernate: insert into ft_participants (draft_order,fantasy_game_seq,player_id,preferred_team,team_name,seq) values (?,?,?,?,?,default)
    Hibernate: insert into ft_participants (draft_order,fantasy_game_seq,player_id,preferred_team,team_name,seq) values (?,?,?,?,?,default)
    Hibernate: insert into ft_participants (draft_order,fantasy_game_seq,player_id,preferred_team,team_name,seq) values (?,?,?,?,?,default)
    Hibernate: insert into ft_participants (draft_order,fantasy_game_seq,player_id,preferred_team,team_name,seq) values (?,?,?,?,?,default)
    Hibernate: insert into ft_participants (draft_order,fantasy_game_seq,player_id,preferred_team,team_name,seq) values (?,?,?,?,?,default)
    Hibernate: insert into ft_participants (draft_order,fantasy_game_seq,player_id,preferred_team,team_name,seq) values (?,?,?,?,?,default)
    Hibernate: insert into ft_participants (draft_order,fantasy_game_seq,player_id,preferred_team,team_name,seq) values (?,?,?,?,?,default)
    Hibernate: insert into ft_participants (draft_order,fantasy_game_seq,player_id,preferred_team,team_name,seq) values (?,?,?,?,?,default)
    Hibernate: insert into ft_participants (draft_order,fantasy_game_seq,player_id,preferred_team,team_name,seq) values (?,?,?,?,?,default)
    Hibernate: insert into ft_participants (draft_order,fantasy_game_seq,player_id,preferred_team,team_name,seq) values (?,?,?,?,?,default)
    Hibernate: insert into ft_participants (draft_order,fantasy_game_seq,player_id,preferred_team,team_name,seq) values (?,?,?,?,?,default)
    Hibernate: insert into ft_participants (draft_order,fantasy_game_seq,player_id,preferred_team,team_name,seq) values (?,?,?,?,?,default)
    Hibernate: insert into ft_participants (draft_order,fantasy_game_seq,player_id,preferred_team,team_name,seq) values (?,?,?,?,?,default)
    Hibernate: insert into ft_participants (draft_order,fantasy_game_seq,player_id,preferred_team,team_name,seq) values (?,?,?,?,?,default)
    Hibernate: insert into ft_participants (draft_order,fantasy_game_seq,player_id,preferred_team,team_name,seq) values (?,?,?,?,?,default)
    Hibernate: insert into ft_participants (draft_order,fantasy_game_seq,player_id,preferred_team,team_name,seq) values (?,?,?,?,?,default)
    Hibernate: insert into ft_participants (draft_order,fantasy_game_seq,player_id,preferred_team,team_name,seq) values (?,?,?,?,?,default)
    Hibernate: insert into ft_participants (draft_order,fantasy_game_seq,player_id,preferred_team,team_name,seq) values (?,?,?,?,?,default)
    Hibernate: insert into ft_participants (draft_order,fantasy_game_seq,player_id,preferred_team,team_name,seq) values (?,?,?,?,?,default)
    Hibernate: insert into ft_participants (draft_order,fantasy_game_seq,player_id,preferred_team,team_name,seq) values (?,?,?,?,?,default)
    Hibernate: insert into ft_participants (draft_order,fantasy_game_seq,player_id,preferred_team,team_name,seq) values (?,?,?,?,?,default)
    Hibernate: insert into ft_participants (draft_order,fantasy_game_seq,player_id,preferred_team,team_name,seq) values (?,?,?,?,?,default)
    Hibernate: insert into ft_participants (draft_order,fantasy_game_seq,player_id,preferred_team,team_name,seq) values (?,?,?,?,?,default)
    Hibernate: insert into ft_participants (draft_order,fantasy_game_seq,player_id,preferred_team,team_name,seq) values (?,?,?,?,?,default)
    Hibernate: insert into ft_participants (draft_order,fantasy_game_seq,player_id,preferred_team,team_name,seq) values (?,?,?,?,?,default)
    Hibernate: insert into ft_participants (draft_order,fantasy_game_seq,player_id,preferred_team,team_name,seq) values (?,?,?,?,?,default)
    Hibernate: insert into ft_participants (draft_order,fantasy_game_seq,player_id,preferred_team,team_name,seq) values (?,?,?,?,?,default)
    Hibernate: insert into ft_participants (draft_order,fantasy_game_seq,player_id,preferred_team,team_name,seq) values (?,?,?,?,?,default)
    Hibernate: insert into ft_participants (draft_order,fantasy_game_seq,player_id,preferred_team,team_name,seq) values (?,?,?,?,?,default)
    Hibernate: insert into ft_participants (draft_order,fantasy_game_seq,player_id,preferred_team,team_name,seq) values (?,?,?,?,?,default)
    Hibernate: insert into ft_participants (draft_order,fantasy_game_seq,player_id,preferred_team,team_name,seq) values (?,?,?,?,?,default)
    Hibernate: insert into ft_participants (draft_order,fantasy_game_seq,player_id,preferred_team,team_name,seq) values (?,?,?,?,?,default)
    Hibernate: insert into ft_participants (draft_order,fantasy_game_seq,player_id,preferred_team,team_name,seq) values (?,?,?,?,?,default)
    Hibernate: insert into ft_participants (draft_order,fantasy_game_seq,player_id,preferred_team,team_name,seq) values (?,?,?,?,?,default)
    Hibernate: insert into ft_participants (draft_order,fantasy_game_seq,player_id,preferred_team,team_name,seq) values (?,?,?,?,?,default)
    Hibernate: insert into ft_participants (draft_order,fantasy_game_seq,player_id,preferred_team,team_name,seq) values (?,?,?,?,?,default)
    Hibernate: insert into ft_participants (draft_order,fantasy_game_seq,player_id,preferred_team,team_name,seq) values (?,?,?,?,?,default)
    Hibernate: insert into ft_participants (draft_order,fantasy_game_seq,player_id,preferred_team,team_name,seq) values (?,?,?,?,?,default)
    Hibernate: insert into ft_participants (draft_order,fantasy_game_seq,player_id,preferred_team,team_name,seq) values (?,?,?,?,?,default)
    Hibernate: insert into ft_participants (draft_order,fantasy_game_seq,player_id,preferred_team,team_name,seq) values (?,?,?,?,?,default)
    Hibernate: insert into ft_participants (draft_order,fantasy_game_seq,player_id,preferred_team,team_name,seq) values (?,?,?,?,?,default)
    Hibernate: insert into ft_participants (draft_order,fantasy_game_seq,player_id,preferred_team,team_name,seq) values (?,?,?,?,?,default)
    Hibernate: insert into ft_participants (draft_order,fantasy_game_seq,player_id,preferred_team,team_name,seq) values (?,?,?,?,?,default)
    Hibernate: insert into ft_participants (draft_order,fantasy_game_seq,player_id,preferred_team,team_name,seq) values (?,?,?,?,?,default)
    Hibernate: insert into ft_participants (draft_order,fantasy_game_seq,player_id,preferred_team,team_name,seq) values (?,?,?,?,?,default)
    Hibernate: insert into ft_participants (draft_order,fantasy_game_seq,player_id,preferred_team,team_name,seq) values (?,?,?,?,?,default)
    Hibernate: insert into ft_participants (draft_order,fantasy_game_seq,player_id,preferred_team,team_name,seq) values (?,?,?,?,?,default)
    Hibernate: insert into ft_participants (draft_order,fantasy_game_seq,player_id,preferred_team,team_name,seq) values (?,?,?,?,?,default)
    Hibernate: insert into ft_participants (draft_order,fantasy_game_seq,player_id,preferred_team,team_name,seq) values (?,?,?,?,?,default)
    Hibernate: insert into ft_participants (draft_order,fantasy_game_seq,player_id,preferred_team,team_name,seq) values (?,?,?,?,?,default)
    Hibernate: insert into ft_participants (draft_order,fantasy_game_seq,player_id,preferred_team,team_name,seq) values (?,?,?,?,?,default)
    Hibernate: insert into ft_participants (draft_order,fantasy_game_seq,player_id,preferred_team,team_name,seq) values (?,?,?,?,?,default)
    Hibernate: insert into ft_participants (draft_order,fantasy_game_seq,player_id,preferred_team,team_name,seq) values (?,?,?,?,?,default)
    Hibernate: insert into ft_participants (draft_order,fantasy_game_seq,player_id,preferred_team,team_name,seq) values (?,?,?,?,?,default)
    Hibernate: insert into ft_participants (draft_order,fantasy_game_seq,player_id,preferred_team,team_name,seq) values (?,?,?,?,?,default)
    Hibernate: insert into ft_participants (draft_order,fantasy_game_seq,player_id,preferred_team,team_name,seq) values (?,?,?,?,?,default)
    Hibernate: insert into ft_participants (draft_order,fantasy_game_seq,player_id,preferred_team,team_name,seq) values (?,?,?,?,?,default)
    Hibernate: insert into ft_participants (draft_order,fantasy_game_seq,player_id,preferred_team,team_name,seq) values (?,?,?,?,?,default)
    Hibernate: insert into ft_participants (draft_order,fantasy_game_seq,player_id,preferred_team,team_name,seq) values (?,?,?,?,?,default)
    Hibernate: insert into ft_participants (draft_order,fantasy_game_seq,player_id,preferred_team,team_name,seq) values (?,?,?,?,?,default)
    Hibernate: insert into ft_participants (draft_order,fantasy_game_seq,player_id,preferred_team,team_name,seq) values (?,?,?,?,?,default)
    Hibernate: insert into ft_participants (draft_order,fantasy_game_seq,player_id,preferred_team,team_name,seq) values (?,?,?,?,?,default)
    Hibernate: insert into ft_participants (draft_order,fantasy_game_seq,player_id,preferred_team,team_name,seq) values (?,?,?,?,?,default)
    Hibernate: insert into ft_participants (draft_order,fantasy_game_seq,player_id,preferred_team,team_name,seq) values (?,?,?,?,?,default)
    Hibernate: insert into ft_participants (draft_order,fantasy_game_seq,player_id,preferred_team,team_name,seq) values (?,?,?,?,?,default)
    Hibernate: insert into ft_participants (draft_order,fantasy_game_seq,player_id,preferred_team,team_name,seq) values (?,?,?,?,?,default)
    Hibernate: insert into ft_participants (draft_order,fantasy_game_seq,player_id,preferred_team,team_name,seq) values (?,?,?,?,?,default)
    Hibernate: insert into ft_participants (draft_order,fantasy_game_seq,player_id,preferred_team,team_name,seq) values (?,?,?,?,?,default)
    Hibernate: insert into ft_participants (draft_order,fantasy_game_seq,player_id,preferred_team,team_name,seq) values (?,?,?,?,?,default)
    Hibernate: insert into ft_participants (draft_order,fantasy_game_seq,player_id,preferred_team,team_name,seq) values (?,?,?,?,?,default)
    Hibernate: insert into ft_participants (draft_order,fantasy_game_seq,player_id,preferred_team,team_name,seq) values (?,?,?,?,?,default)
    Hibernate: insert into ft_participants (draft_order,fantasy_game_seq,player_id,preferred_team,team_name,seq) values (?,?,?,?,?,default)
    Hibernate: insert into ft_participants (draft_order,fantasy_game_seq,player_id,preferred_team,team_name,seq) values (?,?,?,?,?,default)
    Hibernate: insert into ft_participants (draft_order,fantasy_game_seq,player_id,preferred_team,team_name,seq) values (?,?,?,?,?,default)
    Hibernate: insert into ft_participants (draft_order,fantasy_game_seq,player_id,preferred_team,team_name,seq) values (?,?,?,?,?,default)
    Hibernate: insert into ft_participants (draft_order,fantasy_game_seq,player_id,preferred_team,team_name,seq) values (?,?,?,?,?,default)
    Hibernate: insert into ft_participants (draft_order,fantasy_game_seq,player_id,preferred_team,team_name,seq) values (?,?,?,?,?,default)
    Hibernate: insert into ft_participants (draft_order,fantasy_game_seq,player_id,preferred_team,team_name,seq) values (?,?,?,?,?,default)
    Hibernate: insert into ft_participants (draft_order,fantasy_game_seq,player_id,preferred_team,team_name,seq) values (?,?,?,?,?,default)
    Hibernate: insert into ft_participants (draft_order,fantasy_game_seq,player_id,preferred_team,team_name,seq) values (?,?,?,?,?,default)
    Hibernate: insert into ft_participants (draft_order,fantasy_game_seq,player_id,preferred_team,team_name,seq) values (?,?,?,?,?,default)
    Hibernate: insert into ft_participants (draft_order,fantasy_game_seq,player_id,preferred_team,team_name,seq) values (?,?,?,?,?,default)
    Hibernate: insert into ft_participants (draft_order,fantasy_game_seq,player_id,preferred_team,team_name,seq) values (?,?,?,?,?,default)
    Hibernate: insert into ft_participants (draft_order,fantasy_game_seq,player_id,preferred_team,team_name,seq) values (?,?,?,?,?,default)
    Hibernate: insert into ft_participants (draft_order,fantasy_game_seq,player_id,preferred_team,team_name,seq) values (?,?,?,?,?,default)
    Hibernate: insert into ft_participants (draft_order,fantasy_game_seq,player_id,preferred_team,team_name,seq) values (?,?,?,?,?,default)
    Hibernate: insert into ft_participants (draft_order,fantasy_game_seq,player_id,preferred_team,team_name,seq) values (?,?,?,?,?,default)
    Hibernate: insert into ft_participants (draft_order,fantasy_game_seq,player_id,preferred_team,team_name,seq) values (?,?,?,?,?,default)
    Hibernate: insert into ft_participants (draft_order,fantasy_game_seq,player_id,preferred_team,team_name,seq) values (?,?,?,?,?,default)
    Hibernate: insert into ft_participants (draft_order,fantasy_game_seq,player_id,preferred_team,team_name,seq) values (?,?,?,?,?,default)
    Hibernate: insert into ft_participants (draft_order,fantasy_game_seq,player_id,preferred_team,team_name,seq) values (?,?,?,?,?,default)
    Hibernate: insert into ft_participants (draft_order,fantasy_game_seq,player_id,preferred_team,team_name,seq) values (?,?,?,?,?,default)
    Hibernate: insert into ft_participants (draft_order,fantasy_game_seq,player_id,preferred_team,team_name,seq) values (?,?,?,?,?,default)
    Hibernate: insert into ft_participants (draft_order,fantasy_game_seq,player_id,preferred_team,team_name,seq) values (?,?,?,?,?,default)
    Hibernate: insert into ft_participants (draft_order,fantasy_game_seq,player_id,preferred_team,team_name,seq) values (?,?,?,?,?,default)
    Hibernate: insert into ft_participants (draft_order,fantasy_game_seq,player_id,preferred_team,team_name,seq) values (?,?,?,?,?,default)
    Hibernate: insert into ft_participants (draft_order,fantasy_game_seq,player_id,preferred_team,team_name,seq) values (?,?,?,?,?,default)
    Hibernate: insert into ft_participants (draft_order,fantasy_game_seq,player_id,preferred_team,team_name,seq) values (?,?,?,?,?,default)
    Hibernate: insert into ft_participants (draft_order,fantasy_game_seq,player_id,preferred_team,team_name,seq) values (?,?,?,?,?,default)
    Hibernate: insert into ft_participants (draft_order,fantasy_game_seq,player_id,preferred_team,team_name,seq) values (?,?,?,?,?,default)
    Hibernate: insert into ft_participants (draft_order,fantasy_game_seq,player_id,preferred_team,team_name,seq) values (?,?,?,?,?,default)
    Hibernate: insert into ft_participants (draft_order,fantasy_game_seq,player_id,preferred_team,team_name,seq) values (?,?,?,?,?,default)
    Hibernate: insert into ft_participants (draft_order,fantasy_game_seq,player_id,preferred_team,team_name,seq) values (?,?,?,?,?,default)
    Hibernate: insert into ft_participants (draft_order,fantasy_game_seq,player_id,preferred_team,team_name,seq) values (?,?,?,?,?,default)
    Hibernate: insert into ft_participants (draft_order,fantasy_game_seq,player_id,preferred_team,team_name,seq) values (?,?,?,?,?,default)
    Hibernate: insert into ft_participants (draft_order,fantasy_game_seq,player_id,preferred_team,team_name,seq) values (?,?,?,?,?,default)
    Hibernate: insert into ft_participants (draft_order,fantasy_game_seq,player_id,preferred_team,team_name,seq) values (?,?,?,?,?,default)
    Hibernate: insert into ft_participants (draft_order,fantasy_game_seq,player_id,preferred_team,team_name,seq) values (?,?,?,?,?,default)
    Hibernate: insert into ft_participants (draft_order,fantasy_game_seq,player_id,preferred_team,team_name,seq) values (?,?,?,?,?,default)
    Hibernate: insert into ft_participants (draft_order,fantasy_game_seq,player_id,preferred_team,team_name,seq) values (?,?,?,?,?,default)
    Hibernate: insert into ft_participants (draft_order,fantasy_game_seq,player_id,preferred_team,team_name,seq) values (?,?,?,?,?,default)
    Hibernate: insert into ft_participants (draft_order,fantasy_game_seq,player_id,preferred_team,team_name,seq) values (?,?,?,?,?,default)
    Hibernate: insert into ft_participants (draft_order,fantasy_game_seq,player_id,preferred_team,team_name,seq) values (?,?,?,?,?,default)
    Hibernate: insert into ft_participants (draft_order,fantasy_game_seq,player_id,preferred_team,team_name,seq) values (?,?,?,?,?,default)
    Hibernate: insert into ft_participants (draft_order,fantasy_game_seq,player_id,preferred_team,team_name,seq) values (?,?,?,?,?,default)
    Hibernate: insert into ft_participants (draft_order,fantasy_game_seq,player_id,preferred_team,team_name,seq) values (?,?,?,?,?,default)
    Hibernate: insert into ft_participants (draft_order,fantasy_game_seq,player_id,preferred_team,team_name,seq) values (?,?,?,?,?,default)
    Hibernate: insert into ft_participants (draft_order,fantasy_game_seq,player_id,preferred_team,team_name,seq) values (?,?,?,?,?,default)
    Hibernate: insert into ft_participants (draft_order,fantasy_game_seq,player_id,preferred_team,team_name,seq) values (?,?,?,?,?,default)
    Hibernate: insert into ft_participants (draft_order,fantasy_game_seq,player_id,preferred_team,team_name,seq) values (?,?,?,?,?,default)
    Hibernate: insert into ft_participants (draft_order,fantasy_game_seq,player_id,preferred_team,team_name,seq) values (?,?,?,?,?,default)
    Hibernate: insert into ft_participants (draft_order,fantasy_game_seq,player_id,preferred_team,team_name,seq) values (?,?,?,?,?,default)
    Hibernate: insert into ft_participants (draft_order,fantasy_game_seq,player_id,preferred_team,team_name,seq) values (?,?,?,?,?,default)
    Hibernate: insert into ft_participants (draft_order,fantasy_game_seq,player_id,preferred_team,team_name,seq) values (?,?,?,?,?,default)
    Hibernate: insert into ft_participants (draft_order,fantasy_game_seq,player_id,preferred_team,team_name,seq) values (?,?,?,?,?,default)
    Hibernate: insert into ft_participants (draft_order,fantasy_game_seq,player_id,preferred_team,team_name,seq) values (?,?,?,?,?,default)
    Hibernate: insert into ft_participants (draft_order,fantasy_game_seq,player_id,preferred_team,team_name,seq) values (?,?,?,?,?,default)
    Hibernate: insert into ft_participants (draft_order,fantasy_game_seq,player_id,preferred_team,team_name,seq) values (?,?,?,?,?,default)
    Hibernate: insert into ft_participants (draft_order,fantasy_game_seq,player_id,preferred_team,team_name,seq) values (?,?,?,?,?,default)
    Hibernate: insert into ft_participants (draft_order,fantasy_game_seq,player_id,preferred_team,team_name,seq) values (?,?,?,?,?,default)
    Hibernate: insert into ft_participants (draft_order,fantasy_game_seq,player_id,preferred_team,team_name,seq) values (?,?,?,?,?,default)
    Hibernate: insert into ft_participants (draft_order,fantasy_game_seq,player_id,preferred_team,team_name,seq) values (?,?,?,?,?,default)
    Hibernate: insert into ft_participants (draft_order,fantasy_game_seq,player_id,preferred_team,team_name,seq) values (?,?,?,?,?,default)
    Hibernate: insert into ft_participants (draft_order,fantasy_game_seq,player_id,preferred_team,team_name,seq) values (?,?,?,?,?,default)
    Hibernate: insert into ft_participants (draft_order,fantasy_game_seq,player_id,preferred_team,team_name,seq) values (?,?,?,?,?,default)
    Hibernate: insert into ft_participants (draft_order,fantasy_game_seq,player_id,preferred_team,team_name,seq) values (?,?,?,?,?,default)
    Hibernate: insert into ft_participants (draft_order,fantasy_game_seq,player_id,preferred_team,team_name,seq) values (?,?,?,?,?,default)
    Hibernate: insert into ft_participants (draft_order,fantasy_game_seq,player_id,preferred_team,team_name,seq) values (?,?,?,?,?,default)
    Hibernate: insert into ft_participants (draft_order,fantasy_game_seq,player_id,preferred_team,team_name,seq) values (?,?,?,?,?,default)
    Hibernate: insert into ft_participants (draft_order,fantasy_game_seq,player_id,preferred_team,team_name,seq) values (?,?,?,?,?,default)
    Hibernate: insert into ft_participants (draft_order,fantasy_game_seq,player_id,preferred_team,team_name,seq) values (?,?,?,?,?,default)
    Hibernate: insert into ft_participants (draft_order,fantasy_game_seq,player_id,preferred_team,team_name,seq) values (?,?,?,?,?,default)
    Hibernate: insert into ft_participants (draft_order,fantasy_game_seq,player_id,preferred_team,team_name,seq) values (?,?,?,?,?,default)
    Hibernate: insert into ft_participants (draft_order,fantasy_game_seq,player_id,preferred_team,team_name,seq) values (?,?,?,?,?,default)
    Hibernate: insert into ft_participants (draft_order,fantasy_game_seq,player_id,preferred_team,team_name,seq) values (?,?,?,?,?,default)
    Hibernate: insert into ft_participants (draft_order,fantasy_game_seq,player_id,preferred_team,team_name,seq) values (?,?,?,?,?,default)
    Hibernate: insert into ft_participants (draft_order,fantasy_game_seq,player_id,preferred_team,team_name,seq) values (?,?,?,?,?,default)
    Hibernate: insert into ft_participants (draft_order,fantasy_game_seq,player_id,preferred_team,team_name,seq) values (?,?,?,?,?,default)
    Hibernate: insert into ft_participants (draft_order,fantasy_game_seq,player_id,preferred_team,team_name,seq) values (?,?,?,?,?,default)
    Hibernate: insert into ft_participants (draft_order,fantasy_game_seq,player_id,preferred_team,team_name,seq) values (?,?,?,?,?,default)
    Hibernate: insert into ft_participants (draft_order,fantasy_game_seq,player_id,preferred_team,team_name,seq) values (?,?,?,?,?,default)
    Hibernate: insert into ft_participants (draft_order,fantasy_game_seq,player_id,preferred_team,team_name,seq) values (?,?,?,?,?,default)
    Hibernate: insert into ft_participants (draft_order,fantasy_game_seq,player_id,preferred_team,team_name,seq) values (?,?,?,?,?,default)
    Hibernate: insert into ft_participants (draft_order,fantasy_game_seq,player_id,preferred_team,team_name,seq) values (?,?,?,?,?,default)
    Hibernate: insert into ft_participants (draft_order,fantasy_game_seq,player_id,preferred_team,team_name,seq) values (?,?,?,?,?,default)
    Hibernate: insert into ft_participants (draft_order,fantasy_game_seq,player_id,preferred_team,team_name,seq) values (?,?,?,?,?,default)
    Hibernate: insert into ft_participants (draft_order,fantasy_game_seq,player_id,preferred_team,team_name,seq) values (?,?,?,?,?,default)
    Hibernate: insert into ft_participants (draft_order,fantasy_game_seq,player_id,preferred_team,team_name,seq) values (?,?,?,?,?,default)
    Hibernate: insert into ft_participants (draft_order,fantasy_game_seq,player_id,preferred_team,team_name,seq) values (?,?,?,?,?,default)
    Hibernate: insert into ft_participants (draft_order,fantasy_game_seq,player_id,preferred_team,team_name,seq) values (?,?,?,?,?,default)
    Hibernate: insert into ft_participants (draft_order,fantasy_game_seq,player_id,preferred_team,team_name,seq) values (?,?,?,?,?,default)
    Hibernate: insert into ft_participants (draft_order,fantasy_game_seq,player_id,preferred_team,team_name,seq) values (?,?,?,?,?,default)
    Hibernate: insert into ft_participants (draft_order,fantasy_game_seq,player_id,preferred_team,team_name,seq) values (?,?,?,?,?,default)
    Hibernate: insert into ft_participants (draft_order,fantasy_game_seq,player_id,preferred_team,team_name,seq) values (?,?,?,?,?,default)
    Hibernate: insert into ft_participants (draft_order,fantasy_game_seq,player_id,preferred_team,team_name,seq) values (?,?,?,?,?,default)
    Hibernate: insert into ft_participants (draft_order,fantasy_game_seq,player_id,preferred_team,team_name,seq) values (?,?,?,?,?,default)
    Hibernate: insert into ft_participants (draft_order,fantasy_game_seq,player_id,preferred_team,team_name,seq) values (?,?,?,?,?,default)
    Hibernate: insert into ft_participants (draft_order,fantasy_game_seq,player_id,preferred_team,team_name,seq) values (?,?,?,?,?,default)
    Hibernate: insert into ft_participants (draft_order,fantasy_game_seq,player_id,preferred_team,team_name,seq) values (?,?,?,?,?,default)
    Hibernate: insert into ft_participants (draft_order,fantasy_game_seq,player_id,preferred_team,team_name,seq) values (?,?,?,?,?,default)
    Hibernate: insert into ft_participants (draft_order,fantasy_game_seq,player_id,preferred_team,team_name,seq) values (?,?,?,?,?,default)
    Hibernate: insert into ft_participants (draft_order,fantasy_game_seq,player_id,preferred_team,team_name,seq) values (?,?,?,?,?,default)
    Hibernate: insert into ft_participants (draft_order,fantasy_game_seq,player_id,preferred_team,team_name,seq) values (?,?,?,?,?,default)
    Hibernate: insert into ft_participants (draft_order,fantasy_game_seq,player_id,preferred_team,team_name,seq) values (?,?,?,?,?,default)
    Hibernate: insert into ft_participants (draft_order,fantasy_game_seq,player_id,preferred_team,team_name,seq) values (?,?,?,?,?,default)
    Hibernate: insert into ft_participants (draft_order,fantasy_game_seq,player_id,preferred_team,team_name,seq) values (?,?,?,?,?,default)
    Hibernate: insert into ft_participants (draft_order,fantasy_game_seq,player_id,preferred_team,team_name,seq) values (?,?,?,?,?,default)
    Hibernate: insert into ft_participants (draft_order,fantasy_game_seq,player_id,preferred_team,team_name,seq) values (?,?,?,?,?,default)
    Hibernate: insert into ft_participants (draft_order,fantasy_game_seq,player_id,preferred_team,team_name,seq) values (?,?,?,?,?,default)
    Hibernate: insert into ft_participants (draft_order,fantasy_game_seq,player_id,preferred_team,team_name,seq) values (?,?,?,?,?,default)
    Hibernate: insert into ft_participants (draft_order,fantasy_game_seq,player_id,preferred_team,team_name,seq) values (?,?,?,?,?,default)
    Hibernate: insert into ft_participants (draft_order,fantasy_game_seq,player_id,preferred_team,team_name,seq) values (?,?,?,?,?,default)
    Hibernate: insert into ft_participants (draft_order,fantasy_game_seq,player_id,preferred_team,team_name,seq) values (?,?,?,?,?,default)
    Hibernate: insert into ft_participants (draft_order,fantasy_game_seq,player_id,preferred_team,team_name,seq) values (?,?,?,?,?,default)
    Hibernate: insert into ft_participants (draft_order,fantasy_game_seq,player_id,preferred_team,team_name,seq) values (?,?,?,?,?,default)
    Hibernate: insert into ft_participants (draft_order,fantasy_game_seq,player_id,preferred_team,team_name,seq) values (?,?,?,?,?,default)
    Hibernate: insert into ft_participants (draft_order,fantasy_game_seq,player_id,preferred_team,team_name,seq) values (?,?,?,?,?,default)
    Hibernate: insert into ft_participants (draft_order,fantasy_game_seq,player_id,preferred_team,team_name,seq) values (?,?,?,?,?,default)
    Hibernate: insert into ft_participants (draft_order,fantasy_game_seq,player_id,preferred_team,team_name,seq) values (?,?,?,?,?,default)
    Hibernate: insert into ft_participants (draft_order,fantasy_game_seq,player_id,preferred_team,team_name,seq) values (?,?,?,?,?,default)
    Hibernate: insert into ft_participants (draft_order,fantasy_game_seq,player_id,preferred_team,team_name,seq) values (?,?,?,?,?,default)
    Hibernate: insert into ft_participants (draft_order,fantasy_game_seq,player_id,preferred_team,team_name,seq) values (?,?,?,?,?,default)
    Hibernate: insert into ft_participants (draft_order,fantasy_game_seq,player_id,preferred_team,team_name,seq) values (?,?,?,?,?,default)
    Hibernate: insert into ft_participants (draft_order,fantasy_game_seq,player_id,preferred_team,team_name,seq) values (?,?,?,?,?,default)
    Hibernate: insert into ft_participants (draft_order,fantasy_game_seq,player_id,preferred_team,team_name,seq) values (?,?,?,?,?,default)
    Hibernate: insert into ft_participants (draft_order,fantasy_game_seq,player_id,preferred_team,team_name,seq) values (?,?,?,?,?,default)
    Hibernate: insert into ft_participants (draft_order,fantasy_game_seq,player_id,preferred_team,team_name,seq) values (?,?,?,?,?,default)
    Hibernate: insert into ft_participants (draft_order,fantasy_game_seq,player_id,preferred_team,team_name,seq) values (?,?,?,?,?,default)
    Hibernate: insert into ft_participants (draft_order,fantasy_game_seq,player_id,preferred_team,team_name,seq) values (?,?,?,?,?,default)
    Hibernate: insert into ft_participants (draft_order,fantasy_game_seq,player_id,preferred_team,team_name,seq) values (?,?,?,?,?,default)
    Hibernate: insert into ft_participants (draft_order,fantasy_game_seq,player_id,preferred_team,team_name,seq) values (?,?,?,?,?,default)
    Hibernate: insert into ft_participants (draft_order,fantasy_game_seq,player_id,preferred_team,team_name,seq) values (?,?,?,?,?,default)
    Hibernate: insert into ft_participants (draft_order,fantasy_game_seq,player_id,preferred_team,team_name,seq) values (?,?,?,?,?,default)
    Hibernate: insert into ft_participants (draft_order,fantasy_game_seq,player_id,preferred_team,team_name,seq) values (?,?,?,?,?,default)
    Hibernate: insert into ft_participants (draft_order,fantasy_game_seq,player_id,preferred_team,team_name,seq) values (?,?,?,?,?,default)
    Hibernate: insert into ft_participants (draft_order,fantasy_game_seq,player_id,preferred_team,team_name,seq) values (?,?,?,?,?,default)
    Hibernate: insert into ft_participants (draft_order,fantasy_game_seq,player_id,preferred_team,team_name,seq) values (?,?,?,?,?,default)
    Hibernate: insert into ft_participants (draft_order,fantasy_game_seq,player_id,preferred_team,team_name,seq) values (?,?,?,?,?,default)
    Hibernate: insert into ft_participants (draft_order,fantasy_game_seq,player_id,preferred_team,team_name,seq) values (?,?,?,?,?,default)
    Hibernate: insert into ft_participants (draft_order,fantasy_game_seq,player_id,preferred_team,team_name,seq) values (?,?,?,?,?,default)
    Hibernate: insert into ft_participants (draft_order,fantasy_game_seq,player_id,preferred_team,team_name,seq) values (?,?,?,?,?,default)
    Hibernate: insert into ft_participants (draft_order,fantasy_game_seq,player_id,preferred_team,team_name,seq) values (?,?,?,?,?,default)
    Hibernate: insert into ft_participants (draft_order,fantasy_game_seq,player_id,preferred_team,team_name,seq) values (?,?,?,?,?,default)
    Hibernate: insert into ft_participants (draft_order,fantasy_game_seq,player_id,preferred_team,team_name,seq) values (?,?,?,?,?,default)
    Hibernate: insert into ft_participants (draft_order,fantasy_game_seq,player_id,preferred_team,team_name,seq) values (?,?,?,?,?,default)
    Hibernate: insert into ft_participants (draft_order,fantasy_game_seq,player_id,preferred_team,team_name,seq) values (?,?,?,?,?,default)
    Hibernate: insert into ft_participants (draft_order,fantasy_game_seq,player_id,preferred_team,team_name,seq) values (?,?,?,?,?,default)
    Hibernate: insert into ft_participants (draft_order,fantasy_game_seq,player_id,preferred_team,team_name,seq) values (?,?,?,?,?,default)
    Hibernate: insert into ft_participants (draft_order,fantasy_game_seq,player_id,preferred_team,team_name,seq) values (?,?,?,?,?,default)
    Hibernate: insert into ft_participants (draft_order,fantasy_game_seq,player_id,preferred_team,team_name,seq) values (?,?,?,?,?,default)
    Hibernate: insert into ft_participants (draft_order,fantasy_game_seq,player_id,preferred_team,team_name,seq) values (?,?,?,?,?,default)
    Hibernate: insert into ft_participants (draft_order,fantasy_game_seq,player_id,preferred_team,team_name,seq) values (?,?,?,?,?,default)
    Hibernate: insert into ft_participants (draft_order,fantasy_game_seq,player_id,preferred_team,team_name,seq) values (?,?,?,?,?,default)
    Hibernate: insert into ft_participants (draft_order,fantasy_game_seq,player_id,preferred_team,team_name,seq) values (?,?,?,?,?,default)
    Hibernate: insert into ft_participants (draft_order,fantasy_game_seq,player_id,preferred_team,team_name,seq) values (?,?,?,?,?,default)
    Hibernate: insert into ft_participants (draft_order,fantasy_game_seq,player_id,preferred_team,team_name,seq) values (?,?,?,?,?,default)
    Hibernate: insert into ft_participants (draft_order,fantasy_game_seq,player_id,preferred_team,team_name,seq) values (?,?,?,?,?,default)
    Hibernate: insert into ft_participants (draft_order,fantasy_game_seq,player_id,preferred_team,team_name,seq) values (?,?,?,?,?,default)
    Hibernate: insert into ft_participants (draft_order,fantasy_game_seq,player_id,preferred_team,team_name,seq) values (?,?,?,?,?,default)
    Hibernate: insert into ft_participants (draft_order,fantasy_game_seq,player_id,preferred_team,team_name,seq) values (?,?,?,?,?,default)
    Hibernate: insert into ft_participants (draft_order,fantasy_game_seq,player_id,preferred_team,team_name,seq) values (?,?,?,?,?,default)
    Hibernate: insert into ft_participants (draft_order,fantasy_game_seq,player_id,preferred_team,team_name,seq) values (?,?,?,?,?,default)
    Hibernate: insert into ft_participants (draft_order,fantasy_game_seq,player_id,preferred_team,team_name,seq) values (?,?,?,?,?,default)
    Hibernate: insert into ft_participants (draft_order,fantasy_game_seq,player_id,preferred_team,team_name,seq) values (?,?,?,?,?,default)
    Hibernate: insert into ft_participants (draft_order,fantasy_game_seq,player_id,preferred_team,team_name,seq) values (?,?,?,?,?,default)
    Hibernate: insert into ft_participants (draft_order,fantasy_game_seq,player_id,preferred_team,team_name,seq) values (?,?,?,?,?,default)
    Hibernate: insert into ft_participants (draft_order,fantasy_game_seq,player_id,preferred_team,team_name,seq) values (?,?,?,?,?,default)
    Hibernate: insert into ft_participants (draft_order,fantasy_game_seq,player_id,preferred_team,team_name,seq) values (?,?,?,?,?,default)
    Hibernate: insert into ft_participants (draft_order,fantasy_game_seq,player_id,preferred_team,team_name,seq) values (?,?,?,?,?,default)
    Hibernate: insert into ft_participants (draft_order,fantasy_game_seq,player_id,preferred_team,team_name,seq) values (?,?,?,?,?,default)
    Hibernate: insert into ft_participants (draft_order,fantasy_game_seq,player_id,preferred_team,team_name,seq) values (?,?,?,?,?,default)
    Hibernate: insert into ft_participants (draft_order,fantasy_game_seq,player_id,preferred_team,team_name,seq) values (?,?,?,?,?,default)
    Hibernate: insert into ft_participants (draft_order,fantasy_game_seq,player_id,preferred_team,team_name,seq) values (?,?,?,?,?,default)
    Hibernate: insert into ft_participants (draft_order,fantasy_game_seq,player_id,preferred_team,team_name,seq) values (?,?,?,?,?,default)
    Hibernate: insert into ft_participants (draft_order,fantasy_game_seq,player_id,preferred_team,team_name,seq) values (?,?,?,?,?,default)
    Hibernate: insert into ft_participants (draft_order,fantasy_game_seq,player_id,preferred_team,team_name,seq) values (?,?,?,?,?,default)
    Hibernate: insert into ft_participants (draft_order,fantasy_game_seq,player_id,preferred_team,team_name,seq) values (?,?,?,?,?,default)
    Hibernate: insert into ft_participants (draft_order,fantasy_game_seq,player_id,preferred_team,team_name,seq) values (?,?,?,?,?,default)
    Hibernate: insert into ft_participants (draft_order,fantasy_game_seq,player_id,preferred_team,team_name,seq) values (?,?,?,?,?,default)
    Hibernate: insert into ft_participants (draft_order,fantasy_game_seq,player_id,preferred_team,team_name,seq) values (?,?,?,?,?,default)
    Hibernate: insert into ft_participants (draft_order,fantasy_game_seq,player_id,preferred_team,team_name,seq) values (?,?,?,?,?,default)
    Hibernate: insert into ft_participants (draft_order,fantasy_game_seq,player_id,preferred_team,team_name,seq) values (?,?,?,?,?,default)
    Hibernate: insert into ft_participants (draft_order,fantasy_game_seq,player_id,preferred_team,team_name,seq) values (?,?,?,?,?,default)
    Hibernate: insert into ft_participants (draft_order,fantasy_game_seq,player_id,preferred_team,team_name,seq) values (?,?,?,?,?,default)
    Hibernate: insert into ft_participants (draft_order,fantasy_game_seq,player_id,preferred_team,team_name,seq) values (?,?,?,?,?,default)
    Hibernate: insert into ft_participants (draft_order,fantasy_game_seq,player_id,preferred_team,team_name,seq) values (?,?,?,?,?,default)
    Hibernate: insert into ft_participants (draft_order,fantasy_game_seq,player_id,preferred_team,team_name,seq) values (?,?,?,?,?,default)
    Hibernate: insert into ft_participants (draft_order,fantasy_game_seq,player_id,preferred_team,team_name,seq) values (?,?,?,?,?,default)
    Hibernate: insert into ft_participants (draft_order,fantasy_game_seq,player_id,preferred_team,team_name,seq) values (?,?,?,?,?,default)
    Hibernate: insert into ft_participants (draft_order,fantasy_game_seq,player_id,preferred_team,team_name,seq) values (?,?,?,?,?,default)
    Hibernate: insert into ft_participants (draft_order,fantasy_game_seq,player_id,preferred_team,team_name,seq) values (?,?,?,?,?,default)
    Hibernate: insert into ft_participants (draft_order,fantasy_game_seq,player_id,preferred_team,team_name,seq) values (?,?,?,?,?,default)
    Hibernate: insert into ft_participants (draft_order,fantasy_game_seq,player_id,preferred_team,team_name,seq) values (?,?,?,?,?,default)
    Hibernate: insert into ft_participants (draft_order,fantasy_game_seq,player_id,preferred_team,team_name,seq) values (?,?,?,?,?,default)
    Hibernate: insert into ft_participants (draft_order,fantasy_game_seq,player_id,preferred_team,team_name,seq) values (?,?,?,?,?,default)
    Hibernate: insert into ft_participants (draft_order,fantasy_game_seq,player_id,preferred_team,team_name,seq) values (?,?,?,?,?,default)
    Hibernate: insert into ft_participants (draft_order,fantasy_game_seq,player_id,preferred_team,team_name,seq) values (?,?,?,?,?,default)
    Hibernate: insert into ft_participants (draft_order,fantasy_game_seq,player_id,preferred_team,team_name,seq) values (?,?,?,?,?,default)
    Hibernate: insert into ft_participants (draft_order,fantasy_game_seq,player_id,preferred_team,team_name,seq) values (?,?,?,?,?,default)
    Hibernate: insert into ft_participants (draft_order,fantasy_game_seq,player_id,preferred_team,team_name,seq) values (?,?,?,?,?,default)
    Hibernate: insert into ft_participants (draft_order,fantasy_game_seq,player_id,preferred_team,team_name,seq) values (?,?,?,?,?,default)
    Hibernate: insert into ft_participants (draft_order,fantasy_game_seq,player_id,preferred_team,team_name,seq) values (?,?,?,?,?,default)
    Hibernate: insert into ft_participants (draft_order,fantasy_game_seq,player_id,preferred_team,team_name,seq) values (?,?,?,?,?,default)
    Hibernate: insert into ft_participants (draft_order,fantasy_game_seq,player_id,preferred_team,team_name,seq) values (?,?,?,?,?,default)
    Hibernate: insert into ft_participants (draft_order,fantasy_game_seq,player_id,preferred_team,team_name,seq) values (?,?,?,?,?,default)
    Hibernate: insert into ft_participants (draft_order,fantasy_game_seq,player_id,preferred_team,team_name,seq) values (?,?,?,?,?,default)
    Hibernate: insert into ft_participants (draft_order,fantasy_game_seq,player_id,preferred_team,team_name,seq) values (?,?,?,?,?,default)
    Hibernate: insert into ft_participants (draft_order,fantasy_game_seq,player_id,preferred_team,team_name,seq) values (?,?,?,?,?,default)
    Hibernate: insert into ft_participants (draft_order,fantasy_game_seq,player_id,preferred_team,team_name,seq) values (?,?,?,?,?,default)
    Hibernate: insert into ft_participants (draft_order,fantasy_game_seq,player_id,preferred_team,team_name,seq) values (?,?,?,?,?,default)
    Hibernate: insert into ft_participants (draft_order,fantasy_game_seq,player_id,preferred_team,team_name,seq) values (?,?,?,?,?,default)
    Hibernate: insert into ft_participants (draft_order,fantasy_game_seq,player_id,preferred_team,team_name,seq) values (?,?,?,?,?,default)
    Hibernate: insert into ft_participants (draft_order,fantasy_game_seq,player_id,preferred_team,team_name,seq) values (?,?,?,?,?,default)
    Hibernate: insert into ft_participants (draft_order,fantasy_game_seq,player_id,preferred_team,team_name,seq) values (?,?,?,?,?,default)
    Hibernate: insert into ft_participants (draft_order,fantasy_game_seq,player_id,preferred_team,team_name,seq) values (?,?,?,?,?,default)
    Hibernate: insert into ft_participants (draft_order,fantasy_game_seq,player_id,preferred_team,team_name,seq) values (?,?,?,?,?,default)
    Hibernate: insert into ft_participants (draft_order,fantasy_game_seq,player_id,preferred_team,team_name,seq) values (?,?,?,?,?,default)
    Hibernate: insert into ft_participants (draft_order,fantasy_game_seq,player_id,preferred_team,team_name,seq) values (?,?,?,?,?,default)
    Hibernate: insert into ft_participants (draft_order,fantasy_game_seq,player_id,preferred_team,team_name,seq) values (?,?,?,?,?,default)
    Hibernate: insert into ft_participants (draft_order,fantasy_game_seq,player_id,preferred_team,team_name,seq) values (?,?,?,?,?,default)
    Hibernate: insert into ft_participants (draft_order,fantasy_game_seq,player_id,preferred_team,team_name,seq) values (?,?,?,?,?,default)
    Hibernate: insert into ft_participants (draft_order,fantasy_game_seq,player_id,preferred_team,team_name,seq) values (?,?,?,?,?,default)
    Hibernate: insert into ft_participants (draft_order,fantasy_game_seq,player_id,preferred_team,team_name,seq) values (?,?,?,?,?,default)
    Hibernate: insert into ft_participants (draft_order,fantasy_game_seq,player_id,preferred_team,team_name,seq) values (?,?,?,?,?,default)
    Hibernate: insert into ft_participants (draft_order,fantasy_game_seq,player_id,preferred_team,team_name,seq) values (?,?,?,?,?,default)
    Hibernate: insert into ft_participants (draft_order,fantasy_game_seq,player_id,preferred_team,team_name,seq) values (?,?,?,?,?,default)
    Hibernate: insert into ft_participants (draft_order,fantasy_game_seq,player_id,preferred_team,team_name,seq) values (?,?,?,?,?,default)
    Hibernate: insert into ft_participants (draft_order,fantasy_game_seq,player_id,preferred_team,team_name,seq) values (?,?,?,?,?,default)
    Hibernate: insert into ft_participants (draft_order,fantasy_game_seq,player_id,preferred_team,team_name,seq) values (?,?,?,?,?,default)
    Hibernate: insert into ft_participants (draft_order,fantasy_game_seq,player_id,preferred_team,team_name,seq) values (?,?,?,?,?,default)
    Hibernate: insert into ft_participants (draft_order,fantasy_game_seq,player_id,preferred_team,team_name,seq) values (?,?,?,?,?,default)
    Hibernate: insert into ft_participants (draft_order,fantasy_game_seq,player_id,preferred_team,team_name,seq) values (?,?,?,?,?,default)
    Hibernate: insert into ft_participants (draft_order,fantasy_game_seq,player_id,preferred_team,team_name,seq) values (?,?,?,?,?,default)
    Hibernate: insert into ft_participants (draft_order,fantasy_game_seq,player_id,preferred_team,team_name,seq) values (?,?,?,?,?,default)
    Hibernate: insert into ft_participants (draft_order,fantasy_game_seq,player_id,preferred_team,team_name,seq) values (?,?,?,?,?,default)
    Hibernate: insert into ft_participants (draft_order,fantasy_game_seq,player_id,preferred_team,team_name,seq) values (?,?,?,?,?,default)
    Hibernate: insert into ft_participants (draft_order,fantasy_game_seq,player_id,preferred_team,team_name,seq) values (?,?,?,?,?,default)
    Hibernate: insert into ft_participants (draft_order,fantasy_game_seq,player_id,preferred_team,team_name,seq) values (?,?,?,?,?,default)
    Hibernate: insert into ft_participants (draft_order,fantasy_game_seq,player_id,preferred_team,team_name,seq) values (?,?,?,?,?,default)
    Hibernate: insert into ft_participants (draft_order,fantasy_game_seq,player_id,preferred_team,team_name,seq) values (?,?,?,?,?,default)
    Hibernate: insert into ft_participants (draft_order,fantasy_game_seq,player_id,preferred_team,team_name,seq) values (?,?,?,?,?,default)
    Hibernate: insert into ft_participants (draft_order,fantasy_game_seq,player_id,preferred_team,team_name,seq) values (?,?,?,?,?,default)
    Hibernate: insert into ft_participants (draft_order,fantasy_game_seq,player_id,preferred_team,team_name,seq) values (?,?,?,?,?,default)
    Hibernate: insert into ft_participants (draft_order,fantasy_game_seq,player_id,preferred_team,team_name,seq) values (?,?,?,?,?,default)
    Hibernate: insert into ft_participants (draft_order,fantasy_game_seq,player_id,preferred_team,team_name,seq) values (?,?,?,?,?,default)
    Hibernate: insert into ft_participants (draft_order,fantasy_game_seq,player_id,preferred_team,team_name,seq) values (?,?,?,?,?,default)
    Hibernate: insert into ft_participants (draft_order,fantasy_game_seq,player_id,preferred_team,team_name,seq) values (?,?,?,?,?,default)
    Hibernate: insert into ft_participants (draft_order,fantasy_game_seq,player_id,preferred_team,team_name,seq) values (?,?,?,?,?,default)
    Hibernate: insert into ft_participants (draft_order,fantasy_game_seq,player_id,preferred_team,team_name,seq) values (?,?,?,?,?,default)
    Hibernate: insert into ft_participants (draft_order,fantasy_game_seq,player_id,preferred_team,team_name,seq) values (?,?,?,?,?,default)
    Hibernate: insert into ft_participants (draft_order,fantasy_game_seq,player_id,preferred_team,team_name,seq) values (?,?,?,?,?,default)
    Hibernate: insert into ft_participants (draft_order,fantasy_game_seq,player_id,preferred_team,team_name,seq) values (?,?,?,?,?,default)
    Hibernate: insert into ft_participants (draft_order,fantasy_game_seq,player_id,preferred_team,team_name,seq) values (?,?,?,?,?,default)
    Hibernate: insert into ft_participants (draft_order,fantasy_game_seq,player_id,preferred_team,team_name,seq) values (?,?,?,?,?,default)
    Hibernate: insert into ft_participants (draft_order,fantasy_game_seq,player_id,preferred_team,team_name,seq) values (?,?,?,?,?,default)
    Hibernate: insert into ft_participants (draft_order,fantasy_game_seq,player_id,preferred_team,team_name,seq) values (?,?,?,?,?,default)
    Hibernate: insert into ft_participants (draft_order,fantasy_game_seq,player_id,preferred_team,team_name,seq) values (?,?,?,?,?,default)
    Hibernate: insert into ft_participants (draft_order,fantasy_game_seq,player_id,preferred_team,team_name,seq) values (?,?,?,?,?,default)
    Hibernate: insert into ft_participants (draft_order,fantasy_game_seq,player_id,preferred_team,team_name,seq) values (?,?,?,?,?,default)
    Hibernate: insert into ft_participants (draft_order,fantasy_game_seq,player_id,preferred_team,team_name,seq) values (?,?,?,?,?,default)
    Hibernate: insert into ft_participants (draft_order,fantasy_game_seq,player_id,preferred_team,team_name,seq) values (?,?,?,?,?,default)
    Hibernate: insert into ft_participants (draft_order,fantasy_game_seq,player_id,preferred_team,team_name,seq) values (?,?,?,?,?,default)
    Hibernate: insert into ft_participants (draft_order,fantasy_game_seq,player_id,preferred_team,team_name,seq) values (?,?,?,?,?,default)
    Hibernate: insert into ft_participants (draft_order,fantasy_game_seq,player_id,preferred_team,team_name,seq) values (?,?,?,?,?,default)
    Hibernate: insert into ft_participants (draft_order,fantasy_game_seq,player_id,preferred_team,team_name,seq) values (?,?,?,?,?,default)
    Hibernate: insert into ft_participants (draft_order,fantasy_game_seq,player_id,preferred_team,team_name,seq) values (?,?,?,?,?,default)
    Hibernate: insert into ft_participants (draft_order,fantasy_game_seq,player_id,preferred_team,team_name,seq) values (?,?,?,?,?,default)
    Hibernate: insert into ft_participants (draft_order,fantasy_game_seq,player_id,preferred_team,team_name,seq) values (?,?,?,?,?,default)
    Hibernate: insert into ft_participants (draft_order,fantasy_game_seq,player_id,preferred_team,team_name,seq) values (?,?,?,?,?,default)
    Hibernate: insert into ft_participants (draft_order,fantasy_game_seq,player_id,preferred_team,team_name,seq) values (?,?,?,?,?,default)
    Hibernate: insert into ft_participants (draft_order,fantasy_game_seq,player_id,preferred_team,team_name,seq) values (?,?,?,?,?,default)
    Hibernate: insert into ft_participants (draft_order,fantasy_game_seq,player_id,preferred_team,team_name,seq) values (?,?,?,?,?,default)
    Hibernate: insert into ft_participants (draft_order,fantasy_game_seq,player_id,preferred_team,team_name,seq) values (?,?,?,?,?,default)
    Hibernate: insert into ft_participants (draft_order,fantasy_game_seq,player_id,preferred_team,team_name,seq) values (?,?,?,?,?,default)
    Hibernate: insert into ft_participants (draft_order,fantasy_game_seq,player_id,preferred_team,team_name,seq) values (?,?,?,?,?,default)
    Hibernate: insert into ft_participants (draft_order,fantasy_game_seq,player_id,preferred_team,team_name,seq) values (?,?,?,?,?,default)
    Hibernate: insert into ft_participants (draft_order,fantasy_game_seq,player_id,preferred_team,team_name,seq) values (?,?,?,?,?,default)
    Hibernate: insert into ft_participants (draft_order,fantasy_game_seq,player_id,preferred_team,team_name,seq) values (?,?,?,?,?,default)
    Hibernate: insert into ft_participants (draft_order,fantasy_game_seq,player_id,preferred_team,team_name,seq) values (?,?,?,?,?,default)
    Hibernate: insert into ft_participants (draft_order,fantasy_game_seq,player_id,preferred_team,team_name,seq) values (?,?,?,?,?,default)
    Hibernate: insert into ft_participants (draft_order,fantasy_game_seq,player_id,preferred_team,team_name,seq) values (?,?,?,?,?,default)
    Hibernate: insert into ft_participants (draft_order,fantasy_game_seq,player_id,preferred_team,team_name,seq) values (?,?,?,?,?,default)
    Hibernate: insert into ft_participants (draft_order,fantasy_game_seq,player_id,preferred_team,team_name,seq) values (?,?,?,?,?,default)
    Hibernate: insert into ft_participants (draft_order,fantasy_game_seq,player_id,preferred_team,team_name,seq) values (?,?,?,?,?,default)
    Hibernate: insert into ft_participants (draft_order,fantasy_game_seq,player_id,preferred_team,team_name,seq) values (?,?,?,?,?,default)
    Hibernate: insert into ft_participants (draft_order,fantasy_game_seq,player_id,preferred_team,team_name,seq) values (?,?,?,?,?,default)
    Hibernate: insert into ft_participants (draft_order,fantasy_game_seq,player_id,preferred_team,team_name,seq) values (?,?,?,?,?,default)
    Hibernate: insert into ft_participants (draft_order,fantasy_game_seq,player_id,preferred_team,team_name,seq) values (?,?,?,?,?,default)
    Hibernate: insert into ft_participants (draft_order,fantasy_game_seq,player_id,preferred_team,team_name,seq) values (?,?,?,?,?,default)
    Hibernate: insert into ft_participants (draft_order,fantasy_game_seq,player_id,preferred_team,team_name,seq) values (?,?,?,?,?,default)
    Hibernate: insert into ft_participants (draft_order,fantasy_game_seq,player_id,preferred_team,team_name,seq) values (?,?,?,?,?,default)
    Hibernate: insert into ft_participants (draft_order,fantasy_game_seq,player_id,preferred_team,team_name,seq) values (?,?,?,?,?,default)
    Hibernate: insert into ft_participants (draft_order,fantasy_game_seq,player_id,preferred_team,team_name,seq) values (?,?,?,?,?,default)
    Hibernate: insert into ft_participants (draft_order,fantasy_game_seq,player_id,preferred_team,team_name,seq) values (?,?,?,?,?,default)
    Hibernate: insert into ft_participants (draft_order,fantasy_game_seq,player_id,preferred_team,team_name,seq) values (?,?,?,?,?,default)
    Hibernate: insert into ft_participants (draft_order,fantasy_game_seq,player_id,preferred_team,team_name,seq) values (?,?,?,?,?,default)
    Hibernate: insert into ft_participants (draft_order,fantasy_game_seq,player_id,preferred_team,team_name,seq) values (?,?,?,?,?,default)
    Hibernate: insert into ft_participants (draft_order,fantasy_game_seq,player_id,preferred_team,team_name,seq) values (?,?,?,?,?,default)
    Hibernate: insert into ft_participants (draft_order,fantasy_game_seq,player_id,preferred_team,team_name,seq) values (?,?,?,?,?,default)
    Hibernate: insert into ft_participants (draft_order,fantasy_game_seq,player_id,preferred_team,team_name,seq) values (?,?,?,?,?,default)
    Hibernate: insert into ft_participants (draft_order,fantasy_game_seq,player_id,preferred_team,team_name,seq) values (?,?,?,?,?,default)
    Hibernate: insert into ft_participants (draft_order,fantasy_game_seq,player_id,preferred_team,team_name,seq) values (?,?,?,?,?,default)
    Hibernate: insert into ft_participants (draft_order,fantasy_game_seq,player_id,preferred_team,team_name,seq) values (?,?,?,?,?,default)
    Hibernate: insert into ft_participants (draft_order,fantasy_game_seq,player_id,preferred_team,team_name,seq) values (?,?,?,?,?,default)
    Hibernate: insert into ft_participants (draft_order,fantasy_game_seq,player_id,preferred_team,team_name,seq) values (?,?,?,?,?,default)
    Hibernate: insert into ft_participants (draft_order,fantasy_game_seq,player_id,preferred_team,team_name,seq) values (?,?,?,?,?,default)
    Hibernate: insert into ft_participants (draft_order,fantasy_game_seq,player_id,preferred_team,team_name,seq) values (?,?,?,?,?,default)
    Hibernate: insert into ft_participants (draft_order,fantasy_game_seq,player_id,preferred_team,team_name,seq) values (?,?,?,?,?,default)
    Hibernate: insert into ft_participants (draft_order,fantasy_game_seq,player_id,preferred_team,team_name,seq) values (?,?,?,?,?,default)
    Hibernate: insert into ft_participants (draft_order,fantasy_game_seq,player_id,preferred_team,team_name,seq) values (?,?,?,?,?,default)
    Hibernate: insert into ft_participants (draft_order,fantasy_game_seq,player_id,preferred_team,team_name,seq) values (?,?,?,?,?,default)
    Hibernate: insert into ft_participants (draft_order,fantasy_game_seq,player_id,preferred_team,team_name,seq) values (?,?,?,?,?,default)
    Hibernate: insert into ft_participants (draft_order,fantasy_game_seq,player_id,preferred_team,team_name,seq) values (?,?,?,?,?,default)
    Hibernate: insert into ft_participants (draft_order,fantasy_game_seq,player_id,preferred_team,team_name,seq) values (?,?,?,?,?,default)
    Hibernate: insert into ft_participants (draft_order,fantasy_game_seq,player_id,preferred_team,team_name,seq) values (?,?,?,?,?,default)
    Hibernate: insert into ft_participants (draft_order,fantasy_game_seq,player_id,preferred_team,team_name,seq) values (?,?,?,?,?,default)
    Hibernate: insert into ft_participants (draft_order,fantasy_game_seq,player_id,preferred_team,team_name,seq) values (?,?,?,?,?,default)
    Hibernate: insert into ft_participants (draft_order,fantasy_game_seq,player_id,preferred_team,team_name,seq) values (?,?,?,?,?,default)
    Hibernate: insert into ft_participants (draft_order,fantasy_game_seq,player_id,preferred_team,team_name,seq) values (?,?,?,?,?,default)
    Hibernate: insert into ft_participants (draft_order,fantasy_game_seq,player_id,preferred_team,team_name,seq) values (?,?,?,?,?,default)
    Hibernate: insert into ft_participants (draft_order,fantasy_game_seq,player_id,preferred_team,team_name,seq) values (?,?,?,?,?,default)
    Hibernate: insert into ft_participants (draft_order,fantasy_game_seq,player_id,preferred_team,team_name,seq) values (?,?,?,?,?,default)
    Hibernate: insert into ft_participants (draft_order,fantasy_game_seq,player_id,preferred_team,team_name,seq) values (?,?,?,?,?,default)
    Hibernate: insert into ft_participants (draft_order,fantasy_game_seq,player_id,preferred_team,team_name,seq) values (?,?,?,?,?,default)
    Hibernate: insert into ft_participants (draft_order,fantasy_game_seq,player_id,preferred_team,team_name,seq) values (?,?,?,?,?,default)
    Hibernate: insert into ft_participants (draft_order,fantasy_game_seq,player_id,preferred_team,team_name,seq) values (?,?,?,?,?,default)
    Hibernate: insert into ft_participants (draft_order,fantasy_game_seq,player_id,preferred_team,team_name,seq) values (?,?,?,?,?,default)
    Hibernate: insert into ft_participants (draft_order,fantasy_game_seq,player_id,preferred_team,team_name,seq) values (?,?,?,?,?,default)
    Hibernate: insert into ft_participants (draft_order,fantasy_game_seq,player_id,preferred_team,team_name,seq) values (?,?,?,?,?,default)
    Hibernate: insert into ft_participants (draft_order,fantasy_game_seq,player_id,preferred_team,team_name,seq) values (?,?,?,?,?,default)
    Hibernate: insert into ft_participants (draft_order,fantasy_game_seq,player_id,preferred_team,team_name,seq) values (?,?,?,?,?,default)
    Hibernate: insert into ft_participants (draft_order,fantasy_game_seq,player_id,preferred_team,team_name,seq) values (?,?,?,?,?,default)
    Hibernate: insert into ft_participants (draft_order,fantasy_game_seq,player_id,preferred_team,team_name,seq) values (?,?,?,?,?,default)
    Hibernate: insert into ft_participants (draft_order,fantasy_game_seq,player_id,preferred_team,team_name,seq) values (?,?,?,?,?,default)
    Hibernate: insert into ft_participants (draft_order,fantasy_game_seq,player_id,preferred_team,team_name,seq) values (?,?,?,?,?,default)
    Hibernate: insert into ft_participants (draft_order,fantasy_game_seq,player_id,preferred_team,team_name,seq) values (?,?,?,?,?,default)
    Hibernate: insert into ft_participants (draft_order,fantasy_game_seq,player_id,preferred_team,team_name,seq) values (?,?,?,?,?,default)
    Hibernate: insert into ft_participants (draft_order,fantasy_game_seq,player_id,preferred_team,team_name,seq) values (?,?,?,?,?,default)
    Hibernate: insert into ft_participants (draft_order,fantasy_game_seq,player_id,preferred_team,team_name,seq) values (?,?,?,?,?,default)
    Hibernate: insert into ft_participants (draft_order,fantasy_game_seq,player_id,preferred_team,team_name,seq) values (?,?,?,?,?,default)
    Hibernate: insert into ft_participants (draft_order,fantasy_game_seq,player_id,preferred_team,team_name,seq) values (?,?,?,?,?,default)
    Hibernate: insert into ft_participants (draft_order,fantasy_game_seq,player_id,preferred_team,team_name,seq) values (?,?,?,?,?,default)
    Hibernate: insert into ft_participants (draft_order,fantasy_game_seq,player_id,preferred_team,team_name,seq) values (?,?,?,?,?,default)
    Hibernate: insert into ft_participants (draft_order,fantasy_game_seq,player_id,preferred_team,team_name,seq) values (?,?,?,?,?,default)
    Hibernate: insert into ft_participants (draft_order,fantasy_game_seq,player_id,preferred_team,team_name,seq) values (?,?,?,?,?,default)
    Hibernate: insert into ft_participants (draft_order,fantasy_game_seq,player_id,preferred_team,team_name,seq) values (?,?,?,?,?,default)
    Hibernate: insert into ft_participants (draft_order,fantasy_game_seq,player_id,preferred_team,team_name,seq) values (?,?,?,?,?,default)
    Hibernate: insert into ft_participants (draft_order,fantasy_game_seq,player_id,preferred_team,team_name,seq) values (?,?,?,?,?,default)
    Hibernate: insert into ft_participants (draft_order,fantasy_game_seq,player_id,preferred_team,team_name,seq) values (?,?,?,?,?,default)
    Hibernate: insert into ft_participants (draft_order,fantasy_game_seq,player_id,preferred_team,team_name,seq) values (?,?,?,?,?,default)
    Hibernate: insert into ft_participants (draft_order,fantasy_game_seq,player_id,preferred_team,team_name,seq) values (?,?,?,?,?,default)
    Hibernate: insert into ft_participants (draft_order,fantasy_game_seq,player_id,preferred_team,team_name,seq) values (?,?,?,?,?,default)
    Hibernate: insert into ft_participants (draft_order,fantasy_game_seq,player_id,preferred_team,team_name,seq) values (?,?,?,?,?,default)
    Hibernate: insert into ft_participants (draft_order,fantasy_game_seq,player_id,preferred_team,team_name,seq) values (?,?,?,?,?,default)
    Hibernate: insert into ft_participants (draft_order,fantasy_game_seq,player_id,preferred_team,team_name,seq) values (?,?,?,?,?,default)
    Hibernate: insert into ft_participants (draft_order,fantasy_game_seq,player_id,preferred_team,team_name,seq) values (?,?,?,?,?,default)
    Hibernate: insert into ft_participants (draft_order,fantasy_game_seq,player_id,preferred_team,team_name,seq) values (?,?,?,?,?,default)
    Hibernate: insert into ft_participants (draft_order,fantasy_game_seq,player_id,preferred_team,team_name,seq) values (?,?,?,?,?,default)
    Hibernate: insert into ft_participants (draft_order,fantasy_game_seq,player_id,preferred_team,team_name,seq) values (?,?,?,?,?,default)
    Hibernate: insert into ft_participants (draft_order,fantasy_game_seq,player_id,preferred_team,team_name,seq) values (?,?,?,?,?,default)
    Hibernate: insert into ft_participants (draft_order,fantasy_game_seq,player_id,preferred_team,team_name,seq) values (?,?,?,?,?,default)
    Hibernate: insert into ft_participants (draft_order,fantasy_game_seq,player_id,preferred_team,team_name,seq) values (?,?,?,?,?,default)
    Hibernate: insert into ft_participants (draft_order,fantasy_game_seq,player_id,preferred_team,team_name,seq) values (?,?,?,?,?,default)
    Hibernate: insert into ft_participants (draft_order,fantasy_game_seq,player_id,preferred_team,team_name,seq) values (?,?,?,?,?,default)
    Hibernate: insert into ft_participants (draft_order,fantasy_game_seq,player_id,preferred_team,team_name,seq) values (?,?,?,?,?,default)
    Hibernate: insert into ft_participants (draft_order,fantasy_game_seq,player_id,preferred_team,team_name,seq) values (?,?,?,?,?,default)
    Hibernate: insert into ft_participants (draft_order,fantasy_game_seq,player_id,preferred_team,team_name,seq) values (?,?,?,?,?,default)
    Hibernate: insert into ft_participants (draft_order,fantasy_game_seq,player_id,preferred_team,team_name,seq) values (?,?,?,?,?,default)
    Hibernate: insert into ft_participants (draft_order,fantasy_game_seq,player_id,preferred_team,team_name,seq) values (?,?,?,?,?,default)
    Hibernate: insert into ft_participants (draft_order,fantasy_game_seq,player_id,preferred_team,team_name,seq) values (?,?,?,?,?,default)
    Hibernate: insert into ft_participants (draft_order,fantasy_game_seq,player_id,preferred_team,team_name,seq) values (?,?,?,?,?,default)
    Hibernate: insert into ft_participants (draft_order,fantasy_game_seq,player_id,preferred_team,team_name,seq) values (?,?,?,?,?,default)
    Hibernate: insert into ft_participants (draft_order,fantasy_game_seq,player_id,preferred_team,team_name,seq) values (?,?,?,?,?,default)
    Hibernate: insert into ft_participants (draft_order,fantasy_game_seq,player_id,preferred_team,team_name,seq) values (?,?,?,?,?,default)
    Hibernate: insert into ft_participants (draft_order,fantasy_game_seq,player_id,preferred_team,team_name,seq) values (?,?,?,?,?,default)
    Hibernate: insert into ft_participants (draft_order,fantasy_game_seq,player_id,preferred_team,team_name,seq) values (?,?,?,?,?,default)
    Hibernate: insert into ft_participants (draft_order,fantasy_game_seq,player_id,preferred_team,team_name,seq) values (?,?,?,?,?,default)
    Hibernate: insert into ft_participants (draft_order,fantasy_game_seq,player_id,preferred_team,team_name,seq) values (?,?,?,?,?,default)
    Hibernate: insert into ft_participants (draft_order,fantasy_game_seq,player_id,preferred_team,team_name,seq) values (?,?,?,?,?,default)
    Hibernate: insert into ft_participants (draft_order,fantasy_game_seq,player_id,preferred_team,team_name,seq) values (?,?,?,?,?,default)
    Hibernate: insert into ft_participants (draft_order,fantasy_game_seq,player_id,preferred_team,team_name,seq) values (?,?,?,?,?,default)
    Hibernate: insert into ft_participants (draft_order,fantasy_game_seq,player_id,preferred_team,team_name,seq) values (?,?,?,?,?,default)
    Hibernate: insert into ft_participants (draft_order,fantasy_game_seq,player_id,preferred_team,team_name,seq) values (?,?,?,?,?,default)
    Hibernate: insert into ft_participants (draft_order,fantasy_game_seq,player_id,preferred_team,team_name,seq) values (?,?,?,?,?,default)
    Hibernate: insert into ft_participants (draft_order,fantasy_game_seq,player_id,preferred_team,team_name,seq) values (?,?,?,?,?,default)
    Hibernate: insert into ft_participants (draft_order,fantasy_game_seq,player_id,preferred_team,team_name,seq) values (?,?,?,?,?,default)
    Hibernate: insert into ft_participants (draft_order,fantasy_game_seq,player_id,preferred_team,team_name,seq) values (?,?,?,?,?,default)
    Hibernate: insert into ft_participants (draft_order,fantasy_game_seq,player_id,preferred_team,team_name,seq) values (?,?,?,?,?,default)
    Hibernate: insert into ft_participants (draft_order,fantasy_game_seq,player_id,preferred_team,team_name,seq) values (?,?,?,?,?,default)
    Hibernate: insert into ft_participants (draft_order,fantasy_game_seq,player_id,preferred_team,team_name,seq) values (?,?,?,?,?,default)
    Hibernate: insert into ft_participants (draft_order,fantasy_game_seq,player_id,preferred_team,team_name,seq) values (?,?,?,?,?,default)
    Hibernate: insert into ft_participants (draft_order,fantasy_game_seq,player_id,preferred_team,team_name,seq) values (?,?,?,?,?,default)
    Hibernate: insert into ft_participants (draft_order,fantasy_game_seq,player_id,preferred_team,team_name,seq) values (?,?,?,?,?,default)
    Hibernate: insert into ft_participants (draft_order,fantasy_game_seq,player_id,preferred_team,team_name,seq) values (?,?,?,?,?,default)
    Hibernate: insert into ft_participants (draft_order,fantasy_game_seq,player_id,preferred_team,team_name,seq) values (?,?,?,?,?,default)
    Hibernate: insert into ft_participants (draft_order,fantasy_game_seq,player_id,preferred_team,team_name,seq) values (?,?,?,?,?,default)
    Hibernate: insert into ft_participants (draft_order,fantasy_game_seq,player_id,preferred_team,team_name,seq) values (?,?,?,?,?,default)
    Hibernate: insert into ft_participants (draft_order,fantasy_game_seq,player_id,preferred_team,team_name,seq) values (?,?,?,?,?,default)
    Hibernate: insert into ft_participants (draft_order,fantasy_game_seq,player_id,preferred_team,team_name,seq) values (?,?,?,?,?,default)
    Hibernate: insert into ft_participants (draft_order,fantasy_game_seq,player_id,preferred_team,team_name,seq) values (?,?,?,?,?,default)
    Hibernate: insert into ft_participants (draft_order,fantasy_game_seq,player_id,preferred_team,team_name,seq) values (?,?,?,?,?,default)
    Hibernate: insert into ft_participants (draft_order,fantasy_game_seq,player_id,preferred_team,team_name,seq) values (?,?,?,?,?,default)
    Hibernate: insert into ft_participants (draft_order,fantasy_game_seq,player_id,preferred_team,team_name,seq) values (?,?,?,?,?,default)
    Hibernate: insert into ft_participants (draft_order,fantasy_game_seq,player_id,preferred_team,team_name,seq) values (?,?,?,?,?,default)
    Hibernate: insert into ft_participants (draft_order,fantasy_game_seq,player_id,preferred_team,team_name,seq) values (?,?,?,?,?,default)
    Hibernate: insert into ft_participants (draft_order,fantasy_game_seq,player_id,preferred_team,team_name,seq) values (?,?,?,?,?,default)
    Hibernate: insert into ft_participants (draft_order,fantasy_game_seq,player_id,preferred_team,team_name,seq) values (?,?,?,?,?,default)
    Hibernate: insert into ft_participants (draft_order,fantasy_game_seq,player_id,preferred_team,team_name,seq) values (?,?,?,?,?,default)
    Hibernate: insert into ft_participants (draft_order,fantasy_game_seq,player_id,preferred_team,team_name,seq) values (?,?,?,?,?,default)
    Hibernate: insert into ft_participants (draft_order,fantasy_game_seq,player_id,preferred_team,team_name,seq) values (?,?,?,?,?,default)
    Hibernate: insert into ft_participants (draft_order,fantasy_game_seq,player_id,preferred_team,team_name,seq) values (?,?,?,?,?,default)
    Hibernate: insert into ft_participants (draft_order,fantasy_game_seq,player_id,preferred_team,team_name,seq) values (?,?,?,?,?,default)
    Hibernate: insert into ft_participants (draft_order,fantasy_game_seq,player_id,preferred_team,team_name,seq) values (?,?,?,?,?,default)
    Hibernate: insert into ft_participants (draft_order,fantasy_game_seq,player_id,preferred_team,team_name,seq) values (?,?,?,?,?,default)
    Hibernate: insert into ft_participants (draft_order,fantasy_game_seq,player_id,preferred_team,team_name,seq) values (?,?,?,?,?,default)
    Hibernate: insert into ft_participants (draft_order,fantasy_game_seq,player_id,preferred_team,team_name,seq) values (?,?,?,?,?,default)
    Hibernate: insert into ft_participants (draft_order,fantasy_game_seq,player_id,preferred_team,team_name,seq) values (?,?,?,?,?,default)
    Hibernate: insert into ft_participants (draft_order,fantasy_game_seq,player_id,preferred_team,team_name,seq) values (?,?,?,?,?,default)
    Hibernate: insert into ft_participants (draft_order,fantasy_game_seq,player_id,preferred_team,team_name,seq) values (?,?,?,?,?,default)
    Hibernate: insert into ft_participants (draft_order,fantasy_game_seq,player_id,preferred_team,team_name,seq) values (?,?,?,?,?,default)
    Hibernate: insert into ft_participants (draft_order,fantasy_game_seq,player_id,preferred_team,team_name,seq) values (?,?,?,?,?,default)
    Hibernate: insert into ft_participants (draft_order,fantasy_game_seq,player_id,preferred_team,team_name,seq) values (?,?,?,?,?,default)
    Hibernate: insert into ft_participants (draft_order,fantasy_game_seq,player_id,preferred_team,team_name,seq) values (?,?,?,?,?,default)
    Hibernate: insert into ft_participants (draft_order,fantasy_game_seq,player_id,preferred_team,team_name,seq) values (?,?,?,?,?,default)
    Hibernate: insert into ft_participants (draft_order,fantasy_game_seq,player_id,preferred_team,team_name,seq) values (?,?,?,?,?,default)
    Hibernate: insert into ft_participants (draft_order,fantasy_game_seq,player_id,preferred_team,team_name,seq) values (?,?,?,?,?,default)
    Hibernate: insert into ft_participants (draft_order,fantasy_game_seq,player_id,preferred_team,team_name,seq) values (?,?,?,?,?,default)
    Hibernate: insert into ft_participants (draft_order,fantasy_game_seq,player_id,preferred_team,team_name,seq) values (?,?,?,?,?,default)
    Hibernate: insert into ft_participants (draft_order,fantasy_game_seq,player_id,preferred_team,team_name,seq) values (?,?,?,?,?,default)
    Hibernate: insert into ft_participants (draft_order,fantasy_game_seq,player_id,preferred_team,team_name,seq) values (?,?,?,?,?,default)
    Hibernate: insert into ft_participants (draft_order,fantasy_game_seq,player_id,preferred_team,team_name,seq) values (?,?,?,?,?,default)
    Hibernate: insert into ft_participants (draft_order,fantasy_game_seq,player_id,preferred_team,team_name,seq) values (?,?,?,?,?,default)
    Hibernate: insert into ft_participants (draft_order,fantasy_game_seq,player_id,preferred_team,team_name,seq) values (?,?,?,?,?,default)
    Hibernate: insert into ft_participants (draft_order,fantasy_game_seq,player_id,preferred_team,team_name,seq) values (?,?,?,?,?,default)
    Hibernate: insert into ft_participants (draft_order,fantasy_game_seq,player_id,preferred_team,team_name,seq) values (?,?,?,?,?,default)
    Hibernate: insert into ft_participants (draft_order,fantasy_game_seq,player_id,preferred_team,team_name,seq) values (?,?,?,?,?,default)
    Hibernate: insert into ft_participants (draft_order,fantasy_game_seq,player_id,preferred_team,team_name,seq) values (?,?,?,?,?,default)
    Hibernate: insert into ft_participants (draft_order,fantasy_game_seq,player_id,preferred_team,team_name,seq) values (?,?,?,?,?,default)
    Hibernate: insert into ft_participants (draft_order,fantasy_game_seq,player_id,preferred_team,team_name,seq) values (?,?,?,?,?,default)
    Hibernate: insert into ft_participants (draft_order,fantasy_game_seq,player_id,preferred_team,team_name,seq) values (?,?,?,?,?,default)
    Hibernate: insert into ft_participants (draft_order,fantasy_game_seq,player_id,preferred_team,team_name,seq) values (?,?,?,?,?,default)
    Hibernate: insert into ft_participants (draft_order,fantasy_game_seq,player_id,preferred_team,team_name,seq) values (?,?,?,?,?,default)
    Hibernate: insert into ft_participants (draft_order,fantasy_game_seq,player_id,preferred_team,team_name,seq) values (?,?,?,?,?,default)
    Hibernate: insert into ft_participants (draft_order,fantasy_game_seq,player_id,preferred_team,team_name,seq) values (?,?,?,?,?,default)
    Hibernate: insert into ft_participants (draft_order,fantasy_game_seq,player_id,preferred_team,team_name,seq) values (?,?,?,?,?,default)
    Hibernate: insert into ft_participants (draft_order,fantasy_game_seq,player_id,preferred_team,team_name,seq) values (?,?,?,?,?,default)
    Hibernate: insert into ft_participants (draft_order,fantasy_game_seq,player_id,preferred_team,team_name,seq) values (?,?,?,?,?,default)
    Hibernate: insert into ft_participants (draft_order,fantasy_game_seq,player_id,preferred_team,team_name,seq) values (?,?,?,?,?,default)
    Hibernate: insert into ft_participants (draft_order,fantasy_game_seq,player_id,preferred_team,team_name,seq) values (?,?,?,?,?,default)
    Hibernate: insert into ft_participants (draft_order,fantasy_game_seq,player_id,preferred_team,team_name,seq) values (?,?,?,?,?,default)
    Hibernate: insert into ft_participants (draft_order,fantasy_game_seq,player_id,preferred_team,team_name,seq) values (?,?,?,?,?,default)
    Hibernate: insert into ft_participants (draft_order,fantasy_game_seq,player_id,preferred_team,team_name,seq) values (?,?,?,?,?,default)
    Hibernate: insert into ft_participants (draft_order,fantasy_game_seq,player_id,preferred_team,team_name,seq) values (?,?,?,?,?,default)
    Hibernate: insert into ft_participants (draft_order,fantasy_game_seq,player_id,preferred_team,team_name,seq) values (?,?,?,?,?,default)
    Hibernate: insert into ft_participants (draft_order,fantasy_game_seq,player_id,preferred_team,team_name,seq) values (?,?,?,?,?,default)
    Hibernate: insert into ft_participants (draft_order,fantasy_game_seq,player_id,preferred_team,team_name,seq) values (?,?,?,?,?,default)
    Hibernate: insert into ft_participants (draft_order,fantasy_game_seq,player_id,preferred_team,team_name,seq) values (?,?,?,?,?,default)
    Hibernate: insert into ft_participants (draft_order,fantasy_game_seq,player_id,preferred_team,team_name,seq) values (?,?,?,?,?,default)
    Hibernate: insert into ft_participants (draft_order,fantasy_game_seq,player_id,preferred_team,team_name,seq) values (?,?,?,?,?,default)
    Hibernate: insert into ft_participants (draft_order,fantasy_game_seq,player_id,preferred_team,team_name,seq) values (?,?,?,?,?,default)
    Hibernate: insert into ft_participants (draft_order,fantasy_game_seq,player_id,preferred_team,team_name,seq) values (?,?,?,?,?,default)
    Hibernate: insert into ft_participants (draft_order,fantasy_game_seq,player_id,preferred_team,team_name,seq) values (?,?,?,?,?,default)
    Hibernate: insert into ft_participants (draft_order,fantasy_game_seq,player_id,preferred_team,team_name,seq) values (?,?,?,?,?,default)
    Hibernate: insert into ft_participants (draft_order,fantasy_game_seq,player_id,preferred_team,team_name,seq) values (?,?,?,?,?,default)
    Hibernate: insert into ft_participants (draft_order,fantasy_game_seq,player_id,preferred_team,team_name,seq) values (?,?,?,?,?,default)
    Hibernate: insert into ft_participants (draft_order,fantasy_game_seq,player_id,preferred_team,team_name,seq) values (?,?,?,?,?,default)
    Hibernate: insert into ft_participants (draft_order,fantasy_game_seq,player_id,preferred_team,team_name,seq) values (?,?,?,?,?,default)
    Hibernate: insert into ft_participants (draft_order,fantasy_game_seq,player_id,preferred_team,team_name,seq) values (?,?,?,?,?,default)
    Hibernate: insert into ft_participants (draft_order,fantasy_game_seq,player_id,preferred_team,team_name,seq) values (?,?,?,?,?,default)
    Hibernate: insert into ft_participants (draft_order,fantasy_game_seq,player_id,preferred_team,team_name,seq) values (?,?,?,?,?,default)
    Hibernate: insert into ft_participants (draft_order,fantasy_game_seq,player_id,preferred_team,team_name,seq) values (?,?,?,?,?,default)
    Hibernate: insert into ft_participants (draft_order,fantasy_game_seq,player_id,preferred_team,team_name,seq) values (?,?,?,?,?,default)
    Hibernate: insert into ft_participants (draft_order,fantasy_game_seq,player_id,preferred_team,team_name,seq) values (?,?,?,?,?,default)
    Hibernate: insert into ft_participants (draft_order,fantasy_game_seq,player_id,preferred_team,team_name,seq) values (?,?,?,?,?,default)
    Hibernate: insert into ft_participants (draft_order,fantasy_game_seq,player_id,preferred_team,team_name,seq) values (?,?,?,?,?,default)
    Hibernate: insert into ft_participants (draft_order,fantasy_game_seq,player_id,preferred_team,team_name,seq) values (?,?,?,?,?,default)
    Hibernate: insert into ft_participants (draft_order,fantasy_game_seq,player_id,preferred_team,team_name,seq) values (?,?,?,?,?,default)
    Hibernate: insert into ft_participants (draft_order,fantasy_game_seq,player_id,preferred_team,team_name,seq) values (?,?,?,?,?,default)
    Hibernate: insert into ft_participants (draft_order,fantasy_game_seq,player_id,preferred_team,team_name,seq) values (?,?,?,?,?,default)
    Hibernate: insert into ft_participants (draft_order,fantasy_game_seq,player_id,preferred_team,team_name,seq) values (?,?,?,?,?,default)
    Hibernate: insert into ft_participants (draft_order,fantasy_game_seq,player_id,preferred_team,team_name,seq) values (?,?,?,?,?,default)
    Hibernate: insert into ft_participants (draft_order,fantasy_game_seq,player_id,preferred_team,team_name,seq) values (?,?,?,?,?,default)
    Hibernate: insert into ft_participants (draft_order,fantasy_game_seq,player_id,preferred_team,team_name,seq) values (?,?,?,?,?,default)
    Hibernate: insert into ft_participants (draft_order,fantasy_game_seq,player_id,preferred_team,team_name,seq) values (?,?,?,?,?,default)
    Hibernate: insert into ft_participants (draft_order,fantasy_game_seq,player_id,preferred_team,team_name,seq) values (?,?,?,?,?,default)
    Hibernate: insert into ft_participants (draft_order,fantasy_game_seq,player_id,preferred_team,team_name,seq) values (?,?,?,?,?,default)
    Hibernate: insert into ft_participants (draft_order,fantasy_game_seq,player_id,preferred_team,team_name,seq) values (?,?,?,?,?,default)
    Hibernate: insert into ft_participants (draft_order,fantasy_game_seq,player_id,preferred_team,team_name,seq) values (?,?,?,?,?,default)
    Hibernate: insert into ft_participants (draft_order,fantasy_game_seq,player_id,preferred_team,team_name,seq) values (?,?,?,?,?,default)
    Hibernate: insert into ft_participants (draft_order,fantasy_game_seq,player_id,preferred_team,team_name,seq) values (?,?,?,?,?,default)
    Hibernate: insert into ft_participants (draft_order,fantasy_game_seq,player_id,preferred_team,team_name,seq) values (?,?,?,?,?,default)
    Hibernate: insert into ft_participants (draft_order,fantasy_game_seq,player_id,preferred_team,team_name,seq) values (?,?,?,?,?,default)
    Hibernate: insert into ft_participants (draft_order,fantasy_game_seq,player_id,preferred_team,team_name,seq) values (?,?,?,?,?,default)
    Hibernate: insert into ft_participants (draft_order,fantasy_game_seq,player_id,preferred_team,team_name,seq) values (?,?,?,?,?,default)
    Hibernate: insert into ft_participants (draft_order,fantasy_game_seq,player_id,preferred_team,team_name,seq) values (?,?,?,?,?,default)
    Hibernate: insert into ft_participants (draft_order,fantasy_game_seq,player_id,preferred_team,team_name,seq) values (?,?,?,?,?,default)
    Hibernate: insert into ft_participants (draft_order,fantasy_game_seq,player_id,preferred_team,team_name,seq) values (?,?,?,?,?,default)
    Hibernate: insert into ft_participants (draft_order,fantasy_game_seq,player_id,preferred_team,team_name,seq) values (?,?,?,?,?,default)
    Hibernate: insert into ft_participants (draft_order,fantasy_game_seq,player_id,preferred_team,team_name,seq) values (?,?,?,?,?,default)
    Hibernate: insert into ft_participants (draft_order,fantasy_game_seq,player_id,preferred_team,team_name,seq) values (?,?,?,?,?,default)
    Hibernate: insert into ft_participants (draft_order,fantasy_game_seq,player_id,preferred_team,team_name,seq) values (?,?,?,?,?,default)
    Hibernate: insert into ft_participants (draft_order,fantasy_game_seq,player_id,preferred_team,team_name,seq) values (?,?,?,?,?,default)
    Hibernate: insert into ft_participants (draft_order,fantasy_game_seq,player_id,preferred_team,team_name,seq) values (?,?,?,?,?,default)
    Hibernate: insert into ft_participants (draft_order,fantasy_game_seq,player_id,preferred_team,team_name,seq) values (?,?,?,?,?,default)
    Hibernate: insert into ft_participants (draft_order,fantasy_game_seq,player_id,preferred_team,team_name,seq) values (?,?,?,?,?,default)
    Hibernate: insert into ft_participants (draft_order,fantasy_game_seq,player_id,preferred_team,team_name,seq) values (?,?,?,?,?,default)
    Hibernate: insert into ft_participants (draft_order,fantasy_game_seq,player_id,preferred_team,team_name,seq) values (?,?,?,?,?,default)
    Hibernate: insert into ft_participants (draft_order,fantasy_game_seq,player_id,preferred_team,team_name,seq) values (?,?,?,?,?,default)
    Hibernate: insert into ft_participants (draft_order,fantasy_game_seq,player_id,preferred_team,team_name,seq) values (?,?,?,?,?,default)
    Hibernate: insert into ft_participants (draft_order,fantasy_game_seq,player_id,preferred_team,team_name,seq) values (?,?,?,?,?,default)
    Hibernate: insert into ft_participants (draft_order,fantasy_game_seq,player_id,preferred_team,team_name,seq) values (?,?,?,?,?,default)
    Hibernate: insert into ft_participants (draft_order,fantasy_game_seq,player_id,preferred_team,team_name,seq) values (?,?,?,?,?,default)
    Hibernate: insert into ft_participants (draft_order,fantasy_game_seq,player_id,preferred_team,team_name,seq) values (?,?,?,?,?,default)
    Hibernate: insert into ft_participants (draft_order,fantasy_game_seq,player_id,preferred_team,team_name,seq) values (?,?,?,?,?,default)
    Hibernate: insert into ft_participants (draft_order,fantasy_game_seq,player_id,preferred_team,team_name,seq) values (?,?,?,?,?,default)
    Hibernate: insert into ft_participants (draft_order,fantasy_game_seq,player_id,preferred_team,team_name,seq) values (?,?,?,?,?,default)
    Hibernate: insert into ft_participants (draft_order,fantasy_game_seq,player_id,preferred_team,team_name,seq) values (?,?,?,?,?,default)
    Hibernate: insert into ft_participants (draft_order,fantasy_game_seq,player_id,preferred_team,team_name,seq) values (?,?,?,?,?,default)
    Hibernate: insert into ft_participants (draft_order,fantasy_game_seq,player_id,preferred_team,team_name,seq) values (?,?,?,?,?,default)
    Hibernate: insert into ft_participants (draft_order,fantasy_game_seq,player_id,preferred_team,team_name,seq) values (?,?,?,?,?,default)
    Hibernate: insert into ft_participants (draft_order,fantasy_game_seq,player_id,preferred_team,team_name,seq) values (?,?,?,?,?,default)
    Hibernate: insert into ft_participants (draft_order,fantasy_game_seq,player_id,preferred_team,team_name,seq) values (?,?,?,?,?,default)
    Hibernate: insert into ft_participants (draft_order,fantasy_game_seq,player_id,preferred_team,team_name,seq) values (?,?,?,?,?,default)
    Hibernate: insert into ft_participants (draft_order,fantasy_game_seq,player_id,preferred_team,team_name,seq) values (?,?,?,?,?,default)
    Hibernate: insert into ft_participants (draft_order,fantasy_game_seq,player_id,preferred_team,team_name,seq) values (?,?,?,?,?,default)
    Hibernate: insert into ft_participants (draft_order,fantasy_game_seq,player_id,preferred_team,team_name,seq) values (?,?,?,?,?,default)
    Hibernate: insert into ft_participants (draft_order,fantasy_game_seq,player_id,preferred_team,team_name,seq) values (?,?,?,?,?,default)
    Hibernate: insert into ft_participants (draft_order,fantasy_game_seq,player_id,preferred_team,team_name,seq) values (?,?,?,?,?,default)
    Hibernate: insert into ft_participants (draft_order,fantasy_game_seq,player_id,preferred_team,team_name,seq) values (?,?,?,?,?,default)
    Hibernate: insert into ft_participants (draft_order,fantasy_game_seq,player_id,preferred_team,team_name,seq) values (?,?,?,?,?,default)
    Hibernate: insert into ft_participants (draft_order,fantasy_game_seq,player_id,preferred_team,team_name,seq) values (?,?,?,?,?,default)
    Hibernate: insert into ft_participants (draft_order,fantasy_game_seq,player_id,preferred_team,team_name,seq) values (?,?,?,?,?,default)
    Hibernate: insert into ft_participants (draft_order,fantasy_game_seq,player_id,preferred_team,team_name,seq) values (?,?,?,?,?,default)
    Hibernate: insert into ft_participants (draft_order,fantasy_game_seq,player_id,preferred_team,team_name,seq) values (?,?,?,?,?,default)
    Hibernate: insert into ft_participants (draft_order,fantasy_game_seq,player_id,preferred_team,team_name,seq) values (?,?,?,?,?,default)
    Hibernate: insert into ft_participants (draft_order,fantasy_game_seq,player_id,preferred_team,team_name,seq) values (?,?,?,?,?,default)
    Hibernate: insert into ft_participants (draft_order,fantasy_game_seq,player_id,preferred_team,team_name,seq) values (?,?,?,?,?,default)
    Hibernate: insert into ft_participants (draft_order,fantasy_game_seq,player_id,preferred_team,team_name,seq) values (?,?,?,?,?,default)
    Hibernate: insert into ft_participants (draft_order,fantasy_game_seq,player_id,preferred_team,team_name,seq) values (?,?,?,?,?,default)
    Hibernate: insert into ft_participants (draft_order,fantasy_game_seq,player_id,preferred_team,team_name,seq) values (?,?,?,?,?,default)
    Hibernate: insert into ft_participants (draft_order,fantasy_game_seq,player_id,preferred_team,team_name,seq) values (?,?,?,?,?,default)
    Hibernate: insert into ft_participants (draft_order,fantasy_game_seq,player_id,preferred_team,team_name,seq) values (?,?,?,?,?,default)
    Hibernate: insert into ft_participants (draft_order,fantasy_game_seq,player_id,preferred_team,team_name,seq) values (?,?,?,?,?,default)
    Hibernate: insert into ft_participants (draft_order,fantasy_game_seq,player_id,preferred_team,team_name,seq) values (?,?,?,?,?,default)
    Hibernate: insert into ft_participants (draft_order,fantasy_game_seq,player_id,preferred_team,team_name,seq) values (?,?,?,?,?,default)
    Hibernate: insert into ft_participants (draft_order,fantasy_game_seq,player_id,preferred_team,team_name,seq) values (?,?,?,?,?,default)
    Hibernate: insert into ft_participants (draft_order,fantasy_game_seq,player_id,preferred_team,team_name,seq) values (?,?,?,?,?,default)
    Hibernate: insert into ft_participants (draft_order,fantasy_game_seq,player_id,preferred_team,team_name,seq) values (?,?,?,?,?,default)
    Hibernate: insert into ft_participants (draft_order,fantasy_game_seq,player_id,preferred_team,team_name,seq) values (?,?,?,?,?,default)
    Hibernate: insert into ft_participants (draft_order,fantasy_game_seq,player_id,preferred_team,team_name,seq) values (?,?,?,?,?,default)
    Hibernate: insert into ft_participants (draft_order,fantasy_game_seq,player_id,preferred_team,team_name,seq) values (?,?,?,?,?,default)
    Hibernate: insert into ft_participants (draft_order,fantasy_game_seq,player_id,preferred_team,team_name,seq) values (?,?,?,?,?,default)
    Hibernate: insert into ft_participants (draft_order,fantasy_game_seq,player_id,preferred_team,team_name,seq) values (?,?,?,?,?,default)
    Hibernate: insert into ft_participants (draft_order,fantasy_game_seq,player_id,preferred_team,team_name,seq) values (?,?,?,?,?,default)
    Hibernate: insert into ft_participants (draft_order,fantasy_game_seq,player_id,preferred_team,team_name,seq) values (?,?,?,?,?,default)
    Hibernate: insert into ft_participants (draft_order,fantasy_game_seq,player_id,preferred_team,team_name,seq) values (?,?,?,?,?,default)
    Hibernate: insert into ft_participants (draft_order,fantasy_game_seq,player_id,preferred_team,team_name,seq) values (?,?,?,?,?,default)
    Hibernate: insert into ft_participants (draft_order,fantasy_game_seq,player_id,preferred_team,team_name,seq) values (?,?,?,?,?,default)
    Hibernate: insert into ft_participants (draft_order,fantasy_game_seq,player_id,preferred_team,team_name,seq) values (?,?,?,?,?,default)
    Hibernate: insert into ft_participants (draft_order,fantasy_game_seq,player_id,preferred_team,team_name,seq) values (?,?,?,?,?,default)
    Hibernate: insert into ft_participants (draft_order,fantasy_game_seq,player_id,preferred_team,team_name,seq) values (?,?,?,?,?,default)
    Hibernate: insert into ft_participants (draft_order,fantasy_game_seq,player_id,preferred_team,team_name,seq) values (?,?,?,?,?,default)
    Hibernate: insert into ft_participants (draft_order,fantasy_game_seq,player_id,preferred_team,team_name,seq) values (?,?,?,?,?,default)
    Hibernate: insert into ft_participants (draft_order,fantasy_game_seq,player_id,preferred_team,team_name,seq) values (?,?,?,?,?,default)
    Hibernate: insert into ft_participants (draft_order,fantasy_game_seq,player_id,preferred_team,team_name,seq) values (?,?,?,?,?,default)
    Hibernate: insert into ft_participants (draft_order,fantasy_game_seq,player_id,preferred_team,team_name,seq) values (?,?,?,?,?,default)
    Hibernate: insert into ft_participants (draft_order,fantasy_game_seq,player_id,preferred_team,team_name,seq) values (?,?,?,?,?,default)
    Hibernate: insert into ft_participants (draft_order,fantasy_game_seq,player_id,preferred_team,team_name,seq) values (?,?,?,?,?,default)
    Hibernate: insert into ft_participants (draft_order,fantasy_game_seq,player_id,preferred_team,team_name,seq) values (?,?,?,?,?,default)
    Hibernate: insert into ft_participants (draft_order,fantasy_game_seq,player_id,preferred_team,team_name,seq) values (?,?,?,?,?,default)
    Hibernate: insert into ft_participants (draft_order,fantasy_game_seq,player_id,preferred_team,team_name,seq) values (?,?,?,?,?,default)
    Hibernate: insert into ft_participants (draft_order,fantasy_game_seq,player_id,preferred_team,team_name,seq) values (?,?,?,?,?,default)
    Hibernate: insert into ft_participants (draft_order,fantasy_game_seq,player_id,preferred_team,team_name,seq) values (?,?,?,?,?,default)
    Hibernate: insert into ft_participants (draft_order,fantasy_game_seq,player_id,preferred_team,team_name,seq) values (?,?,?,?,?,default)
    Hibernate: insert into ft_participants (draft_order,fantasy_game_seq,player_id,preferred_team,team_name,seq) values (?,?,?,?,?,default)
    Hibernate: insert into ft_participants (draft_order,fantasy_game_seq,player_id,preferred_team,team_name,seq) values (?,?,?,?,?,default)
    Hibernate: insert into ft_participants (draft_order,fantasy_game_seq,player_id,preferred_team,team_name,seq) values (?,?,?,?,?,default)
    Hibernate: insert into ft_participants (draft_order,fantasy_game_seq,player_id,preferred_team,team_name,seq) values (?,?,?,?,?,default)
    Hibernate: insert into ft_participants (draft_order,fantasy_game_seq,player_id,preferred_team,team_name,seq) values (?,?,?,?,?,default)
    Hibernate: insert into ft_participants (draft_order,fantasy_game_seq,player_id,preferred_team,team_name,seq) values (?,?,?,?,?,default)
    Hibernate: insert into ft_participants (draft_order,fantasy_game_seq,player_id,preferred_team,team_name,seq) values (?,?,?,?,?,default)
    Hibernate: insert into ft_participants (draft_order,fantasy_game_seq,player_id,preferred_team,team_name,seq) values (?,?,?,?,?,default)
    Hibernate: insert into ft_participants (draft_order,fantasy_game_seq,player_id,preferred_team,team_name,seq) values (?,?,?,?,?,default)
    Hibernate: insert into ft_participants (draft_order,fantasy_game_seq,player_id,preferred_team,team_name,seq) values (?,?,?,?,?,default)
    Hibernate: insert into ft_participants (draft_order,fantasy_game_seq,player_id,preferred_team,team_name,seq) values (?,?,?,?,?,default)
    Hibernate: insert into ft_participants (draft_order,fantasy_game_seq,player_id,preferred_team,team_name,seq) values (?,?,?,?,?,default)
    Hibernate: insert into ft_participants (draft_order,fantasy_game_seq,player_id,preferred_team,team_name,seq) values (?,?,?,?,?,default)
    Hibernate: insert into ft_participants (draft_order,fantasy_game_seq,player_id,preferred_team,team_name,seq) values (?,?,?,?,?,default)
    Hibernate: insert into ft_participants (draft_order,fantasy_game_seq,player_id,preferred_team,team_name,seq) values (?,?,?,?,?,default)
    Hibernate: insert into ft_participants (draft_order,fantasy_game_seq,player_id,preferred_team,team_name,seq) values (?,?,?,?,?,default)
    Hibernate: insert into ft_participants (draft_order,fantasy_game_seq,player_id,preferred_team,team_name,seq) values (?,?,?,?,?,default)
    Hibernate: insert into ft_participants (draft_order,fantasy_game_seq,player_id,preferred_team,team_name,seq) values (?,?,?,?,?,default)
    Hibernate: insert into ft_participants (draft_order,fantasy_game_seq,player_id,preferred_team,team_name,seq) values (?,?,?,?,?,default)
    Hibernate: insert into ft_participants (draft_order,fantasy_game_seq,player_id,preferred_team,team_name,seq) values (?,?,?,?,?,default)
    Hibernate: insert into ft_participants (draft_order,fantasy_game_seq,player_id,preferred_team,team_name,seq) values (?,?,?,?,?,default)
    Hibernate: insert into ft_participants (draft_order,fantasy_game_seq,player_id,preferred_team,team_name,seq) values (?,?,?,?,?,default)
    Hibernate: insert into ft_participants (draft_order,fantasy_game_seq,player_id,preferred_team,team_name,seq) values (?,?,?,?,?,default)
    Hibernate: insert into ft_participants (draft_order,fantasy_game_seq,player_id,preferred_team,team_name,seq) values (?,?,?,?,?,default)
    Hibernate: insert into ft_participants (draft_order,fantasy_game_seq,player_id,preferred_team,team_name,seq) values (?,?,?,?,?,default)
    Hibernate: insert into ft_participants (draft_order,fantasy_game_seq,player_id,preferred_team,team_name,seq) values (?,?,?,?,?,default)
    Hibernate: insert into ft_participants (draft_order,fantasy_game_seq,player_id,preferred_team,team_name,seq) values (?,?,?,?,?,default)
    Hibernate: insert into ft_participants (draft_order,fantasy_game_seq,player_id,preferred_team,team_name,seq) values (?,?,?,?,?,default)
    Hibernate: insert into ft_participants (draft_order,fantasy_game_seq,player_id,preferred_team,team_name,seq) values (?,?,?,?,?,default)
    Hibernate: insert into ft_participants (draft_order,fantasy_game_seq,player_id,preferred_team,team_name,seq) values (?,?,?,?,?,default)
    Hibernate: insert into ft_participants (draft_order,fantasy_game_seq,player_id,preferred_team,team_name,seq) values (?,?,?,?,?,default)
    Hibernate: insert into ft_participants (draft_order,fantasy_game_seq,player_id,preferred_team,team_name,seq) values (?,?,?,?,?,default)
    Hibernate: insert into ft_participants (draft_order,fantasy_game_seq,player_id,preferred_team,team_name,seq) values (?,?,?,?,?,default)
    Hibernate: insert into ft_participants (draft_order,fantasy_game_seq,player_id,preferred_team,team_name,seq) values (?,?,?,?,?,default)
    Hibernate: insert into ft_participants (draft_order,fantasy_game_seq,player_id,preferred_team,team_name,seq) values (?,?,?,?,?,default)
    Hibernate: insert into ft_participants (draft_order,fantasy_game_seq,player_id,preferred_team,team_name,seq) values (?,?,?,?,?,default)
    Hibernate: insert into ft_participants (draft_order,fantasy_game_seq,player_id,preferred_team,team_name,seq) values (?,?,?,?,?,default)
    Hibernate: insert into ft_participants (draft_order,fantasy_game_seq,player_id,preferred_team,team_name,seq) values (?,?,?,?,?,default)
    Hibernate: insert into ft_participants (draft_order,fantasy_game_seq,player_id,preferred_team,team_name,seq) values (?,?,?,?,?,default)
    Hibernate: insert into ft_participants (draft_order,fantasy_game_seq,player_id,preferred_team,team_name,seq) values (?,?,?,?,?,default)
    Hibernate: insert into ft_participants (draft_order,fantasy_game_seq,player_id,preferred_team,team_name,seq) values (?,?,?,?,?,default)
    Hibernate: insert into ft_participants (draft_order,fantasy_game_seq,player_id,preferred_team,team_name,seq) values (?,?,?,?,?,default)
    Hibernate: insert into ft_participants (draft_order,fantasy_game_seq,player_id,preferred_team,team_name,seq) values (?,?,?,?,?,default)
    Hibernate: insert into ft_participants (draft_order,fantasy_game_seq,player_id,preferred_team,team_name,seq) values (?,?,?,?,?,default)
    Hibernate: insert into ft_participants (draft_order,fantasy_game_seq,player_id,preferred_team,team_name,seq) values (?,?,?,?,?,default)
    Hibernate: insert into ft_participants (draft_order,fantasy_game_seq,player_id,preferred_team,team_name,seq) values (?,?,?,?,?,default)
    Hibernate: insert into ft_participants (draft_order,fantasy_game_seq,player_id,preferred_team,team_name,seq) values (?,?,?,?,?,default)
    Hibernate: insert into ft_participants (draft_order,fantasy_game_seq,player_id,preferred_team,team_name,seq) values (?,?,?,?,?,default)
    Hibernate: insert into ft_participants (draft_order,fantasy_game_seq,player_id,preferred_team,team_name,seq) values (?,?,?,?,?,default)
    Hibernate: insert into ft_participants (draft_order,fantasy_game_seq,player_id,preferred_team,team_name,seq) values (?,?,?,?,?,default)
    Hibernate: insert into ft_participants (draft_order,fantasy_game_seq,player_id,preferred_team,team_name,seq) values (?,?,?,?,?,default)
    Hibernate: insert into ft_participants (draft_order,fantasy_game_seq,player_id,preferred_team,team_name,seq) values (?,?,?,?,?,default)
    Hibernate: insert into ft_participants (draft_order,fantasy_game_seq,player_id,preferred_team,team_name,seq) values (?,?,?,?,?,default)
    Hibernate: insert into ft_participants (draft_order,fantasy_game_seq,player_id,preferred_team,team_name,seq) values (?,?,?,?,?,default)
    Hibernate: insert into ft_participants (draft_order,fantasy_game_seq,player_id,preferred_team,team_name,seq) values (?,?,?,?,?,default)
    Hibernate: insert into ft_participants (draft_order,fantasy_game_seq,player_id,preferred_team,team_name,seq) values (?,?,?,?,?,default)
    Hibernate: insert into ft_participants (draft_order,fantasy_game_seq,player_id,preferred_team,team_name,seq) values (?,?,?,?,?,default)
    Hibernate: insert into ft_participants (draft_order,fantasy_game_seq,player_id,preferred_team,team_name,seq) values (?,?,?,?,?,default)
    Hibernate: insert into ft_participants (draft_order,fantasy_game_seq,player_id,preferred_team,team_name,seq) values (?,?,?,?,?,default)
    Hibernate: insert into ft_participants (draft_order,fantasy_game_seq,player_id,preferred_team,team_name,seq) values (?,?,?,?,?,default)
    Hibernate: insert into ft_participants (draft_order,fantasy_game_seq,player_id,preferred_team,team_name,seq) values (?,?,?,?,?,default)
    Hibernate: insert into ft_participants (draft_order,fantasy_game_seq,player_id,preferred_team,team_name,seq) values (?,?,?,?,?,default)
    Hibernate: insert into ft_participants (draft_order,fantasy_game_seq,player_id,preferred_team,team_name,seq) values (?,?,?,?,?,default)
    Hibernate: insert into ft_participants (draft_order,fantasy_game_seq,player_id,preferred_team,team_name,seq) values (?,?,?,?,?,default)
    Hibernate: insert into ft_participants (draft_order,fantasy_game_seq,player_id,preferred_team,team_name,seq) values (?,?,?,?,?,default)
    Hibernate: insert into ft_participants (draft_order,fantasy_game_seq,player_id,preferred_team,team_name,seq) values (?,?,?,?,?,default)
    Hibernate: insert into ft_participants (draft_order,fantasy_game_seq,player_id,preferred_team,team_name,seq) values (?,?,?,?,?,default)
    Hibernate: insert into ft_participants (draft_order,fantasy_game_seq,player_id,preferred_team,team_name,seq) values (?,?,?,?,?,default)
    Hibernate: insert into ft_participants (draft_order,fantasy_game_seq,player_id,preferred_team,team_name,seq) values (?,?,?,?,?,default)
    Hibernate: insert into ft_participants (draft_order,fantasy_game_seq,player_id,preferred_team,team_name,seq) values (?,?,?,?,?,default)
    Hibernate: insert into ft_participants (draft_order,fantasy_game_seq,player_id,preferred_team,team_name,seq) values (?,?,?,?,?,default)
    Hibernate: insert into ft_participants (draft_order,fantasy_game_seq,player_id,preferred_team,team_name,seq) values (?,?,?,?,?,default)
    Hibernate: insert into ft_participants (draft_order,fantasy_game_seq,player_id,preferred_team,team_name,seq) values (?,?,?,?,?,default)
    Hibernate: insert into ft_participants (draft_order,fantasy_game_seq,player_id,preferred_team,team_name,seq) values (?,?,?,?,?,default)
    Hibernate: insert into ft_participants (draft_order,fantasy_game_seq,player_id,preferred_team,team_name,seq) values (?,?,?,?,?,default)
    Hibernate: insert into ft_participants (draft_order,fantasy_game_seq,player_id,preferred_team,team_name,seq) values (?,?,?,?,?,default)
    Hibernate: insert into ft_participants (draft_order,fantasy_game_seq,player_id,preferred_team,team_name,seq) values (?,?,?,?,?,default)
    Hibernate: insert into ft_participants (draft_order,fantasy_game_seq,player_id,preferred_team,team_name,seq) values (?,?,?,?,?,default)
    Hibernate: insert into ft_participants (draft_order,fantasy_game_seq,player_id,preferred_team,team_name,seq) values (?,?,?,?,?,default)
    Hibernate: insert into ft_participants (draft_order,fantasy_game_seq,player_id,preferred_team,team_name,seq) values (?,?,?,?,?,default)
    Hibernate: insert into ft_participants (draft_order,fantasy_game_seq,player_id,preferred_team,team_name,seq) values (?,?,?,?,?,default)
    Hibernate: insert into ft_participants (draft_order,fantasy_game_seq,player_id,preferred_team,team_name,seq) values (?,?,?,?,?,default)
    Hibernate: insert into ft_participants (draft_order,fantasy_game_seq,player_id,preferred_team,team_name,seq) values (?,?,?,?,?,default)
    Hibernate: insert into ft_participants (draft_order,fantasy_game_seq,player_id,preferred_team,team_name,seq) values (?,?,?,?,?,default)
    Hibernate: insert into ft_participants (draft_order,fantasy_game_seq,player_id,preferred_team,team_name,seq) values (?,?,?,?,?,default)
    Hibernate: insert into ft_participants (draft_order,fantasy_game_seq,player_id,preferred_team,team_name,seq) values (?,?,?,?,?,default)
    Hibernate: insert into ft_participants (draft_order,fantasy_game_seq,player_id,preferred_team,team_name,seq) values (?,?,?,?,?,default)
    Hibernate: insert into ft_participants (draft_order,fantasy_game_seq,player_id,preferred_team,team_name,seq) values (?,?,?,?,?,default)
    Hibernate: insert into ft_participants (draft_order,fantasy_game_seq,player_id,preferred_team,team_name,seq) values (?,?,?,?,?,default)
    Hibernate: insert into ft_participants (draft_order,fantasy_game_seq,player_id,preferred_team,team_name,seq) values (?,?,?,?,?,default)
    Hibernate: insert into ft_participants (draft_order,fantasy_game_seq,player_id,preferred_team,team_name,seq) values (?,?,?,?,?,default)
    Hibernate: insert into ft_participants (draft_order,fantasy_game_seq,player_id,preferred_team,team_name,seq) values (?,?,?,?,?,default)
    Hibernate: insert into ft_participants (draft_order,fantasy_game_seq,player_id,preferred_team,team_name,seq) values (?,?,?,?,?,default)
    Hibernate: insert into ft_participants (draft_order,fantasy_game_seq,player_id,preferred_team,team_name,seq) values (?,?,?,?,?,default)
    Hibernate: insert into ft_participants (draft_order,fantasy_game_seq,player_id,preferred_team,team_name,seq) values (?,?,?,?,?,default)
    Hibernate: insert into ft_participants (draft_order,fantasy_game_seq,player_id,preferred_team,team_name,seq) values (?,?,?,?,?,default)
    Hibernate: insert into ft_participants (draft_order,fantasy_game_seq,player_id,preferred_team,team_name,seq) values (?,?,?,?,?,default)
    Hibernate: insert into ft_participants (draft_order,fantasy_game_seq,player_id,preferred_team,team_name,seq) values (?,?,?,?,?,default)
    Hibernate: insert into ft_participants (draft_order,fantasy_game_seq,player_id,preferred_team,team_name,seq) values (?,?,?,?,?,default)
    Hibernate: insert into ft_participants (draft_order,fantasy_game_seq,player_id,preferred_team,team_name,seq) values (?,?,?,?,?,default)
    Hibernate: insert into ft_participants (draft_order,fantasy_game_seq,player_id,preferred_team,team_name,seq) values (?,?,?,?,?,default)
    Hibernate: insert into ft_participants (draft_order,fantasy_game_seq,player_id,preferred_team,team_name,seq) values (?,?,?,?,?,default)
    Hibernate: insert into ft_participants (draft_order,fantasy_game_seq,player_id,preferred_team,team_name,seq) values (?,?,?,?,?,default)
    Hibernate: insert into ft_participants (draft_order,fantasy_game_seq,player_id,preferred_team,team_name,seq) values (?,?,?,?,?,default)
    Hibernate: insert into ft_participants (draft_order,fantasy_game_seq,player_id,preferred_team,team_name,seq) values (?,?,?,?,?,default)
    Hibernate: insert into ft_participants (draft_order,fantasy_game_seq,player_id,preferred_team,team_name,seq) values (?,?,?,?,?,default)
    Hibernate: insert into ft_participants (draft_order,fantasy_game_seq,player_id,preferred_team,team_name,seq) values (?,?,?,?,?,default)
    Hibernate: insert into ft_participants (draft_order,fantasy_game_seq,player_id,preferred_team,team_name,seq) values (?,?,?,?,?,default)
    Hibernate: insert into ft_participants (draft_order,fantasy_game_seq,player_id,preferred_team,team_name,seq) values (?,?,?,?,?,default)
    Hibernate: insert into ft_participants (draft_order,fantasy_game_seq,player_id,preferred_team,team_name,seq) values (?,?,?,?,?,default)
    Hibernate: insert into ft_participants (draft_order,fantasy_game_seq,player_id,preferred_team,team_name,seq) values (?,?,?,?,?,default)
    Hibernate: insert into ft_participants (draft_order,fantasy_game_seq,player_id,preferred_team,team_name,seq) values (?,?,?,?,?,default)
    Hibernate: insert into ft_participants (draft_order,fantasy_game_seq,player_id,preferred_team,team_name,seq) values (?,?,?,?,?,default)
    Hibernate: insert into ft_participants (draft_order,fantasy_game_seq,player_id,preferred_team,team_name,seq) values (?,?,?,?,?,default)
    Hibernate: insert into ft_participants (draft_order,fantasy_game_seq,player_id,preferred_team,team_name,seq) values (?,?,?,?,?,default)
    Hibernate: insert into ft_participants (draft_order,fantasy_game_seq,player_id,preferred_team,team_name,seq) values (?,?,?,?,?,default)
    Hibernate: insert into ft_participants (draft_order,fantasy_game_seq,player_id,preferred_team,team_name,seq) values (?,?,?,?,?,default)
    Hibernate: insert into ft_participants (draft_order,fantasy_game_seq,player_id,preferred_team,team_name,seq) values (?,?,?,?,?,default)
    Hibernate: insert into ft_participants (draft_order,fantasy_game_seq,player_id,preferred_team,team_name,seq) values (?,?,?,?,?,default)
    Hibernate: insert into ft_participants (draft_order,fantasy_game_seq,player_id,preferred_team,team_name,seq) values (?,?,?,?,?,default)
    Hibernate: insert into ft_participants (draft_order,fantasy_game_seq,player_id,preferred_team,team_name,seq) values (?,?,?,?,?,default)
    Hibernate: insert into ft_participants (draft_order,fantasy_game_seq,player_id,preferred_team,team_name,seq) values (?,?,?,?,?,default)
    Hibernate: insert into ft_participants (draft_order,fantasy_game_seq,player_id,preferred_team,team_name,seq) values (?,?,?,?,?,default)
    Hibernate: insert into ft_participants (draft_order,fantasy_game_seq,player_id,preferred_team,team_name,seq) values (?,?,?,?,?,default)
    Hibernate: insert into ft_participants (draft_order,fantasy_game_seq,player_id,preferred_team,team_name,seq) values (?,?,?,?,?,default)
    Hibernate: insert into ft_participants (draft_order,fantasy_game_seq,player_id,preferred_team,team_name,seq) values (?,?,?,?,?,default)
    Hibernate: insert into ft_participants (draft_order,fantasy_game_seq,player_id,preferred_team,team_name,seq) values (?,?,?,?,?,default)
    Hibernate: insert into ft_participants (draft_order,fantasy_game_seq,player_id,preferred_team,team_name,seq) values (?,?,?,?,?,default)
    Hibernate: insert into ft_participants (draft_order,fantasy_game_seq,player_id,preferred_team,team_name,seq) values (?,?,?,?,?,default)
    Hibernate: insert into ft_participants (draft_order,fantasy_game_seq,player_id,preferred_team,team_name,seq) values (?,?,?,?,?,default)
    Hibernate: insert into ft_participants (draft_order,fantasy_game_seq,player_id,preferred_team,team_name,seq) values (?,?,?,?,?,default)
    Hibernate: insert into ft_participants (draft_order,fantasy_game_seq,player_id,preferred_team,team_name,seq) values (?,?,?,?,?,default)
    Hibernate: insert into ft_participants (draft_order,fantasy_game_seq,player_id,preferred_team,team_name,seq) values (?,?,?,?,?,default)
    Hibernate: insert into ft_participants (draft_order,fantasy_game_seq,player_id,preferred_team,team_name,seq) values (?,?,?,?,?,default)
    Hibernate: insert into ft_participants (draft_order,fantasy_game_seq,player_id,preferred_team,team_name,seq) values (?,?,?,?,?,default)
    Hibernate: insert into ft_participants (draft_order,fantasy_game_seq,player_id,preferred_team,team_name,seq) values (?,?,?,?,?,default)
    Hibernate: insert into ft_participants (draft_order,fantasy_game_seq,player_id,preferred_team,team_name,seq) values (?,?,?,?,?,default)
    Hibernate: insert into ft_participants (draft_order,fantasy_game_seq,player_id,preferred_team,team_name,seq) values (?,?,?,?,?,default)
    Hibernate: insert into ft_participants (draft_order,fantasy_game_seq,player_id,preferred_team,team_name,seq) values (?,?,?,?,?,default)
    Hibernate: insert into ft_participants (draft_order,fantasy_game_seq,player_id,preferred_team,team_name,seq) values (?,?,?,?,?,default)
    Hibernate: insert into ft_participants (draft_order,fantasy_game_seq,player_id,preferred_team,team_name,seq) values (?,?,?,?,?,default)
    Hibernate: insert into ft_participants (draft_order,fantasy_game_seq,player_id,preferred_team,team_name,seq) values (?,?,?,?,?,default)
    Hibernate: insert into ft_participants (draft_order,fantasy_game_seq,player_id,preferred_team,team_name,seq) values (?,?,?,?,?,default)
    Hibernate: insert into ft_participants (draft_order,fantasy_game_seq,player_id,preferred_team,team_name,seq) values (?,?,?,?,?,default)
    Hibernate: insert into ft_participants (draft_order,fantasy_game_seq,player_id,preferred_team,team_name,seq) values (?,?,?,?,?,default)
    Hibernate: insert into ft_participants (draft_order,fantasy_game_seq,player_id,preferred_team,team_name,seq) values (?,?,?,?,?,default)
    Hibernate: insert into ft_participants (draft_order,fantasy_game_seq,player_id,preferred_team,team_name,seq) values (?,?,?,?,?,default)
    Hibernate: insert into ft_participants (draft_order,fantasy_game_seq,player_id,preferred_team,team_name,seq) values (?,?,?,?,?,default)
    Hibernate: insert into ft_participants (draft_order,fantasy_game_seq,player_id,preferred_team,team_name,seq) values (?,?,?,?,?,default)
    Hibernate: insert into ft_participants (draft_order,fantasy_game_seq,player_id,preferred_team,team_name,seq) values (?,?,?,?,?,default)
    Hibernate: insert into ft_participants (draft_order,fantasy_game_seq,player_id,preferred_team,team_name,seq) values (?,?,?,?,?,default)
    Hibernate: insert into ft_participants (draft_order,fantasy_game_seq,player_id,preferred_team,team_name,seq) values (?,?,?,?,?,default)
    Hibernate: insert into ft_participants (draft_order,fantasy_game_seq,player_id,preferred_team,team_name,seq) values (?,?,?,?,?,default)
    Hibernate: insert into ft_participants (draft_order,fantasy_game_seq,player_id,preferred_team,team_name,seq) values (?,?,?,?,?,default)
    Hibernate: insert into ft_participants (draft_order,fantasy_game_seq,player_id,preferred_team,team_name,seq) values (?,?,?,?,?,default)
    Hibernate: insert into ft_participants (draft_order,fantasy_game_seq,player_id,preferred_team,team_name,seq) values (?,?,?,?,?,default)
    Hibernate: insert into ft_participants (draft_order,fantasy_game_seq,player_id,preferred_team,team_name,seq) values (?,?,?,?,?,default)
    Hibernate: insert into ft_participants (draft_order,fantasy_game_seq,player_id,preferred_team,team_name,seq) values (?,?,?,?,?,default)
    Hibernate: insert into ft_participants (draft_order,fantasy_game_seq,player_id,preferred_team,team_name,seq) values (?,?,?,?,?,default)
    Hibernate: insert into ft_participants (draft_order,fantasy_game_seq,player_id,preferred_team,team_name,seq) values (?,?,?,?,?,default)
    Hibernate: insert into ft_participants (draft_order,fantasy_game_seq,player_id,preferred_team,team_name,seq) values (?,?,?,?,?,default)
    Hibernate: insert into ft_participants (draft_order,fantasy_game_seq,player_id,preferred_team,team_name,seq) values (?,?,?,?,?,default)
    Hibernate: insert into ft_participants (draft_order,fantasy_game_seq,player_id,preferred_team,team_name,seq) values (?,?,?,?,?,default)
    Hibernate: insert into ft_participants (draft_order,fantasy_game_seq,player_id,preferred_team,team_name,seq) values (?,?,?,?,?,default)
    Hibernate: insert into ft_participants (draft_order,fantasy_game_seq,player_id,preferred_team,team_name,seq) values (?,?,?,?,?,default)
    Hibernate: insert into ft_participants (draft_order,fantasy_game_seq,player_id,preferred_team,team_name,seq) values (?,?,?,?,?,default)
    Hibernate: insert into ft_participants (draft_order,fantasy_game_seq,player_id,preferred_team,team_name,seq) values (?,?,?,?,?,default)
    Hibernate: insert into ft_participants (draft_order,fantasy_game_seq,player_id,preferred_team,team_name,seq) values (?,?,?,?,?,default)
    Hibernate: insert into ft_participants (draft_order,fantasy_game_seq,player_id,preferred_team,team_name,seq) values (?,?,?,?,?,default)
    Hibernate: insert into ft_participants (draft_order,fantasy_game_seq,player_id,preferred_team,team_name,seq) values (?,?,?,?,?,default)
    Hibernate: insert into ft_participants (draft_order,fantasy_game_seq,player_id,preferred_team,team_name,seq) values (?,?,?,?,?,default)
    Hibernate: insert into ft_participants (draft_order,fantasy_game_seq,player_id,preferred_team,team_name,seq) values (?,?,?,?,?,default)
    Hibernate: insert into ft_participants (draft_order,fantasy_game_seq,player_id,preferred_team,team_name,seq) values (?,?,?,?,?,default)
    Hibernate: insert into ft_participants (draft_order,fantasy_game_seq,player_id,preferred_team,team_name,seq) values (?,?,?,?,?,default)
    Hibernate: insert into ft_participants (draft_order,fantasy_game_seq,player_id,preferred_team,team_name,seq) values (?,?,?,?,?,default)
    Hibernate: insert into ft_participants (draft_order,fantasy_game_seq,player_id,preferred_team,team_name,seq) values (?,?,?,?,?,default)
    Hibernate: insert into ft_participants (draft_order,fantasy_game_seq,player_id,preferred_team,team_name,seq) values (?,?,?,?,?,default)
    Hibernate: insert into ft_participants (draft_order,fantasy_game_seq,player_id,preferred_team,team_name,seq) values (?,?,?,?,?,default)
    Hibernate: insert into ft_participants (draft_order,fantasy_game_seq,player_id,preferred_team,team_name,seq) values (?,?,?,?,?,default)
    Hibernate: insert into ft_participants (draft_order,fantasy_game_seq,player_id,preferred_team,team_name,seq) values (?,?,?,?,?,default)
    Hibernate: insert into ft_participants (draft_order,fantasy_game_seq,player_id,preferred_team,team_name,seq) values (?,?,?,?,?,default)
    Hibernate: insert into ft_participants (draft_order,fantasy_game_seq,player_id,preferred_team,team_name,seq) values (?,?,?,?,?,default)
    Hibernate: insert into ft_participants (draft_order,fantasy_game_seq,player_id,preferred_team,team_name,seq) values (?,?,?,?,?,default)
    Hibernate: insert into ft_participants (draft_order,fantasy_game_seq,player_id,preferred_team,team_name,seq) values (?,?,?,?,?,default)
    Hibernate: insert into ft_participants (draft_order,fantasy_game_seq,player_id,preferred_team,team_name,seq) values (?,?,?,?,?,default)
    Hibernate: insert into ft_participants (draft_order,fantasy_game_seq,player_id,preferred_team,team_name,seq) values (?,?,?,?,?,default)
    Hibernate: insert into ft_participants (draft_order,fantasy_game_seq,player_id,preferred_team,team_name,seq) values (?,?,?,?,?,default)
    Hibernate: insert into ft_participants (draft_order,fantasy_game_seq,player_id,preferred_team,team_name,seq) values (?,?,?,?,?,default)
    Hibernate: insert into ft_participants (draft_order,fantasy_game_seq,player_id,preferred_team,team_name,seq) values (?,?,?,?,?,default)
    Hibernate: insert into ft_participants (draft_order,fantasy_game_seq,player_id,preferred_team,team_name,seq) values (?,?,?,?,?,default)
    Hibernate: insert into ft_participants (draft_order,fantasy_game_seq,player_id,preferred_team,team_name,seq) values (?,?,?,?,?,default)
    Hibernate: insert into ft_participants (draft_order,fantasy_game_seq,player_id,preferred_team,team_name,seq) values (?,?,?,?,?,default)
    Hibernate: insert into ft_participants (draft_order,fantasy_game_seq,player_id,preferred_team,team_name,seq) values (?,?,?,?,?,default)
    Hibernate: insert into ft_participants (draft_order,fantasy_game_seq,player_id,preferred_team,team_name,seq) values (?,?,?,?,?,default)
    Hibernate: insert into ft_participants (draft_order,fantasy_game_seq,player_id,preferred_team,team_name,seq) values (?,?,?,?,?,default)
    Hibernate: insert into ft_participants (draft_order,fantasy_game_seq,player_id,preferred_team,team_name,seq) values (?,?,?,?,?,default)
    Hibernate: insert into ft_participants (draft_order,fantasy_game_seq,player_id,preferred_team,team_name,seq) values (?,?,?,?,?,default)
    Hibernate: insert into ft_participants (draft_order,fantasy_game_seq,player_id,preferred_team,team_name,seq) values (?,?,?,?,?,default)
    Hibernate: insert into ft_participants (draft_order,fantasy_game_seq,player_id,preferred_team,team_name,seq) values (?,?,?,?,?,default)
    Hibernate: insert into ft_participants (draft_order,fantasy_game_seq,player_id,preferred_team,team_name,seq) values (?,?,?,?,?,default)
    Hibernate: insert into ft_participants (draft_order,fantasy_game_seq,player_id,preferred_team,team_name,seq) values (?,?,?,?,?,default)
    Hibernate: insert into ft_participants (draft_order,fantasy_game_seq,player_id,preferred_team,team_name,seq) values (?,?,?,?,?,default)
    Hibernate: insert into ft_participants (draft_order,fantasy_game_seq,player_id,preferred_team,team_name,seq) values (?,?,?,?,?,default)
    Hibernate: insert into ft_participants (draft_order,fantasy_game_seq,player_id,preferred_team,team_name,seq) values (?,?,?,?,?,default)
    Hibernate: insert into ft_participants (draft_order,fantasy_game_seq,player_id,preferred_team,team_name,seq) values (?,?,?,?,?,default)
    Hibernate: insert into ft_participants (draft_order,fantasy_game_seq,player_id,preferred_team,team_name,seq) values (?,?,?,?,?,default)
    Hibernate: insert into ft_participants (draft_order,fantasy_game_seq,player_id,preferred_team,team_name,seq) values (?,?,?,?,?,default)
    Hibernate: insert into ft_participants (draft_order,fantasy_game_seq,player_id,preferred_team,team_name,seq) values (?,?,?,?,?,default)
    Hibernate: insert into ft_participants (draft_order,fantasy_game_seq,player_id,preferred_team,team_name,seq) values (?,?,?,?,?,default)
    Hibernate: insert into ft_participants (draft_order,fantasy_game_seq,player_id,preferred_team,team_name,seq) values (?,?,?,?,?,default)
    Hibernate: insert into ft_participants (draft_order,fantasy_game_seq,player_id,preferred_team,team_name,seq) values (?,?,?,?,?,default)
    Hibernate: insert into ft_participants (draft_order,fantasy_game_seq,player_id,preferred_team,team_name,seq) values (?,?,?,?,?,default)
    Hibernate: insert into ft_participants (draft_order,fantasy_game_seq,player_id,preferred_team,team_name,seq) values (?,?,?,?,?,default)
    Hibernate: insert into ft_participants (draft_order,fantasy_game_seq,player_id,preferred_team,team_name,seq) values (?,?,?,?,?,default)
    Hibernate: insert into ft_participants (draft_order,fantasy_game_seq,player_id,preferred_team,team_name,seq) values (?,?,?,?,?,default)
    Hibernate: insert into ft_participants (draft_order,fantasy_game_seq,player_id,preferred_team,team_name,seq) values (?,?,?,?,?,default)
    Hibernate: insert into ft_participants (draft_order,fantasy_game_seq,player_id,preferred_team,team_name,seq) values (?,?,?,?,?,default)
    Hibernate: insert into ft_participants (draft_order,fantasy_game_seq,player_id,preferred_team,team_name,seq) values (?,?,?,?,?,default)
    Hibernate: insert into ft_participants (draft_order,fantasy_game_seq,player_id,preferred_team,team_name,seq) values (?,?,?,?,?,default)
    Hibernate: insert into ft_participants (draft_order,fantasy_game_seq,player_id,preferred_team,team_name,seq) values (?,?,?,?,?,default)
    Hibernate: insert into ft_participants (draft_order,fantasy_game_seq,player_id,preferred_team,team_name,seq) values (?,?,?,?,?,default)
    Hibernate: insert into ft_participants (draft_order,fantasy_game_seq,player_id,preferred_team,team_name,seq) values (?,?,?,?,?,default)
    Hibernate: insert into ft_participants (draft_order,fantasy_game_seq,player_id,preferred_team,team_name,seq) values (?,?,?,?,?,default)
    Hibernate: insert into ft_participants (draft_order,fantasy_game_seq,player_id,preferred_team,team_name,seq) values (?,?,?,?,?,default)
    Hibernate: insert into ft_participants (draft_order,fantasy_game_seq,player_id,preferred_team,team_name,seq) values (?,?,?,?,?,default)
    Hibernate: insert into ft_participants (draft_order,fantasy_game_seq,player_id,preferred_team,team_name,seq) values (?,?,?,?,?,default)
    Hibernate: insert into ft_participants (draft_order,fantasy_game_seq,player_id,preferred_team,team_name,seq) values (?,?,?,?,?,default)
    Hibernate: insert into ft_participants (draft_order,fantasy_game_seq,player_id,preferred_team,team_name,seq) values (?,?,?,?,?,default)
    Hibernate: insert into ft_participants (draft_order,fantasy_game_seq,player_id,preferred_team,team_name,seq) values (?,?,?,?,?,default)
    Hibernate: insert into ft_participants (draft_order,fantasy_game_seq,player_id,preferred_team,team_name,seq) values (?,?,?,?,?,default)
    Hibernate: insert into ft_participants (draft_order,fantasy_game_seq,player_id,preferred_team,team_name,seq) values (?,?,?,?,?,default)
    Hibernate: insert into ft_participants (draft_order,fantasy_game_seq,player_id,preferred_team,team_name,seq) values (?,?,?,?,?,default)
    Hibernate: insert into ft_participants (draft_order,fantasy_game_seq,player_id,preferred_team,team_name,seq) values (?,?,?,?,?,default)
    Hibernate: insert into ft_participants (draft_order,fantasy_game_seq,player_id,preferred_team,team_name,seq) values (?,?,?,?,?,default)
    Hibernate: insert into ft_participants (draft_order,fantasy_game_seq,player_id,preferred_team,team_name,seq) values (?,?,?,?,?,default)
    Hibernate: insert into ft_participants (draft_order,fantasy_game_seq,player_id,preferred_team,team_name,seq) values (?,?,?,?,?,default)
    Hibernate: insert into ft_participants (draft_order,fantasy_game_seq,player_id,preferred_team,team_name,seq) values (?,?,?,?,?,default)
    Hibernate: insert into ft_participants (draft_order,fantasy_game_seq,player_id,preferred_team,team_name,seq) values (?,?,?,?,?,default)
    Hibernate: insert into ft_participants (draft_order,fantasy_game_seq,player_id,preferred_team,team_name,seq) values (?,?,?,?,?,default)
    Hibernate: insert into ft_participants (draft_order,fantasy_game_seq,player_id,preferred_team,team_name,seq) values (?,?,?,?,?,default)
    Hibernate: insert into ft_participants (draft_order,fantasy_game_seq,player_id,preferred_team,team_name,seq) values (?,?,?,?,?,default)
    Hibernate: insert into ft_participants (draft_order,fantasy_game_seq,player_id,preferred_team,team_name,seq) values (?,?,?,?,?,default)
    Hibernate: insert into ft_participants (draft_order,fantasy_game_seq,player_id,preferred_team,team_name,seq) values (?,?,?,?,?,default)
    Hibernate: insert into ft_participants (draft_order,fantasy_game_seq,player_id,preferred_team,team_name,seq) values (?,?,?,?,?,default)
    Hibernate: insert into ft_participants (draft_order,fantasy_game_seq,player_id,preferred_team,team_name,seq) values (?,?,?,?,?,default)
    Hibernate: insert into ft_participants (draft_order,fantasy_game_seq,player_id,preferred_team,team_name,seq) values (?,?,?,?,?,default)
    Hibernate: insert into ft_participants (draft_order,fantasy_game_seq,player_id,preferred_team,team_name,seq) values (?,?,?,?,?,default)
    Hibernate: insert into ft_participants (draft_order,fantasy_game_seq,player_id,preferred_team,team_name,seq) values (?,?,?,?,?,default)
    Hibernate: insert into ft_participants (draft_order,fantasy_game_seq,player_id,preferred_team,team_name,seq) values (?,?,?,?,?,default)
    Hibernate: insert into ft_participants (draft_order,fantasy_game_seq,player_id,preferred_team,team_name,seq) values (?,?,?,?,?,default)
    Hibernate: insert into ft_participants (draft_order,fantasy_game_seq,player_id,preferred_team,team_name,seq) values (?,?,?,?,?,default)
    Hibernate: insert into ft_participants (draft_order,fantasy_game_seq,player_id,preferred_team,team_name,seq) values (?,?,?,?,?,default)
    Hibernate: insert into ft_participants (draft_order,fantasy_game_seq,player_id,preferred_team,team_name,seq) values (?,?,?,?,?,default)
    Hibernate: insert into ft_participants (draft_order,fantasy_game_seq,player_id,preferred_team,team_name,seq) values (?,?,?,?,?,default)
    Hibernate: insert into ft_participants (draft_order,fantasy_game_seq,player_id,preferred_team,team_name,seq) values (?,?,?,?,?,default)
    Hibernate: insert into ft_participants (draft_order,fantasy_game_seq,player_id,preferred_team,team_name,seq) values (?,?,?,?,?,default)
    Hibernate: insert into ft_participants (draft_order,fantasy_game_seq,player_id,preferred_team,team_name,seq) values (?,?,?,?,?,default)
    Hibernate: insert into ft_participants (draft_order,fantasy_game_seq,player_id,preferred_team,team_name,seq) values (?,?,?,?,?,default)
    Hibernate: insert into ft_participants (draft_order,fantasy_game_seq,player_id,preferred_team,team_name,seq) values (?,?,?,?,?,default)
    Hibernate: insert into ft_participants (draft_order,fantasy_game_seq,player_id,preferred_team,team_name,seq) values (?,?,?,?,?,default)
    Hibernate: insert into ft_participants (draft_order,fantasy_game_seq,player_id,preferred_team,team_name,seq) values (?,?,?,?,?,default)
    Hibernate: insert into ft_participants (draft_order,fantasy_game_seq,player_id,preferred_team,team_name,seq) values (?,?,?,?,?,default)
    Hibernate: insert into ft_participants (draft_order,fantasy_game_seq,player_id,preferred_team,team_name,seq) values (?,?,?,?,?,default)
    Hibernate: insert into ft_participants (draft_order,fantasy_game_seq,player_id,preferred_team,team_name,seq) values (?,?,?,?,?,default)
    Hibernate: insert into ft_participants (draft_order,fantasy_game_seq,player_id,preferred_team,team_name,seq) values (?,?,?,?,?,default)
    Hibernate: insert into ft_participants (draft_order,fantasy_game_seq,player_id,preferred_team,team_name,seq) values (?,?,?,?,?,default)
    Hibernate: insert into ft_participants (draft_order,fantasy_game_seq,player_id,preferred_team,team_name,seq) values (?,?,?,?,?,default)
    Hibernate: insert into ft_participants (draft_order,fantasy_game_seq,player_id,preferred_team,team_name,seq) values (?,?,?,?,?,default)
    Hibernate: insert into ft_participants (draft_order,fantasy_game_seq,player_id,preferred_team,team_name,seq) values (?,?,?,?,?,default)
    Hibernate: insert into ft_participants (draft_order,fantasy_game_seq,player_id,preferred_team,team_name,seq) values (?,?,?,?,?,default)
    Hibernate: insert into ft_participants (draft_order,fantasy_game_seq,player_id,preferred_team,team_name,seq) values (?,?,?,?,?,default)
    Hibernate: insert into ft_participants (draft_order,fantasy_game_seq,player_id,preferred_team,team_name,seq) values (?,?,?,?,?,default)
    Hibernate: insert into ft_participants (draft_order,fantasy_game_seq,player_id,preferred_team,team_name,seq) values (?,?,?,?,?,default)
    Hibernate: insert into ft_participants (draft_order,fantasy_game_seq,player_id,preferred_team,team_name,seq) values (?,?,?,?,?,default)
    Hibernate: insert into ft_participants (draft_order,fantasy_game_seq,player_id,preferred_team,team_name,seq) values (?,?,?,?,?,default)
    Hibernate: insert into ft_participants (draft_order,fantasy_game_seq,player_id,preferred_team,team_name,seq) values (?,?,?,?,?,default)
    Hibernate: insert into ft_participants (draft_order,fantasy_game_seq,player_id,preferred_team,team_name,seq) values (?,?,?,?,?,default)
    Hibernate: insert into ft_participants (draft_order,fantasy_game_seq,player_id,preferred_team,team_name,seq) values (?,?,?,?,?,default)
    Hibernate: insert into ft_participants (draft_order,fantasy_game_seq,player_id,preferred_team,team_name,seq) values (?,?,?,?,?,default)
    Hibernate: insert into ft_participants (draft_order,fantasy_game_seq,player_id,preferred_team,team_name,seq) values (?,?,?,?,?,default)
    Hibernate: insert into ft_participants (draft_order,fantasy_game_seq,player_id,preferred_team,team_name,seq) values (?,?,?,?,?,default)
    Hibernate: insert into ft_participants (draft_order,fantasy_game_seq,player_id,preferred_team,team_name,seq) values (?,?,?,?,?,default)
    Hibernate: insert into ft_participants (draft_order,fantasy_game_seq,player_id,preferred_team,team_name,seq) values (?,?,?,?,?,default)
    Hibernate: insert into ft_participants (draft_order,fantasy_game_seq,player_id,preferred_team,team_name,seq) values (?,?,?,?,?,default)
    Hibernate: insert into ft_participants (draft_order,fantasy_game_seq,player_id,preferred_team,team_name,seq) values (?,?,?,?,?,default)
    Hibernate: insert into ft_participants (draft_order,fantasy_game_seq,player_id,preferred_team,team_name,seq) values (?,?,?,?,?,default)
    Hibernate: insert into ft_participants (draft_order,fantasy_game_seq,player_id,preferred_team,team_name,seq) values (?,?,?,?,?,default)
    Hibernate: insert into ft_participants (draft_order,fantasy_game_seq,player_id,preferred_team,team_name,seq) values (?,?,?,?,?,default)
    Hibernate: insert into ft_participants (draft_order,fantasy_game_seq,player_id,preferred_team,team_name,seq) values (?,?,?,?,?,default)
    Hibernate: insert into ft_participants (draft_order,fantasy_game_seq,player_id,preferred_team,team_name,seq) values (?,?,?,?,?,default)
    Hibernate: insert into ft_participants (draft_order,fantasy_game_seq,player_id,preferred_team,team_name,seq) values (?,?,?,?,?,default)
    Hibernate: insert into ft_participants (draft_order,fantasy_game_seq,player_id,preferred_team,team_name,seq) values (?,?,?,?,?,default)
    Hibernate: insert into ft_participants (draft_order,fantasy_game_seq,player_id,preferred_team,team_name,seq) values (?,?,?,?,?,default)
    Hibernate: insert into ft_participants (draft_order,fantasy_game_seq,player_id,preferred_team,team_name,seq) values (?,?,?,?,?,default)
    Hibernate: insert into ft_participants (draft_order,fantasy_game_seq,player_id,preferred_team,team_name,seq) values (?,?,?,?,?,default)
    Hibernate: insert into ft_participants (draft_order,fantasy_game_seq,player_id,preferred_team,team_name,seq) values (?,?,?,?,?,default)
    Hibernate: insert into ft_participants (draft_order,fantasy_game_seq,player_id,preferred_team,team_name,seq) values (?,?,?,?,?,default)
    Hibernate: insert into ft_participants (draft_order,fantasy_game_seq,player_id,preferred_team,team_name,seq) values (?,?,?,?,?,default)
    Hibernate: insert into ft_participants (draft_order,fantasy_game_seq,player_id,preferred_team,team_name,seq) values (?,?,?,?,?,default)
    Hibernate: insert into ft_participants (draft_order,fantasy_game_seq,player_id,preferred_team,team_name,seq) values (?,?,?,?,?,default)
    Hibernate: insert into ft_participants (draft_order,fantasy_game_seq,player_id,preferred_team,team_name,seq) values (?,?,?,?,?,default)
    Hibernate: insert into ft_participants (draft_order,fantasy_game_seq,player_id,preferred_team,team_name,seq) values (?,?,?,?,?,default)
    Hibernate: insert into ft_participants (draft_order,fantasy_game_seq,player_id,preferred_team,team_name,seq) values (?,?,?,?,?,default)
    Hibernate: insert into ft_participants (draft_order,fantasy_game_seq,player_id,preferred_team,team_name,seq) values (?,?,?,?,?,default)
    Hibernate: insert into ft_participants (draft_order,fantasy_game_seq,player_id,preferred_team,team_name,seq) values (?,?,?,?,?,default)
    Hibernate: insert into ft_participants (draft_order,fantasy_game_seq,player_id,preferred_team,team_name,seq) values (?,?,?,?,?,default)
    Hibernate: insert into ft_participants (draft_order,fantasy_game_seq,player_id,preferred_team,team_name,seq) values (?,?,?,?,?,default)
    Hibernate: insert into ft_participants (draft_order,fantasy_game_seq,player_id,preferred_team,team_name,seq) values (?,?,?,?,?,default)
    Hibernate: insert into ft_participants (draft_order,fantasy_game_seq,player_id,preferred_team,team_name,seq) values (?,?,?,?,?,default)
    Hibernate: insert into ft_participants (draft_order,fantasy_game_seq,player_id,preferred_team,team_name,seq) values (?,?,?,?,?,default)
    Hibernate: insert into ft_participants (draft_order,fantasy_game_seq,player_id,preferred_team,team_name,seq) values (?,?,?,?,?,default)
    Hibernate: insert into ft_participants (draft_order,fantasy_game_seq,player_id,preferred_team,team_name,seq) values (?,?,?,?,?,default)
    Hibernate: insert into ft_participants (draft_order,fantasy_game_seq,player_id,preferred_team,team_name,seq) values (?,?,?,?,?,default)
    Hibernate: insert into ft_participants (draft_order,fantasy_game_seq,player_id,preferred_team,team_name,seq) values (?,?,?,?,?,default)
    Hibernate: insert into ft_participants (draft_order,fantasy_game_seq,player_id,preferred_team,team_name,seq) values (?,?,?,?,?,default)
    Hibernate: insert into ft_participants (draft_order,fantasy_game_seq,player_id,preferred_team,team_name,seq) values (?,?,?,?,?,default)
    Hibernate: insert into ft_participants (draft_order,fantasy_game_seq,player_id,preferred_team,team_name,seq) values (?,?,?,?,?,default)
    Hibernate: insert into ft_participants (draft_order,fantasy_game_seq,player_id,preferred_team,team_name,seq) values (?,?,?,?,?,default)
    Hibernate: insert into ft_participants (draft_order,fantasy_game_seq,player_id,preferred_team,team_name,seq) values (?,?,?,?,?,default)
    Hibernate: insert into ft_participants (draft_order,fantasy_game_seq,player_id,preferred_team,team_name,seq) values (?,?,?,?,?,default)
    Hibernate: insert into ft_participants (draft_order,fantasy_game_seq,player_id,preferred_team,team_name,seq) values (?,?,?,?,?,default)
    Hibernate: insert into ft_participants (draft_order,fantasy_game_seq,player_id,preferred_team,team_name,seq) values (?,?,?,?,?,default)
    Hibernate: insert into ft_participants (draft_order,fantasy_game_seq,player_id,preferred_team,team_name,seq) values (?,?,?,?,?,default)
    Hibernate: insert into ft_participants (draft_order,fantasy_game_seq,player_id,preferred_team,team_name,seq) values (?,?,?,?,?,default)
    Hibernate: insert into ft_participants (draft_order,fantasy_game_seq,player_id,preferred_team,team_name,seq) values (?,?,?,?,?,default)
    Hibernate: insert into ft_participants (draft_order,fantasy_game_seq,player_id,preferred_team,team_name,seq) values (?,?,?,?,?,default)
    Hibernate: insert into ft_participants (draft_order,fantasy_game_seq,player_id,preferred_team,team_name,seq) values (?,?,?,?,?,default)
    Hibernate: insert into ft_participants (draft_order,fantasy_game_seq,player_id,preferred_team,team_name,seq) values (?,?,?,?,?,default)
    Hibernate: insert into ft_participants (draft_order,fantasy_game_seq,player_id,preferred_team,team_name,seq) values (?,?,?,?,?,default)
    Hibernate: insert into ft_participants (draft_order,fantasy_game_seq,player_id,preferred_team,team_name,seq) values (?,?,?,?,?,default)
    Hibernate: insert into ft_participants (draft_order,fantasy_game_seq,player_id,preferred_team,team_name,seq) values (?,?,?,?,?,default)
    Hibernate: insert into ft_participants (draft_order,fantasy_game_seq,player_id,preferred_team,team_name,seq) values (?,?,?,?,?,default)
    Hibernate: insert into ft_participants (draft_order,fantasy_game_seq,player_id,preferred_team,team_name,seq) values (?,?,?,?,?,default)
    Hibernate: insert into ft_participants (draft_order,fantasy_game_seq,player_id,preferred_team,team_name,seq) values (?,?,?,?,?,default)
    Hibernate: insert into ft_participants (draft_order,fantasy_game_seq,player_id,preferred_team,team_name,seq) values (?,?,?,?,?,default)
    Hibernate: insert into ft_participants (draft_order,fantasy_game_seq,player_id,preferred_team,team_name,seq) values (?,?,?,?,?,default)
    Hibernate: insert into ft_participants (draft_order,fantasy_game_seq,player_id,preferred_team,team_name,seq) values (?,?,?,?,?,default)
    Hibernate: insert into ft_participants (draft_order,fantasy_game_seq,player_id,preferred_team,team_name,seq) values (?,?,?,?,?,default)
    Hibernate: insert into ft_participants (draft_order,fantasy_game_seq,player_id,preferred_team,team_name,seq) values (?,?,?,?,?,default)
    Hibernate: insert into ft_participants (draft_order,fantasy_game_seq,player_id,preferred_team,team_name,seq) values (?,?,?,?,?,default)
    Hibernate: insert into ft_participants (draft_order,fantasy_game_seq,player_id,preferred_team,team_name,seq) values (?,?,?,?,?,default)
    Hibernate: insert into ft_participants (draft_order,fantasy_game_seq,player_id,preferred_team,team_name,seq) values (?,?,?,?,?,default)
    Hibernate: insert into ft_participants (draft_order,fantasy_game_seq,player_id,preferred_team,team_name,seq) values (?,?,?,?,?,default)
    Hibernate: insert into ft_participants (draft_order,fantasy_game_seq,player_id,preferred_team,team_name,seq) values (?,?,?,?,?,default)
    Hibernate: insert into ft_participants (draft_order,fantasy_game_seq,player_id,preferred_team,team_name,seq) values (?,?,?,?,?,default)
    Hibernate: insert into ft_participants (draft_order,fantasy_game_seq,player_id,preferred_team,team_name,seq) values (?,?,?,?,?,default)
    Hibernate: insert into ft_participants (draft_order,fantasy_game_seq,player_id,preferred_team,team_name,seq) values (?,?,?,?,?,default)
    Hibernate: insert into ft_participants (draft_order,fantasy_game_seq,player_id,preferred_team,team_name,seq) values (?,?,?,?,?,default)
    Hibernate: insert into ft_participants (draft_order,fantasy_game_seq,player_id,preferred_team,team_name,seq) values (?,?,?,?,?,default)
    Hibernate: insert into ft_participants (draft_order,fantasy_game_seq,player_id,preferred_team,team_name,seq) values (?,?,?,?,?,default)
    Hibernate: insert into ft_participants (draft_order,fantasy_game_seq,player_id,preferred_team,team_name,seq) values (?,?,?,?,?,default)
    Hibernate: insert into ft_participants (draft_order,fantasy_game_seq,player_id,preferred_team,team_name,seq) values (?,?,?,?,?,default)
    Hibernate: insert into ft_participants (draft_order,fantasy_game_seq,player_id,preferred_team,team_name,seq) values (?,?,?,?,?,default)
    Hibernate: insert into ft_participants (draft_order,fantasy_game_seq,player_id,preferred_team,team_name,seq) values (?,?,?,?,?,default)
    Hibernate: insert into ft_participants (draft_order,fantasy_game_seq,player_id,preferred_team,team_name,seq) values (?,?,?,?,?,default)
    Hibernate: insert into ft_participants (draft_order,fantasy_game_seq,player_id,preferred_team,team_name,seq) values (?,?,?,?,?,default)
    Hibernate: insert into ft_participants (draft_order,fantasy_game_seq,player_id,preferred_team,team_name,seq) values (?,?,?,?,?,default)
    Hibernate: insert into ft_participants (draft_order,fantasy_game_seq,player_id,preferred_team,team_name,seq) values (?,?,?,?,?,default)
    Hibernate: insert into ft_participants (draft_order,fantasy_game_seq,player_id,preferred_team,team_name,seq) values (?,?,?,?,?,default)
    Hibernate: insert into ft_participants (draft_order,fantasy_game_seq,player_id,preferred_team,team_name,seq) values (?,?,?,?,?,default)
    Hibernate: insert into ft_participants (draft_order,fantasy_game_seq,player_id,preferred_team,team_name,seq) values (?,?,?,?,?,default)
    Hibernate: insert into ft_participants (draft_order,fantasy_game_seq,player_id,preferred_team,team_name,seq) values (?,?,?,?,?,default)
    Hibernate: insert into ft_participants (draft_order,fantasy_game_seq,player_id,preferred_team,team_name,seq) values (?,?,?,?,?,default)
    Hibernate: insert into ft_participants (draft_order,fantasy_game_seq,player_id,preferred_team,team_name,seq) values (?,?,?,?,?,default)
    Hibernate: insert into ft_participants (draft_order,fantasy_game_seq,player_id,preferred_team,team_name,seq) values (?,?,?,?,?,default)
    Hibernate: insert into ft_participants (draft_order,fantasy_game_seq,player_id,preferred_team,team_name,seq) values (?,?,?,?,?,default)
    Hibernate: insert into ft_participants (draft_order,fantasy_game_seq,player_id,preferred_team,team_name,seq) values (?,?,?,?,?,default)
    Hibernate: insert into ft_participants (draft_order,fantasy_game_seq,player_id,preferred_team,team_name,seq) values (?,?,?,?,?,default)
    Hibernate: insert into ft_participants (draft_order,fantasy_game_seq,player_id,preferred_team,team_name,seq) values (?,?,?,?,?,default)
    Hibernate: insert into ft_participants (draft_order,fantasy_game_seq,player_id,preferred_team,team_name,seq) values (?,?,?,?,?,default)
    Hibernate: insert into ft_participants (draft_order,fantasy_game_seq,player_id,preferred_team,team_name,seq) values (?,?,?,?,?,default)
    Hibernate: insert into ft_participants (draft_order,fantasy_game_seq,player_id,preferred_team,team_name,seq) values (?,?,?,?,?,default)
    Hibernate: insert into ft_participants (draft_order,fantasy_game_seq,player_id,preferred_team,team_name,seq) values (?,?,?,?,?,default)
    Hibernate: insert into ft_participants (draft_order,fantasy_game_seq,player_id,preferred_team,team_name,seq) values (?,?,?,?,?,default)
    Hibernate: insert into ft_participants (draft_order,fantasy_game_seq,player_id,preferred_team,team_name,seq) values (?,?,?,?,?,default)
    Hibernate: insert into ft_participants (draft_order,fantasy_game_seq,player_id,preferred_team,team_name,seq) values (?,?,?,?,?,default)
    Hibernate: insert into ft_participants (draft_order,fantasy_game_seq,player_id,preferred_team,team_name,seq) values (?,?,?,?,?,default)
    Hibernate: insert into ft_participants (draft_order,fantasy_game_seq,player_id,preferred_team,team_name,seq) values (?,?,?,?,?,default)
    Hibernate: insert into ft_participants (draft_order,fantasy_game_seq,player_id,preferred_team,team_name,seq) values (?,?,?,?,?,default)
    Hibernate: insert into ft_participants (draft_order,fantasy_game_seq,player_id,preferred_team,team_name,seq) values (?,?,?,?,?,default)
    Hibernate: insert into ft_participants (draft_order,fantasy_game_seq,player_id,preferred_team,team_name,seq) values (?,?,?,?,?,default)
    Hibernate: insert into ft_participants (draft_order,fantasy_game_seq,player_id,preferred_team,team_name,seq) values (?,?,?,?,?,default)
    Hibernate: insert into ft_participants (draft_order,fantasy_game_seq,player_id,preferred_team,team_name,seq) values (?,?,?,?,?,default)
    Hibernate: insert into ft_participants (draft_order,fantasy_game_seq,player_id,preferred_team,team_name,seq) values (?,?,?,?,?,default)
    Hibernate: insert into ft_participants (draft_order,fantasy_game_seq,player_id,preferred_team,team_name,seq) values (?,?,?,?,?,default)
    Hibernate: insert into ft_participants (draft_order,fantasy_game_seq,player_id,preferred_team,team_name,seq) values (?,?,?,?,?,default)
    Hibernate: insert into ft_participants (draft_order,fantasy_game_seq,player_id,preferred_team,team_name,seq) values (?,?,?,?,?,default)
    Hibernate: insert into ft_participants (draft_order,fantasy_game_seq,player_id,preferred_team,team_name,seq) values (?,?,?,?,?,default)
    Hibernate: insert into ft_participants (draft_order,fantasy_game_seq,player_id,preferred_team,team_name,seq) values (?,?,?,?,?,default)
    Hibernate: insert into ft_participants (draft_order,fantasy_game_seq,player_id,preferred_team,team_name,seq) values (?,?,?,?,?,default)
    Hibernate: insert into ft_participants (draft_order,fantasy_game_seq,player_id,preferred_team,team_name,seq) values (?,?,?,?,?,default)
    Hibernate: insert into ft_participants (draft_order,fantasy_game_seq,player_id,preferred_team,team_name,seq) values (?,?,?,?,?,default)
    Hibernate: insert into ft_participants (draft_order,fantasy_game_seq,player_id,preferred_team,team_name,seq) values (?,?,?,?,?,default)
    Hibernate: insert into ft_participants (draft_order,fantasy_game_seq,player_id,preferred_team,team_name,seq) values (?,?,?,?,?,default)
    Hibernate: insert into ft_participants (draft_order,fantasy_game_seq,player_id,preferred_team,team_name,seq) values (?,?,?,?,?,default)
    Hibernate: insert into ft_participants (draft_order,fantasy_game_seq,player_id,preferred_team,team_name,seq) values (?,?,?,?,?,default)
    Hibernate: insert into ft_participants (draft_order,fantasy_game_seq,player_id,preferred_team,team_name,seq) values (?,?,?,?,?,default)
    Hibernate: insert into ft_participants (draft_order,fantasy_game_seq,player_id,preferred_team,team_name,seq) values (?,?,?,?,?,default)
    Hibernate: insert into ft_participants (draft_order,fantasy_game_seq,player_id,preferred_team,team_name,seq) values (?,?,?,?,?,default)
    Hibernate: insert into ft_participants (draft_order,fantasy_game_seq,player_id,preferred_team,team_name,seq) values (?,?,?,?,?,default)
    Hibernate: insert into ft_participants (draft_order,fantasy_game_seq,player_id,preferred_team,team_name,seq) values (?,?,?,?,?,default)
    Hibernate: insert into ft_participants (draft_order,fantasy_game_seq,player_id,preferred_team,team_name,seq) values (?,?,?,?,?,default)
    Hibernate: insert into ft_participants (draft_order,fantasy_game_seq,player_id,preferred_team,team_name,seq) values (?,?,?,?,?,default)
    Hibernate: insert into ft_participants (draft_order,fantasy_game_seq,player_id,preferred_team,team_name,seq) values (?,?,?,?,?,default)
    Hibernate: insert into ft_participants (draft_order,fantasy_game_seq,player_id,preferred_team,team_name,seq) values (?,?,?,?,?,default)
    Hibernate: insert into ft_participants (draft_order,fantasy_game_seq,player_id,preferred_team,team_name,seq) values (?,?,?,?,?,default)
    Hibernate: insert into ft_participants (draft_order,fantasy_game_seq,player_id,preferred_team,team_name,seq) values (?,?,?,?,?,default)
    Hibernate: insert into ft_participants (draft_order,fantasy_game_seq,player_id,preferred_team,team_name,seq) values (?,?,?,?,?,default)
    Hibernate: insert into ft_participants (draft_order,fantasy_game_seq,player_id,preferred_team,team_name,seq) values (?,?,?,?,?,default)
    Hibernate: insert into ft_participants (draft_order,fantasy_game_seq,player_id,preferred_team,team_name,seq) values (?,?,?,?,?,default)
    Hibernate: insert into ft_participants (draft_order,fantasy_game_seq,player_id,preferred_team,team_name,seq) values (?,?,?,?,?,default)
    Hibernate: insert into ft_participants (draft_order,fantasy_game_seq,player_id,preferred_team,team_name,seq) values (?,?,?,?,?,default)
    Hibernate: insert into ft_participants (draft_order,fantasy_game_seq,player_id,preferred_team,team_name,seq) values (?,?,?,?,?,default)
    Hibernate: insert into ft_participants (draft_order,fantasy_game_seq,player_id,preferred_team,team_name,seq) values (?,?,?,?,?,default)
    Hibernate: insert into ft_participants (draft_order,fantasy_game_seq,player_id,preferred_team,team_name,seq) values (?,?,?,?,?,default)
    Hibernate: insert into ft_participants (draft_order,fantasy_game_seq,player_id,preferred_team,team_name,seq) values (?,?,?,?,?,default)
    Hibernate: insert into ft_participants (draft_order,fantasy_game_seq,player_id,preferred_team,team_name,seq) values (?,?,?,?,?,default)
    Hibernate: insert into ft_participants (draft_order,fantasy_game_seq,player_id,preferred_team,team_name,seq) values (?,?,?,?,?,default)
    Hibernate: insert into ft_participants (draft_order,fantasy_game_seq,player_id,preferred_team,team_name,seq) values (?,?,?,?,?,default)
    Hibernate: insert into ft_participants (draft_order,fantasy_game_seq,player_id,preferred_team,team_name,seq) values (?,?,?,?,?,default)
    Hibernate: insert into ft_participants (draft_order,fantasy_game_seq,player_id,preferred_team,team_name,seq) values (?,?,?,?,?,default)
    Hibernate: insert into ft_participants (draft_order,fantasy_game_seq,player_id,preferred_team,team_name,seq) values (?,?,?,?,?,default)
    Hibernate: insert into ft_participants (draft_order,fantasy_game_seq,player_id,preferred_team,team_name,seq) values (?,?,?,?,?,default)
    Hibernate: insert into ft_participants (draft_order,fantasy_game_seq,player_id,preferred_team,team_name,seq) values (?,?,?,?,?,default)
    Hibernate: insert into ft_participants (draft_order,fantasy_game_seq,player_id,preferred_team,team_name,seq) values (?,?,?,?,?,default)
    Hibernate: insert into ft_participants (draft_order,fantasy_game_seq,player_id,preferred_team,team_name,seq) values (?,?,?,?,?,default)
    Hibernate: insert into ft_participants (draft_order,fantasy_game_seq,player_id,preferred_team,team_name,seq) values (?,?,?,?,?,default)
    Hibernate: insert into ft_participants (draft_order,fantasy_game_seq,player_id,preferred_team,team_name,seq) values (?,?,?,?,?,default)
    Hibernate: insert into ft_participants (draft_order,fantasy_game_seq,player_id,preferred_team,team_name,seq) values (?,?,?,?,?,default)
    Hibernate: insert into ft_participants (draft_order,fantasy_game_seq,player_id,preferred_team,team_name,seq) values (?,?,?,?,?,default)
    Hibernate: insert into ft_participants (draft_order,fantasy_game_seq,player_id,preferred_team,team_name,seq) values (?,?,?,?,?,default)
    Hibernate: insert into ft_participants (draft_order,fantasy_game_seq,player_id,preferred_team,team_name,seq) values (?,?,?,?,?,default)
    Hibernate: insert into ft_participants (draft_order,fantasy_game_seq,player_id,preferred_team,team_name,seq) values (?,?,?,?,?,default)
    Hibernate: insert into ft_participants (draft_order,fantasy_game_seq,player_id,preferred_team,team_name,seq) values (?,?,?,?,?,default)
    Hibernate: insert into ft_participants (draft_order,fantasy_game_seq,player_id,preferred_team,team_name,seq) values (?,?,?,?,?,default)
    Hibernate: insert into ft_participants (draft_order,fantasy_game_seq,player_id,preferred_team,team_name,seq) values (?,?,?,?,?,default)
    Hibernate: insert into ft_participants (draft_order,fantasy_game_seq,player_id,preferred_team,team_name,seq) values (?,?,?,?,?,default)
    Hibernate: insert into ft_participants (draft_order,fantasy_game_seq,player_id,preferred_team,team_name,seq) values (?,?,?,?,?,default)
    Hibernate: insert into ft_participants (draft_order,fantasy_game_seq,player_id,preferred_team,team_name,seq) values (?,?,?,?,?,default)
    Hibernate: insert into ft_participants (draft_order,fantasy_game_seq,player_id,preferred_team,team_name,seq) values (?,?,?,?,?,default)
    Hibernate: insert into ft_participants (draft_order,fantasy_game_seq,player_id,preferred_team,team_name,seq) values (?,?,?,?,?,default)
    Hibernate: insert into ft_participants (draft_order,fantasy_game_seq,player_id,preferred_team,team_name,seq) values (?,?,?,?,?,default)
    Hibernate: insert into ft_participants (draft_order,fantasy_game_seq,player_id,preferred_team,team_name,seq) values (?,?,?,?,?,default)
    Hibernate: insert into ft_participants (draft_order,fantasy_game_seq,player_id,preferred_team,team_name,seq) values (?,?,?,?,?,default)
    Hibernate: insert into ft_participants (draft_order,fantasy_game_seq,player_id,preferred_team,team_name,seq) values (?,?,?,?,?,default)
    Hibernate: insert into ft_participants (draft_order,fantasy_game_seq,player_id,preferred_team,team_name,seq) values (?,?,?,?,?,default)
    Hibernate: insert into ft_participants (draft_order,fantasy_game_seq,player_id,preferred_team,team_name,seq) values (?,?,?,?,?,default)
    Hibernate: insert into ft_participants (draft_order,fantasy_game_seq,player_id,preferred_team,team_name,seq) values (?,?,?,?,?,default)
    Hibernate: insert into ft_participants (draft_order,fantasy_game_seq,player_id,preferred_team,team_name,seq) values (?,?,?,?,?,default)
    Hibernate: insert into ft_participants (draft_order,fantasy_game_seq,player_id,preferred_team,team_name,seq) values (?,?,?,?,?,default)
    Hibernate: insert into ft_participants (draft_order,fantasy_game_seq,player_id,preferred_team,team_name,seq) values (?,?,?,?,?,default)
    Hibernate: insert into ft_participants (draft_order,fantasy_game_seq,player_id,preferred_team,team_name,seq) values (?,?,?,?,?,default)
    Hibernate: insert into ft_participants (draft_order,fantasy_game_seq,player_id,preferred_team,team_name,seq) values (?,?,?,?,?,default)
    Hibernate: insert into ft_participants (draft_order,fantasy_game_seq,player_id,preferred_team,team_name,seq) values (?,?,?,?,?,default)
    Hibernate: insert into ft_participants (draft_order,fantasy_game_seq,player_id,preferred_team,team_name,seq) values (?,?,?,?,?,default)
    Hibernate: insert into ft_participants (draft_order,fantasy_game_seq,player_id,preferred_team,team_name,seq) values (?,?,?,?,?,default)
    Hibernate: insert into ft_participants (draft_order,fantasy_game_seq,player_id,preferred_team,team_name,seq) values (?,?,?,?,?,default)
    Hibernate: insert into ft_participants (draft_order,fantasy_game_seq,player_id,preferred_team,team_name,seq) values (?,?,?,?,?,default)
    Hibernate: insert into ft_participants (draft_order,fantasy_game_seq,player_id,preferred_team,team_name,seq) values (?,?,?,?,?,default)
    Hibernate: insert into ft_participants (draft_order,fantasy_game_seq,player_id,preferred_team,team_name,seq) values (?,?,?,?,?,default)
    Hibernate: insert into ft_participants (draft_order,fantasy_game_seq,player_id,preferred_team,team_name,seq) values (?,?,?,?,?,default)
    Hibernate: insert into ft_participants (draft_order,fantasy_game_seq,player_id,preferred_team,team_name,seq) values (?,?,?,?,?,default)
    Hibernate: insert into ft_participants (draft_order,fantasy_game_seq,player_id,preferred_team,team_name,seq) values (?,?,?,?,?,default)
    Hibernate: insert into ft_participants (draft_order,fantasy_game_seq,player_id,preferred_team,team_name,seq) values (?,?,?,?,?,default)
    Hibernate: insert into ft_participants (draft_order,fantasy_game_seq,player_id,preferred_team,team_name,seq) values (?,?,?,?,?,default)
    Hibernate: insert into ft_participants (draft_order,fantasy_game_seq,player_id,preferred_team,team_name,seq) values (?,?,?,?,?,default)
    Hibernate: insert into ft_participants (draft_order,fantasy_game_seq,player_id,preferred_team,team_name,seq) values (?,?,?,?,?,default)
    Hibernate: insert into ft_participants (draft_order,fantasy_game_seq,player_id,preferred_team,team_name,seq) values (?,?,?,?,?,default)
    Hibernate: insert into ft_participants (draft_order,fantasy_game_seq,player_id,preferred_team,team_name,seq) values (?,?,?,?,?,default)
    Hibernate: insert into ft_participants (draft_order,fantasy_game_seq,player_id,preferred_team,team_name,seq) values (?,?,?,?,?,default)
    Hibernate: insert into ft_participants (draft_order,fantasy_game_seq,player_id,preferred_team,team_name,seq) values (?,?,?,?,?,default)
    Hibernate: insert into ft_participants (draft_order,fantasy_game_seq,player_id,preferred_team,team_name,seq) values (?,?,?,?,?,default)
    Hibernate: insert into ft_participants (draft_order,fantasy_game_seq,player_id,preferred_team,team_name,seq) values (?,?,?,?,?,default)
    Hibernate: insert into ft_participants (draft_order,fantasy_game_seq,player_id,preferred_team,team_name,seq) values (?,?,?,?,?,default)
    Hibernate: insert into ft_participants (draft_order,fantasy_game_seq,player_id,preferred_team,team_name,seq) values (?,?,?,?,?,default)
    Hibernate: insert into ft_participants (draft_order,fantasy_game_seq,player_id,preferred_team,team_name,seq) values (?,?,?,?,?,default)
    Hibernate: insert into ft_participants (draft_order,fantasy_game_seq,player_id,preferred_team,team_name,seq) values (?,?,?,?,?,default)
    Hibernate: insert into ft_participants (draft_order,fantasy_game_seq,player_id,preferred_team,team_name,seq) values (?,?,?,?,?,default)
    Hibernate: insert into ft_participants (draft_order,fantasy_game_seq,player_id,preferred_team,team_name,seq) values (?,?,?,?,?,default)
    Hibernate: insert into ft_participants (draft_order,fantasy_game_seq,player_id,preferred_team,team_name,seq) values (?,?,?,?,?,default)
    Hibernate: insert into ft_participants (draft_order,fantasy_game_seq,player_id,preferred_team,team_name,seq) values (?,?,?,?,?,default)
    Hibernate: insert into ft_participants (draft_order,fantasy_game_seq,player_id,preferred_team,team_name,seq) values (?,?,?,?,?,default)
    Hibernate: insert into ft_participants (draft_order,fantasy_game_seq,player_id,preferred_team,team_name,seq) values (?,?,?,?,?,default)
    Hibernate: insert into ft_participants (draft_order,fantasy_game_seq,player_id,preferred_team,team_name,seq) values (?,?,?,?,?,default)
    Hibernate: insert into ft_participants (draft_order,fantasy_game_seq,player_id,preferred_team,team_name,seq) values (?,?,?,?,?,default)
    Hibernate: insert into ft_participants (draft_order,fantasy_game_seq,player_id,preferred_team,team_name,seq) values (?,?,?,?,?,default)
    Hibernate: insert into ft_participants (draft_order,fantasy_game_seq,player_id,preferred_team,team_name,seq) values (?,?,?,?,?,default)
    Hibernate: insert into ft_participants (draft_order,fantasy_game_seq,player_id,preferred_team,team_name,seq) values (?,?,?,?,?,default)
    Hibernate: insert into ft_participants (draft_order,fantasy_game_seq,player_id,preferred_team,team_name,seq) values (?,?,?,?,?,default)
    Hibernate: insert into ft_participants (draft_order,fantasy_game_seq,player_id,preferred_team,team_name,seq) values (?,?,?,?,?,default)
    Hibernate: insert into ft_participants (draft_order,fantasy_game_seq,player_id,preferred_team,team_name,seq) values (?,?,?,?,?,default)
    Hibernate: insert into ft_participants (draft_order,fantasy_game_seq,player_id,preferred_team,team_name,seq) values (?,?,?,?,?,default)
    Hibernate: insert into ft_participants (draft_order,fantasy_game_seq,player_id,preferred_team,team_name,seq) values (?,?,?,?,?,default)
    Hibernate: insert into ft_participants (draft_order,fantasy_game_seq,player_id,preferred_team,team_name,seq) values (?,?,?,?,?,default)
    Hibernate: insert into ft_participants (draft_order,fantasy_game_seq,player_id,preferred_team,team_name,seq) values (?,?,?,?,?,default)
    Hibernate: insert into ft_participants (draft_order,fantasy_game_seq,player_id,preferred_team,team_name,seq) values (?,?,?,?,?,default)
    Hibernate: insert into ft_participants (draft_order,fantasy_game_seq,player_id,preferred_team,team_name,seq) values (?,?,?,?,?,default)
    Hibernate: insert into ft_participants (draft_order,fantasy_game_seq,player_id,preferred_team,team_name,seq) values (?,?,?,?,?,default)
    Hibernate: insert into ft_participants (draft_order,fantasy_game_seq,player_id,preferred_team,team_name,seq) values (?,?,?,?,?,default)
    Hibernate: insert into ft_participants (draft_order,fantasy_game_seq,player_id,preferred_team,team_name,seq) values (?,?,?,?,?,default)
    Hibernate: insert into ft_participants (draft_order,fantasy_game_seq,player_id,preferred_team,team_name,seq) values (?,?,?,?,?,default)
    Hibernate: insert into ft_participants (draft_order,fantasy_game_seq,player_id,preferred_team,team_name,seq) values (?,?,?,?,?,default)
    Hibernate: insert into ft_participants (draft_order,fantasy_game_seq,player_id,preferred_team,team_name,seq) values (?,?,?,?,?,default)
    Hibernate: insert into ft_participants (draft_order,fantasy_game_seq,player_id,preferred_team,team_name,seq) values (?,?,?,?,?,default)
    Hibernate: insert into ft_participants (draft_order,fantasy_game_seq,player_id,preferred_team,team_name,seq) values (?,?,?,?,?,default)
    Hibernate: insert into ft_participants (draft_order,fantasy_game_seq,player_id,preferred_team,team_name,seq) values (?,?,?,?,?,default)
    Hibernate: insert into ft_participants (draft_order,fantasy_game_seq,player_id,preferred_team,team_name,seq) values (?,?,?,?,?,default)
    Hibernate: insert into ft_participants (draft_order,fantasy_game_seq,player_id,preferred_team,team_name,seq) values (?,?,?,?,?,default)
    Hibernate: insert into ft_participants (draft_order,fantasy_game_seq,player_id,preferred_team,team_name,seq) values (?,?,?,?,?,default)
    Hibernate: insert into ft_participants (draft_order,fantasy_game_seq,player_id,preferred_team,team_name,seq) values (?,?,?,?,?,default)
    Hibernate: insert into ft_participants (draft_order,fantasy_game_seq,player_id,preferred_team,team_name,seq) values (?,?,?,?,?,default)
    Hibernate: insert into ft_participants (draft_order,fantasy_game_seq,player_id,preferred_team,team_name,seq) values (?,?,?,?,?,default)
    Hibernate: insert into ft_participants (draft_order,fantasy_game_seq,player_id,preferred_team,team_name,seq) values (?,?,?,?,?,default)
    Hibernate: insert into ft_participants (draft_order,fantasy_game_seq,player_id,preferred_team,team_name,seq) values (?,?,?,?,?,default)
    Hibernate: insert into ft_participants (draft_order,fantasy_game_seq,player_id,preferred_team,team_name,seq) values (?,?,?,?,?,default)
    Hibernate: insert into ft_participants (draft_order,fantasy_game_seq,player_id,preferred_team,team_name,seq) values (?,?,?,?,?,default)
    Hibernate: insert into ft_participants (draft_order,fantasy_game_seq,player_id,preferred_team,team_name,seq) values (?,?,?,?,?,default)
    Hibernate: insert into ft_participants (draft_order,fantasy_game_seq,player_id,preferred_team,team_name,seq) values (?,?,?,?,?,default)
    Hibernate: insert into ft_participants (draft_order,fantasy_game_seq,player_id,preferred_team,team_name,seq) values (?,?,?,?,?,default)
    Hibernate: insert into ft_participants (draft_order,fantasy_game_seq,player_id,preferred_team,team_name,seq) values (?,?,?,?,?,default)
    Hibernate: insert into ft_participants (draft_order,fantasy_game_seq,player_id,preferred_team,team_name,seq) values (?,?,?,?,?,default)
    Hibernate: insert into ft_participants (draft_order,fantasy_game_seq,player_id,preferred_team,team_name,seq) values (?,?,?,?,?,default)
    Hibernate: insert into ft_participants (draft_order,fantasy_game_seq,player_id,preferred_team,team_name,seq) values (?,?,?,?,?,default)
    Hibernate: insert into ft_participants (draft_order,fantasy_game_seq,player_id,preferred_team,team_name,seq) values (?,?,?,?,?,default)
    Hibernate: insert into ft_participants (draft_order,fantasy_game_seq,player_id,preferred_team,team_name,seq) values (?,?,?,?,?,default)
    Hibernate: insert into ft_participants (draft_order,fantasy_game_seq,player_id,preferred_team,team_name,seq) values (?,?,?,?,?,default)
    Hibernate: insert into ft_participants (draft_order,fantasy_game_seq,player_id,preferred_team,team_name,seq) values (?,?,?,?,?,default)
    Hibernate: insert into ft_participants (draft_order,fantasy_game_seq,player_id,preferred_team,team_name,seq) values (?,?,?,?,?,default)
    Hibernate: insert into ft_participants (draft_order,fantasy_game_seq,player_id,preferred_team,team_name,seq) values (?,?,?,?,?,default)
    Hibernate: insert into ft_participants (draft_order,fantasy_game_seq,player_id,preferred_team,team_name,seq) values (?,?,?,?,?,default)
    Hibernate: insert into ft_participants (draft_order,fantasy_game_seq,player_id,preferred_team,team_name,seq) values (?,?,?,?,?,default)
    Hibernate: insert into ft_participants (draft_order,fantasy_game_seq,player_id,preferred_team,team_name,seq) values (?,?,?,?,?,default)
    Hibernate: insert into ft_participants (draft_order,fantasy_game_seq,player_id,preferred_team,team_name,seq) values (?,?,?,?,?,default)
    Hibernate: insert into ft_participants (draft_order,fantasy_game_seq,player_id,preferred_team,team_name,seq) values (?,?,?,?,?,default)
    Hibernate: insert into ft_participants (draft_order,fantasy_game_seq,player_id,preferred_team,team_name,seq) values (?,?,?,?,?,default)
    Hibernate: insert into ft_participants (draft_order,fantasy_game_seq,player_id,preferred_team,team_name,seq) values (?,?,?,?,?,default)
    Hibernate: insert into ft_participants (draft_order,fantasy_game_seq,player_id,preferred_team,team_name,seq) values (?,?,?,?,?,default)
    Hibernate: insert into ft_participants (draft_order,fantasy_game_seq,player_id,preferred_team,team_name,seq) values (?,?,?,?,?,default)
    Hibernate: insert into ft_participants (draft_order,fantasy_game_seq,player_id,preferred_team,team_name,seq) values (?,?,?,?,?,default)
    Hibernate: insert into ft_participants (draft_order,fantasy_game_seq,player_id,preferred_team,team_name,seq) values (?,?,?,?,?,default)
    Hibernate: insert into ft_participants (draft_order,fantasy_game_seq,player_id,preferred_team,team_name,seq) values (?,?,?,?,?,default)
    Hibernate: insert into ft_participants (draft_order,fantasy_game_seq,player_id,preferred_team,team_name,seq) values (?,?,?,?,?,default)
    Hibernate: insert into ft_participants (draft_order,fantasy_game_seq,player_id,preferred_team,team_name,seq) values (?,?,?,?,?,default)
    Hibernate: insert into ft_participants (draft_order,fantasy_game_seq,player_id,preferred_team,team_name,seq) values (?,?,?,?,?,default)
    Hibernate: insert into ft_participants (draft_order,fantasy_game_seq,player_id,preferred_team,team_name,seq) values (?,?,?,?,?,default)
    Hibernate: insert into ft_participants (draft_order,fantasy_game_seq,player_id,preferred_team,team_name,seq) values (?,?,?,?,?,default)
    Hibernate: insert into ft_participants (draft_order,fantasy_game_seq,player_id,preferred_team,team_name,seq) values (?,?,?,?,?,default)
    Hibernate: insert into ft_participants (draft_order,fantasy_game_seq,player_id,preferred_team,team_name,seq) values (?,?,?,?,?,default)
    Hibernate: insert into ft_participants (draft_order,fantasy_game_seq,player_id,preferred_team,team_name,seq) values (?,?,?,?,?,default)
    Hibernate: insert into ft_participants (draft_order,fantasy_game_seq,player_id,preferred_team,team_name,seq) values (?,?,?,?,?,default)
    Hibernate: insert into ft_participants (draft_order,fantasy_game_seq,player_id,preferred_team,team_name,seq) values (?,?,?,?,?,default)
    Hibernate: insert into ft_participants (draft_order,fantasy_game_seq,player_id,preferred_team,team_name,seq) values (?,?,?,?,?,default)
    Hibernate: insert into ft_participants (draft_order,fantasy_game_seq,player_id,preferred_team,team_name,seq) values (?,?,?,?,?,default)
    Hibernate: insert into ft_participants (draft_order,fantasy_game_seq,player_id,preferred_team,team_name,seq) values (?,?,?,?,?,default)
    Hibernate: insert into ft_participants (draft_order,fantasy_game_seq,player_id,preferred_team,team_name,seq) values (?,?,?,?,?,default)
    Hibernate: insert into ft_participants (draft_order,fantasy_game_seq,player_id,preferred_team,team_name,seq) values (?,?,?,?,?,default)
    Hibernate: insert into ft_participants (draft_order,fantasy_game_seq,player_id,preferred_team,team_name,seq) values (?,?,?,?,?,default)
    Hibernate: insert into ft_participants (draft_order,fantasy_game_seq,player_id,preferred_team,team_name,seq) values (?,?,?,?,?,default)
    Hibernate: insert into ft_participants (draft_order,fantasy_game_seq,player_id,preferred_team,team_name,seq) values (?,?,?,?,?,default)
    Hibernate: insert into ft_participants (draft_order,fantasy_game_seq,player_id,preferred_team,team_name,seq) values (?,?,?,?,?,default)
    Hibernate: insert into ft_participants (draft_order,fantasy_game_seq,player_id,preferred_team,team_name,seq) values (?,?,?,?,?,default)
    Hibernate: insert into ft_participants (draft_order,fantasy_game_seq,player_id,preferred_team,team_name,seq) values (?,?,?,?,?,default)
    Hibernate: insert into ft_participants (draft_order,fantasy_game_seq,player_id,preferred_team,team_name,seq) values (?,?,?,?,?,default)
    Hibernate: insert into ft_participants (draft_order,fantasy_game_seq,player_id,preferred_team,team_name,seq) values (?,?,?,?,?,default)
    Hibernate: insert into ft_participants (draft_order,fantasy_game_seq,player_id,preferred_team,team_name,seq) values (?,?,?,?,?,default)
    Hibernate: insert into ft_participants (draft_order,fantasy_game_seq,player_id,preferred_team,team_name,seq) values (?,?,?,?,?,default)
    Hibernate: insert into ft_participants (draft_order,fantasy_game_seq,player_id,preferred_team,team_name,seq) values (?,?,?,?,?,default)
    Hibernate: insert into ft_participants (draft_order,fantasy_game_seq,player_id,preferred_team,team_name,seq) values (?,?,?,?,?,default)
    Hibernate: insert into ft_participants (draft_order,fantasy_game_seq,player_id,preferred_team,team_name,seq) values (?,?,?,?,?,default)
    Hibernate: insert into ft_participants (draft_order,fantasy_game_seq,player_id,preferred_team,team_name,seq) values (?,?,?,?,?,default)
    Hibernate: insert into ft_participants (draft_order,fantasy_game_seq,player_id,preferred_team,team_name,seq) values (?,?,?,?,?,default)
    Hibernate: insert into ft_participants (draft_order,fantasy_game_seq,player_id,preferred_team,team_name,seq) values (?,?,?,?,?,default)
    Hibernate: insert into ft_participants (draft_order,fantasy_game_seq,player_id,preferred_team,team_name,seq) values (?,?,?,?,?,default)
    Hibernate: insert into ft_participants (draft_order,fantasy_game_seq,player_id,preferred_team,team_name,seq) values (?,?,?,?,?,default)
    Hibernate: insert into ft_participants (draft_order,fantasy_game_seq,player_id,preferred_team,team_name,seq) values (?,?,?,?,?,default)
    Hibernate: insert into ft_participants (draft_order,fantasy_game_seq,player_id,preferred_team,team_name,seq) values (?,?,?,?,?,default)
    Hibernate: insert into ft_participants (draft_order,fantasy_game_seq,player_id,preferred_team,team_name,seq) values (?,?,?,?,?,default)
    Hibernate: insert into ft_participants (draft_order,fantasy_game_seq,player_id,preferred_team,team_name,seq) values (?,?,?,?,?,default)
    Hibernate: insert into ft_participants (draft_order,fantasy_game_seq,player_id,preferred_team,team_name,seq) values (?,?,?,?,?,default)
    Hibernate: insert into ft_participants (draft_order,fantasy_game_seq,player_id,preferred_team,team_name,seq) values (?,?,?,?,?,default)
    Hibernate: insert into ft_participants (draft_order,fantasy_game_seq,player_id,preferred_team,team_name,seq) values (?,?,?,?,?,default)
    Hibernate: insert into ft_participants (draft_order,fantasy_game_seq,player_id,preferred_team,team_name,seq) values (?,?,?,?,?,default)
    Hibernate: insert into ft_participants (draft_order,fantasy_game_seq,player_id,preferred_team,team_name,seq) values (?,?,?,?,?,default)
    Hibernate: insert into ft_participants (draft_order,fantasy_game_seq,player_id,preferred_team,team_name,seq) values (?,?,?,?,?,default)
    Hibernate: insert into ft_participants (draft_order,fantasy_game_seq,player_id,preferred_team,team_name,seq) values (?,?,?,?,?,default)
    Hibernate: insert into ft_participants (draft_order,fantasy_game_seq,player_id,preferred_team,team_name,seq) values (?,?,?,?,?,default)
    Hibernate: insert into ft_participants (draft_order,fantasy_game_seq,player_id,preferred_team,team_name,seq) values (?,?,?,?,?,default)
    Hibernate: insert into ft_participants (draft_order,fantasy_game_seq,player_id,preferred_team,team_name,seq) values (?,?,?,?,?,default)
    Hibernate: insert into ft_participants (draft_order,fantasy_game_seq,player_id,preferred_team,team_name,seq) values (?,?,?,?,?,default)
    Hibernate: insert into ft_participants (draft_order,fantasy_game_seq,player_id,preferred_team,team_name,seq) values (?,?,?,?,?,default)
    Hibernate: insert into ft_participants (draft_order,fantasy_game_seq,player_id,preferred_team,team_name,seq) values (?,?,?,?,?,default)
    Hibernate: insert into ft_participants (draft_order,fantasy_game_seq,player_id,preferred_team,team_name,seq) values (?,?,?,?,?,default)
    Hibernate: insert into ft_participants (draft_order,fantasy_game_seq,player_id,preferred_team,team_name,seq) values (?,?,?,?,?,default)
    Hibernate: insert into ft_participants (draft_order,fantasy_game_seq,player_id,preferred_team,team_name,seq) values (?,?,?,?,?,default)
    Hibernate: insert into ft_participants (draft_order,fantasy_game_seq,player_id,preferred_team,team_name,seq) values (?,?,?,?,?,default)
    Hibernate: insert into ft_participants (draft_order,fantasy_game_seq,player_id,preferred_team,team_name,seq) values (?,?,?,?,?,default)
    Hibernate: insert into ft_participants (draft_order,fantasy_game_seq,player_id,preferred_team,team_name,seq) values (?,?,?,?,?,default)
    Hibernate: insert into ft_participants (draft_order,fantasy_game_seq,player_id,preferred_team,team_name,seq) values (?,?,?,?,?,default)
    Hibernate: insert into ft_participants (draft_order,fantasy_game_seq,player_id,preferred_team,team_name,seq) values (?,?,?,?,?,default)
    Hibernate: insert into ft_participants (draft_order,fantasy_game_seq,player_id,preferred_team,team_name,seq) values (?,?,?,?,?,default)
    Hibernate: insert into ft_participants (draft_order,fantasy_game_seq,player_id,preferred_team,team_name,seq) values (?,?,?,?,?,default)
    Hibernate: insert into ft_participants (draft_order,fantasy_game_seq,player_id,preferred_team,team_name,seq) values (?,?,?,?,?,default)
    Hibernate: insert into ft_participants (draft_order,fantasy_game_seq,player_id,preferred_team,team_name,seq) values (?,?,?,?,?,default)
    Hibernate: insert into ft_participants (draft_order,fantasy_game_seq,player_id,preferred_team,team_name,seq) values (?,?,?,?,?,default)
    Hibernate: insert into ft_participants (draft_order,fantasy_game_seq,player_id,preferred_team,team_name,seq) values (?,?,?,?,?,default)
    Hibernate: insert into ft_participants (draft_order,fantasy_game_seq,player_id,preferred_team,team_name,seq) values (?,?,?,?,?,default)
    Hibernate: insert into ft_participants (draft_order,fantasy_game_seq,player_id,preferred_team,team_name,seq) values (?,?,?,?,?,default)
    Hibernate: insert into ft_participants (draft_order,fantasy_game_seq,player_id,preferred_team,team_name,seq) values (?,?,?,?,?,default)
    Hibernate: insert into ft_participants (draft_order,fantasy_game_seq,player_id,preferred_team,team_name,seq) values (?,?,?,?,?,default)
    Hibernate: insert into ft_participants (draft_order,fantasy_game_seq,player_id,preferred_team,team_name,seq) values (?,?,?,?,?,default)
    Hibernate: insert into ft_participants (draft_order,fantasy_game_seq,player_id,preferred_team,team_name,seq) values (?,?,?,?,?,default)
    Hibernate: insert into ft_participants (draft_order,fantasy_game_seq,player_id,preferred_team,team_name,seq) values (?,?,?,?,?,default)
    Hibernate: insert into ft_participants (draft_order,fantasy_game_seq,player_id,preferred_team,team_name,seq) values (?,?,?,?,?,default)
    Hibernate: insert into ft_participants (draft_order,fantasy_game_seq,player_id,preferred_team,team_name,seq) values (?,?,?,?,?,default)
    Hibernate: insert into ft_participants (draft_order,fantasy_game_seq,player_id,preferred_team,team_name,seq) values (?,?,?,?,?,default)
    Hibernate: insert into ft_participants (draft_order,fantasy_game_seq,player_id,preferred_team,team_name,seq) values (?,?,?,?,?,default)
    Hibernate: insert into ft_participants (draft_order,fantasy_game_seq,player_id,preferred_team,team_name,seq) values (?,?,?,?,?,default)
    Hibernate: insert into ft_participants (draft_order,fantasy_game_seq,player_id,preferred_team,team_name,seq) values (?,?,?,?,?,default)
    Hibernate: insert into ft_participants (draft_order,fantasy_game_seq,player_id,preferred_team,team_name,seq) values (?,?,?,?,?,default)
    Hibernate: insert into ft_participants (draft_order,fantasy_game_seq,player_id,preferred_team,team_name,seq) values (?,?,?,?,?,default)
    Hibernate: insert into ft_participants (draft_order,fantasy_game_seq,player_id,preferred_team,team_name,seq) values (?,?,?,?,?,default)
    Hibernate: insert into ft_participants (draft_order,fantasy_game_seq,player_id,preferred_team,team_name,seq) values (?,?,?,?,?,default)
    Hibernate: insert into ft_participants (draft_order,fantasy_game_seq,player_id,preferred_team,team_name,seq) values (?,?,?,?,?,default)
    Hibernate: insert into ft_participants (draft_order,fantasy_game_seq,player_id,preferred_team,team_name,seq) values (?,?,?,?,?,default)
    Hibernate: insert into ft_participants (draft_order,fantasy_game_seq,player_id,preferred_team,team_name,seq) values (?,?,?,?,?,default)
    Hibernate: insert into ft_participants (draft_order,fantasy_game_seq,player_id,preferred_team,team_name,seq) values (?,?,?,?,?,default)
    Hibernate: insert into ft_participants (draft_order,fantasy_game_seq,player_id,preferred_team,team_name,seq) values (?,?,?,?,?,default)
    Hibernate: insert into ft_participants (draft_order,fantasy_game_seq,player_id,preferred_team,team_name,seq) values (?,?,?,?,?,default)
    Hibernate: insert into ft_participants (draft_order,fantasy_game_seq,player_id,preferred_team,team_name,seq) values (?,?,?,?,?,default)
    Hibernate: insert into ft_participants (draft_order,fantasy_game_seq,player_id,preferred_team,team_name,seq) values (?,?,?,?,?,default)
    Hibernate: insert into ft_participants (draft_order,fantasy_game_seq,player_id,preferred_team,team_name,seq) values (?,?,?,?,?,default)
    Hibernate: insert into ft_participants (draft_order,fantasy_game_seq,player_id,preferred_team,team_name,seq) values (?,?,?,?,?,default)
    Hibernate: insert into ft_participants (draft_order,fantasy_game_seq,player_id,preferred_team,team_name,seq) values (?,?,?,?,?,default)
    Hibernate: insert into ft_participants (draft_order,fantasy_game_seq,player_id,preferred_team,team_name,seq) values (?,?,?,?,?,default)
    Hibernate: insert into ft_participants (draft_order,fantasy_game_seq,player_id,preferred_team,team_name,seq) values (?,?,?,?,?,default)
    Hibernate: insert into ft_participants (draft_order,fantasy_game_seq,player_id,preferred_team,team_name,seq) values (?,?,?,?,?,default)
    Hibernate: insert into ft_participants (draft_order,fantasy_game_seq,player_id,preferred_team,team_name,seq) values (?,?,?,?,?,default)
    Hibernate: insert into ft_participants (draft_order,fantasy_game_seq,player_id,preferred_team,team_name,seq) values (?,?,?,?,?,default)
    Hibernate: insert into ft_participants (draft_order,fantasy_game_seq,player_id,preferred_team,team_name,seq) values (?,?,?,?,?,default)
    Hibernate: insert into ft_participants (draft_order,fantasy_game_seq,player_id,preferred_team,team_name,seq) values (?,?,?,?,?,default)
    Hibernate: insert into ft_participants (draft_order,fantasy_game_seq,player_id,preferred_team,team_name,seq) values (?,?,?,?,?,default)
    Hibernate: insert into ft_participants (draft_order,fantasy_game_seq,player_id,preferred_team,team_name,seq) values (?,?,?,?,?,default)
    Hibernate: insert into ft_participants (draft_order,fantasy_game_seq,player_id,preferred_team,team_name,seq) values (?,?,?,?,?,default)
    Hibernate: insert into ft_participants (draft_order,fantasy_game_seq,player_id,preferred_team,team_name,seq) values (?,?,?,?,?,default)
    Hibernate: insert into ft_participants (draft_order,fantasy_game_seq,player_id,preferred_team,team_name,seq) values (?,?,?,?,?,default)
    Hibernate: insert into ft_participants (draft_order,fantasy_game_seq,player_id,preferred_team,team_name,seq) values (?,?,?,?,?,default)
    Hibernate: insert into ft_participants (draft_order,fantasy_game_seq,player_id,preferred_team,team_name,seq) values (?,?,?,?,?,default)
    Hibernate: insert into ft_participants (draft_order,fantasy_game_seq,player_id,preferred_team,team_name,seq) values (?,?,?,?,?,default)
    Hibernate: insert into ft_participants (draft_order,fantasy_game_seq,player_id,preferred_team,team_name,seq) values (?,?,?,?,?,default)
    Hibernate: insert into ft_participants (draft_order,fantasy_game_seq,player_id,preferred_team,team_name,seq) values (?,?,?,?,?,default)
    Hibernate: insert into ft_participants (draft_order,fantasy_game_seq,player_id,preferred_team,team_name,seq) values (?,?,?,?,?,default)
    Hibernate: insert into ft_participants (draft_order,fantasy_game_seq,player_id,preferred_team,team_name,seq) values (?,?,?,?,?,default)
    Hibernate: insert into ft_participants (draft_order,fantasy_game_seq,player_id,preferred_team,team_name,seq) values (?,?,?,?,?,default)
    Hibernate: insert into ft_participants (draft_order,fantasy_game_seq,player_id,preferred_team,team_name,seq) values (?,?,?,?,?,default)
    Hibernate: insert into ft_participants (draft_order,fantasy_game_seq,player_id,preferred_team,team_name,seq) values (?,?,?,?,?,default)
    Hibernate: insert into ft_participants (draft_order,fantasy_game_seq,player_id,preferred_team,team_name,seq) values (?,?,?,?,?,default)
    Hibernate: insert into ft_participants (draft_order,fantasy_game_seq,player_id,preferred_team,team_name,seq) values (?,?,?,?,?,default)
    Hibernate: insert into ft_participants (draft_order,fantasy_game_seq,player_id,preferred_team,team_name,seq) values (?,?,?,?,?,default)
    Hibernate: insert into ft_participants (draft_order,fantasy_game_seq,player_id,preferred_team,team_name,seq) values (?,?,?,?,?,default)
    Hibernate: insert into ft_participants (draft_order,fantasy_game_seq,player_id,preferred_team,team_name,seq) values (?,?,?,?,?,default)
    Hibernate: insert into ft_participants (draft_order,fantasy_game_seq,player_id,preferred_team,team_name,seq) values (?,?,?,?,?,default)
    Hibernate: insert into ft_participants (draft_order,fantasy_game_seq,player_id,preferred_team,team_name,seq) values (?,?,?,?,?,default)
    Hibernate: insert into ft_participants (draft_order,fantasy_game_seq,player_id,preferred_team,team_name,seq) values (?,?,?,?,?,default)
    Hibernate: insert into ft_participants (draft_order,fantasy_game_seq,player_id,preferred_team,team_name,seq) values (?,?,?,?,?,default)
    Hibernate: insert into ft_participants (draft_order,fantasy_game_seq,player_id,preferred_team,team_name,seq) values (?,?,?,?,?,default)
    Hibernate: insert into ft_participants (draft_order,fantasy_game_seq,player_id,preferred_team,team_name,seq) values (?,?,?,?,?,default)
    Hibernate: insert into ft_participants (draft_order,fantasy_game_seq,player_id,preferred_team,team_name,seq) values (?,?,?,?,?,default)
    Hibernate: insert into ft_participants (draft_order,fantasy_game_seq,player_id,preferred_team,team_name,seq) values (?,?,?,?,?,default)
    Hibernate: insert into ft_participants (draft_order,fantasy_game_seq,player_id,preferred_team,team_name,seq) values (?,?,?,?,?,default)
    Hibernate: insert into ft_participants (draft_order,fantasy_game_seq,player_id,preferred_team,team_name,seq) values (?,?,?,?,?,default)
    Hibernate: insert into ft_participants (draft_order,fantasy_game_seq,player_id,preferred_team,team_name,seq) values (?,?,?,?,?,default)
    Hibernate: insert into ft_participants (draft_order,fantasy_game_seq,player_id,preferred_team,team_name,seq) values (?,?,?,?,?,default)
    Hibernate: insert into ft_participants (draft_order,fantasy_game_seq,player_id,preferred_team,team_name,seq) values (?,?,?,?,?,default)
    Hibernate: insert into ft_participants (draft_order,fantasy_game_seq,player_id,preferred_team,team_name,seq) values (?,?,?,?,?,default)
    Hibernate: insert into ft_participants (draft_order,fantasy_game_seq,player_id,preferred_team,team_name,seq) values (?,?,?,?,?,default)
    Hibernate: insert into ft_participants (draft_order,fantasy_game_seq,player_id,preferred_team,team_name,seq) values (?,?,?,?,?,default)
    Hibernate: insert into ft_participants (draft_order,fantasy_game_seq,player_id,preferred_team,team_name,seq) values (?,?,?,?,?,default)
    Hibernate: insert into ft_participants (draft_order,fantasy_game_seq,player_id,preferred_team,team_name,seq) values (?,?,?,?,?,default)
    Hibernate: insert into ft_participants (draft_order,fantasy_game_seq,player_id,preferred_team,team_name,seq) values (?,?,?,?,?,default)
    Hibernate: insert into ft_participants (draft_order,fantasy_game_seq,player_id,preferred_team,team_name,seq) values (?,?,?,?,?,default)
    Hibernate: insert into ft_participants (draft_order,fantasy_game_seq,player_id,preferred_team,team_name,seq) values (?,?,?,?,?,default)
    Hibernate: insert into ft_participants (draft_order,fantasy_game_seq,player_id,preferred_team,team_name,seq) values (?,?,?,?,?,default)
    Hibernate: insert into ft_participants (draft_order,fantasy_game_seq,player_id,preferred_team,team_name,seq) values (?,?,?,?,?,default)
    Hibernate: insert into ft_participants (draft_order,fantasy_game_seq,player_id,preferred_team,team_name,seq) values (?,?,?,?,?,default)
    Hibernate: insert into ft_participants (draft_order,fantasy_game_seq,player_id,preferred_team,team_name,seq) values (?,?,?,?,?,default)
    Hibernate: insert into ft_participants (draft_order,fantasy_game_seq,player_id,preferred_team,team_name,seq) values (?,?,?,?,?,default)
    Hibernate: insert into ft_participants (draft_order,fantasy_game_seq,player_id,preferred_team,team_name,seq) values (?,?,?,?,?,default)
    Hibernate: insert into ft_participants (draft_order,fantasy_game_seq,player_id,preferred_team,team_name,seq) values (?,?,?,?,?,default)
    Hibernate: insert into ft_participants (draft_order,fantasy_game_seq,player_id,preferred_team,team_name,seq) values (?,?,?,?,?,default)
    Hibernate: insert into ft_participants (draft_order,fantasy_game_seq,player_id,preferred_team,team_name,seq) values (?,?,?,?,?,default)
    Hibernate: insert into ft_participants (draft_order,fantasy_game_seq,player_id,preferred_team,team_name,seq) values (?,?,?,?,?,default)
    Hibernate: insert into ft_participants (draft_order,fantasy_game_seq,player_id,preferred_team,team_name,seq) values (?,?,?,?,?,default)
    Hibernate: insert into ft_participants (draft_order,fantasy_game_seq,player_id,preferred_team,team_name,seq) values (?,?,?,?,?,default)
    Hibernate: insert into ft_participants (draft_order,fantasy_game_seq,player_id,preferred_team,team_name,seq) values (?,?,?,?,?,default)
    Hibernate: insert into ft_participants (draft_order,fantasy_game_seq,player_id,preferred_team,team_name,seq) values (?,?,?,?,?,default)
    Hibernate: insert into ft_participants (draft_order,fantasy_game_seq,player_id,preferred_team,team_name,seq) values (?,?,?,?,?,default)
    Hibernate: insert into ft_participants (draft_order,fantasy_game_seq,player_id,preferred_team,team_name,seq) values (?,?,?,?,?,default)
    Hibernate: insert into ft_participants (draft_order,fantasy_game_seq,player_id,preferred_team,team_name,seq) values (?,?,?,?,?,default)
    Hibernate: insert into ft_participants (draft_order,fantasy_game_seq,player_id,preferred_team,team_name,seq) values (?,?,?,?,?,default)
    Hibernate: insert into ft_participants (draft_order,fantasy_game_seq,player_id,preferred_team,team_name,seq) values (?,?,?,?,?,default)
    Hibernate: insert into ft_participants (draft_order,fantasy_game_seq,player_id,preferred_team,team_name,seq) values (?,?,?,?,?,default)
    Hibernate: insert into ft_participants (draft_order,fantasy_game_seq,player_id,preferred_team,team_name,seq) values (?,?,?,?,?,default)
    Hibernate: insert into ft_participants (draft_order,fantasy_game_seq,player_id,preferred_team,team_name,seq) values (?,?,?,?,?,default)
    Hibernate: insert into ft_participants (draft_order,fantasy_game_seq,player_id,preferred_team,team_name,seq) values (?,?,?,?,?,default)
    Hibernate: insert into ft_participants (draft_order,fantasy_game_seq,player_id,preferred_team,team_name,seq) values (?,?,?,?,?,default)
    Hibernate: insert into ft_participants (draft_order,fantasy_game_seq,player_id,preferred_team,team_name,seq) values (?,?,?,?,?,default)
    Hibernate: insert into ft_participants (draft_order,fantasy_game_seq,player_id,preferred_team,team_name,seq) values (?,?,?,?,?,default)
    Hibernate: insert into ft_participants (draft_order,fantasy_game_seq,player_id,preferred_team,team_name,seq) values (?,?,?,?,?,default)
    Hibernate: insert into ft_participants (draft_order,fantasy_game_seq,player_id,preferred_team,team_name,seq) values (?,?,?,?,?,default)
    Hibernate: insert into ft_participants (draft_order,fantasy_game_seq,player_id,preferred_team,team_name,seq) values (?,?,?,?,?,default)
    Hibernate: insert into ft_participants (draft_order,fantasy_game_seq,player_id,preferred_team,team_name,seq) values (?,?,?,?,?,default)
    Hibernate: insert into ft_participants (draft_order,fantasy_game_seq,player_id,preferred_team,team_name,seq) values (?,?,?,?,?,default)
    Hibernate: insert into ft_participants (draft_order,fantasy_game_seq,player_id,preferred_team,team_name,seq) values (?,?,?,?,?,default)
    Hibernate: insert into ft_participants (draft_order,fantasy_game_seq,player_id,preferred_team,team_name,seq) values (?,?,?,?,?,default)
    Hibernate: insert into ft_participants (draft_order,fantasy_game_seq,player_id,preferred_team,team_name,seq) values (?,?,?,?,?,default)
    Hibernate: insert into ft_participants (draft_order,fantasy_game_seq,player_id,preferred_team,team_name,seq) values (?,?,?,?,?,default)
    Hibernate: insert into ft_participants (draft_order,fantasy_game_seq,player_id,preferred_team,team_name,seq) values (?,?,?,?,?,default)
    Hibernate: insert into ft_participants (draft_order,fantasy_game_seq,player_id,preferred_team,team_name,seq) values (?,?,?,?,?,default)
    Hibernate: insert into ft_participants (draft_order,fantasy_game_seq,player_id,preferred_team,team_name,seq) values (?,?,?,?,?,default)
    Hibernate: insert into ft_participants (draft_order,fantasy_game_seq,player_id,preferred_team,team_name,seq) values (?,?,?,?,?,default)
    Hibernate: insert into ft_participants (draft_order,fantasy_game_seq,player_id,preferred_team,team_name,seq) values (?,?,?,?,?,default)
    Hibernate: insert into ft_participants (draft_order,fantasy_game_seq,player_id,preferred_team,team_name,seq) values (?,?,?,?,?,default)
    Hibernate: insert into ft_participants (draft_order,fantasy_game_seq,player_id,preferred_team,team_name,seq) values (?,?,?,?,?,default)
    Hibernate: insert into ft_participants (draft_order,fantasy_game_seq,player_id,preferred_team,team_name,seq) values (?,?,?,?,?,default)
    Hibernate: insert into ft_participants (draft_order,fantasy_game_seq,player_id,preferred_team,team_name,seq) values (?,?,?,?,?,default)
    Hibernate: insert into ft_participants (draft_order,fantasy_game_seq,player_id,preferred_team,team_name,seq) values (?,?,?,?,?,default)
    Hibernate: insert into ft_participants (draft_order,fantasy_game_seq,player_id,preferred_team,team_name,seq) values (?,?,?,?,?,default)
    Hibernate: insert into ft_participants (draft_order,fantasy_game_seq,player_id,preferred_team,team_name,seq) values (?,?,?,?,?,default)
    Hibernate: insert into ft_participants (draft_order,fantasy_game_seq,player_id,preferred_team,team_name,seq) values (?,?,?,?,?,default)
    Hibernate: insert into ft_participants (draft_order,fantasy_game_seq,player_id,preferred_team,team_name,seq) values (?,?,?,?,?,default)
    Hibernate: insert into ft_participants (draft_order,fantasy_game_seq,player_id,preferred_team,team_name,seq) values (?,?,?,?,?,default)
    Hibernate: insert into ft_participants (draft_order,fantasy_game_seq,player_id,preferred_team,team_name,seq) values (?,?,?,?,?,default)
    Hibernate: insert into ft_participants (draft_order,fantasy_game_seq,player_id,preferred_team,team_name,seq) values (?,?,?,?,?,default)
    Hibernate: insert into ft_participants (draft_order,fantasy_game_seq,player_id,preferred_team,team_name,seq) values (?,?,?,?,?,default)
    Hibernate: insert into ft_participants (draft_order,fantasy_game_seq,player_id,preferred_team,team_name,seq) values (?,?,?,?,?,default)
    Hibernate: insert into ft_participants (draft_order,fantasy_game_seq,player_id,preferred_team,team_name,seq) values (?,?,?,?,?,default)
    Hibernate: insert into ft_participants (draft_order,fantasy_game_seq,player_id,preferred_team,team_name,seq) values (?,?,?,?,?,default)
    Hibernate: insert into ft_participants (draft_order,fantasy_game_seq,player_id,preferred_team,team_name,seq) values (?,?,?,?,?,default)
    Hibernate: insert into ft_participants (draft_order,fantasy_game_seq,player_id,preferred_team,team_name,seq) values (?,?,?,?,?,default)
    Hibernate: insert into ft_participants (draft_order,fantasy_game_seq,player_id,preferred_team,team_name,seq) values (?,?,?,?,?,default)
    Hibernate: insert into ft_participants (draft_order,fantasy_game_seq,player_id,preferred_team,team_name,seq) values (?,?,?,?,?,default)
    Hibernate: insert into ft_participants (draft_order,fantasy_game_seq,player_id,preferred_team,team_name,seq) values (?,?,?,?,?,default)
    Hibernate: insert into ft_participants (draft_order,fantasy_game_seq,player_id,preferred_team,team_name,seq) values (?,?,?,?,?,default)
    Hibernate: insert into ft_participants (draft_order,fantasy_game_seq,player_id,preferred_team,team_name,seq) values (?,?,?,?,?,default)
    Hibernate: insert into ft_participants (draft_order,fantasy_game_seq,player_id,preferred_team,team_name,seq) values (?,?,?,?,?,default)
    Hibernate: insert into ft_participants (draft_order,fantasy_game_seq,player_id,preferred_team,team_name,seq) values (?,?,?,?,?,default)
    Hibernate: insert into ft_participants (draft_order,fantasy_game_seq,player_id,preferred_team,team_name,seq) values (?,?,?,?,?,default)
    Hibernate: insert into ft_participants (draft_order,fantasy_game_seq,player_id,preferred_team,team_name,seq) values (?,?,?,?,?,default)
    Hibernate: insert into ft_participants (draft_order,fantasy_game_seq,player_id,preferred_team,team_name,seq) values (?,?,?,?,?,default)
    Hibernate: insert into ft_participants (draft_order,fantasy_game_seq,player_id,preferred_team,team_name,seq) values (?,?,?,?,?,default)
    Hibernate: insert into ft_participants (draft_order,fantasy_game_seq,player_id,preferred_team,team_name,seq) values (?,?,?,?,?,default)
    Hibernate: insert into ft_participants (draft_order,fantasy_game_seq,player_id,preferred_team,team_name,seq) values (?,?,?,?,?,default)
    Hibernate: insert into ft_participants (draft_order,fantasy_game_seq,player_id,preferred_team,team_name,seq) values (?,?,?,?,?,default)
    Hibernate: insert into ft_participants (draft_order,fantasy_game_seq,player_id,preferred_team,team_name,seq) values (?,?,?,?,?,default)
    Hibernate: insert into ft_participants (draft_order,fantasy_game_seq,player_id,preferred_team,team_name,seq) values (?,?,?,?,?,default)
    Hibernate: insert into ft_participants (draft_order,fantasy_game_seq,player_id,preferred_team,team_name,seq) values (?,?,?,?,?,default)
    Hibernate: insert into ft_participants (draft_order,fantasy_game_seq,player_id,preferred_team,team_name,seq) values (?,?,?,?,?,default)
    Hibernate: insert into ft_participants (draft_order,fantasy_game_seq,player_id,preferred_team,team_name,seq) values (?,?,?,?,?,default)
    Hibernate: insert into ft_participants (draft_order,fantasy_game_seq,player_id,preferred_team,team_name,seq) values (?,?,?,?,?,default)
    Hibernate: insert into ft_participants (draft_order,fantasy_game_seq,player_id,preferred_team,team_name,seq) values (?,?,?,?,?,default)
    Hibernate: insert into ft_participants (draft_order,fantasy_game_seq,player_id,preferred_team,team_name,seq) values (?,?,?,?,?,default)
    Hibernate: insert into ft_participants (draft_order,fantasy_game_seq,player_id,preferred_team,team_name,seq) values (?,?,?,?,?,default)
    Hibernate: insert into ft_participants (draft_order,fantasy_game_seq,player_id,preferred_team,team_name,seq) values (?,?,?,?,?,default)
    Hibernate: insert into ft_participants (draft_order,fantasy_game_seq,player_id,preferred_team,team_name,seq) values (?,?,?,?,?,default)
    Hibernate: insert into ft_participants (draft_order,fantasy_game_seq,player_id,preferred_team,team_name,seq) values (?,?,?,?,?,default)
    Hibernate: insert into ft_participants (draft_order,fantasy_game_seq,player_id,preferred_team,team_name,seq) values (?,?,?,?,?,default)
    Hibernate: insert into ft_participants (draft_order,fantasy_game_seq,player_id,preferred_team,team_name,seq) values (?,?,?,?,?,default)
    Hibernate: insert into ft_participants (draft_order,fantasy_game_seq,player_id,preferred_team,team_name,seq) values (?,?,?,?,?,default)
    Hibernate: insert into ft_participants (draft_order,fantasy_game_seq,player_id,preferred_team,team_name,seq) values (?,?,?,?,?,default)
    Hibernate: insert into ft_participants (draft_order,fantasy_game_seq,player_id,preferred_team,team_name,seq) values (?,?,?,?,?,default)
    Hibernate: insert into ft_participants (draft_order,fantasy_game_seq,player_id,preferred_team,team_name,seq) values (?,?,?,?,?,default)
    Hibernate: insert into ft_participants (draft_order,fantasy_game_seq,player_id,preferred_team,team_name,seq) values (?,?,?,?,?,default)
    Hibernate: insert into ft_participants (draft_order,fantasy_game_seq,player_id,preferred_team,team_name,seq) values (?,?,?,?,?,default)
    Hibernate: insert into ft_participants (draft_order,fantasy_game_seq,player_id,preferred_team,team_name,seq) values (?,?,?,?,?,default)
    Hibernate: insert into ft_participants (draft_order,fantasy_game_seq,player_id,preferred_team,team_name,seq) values (?,?,?,?,?,default)
    Hibernate: insert into ft_participants (draft_order,fantasy_game_seq,player_id,preferred_team,team_name,seq) values (?,?,?,?,?,default)
    Hibernate: insert into ft_participants (draft_order,fantasy_game_seq,player_id,preferred_team,team_name,seq) values (?,?,?,?,?,default)
    Hibernate: insert into ft_participants (draft_order,fantasy_game_seq,player_id,preferred_team,team_name,seq) values (?,?,?,?,?,default)
    Hibernate: insert into ft_participants (draft_order,fantasy_game_seq,player_id,preferred_team,team_name,seq) values (?,?,?,?,?,default)
    Hibernate: insert into ft_participants (draft_order,fantasy_game_seq,player_id,preferred_team,team_name,seq) values (?,?,?,?,?,default)
    Hibernate: insert into ft_participants (draft_order,fantasy_game_seq,player_id,preferred_team,team_name,seq) values (?,?,?,?,?,default)
    Hibernate: insert into ft_participants (draft_order,fantasy_game_seq,player_id,preferred_team,team_name,seq) values (?,?,?,?,?,default)
    Hibernate: insert into ft_participants (draft_order,fantasy_game_seq,player_id,preferred_team,team_name,seq) values (?,?,?,?,?,default)
    Hibernate: insert into ft_participants (draft_order,fantasy_game_seq,player_id,preferred_team,team_name,seq) values (?,?,?,?,?,default)
    Hibernate: insert into ft_participants (draft_order,fantasy_game_seq,player_id,preferred_team,team_name,seq) values (?,?,?,?,?,default)
    Hibernate: insert into ft_participants (draft_order,fantasy_game_seq,player_id,preferred_team,team_name,seq) values (?,?,?,?,?,default)
    Hibernate: insert into ft_participants (draft_order,fantasy_game_seq,player_id,preferred_team,team_name,seq) values (?,?,?,?,?,default)
    Hibernate: insert into ft_participants (draft_order,fantasy_game_seq,player_id,preferred_team,team_name,seq) values (?,?,?,?,?,default)
    Hibernate: insert into ft_participants (draft_order,fantasy_game_seq,player_id,preferred_team,team_name,seq) values (?,?,?,?,?,default)
    Hibernate: insert into ft_participants (draft_order,fantasy_game_seq,player_id,preferred_team,team_name,seq) values (?,?,?,?,?,default)
    Hibernate: insert into ft_participants (draft_order,fantasy_game_seq,player_id,preferred_team,team_name,seq) values (?,?,?,?,?,default)
    Hibernate: insert into ft_participants (draft_order,fantasy_game_seq,player_id,preferred_team,team_name,seq) values (?,?,?,?,?,default)
    Hibernate: insert into ft_participants (draft_order,fantasy_game_seq,player_id,preferred_team,team_name,seq) values (?,?,?,?,?,default)
    Hibernate: insert into ft_participants (draft_order,fantasy_game_seq,player_id,preferred_team,team_name,seq) values (?,?,?,?,?,default)
    Hibernate: insert into ft_participants (draft_order,fantasy_game_seq,player_id,preferred_team,team_name,seq) values (?,?,?,?,?,default)
    Hibernate: insert into ft_participants (draft_order,fantasy_game_seq,player_id,preferred_team,team_name,seq) values (?,?,?,?,?,default)
    Hibernate: insert into ft_participants (draft_order,fantasy_game_seq,player_id,preferred_team,team_name,seq) values (?,?,?,?,?,default)
    Hibernate: insert into ft_participants (draft_order,fantasy_game_seq,player_id,preferred_team,team_name,seq) values (?,?,?,?,?,default)
    Hibernate: insert into ft_participants (draft_order,fantasy_game_seq,player_id,preferred_team,team_name,seq) values (?,?,?,?,?,default)
    Hibernate: insert into ft_participants (draft_order,fantasy_game_seq,player_id,preferred_team,team_name,seq) values (?,?,?,?,?,default)
    Hibernate: insert into ft_participants (draft_order,fantasy_game_seq,player_id,preferred_team,team_name,seq) values (?,?,?,?,?,default)
    Hibernate: insert into ft_participants (draft_order,fantasy_game_seq,player_id,preferred_team,team_name,seq) values (?,?,?,?,?,default)
    Hibernate: insert into ft_participants (draft_order,fantasy_game_seq,player_id,preferred_team,team_name,seq) values (?,?,?,?,?,default)
    Hibernate: insert into ft_participants (draft_order,fantasy_game_seq,player_id,preferred_team,team_name,seq) values (?,?,?,?,?,default)
    Hibernate: insert into ft_participants (draft_order,fantasy_game_seq,player_id,preferred_team,team_name,seq) values (?,?,?,?,?,default)
    Hibernate: insert into ft_participants (draft_order,fantasy_game_seq,player_id,preferred_team,team_name,seq) values (?,?,?,?,?,default)
    Hibernate: insert into ft_participants (draft_order,fantasy_game_seq,player_id,preferred_team,team_name,seq) values (?,?,?,?,?,default)
    Hibernate: insert into ft_participants (draft_order,fantasy_game_seq,player_id,preferred_team,team_name,seq) values (?,?,?,?,?,default)
    Hibernate: insert into ft_participants (draft_order,fantasy_game_seq,player_id,preferred_team,team_name,seq) values (?,?,?,?,?,default)
    Hibernate: insert into ft_participants (draft_order,fantasy_game_seq,player_id,preferred_team,team_name,seq) values (?,?,?,?,?,default)
    Hibernate: insert into ft_participants (draft_order,fantasy_game_seq,player_id,preferred_team,team_name,seq) values (?,?,?,?,?,default)
    Hibernate: insert into ft_participants (draft_order,fantasy_game_seq,player_id,preferred_team,team_name,seq) values (?,?,?,?,?,default)
    Hibernate: insert into ft_participants (draft_order,fantasy_game_seq,player_id,preferred_team,team_name,seq) values (?,?,?,?,?,default)
    Hibernate: insert into ft_participants (draft_order,fantasy_game_seq,player_id,preferred_team,team_name,seq) values (?,?,?,?,?,default)
    Hibernate: insert into ft_participants (draft_order,fantasy_game_seq,player_id,preferred_team,team_name,seq) values (?,?,?,?,?,default)
    Hibernate: insert into ft_participants (draft_order,fantasy_game_seq,player_id,preferred_team,team_name,seq) values (?,?,?,?,?,default)
    Hibernate: insert into ft_participants (draft_order,fantasy_game_seq,player_id,preferred_team,team_name,seq) values (?,?,?,?,?,default)
    Hibernate: insert into ft_participants (draft_order,fantasy_game_seq,player_id,preferred_team,team_name,seq) values (?,?,?,?,?,default)
    Hibernate: insert into ft_participants (draft_order,fantasy_game_seq,player_id,preferred_team,team_name,seq) values (?,?,?,?,?,default)
    Hibernate: insert into ft_participants (draft_order,fantasy_game_seq,player_id,preferred_team,team_name,seq) values (?,?,?,?,?,default)
    Hibernate: insert into ft_participants (draft_order,fantasy_game_seq,player_id,preferred_team,team_name,seq) values (?,?,?,?,?,default)
    Hibernate: insert into ft_participants (draft_order,fantasy_game_seq,player_id,preferred_team,team_name,seq) values (?,?,?,?,?,default)
    Hibernate: insert into ft_participants (draft_order,fantasy_game_seq,player_id,preferred_team,team_name,seq) values (?,?,?,?,?,default)
    Hibernate: insert into ft_participants (draft_order,fantasy_game_seq,player_id,preferred_team,team_name,seq) values (?,?,?,?,?,default)
    Hibernate: insert into ft_participants (draft_order,fantasy_game_seq,player_id,preferred_team,team_name,seq) values (?,?,?,?,?,default)
    Hibernate: insert into ft_participants (draft_order,fantasy_game_seq,player_id,preferred_team,team_name,seq) values (?,?,?,?,?,default)
    Hibernate: insert into ft_participants (draft_order,fantasy_game_seq,player_id,preferred_team,team_name,seq) values (?,?,?,?,?,default)
    Hibernate: insert into ft_participants (draft_order,fantasy_game_seq,player_id,preferred_team,team_name,seq) values (?,?,?,?,?,default)
    Hibernate: insert into ft_participants (draft_order,fantasy_game_seq,player_id,preferred_team,team_name,seq) values (?,?,?,?,?,default)
    Hibernate: insert into ft_participants (draft_order,fantasy_game_seq,player_id,preferred_team,team_name,seq) values (?,?,?,?,?,default)
    Hibernate: insert into ft_participants (draft_order,fantasy_game_seq,player_id,preferred_team,team_name,seq) values (?,?,?,?,?,default)
    Hibernate: insert into ft_participants (draft_order,fantasy_game_seq,player_id,preferred_team,team_name,seq) values (?,?,?,?,?,default)
    Hibernate: insert into ft_participants (draft_order,fantasy_game_seq,player_id,preferred_team,team_name,seq) values (?,?,?,?,?,default)
    Hibernate: insert into ft_participants (draft_order,fantasy_game_seq,player_id,preferred_team,team_name,seq) values (?,?,?,?,?,default)
    Hibernate: insert into ft_participants (draft_order,fantasy_game_seq,player_id,preferred_team,team_name,seq) values (?,?,?,?,?,default)
    Hibernate: insert into ft_participants (draft_order,fantasy_game_seq,player_id,preferred_team,team_name,seq) values (?,?,?,?,?,default)
    Hibernate: insert into ft_participants (draft_order,fantasy_game_seq,player_id,preferred_team,team_name,seq) values (?,?,?,?,?,default)
    Hibernate: insert into ft_participants (draft_order,fantasy_game_seq,player_id,preferred_team,team_name,seq) values (?,?,?,?,?,default)
    Hibernate: insert into ft_participants (draft_order,fantasy_game_seq,player_id,preferred_team,team_name,seq) values (?,?,?,?,?,default)
    Hibernate: insert into ft_participants (draft_order,fantasy_game_seq,player_id,preferred_team,team_name,seq) values (?,?,?,?,?,default)
    Hibernate: insert into ft_participants (draft_order,fantasy_game_seq,player_id,preferred_team,team_name,seq) values (?,?,?,?,?,default)
    Hibernate: insert into ft_participants (draft_order,fantasy_game_seq,player_id,preferred_team,team_name,seq) values (?,?,?,?,?,default)
    Hibernate: insert into ft_participants (draft_order,fantasy_game_seq,player_id,preferred_team,team_name,seq) values (?,?,?,?,?,default)
    Hibernate: insert into ft_participants (draft_order,fantasy_game_seq,player_id,preferred_team,team_name,seq) values (?,?,?,?,?,default)
    Hibernate: insert into ft_participants (draft_order,fantasy_game_seq,player_id,preferred_team,team_name,seq) values (?,?,?,?,?,default)
    Hibernate: insert into ft_participants (draft_order,fantasy_game_seq,player_id,preferred_team,team_name,seq) values (?,?,?,?,?,default)
    Hibernate: insert into ft_participants (draft_order,fantasy_game_seq,player_id,preferred_team,team_name,seq) values (?,?,?,?,?,default)
    Hibernate: insert into ft_participants (draft_order,fantasy_game_seq,player_id,preferred_team,team_name,seq) values (?,?,?,?,?,default)
    Hibernate: insert into ft_participants (draft_order,fantasy_game_seq,player_id,preferred_team,team_name,seq) values (?,?,?,?,?,default)
    Hibernate: insert into ft_participants (draft_order,fantasy_game_seq,player_id,preferred_team,team_name,seq) values (?,?,?,?,?,default)
    Hibernate: insert into ft_participants (draft_order,fantasy_game_seq,player_id,preferred_team,team_name,seq) values (?,?,?,?,?,default)
    Hibernate: insert into ft_participants (draft_order,fantasy_game_seq,player_id,preferred_team,team_name,seq) values (?,?,?,?,?,default)
    Hibernate: insert into ft_participants (draft_order,fantasy_game_seq,player_id,preferred_team,team_name,seq) values (?,?,?,?,?,default)
    Hibernate: insert into ft_participants (draft_order,fantasy_game_seq,player_id,preferred_team,team_name,seq) values (?,?,?,?,?,default)
    Hibernate: insert into ft_participants (draft_order,fantasy_game_seq,player_id,preferred_team,team_name,seq) values (?,?,?,?,?,default)
    Hibernate: insert into ft_participants (draft_order,fantasy_game_seq,player_id,preferred_team,team_name,seq) values (?,?,?,?,?,default)
    Hibernate: insert into ft_participants (draft_order,fantasy_game_seq,player_id,preferred_team,team_name,seq) values (?,?,?,?,?,default)
    Hibernate: insert into ft_participants (draft_order,fantasy_game_seq,player_id,preferred_team,team_name,seq) values (?,?,?,?,?,default)
    Hibernate: insert into ft_participants (draft_order,fantasy_game_seq,player_id,preferred_team,team_name,seq) values (?,?,?,?,?,default)
    Hibernate: insert into ft_participants (draft_order,fantasy_game_seq,player_id,preferred_team,team_name,seq) values (?,?,?,?,?,default)
    Hibernate: insert into ft_participants (draft_order,fantasy_game_seq,player_id,preferred_team,team_name,seq) values (?,?,?,?,?,default)
    Hibernate: insert into ft_participants (draft_order,fantasy_game_seq,player_id,preferred_team,team_name,seq) values (?,?,?,?,?,default)
    Hibernate: insert into ft_participants (draft_order,fantasy_game_seq,player_id,preferred_team,team_name,seq) values (?,?,?,?,?,default)
    Hibernate: insert into ft_participants (draft_order,fantasy_game_seq,player_id,preferred_team,team_name,seq) values (?,?,?,?,?,default)
    Hibernate: insert into ft_participants (draft_order,fantasy_game_seq,player_id,preferred_team,team_name,seq) values (?,?,?,?,?,default)
    Hibernate: insert into ft_participants (draft_order,fantasy_game_seq,player_id,preferred_team,team_name,seq) values (?,?,?,?,?,default)
    Hibernate: insert into ft_participants (draft_order,fantasy_game_seq,player_id,preferred_team,team_name,seq) values (?,?,?,?,?,default)
    Hibernate: insert into ft_participants (draft_order,fantasy_game_seq,player_id,preferred_team,team_name,seq) values (?,?,?,?,?,default)
    Hibernate: insert into ft_participants (draft_order,fantasy_game_seq,player_id,preferred_team,team_name,seq) values (?,?,?,?,?,default)
    Hibernate: insert into ft_participants (draft_order,fantasy_game_seq,player_id,preferred_team,team_name,seq) values (?,?,?,?,?,default)
    Hibernate: insert into ft_participants (draft_order,fantasy_game_seq,player_id,preferred_team,team_name,seq) values (?,?,?,?,?,default)
    Hibernate: insert into ft_participants (draft_order,fantasy_game_seq,player_id,preferred_team,team_name,seq) values (?,?,?,?,?,default)
    Hibernate: insert into ft_participants (draft_order,fantasy_game_seq,player_id,preferred_team,team_name,seq) values (?,?,?,?,?,default)
    Hibernate: insert into ft_participants (draft_order,fantasy_game_seq,player_id,preferred_team,team_name,seq) values (?,?,?,?,?,default)
    Hibernate: insert into ft_participants (draft_order,fantasy_game_seq,player_id,preferred_team,team_name,seq) values (?,?,?,?,?,default)
    Hibernate: insert into ft_participants (draft_order,fantasy_game_seq,player_id,preferred_team,team_name,seq) values (?,?,?,?,?,default)
    Hibernate: insert into ft_participants (draft_order,fantasy_game_seq,player_id,preferred_team,team_name,seq) values (?,?,?,?,?,default)
    Hibernate: insert into ft_participants (draft_order,fantasy_game_seq,player_id,preferred_team,team_name,seq) values (?,?,?,?,?,default)
    Hibernate: insert into ft_participants (draft_order,fantasy_game_seq,player_id,preferred_team,team_name,seq) values (?,?,?,?,?,default)
    Hibernate: insert into ft_participants (draft_order,fantasy_game_seq,player_id,preferred_team,team_name,seq) values (?,?,?,?,?,default)
    Hibernate: insert into ft_participants (draft_order,fantasy_game_seq,player_id,preferred_team,team_name,seq) values (?,?,?,?,?,default)
    Hibernate: insert into ft_participants (draft_order,fantasy_game_seq,player_id,preferred_team,team_name,seq) values (?,?,?,?,?,default)
    Hibernate: insert into ft_participants (draft_order,fantasy_game_seq,player_id,preferred_team,team_name,seq) values (?,?,?,?,?,default)
    Hibernate: insert into ft_participants (draft_order,fantasy_game_seq,player_id,preferred_team,team_name,seq) values (?,?,?,?,?,default)
    Hibernate: insert into ft_participants (draft_order,fantasy_game_seq,player_id,preferred_team,team_name,seq) values (?,?,?,?,?,default)
    Hibernate: insert into ft_participants (draft_order,fantasy_game_seq,player_id,preferred_team,team_name,seq) values (?,?,?,?,?,default)
    Hibernate: insert into ft_participants (draft_order,fantasy_game_seq,player_id,preferred_team,team_name,seq) values (?,?,?,?,?,default)
    Hibernate: insert into ft_participants (draft_order,fantasy_game_seq,player_id,preferred_team,team_name,seq) values (?,?,?,?,?,default)
    Hibernate: insert into ft_participants (draft_order,fantasy_game_seq,player_id,preferred_team,team_name,seq) values (?,?,?,?,?,default)
    Hibernate: insert into ft_participants (draft_order,fantasy_game_seq,player_id,preferred_team,team_name,seq) values (?,?,?,?,?,default)
    Hibernate: insert into ft_participants (draft_order,fantasy_game_seq,player_id,preferred_team,team_name,seq) values (?,?,?,?,?,default)
    Hibernate: insert into ft_participants (draft_order,fantasy_game_seq,player_id,preferred_team,team_name,seq) values (?,?,?,?,?,default)
    Hibernate: insert into ft_participants (draft_order,fantasy_game_seq,player_id,preferred_team,team_name,seq) values (?,?,?,?,?,default)
    Hibernate: insert into ft_participants (draft_order,fantasy_game_seq,player_id,preferred_team,team_name,seq) values (?,?,?,?,?,default)
    Hibernate: insert into ft_participants (draft_order,fantasy_game_seq,player_id,preferred_team,team_name,seq) values (?,?,?,?,?,default)
    Hibernate: insert into ft_participants (draft_order,fantasy_game_seq,player_id,preferred_team,team_name,seq) values (?,?,?,?,?,default)
    Hibernate: insert into ft_participants (draft_order,fantasy_game_seq,player_id,preferred_team,team_name,seq) values (?,?,?,?,?,default)
    Hibernate: insert into ft_participants (draft_order,fantasy_game_seq,player_id,preferred_team,team_name,seq) values (?,?,?,?,?,default)
    Hibernate: insert into ft_participants (draft_order,fantasy_game_seq,player_id,preferred_team,team_name,seq) values (?,?,?,?,?,default)
    Hibernate: insert into ft_participants (draft_order,fantasy_game_seq,player_id,preferred_team,team_name,seq) values (?,?,?,?,?,default)
    Hibernate: insert into ft_participants (draft_order,fantasy_game_seq,player_id,preferred_team,team_name,seq) values (?,?,?,?,?,default)
    Hibernate: insert into ft_participants (draft_order,fantasy_game_seq,player_id,preferred_team,team_name,seq) values (?,?,?,?,?,default)
    Hibernate: insert into ft_participants (draft_order,fantasy_game_seq,player_id,preferred_team,team_name,seq) values (?,?,?,?,?,default)
    Hibernate: insert into ft_participants (draft_order,fantasy_game_seq,player_id,preferred_team,team_name,seq) values (?,?,?,?,?,default)
    Hibernate: insert into ft_participants (draft_order,fantasy_game_seq,player_id,preferred_team,team_name,seq) values (?,?,?,?,?,default)
    Hibernate: insert into ft_participants (draft_order,fantasy_game_seq,player_id,preferred_team,team_name,seq) values (?,?,?,?,?,default)
    Hibernate: insert into ft_participants (draft_order,fantasy_game_seq,player_id,preferred_team,team_name,seq) values (?,?,?,?,?,default)
    Hibernate: insert into ft_participants (draft_order,fantasy_game_seq,player_id,preferred_team,team_name,seq) values (?,?,?,?,?,default)
    Hibernate: insert into ft_participants (draft_order,fantasy_game_seq,player_id,preferred_team,team_name,seq) values (?,?,?,?,?,default)
    Hibernate: insert into ft_participants (draft_order,fantasy_game_seq,player_id,preferred_team,team_name,seq) values (?,?,?,?,?,default)
    Hibernate: insert into ft_participants (draft_order,fantasy_game_seq,player_id,preferred_team,team_name,seq) values (?,?,?,?,?,default)
    Hibernate: insert into ft_participants (draft_order,fantasy_game_seq,player_id,preferred_team,team_name,seq) values (?,?,?,?,?,default)
    Hibernate: insert into ft_participants (draft_order,fantasy_game_seq,player_id,preferred_team,team_name,seq) values (?,?,?,?,?,default)
    Hibernate: insert into ft_participants (draft_order,fantasy_game_seq,player_id,preferred_team,team_name,seq) values (?,?,?,?,?,default)
    Hibernate: insert into ft_participants (draft_order,fantasy_game_seq,player_id,preferred_team,team_name,seq) values (?,?,?,?,?,default)
    Hibernate: insert into ft_participants (draft_order,fantasy_game_seq,player_id,preferred_team,team_name,seq) values (?,?,?,?,?,default)
    Hibernate: insert into ft_participants (draft_order,fantasy_game_seq,player_id,preferred_team,team_name,seq) values (?,?,?,?,?,default)
    Hibernate: insert into ft_participants (draft_order,fantasy_game_seq,player_id,preferred_team,team_name,seq) values (?,?,?,?,?,default)
    Hibernate: insert into ft_participants (draft_order,fantasy_game_seq,player_id,preferred_team,team_name,seq) values (?,?,?,?,?,default)
    Hibernate: insert into ft_participants (draft_order,fantasy_game_seq,player_id,preferred_team,team_name,seq) values (?,?,?,?,?,default)
    Hibernate: insert into ft_participants (draft_order,fantasy_game_seq,player_id,preferred_team,team_name,seq) values (?,?,?,?,?,default)
    Hibernate: insert into ft_participants (draft_order,fantasy_game_seq,player_id,preferred_team,team_name,seq) values (?,?,?,?,?,default)
    Hibernate: insert into ft_participants (draft_order,fantasy_game_seq,player_id,preferred_team,team_name,seq) values (?,?,?,?,?,default)
    Hibernate: insert into ft_participants (draft_order,fantasy_game_seq,player_id,preferred_team,team_name,seq) values (?,?,?,?,?,default)
    Hibernate: insert into ft_participants (draft_order,fantasy_game_seq,player_id,preferred_team,team_name,seq) values (?,?,?,?,?,default)
    Hibernate: insert into ft_participants (draft_order,fantasy_game_seq,player_id,preferred_team,team_name,seq) values (?,?,?,?,?,default)
    Hibernate: insert into ft_participants (draft_order,fantasy_game_seq,player_id,preferred_team,team_name,seq) values (?,?,?,?,?,default)
    Hibernate: insert into ft_participants (draft_order,fantasy_game_seq,player_id,preferred_team,team_name,seq) values (?,?,?,?,?,default)
    Hibernate: insert into ft_participants (draft_order,fantasy_game_seq,player_id,preferred_team,team_name,seq) values (?,?,?,?,?,default)
    Hibernate: insert into ft_participants (draft_order,fantasy_game_seq,player_id,preferred_team,team_name,seq) values (?,?,?,?,?,default)
    Hibernate: insert into ft_participants (draft_order,fantasy_game_seq,player_id,preferred_team,team_name,seq) values (?,?,?,?,?,default)
    Hibernate: insert into ft_participants (draft_order,fantasy_game_seq,player_id,preferred_team,team_name,seq) values (?,?,?,?,?,default)
    Hibernate: insert into ft_participants (draft_order,fantasy_game_seq,player_id,preferred_team,team_name,seq) values (?,?,?,?,?,default)
    Hibernate: insert into ft_participants (draft_order,fantasy_game_seq,player_id,preferred_team,team_name,seq) values (?,?,?,?,?,default)
    Hibernate: insert into ft_participants (draft_order,fantasy_game_seq,player_id,preferred_team,team_name,seq) values (?,?,?,?,?,default)
    Hibernate: insert into ft_participants (draft_order,fantasy_game_seq,player_id,preferred_team,team_name,seq) values (?,?,?,?,?,default)
    Hibernate: insert into ft_participants (draft_order,fantasy_game_seq,player_id,preferred_team,team_name,seq) values (?,?,?,?,?,default)
    Hibernate: insert into ft_participants (draft_order,fantasy_game_seq,player_id,preferred_team,team_name,seq) values (?,?,?,?,?,default)
    Hibernate: insert into ft_participants (draft_order,fantasy_game_seq,player_id,preferred_team,team_name,seq) values (?,?,?,?,?,default)
    Hibernate: insert into ft_participants (draft_order,fantasy_game_seq,player_id,preferred_team,team_name,seq) values (?,?,?,?,?,default)
    Hibernate: insert into ft_participants (draft_order,fantasy_game_seq,player_id,preferred_team,team_name,seq) values (?,?,?,?,?,default)
    Hibernate: insert into ft_participants (draft_order,fantasy_game_seq,player_id,preferred_team,team_name,seq) values (?,?,?,?,?,default)
    Hibernate: insert into ft_participants (draft_order,fantasy_game_seq,player_id,preferred_team,team_name,seq) values (?,?,?,?,?,default)
    Hibernate: insert into ft_participants (draft_order,fantasy_game_seq,player_id,preferred_team,team_name,seq) values (?,?,?,?,?,default)
    Hibernate: insert into ft_participants (draft_order,fantasy_game_seq,player_id,preferred_team,team_name,seq) values (?,?,?,?,?,default)
    Hibernate: insert into ft_participants (draft_order,fantasy_game_seq,player_id,preferred_team,team_name,seq) values (?,?,?,?,?,default)
    Hibernate: insert into ft_participants (draft_order,fantasy_game_seq,player_id,preferred_team,team_name,seq) values (?,?,?,?,?,default)
    Hibernate: insert into ft_participants (draft_order,fantasy_game_seq,player_id,preferred_team,team_name,seq) values (?,?,?,?,?,default)
    Hibernate: insert into ft_participants (draft_order,fantasy_game_seq,player_id,preferred_team,team_name,seq) values (?,?,?,?,?,default)
    Hibernate: insert into ft_participants (draft_order,fantasy_game_seq,player_id,preferred_team,team_name,seq) values (?,?,?,?,?,default)
    Hibernate: insert into ft_participants (draft_order,fantasy_game_seq,player_id,preferred_team,team_name,seq) values (?,?,?,?,?,default)
    Hibernate: insert into ft_participants (draft_order,fantasy_game_seq,player_id,preferred_team,team_name,seq) values (?,?,?,?,?,default)
    Hibernate: insert into ft_participants (draft_order,fantasy_game_seq,player_id,preferred_team,team_name,seq) values (?,?,?,?,?,default)
    Hibernate: insert into ft_participants (draft_order,fantasy_game_seq,player_id,preferred_team,team_name,seq) values (?,?,?,?,?,default)
    Hibernate: insert into ft_participants (draft_order,fantasy_game_seq,player_id,preferred_team,team_name,seq) values (?,?,?,?,?,default)
    Hibernate: insert into ft_participants (draft_order,fantasy_game_seq,player_id,preferred_team,team_name,seq) values (?,?,?,?,?,default)
    Hibernate: insert into ft_participants (draft_order,fantasy_game_seq,player_id,preferred_team,team_name,seq) values (?,?,?,?,?,default)
    Hibernate: insert into ft_participants (draft_order,fantasy_game_seq,player_id,preferred_team,team_name,seq) values (?,?,?,?,?,default)
    Hibernate: insert into ft_participants (draft_order,fantasy_game_seq,player_id,preferred_team,team_name,seq) values (?,?,?,?,?,default)
    Hibernate: insert into ft_participants (draft_order,fantasy_game_seq,player_id,preferred_team,team_name,seq) values (?,?,?,?,?,default)
    Hibernate: insert into ft_participants (draft_order,fantasy_game_seq,player_id,preferred_team,team_name,seq) values (?,?,?,?,?,default)
    Hibernate: insert into ft_participants (draft_order,fantasy_game_seq,player_id,preferred_team,team_name,seq) values (?,?,?,?,?,default)
    Hibernate: insert into ft_participants (draft_order,fantasy_game_seq,player_id,preferred_team,team_name,seq) values (?,?,?,?,?,default)
    Hibernate: insert into ft_participants (draft_order,fantasy_game_seq,player_id,preferred_team,team_name,seq) values (?,?,?,?,?,default)
    Hibernate: insert into ft_participants (draft_order,fantasy_game_seq,player_id,preferred_team,team_name,seq) values (?,?,?,?,?,default)
    Hibernate: insert into ft_participants (draft_order,fantasy_game_seq,player_id,preferred_team,team_name,seq) values (?,?,?,?,?,default)
    Hibernate: insert into ft_participants (draft_order,fantasy_game_seq,player_id,preferred_team,team_name,seq) values (?,?,?,?,?,default)
    Hibernate: insert into ft_participants (draft_order,fantasy_game_seq,player_id,preferred_team,team_name,seq) values (?,?,?,?,?,default)
    Hibernate: insert into ft_participants (draft_order,fantasy_game_seq,player_id,preferred_team,team_name,seq) values (?,?,?,?,?,default)
    Hibernate: insert into ft_participants (draft_order,fantasy_game_seq,player_id,preferred_team,team_name,seq) values (?,?,?,?,?,default)
    Hibernate: insert into ft_participants (draft_order,fantasy_game_seq,player_id,preferred_team,team_name,seq) values (?,?,?,?,?,default)
    Hibernate: insert into ft_participants (draft_order,fantasy_game_seq,player_id,preferred_team,team_name,seq) values (?,?,?,?,?,default)
    Hibernate: insert into ft_participants (draft_order,fantasy_game_seq,player_id,preferred_team,team_name,seq) values (?,?,?,?,?,default)
    Hibernate: insert into ft_participants (draft_order,fantasy_game_seq,player_id,preferred_team,team_name,seq) values (?,?,?,?,?,default)
    Hibernate: insert into ft_participants (draft_order,fantasy_game_seq,player_id,preferred_team,team_name,seq) values (?,?,?,?,?,default)
    Hibernate: insert into ft_participants (draft_order,fantasy_game_seq,player_id,preferred_team,team_name,seq) values (?,?,?,?,?,default)
    Hibernate: insert into ft_participants (draft_order,fantasy_game_seq,player_id,preferred_team,team_name,seq) values (?,?,?,?,?,default)
    Hibernate: insert into ft_participants (draft_order,fantasy_game_seq,player_id,preferred_team,team_name,seq) values (?,?,?,?,?,default)
    Hibernate: insert into ft_participants (draft_order,fantasy_game_seq,player_id,preferred_team,team_name,seq) values (?,?,?,?,?,default)
    Hibernate: insert into ft_participants (draft_order,fantasy_game_seq,player_id,preferred_team,team_name,seq) values (?,?,?,?,?,default)
    Hibernate: insert into ft_participants (draft_order,fantasy_game_seq,player_id,preferred_team,team_name,seq) values (?,?,?,?,?,default)
    Hibernate: insert into ft_participants (draft_order,fantasy_game_seq,player_id,preferred_team,team_name,seq) values (?,?,?,?,?,default)
    Hibernate: insert into ft_participants (draft_order,fantasy_game_seq,player_id,preferred_team,team_name,seq) values (?,?,?,?,?,default)
    Hibernate: insert into ft_participants (draft_order,fantasy_game_seq,player_id,preferred_team,team_name,seq) values (?,?,?,?,?,default)
    Hibernate: insert into ft_participants (draft_order,fantasy_game_seq,player_id,preferred_team,team_name,seq) values (?,?,?,?,?,default)
    Hibernate: insert into ft_participants (draft_order,fantasy_game_seq,player_id,preferred_team,team_name,seq) values (?,?,?,?,?,default)
    Hibernate: insert into ft_participants (draft_order,fantasy_game_seq,player_id,preferred_team,team_name,seq) values (?,?,?,?,?,default)
    Hibernate: insert into ft_participants (draft_order,fantasy_game_seq,player_id,preferred_team,team_name,seq) values (?,?,?,?,?,default)
    Hibernate: insert into ft_participants (draft_order,fantasy_game_seq,player_id,preferred_team,team_name,seq) values (?,?,?,?,?,default)
    Hibernate: insert into ft_participants (draft_order,fantasy_game_seq,player_id,preferred_team,team_name,seq) values (?,?,?,?,?,default)
    Hibernate: insert into ft_participants (draft_order,fantasy_game_seq,player_id,preferred_team,team_name,seq) values (?,?,?,?,?,default)
    Hibernate: insert into ft_participants (draft_order,fantasy_game_seq,player_id,preferred_team,team_name,seq) values (?,?,?,?,?,default)
    Hibernate: insert into ft_participants (draft_order,fantasy_game_seq,player_id,preferred_team,team_name,seq) values (?,?,?,?,?,default)
    Hibernate: insert into ft_participants (draft_order,fantasy_game_seq,player_id,preferred_team,team_name,seq) values (?,?,?,?,?,default)
    Hibernate: insert into ft_participants (draft_order,fantasy_game_seq,player_id,preferred_team,team_name,seq) values (?,?,?,?,?,default)
    Hibernate: insert into ft_participants (draft_order,fantasy_game_seq,player_id,preferred_team,team_name,seq) values (?,?,?,?,?,default)
    Hibernate: insert into ft_participants (draft_order,fantasy_game_seq,player_id,preferred_team,team_name,seq) values (?,?,?,?,?,default)
    Hibernate: insert into ft_participants (draft_order,fantasy_game_seq,player_id,preferred_team,team_name,seq) values (?,?,?,?,?,default)
    Hibernate: insert into ft_participants (draft_order,fantasy_game_seq,player_id,preferred_team,team_name,seq) values (?,?,?,?,?,default)
    Hibernate: insert into ft_participants (draft_order,fantasy_game_seq,player_id,preferred_team,team_name,seq) values (?,?,?,?,?,default)
    Hibernate: insert into ft_participants (draft_order,fantasy_game_seq,player_id,preferred_team,team_name,seq) values (?,?,?,?,?,default)
    Hibernate: insert into ft_participants (draft_order,fantasy_game_seq,player_id,preferred_team,team_name,seq) values (?,?,?,?,?,default)
    Hibernate: insert into ft_participants (draft_order,fantasy_game_seq,player_id,preferred_team,team_name,seq) values (?,?,?,?,?,default)
    Hibernate: insert into ft_participants (draft_order,fantasy_game_seq,player_id,preferred_team,team_name,seq) values (?,?,?,?,?,default)
    Hibernate: insert into ft_participants (draft_order,fantasy_game_seq,player_id,preferred_team,team_name,seq) values (?,?,?,?,?,default)
    Hibernate: insert into ft_participants (draft_order,fantasy_game_seq,player_id,preferred_team,team_name,seq) values (?,?,?,?,?,default)
    Hibernate: insert into ft_participants (draft_order,fantasy_game_seq,player_id,preferred_team,team_name,seq) values (?,?,?,?,?,default)
    Hibernate: insert into ft_participants (draft_order,fantasy_game_seq,player_id,preferred_team,team_name,seq) values (?,?,?,?,?,default)
    Hibernate: insert into ft_participants (draft_order,fantasy_game_seq,player_id,preferred_team,team_name,seq) values (?,?,?,?,?,default)
    Hibernate: insert into ft_participants (draft_order,fantasy_game_seq,player_id,preferred_team,team_name,seq) values (?,?,?,?,?,default)
    Hibernate: insert into ft_participants (draft_order,fantasy_game_seq,player_id,preferred_team,team_name,seq) values (?,?,?,?,?,default)
    Hibernate: insert into ft_participants (draft_order,fantasy_game_seq,player_id,preferred_team,team_name,seq) values (?,?,?,?,?,default)
    Hibernate: insert into ft_participants (draft_order,fantasy_game_seq,player_id,preferred_team,team_name,seq) values (?,?,?,?,?,default)
    Hibernate: insert into ft_participants (draft_order,fantasy_game_seq,player_id,preferred_team,team_name,seq) values (?,?,?,?,?,default)
    Hibernate: insert into ft_participants (draft_order,fantasy_game_seq,player_id,preferred_team,team_name,seq) values (?,?,?,?,?,default)
    Hibernate: insert into ft_participants (draft_order,fantasy_game_seq,player_id,preferred_team,team_name,seq) values (?,?,?,?,?,default)
    Hibernate: insert into ft_participants (draft_order,fantasy_game_seq,player_id,preferred_team,team_name,seq) values (?,?,?,?,?,default)
    Hibernate: insert into ft_participants (draft_order,fantasy_game_seq,player_id,preferred_team,team_name,seq) values (?,?,?,?,?,default)
    Hibernate: insert into ft_participants (draft_order,fantasy_game_seq,player_id,preferred_team,team_name,seq) values (?,?,?,?,?,default)
    Hibernate: insert into ft_participants (draft_order,fantasy_game_seq,player_id,preferred_team,team_name,seq) values (?,?,?,?,?,default)
    Hibernate: insert into ft_participants (draft_order,fantasy_game_seq,player_id,preferred_team,team_name,seq) values (?,?,?,?,?,default)
    Hibernate: insert into ft_participants (draft_order,fantasy_game_seq,player_id,preferred_team,team_name,seq) values (?,?,?,?,?,default)
    Hibernate: insert into ft_participants (draft_order,fantasy_game_seq,player_id,preferred_team,team_name,seq) values (?,?,?,?,?,default)
    Hibernate: insert into ft_participants (draft_order,fantasy_game_seq,player_id,preferred_team,team_name,seq) values (?,?,?,?,?,default)
    Hibernate: insert into ft_participants (draft_order,fantasy_game_seq,player_id,preferred_team,team_name,seq) values (?,?,?,?,?,default)
    Hibernate: insert into ft_participants (draft_order,fantasy_game_seq,player_id,preferred_team,team_name,seq) values (?,?,?,?,?,default)
    Hibernate: insert into ft_participants (draft_order,fantasy_game_seq,player_id,preferred_team,team_name,seq) values (?,?,?,?,?,default)
    Hibernate: insert into ft_participants (draft_order,fantasy_game_seq,player_id,preferred_team,team_name,seq) values (?,?,?,?,?,default)
    Hibernate: insert into ft_participants (draft_order,fantasy_game_seq,player_id,preferred_team,team_name,seq) values (?,?,?,?,?,default)
    Hibernate: insert into ft_participants (draft_order,fantasy_game_seq,player_id,preferred_team,team_name,seq) values (?,?,?,?,?,default)
    Hibernate: insert into ft_participants (draft_order,fantasy_game_seq,player_id,preferred_team,team_name,seq) values (?,?,?,?,?,default)
    Hibernate: insert into ft_participants (draft_order,fantasy_game_seq,player_id,preferred_team,team_name,seq) values (?,?,?,?,?,default)
    Hibernate: insert into ft_participants (draft_order,fantasy_game_seq,player_id,preferred_team,team_name,seq) values (?,?,?,?,?,default)
    Hibernate: insert into ft_participants (draft_order,fantasy_game_seq,player_id,preferred_team,team_name,seq) values (?,?,?,?,?,default)
    Hibernate: insert into ft_participants (draft_order,fantasy_game_seq,player_id,preferred_team,team_name,seq) values (?,?,?,?,?,default)
    Hibernate: insert into ft_participants (draft_order,fantasy_game_seq,player_id,preferred_team,team_name,seq) values (?,?,?,?,?,default)
    Hibernate: insert into ft_participants (draft_order,fantasy_game_seq,player_id,preferred_team,team_name,seq) values (?,?,?,?,?,default)
    Hibernate: insert into ft_participants (draft_order,fantasy_game_seq,player_id,preferred_team,team_name,seq) values (?,?,?,?,?,default)
    Hibernate: insert into ft_participants (draft_order,fantasy_game_seq,player_id,preferred_team,team_name,seq) values (?,?,?,?,?,default)
    Hibernate: insert into ft_participants (draft_order,fantasy_game_seq,player_id,preferred_team,team_name,seq) values (?,?,?,?,?,default)
    Hibernate: insert into ft_participants (draft_order,fantasy_game_seq,player_id,preferred_team,team_name,seq) values (?,?,?,?,?,default)
    Hibernate: insert into ft_participants (draft_order,fantasy_game_seq,player_id,preferred_team,team_name,seq) values (?,?,?,?,?,default)
    Hibernate: insert into ft_participants (draft_order,fantasy_game_seq,player_id,preferred_team,team_name,seq) values (?,?,?,?,?,default)
    Hibernate: insert into ft_participants (draft_order,fantasy_game_seq,player_id,preferred_team,team_name,seq) values (?,?,?,?,?,default)
    Hibernate: insert into ft_participants (draft_order,fantasy_game_seq,player_id,preferred_team,team_name,seq) values (?,?,?,?,?,default)
    Hibernate: insert into ft_participants (draft_order,fantasy_game_seq,player_id,preferred_team,team_name,seq) values (?,?,?,?,?,default)
    Hibernate: insert into ft_participants (draft_order,fantasy_game_seq,player_id,preferred_team,team_name,seq) values (?,?,?,?,?,default)
    Hibernate: insert into ft_participants (draft_order,fantasy_game_seq,player_id,preferred_team,team_name,seq) values (?,?,?,?,?,default)
    Hibernate: insert into ft_participants (draft_order,fantasy_game_seq,player_id,preferred_team,team_name,seq) values (?,?,?,?,?,default)
    Hibernate: insert into ft_participants (draft_order,fantasy_game_seq,player_id,preferred_team,team_name,seq) values (?,?,?,?,?,default)
    Hibernate: insert into ft_participants (draft_order,fantasy_game_seq,player_id,preferred_team,team_name,seq) values (?,?,?,?,?,default)
    Hibernate: insert into ft_participants (draft_order,fantasy_game_seq,player_id,preferred_team,team_name,seq) values (?,?,?,?,?,default)
    Hibernate: insert into ft_participants (draft_order,fantasy_game_seq,player_id,preferred_team,team_name,seq) values (?,?,?,?,?,default)
    Hibernate: insert into ft_participants (draft_order,fantasy_game_seq,player_id,preferred_team,team_name,seq) values (?,?,?,?,?,default)
    Hibernate: insert into ft_participants (draft_order,fantasy_game_seq,player_id,preferred_team,team_name,seq) values (?,?,?,?,?,default)
    Hibernate: insert into ft_participants (draft_order,fantasy_game_seq,player_id,preferred_team,team_name,seq) values (?,?,?,?,?,default)
    Hibernate: insert into ft_participants (draft_order,fantasy_game_seq,player_id,preferred_team,team_name,seq) values (?,?,?,?,?,default)
    Hibernate: insert into ft_participants (draft_order,fantasy_game_seq,player_id,preferred_team,team_name,seq) values (?,?,?,?,?,default)
    Hibernate: insert into ft_participants (draft_order,fantasy_game_seq,player_id,preferred_team,team_name,seq) values (?,?,?,?,?,default)
    Hibernate: insert into ft_participants (draft_order,fantasy_game_seq,player_id,preferred_team,team_name,seq) values (?,?,?,?,?,default)
    Hibernate: insert into ft_participants (draft_order,fantasy_game_seq,player_id,preferred_team,team_name,seq) values (?,?,?,?,?,default)
    Hibernate: insert into ft_participants (draft_order,fantasy_game_seq,player_id,preferred_team,team_name,seq) values (?,?,?,?,?,default)
    Hibernate: insert into ft_participants (draft_order,fantasy_game_seq,player_id,preferred_team,team_name,seq) values (?,?,?,?,?,default)
    Hibernate: insert into ft_participants (draft_order,fantasy_game_seq,player_id,preferred_team,team_name,seq) values (?,?,?,?,?,default)
    Hibernate: insert into ft_participants (draft_order,fantasy_game_seq,player_id,preferred_team,team_name,seq) values (?,?,?,?,?,default)
    Hibernate: insert into ft_participants (draft_order,fantasy_game_seq,player_id,preferred_team,team_name,seq) values (?,?,?,?,?,default)
    Hibernate: insert into ft_participants (draft_order,fantasy_game_seq,player_id,preferred_team,team_name,seq) values (?,?,?,?,?,default)
    Hibernate: insert into ft_participants (draft_order,fantasy_game_seq,player_id,preferred_team,team_name,seq) values (?,?,?,?,?,default)
    Hibernate: insert into ft_participants (draft_order,fantasy_game_seq,player_id,preferred_team,team_name,seq) values (?,?,?,?,?,default)
    Hibernate: insert into ft_participants (draft_order,fantasy_game_seq,player_id,preferred_team,team_name,seq) values (?,?,?,?,?,default)
    Hibernate: insert into ft_participants (draft_order,fantasy_game_seq,player_id,preferred_team,team_name,seq) values (?,?,?,?,?,default)
    Hibernate: insert into ft_participants (draft_order,fantasy_game_seq,player_id,preferred_team,team_name,seq) values (?,?,?,?,?,default)
    Hibernate: insert into ft_participants (draft_order,fantasy_game_seq,player_id,preferred_team,team_name,seq) values (?,?,?,?,?,default)
    Hibernate: insert into ft_participants (draft_order,fantasy_game_seq,player_id,preferred_team,team_name,seq) values (?,?,?,?,?,default)
    Hibernate: insert into ft_participants (draft_order,fantasy_game_seq,player_id,preferred_team,team_name,seq) values (?,?,?,?,?,default)
    Hibernate: insert into ft_participants (draft_order,fantasy_game_seq,player_id,preferred_team,team_name,seq) values (?,?,?,?,?,default)
    Hibernate: insert into ft_participants (draft_order,fantasy_game_seq,player_id,preferred_team,team_name,seq) values (?,?,?,?,?,default)
    Hibernate: insert into ft_participants (draft_order,fantasy_game_seq,player_id,preferred_team,team_name,seq) values (?,?,?,?,?,default)
    Hibernate: insert into ft_participants (draft_order,fantasy_game_seq,player_id,preferred_team,team_name,seq) values (?,?,?,?,?,default)
    Hibernate: insert into ft_participants (draft_order,fantasy_game_seq,player_id,preferred_team,team_name,seq) values (?,?,?,?,?,default)
    Hibernate: insert into ft_participants (draft_order,fantasy_game_seq,player_id,preferred_team,team_name,seq) values (?,?,?,?,?,default)
    Hibernate: insert into ft_participants (draft_order,fantasy_game_seq,player_id,preferred_team,team_name,seq) values (?,?,?,?,?,default)
    Hibernate: insert into ft_participants (draft_order,fantasy_game_seq,player_id,preferred_team,team_name,seq) values (?,?,?,?,?,default)
    Hibernate: insert into ft_participants (draft_order,fantasy_game_seq,player_id,preferred_team,team_name,seq) values (?,?,?,?,?,default)
    Hibernate: insert into ft_participants (draft_order,fantasy_game_seq,player_id,preferred_team,team_name,seq) values (?,?,?,?,?,default)
    Hibernate: insert into ft_participants (draft_order,fantasy_game_seq,player_id,preferred_team,team_name,seq) values (?,?,?,?,?,default)
    Hibernate: insert into ft_participants (draft_order,fantasy_game_seq,player_id,preferred_team,team_name,seq) values (?,?,?,?,?,default)
    Hibernate: insert into ft_participants (draft_order,fantasy_game_seq,player_id,preferred_team,team_name,seq) values (?,?,?,?,?,default)
    Hibernate: insert into ft_participants (draft_order,fantasy_game_seq,player_id,preferred_team,team_name,seq) values (?,?,?,?,?,default)
    Hibernate: insert into ft_participants (draft_order,fantasy_game_seq,player_id,preferred_team,team_name,seq) values (?,?,?,?,?,default)
    Hibernate: insert into ft_participants (draft_order,fantasy_game_seq,player_id,preferred_team,team_name,seq) values (?,?,?,?,?,default)
    Hibernate: insert into ft_participants (draft_order,fantasy_game_seq,player_id,preferred_team,team_name,seq) values (?,?,?,?,?,default)
    Hibernate: insert into ft_participants (draft_order,fantasy_game_seq,player_id,preferred_team,team_name,seq) values (?,?,?,?,?,default)
    Hibernate: insert into ft_participants (draft_order,fantasy_game_seq,player_id,preferred_team,team_name,seq) values (?,?,?,?,?,default)
    Hibernate: insert into ft_participants (draft_order,fantasy_game_seq,player_id,preferred_team,team_name,seq) values (?,?,?,?,?,default)
    Hibernate: insert into ft_participants (draft_order,fantasy_game_seq,player_id,preferred_team,team_name,seq) values (?,?,?,?,?,default)
    Hibernate: insert into ft_participants (draft_order,fantasy_game_seq,player_id,preferred_team,team_name,seq) values (?,?,?,?,?,default)
    Hibernate: insert into ft_participants (draft_order,fantasy_game_seq,player_id,preferred_team,team_name,seq) values (?,?,?,?,?,default)
    Hibernate: insert into ft_participants (draft_order,fantasy_game_seq,player_id,preferred_team,team_name,seq) values (?,?,?,?,?,default)
    Hibernate: insert into ft_participants (draft_order,fantasy_game_seq,player_id,preferred_team,team_name,seq) values (?,?,?,?,?,default)
    Hibernate: insert into ft_participants (draft_order,fantasy_game_seq,player_id,preferred_team,team_name,seq) values (?,?,?,?,?,default)
    Hibernate: insert into ft_participants (draft_order,fantasy_game_seq,player_id,preferred_team,team_name,seq) values (?,?,?,?,?,default)
    Hibernate: insert into ft_participants (draft_order,fantasy_game_seq,player_id,preferred_team,team_name,seq) values (?,?,?,?,?,default)
    Hibernate: insert into ft_participants (draft_order,fantasy_game_seq,player_id,preferred_team,team_name,seq) values (?,?,?,?,?,default)
    Hibernate: insert into ft_participants (draft_order,fantasy_game_seq,player_id,preferred_team,team_name,seq) values (?,?,?,?,?,default)
    Hibernate: insert into ft_participants (draft_order,fantasy_game_seq,player_id,preferred_team,team_name,seq) values (?,?,?,?,?,default)
    Hibernate: insert into ft_participants (draft_order,fantasy_game_seq,player_id,preferred_team,team_name,seq) values (?,?,?,?,?,default)
    Hibernate: insert into ft_participants (draft_order,fantasy_game_seq,player_id,preferred_team,team_name,seq) values (?,?,?,?,?,default)
    Hibernate: insert into ft_participants (draft_order,fantasy_game_seq,player_id,preferred_team,team_name,seq) values (?,?,?,?,?,default)
    Hibernate: insert into ft_participants (draft_order,fantasy_game_seq,player_id,preferred_team,team_name,seq) values (?,?,?,?,?,default)
    Hibernate: insert into ft_participants (draft_order,fantasy_game_seq,player_id,preferred_team,team_name,seq) values (?,?,?,?,?,default)
    Hibernate: insert into ft_participants (draft_order,fantasy_game_seq,player_id,preferred_team,team_name,seq) values (?,?,?,?,?,default)
    Hibernate: insert into ft_participants (draft_order,fantasy_game_seq,player_id,preferred_team,team_name,seq) values (?,?,?,?,?,default)
    Hibernate: insert into ft_participants (draft_order,fantasy_game_seq,player_id,preferred_team,team_name,seq) values (?,?,?,?,?,default)
    Hibernate: insert into ft_participants (draft_order,fantasy_game_seq,player_id,preferred_team,team_name,seq) values (?,?,?,?,?,default)
    Hibernate: insert into ft_participants (draft_order,fantasy_game_seq,player_id,preferred_team,team_name,seq) values (?,?,?,?,?,default)
    Hibernate: insert into ft_participants (draft_order,fantasy_game_seq,player_id,preferred_team,team_name,seq) values (?,?,?,?,?,default)
    Hibernate: insert into ft_participants (draft_order,fantasy_game_seq,player_id,preferred_team,team_name,seq) values (?,?,?,?,?,default)
    Hibernate: insert into ft_participants (draft_order,fantasy_game_seq,player_id,preferred_team,team_name,seq) values (?,?,?,?,?,default)
    Hibernate: insert into ft_participants (draft_order,fantasy_game_seq,player_id,preferred_team,team_name,seq) values (?,?,?,?,?,default)
    Hibernate: insert into ft_participants (draft_order,fantasy_game_seq,player_id,preferred_team,team_name,seq) values (?,?,?,?,?,default)
    Hibernate: insert into ft_participants (draft_order,fantasy_game_seq,player_id,preferred_team,team_name,seq) values (?,?,?,?,?,default)
    Hibernate: insert into ft_participants (draft_order,fantasy_game_seq,player_id,preferred_team,team_name,seq) values (?,?,?,?,?,default)
    Hibernate: insert into ft_participants (draft_order,fantasy_game_seq,player_id,preferred_team,team_name,seq) values (?,?,?,?,?,default)
    Hibernate: insert into ft_participants (draft_order,fantasy_game_seq,player_id,preferred_team,team_name,seq) values (?,?,?,?,?,default)
    Hibernate: insert into ft_participants (draft_order,fantasy_game_seq,player_id,preferred_team,team_name,seq) values (?,?,?,?,?,default)
    Hibernate: insert into ft_participants (draft_order,fantasy_game_seq,player_id,preferred_team,team_name,seq) values (?,?,?,?,?,default)
    Hibernate: insert into ft_participants (draft_order,fantasy_game_seq,player_id,preferred_team,team_name,seq) values (?,?,?,?,?,default)
    Hibernate: insert into ft_participants (draft_order,fantasy_game_seq,player_id,preferred_team,team_name,seq) values (?,?,?,?,?,default)
    Hibernate: insert into ft_participants (draft_order,fantasy_game_seq,player_id,preferred_team,team_name,seq) values (?,?,?,?,?,default)
    Hibernate: insert into ft_participants (draft_order,fantasy_game_seq,player_id,preferred_team,team_name,seq) values (?,?,?,?,?,default)
    Hibernate: insert into ft_participants (draft_order,fantasy_game_seq,player_id,preferred_team,team_name,seq) values (?,?,?,?,?,default)
    Hibernate: insert into ft_participants (draft_order,fantasy_game_seq,player_id,preferred_team,team_name,seq) values (?,?,?,?,?,default)
    Hibernate: insert into ft_participants (draft_order,fantasy_game_seq,player_id,preferred_team,team_name,seq) values (?,?,?,?,?,default)
    Hibernate: insert into ft_participants (draft_order,fantasy_game_seq,player_id,preferred_team,team_name,seq) values (?,?,?,?,?,default)
    Hibernate: insert into ft_participants (draft_order,fantasy_game_seq,player_id,preferred_team,team_name,seq) values (?,?,?,?,?,default)
    Hibernate: insert into ft_participants (draft_order,fantasy_game_seq,player_id,preferred_team,team_name,seq) values (?,?,?,?,?,default)
    Hibernate: insert into ft_participants (draft_order,fantasy_game_seq,player_id,preferred_team,team_name,seq) values (?,?,?,?,?,default)
    Hibernate: insert into ft_participants (draft_order,fantasy_game_seq,player_id,preferred_team,team_name,seq) values (?,?,?,?,?,default)
    Hibernate: insert into ft_participants (draft_order,fantasy_game_seq,player_id,preferred_team,team_name,seq) values (?,?,?,?,?,default)
    Hibernate: insert into ft_participants (draft_order,fantasy_game_seq,player_id,preferred_team,team_name,seq) values (?,?,?,?,?,default)
    Hibernate: insert into ft_participants (draft_order,fantasy_game_seq,player_id,preferred_team,team_name,seq) values (?,?,?,?,?,default)
    Hibernate: insert into ft_participants (draft_order,fantasy_game_seq,player_id,preferred_team,team_name,seq) values (?,?,?,?,?,default)
    Hibernate: insert into ft_participants (draft_order,fantasy_game_seq,player_id,preferred_team,team_name,seq) values (?,?,?,?,?,default)
    Hibernate: insert into ft_participants (draft_order,fantasy_game_seq,player_id,preferred_team,team_name,seq) values (?,?,?,?,?,default)
    Hibernate: insert into ft_participants (draft_order,fantasy_game_seq,player_id,preferred_team,team_name,seq) values (?,?,?,?,?,default)
    Hibernate: insert into ft_participants (draft_order,fantasy_game_seq,player_id,preferred_team,team_name,seq) values (?,?,?,?,?,default)
    Hibernate: insert into ft_participants (draft_order,fantasy_game_seq,player_id,preferred_team,team_name,seq) values (?,?,?,?,?,default)
    Hibernate: insert into ft_participants (draft_order,fantasy_game_seq,player_id,preferred_team,team_name,seq) values (?,?,?,?,?,default)
    Hibernate: insert into ft_participants (draft_order,fantasy_game_seq,player_id,preferred_team,team_name,seq) values (?,?,?,?,?,default)
    Hibernate: insert into ft_participants (draft_order,fantasy_game_seq,player_id,preferred_team,team_name,seq) values (?,?,?,?,?,default)
    Hibernate: insert into ft_participants (draft_order,fantasy_game_seq,player_id,preferred_team,team_name,seq) values (?,?,?,?,?,default)
    Hibernate: insert into ft_participants (draft_order,fantasy_game_seq,player_id,preferred_team,team_name,seq) values (?,?,?,?,?,default)
    Hibernate: insert into ft_participants (draft_order,fantasy_game_seq,player_id,preferred_team,team_name,seq) values (?,?,?,?,?,default)
    Hibernate: insert into ft_participants (draft_order,fantasy_game_seq,player_id,preferred_team,team_name,seq) values (?,?,?,?,?,default)
    Hibernate: insert into ft_participants (draft_order,fantasy_game_seq,player_id,preferred_team,team_name,seq) values (?,?,?,?,?,default)
    Hibernate: insert into ft_participants (draft_order,fantasy_game_seq,player_id,preferred_team,team_name,seq) values (?,?,?,?,?,default)
    Hibernate: insert into ft_participants (draft_order,fantasy_game_seq,player_id,preferred_team,team_name,seq) values (?,?,?,?,?,default)
    Hibernate: insert into ft_participants (draft_order,fantasy_game_seq,player_id,preferred_team,team_name,seq) values (?,?,?,?,?,default)
    Hibernate: insert into ft_participants (draft_order,fantasy_game_seq,player_id,preferred_team,team_name,seq) values (?,?,?,?,?,default)
    Hibernate: insert into ft_participants (draft_order,fantasy_game_seq,player_id,preferred_team,team_name,seq) values (?,?,?,?,?,default)
    Hibernate: insert into ft_participants (draft_order,fantasy_game_seq,player_id,preferred_team,team_name,seq) values (?,?,?,?,?,default)
    Hibernate: insert into ft_participants (draft_order,fantasy_game_seq,player_id,preferred_team,team_name,seq) values (?,?,?,?,?,default)
    Hibernate: insert into ft_participants (draft_order,fantasy_game_seq,player_id,preferred_team,team_name,seq) values (?,?,?,?,?,default)
    Hibernate: insert into ft_participants (draft_order,fantasy_game_seq,player_id,preferred_team,team_name,seq) values (?,?,?,?,?,default)
    Hibernate: insert into ft_participants (draft_order,fantasy_game_seq,player_id,preferred_team,team_name,seq) values (?,?,?,?,?,default)
    Hibernate: insert into ft_participants (draft_order,fantasy_game_seq,player_id,preferred_team,team_name,seq) values (?,?,?,?,?,default)
    Hibernate: insert into ft_participants (draft_order,fantasy_game_seq,player_id,preferred_team,team_name,seq) values (?,?,?,?,?,default)
    Hibernate: insert into ft_participants (draft_order,fantasy_game_seq,player_id,preferred_team,team_name,seq) values (?,?,?,?,?,default)
    Hibernate: insert into ft_participants (draft_order,fantasy_game_seq,player_id,preferred_team,team_name,seq) values (?,?,?,?,?,default)
    Hibernate: insert into ft_participants (draft_order,fantasy_game_seq,player_id,preferred_team,team_name,seq) values (?,?,?,?,?,default)
    Hibernate: insert into ft_participants (draft_order,fantasy_game_seq,player_id,preferred_team,team_name,seq) values (?,?,?,?,?,default)
    Hibernate: insert into ft_participants (draft_order,fantasy_game_seq,player_id,preferred_team,team_name,seq) values (?,?,?,?,?,default)
    Hibernate: insert into ft_participants (draft_order,fantasy_game_seq,player_id,preferred_team,team_name,seq) values (?,?,?,?,?,default)
    Hibernate: insert into ft_participants (draft_order,fantasy_game_seq,player_id,preferred_team,team_name,seq) values (?,?,?,?,?,default)
    Hibernate: insert into ft_participants (draft_order,fantasy_game_seq,player_id,preferred_team,team_name,seq) values (?,?,?,?,?,default)
    Hibernate: insert into ft_participants (draft_order,fantasy_game_seq,player_id,preferred_team,team_name,seq) values (?,?,?,?,?,default)
    Hibernate: insert into ft_participants (draft_order,fantasy_game_seq,player_id,preferred_team,team_name,seq) values (?,?,?,?,?,default)
    Hibernate: insert into ft_participants (draft_order,fantasy_game_seq,player_id,preferred_team,team_name,seq) values (?,?,?,?,?,default)
    Hibernate: insert into ft_participants (draft_order,fantasy_game_seq,player_id,preferred_team,team_name,seq) values (?,?,?,?,?,default)
    Hibernate: insert into ft_participants (draft_order,fantasy_game_seq,player_id,preferred_team,team_name,seq) values (?,?,?,?,?,default)
    Hibernate: insert into ft_participants (draft_order,fantasy_game_seq,player_id,preferred_team,team_name,seq) values (?,?,?,?,?,default)
    Hibernate: insert into ft_participants (draft_order,fantasy_game_seq,player_id,preferred_team,team_name,seq) values (?,?,?,?,?,default)
    Hibernate: insert into ft_participants (draft_order,fantasy_game_seq,player_id,preferred_team,team_name,seq) values (?,?,?,?,?,default)
    Hibernate: insert into ft_participants (draft_order,fantasy_game_seq,player_id,preferred_team,team_name,seq) values (?,?,?,?,?,default)
    Hibernate: insert into ft_participants (draft_order,fantasy_game_seq,player_id,preferred_team,team_name,seq) values (?,?,?,?,?,default)
    Hibernate: insert into ft_participants (draft_order,fantasy_game_seq,player_id,preferred_team,team_name,seq) values (?,?,?,?,?,default)
    Hibernate: insert into ft_participants (draft_order,fantasy_game_seq,player_id,preferred_team,team_name,seq) values (?,?,?,?,?,default)
    Hibernate: insert into ft_participants (draft_order,fantasy_game_seq,player_id,preferred_team,team_name,seq) values (?,?,?,?,?,default)
    Hibernate: insert into ft_participants (draft_order,fantasy_game_seq,player_id,preferred_team,team_name,seq) values (?,?,?,?,?,default)
    Hibernate: insert into ft_participants (draft_order,fantasy_game_seq,player_id,preferred_team,team_name,seq) values (?,?,?,?,?,default)
    Hibernate: insert into ft_participants (draft_order,fantasy_game_seq,player_id,preferred_team,team_name,seq) values (?,?,?,?,?,default)
    Hibernate: insert into ft_participants (draft_order,fantasy_game_seq,player_id,preferred_team,team_name,seq) values (?,?,?,?,?,default)
    Hibernate: insert into ft_participants (draft_order,fantasy_game_seq,player_id,preferred_team,team_name,seq) values (?,?,?,?,?,default)
    Hibernate: insert into ft_participants (draft_order,fantasy_game_seq,player_id,preferred_team,team_name,seq) values (?,?,?,?,?,default)
    Hibernate: insert into ft_participants (draft_order,fantasy_game_seq,player_id,preferred_team,team_name,seq) values (?,?,?,?,?,default)
    Hibernate: insert into ft_participants (draft_order,fantasy_game_seq,player_id,preferred_team,team_name,seq) values (?,?,?,?,?,default)
    Hibernate: insert into ft_participants (draft_order,fantasy_game_seq,player_id,preferred_team,team_name,seq) values (?,?,?,?,?,default)
    Hibernate: insert into ft_participants (draft_order,fantasy_game_seq,player_id,preferred_team,team_name,seq) values (?,?,?,?,?,default)
    Hibernate: insert into ft_participants (draft_order,fantasy_game_seq,player_id,preferred_team,team_name,seq) values (?,?,?,?,?,default)
    Hibernate: insert into ft_participants (draft_order,fantasy_game_seq,player_id,preferred_team,team_name,seq) values (?,?,?,?,?,default)
    Hibernate: insert into ft_participants (draft_order,fantasy_game_seq,player_id,preferred_team,team_name,seq) values (?,?,?,?,?,default)
    Hibernate: insert into ft_participants (draft_order,fantasy_game_seq,player_id,preferred_team,team_name,seq) values (?,?,?,?,?,default)
    Hibernate: insert into ft_participants (draft_order,fantasy_game_seq,player_id,preferred_team,team_name,seq) values (?,?,?,?,?,default)
    Hibernate: insert into ft_participants (draft_order,fantasy_game_seq,player_id,preferred_team,team_name,seq) values (?,?,?,?,?,default)
    Hibernate: insert into ft_participants (draft_order,fantasy_game_seq,player_id,preferred_team,team_name,seq) values (?,?,?,?,?,default)
    Hibernate: insert into ft_participants (draft_order,fantasy_game_seq,player_id,preferred_team,team_name,seq) values (?,?,?,?,?,default)
    Hibernate: insert into ft_participants (draft_order,fantasy_game_seq,player_id,preferred_team,team_name,seq) values (?,?,?,?,?,default)
    Hibernate: insert into ft_participants (draft_order,fantasy_game_seq,player_id,preferred_team,team_name,seq) values (?,?,?,?,?,default)
    Hibernate: insert into ft_participants (draft_order,fantasy_game_seq,player_id,preferred_team,team_name,seq) values (?,?,?,?,?,default)
    Hibernate: insert into ft_participants (draft_order,fantasy_game_seq,player_id,preferred_team,team_name,seq) values (?,?,?,?,?,default)
    Hibernate: insert into ft_participants (draft_order,fantasy_game_seq,player_id,preferred_team,team_name,seq) values (?,?,?,?,?,default)
    Hibernate: insert into ft_participants (draft_order,fantasy_game_seq,player_id,preferred_team,team_name,seq) values (?,?,?,?,?,default)
    Hibernate: insert into ft_participants (draft_order,fantasy_game_seq,player_id,preferred_team,team_name,seq) values (?,?,?,?,?,default)
    Hibernate: insert into ft_participants (draft_order,fantasy_game_seq,player_id,preferred_team,team_name,seq) values (?,?,?,?,?,default)
    Hibernate: insert into ft_participants (draft_order,fantasy_game_seq,player_id,preferred_team,team_name,seq) values (?,?,?,?,?,default)
    Hibernate: insert into ft_participants (draft_order,fantasy_game_seq,player_id,preferred_team,team_name,seq) values (?,?,?,?,?,default)
    Hibernate: insert into ft_participants (draft_order,fantasy_game_seq,player_id,preferred_team,team_name,seq) values (?,?,?,?,?,default)
    Hibernate: insert into ft_participants (draft_order,fantasy_game_seq,player_id,preferred_team,team_name,seq) values (?,?,?,?,?,default)
    Hibernate: insert into ft_participants (draft_order,fantasy_game_seq,player_id,preferred_team,team_name,seq) values (?,?,?,?,?,default)
    Hibernate: insert into ft_participants (draft_order,fantasy_game_seq,player_id,preferred_team,team_name,seq) values (?,?,?,?,?,default)
    Hibernate: insert into ft_participants (draft_order,fantasy_game_seq,player_id,preferred_team,team_name,seq) values (?,?,?,?,?,default)
    Hibernate: insert into ft_participants (draft_order,fantasy_game_seq,player_id,preferred_team,team_name,seq) values (?,?,?,?,?,default)
    Hibernate: insert into ft_participants (draft_order,fantasy_game_seq,player_id,preferred_team,team_name,seq) values (?,?,?,?,?,default)
    Hibernate: insert into ft_participants (draft_order,fantasy_game_seq,player_id,preferred_team,team_name,seq) values (?,?,?,?,?,default)
    Hibernate: insert into ft_participants (draft_order,fantasy_game_seq,player_id,preferred_team,team_name,seq) values (?,?,?,?,?,default)
    Hibernate: insert into ft_participants (draft_order,fantasy_game_seq,player_id,preferred_team,team_name,seq) values (?,?,?,?,?,default)
    Hibernate: insert into ft_participants (draft_order,fantasy_game_seq,player_id,preferred_team,team_name,seq) values (?,?,?,?,?,default)
    Hibernate: insert into ft_participants (draft_order,fantasy_game_seq,player_id,preferred_team,team_name,seq) values (?,?,?,?,?,default)
    Hibernate: insert into ft_participants (draft_order,fantasy_game_seq,player_id,preferred_team,team_name,seq) values (?,?,?,?,?,default)
    Hibernate: insert into ft_participants (draft_order,fantasy_game_seq,player_id,preferred_team,team_name,seq) values (?,?,?,?,?,default)
    Hibernate: insert into ft_participants (draft_order,fantasy_game_seq,player_id,preferred_team,team_name,seq) values (?,?,?,?,?,default)
    Hibernate: insert into ft_participants (draft_order,fantasy_game_seq,player_id,preferred_team,team_name,seq) values (?,?,?,?,?,default)
    Hibernate: insert into ft_participants (draft_order,fantasy_game_seq,player_id,preferred_team,team_name,seq) values (?,?,?,?,?,default)
    Hibernate: insert into ft_participants (draft_order,fantasy_game_seq,player_id,preferred_team,team_name,seq) values (?,?,?,?,?,default)
    Hibernate: insert into ft_participants (draft_order,fantasy_game_seq,player_id,preferred_team,team_name,seq) values (?,?,?,?,?,default)
    Hibernate: insert into ft_participants (draft_order,fantasy_game_seq,player_id,preferred_team,team_name,seq) values (?,?,?,?,?,default)
    Hibernate: insert into ft_participants (draft_order,fantasy_game_seq,player_id,preferred_team,team_name,seq) values (?,?,?,?,?,default)
    Hibernate: insert into ft_participants (draft_order,fantasy_game_seq,player_id,preferred_team,team_name,seq) values (?,?,?,?,?,default)
    Hibernate: insert into ft_participants (draft_order,fantasy_game_seq,player_id,preferred_team,team_name,seq) values (?,?,?,?,?,default)
    Hibernate: insert into ft_participants (draft_order,fantasy_game_seq,player_id,preferred_team,team_name,seq) values (?,?,?,?,?,default)
    Hibernate: insert into ft_participants (draft_order,fantasy_game_seq,player_id,preferred_team,team_name,seq) values (?,?,?,?,?,default)
    Hibernate: insert into ft_participants (draft_order,fantasy_game_seq,player_id,preferred_team,team_name,seq) values (?,?,?,?,?,default)
    Hibernate: insert into ft_participants (draft_order,fantasy_game_seq,player_id,preferred_team,team_name,seq) values (?,?,?,?,?,default)
    Hibernate: insert into ft_participants (draft_order,fantasy_game_seq,player_id,preferred_team,team_name,seq) values (?,?,?,?,?,default)
    Hibernate: insert into ft_participants (draft_order,fantasy_game_seq,player_id,preferred_team,team_name,seq) values (?,?,?,?,?,default)
    Hibernate: insert into ft_participants (draft_order,fantasy_game_seq,player_id,preferred_team,team_name,seq) values (?,?,?,?,?,default)
    Hibernate: insert into ft_participants (draft_order,fantasy_game_seq,player_id,preferred_team,team_name,seq) values (?,?,?,?,?,default)
    Hibernate: insert into ft_participants (draft_order,fantasy_game_seq,player_id,preferred_team,team_name,seq) values (?,?,?,?,?,default)
    Hibernate: insert into ft_participants (draft_order,fantasy_game_seq,player_id,preferred_team,team_name,seq) values (?,?,?,?,?,default)
    Hibernate: insert into ft_participants (draft_order,fantasy_game_seq,player_id,preferred_team,team_name,seq) values (?,?,?,?,?,default)
    Hibernate: insert into ft_participants (draft_order,fantasy_game_seq,player_id,preferred_team,team_name,seq) values (?,?,?,?,?,default)
    Hibernate: insert into ft_participants (draft_order,fantasy_game_seq,player_id,preferred_team,team_name,seq) values (?,?,?,?,?,default)
    Hibernate: insert into ft_participants (draft_order,fantasy_game_seq,player_id,preferred_team,team_name,seq) values (?,?,?,?,?,default)
    Hibernate: insert into ft_participants (draft_order,fantasy_game_seq,player_id,preferred_team,team_name,seq) values (?,?,?,?,?,default)
    Hibernate: insert into ft_participants (draft_order,fantasy_game_seq,player_id,preferred_team,team_name,seq) values (?,?,?,?,?,default)
    Hibernate: insert into ft_participants (draft_order,fantasy_game_seq,player_id,preferred_team,team_name,seq) values (?,?,?,?,?,default)
    Hibernate: insert into ft_participants (draft_order,fantasy_game_seq,player_id,preferred_team,team_name,seq) values (?,?,?,?,?,default)
    Hibernate: insert into ft_participants (draft_order,fantasy_game_seq,player_id,preferred_team,team_name,seq) values (?,?,?,?,?,default)
    Hibernate: insert into ft_participants (draft_order,fantasy_game_seq,player_id,preferred_team,team_name,seq) values (?,?,?,?,?,default)
    Hibernate: insert into ft_participants (draft_order,fantasy_game_seq,player_id,preferred_team,team_name,seq) values (?,?,?,?,?,default)
    Hibernate: insert into ft_participants (draft_order,fantasy_game_seq,player_id,preferred_team,team_name,seq) values (?,?,?,?,?,default)
    Hibernate: insert into ft_participants (draft_order,fantasy_game_seq,player_id,preferred_team,team_name,seq) values (?,?,?,?,?,default)
    Hibernate: insert into ft_participants (draft_order,fantasy_game_seq,player_id,preferred_team,team_name,seq) values (?,?,?,?,?,default)
    Hibernate: insert into ft_participants (draft_order,fantasy_game_seq,player_id,preferred_team,team_name,seq) values (?,?,?,?,?,default)
    Hibernate: insert into ft_participants (draft_order,fantasy_game_seq,player_id,preferred_team,team_name,seq) values (?,?,?,?,?,default)
    Hibernate: insert into ft_participants (draft_order,fantasy_game_seq,player_id,preferred_team,team_name,seq) values (?,?,?,?,?,default)
    Hibernate: insert into ft_participants (draft_order,fantasy_game_seq,player_id,preferred_team,team_name,seq) values (?,?,?,?,?,default)
    Hibernate: insert into ft_participants (draft_order,fantasy_game_seq,player_id,preferred_team,team_name,seq) values (?,?,?,?,?,default)
    Hibernate: insert into ft_participants (draft_order,fantasy_game_seq,player_id,preferred_team,team_name,seq) values (?,?,?,?,?,default)
    Hibernate: insert into ft_participants (draft_order,fantasy_game_seq,player_id,preferred_team,team_name,seq) values (?,?,?,?,?,default)
    Hibernate: insert into ft_participants (draft_order,fantasy_game_seq,player_id,preferred_team,team_name,seq) values (?,?,?,?,?,default)
    Hibernate: insert into ft_participants (draft_order,fantasy_game_seq,player_id,preferred_team,team_name,seq) values (?,?,?,?,?,default)
    Hibernate: insert into ft_participants (draft_order,fantasy_game_seq,player_id,preferred_team,team_name,seq) values (?,?,?,?,?,default)
    Hibernate: insert into ft_participants (draft_order,fantasy_game_seq,player_id,preferred_team,team_name,seq) values (?,?,?,?,?,default)
    Hibernate: insert into ft_participants (draft_order,fantasy_game_seq,player_id,preferred_team,team_name,seq) values (?,?,?,?,?,default)
    Hibernate: insert into ft_participants (draft_order,fantasy_game_seq,player_id,preferred_team,team_name,seq) values (?,?,?,?,?,default)
    Hibernate: insert into ft_participants (draft_order,fantasy_game_seq,player_id,preferred_team,team_name,seq) values (?,?,?,?,?,default)
    Hibernate: insert into ft_participants (draft_order,fantasy_game_seq,player_id,preferred_team,team_name,seq) values (?,?,?,?,?,default)
    Hibernate: insert into ft_participants (draft_order,fantasy_game_seq,player_id,preferred_team,team_name,seq) values (?,?,?,?,?,default)
    Hibernate: insert into ft_participants (draft_order,fantasy_game_seq,player_id,preferred_team,team_name,seq) values (?,?,?,?,?,default)
    Hibernate: insert into ft_participants (draft_order,fantasy_game_seq,player_id,preferred_team,team_name,seq) values (?,?,?,?,?,default)
    Hibernate: insert into ft_participants (draft_order,fantasy_game_seq,player_id,preferred_team,team_name,seq) values (?,?,?,?,?,default)
    Hibernate: insert into ft_participants (draft_order,fantasy_game_seq,player_id,preferred_team,team_name,seq) values (?,?,?,?,?,default)
    Hibernate: insert into ft_participants (draft_order,fantasy_game_seq,player_id,preferred_team,team_name,seq) values (?,?,?,?,?,default)
    Hibernate: insert into ft_participants (draft_order,fantasy_game_seq,player_id,preferred_team,team_name,seq) values (?,?,?,?,?,default)
    Hibernate: insert into ft_participants (draft_order,fantasy_game_seq,player_id,preferred_team,team_name,seq) values (?,?,?,?,?,default)
    Hibernate: insert into ft_participants (draft_order,fantasy_game_seq,player_id,preferred_team,team_name,seq) values (?,?,?,?,?,default)
    Hibernate: insert into ft_participants (draft_order,fantasy_game_seq,player_id,preferred_team,team_name,seq) values (?,?,?,?,?,default)
    Hibernate: insert into ft_participants (draft_order,fantasy_game_seq,player_id,preferred_team,team_name,seq) values (?,?,?,?,?,default)
    Hibernate: insert into ft_participants (draft_order,fantasy_game_seq,player_id,preferred_team,team_name,seq) values (?,?,?,?,?,default)
    Hibernate: insert into ft_participants (draft_order,fantasy_game_seq,player_id,preferred_team,team_name,seq) values (?,?,?,?,?,default)
    Hibernate: insert into ft_participants (draft_order,fantasy_game_seq,player_id,preferred_team,team_name,seq) values (?,?,?,?,?,default)
    Hibernate: insert into ft_participants (draft_order,fantasy_game_seq,player_id,preferred_team,team_name,seq) values (?,?,?,?,?,default)
    Hibernate: insert into ft_participants (draft_order,fantasy_game_seq,player_id,preferred_team,team_name,seq) values (?,?,?,?,?,default)
    Hibernate: insert into ft_participants (draft_order,fantasy_game_seq,player_id,preferred_team,team_name,seq) values (?,?,?,?,?,default)
    Hibernate: insert into ft_participants (draft_order,fantasy_game_seq,player_id,preferred_team,team_name,seq) values (?,?,?,?,?,default)
    Hibernate: insert into ft_participants (draft_order,fantasy_game_seq,player_id,preferred_team,team_name,seq) values (?,?,?,?,?,default)
    Hibernate: insert into ft_participants (draft_order,fantasy_game_seq,player_id,preferred_team,team_name,seq) values (?,?,?,?,?,default)
    Hibernate: insert into ft_participants (draft_order,fantasy_game_seq,player_id,preferred_team,team_name,seq) values (?,?,?,?,?,default)
    Hibernate: insert into ft_participants (draft_order,fantasy_game_seq,player_id,preferred_team,team_name,seq) values (?,?,?,?,?,default)
    Hibernate: insert into ft_participants (draft_order,fantasy_game_seq,player_id,preferred_team,team_name,seq) values (?,?,?,?,?,default)
    Hibernate: insert into ft_participants (draft_order,fantasy_game_seq,player_id,preferred_team,team_name,seq) values (?,?,?,?,?,default)
    Hibernate: insert into ft_participants (draft_order,fantasy_game_seq,player_id,preferred_team,team_name,seq) values (?,?,?,?,?,default)
    Hibernate: insert into ft_participants (draft_order,fantasy_game_seq,player_id,preferred_team,team_name,seq) values (?,?,?,?,?,default)
    Hibernate: insert into ft_participants (draft_order,fantasy_game_seq,player_id,preferred_team,team_name,seq) values (?,?,?,?,?,default)
    Hibernate: insert into ft_participants (draft_order,fantasy_game_seq,player_id,preferred_team,team_name,seq) values (?,?,?,?,?,default)
    Hibernate: insert into ft_participants (draft_order,fantasy_game_seq,player_id,preferred_team,team_name,seq) values (?,?,?,?,?,default)
    Hibernate: insert into ft_participants (draft_order,fantasy_game_seq,player_id,preferred_team,team_name,seq) values (?,?,?,?,?,default)
    Hibernate: insert into ft_participants (draft_order,fantasy_game_seq,player_id,preferred_team,team_name,seq) values (?,?,?,?,?,default)
    Hibernate: insert into ft_participants (draft_order,fantasy_game_seq,player_id,preferred_team,team_name,seq) values (?,?,?,?,?,default)
    Hibernate: insert into ft_participants (draft_order,fantasy_game_seq,player_id,preferred_team,team_name,seq) values (?,?,?,?,?,default)
    Hibernate: insert into ft_participants (draft_order,fantasy_game_seq,player_id,preferred_team,team_name,seq) values (?,?,?,?,?,default)
    Hibernate: insert into ft_participants (draft_order,fantasy_game_seq,player_id,preferred_team,team_name,seq) values (?,?,?,?,?,default)
    Hibernate: insert into ft_participants (draft_order,fantasy_game_seq,player_id,preferred_team,team_name,seq) values (?,?,?,?,?,default)
    Hibernate: insert into ft_participants (draft_order,fantasy_game_seq,player_id,preferred_team,team_name,seq) values (?,?,?,?,?,default)
    Hibernate: insert into ft_participants (draft_order,fantasy_game_seq,player_id,preferred_team,team_name,seq) values (?,?,?,?,?,default)
    Hibernate: insert into ft_participants (draft_order,fantasy_game_seq,player_id,preferred_team,team_name,seq) values (?,?,?,?,?,default)
    Hibernate: insert into ft_participants (draft_order,fantasy_game_seq,player_id,preferred_team,team_name,seq) values (?,?,?,?,?,default)
    Hibernate: insert into ft_participants (draft_order,fantasy_game_seq,player_id,preferred_team,team_name,seq) values (?,?,?,?,?,default)
    Hibernate: insert into ft_participants (draft_order,fantasy_game_seq,player_id,preferred_team,team_name,seq) values (?,?,?,?,?,default)
    Hibernate: insert into ft_participants (draft_order,fantasy_game_seq,player_id,preferred_team,team_name,seq) values (?,?,?,?,?,default)
    Hibernate: insert into ft_participants (draft_order,fantasy_game_seq,player_id,preferred_team,team_name,seq) values (?,?,?,?,?,default)
    Hibernate: insert into ft_participants (draft_order,fantasy_game_seq,player_id,preferred_team,team_name,seq) values (?,?,?,?,?,default)
    Hibernate: insert into ft_participants (draft_order,fantasy_game_seq,player_id,preferred_team,team_name,seq) values (?,?,?,?,?,default)
    Hibernate: insert into ft_participants (draft_order,fantasy_game_seq,player_id,preferred_team,team_name,seq) values (?,?,?,?,?,default)
    Hibernate: insert into ft_participants (draft_order,fantasy_game_seq,player_id,preferred_team,team_name,seq) values (?,?,?,?,?,default)
    Hibernate: insert into ft_participants (draft_order,fantasy_game_seq,player_id,preferred_team,team_name,seq) values (?,?,?,?,?,default)
    Hibernate: insert into ft_participants (draft_order,fantasy_game_seq,player_id,preferred_team,team_name,seq) values (?,?,?,?,?,default)
    Hibernate: insert into ft_participants (draft_order,fantasy_game_seq,player_id,preferred_team,team_name,seq) values (?,?,?,?,?,default)
    Hibernate: insert into ft_participants (draft_order,fantasy_game_seq,player_id,preferred_team,team_name,seq) values (?,?,?,?,?,default)
    Hibernate: insert into ft_participants (draft_order,fantasy_game_seq,player_id,preferred_team,team_name,seq) values (?,?,?,?,?,default)
    Hibernate: insert into ft_participants (draft_order,fantasy_game_seq,player_id,preferred_team,team_name,seq) values (?,?,?,?,?,default)
    Hibernate: insert into ft_participants (draft_order,fantasy_game_seq,player_id,preferred_team,team_name,seq) values (?,?,?,?,?,default)
    Hibernate: insert into ft_participants (draft_order,fantasy_game_seq,player_id,preferred_team,team_name,seq) values (?,?,?,?,?,default)
    Hibernate: insert into ft_participants (draft_order,fantasy_game_seq,player_id,preferred_team,team_name,seq) values (?,?,?,?,?,default)
    Hibernate: insert into ft_participants (draft_order,fantasy_game_seq,player_id,preferred_team,team_name,seq) values (?,?,?,?,?,default)
    Hibernate: insert into ft_participants (draft_order,fantasy_game_seq,player_id,preferred_team,team_name,seq) values (?,?,?,?,?,default)
    Hibernate: insert into ft_participants (draft_order,fantasy_game_seq,player_id,preferred_team,team_name,seq) values (?,?,?,?,?,default)
    Hibernate: insert into ft_participants (draft_order,fantasy_game_seq,player_id,preferred_team,team_name,seq) values (?,?,?,?,?,default)
    Hibernate: insert into ft_participants (draft_order,fantasy_game_seq,player_id,preferred_team,team_name,seq) values (?,?,?,?,?,default)
    Hibernate: insert into ft_participants (draft_order,fantasy_game_seq,player_id,preferred_team,team_name,seq) values (?,?,?,?,?,default)
    Hibernate: insert into ft_participants (draft_order,fantasy_game_seq,player_id,preferred_team,team_name,seq) values (?,?,?,?,?,default)
    Hibernate: insert into ft_participants (draft_order,fantasy_game_seq,player_id,preferred_team,team_name,seq) values (?,?,?,?,?,default)
    Hibernate: insert into ft_participants (draft_order,fantasy_game_seq,player_id,preferred_team,team_name,seq) values (?,?,?,?,?,default)
    Hibernate: insert into ft_participants (draft_order,fantasy_game_seq,player_id,preferred_team,team_name,seq) values (?,?,?,?,?,default)
    Hibernate: insert into ft_participants (draft_order,fantasy_game_seq,player_id,preferred_team,team_name,seq) values (?,?,?,?,?,default)
    Hibernate: insert into ft_participants (draft_order,fantasy_game_seq,player_id,preferred_team,team_name,seq) values (?,?,?,?,?,default)
    Hibernate: insert into ft_participants (draft_order,fantasy_game_seq,player_id,preferred_team,team_name,seq) values (?,?,?,?,?,default)
    Hibernate: insert into ft_participants (draft_order,fantasy_game_seq,player_id,preferred_team,team_name,seq) values (?,?,?,?,?,default)
    Hibernate: insert into ft_participants (draft_order,fantasy_game_seq,player_id,preferred_team,team_name,seq) values (?,?,?,?,?,default)
    Hibernate: insert into ft_participants (draft_order,fantasy_game_seq,player_id,preferred_team,team_name,seq) values (?,?,?,?,?,default)
    Hibernate: insert into ft_participants (draft_order,fantasy_game_seq,player_id,preferred_team,team_name,seq) values (?,?,?,?,?,default)
    Hibernate: insert into ft_participants (draft_order,fantasy_game_seq,player_id,preferred_team,team_name,seq) values (?,?,?,?,?,default)
    Hibernate: insert into ft_participants (draft_order,fantasy_game_seq,player_id,preferred_team,team_name,seq) values (?,?,?,?,?,default)
    Hibernate: insert into ft_participants (draft_order,fantasy_game_seq,player_id,preferred_team,team_name,seq) values (?,?,?,?,?,default)
    Hibernate: insert into ft_participants (draft_order,fantasy_game_seq,player_id,preferred_team,team_name,seq) values (?,?,?,?,?,default)
    Hibernate: insert into ft_participants (draft_order,fantasy_game_seq,player_id,preferred_team,team_name,seq) values (?,?,?,?,?,default)
    Hibernate: insert into ft_participants (draft_order,fantasy_game_seq,player_id,preferred_team,team_name,seq) values (?,?,?,?,?,default)
    Hibernate: insert into ft_participants (draft_order,fantasy_game_seq,player_id,preferred_team,team_name,seq) values (?,?,?,?,?,default)
    Hibernate: insert into ft_participants (draft_order,fantasy_game_seq,player_id,preferred_team,team_name,seq) values (?,?,?,?,?,default)
    Hibernate: insert into ft_participants (draft_order,fantasy_game_seq,player_id,preferred_team,team_name,seq) values (?,?,?,?,?,default)
    Hibernate: insert into ft_participants (draft_order,fantasy_game_seq,player_id,preferred_team,team_name,seq) values (?,?,?,?,?,default)
    Hibernate: insert into ft_participants (draft_order,fantasy_game_seq,player_id,preferred_team,team_name,seq) values (?,?,?,?,?,default)
    Hibernate: insert into ft_participants (draft_order,fantasy_game_seq,player_id,preferred_team,team_name,seq) values (?,?,?,?,?,default)
    Hibernate: insert into ft_participants (draft_order,fantasy_game_seq,player_id,preferred_team,team_name,seq) values (?,?,?,?,?,default)
    Hibernate: insert into ft_participants (draft_order,fantasy_game_seq,player_id,preferred_team,team_name,seq) values (?,?,?,?,?,default)
    Hibernate: insert into ft_participants (draft_order,fantasy_game_seq,player_id,preferred_team,team_name,seq) values (?,?,?,?,?,default)
    Hibernate: insert into ft_participants (draft_order,fantasy_game_seq,player_id,preferred_team,team_name,seq) values (?,?,?,?,?,default)
    Hibernate: insert into ft_participants (draft_order,fantasy_game_seq,player_id,preferred_team,team_name,seq) values (?,?,?,?,?,default)
    Hibernate: insert into ft_participants (draft_order,fantasy_game_seq,player_id,preferred_team,team_name,seq) values (?,?,?,?,?,default)
    Hibernate: insert into ft_participants (draft_order,fantasy_game_seq,player_id,preferred_team,team_name,seq) values (?,?,?,?,?,default)
    Hibernate: insert into ft_participants (draft_order,fantasy_game_seq,player_id,preferred_team,team_name,seq) values (?,?,?,?,?,default)
    Hibernate: insert into ft_participants (draft_order,fantasy_game_seq,player_id,preferred_team,team_name,seq) values (?,?,?,?,?,default)
    Hibernate: insert into ft_participants (draft_order,fantasy_game_seq,player_id,preferred_team,team_name,seq) values (?,?,?,?,?,default)
    Hibernate: insert into ft_participants (draft_order,fantasy_game_seq,player_id,preferred_team,team_name,seq) values (?,?,?,?,?,default)
    Hibernate: insert into ft_participants (draft_order,fantasy_game_seq,player_id,preferred_team,team_name,seq) values (?,?,?,?,?,default)
    Hibernate: insert into ft_participants (draft_order,fantasy_game_seq,player_id,preferred_team,team_name,seq) values (?,?,?,?,?,default)
    Hibernate: insert into ft_participants (draft_order,fantasy_game_seq,player_id,preferred_team,team_name,seq) values (?,?,?,?,?,default)
    Hibernate: insert into ft_participants (draft_order,fantasy_game_seq,player_id,preferred_team,team_name,seq) values (?,?,?,?,?,default)
    Hibernate: insert into ft_participants (draft_order,fantasy_game_seq,player_id,preferred_team,team_name,seq) values (?,?,?,?,?,default)
    Hibernate: insert into ft_participants (draft_order,fantasy_game_seq,player_id,preferred_team,team_name,seq) values (?,?,?,?,?,default)
    Hibernate: insert into ft_participants (draft_order,fantasy_game_seq,player_id,preferred_team,team_name,seq) values (?,?,?,?,?,default)
    Hibernate: insert into ft_participants (draft_order,fantasy_game_seq,player_id,preferred_team,team_name,seq) values (?,?,?,?,?,default)
    Hibernate: insert into ft_participants (draft_order,fantasy_game_seq,player_id,preferred_team,team_name,seq) values (?,?,?,?,?,default)
    Hibernate: insert into ft_participants (draft_order,fantasy_game_seq,player_id,preferred_team,team_name,seq) values (?,?,?,?,?,default)
    Hibernate: insert into ft_participants (draft_order,fantasy_game_seq,player_id,preferred_team,team_name,seq) values (?,?,?,?,?,default)
    Hibernate: insert into ft_participants (draft_order,fantasy_game_seq,player_id,preferred_team,team_name,seq) values (?,?,?,?,?,default)
    Hibernate: insert into ft_participants (draft_order,fantasy_game_seq,player_id,preferred_team,team_name,seq) values (?,?,?,?,?,default)
    Hibernate: insert into ft_participants (draft_order,fantasy_game_seq,player_id,preferred_team,team_name,seq) values (?,?,?,?,?,default)
    Hibernate: insert into ft_participants (draft_order,fantasy_game_seq,player_id,preferred_team,team_name,seq) values (?,?,?,?,?,default)
    Hibernate: insert into ft_participants (draft_order,fantasy_game_seq,player_id,preferred_team,team_name,seq) values (?,?,?,?,?,default)
    Hibernate: insert into ft_participants (draft_order,fantasy_game_seq,player_id,preferred_team,team_name,seq) values (?,?,?,?,?,default)
    Hibernate: insert into ft_participants (draft_order,fantasy_game_seq,player_id,preferred_team,team_name,seq) values (?,?,?,?,?,default)
    Hibernate: insert into ft_participants (draft_order,fantasy_game_seq,player_id,preferred_team,team_name,seq) values (?,?,?,?,?,default)
    Hibernate: insert into ft_participants (draft_order,fantasy_game_seq,player_id,preferred_team,team_name,seq) values (?,?,?,?,?,default)
    Hibernate: insert into ft_participants (draft_order,fantasy_game_seq,player_id,preferred_team,team_name,seq) values (?,?,?,?,?,default)
    Hibernate: insert into ft_participants (draft_order,fantasy_game_seq,player_id,preferred_team,team_name,seq) values (?,?,?,?,?,default)
    Hibernate: insert into ft_participants (draft_order,fantasy_game_seq,player_id,preferred_team,team_name,seq) values (?,?,?,?,?,default)
    Hibernate: insert into ft_participants (draft_order,fantasy_game_seq,player_id,preferred_team,team_name,seq) values (?,?,?,?,?,default)
    Hibernate: insert into ft_participants (draft_order,fantasy_game_seq,player_id,preferred_team,team_name,seq) values (?,?,?,?,?,default)
    Hibernate: insert into ft_participants (draft_order,fantasy_game_seq,player_id,preferred_team,team_name,seq) values (?,?,?,?,?,default)
    Hibernate: insert into ft_participants (draft_order,fantasy_game_seq,player_id,preferred_team,team_name,seq) values (?,?,?,?,?,default)
    Hibernate: insert into ft_participants (draft_order,fantasy_game_seq,player_id,preferred_team,team_name,seq) values (?,?,?,?,?,default)
    Hibernate: insert into ft_participants (draft_order,fantasy_game_seq,player_id,preferred_team,team_name,seq) values (?,?,?,?,?,default)
    Hibernate: insert into ft_participants (draft_order,fantasy_game_seq,player_id,preferred_team,team_name,seq) values (?,?,?,?,?,default)
    Hibernate: insert into ft_participants (draft_order,fantasy_game_seq,player_id,preferred_team,team_name,seq) values (?,?,?,?,?,default)
    Hibernate: insert into ft_participants (draft_order,fantasy_game_seq,player_id,preferred_team,team_name,seq) values (?,?,?,?,?,default)
    Hibernate: insert into ft_participants (draft_order,fantasy_game_seq,player_id,preferred_team,team_name,seq) values (?,?,?,?,?,default)
    Hibernate: insert into ft_participants (draft_order,fantasy_game_seq,player_id,preferred_team,team_name,seq) values (?,?,?,?,?,default)
    Hibernate: insert into ft_participants (draft_order,fantasy_game_seq,player_id,preferred_team,team_name,seq) values (?,?,?,?,?,default)
    Hibernate: insert into ft_participants (draft_order,fantasy_game_seq,player_id,preferred_team,team_name,seq) values (?,?,?,?,?,default)
    Hibernate: insert into ft_participants (draft_order,fantasy_game_seq,player_id,preferred_team,team_name,seq) values (?,?,?,?,?,default)
    Hibernate: insert into ft_participants (draft_order,fantasy_game_seq,player_id,preferred_team,team_name,seq) values (?,?,?,?,?,default)
    Hibernate: insert into ft_participants (draft_order,fantasy_game_seq,player_id,preferred_team,team_name,seq) values (?,?,?,?,?,default)
    Hibernate: insert into ft_participants (draft_order,fantasy_game_seq,player_id,preferred_team,team_name,seq) values (?,?,?,?,?,default)
    Hibernate: insert into ft_participants (draft_order,fantasy_game_seq,player_id,preferred_team,team_name,seq) values (?,?,?,?,?,default)
    Hibernate: insert into ft_participants (draft_order,fantasy_game_seq,player_id,preferred_team,team_name,seq) values (?,?,?,?,?,default)
    Hibernate: insert into ft_participants (draft_order,fantasy_game_seq,player_id,preferred_team,team_name,seq) values (?,?,?,?,?,default)
    Hibernate: insert into ft_participants (draft_order,fantasy_game_seq,player_id,preferred_team,team_name,seq) values (?,?,?,?,?,default)
    Hibernate: insert into ft_participants (draft_order,fantasy_game_seq,player_id,preferred_team,team_name,seq) values (?,?,?,?,?,default)
    Hibernate: insert into ft_participants (draft_order,fantasy_game_seq,player_id,preferred_team,team_name,seq) values (?,?,?,?,?,default)
    Hibernate: insert into ft_participants (draft_order,fantasy_game_seq,player_id,preferred_team,team_name,seq) values (?,?,?,?,?,default)
    Hibernate: insert into ft_participants (draft_order,fantasy_game_seq,player_id,preferred_team,team_name,seq) values (?,?,?,?,?,default)
    Hibernate: insert into ft_participants (draft_order,fantasy_game_seq,player_id,preferred_team,team_name,seq) values (?,?,?,?,?,default)
    Hibernate: insert into ft_participants (draft_order,fantasy_game_seq,player_id,preferred_team,team_name,seq) values (?,?,?,?,?,default)
    Hibernate: insert into ft_participants (draft_order,fantasy_game_seq,player_id,preferred_team,team_name,seq) values (?,?,?,?,?,default)
    Hibernate: insert into ft_participants (draft_order,fantasy_game_seq,player_id,preferred_team,team_name,seq) values (?,?,?,?,?,default)
    Hibernate: insert into ft_participants (draft_order,fantasy_game_seq,player_id,preferred_team,team_name,seq) values (?,?,?,?,?,default)
    Hibernate: insert into ft_participants (draft_order,fantasy_game_seq,player_id,preferred_team,team_name,seq) values (?,?,?,?,?,default)
    Hibernate: insert into ft_participants (draft_order,fantasy_game_seq,player_id,preferred_team,team_name,seq) values (?,?,?,?,?,default)
    Hibernate: insert into ft_participants (draft_order,fantasy_game_seq,player_id,preferred_team,team_name,seq) values (?,?,?,?,?,default)
    Hibernate: insert into ft_participants (draft_order,fantasy_game_seq,player_id,preferred_team,team_name,seq) values (?,?,?,?,?,default)
    Hibernate: insert into ft_participants (draft_order,fantasy_game_seq,player_id,preferred_team,team_name,seq) values (?,?,?,?,?,default)
    Hibernate: insert into ft_participants (draft_order,fantasy_game_seq,player_id,preferred_team,team_name,seq) values (?,?,?,?,?,default)
    Hibernate: insert into ft_participants (draft_order,fantasy_game_seq,player_id,preferred_team,team_name,seq) values (?,?,?,?,?,default)
    Hibernate: insert into ft_participants (draft_order,fantasy_game_seq,player_id,preferred_team,team_name,seq) values (?,?,?,?,?,default)
    Hibernate: insert into ft_participants (draft_order,fantasy_game_seq,player_id,preferred_team,team_name,seq) values (?,?,?,?,?,default)
    Hibernate: insert into ft_participants (draft_order,fantasy_game_seq,player_id,preferred_team,team_name,seq) values (?,?,?,?,?,default)
    Hibernate: insert into ft_participants (draft_order,fantasy_game_seq,player_id,preferred_team,team_name,seq) values (?,?,?,?,?,default)
    Hibernate: insert into ft_participants (draft_order,fantasy_game_seq,player_id,preferred_team,team_name,seq) values (?,?,?,?,?,default)
    Hibernate: insert into ft_participants (draft_order,fantasy_game_seq,player_id,preferred_team,team_name,seq) values (?,?,?,?,?,default)
    Hibernate: insert into ft_participants (draft_order,fantasy_game_seq,player_id,preferred_team,team_name,seq) values (?,?,?,?,?,default)
    Hibernate: insert into ft_participants (draft_order,fantasy_game_seq,player_id,preferred_team,team_name,seq) values (?,?,?,?,?,default)
    Hibernate: insert into ft_participants (draft_order,fantasy_game_seq,player_id,preferred_team,team_name,seq) values (?,?,?,?,?,default)
    Hibernate: insert into ft_participants (draft_order,fantasy_game_seq,player_id,preferred_team,team_name,seq) values (?,?,?,?,?,default)
    Hibernate: insert into ft_participants (draft_order,fantasy_game_seq,player_id,preferred_team,team_name,seq) values (?,?,?,?,?,default)
    Hibernate: insert into ft_participants (draft_order,fantasy_game_seq,player_id,preferred_team,team_name,seq) values (?,?,?,?,?,default)
    Hibernate: insert into ft_participants (draft_order,fantasy_game_seq,player_id,preferred_team,team_name,seq) values (?,?,?,?,?,default)
    Hibernate: insert into ft_participants (draft_order,fantasy_game_seq,player_id,preferred_team,team_name,seq) values (?,?,?,?,?,default)
    Hibernate: insert into ft_participants (draft_order,fantasy_game_seq,player_id,preferred_team,team_name,seq) values (?,?,?,?,?,default)
    Hibernate: insert into ft_participants (draft_order,fantasy_game_seq,player_id,preferred_team,team_name,seq) values (?,?,?,?,?,default)
    Hibernate: insert into ft_participants (draft_order,fantasy_game_seq,player_id,preferred_team,team_name,seq) values (?,?,?,?,?,default)
    Hibernate: insert into ft_participants (draft_order,fantasy_game_seq,player_id,preferred_team,team_name,seq) values (?,?,?,?,?,default)
    Hibernate: insert into ft_participants (draft_order,fantasy_game_seq,player_id,preferred_team,team_name,seq) values (?,?,?,?,?,default)
    Hibernate: insert into ft_participants (draft_order,fantasy_game_seq,player_id,preferred_team,team_name,seq) values (?,?,?,?,?,default)
    Hibernate: insert into ft_participants (draft_order,fantasy_game_seq,player_id,preferred_team,team_name,seq) values (?,?,?,?,?,default)
    Hibernate: insert into ft_participants (draft_order,fantasy_game_seq,player_id,preferred_team,team_name,seq) values (?,?,?,?,?,default)
    Hibernate: insert into ft_participants (draft_order,fantasy_game_seq,player_id,preferred_team,team_name,seq) values (?,?,?,?,?,default)
    Hibernate: insert into ft_participants (draft_order,fantasy_game_seq,player_id,preferred_team,team_name,seq) values (?,?,?,?,?,default)
    Hibernate: insert into ft_participants (draft_order,fantasy_game_seq,player_id,preferred_team,team_name,seq) values (?,?,?,?,?,default)
    Hibernate: insert into ft_participants (draft_order,fantasy_game_seq,player_id,preferred_team,team_name,seq) values (?,?,?,?,?,default)
    Hibernate: insert into ft_participants (draft_order,fantasy_game_seq,player_id,preferred_team,team_name,seq) values (?,?,?,?,?,default)
    Hibernate: insert into ft_participants (draft_order,fantasy_game_seq,player_id,preferred_team,team_name,seq) values (?,?,?,?,?,default)
    Hibernate: insert into ft_participants (draft_order,fantasy_game_seq,player_id,preferred_team,team_name,seq) values (?,?,?,?,?,default)
    Hibernate: insert into ft_participants (draft_order,fantasy_game_seq,player_id,preferred_team,team_name,seq) values (?,?,?,?,?,default)
    Hibernate: insert into ft_participants (draft_order,fantasy_game_seq,player_id,preferred_team,team_name,seq) values (?,?,?,?,?,default)
    Hibernate: insert into ft_participants (draft_order,fantasy_game_seq,player_id,preferred_team,team_name,seq) values (?,?,?,?,?,default)
    Hibernate: insert into ft_participants (draft_order,fantasy_game_seq,player_id,preferred_team,team_name,seq) values (?,?,?,?,?,default)
    Hibernate: insert into ft_participants (draft_order,fantasy_game_seq,player_id,preferred_team,team_name,seq) values (?,?,?,?,?,default)
    Hibernate: insert into ft_participants (draft_order,fantasy_game_seq,player_id,preferred_team,team_name,seq) values (?,?,?,?,?,default)
    Hibernate: insert into ft_participants (draft_order,fantasy_game_seq,player_id,preferred_team,team_name,seq) values (?,?,?,?,?,default)
    Hibernate: insert into ft_participants (draft_order,fantasy_game_seq,player_id,preferred_team,team_name,seq) values (?,?,?,?,?,default)
    Hibernate: insert into ft_participants (draft_order,fantasy_game_seq,player_id,preferred_team,team_name,seq) values (?,?,?,?,?,default)
    Hibernate: insert into ft_participants (draft_order,fantasy_game_seq,player_id,preferred_team,team_name,seq) values (?,?,?,?,?,default)
    Hibernate: insert into ft_participants (draft_order,fantasy_game_seq,player_id,preferred_team,team_name,seq) values (?,?,?,?,?,default)
    Hibernate: insert into ft_participants (draft_order,fantasy_game_seq,player_id,preferred_team,team_name,seq) values (?,?,?,?,?,default)
    Hibernate: insert into ft_participants (draft_order,fantasy_game_seq,player_id,preferred_team,team_name,seq) values (?,?,?,?,?,default)
    Hibernate: insert into ft_participants (draft_order,fantasy_game_seq,player_id,preferred_team,team_name,seq) values (?,?,?,?,?,default)
    Hibernate: insert into ft_participants (draft_order,fantasy_game_seq,player_id,preferred_team,team_name,seq) values (?,?,?,?,?,default)
    Hibernate: insert into ft_participants (draft_order,fantasy_game_seq,player_id,preferred_team,team_name,seq) values (?,?,?,?,?,default)
    Hibernate: insert into ft_participants (draft_order,fantasy_game_seq,player_id,preferred_team,team_name,seq) values (?,?,?,?,?,default)
    Hibernate: insert into ft_participants (draft_order,fantasy_game_seq,player_id,preferred_team,team_name,seq) values (?,?,?,?,?,default)
    Hibernate: insert into ft_participants (draft_order,fantasy_game_seq,player_id,preferred_team,team_name,seq) values (?,?,?,?,?,default)
    Hibernate: insert into ft_participants (draft_order,fantasy_game_seq,player_id,preferred_team,team_name,seq) values (?,?,?,?,?,default)
    Hibernate: insert into ft_participants (draft_order,fantasy_game_seq,player_id,preferred_team,team_name,seq) values (?,?,?,?,?,default)
    Hibernate: insert into ft_participants (draft_order,fantasy_game_seq,player_id,preferred_team,team_name,seq) values (?,?,?,?,?,default)
    Hibernate: insert into ft_participants (draft_order,fantasy_game_seq,player_id,preferred_team,team_name,seq) values (?,?,?,?,?,default)
    Hibernate: insert into ft_participants (draft_order,fantasy_game_seq,player_id,preferred_team,team_name,seq) values (?,?,?,?,?,default)
    Hibernate: insert into ft_participants (draft_order,fantasy_game_seq,player_id,preferred_team,team_name,seq) values (?,?,?,?,?,default)
    Hibernate: insert into ft_participants (draft_order,fantasy_game_seq,player_id,preferred_team,team_name,seq) values (?,?,?,?,?,default)
    Hibernate: insert into ft_participants (draft_order,fantasy_game_seq,player_id,preferred_team,team_name,seq) values (?,?,?,?,?,default)
    Hibernate: insert into ft_participants (draft_order,fantasy_game_seq,player_id,preferred_team,team_name,seq) values (?,?,?,?,?,default)
    Hibernate: insert into ft_participants (draft_order,fantasy_game_seq,player_id,preferred_team,team_name,seq) values (?,?,?,?,?,default)
    Hibernate: insert into ft_participants (draft_order,fantasy_game_seq,player_id,preferred_team,team_name,seq) values (?,?,?,?,?,default)
    Hibernate: insert into ft_participants (draft_order,fantasy_game_seq,player_id,preferred_team,team_name,seq) values (?,?,?,?,?,default)
    Hibernate: insert into ft_participants (draft_order,fantasy_game_seq,player_id,preferred_team,team_name,seq) values (?,?,?,?,?,default)
    Hibernate: insert into ft_participants (draft_order,fantasy_game_seq,player_id,preferred_team,team_name,seq) values (?,?,?,?,?,default)
    Hibernate: insert into ft_participants (draft_order,fantasy_game_seq,player_id,preferred_team,team_name,seq) values (?,?,?,?,?,default)
    Hibernate: insert into ft_participants (draft_order,fantasy_game_seq,player_id,preferred_team,team_name,seq) values (?,?,?,?,?,default)
    Hibernate: insert into ft_participants (draft_order,fantasy_game_seq,player_id,preferred_team,team_name,seq) values (?,?,?,?,?,default)
    Hibernate: insert into ft_participants (draft_order,fantasy_game_seq,player_id,preferred_team,team_name,seq) values (?,?,?,?,?,default)
    Hibernate: insert into ft_participants (draft_order,fantasy_game_seq,player_id,preferred_team,team_name,seq) values (?,?,?,?,?,default)
    Hibernate: insert into ft_participants (draft_order,fantasy_game_seq,player_id,preferred_team,team_name,seq) values (?,?,?,?,?,default)
    Hibernate: insert into ft_participants (draft_order,fantasy_game_seq,player_id,preferred_team,team_name,seq) values (?,?,?,?,?,default)
    Hibernate: insert into ft_participants (draft_order,fantasy_game_seq,player_id,preferred_team,team_name,seq) values (?,?,?,?,?,default)
    Hibernate: insert into ft_participants (draft_order,fantasy_game_seq,player_id,preferred_team,team_name,seq) values (?,?,?,?,?,default)
    Hibernate: insert into ft_participants (draft_order,fantasy_game_seq,player_id,preferred_team,team_name,seq) values (?,?,?,?,?,default)
    Hibernate: insert into ft_participants (draft_order,fantasy_game_seq,player_id,preferred_team,team_name,seq) values (?,?,?,?,?,default)
    Hibernate: insert into ft_participants (draft_order,fantasy_game_seq,player_id,preferred_team,team_name,seq) values (?,?,?,?,?,default)
    Hibernate: insert into ft_participants (draft_order,fantasy_game_seq,player_id,preferred_team,team_name,seq) values (?,?,?,?,?,default)
    Hibernate: insert into ft_participants (draft_order,fantasy_game_seq,player_id,preferred_team,team_name,seq) values (?,?,?,?,?,default)
    Hibernate: insert into ft_participants (draft_order,fantasy_game_seq,player_id,preferred_team,team_name,seq) values (?,?,?,?,?,default)
    Hibernate: insert into ft_participants (draft_order,fantasy_game_seq,player_id,preferred_team,team_name,seq) values (?,?,?,?,?,default)
    Hibernate: insert into ft_participants (draft_order,fantasy_game_seq,player_id,preferred_team,team_name,seq) values (?,?,?,?,?,default)
    Hibernate: insert into ft_participants (draft_order,fantasy_game_seq,player_id,preferred_team,team_name,seq) values (?,?,?,?,?,default)
    Hibernate: insert into ft_participants (draft_order,fantasy_game_seq,player_id,preferred_team,team_name,seq) values (?,?,?,?,?,default)
    Hibernate: insert into ft_participants (draft_order,fantasy_game_seq,player_id,preferred_team,team_name,seq) values (?,?,?,?,?,default)
    Hibernate: insert into ft_participants (draft_order,fantasy_game_seq,player_id,preferred_team,team_name,seq) values (?,?,?,?,?,default)
    Hibernate: insert into ft_participants (draft_order,fantasy_game_seq,player_id,preferred_team,team_name,seq) values (?,?,?,?,?,default)
    Hibernate: insert into ft_participants (draft_order,fantasy_game_seq,player_id,preferred_team,team_name,seq) values (?,?,?,?,?,default)
    Hibernate: insert into ft_participants (draft_order,fantasy_game_seq,player_id,preferred_team,team_name,seq) values (?,?,?,?,?,default)
    Hibernate: insert into ft_participants (draft_order,fantasy_game_seq,player_id,preferred_team,team_name,seq) values (?,?,?,?,?,default)
    Hibernate: insert into ft_participants (draft_order,fantasy_game_seq,player_id,preferred_team,team_name,seq) values (?,?,?,?,?,default)
    Hibernate: insert into ft_participants (draft_order,fantasy_game_seq,player_id,preferred_team,team_name,seq) values (?,?,?,?,?,default)
    Hibernate: insert into ft_participants (draft_order,fantasy_game_seq,player_id,preferred_team,team_name,seq) values (?,?,?,?,?,default)
    Hibernate: insert into ft_participants (draft_order,fantasy_game_seq,player_id,preferred_team,team_name,seq) values (?,?,?,?,?,default)
    Hibernate: insert into ft_participants (draft_order,fantasy_game_seq,player_id,preferred_team,team_name,seq) values (?,?,?,?,?,default)
    Hibernate: insert into ft_participants (draft_order,fantasy_game_seq,player_id,preferred_team,team_name,seq) values (?,?,?,?,?,default)
    Hibernate: insert into ft_participants (draft_order,fantasy_game_seq,player_id,preferred_team,team_name,seq) values (?,?,?,?,?,default)
    Hibernate: insert into ft_participants (draft_order,fantasy_game_seq,player_id,preferred_team,team_name,seq) values (?,?,?,?,?,default)
    Hibernate: insert into ft_participants (draft_order,fantasy_game_seq,player_id,preferred_team,team_name,seq) values (?,?,?,?,?,default)
    Hibernate: insert into ft_participants (draft_order,fantasy_game_seq,player_id,preferred_team,team_name,seq) values (?,?,?,?,?,default)
    Hibernate: insert into ft_participants (draft_order,fantasy_game_seq,player_id,preferred_team,team_name,seq) values (?,?,?,?,?,default)
    Hibernate: insert into ft_participants (draft_order,fantasy_game_seq,player_id,preferred_team,team_name,seq) values (?,?,?,?,?,default)
    Hibernate: insert into ft_participants (draft_order,fantasy_game_seq,player_id,preferred_team,team_name,seq) values (?,?,?,?,?,default)
    Hibernate: insert into ft_participants (draft_order,fantasy_game_seq,player_id,preferred_team,team_name,seq) values (?,?,?,?,?,default)
    Hibernate: insert into ft_participants (draft_order,fantasy_game_seq,player_id,preferred_team,team_name,seq) values (?,?,?,?,?,default)
    Hibernate: insert into ft_participants (draft_order,fantasy_game_seq,player_id,preferred_team,team_name,seq) values (?,?,?,?,?,default)
    Hibernate: insert into ft_participants (draft_order,fantasy_game_seq,player_id,preferred_team,team_name,seq) values (?,?,?,?,?,default)
    Hibernate: insert into ft_participants (draft_order,fantasy_game_seq,player_id,preferred_team,team_name,seq) values (?,?,?,?,?,default)
    Hibernate: insert into ft_participants (draft_order,fantasy_game_seq,player_id,preferred_team,team_name,seq) values (?,?,?,?,?,default)
    Hibernate: insert into ft_participants (draft_order,fantasy_game_seq,player_id,preferred_team,team_name,seq) values (?,?,?,?,?,default)
    Hibernate: insert into ft_participants (draft_order,fantasy_game_seq,player_id,preferred_team,team_name,seq) values (?,?,?,?,?,default)
    Hibernate: insert into ft_participants (draft_order,fantasy_game_seq,player_id,preferred_team,team_name,seq) values (?,?,?,?,?,default)
    Hibernate: insert into ft_participants (draft_order,fantasy_game_seq,player_id,preferred_team,team_name,seq) values (?,?,?,?,?,default)
    Hibernate: insert into ft_participants (draft_order,fantasy_game_seq,player_id,preferred_team,team_name,seq) values (?,?,?,?,?,default)
    Hibernate: insert into ft_participants (draft_order,fantasy_game_seq,player_id,preferred_team,team_name,seq) values (?,?,?,?,?,default)
    Hibernate: insert into ft_participants (draft_order,fantasy_game_seq,player_id,preferred_team,team_name,seq) values (?,?,?,?,?,default)
    Hibernate: insert into ft_participants (draft_order,fantasy_game_seq,player_id,preferred_team,team_name,seq) values (?,?,?,?,?,default)
    Hibernate: insert into ft_participants (draft_order,fantasy_game_seq,player_id,preferred_team,team_name,seq) values (?,?,?,?,?,default)
    Hibernate: insert into ft_participants (draft_order,fantasy_game_seq,player_id,preferred_team,team_name,seq) values (?,?,?,?,?,default)
    Hibernate: insert into ft_participants (draft_order,fantasy_game_seq,player_id,preferred_team,team_name,seq) values (?,?,?,?,?,default)
    Hibernate: insert into ft_participants (draft_order,fantasy_game_seq,player_id,preferred_team,team_name,seq) values (?,?,?,?,?,default)
    Hibernate: insert into ft_participants (draft_order,fantasy_game_seq,player_id,preferred_team,team_name,seq) values (?,?,?,?,?,default)
    Hibernate: insert into ft_participants (draft_order,fantasy_game_seq,player_id,preferred_team,team_name,seq) values (?,?,?,?,?,default)
    Hibernate: insert into ft_participants (draft_order,fantasy_game_seq,player_id,preferred_team,team_name,seq) values (?,?,?,?,?,default)
    Hibernate: insert into ft_participants (draft_order,fantasy_game_seq,player_id,preferred_team,team_name,seq) values (?,?,?,?,?,default)
    Hibernate: insert into ft_participants (draft_order,fantasy_game_seq,player_id,preferred_team,team_name,seq) values (?,?,?,?,?,default)
    Hibernate: insert into ft_participants (draft_order,fantasy_game_seq,player_id,preferred_team,team_name,seq) values (?,?,?,?,?,default)
    Hibernate: insert into ft_participants (draft_order,fantasy_game_seq,player_id,preferred_team,team_name,seq) values (?,?,?,?,?,default)
    Hibernate: insert into ft_participants (draft_order,fantasy_game_seq,player_id,preferred_team,team_name,seq) values (?,?,?,?,?,default)
    Hibernate: insert into ft_participants (draft_order,fantasy_game_seq,player_id,preferred_team,team_name,seq) values (?,?,?,?,?,default)
    Hibernate: insert into ft_participants (draft_order,fantasy_game_seq,player_id,preferred_team,team_name,seq) values (?,?,?,?,?,default)
    Hibernate: insert into ft_participants (draft_order,fantasy_game_seq,player_id,preferred_team,team_name,seq) values (?,?,?,?,?,default)
    Hibernate: insert into ft_participants (draft_order,fantasy_game_seq,player_id,preferred_team,team_name,seq) values (?,?,?,?,?,default)
    Hibernate: insert into ft_participants (draft_order,fantasy_game_seq,player_id,preferred_team,team_name,seq) values (?,?,?,?,?,default)
    Hibernate: insert into ft_participants (draft_order,fantasy_game_seq,player_id,preferred_team,team_name,seq) values (?,?,?,?,?,default)
    Hibernate: insert into ft_participants (draft_order,fantasy_game_seq,player_id,preferred_team,team_name,seq) values (?,?,?,?,?,default)
    Hibernate: insert into ft_participants (draft_order,fantasy_game_seq,player_id,preferred_team,team_name,seq) values (?,?,?,?,?,default)
    Hibernate: insert into ft_participants (draft_order,fantasy_game_seq,player_id,preferred_team,team_name,seq) values (?,?,?,?,?,default)
    Hibernate: insert into ft_participants (draft_order,fantasy_game_seq,player_id,preferred_team,team_name,seq) values (?,?,?,?,?,default)
    Hibernate: insert into ft_participants (draft_order,fantasy_game_seq,player_id,preferred_team,team_name,seq) values (?,?,?,?,?,default)
    Hibernate: insert into ft_participants (draft_order,fantasy_game_seq,player_id,preferred_team,team_name,seq) values (?,?,?,?,?,default)
    Hibernate: insert into ft_participants (draft_order,fantasy_game_seq,player_id,preferred_team,team_name,seq) values (?,?,?,?,?,default)
    Hibernate: insert into ft_participants (draft_order,fantasy_game_seq,player_id,preferred_team,team_name,seq) values (?,?,?,?,?,default)
    Hibernate: insert into ft_participants (draft_order,fantasy_game_seq,player_id,preferred_team,team_name,seq) values (?,?,?,?,?,default)
    Hibernate: insert into ft_participants (draft_order,fantasy_game_seq,player_id,preferred_team,team_name,seq) values (?,?,?,?,?,default)
    Hibernate: insert into ft_participants (draft_order,fantasy_game_seq,player_id,preferred_team,team_name,seq) values (?,?,?,?,?,default)
    Hibernate: insert into ft_participants (draft_order,fantasy_game_seq,player_id,preferred_team,team_name,seq) values (?,?,?,?,?,default)
    Hibernate: insert into ft_participants (draft_order,fantasy_game_seq,player_id,preferred_team,team_name,seq) values (?,?,?,?,?,default)
    Hibernate: insert into ft_participants (draft_order,fantasy_game_seq,player_id,preferred_team,team_name,seq) values (?,?,?,?,?,default)
    Hibernate: insert into ft_participants (draft_order,fantasy_game_seq,player_id,preferred_team,team_name,seq) values (?,?,?,?,?,default)
    Hibernate: insert into ft_participants (draft_order,fantasy_game_seq,player_id,preferred_team,team_name,seq) values (?,?,?,?,?,default)
    Hibernate: insert into ft_participants (draft_order,fantasy_game_seq,player_id,preferred_team,team_name,seq) values (?,?,?,?,?,default)
    Hibernate: insert into ft_participants (draft_order,fantasy_game_seq,player_id,preferred_team,team_name,seq) values (?,?,?,?,?,default)
    Hibernate: insert into ft_participants (draft_order,fantasy_game_seq,player_id,preferred_team,team_name,seq) values (?,?,?,?,?,default)
    Hibernate: insert into ft_participants (draft_order,fantasy_game_seq,player_id,preferred_team,team_name,seq) values (?,?,?,?,?,default)
    Hibernate: insert into ft_participants (draft_order,fantasy_game_seq,player_id,preferred_team,team_name,seq) values (?,?,?,?,?,default)
    Hibernate: insert into ft_participants (draft_order,fantasy_game_seq,player_id,preferred_team,team_name,seq) values (?,?,?,?,?,default)
    Hibernate: insert into ft_participants (draft_order,fantasy_game_seq,player_id,preferred_team,team_name,seq) values (?,?,?,?,?,default)
    Hibernate: insert into ft_participants (draft_order,fantasy_game_seq,player_id,preferred_team,team_name,seq) values (?,?,?,?,?,default)
    Hibernate: insert into ft_participants (draft_order,fantasy_game_seq,player_id,preferred_team,team_name,seq) values (?,?,?,?,?,default)
    Hibernate: insert into ft_participants (draft_order,fantasy_game_seq,player_id,preferred_team,team_name,seq) values (?,?,?,?,?,default)
    Hibernate: insert into ft_participants (draft_order,fantasy_game_seq,player_id,preferred_team,team_name,seq) values (?,?,?,?,?,default)
    Hibernate: insert into ft_participants (draft_order,fantasy_game_seq,player_id,preferred_team,team_name,seq) values (?,?,?,?,?,default)
    Hibernate: insert into ft_participants (draft_order,fantasy_game_seq,player_id,preferred_team,team_name,seq) values (?,?,?,?,?,default)
    Hibernate: insert into ft_participants (draft_order,fantasy_game_seq,player_id,preferred_team,team_name,seq) values (?,?,?,?,?,default)
    Hibernate: insert into ft_participants (draft_order,fantasy_game_seq,player_id,preferred_team,team_name,seq) values (?,?,?,?,?,default)
    Hibernate: insert into ft_participants (draft_order,fantasy_game_seq,player_id,preferred_team,team_name,seq) values (?,?,?,?,?,default)
    Hibernate: insert into ft_participants (draft_order,fantasy_game_seq,player_id,preferred_team,team_name,seq) values (?,?,?,?,?,default)
    Hibernate: insert into ft_participants (draft_order,fantasy_game_seq,player_id,preferred_team,team_name,seq) values (?,?,?,?,?,default)
    Hibernate: insert into ft_participants (draft_order,fantasy_game_seq,player_id,preferred_team,team_name,seq) values (?,?,?,?,?,default)
    Hibernate: insert into ft_participants (draft_order,fantasy_game_seq,player_id,preferred_team,team_name,seq) values (?,?,?,?,?,default)
    Hibernate: insert into ft_participants (draft_order,fantasy_game_seq,player_id,preferred_team,team_name,seq) values (?,?,?,?,?,default)
    Hibernate: insert into ft_participants (draft_order,fantasy_game_seq,player_id,preferred_team,team_name,seq) values (?,?,?,?,?,default)
    Hibernate: insert into ft_participants (draft_order,fantasy_game_seq,player_id,preferred_team,team_name,seq) values (?,?,?,?,?,default)
    Hibernate: insert into ft_participants (draft_order,fantasy_game_seq,player_id,preferred_team,team_name,seq) values (?,?,?,?,?,default)
    Hibernate: insert into ft_participants (draft_order,fantasy_game_seq,player_id,preferred_team,team_name,seq) values (?,?,?,?,?,default)
    Hibernate: insert into ft_participants (draft_order,fantasy_game_seq,player_id,preferred_team,team_name,seq) values (?,?,?,?,?,default)
    Hibernate: insert into ft_participants (draft_order,fantasy_game_seq,player_id,preferred_team,team_name,seq) values (?,?,?,?,?,default)
    Hibernate: insert into ft_participants (draft_order,fantasy_game_seq,player_id,preferred_team,team_name,seq) values (?,?,?,?,?,default)
    Hibernate: insert into ft_participants (draft_order,fantasy_game_seq,player_id,preferred_team,team_name,seq) values (?,?,?,?,?,default)
    Hibernate: insert into ft_participants (draft_order,fantasy_game_seq,player_id,preferred_team,team_name,seq) values (?,?,?,?,?,default)
    Hibernate: insert into ft_participants (draft_order,fantasy_game_seq,player_id,preferred_team,team_name,seq) values (?,?,?,?,?,default)
    Hibernate: insert into ft_participants (draft_order,fantasy_game_seq,player_id,preferred_team,team_name,seq) values (?,?,?,?,?,default)
    Hibernate: insert into ft_participants (draft_order,fantasy_game_seq,player_id,preferred_team,team_name,seq) values (?,?,?,?,?,default)
    Hibernate: insert into ft_participants (draft_order,fantasy_game_seq,player_id,preferred_team,team_name,seq) values (?,?,?,?,?,default)
    Hibernate: insert into ft_participants (draft_order,fantasy_game_seq,player_id,preferred_team,team_name,seq) values (?,?,?,?,?,default)
    Hibernate: insert into ft_participants (draft_order,fantasy_game_seq,player_id,preferred_team,team_name,seq) values (?,?,?,?,?,default)
    Hibernate: insert into ft_participants (draft_order,fantasy_game_seq,player_id,preferred_team,team_name,seq) values (?,?,?,?,?,default)
    Hibernate: insert into ft_participants (draft_order,fantasy_game_seq,player_id,preferred_team,team_name,seq) values (?,?,?,?,?,default)
    Hibernate: insert into ft_participants (draft_order,fantasy_game_seq,player_id,preferred_team,team_name,seq) values (?,?,?,?,?,default)
    Hibernate: insert into ft_participants (draft_order,fantasy_game_seq,player_id,preferred_team,team_name,seq) values (?,?,?,?,?,default)
    Hibernate: insert into ft_participants (draft_order,fantasy_game_seq,player_id,preferred_team,team_name,seq) values (?,?,?,?,?,default)
    Hibernate: insert into ft_participants (draft_order,fantasy_game_seq,player_id,preferred_team,team_name,seq) values (?,?,?,?,?,default)
    Hibernate: insert into ft_participants (draft_order,fantasy_game_seq,player_id,preferred_team,team_name,seq) values (?,?,?,?,?,default)
    Hibernate: insert into ft_participants (draft_order,fantasy_game_seq,player_id,preferred_team,team_name,seq) values (?,?,?,?,?,default)
    Hibernate: insert into ft_participants (draft_order,fantasy_game_seq,player_id,preferred_team,team_name,seq) values (?,?,?,?,?,default)
    Hibernate: insert into ft_participants (draft_order,fantasy_game_seq,player_id,preferred_team,team_name,seq) values (?,?,?,?,?,default)
    Hibernate: insert into ft_participants (draft_order,fantasy_game_seq,player_id,preferred_team,team_name,seq) values (?,?,?,?,?,default)
    Hibernate: insert into ft_participants (draft_order,fantasy_game_seq,player_id,preferred_team,team_name,seq) values (?,?,?,?,?,default)
    Hibernate: insert into ft_participants (draft_order,fantasy_game_seq,player_id,preferred_team,team_name,seq) values (?,?,?,?,?,default)
    Hibernate: insert into ft_participants (draft_order,fantasy_game_seq,player_id,preferred_team,team_name,seq) values (?,?,?,?,?,default)
    Hibernate: insert into ft_participants (draft_order,fantasy_game_seq,player_id,preferred_team,team_name,seq) values (?,?,?,?,?,default)
    Hibernate: insert into ft_participants (draft_order,fantasy_game_seq,player_id,preferred_team,team_name,seq) values (?,?,?,?,?,default)
    Hibernate: insert into ft_participants (draft_order,fantasy_game_seq,player_id,preferred_team,team_name,seq) values (?,?,?,?,?,default)
    Hibernate: insert into ft_participants (draft_order,fantasy_game_seq,player_id,preferred_team,team_name,seq) values (?,?,?,?,?,default)
    Hibernate: insert into ft_participants (draft_order,fantasy_game_seq,player_id,preferred_team,team_name,seq) values (?,?,?,?,?,default)
    Hibernate: insert into ft_participants (draft_order,fantasy_game_seq,player_id,preferred_team,team_name,seq) values (?,?,?,?,?,default)
    Hibernate: insert into ft_participants (draft_order,fantasy_game_seq,player_id,preferred_team,team_name,seq) values (?,?,?,?,?,default)
    Hibernate: insert into ft_participants (draft_order,fantasy_game_seq,player_id,preferred_team,team_name,seq) values (?,?,?,?,?,default)
    Hibernate: insert into ft_participants (draft_order,fantasy_game_seq,player_id,preferred_team,team_name,seq) values (?,?,?,?,?,default)
    Hibernate: insert into ft_participants (draft_order,fantasy_game_seq,player_id,preferred_team,team_name,seq) values (?,?,?,?,?,default)
    Hibernate: insert into ft_participants (draft_order,fantasy_game_seq,player_id,preferred_team,team_name,seq) values (?,?,?,?,?,default)
    Hibernate: insert into ft_participants (draft_order,fantasy_game_seq,player_id,preferred_team,team_name,seq) values (?,?,?,?,?,default)
    Hibernate: insert into ft_participants (draft_order,fantasy_game_seq,player_id,preferred_team,team_name,seq) values (?,?,?,?,?,default)
    Hibernate: insert into ft_participants (draft_order,fantasy_game_seq,player_id,preferred_team,team_name,seq) values (?,?,?,?,?,default)
    Hibernate: insert into ft_participants (draft_order,fantasy_game_seq,player_id,preferred_team,team_name,seq) values (?,?,?,?,?,default)
    Hibernate: insert into ft_participants (draft_order,fantasy_game_seq,player_id,preferred_team,team_name,seq) values (?,?,?,?,?,default)
    Hibernate: insert into ft_participants (draft_order,fantasy_game_seq,player_id,preferred_team,team_name,seq) values (?,?,?,?,?,default)
    Hibernate: insert into ft_participants (draft_order,fantasy_game_seq,player_id,preferred_team,team_name,seq) values (?,?,?,?,?,default)
    Hibernate: insert into ft_participants (draft_order,fantasy_game_seq,player_id,preferred_team,team_name,seq) values (?,?,?,?,?,default)
    Hibernate: insert into ft_participants (draft_order,fantasy_game_seq,player_id,preferred_team,team_name,seq) values (?,?,?,?,?,default)
    Hibernate: insert into ft_participants (draft_order,fantasy_game_seq,player_id,preferred_team,team_name,seq) values (?,?,?,?,?,default)
    Hibernate: insert into ft_participants (draft_order,fantasy_game_seq,player_id,preferred_team,team_name,seq) values (?,?,?,?,?,default)
    Hibernate: insert into ft_participants (draft_order,fantasy_game_seq,player_id,preferred_team,team_name,seq) values (?,?,?,?,?,default)
    Hibernate: insert into ft_participants (draft_order,fantasy_game_seq,player_id,preferred_team,team_name,seq) values (?,?,?,?,?,default)
    Hibernate: insert into ft_participants (draft_order,fantasy_game_seq,player_id,preferred_team,team_name,seq) values (?,?,?,?,?,default)
    Hibernate: insert into ft_participants (draft_order,fantasy_game_seq,player_id,preferred_team,team_name,seq) values (?,?,?,?,?,default)
    Hibernate: insert into ft_participants (draft_order,fantasy_game_seq,player_id,preferred_team,team_name,seq) values (?,?,?,?,?,default)
    Hibernate: insert into ft_participants (draft_order,fantasy_game_seq,player_id,preferred_team,team_name,seq) values (?,?,?,?,?,default)
    Hibernate: insert into ft_participants (draft_order,fantasy_game_seq,player_id,preferred_team,team_name,seq) values (?,?,?,?,?,default)
    Hibernate: insert into ft_participants (draft_order,fantasy_game_seq,player_id,preferred_team,team_name,seq) values (?,?,?,?,?,default)
    Hibernate: insert into ft_participants (draft_order,fantasy_game_seq,player_id,preferred_team,team_name,seq) values (?,?,?,?,?,default)
    Hibernate: insert into ft_participants (draft_order,fantasy_game_seq,player_id,preferred_team,team_name,seq) values (?,?,?,?,?,default)
    Hibernate: insert into ft_participants (draft_order,fantasy_game_seq,player_id,preferred_team,team_name,seq) values (?,?,?,?,?,default)
    Hibernate: insert into ft_participants (draft_order,fantasy_game_seq,player_id,preferred_team,team_name,seq) values (?,?,?,?,?,default)
    Hibernate: insert into ft_participants (draft_order,fantasy_game_seq,player_id,preferred_team,team_name,seq) values (?,?,?,?,?,default)
    Hibernate: insert into ft_participants (draft_order,fantasy_game_seq,player_id,preferred_team,team_name,seq) values (?,?,?,?,?,default)
    Hibernate: insert into ft_participants (draft_order,fantasy_game_seq,player_id,preferred_team,team_name,seq) values (?,?,?,?,?,default)
    Hibernate: insert into ft_participants (draft_order,fantasy_game_seq,player_id,preferred_team,team_name,seq) values (?,?,?,?,?,default)
    Hibernate: insert into ft_participants (draft_order,fantasy_game_seq,player_id,preferred_team,team_name,seq) values (?,?,?,?,?,default)
    Hibernate: insert into ft_participants (draft_order,fantasy_game_seq,player_id,preferred_team,team_name,seq) values (?,?,?,?,?,default)
    Hibernate: insert into ft_participants (draft_order,fantasy_game_seq,player_id,preferred_team,team_name,seq) values (?,?,?,?,?,default)
    Hibernate: insert into ft_participants (draft_order,fantasy_game_seq,player_id,preferred_team,team_name,seq) values (?,?,?,?,?,default)
    Hibernate: insert into ft_participants (draft_order,fantasy_game_seq,player_id,preferred_team,team_name,seq) values (?,?,?,?,?,default)
    Hibernate: insert into ft_participants (draft_order,fantasy_game_seq,player_id,preferred_team,team_name,seq) values (?,?,?,?,?,default)
    Hibernate: insert into ft_participants (draft_order,fantasy_game_seq,player_id,preferred_team,team_name,seq) values (?,?,?,?,?,default)
    Hibernate: insert into ft_participants (draft_order,fantasy_game_seq,player_id,preferred_team,team_name,seq) values (?,?,?,?,?,default)
    Hibernate: insert into ft_participants (draft_order,fantasy_game_seq,player_id,preferred_team,team_name,seq) values (?,?,?,?,?,default)
    Hibernate: insert into ft_participants (draft_order,fantasy_game_seq,player_id,preferred_team,team_name,seq) values (?,?,?,?,?,default)
    Hibernate: insert into ft_participants (draft_order,fantasy_game_seq,player_id,preferred_team,team_name,seq) values (?,?,?,?,?,default)
    Hibernate: insert into ft_participants (draft_order,fantasy_game_seq,player_id,preferred_team,team_name,seq) values (?,?,?,?,?,default)
    Hibernate: insert into ft_participants (draft_order,fantasy_game_seq,player_id,preferred_team,team_name,seq) values (?,?,?,?,?,default)
    Hibernate: insert into ft_participants (draft_order,fantasy_game_seq,player_id,preferred_team,team_name,seq) values (?,?,?,?,?,default)
    Hibernate: insert into ft_participants (draft_order,fantasy_game_seq,player_id,preferred_team,team_name,seq) values (?,?,?,?,?,default)
    Hibernate: insert into ft_participants (draft_order,fantasy_game_seq,player_id,preferred_team,team_name,seq) values (?,?,?,?,?,default)
    Hibernate: insert into ft_participants (draft_order,fantasy_game_seq,player_id,preferred_team,team_name,seq) values (?,?,?,?,?,default)
    Hibernate: insert into ft_participants (draft_order,fantasy_game_seq,player_id,preferred_team,team_name,seq) values (?,?,?,?,?,default)
    Hibernate: insert into ft_participants (draft_order,fantasy_game_seq,player_id,preferred_team,team_name,seq) values (?,?,?,?,?,default)
    Hibernate: insert into ft_participants (draft_order,fantasy_game_seq,player_id,preferred_team,team_name,seq) values (?,?,?,?,?,default)
    Hibernate: insert into ft_participants (draft_order,fantasy_game_seq,player_id,preferred_team,team_name,seq) values (?,?,?,?,?,default)
    Hibernate: insert into ft_participants (draft_order,fantasy_game_seq,player_id,preferred_team,team_name,seq) values (?,?,?,?,?,default)
    Hibernate: insert into ft_participants (draft_order,fantasy_game_seq,player_id,preferred_team,team_name,seq) values (?,?,?,?,?,default)
    Hibernate: insert into ft_participants (draft_order,fantasy_game_seq,player_id,preferred_team,team_name,seq) values (?,?,?,?,?,default)
    Hibernate: insert into ft_participants (draft_order,fantasy_game_seq,player_id,preferred_team,team_name,seq) values (?,?,?,?,?,default)
    Hibernate: insert into ft_participants (draft_order,fantasy_game_seq,player_id,preferred_team,team_name,seq) values (?,?,?,?,?,default)
    Hibernate: insert into ft_participants (draft_order,fantasy_game_seq,player_id,preferred_team,team_name,seq) values (?,?,?,?,?,default)
    Hibernate: insert into ft_participants (draft_order,fantasy_game_seq,player_id,preferred_team,team_name,seq) values (?,?,?,?,?,default)
    Hibernate: insert into ft_participants (draft_order,fantasy_game_seq,player_id,preferred_team,team_name,seq) values (?,?,?,?,?,default)
    Hibernate: insert into ft_participants (draft_order,fantasy_game_seq,player_id,preferred_team,team_name,seq) values (?,?,?,?,?,default)
    Hibernate: insert into ft_participants (draft_order,fantasy_game_seq,player_id,preferred_team,team_name,seq) values (?,?,?,?,?,default)
    Hibernate: insert into ft_participants (draft_order,fantasy_game_seq,player_id,preferred_team,team_name,seq) values (?,?,?,?,?,default)
    Hibernate: insert into ft_participants (draft_order,fantasy_game_seq,player_id,preferred_team,team_name,seq) values (?,?,?,?,?,default)
    Hibernate: insert into ft_participants (draft_order,fantasy_game_seq,player_id,preferred_team,team_name,seq) values (?,?,?,?,?,default)
    Hibernate: insert into ft_participants (draft_order,fantasy_game_seq,player_id,preferred_team,team_name,seq) values (?,?,?,?,?,default)
    Hibernate: insert into ft_participants (draft_order,fantasy_game_seq,player_id,preferred_team,team_name,seq) values (?,?,?,?,?,default)
    Hibernate: insert into ft_participants (draft_order,fantasy_game_seq,player_id,preferred_team,team_name,seq) values (?,?,?,?,?,default)
    Hibernate: insert into ft_participants (draft_order,fantasy_game_seq,player_id,preferred_team,team_name,seq) values (?,?,?,?,?,default)
    Hibernate: insert into ft_participants (draft_order,fantasy_game_seq,player_id,preferred_team,team_name,seq) values (?,?,?,?,?,default)
    Hibernate: insert into ft_participants (draft_order,fantasy_game_seq,player_id,preferred_team,team_name,seq) values (?,?,?,?,?,default)
    Hibernate: insert into ft_participants (draft_order,fantasy_game_seq,player_id,preferred_team,team_name,seq) values (?,?,?,?,?,default)
    Hibernate: insert into ft_participants (draft_order,fantasy_game_seq,player_id,preferred_team,team_name,seq) values (?,?,?,?,?,default)
    Hibernate: insert into ft_participants (draft_order,fantasy_game_seq,player_id,preferred_team,team_name,seq) values (?,?,?,?,?,default)
    Hibernate: insert into ft_participants (draft_order,fantasy_game_seq,player_id,preferred_team,team_name,seq) values (?,?,?,?,?,default)
    Hibernate: insert into ft_participants (draft_order,fantasy_game_seq,player_id,preferred_team,team_name,seq) values (?,?,?,?,?,default)
    Hibernate: insert into ft_participants (draft_order,fantasy_game_seq,player_id,preferred_team,team_name,seq) values (?,?,?,?,?,default)
    Hibernate: insert into ft_participants (draft_order,fantasy_game_seq,player_id,preferred_team,team_name,seq) values (?,?,?,?,?,default)
    Hibernate: insert into ft_participants (draft_order,fantasy_game_seq,player_id,preferred_team,team_name,seq) values (?,?,?,?,?,default)
    Hibernate: insert into ft_participants (draft_order,fantasy_game_seq,player_id,preferred_team,team_name,seq) values (?,?,?,?,?,default)
    Hibernate: insert into ft_participants (draft_order,fantasy_game_seq,player_id,preferred_team,team_name,seq) values (?,?,?,?,?,default)
    Hibernate: insert into ft_participants (draft_order,fantasy_game_seq,player_id,preferred_team,team_name,seq) values (?,?,?,?,?,default)
    Hibernate: insert into ft_participants (draft_order,fantasy_game_seq,player_id,preferred_team,team_name,seq) values (?,?,?,?,?,default)
    Hibernate: insert into ft_participants (draft_order,fantasy_game_seq,player_id,preferred_team,team_name,seq) values (?,?,?,?,?,default)
    Hibernate: insert into ft_participants (draft_order,fantasy_game_seq,player_id,preferred_team,team_name,seq) values (?,?,?,?,?,default)
    Hibernate: insert into ft_participants (draft_order,fantasy_game_seq,player_id,preferred_team,team_name,seq) values (?,?,?,?,?,default)
    Hibernate: insert into ft_participants (draft_order,fantasy_game_seq,player_id,preferred_team,team_name,seq) values (?,?,?,?,?,default)
    Hibernate: insert into ft_participants (draft_order,fantasy_game_seq,player_id,preferred_team,team_name,seq) values (?,?,?,?,?,default)
    Hibernate: insert into ft_participants (draft_order,fantasy_game_seq,player_id,preferred_team,team_name,seq) values (?,?,?,?,?,default)
    Hibernate: insert into ft_participants (draft_order,fantasy_game_seq,player_id,preferred_team,team_name,seq) values (?,?,?,?,?,default)
    Hibernate: insert into ft_participants (draft_order,fantasy_game_seq,player_id,preferred_team,team_name,seq) values (?,?,?,?,?,default)
    Hibernate: insert into ft_participants (draft_order,fantasy_game_seq,player_id,preferred_team,team_name,seq) values (?,?,?,?,?,default)
    Hibernate: insert into ft_participants (draft_order,fantasy_game_seq,player_id,preferred_team,team_name,seq) values (?,?,?,?,?,default)
    Hibernate: insert into ft_participants (draft_order,fantasy_game_seq,player_id,preferred_team,team_name,seq) values (?,?,?,?,?,default)
    Hibernate: insert into ft_participants (draft_order,fantasy_game_seq,player_id,preferred_team,team_name,seq) values (?,?,?,?,?,default)
    Hibernate: insert into ft_participants (draft_order,fantasy_game_seq,player_id,preferred_team,team_name,seq) values (?,?,?,?,?,default)
    Hibernate: insert into ft_participants (draft_order,fantasy_game_seq,player_id,preferred_team,team_name,seq) values (?,?,?,?,?,default)
    Hibernate: insert into ft_participants (draft_order,fantasy_game_seq,player_id,preferred_team,team_name,seq) values (?,?,?,?,?,default)
    Hibernate: insert into ft_participants (draft_order,fantasy_game_seq,player_id,preferred_team,team_name,seq) values (?,?,?,?,?,default)
    Hibernate: insert into ft_participants (draft_order,fantasy_game_seq,player_id,preferred_team,team_name,seq) values (?,?,?,?,?,default)
    Hibernate: insert into ft_participants (draft_order,fantasy_game_seq,player_id,preferred_team,team_name,seq) values (?,?,?,?,?,default)
    Hibernate: insert into ft_participants (draft_order,fantasy_game_seq,player_id,preferred_team,team_name,seq) values (?,?,?,?,?,default)
    Hibernate: insert into ft_participants (draft_order,fantasy_game_seq,player_id,preferred_team,team_name,seq) values (?,?,?,?,?,default)
    Hibernate: insert into ft_participants (draft_order,fantasy_game_seq,player_id,preferred_team,team_name,seq) values (?,?,?,?,?,default)
    Hibernate: insert into ft_participants (draft_order,fantasy_game_seq,player_id,preferred_team,team_name,seq) values (?,?,?,?,?,default)
    Hibernate: insert into ft_participants (draft_order,fantasy_game_seq,player_id,preferred_team,team_name,seq) values (?,?,?,?,?,default)
    Hibernate: insert into ft_participants (draft_order,fantasy_game_seq,player_id,preferred_team,team_name,seq) values (?,?,?,?,?,default)
    Hibernate: insert into ft_participants (draft_order,fantasy_game_seq,player_id,preferred_team,team_name,seq) values (?,?,?,?,?,default)
    Hibernate: insert into ft_participants (draft_order,fantasy_game_seq,player_id,preferred_team,team_name,seq) values (?,?,?,?,?,default)
    Hibernate: insert into ft_participants (draft_order,fantasy_game_seq,player_id,preferred_team,team_name,seq) values (?,?,?,?,?,default)
    Hibernate: insert into ft_participants (draft_order,fantasy_game_seq,player_id,preferred_team,team_name,seq) values (?,?,?,?,?,default)
    Hibernate: insert into ft_participants (draft_order,fantasy_game_seq,player_id,preferred_team,team_name,seq) values (?,?,?,?,?,default)
    Hibernate: insert into ft_participants (draft_order,fantasy_game_seq,player_id,preferred_team,team_name,seq) values (?,?,?,?,?,default)
    Hibernate: insert into ft_participants (draft_order,fantasy_game_seq,player_id,preferred_team,team_name,seq) values (?,?,?,?,?,default)
    Hibernate: insert into ft_participants (draft_order,fantasy_game_seq,player_id,preferred_team,team_name,seq) values (?,?,?,?,?,default)
    Hibernate: insert into ft_participants (draft_order,fantasy_game_seq,player_id,preferred_team,team_name,seq) values (?,?,?,?,?,default)
    Hibernate: insert into ft_participants (draft_order,fantasy_game_seq,player_id,preferred_team,team_name,seq) values (?,?,?,?,?,default)
    Hibernate: insert into ft_participants (draft_order,fantasy_game_seq,player_id,preferred_team,team_name,seq) values (?,?,?,?,?,default)
    Hibernate: insert into ft_participants (draft_order,fantasy_game_seq,player_id,preferred_team,team_name,seq) values (?,?,?,?,?,default)
    Hibernate: insert into ft_participants (draft_order,fantasy_game_seq,player_id,preferred_team,team_name,seq) values (?,?,?,?,?,default)
    Hibernate: insert into ft_participants (draft_order,fantasy_game_seq,player_id,preferred_team,team_name,seq) values (?,?,?,?,?,default)
    Hibernate: insert into ft_participants (draft_order,fantasy_game_seq,player_id,preferred_team,team_name,seq) values (?,?,?,?,?,default)
    Hibernate: insert into ft_participants (draft_order,fantasy_game_seq,player_id,preferred_team,team_name,seq) values (?,?,?,?,?,default)
    Hibernate: insert into ft_participants (draft_order,fantasy_game_seq,player_id,preferred_team,team_name,seq) values (?,?,?,?,?,default)
    Hibernate: insert into ft_participants (draft_order,fantasy_game_seq,player_id,preferred_team,team_name,seq) values (?,?,?,?,?,default)
    Hibernate: insert into ft_participants (draft_order,fantasy_game_seq,player_id,preferred_team,team_name,seq) values (?,?,?,?,?,default)
    Hibernate: insert into ft_participants (draft_order,fantasy_game_seq,player_id,preferred_team,team_name,seq) values (?,?,?,?,?,default)
    Hibernate: insert into ft_participants (draft_order,fantasy_game_seq,player_id,preferred_team,team_name,seq) values (?,?,?,?,?,default)
    Hibernate: insert into ft_participants (draft_order,fantasy_game_seq,player_id,preferred_team,team_name,seq) values (?,?,?,?,?,default)
    Hibernate: insert into ft_participants (draft_order,fantasy_game_seq,player_id,preferred_team,team_name,seq) values (?,?,?,?,?,default)
    Hibernate: insert into ft_participants (draft_order,fantasy_game_seq,player_id,preferred_team,team_name,seq) values (?,?,?,?,?,default)
    Hibernate: insert into ft_participants (draft_order,fantasy_game_seq,player_id,preferred_team,team_name,seq) values (?,?,?,?,?,default)
    Hibernate: insert into ft_participants (draft_order,fantasy_game_seq,player_id,preferred_team,team_name,seq) values (?,?,?,?,?,default)
    Hibernate: insert into ft_participants (draft_order,fantasy_game_seq,player_id,preferred_team,team_name,seq) values (?,?,?,?,?,default)
    Hibernate: insert into ft_participants (draft_order,fantasy_game_seq,player_id,preferred_team,team_name,seq) values (?,?,?,?,?,default)
    Hibernate: insert into ft_participants (draft_order,fantasy_game_seq,player_id,preferred_team,team_name,seq) values (?,?,?,?,?,default)
    Hibernate: insert into ft_participants (draft_order,fantasy_game_seq,player_id,preferred_team,team_name,seq) values (?,?,?,?,?,default)
    Hibernate: insert into ft_participants (draft_order,fantasy_game_seq,player_id,preferred_team,team_name,seq) values (?,?,?,?,?,default)
    Hibernate: insert into ft_participants (draft_order,fantasy_game_seq,player_id,preferred_team,team_name,seq) values (?,?,?,?,?,default)
    Hibernate: insert into ft_participants (draft_order,fantasy_game_seq,player_id,preferred_team,team_name,seq) values (?,?,?,?,?,default)
    Hibernate: insert into ft_participants (draft_order,fantasy_game_seq,player_id,preferred_team,team_name,seq) values (?,?,?,?,?,default)
    Hibernate: insert into ft_participants (draft_order,fantasy_game_seq,player_id,preferred_team,team_name,seq) values (?,?,?,?,?,default)
    Hibernate: insert into ft_participants (draft_order,fantasy_game_seq,player_id,preferred_team,team_name,seq) values (?,?,?,?,?,default)
    Hibernate: insert into ft_participants (draft_order,fantasy_game_seq,player_id,preferred_team,team_name,seq) values (?,?,?,?,?,default)
    Hibernate: insert into ft_participants (draft_order,fantasy_game_seq,player_id,preferred_team,team_name,seq) values (?,?,?,?,?,default)
    Hibernate: insert into ft_participants (draft_order,fantasy_game_seq,player_id,preferred_team,team_name,seq) values (?,?,?,?,?,default)
    Hibernate: insert into ft_participants (draft_order,fantasy_game_seq,player_id,preferred_team,team_name,seq) values (?,?,?,?,?,default)
    Hibernate: insert into ft_participants (draft_order,fantasy_game_seq,player_id,preferred_team,team_name,seq) values (?,?,?,?,?,default)
    Hibernate: insert into ft_participants (draft_order,fantasy_game_seq,player_id,preferred_team,team_name,seq) values (?,?,?,?,?,default)
    Hibernate: insert into ft_participants (draft_order,fantasy_game_seq,player_id,preferred_team,team_name,seq) values (?,?,?,?,?,default)
    Hibernate: insert into ft_participants (draft_order,fantasy_game_seq,player_id,preferred_team,team_name,seq) values (?,?,?,?,?,default)
    Hibernate: insert into ft_participants (draft_order,fantasy_game_seq,player_id,preferred_team,team_name,seq) values (?,?,?,?,?,default)
    Hibernate: insert into ft_participants (draft_order,fantasy_game_seq,player_id,preferred_team,team_name,seq) values (?,?,?,?,?,default)
    Hibernate: insert into ft_participants (draft_order,fantasy_game_seq,player_id,preferred_team,team_name,seq) values (?,?,?,?,?,default)
    Hibernate: insert into ft_participants (draft_order,fantasy_game_seq,player_id,preferred_team,team_name,seq) values (?,?,?,?,?,default)
    Hibernate: insert into ft_participants (draft_order,fantasy_game_seq,player_id,preferred_team,team_name,seq) values (?,?,?,?,?,default)
    Hibernate: insert into ft_participants (draft_order,fantasy_game_seq,player_id,preferred_team,team_name,seq) values (?,?,?,?,?,default)
    Hibernate: insert into ft_participants (draft_order,fantasy_game_seq,player_id,preferred_team,team_name,seq) values (?,?,?,?,?,default)
    Hibernate: insert into ft_participants (draft_order,fantasy_game_seq,player_id,preferred_team,team_name,seq) values (?,?,?,?,?,default)
    Hibernate: insert into ft_participants (draft_order,fantasy_game_seq,player_id,preferred_team,team_name,seq) values (?,?,?,?,?,default)
    Hibernate: insert into ft_participants (draft_order,fantasy_game_seq,player_id,preferred_team,team_name,seq) values (?,?,?,?,?,default)
    Hibernate: insert into ft_participants (draft_order,fantasy_game_seq,player_id,preferred_team,team_name,seq) values (?,?,?,?,?,default)
    Hibernate: insert into ft_participants (draft_order,fantasy_game_seq,player_id,preferred_team,team_name,seq) values (?,?,?,?,?,default)
    Hibernate: insert into ft_participants (draft_order,fantasy_game_seq,player_id,preferred_team,team_name,seq) values (?,?,?,?,?,default)
    Hibernate: insert into ft_participants (draft_order,fantasy_game_seq,player_id,preferred_team,team_name,seq) values (?,?,?,?,?,default)
    Hibernate: insert into ft_participants (draft_order,fantasy_game_seq,player_id,preferred_team,team_name,seq) values (?,?,?,?,?,default)
    Hibernate: insert into ft_participants (draft_order,fantasy_game_seq,player_id,preferred_team,team_name,seq) values (?,?,?,?,?,default)
    Hibernate: insert into ft_participants (draft_order,fantasy_game_seq,player_id,preferred_team,team_name,seq) values (?,?,?,?,?,default)
    Hibernate: insert into ft_participants (draft_order,fantasy_game_seq,player_id,preferred_team,team_name,seq) values (?,?,?,?,?,default)
    Hibernate: insert into ft_participants (draft_order,fantasy_game_seq,player_id,preferred_team,team_name,seq) values (?,?,?,?,?,default)
    Hibernate: insert into ft_participants (draft_order,fantasy_game_seq,player_id,preferred_team,team_name,seq) values (?,?,?,?,?,default)
    Hibernate: insert into ft_participants (draft_order,fantasy_game_seq,player_id,preferred_team,team_name,seq) values (?,?,?,?,?,default)
    Hibernate: insert into ft_participants (draft_order,fantasy_game_seq,player_id,preferred_team,team_name,seq) values (?,?,?,?,?,default)
    Hibernate: insert into ft_participants (draft_order,fantasy_game_seq,player_id,preferred_team,team_name,seq) values (?,?,?,?,?,default)
    Hibernate: insert into ft_participants (draft_order,fantasy_game_seq,player_id,preferred_team,team_name,seq) values (?,?,?,?,?,default)
    Hibernate: insert into ft_participants (draft_order,fantasy_game_seq,player_id,preferred_team,team_name,seq) values (?,?,?,?,?,default)
    Hibernate: insert into ft_participants (draft_order,fantasy_game_seq,player_id,preferred_team,team_name,seq) values (?,?,?,?,?,default)
    Hibernate: insert into ft_participants (draft_order,fantasy_game_seq,player_id,preferred_team,team_name,seq) values (?,?,?,?,?,default)
    Hibernate: insert into ft_participants (draft_order,fantasy_game_seq,player_id,preferred_team,team_name,seq) values (?,?,?,?,?,default)
    Hibernate: insert into ft_participants (draft_order,fantasy_game_seq,player_id,preferred_team,team_name,seq) values (?,?,?,?,?,default)
    Hibernate: insert into ft_participants (draft_order,fantasy_game_seq,player_id,preferred_team,team_name,seq) values (?,?,?,?,?,default)
    Hibernate: insert into ft_participants (draft_order,fantasy_game_seq,player_id,preferred_team,team_name,seq) values (?,?,?,?,?,default)
    Hibernate: insert into ft_participants (draft_order,fantasy_game_seq,player_id,preferred_team,team_name,seq) values (?,?,?,?,?,default)
    Hibernate: insert into ft_participants (draft_order,fantasy_game_seq,player_id,preferred_team,team_name,seq) values (?,?,?,?,?,default)
    Hibernate: insert into ft_participants (draft_order,fantasy_game_seq,player_id,preferred_team,team_name,seq) values (?,?,?,?,?,default)
    Hibernate: insert into ft_participants (draft_order,fantasy_game_seq,player_id,preferred_team,team_name,seq) values (?,?,?,?,?,default)
    Hibernate: insert into ft_participants (draft_order,fantasy_game_seq,player_id,preferred_team,team_name,seq) values (?,?,?,?,?,default)
    Hibernate: insert into ft_participants (draft_order,fantasy_game_seq,player_id,preferred_team,team_name,seq) values (?,?,?,?,?,default)
    Hibernate: insert into ft_participants (draft_order,fantasy_game_seq,player_id,preferred_team,team_name,seq) values (?,?,?,?,?,default)
    Hibernate: insert into ft_participants (draft_order,fantasy_game_seq,player_id,preferred_team,team_name,seq) values (?,?,?,?,?,default)
    Hibernate: insert into ft_participants (draft_order,fantasy_game_seq,player_id,preferred_team,team_name,seq) values (?,?,?,?,?,default)
    Hibernate: insert into ft_participants (draft_order,fantasy_game_seq,player_id,preferred_team,team_name,seq) values (?,?,?,?,?,default)
    Hibernate: insert into ft_participants (draft_order,fantasy_game_seq,player_id,preferred_team,team_name,seq) values (?,?,?,?,?,default)
    Hibernate: insert into ft_participants (draft_order,fantasy_game_seq,player_id,preferred_team,team_name,seq) values (?,?,?,?,?,default)
    Hibernate: insert into ft_participants (draft_order,fantasy_game_seq,player_id,preferred_team,team_name,seq) values (?,?,?,?,?,default)
    Hibernate: insert into ft_participants (draft_order,fantasy_game_seq,player_id,preferred_team,team_name,seq) values (?,?,?,?,?,default)
    Hibernate: insert into ft_participants (draft_order,fantasy_game_seq,player_id,preferred_team,team_name,seq) values (?,?,?,?,?,default)
    Hibernate: insert into ft_participants (draft_order,fantasy_game_seq,player_id,preferred_team,team_name,seq) values (?,?,?,?,?,default)
    Hibernate: insert into ft_participants (draft_order,fantasy_game_seq,player_id,preferred_team,team_name,seq) values (?,?,?,?,?,default)
    Hibernate: insert into ft_participants (draft_order,fantasy_game_seq,player_id,preferred_team,team_name,seq) values (?,?,?,?,?,default)
    Hibernate: insert into ft_participants (draft_order,fantasy_game_seq,player_id,preferred_team,team_name,seq) values (?,?,?,?,?,default)
    Hibernate: insert into ft_participants (draft_order,fantasy_game_seq,player_id,preferred_team,team_name,seq) values (?,?,?,?,?,default)
    Hibernate: insert into ft_participants (draft_order,fantasy_game_seq,player_id,preferred_team,team_name,seq) values (?,?,?,?,?,default)
    Hibernate: insert into ft_participants (draft_order,fantasy_game_seq,player_id,preferred_team,team_name,seq) values (?,?,?,?,?,default)
    Hibernate: insert into ft_participants (draft_order,fantasy_game_seq,player_id,preferred_team,team_name,seq) values (?,?,?,?,?,default)
    Hibernate: insert into ft_participants (draft_order,fantasy_game_seq,player_id,preferred_team,team_name,seq) values (?,?,?,?,?,default)
    Hibernate: insert into ft_participants (draft_order,fantasy_game_seq,player_id,preferred_team,team_name,seq) values (?,?,?,?,?,default)
    Hibernate: insert into ft_participants (draft_order,fantasy_game_seq,player_id,preferred_team,team_name,seq) values (?,?,?,?,?,default)
    Hibernate: insert into ft_participants (draft_order,fantasy_game_seq,player_id,preferred_team,team_name,seq) values (?,?,?,?,?,default)
    Hibernate: insert into ft_participants (draft_order,fantasy_game_seq,player_id,preferred_team,team_name,seq) values (?,?,?,?,?,default)
    Hibernate: insert into ft_participants (draft_order,fantasy_game_seq,player_id,preferred_team,team_name,seq) values (?,?,?,?,?,default)
    Hibernate: insert into ft_participants (draft_order,fantasy_game_seq,player_id,preferred_team,team_name,seq) values (?,?,?,?,?,default)
    Hibernate: insert into ft_participants (draft_order,fantasy_game_seq,player_id,preferred_team,team_name,seq) values (?,?,?,?,?,default)
    Hibernate: insert into ft_participants (draft_order,fantasy_game_seq,player_id,preferred_team,team_name,seq) values (?,?,?,?,?,default)
    Hibernate: insert into ft_participants (draft_order,fantasy_game_seq,player_id,preferred_team,team_name,seq) values (?,?,?,?,?,default)
    Hibernate: insert into ft_participants (draft_order,fantasy_game_seq,player_id,preferred_team,team_name,seq) values (?,?,?,?,?,default)
    Hibernate: insert into ft_participants (draft_order,fantasy_game_seq,player_id,preferred_team,team_name,seq) values (?,?,?,?,?,default)
    Hibernate: insert into ft_participants (draft_order,fantasy_game_seq,player_id,preferred_team,team_name,seq) values (?,?,?,?,?,default)
    Hibernate: insert into ft_participants (draft_order,fantasy_game_seq,player_id,preferred_team,team_name,seq) values (?,?,?,?,?,default)
    Hibernate: insert into ft_participants (draft_order,fantasy_game_seq,player_id,preferred_team,team_name,seq) values (?,?,?,?,?,default)
    Hibernate: insert into ft_participants (draft_order,fantasy_game_seq,player_id,preferred_team,team_name,seq) values (?,?,?,?,?,default)
    Hibernate: insert into ft_participants (draft_order,fantasy_game_seq,player_id,preferred_team,team_name,seq) values (?,?,?,?,?,default)
    Hibernate: insert into ft_participants (draft_order,fantasy_game_seq,player_id,preferred_team,team_name,seq) values (?,?,?,?,?,default)
    Hibernate: insert into ft_participants (draft_order,fantasy_game_seq,player_id,preferred_team,team_name,seq) values (?,?,?,?,?,default)
    Hibernate: insert into ft_participants (draft_order,fantasy_game_seq,player_id,preferred_team,team_name,seq) values (?,?,?,?,?,default)
    Hibernate: insert into ft_participants (draft_order,fantasy_game_seq,player_id,preferred_team,team_name,seq) values (?,?,?,?,?,default)
    Hibernate: insert into ft_participants (draft_order,fantasy_game_seq,player_id,preferred_team,team_name,seq) values (?,?,?,?,?,default)
    Hibernate: insert into ft_participants (draft_order,fantasy_game_seq,player_id,preferred_team,team_name,seq) values (?,?,?,?,?,default)
    Hibernate: insert into ft_participants (draft_order,fantasy_game_seq,player_id,preferred_team,team_name,seq) values (?,?,?,?,?,default)
    Hibernate: insert into ft_participants (draft_order,fantasy_game_seq,player_id,preferred_team,team_name,seq) values (?,?,?,?,?,default)
    Hibernate: insert into ft_participants (draft_order,fantasy_game_seq,player_id,preferred_team,team_name,seq) values (?,?,?,?,?,default)
    Hibernate: insert into ft_participants (draft_order,fantasy_game_seq,player_id,preferred_team,team_name,seq) values (?,?,?,?,?,default)
    Hibernate: insert into ft_participants (draft_order,fantasy_game_seq,player_id,preferred_team,team_name,seq) values (?,?,?,?,?,default)
    Hibernate: insert into ft_participants (draft_order,fantasy_game_seq,player_id,preferred_team,team_name,seq) values (?,?,?,?,?,default)
    Hibernate: insert into ft_participants (draft_order,fantasy_game_seq,player_id,preferred_team,team_name,seq) values (?,?,?,?,?,default)
    Hibernate: insert into ft_participants (draft_order,fantasy_game_seq,player_id,preferred_team,team_name,seq) values (?,?,?,?,?,default)
    Hibernate: insert into ft_participants (draft_order,fantasy_game_seq,player_id,preferred_team,team_name,seq) values (?,?,?,?,?,default)
    Hibernate: insert into ft_participants (draft_order,fantasy_game_seq,player_id,preferred_team,team_name,seq) values (?,?,?,?,?,default)
    Hibernate: insert into ft_participants (draft_order,fantasy_game_seq,player_id,preferred_team,team_name,seq) values (?,?,?,?,?,default)
    Hibernate: insert into ft_participants (draft_order,fantasy_game_seq,player_id,preferred_team,team_name,seq) values (?,?,?,?,?,default)
    Hibernate: insert into ft_participants (draft_order,fantasy_game_seq,player_id,preferred_team,team_name,seq) values (?,?,?,?,?,default)
    Hibernate: insert into ft_participants (draft_order,fantasy_game_seq,player_id,preferred_team,team_name,seq) values (?,?,?,?,?,default)
    Hibernate: insert into ft_participants (draft_order,fantasy_game_seq,player_id,preferred_team,team_name,seq) values (?,?,?,?,?,default)
    Hibernate: insert into ft_participants (draft_order,fantasy_game_seq,player_id,preferred_team,team_name,seq) values (?,?,?,?,?,default)
    Hibernate: insert into ft_participants (draft_order,fantasy_game_seq,player_id,preferred_team,team_name,seq) values (?,?,?,?,?,default)
    Hibernate: insert into ft_participants (draft_order,fantasy_game_seq,player_id,preferred_team,team_name,seq) values (?,?,?,?,?,default)
    Hibernate: insert into ft_participants (draft_order,fantasy_game_seq,player_id,preferred_team,team_name,seq) values (?,?,?,?,?,default)
    Hibernate: insert into ft_participants (draft_order,fantasy_game_seq,player_id,preferred_team,team_name,seq) values (?,?,?,?,?,default)
    Hibernate: insert into ft_participants (draft_order,fantasy_game_seq,player_id,preferred_team,team_name,seq) values (?,?,?,?,?,default)
    Hibernate: insert into ft_participants (draft_order,fantasy_game_seq,player_id,preferred_team,team_name,seq) values (?,?,?,?,?,default)
    Hibernate: insert into ft_participants (draft_order,fantasy_game_seq,player_id,preferred_team,team_name,seq) values (?,?,?,?,?,default)
    Hibernate: insert into ft_participants (draft_order,fantasy_game_seq,player_id,preferred_team,team_name,seq) values (?,?,?,?,?,default)
    Hibernate: insert into ft_participants (draft_order,fantasy_game_seq,player_id,preferred_team,team_name,seq) values (?,?,?,?,?,default)
    Hibernate: insert into ft_participants (draft_order,fantasy_game_seq,player_id,preferred_team,team_name,seq) values (?,?,?,?,?,default)
    Hibernate: insert into ft_participants (draft_order,fantasy_game_seq,player_id,preferred_team,team_name,seq) values (?,?,?,?,?,default)
    Hibernate: insert into ft_participants (draft_order,fantasy_game_seq,player_id,preferred_team,team_name,seq) values (?,?,?,?,?,default)
    Hibernate: insert into ft_participants (draft_order,fantasy_game_seq,player_id,preferred_team,team_name,seq) values (?,?,?,?,?,default)
    Hibernate: insert into ft_participants (draft_order,fantasy_game_seq,player_id,preferred_team,team_name,seq) values (?,?,?,?,?,default)
    Hibernate: insert into ft_participants (draft_order,fantasy_game_seq,player_id,preferred_team,team_name,seq) values (?,?,?,?,?,default)
    Hibernate: insert into ft_participants (draft_order,fantasy_game_seq,player_id,preferred_team,team_name,seq) values (?,?,?,?,?,default)
    Hibernate: insert into ft_participants (draft_order,fantasy_game_seq,player_id,preferred_team,team_name,seq) values (?,?,?,?,?,default)
    Hibernate: insert into ft_participants (draft_order,fantasy_game_seq,player_id,preferred_team,team_name,seq) values (?,?,?,?,?,default)
    Hibernate: insert into ft_participants (draft_order,fantasy_game_seq,player_id,preferred_team,team_name,seq) values (?,?,?,?,?,default)
    Hibernate: insert into ft_participants (draft_order,fantasy_game_seq,player_id,preferred_team,team_name,seq) values (?,?,?,?,?,default)
    Hibernate: insert into ft_participants (draft_order,fantasy_game_seq,player_id,preferred_team,team_name,seq) values (?,?,?,?,?,default)
    Hibernate: insert into ft_participants (draft_order,fantasy_game_seq,player_id,preferred_team,team_name,seq) values (?,?,?,?,?,default)
    Hibernate: insert into ft_participants (draft_order,fantasy_game_seq,player_id,preferred_team,team_name,seq) values (?,?,?,?,?,default)
    Hibernate: insert into ft_participants (draft_order,fantasy_game_seq,player_id,preferred_team,team_name,seq) values (?,?,?,?,?,default)
    Hibernate: insert into ft_participants (draft_order,fantasy_game_seq,player_id,preferred_team,team_name,seq) values (?,?,?,?,?,default)
    Hibernate: insert into ft_participants (draft_order,fantasy_game_seq,player_id,preferred_team,team_name,seq) values (?,?,?,?,?,default)
    Hibernate: insert into ft_participants (draft_order,fantasy_game_seq,player_id,preferred_team,team_name,seq) values (?,?,?,?,?,default)
    Hibernate: insert into ft_participants (draft_order,fantasy_game_seq,player_id,preferred_team,team_name,seq) values (?,?,?,?,?,default)
    Hibernate: insert into ft_participants (draft_order,fantasy_game_seq,player_id,preferred_team,team_name,seq) values (?,?,?,?,?,default)
    Hibernate: insert into ft_participants (draft_order,fantasy_game_seq,player_id,preferred_team,team_name,seq) values (?,?,?,?,?,default)
    Hibernate: insert into ft_participants (draft_order,fantasy_game_seq,player_id,preferred_team,team_name,seq) values (?,?,?,?,?,default)
    Hibernate: insert into ft_participants (draft_order,fantasy_game_seq,player_id,preferred_team,team_name,seq) values (?,?,?,?,?,default)
    Hibernate: insert into ft_participants (draft_order,fantasy_game_seq,player_id,preferred_team,team_name,seq) values (?,?,?,?,?,default)
    Hibernate: insert into ft_participants (draft_order,fantasy_game_seq,player_id,preferred_team,team_name,seq) values (?,?,?,?,?,default)
    Hibernate: insert into ft_participants (draft_order,fantasy_game_seq,player_id,preferred_team,team_name,seq) values (?,?,?,?,?,default)
    Hibernate: insert into ft_participants (draft_order,fantasy_game_seq,player_id,preferred_team,team_name,seq) values (?,?,?,?,?,default)
    Hibernate: insert into ft_participants (draft_order,fantasy_game_seq,player_id,preferred_team,team_name,seq) values (?,?,?,?,?,default)
    Hibernate: insert into ft_participants (draft_order,fantasy_game_seq,player_id,preferred_team,team_name,seq) values (?,?,?,?,?,default)
    Hibernate: insert into ft_participants (draft_order,fantasy_game_seq,player_id,preferred_team,team_name,seq) values (?,?,?,?,?,default)
    Hibernate: insert into ft_participants (draft_order,fantasy_game_seq,player_id,preferred_team,team_name,seq) values (?,?,?,?,?,default)
    Hibernate: insert into ft_participants (draft_order,fantasy_game_seq,player_id,preferred_team,team_name,seq) values (?,?,?,?,?,default)
    Hibernate: insert into ft_participants (draft_order,fantasy_game_seq,player_id,preferred_team,team_name,seq) values (?,?,?,?,?,default)
    Hibernate: insert into ft_participants (draft_order,fantasy_game_seq,player_id,preferred_team,team_name,seq) values (?,?,?,?,?,default)
    Hibernate: insert into ft_participants (draft_order,fantasy_game_seq,player_id,preferred_team,team_name,seq) values (?,?,?,?,?,default)
    Hibernate: insert into ft_participants (draft_order,fantasy_game_seq,player_id,preferred_team,team_name,seq) values (?,?,?,?,?,default)
    Hibernate: insert into ft_participants (draft_order,fantasy_game_seq,player_id,preferred_team,team_name,seq) values (?,?,?,?,?,default)
    Hibernate: insert into ft_participants (draft_order,fantasy_game_seq,player_id,preferred_team,team_name,seq) values (?,?,?,?,?,default)
    Hibernate: insert into ft_participants (draft_order,fantasy_game_seq,player_id,preferred_team,team_name,seq) values (?,?,?,?,?,default)
    Hibernate: insert into ft_participants (draft_order,fantasy_game_seq,player_id,preferred_team,team_name,seq) values (?,?,?,?,?,default)
    Hibernate: insert into ft_participants (draft_order,fantasy_game_seq,player_id,preferred_team,team_name,seq) values (?,?,?,?,?,default)
    Hibernate: insert into ft_participants (draft_order,fantasy_game_seq,player_id,preferred_team,team_name,seq) values (?,?,?,?,?,default)
    Hibernate: insert into ft_participants (draft_order,fantasy_game_seq,player_id,preferred_team,team_name,seq) values (?,?,?,?,?,default)
    Hibernate: insert into ft_participants (draft_order,fantasy_game_seq,player_id,preferred_team,team_name,seq) values (?,?,?,?,?,default)
    Hibernate: insert into ft_participants (draft_order,fantasy_game_seq,player_id,preferred_team,team_name,seq) values (?,?,?,?,?,default)
    Hibernate: insert into ft_participants (draft_order,fantasy_game_seq,player_id,preferred_team,team_name,seq) values (?,?,?,?,?,default)
    Hibernate: insert into ft_participants (draft_order,fantasy_game_seq,player_id,preferred_team,team_name,seq) values (?,?,?,?,?,default)
    Hibernate: insert into ft_participants (draft_order,fantasy_game_seq,player_id,preferred_team,team_name,seq) values (?,?,?,?,?,default)
    Hibernate: insert into ft_participants (draft_order,fantasy_game_seq,player_id,preferred_team,team_name,seq) values (?,?,?,?,?,default)
    Hibernate: insert into ft_participants (draft_order,fantasy_game_seq,player_id,preferred_team,team_name,seq) values (?,?,?,?,?,default)
    Hibernate: insert into ft_participants (draft_order,fantasy_game_seq,player_id,preferred_team,team_name,seq) values (?,?,?,?,?,default)
    Hibernate: insert into ft_participants (draft_order,fantasy_game_seq,player_id,preferred_team,team_name,seq) values (?,?,?,?,?,default)
    Hibernate: insert into ft_participants (draft_order,fantasy_game_seq,player_id,preferred_team,team_name,seq) values (?,?,?,?,?,default)
    Hibernate: insert into ft_participants (draft_order,fantasy_game_seq,player_id,preferred_team,team_name,seq) values (?,?,?,?,?,default)
    Hibernate: insert into ft_participants (draft_order,fantasy_game_seq,player_id,preferred_team,team_name,seq) values (?,?,?,?,?,default)
    Hibernate: insert into ft_participants (draft_order,fantasy_game_seq,player_id,preferred_team,team_name,seq) values (?,?,?,?,?,default)
    Hibernate: insert into ft_participants (draft_order,fantasy_game_seq,player_id,preferred_team,team_name,seq) values (?,?,?,?,?,default)
    Hibernate: insert into ft_participants (draft_order,fantasy_game_seq,player_id,preferred_team,team_name,seq) values (?,?,?,?,?,default)
    Hibernate: insert into ft_participants (draft_order,fantasy_game_seq,player_id,preferred_team,team_name,seq) values (?,?,?,?,?,default)
    Hibernate: insert into ft_participants (draft_order,fantasy_game_seq,player_id,preferred_team,team_name,seq) values (?,?,?,?,?,default)
    Hibernate: insert into ft_participants (draft_order,fantasy_game_seq,player_id,preferred_team,team_name,seq) values (?,?,?,?,?,default)
    Hibernate: insert into ft_participants (draft_order,fantasy_game_seq,player_id,preferred_team,team_name,seq) values (?,?,?,?,?,default)
    Hibernate: insert into ft_participants (draft_order,fantasy_game_seq,player_id,preferred_team,team_name,seq) values (?,?,?,?,?,default)
    Hibernate: insert into ft_participants (draft_order,fantasy_game_seq,player_id,preferred_team,team_name,seq) values (?,?,?,?,?,default)
    Hibernate: insert into ft_participants (draft_order,fantasy_game_seq,player_id,preferred_team,team_name,seq) values (?,?,?,?,?,default)
    Hibernate: insert into ft_participants (draft_order,fantasy_game_seq,player_id,preferred_team,team_name,seq) values (?,?,?,?,?,default)
    Hibernate: insert into ft_participants (draft_order,fantasy_game_seq,player_id,preferred_team,team_name,seq) values (?,?,?,?,?,default)
    Hibernate: insert into ft_participants (draft_order,fantasy_game_seq,player_id,preferred_team,team_name,seq) values (?,?,?,?,?,default)
    Hibernate: insert into ft_participants (draft_order,fantasy_game_seq,player_id,preferred_team,team_name,seq) values (?,?,?,?,?,default)
    Hibernate: insert into ft_participants (draft_order,fantasy_game_seq,player_id,preferred_team,team_name,seq) values (?,?,?,?,?,default)
    Hibernate: insert into ft_participants (draft_order,fantasy_game_seq,player_id,preferred_team,team_name,seq) values (?,?,?,?,?,default)
    Hibernate: insert into ft_participants (draft_order,fantasy_game_seq,player_id,preferred_team,team_name,seq) values (?,?,?,?,?,default)
    Hibernate: insert into ft_participants (draft_order,fantasy_game_seq,player_id,preferred_team,team_name,seq) values (?,?,?,?,?,default)
    Hibernate: insert into ft_participants (draft_order,fantasy_game_seq,player_id,preferred_team,team_name,seq) values (?,?,?,?,?,default)
    Hibernate: insert into ft_participants (draft_order,fantasy_game_seq,player_id,preferred_team,team_name,seq) values (?,?,?,?,?,default)
    Hibernate: insert into ft_participants (draft_order,fantasy_game_seq,player_id,preferred_team,team_name,seq) values (?,?,?,?,?,default)
    Hibernate: insert into ft_participants (draft_order,fantasy_game_seq,player_id,preferred_team,team_name,seq) values (?,?,?,?,?,default)
    Hibernate: insert into ft_participants (draft_order,fantasy_game_seq,player_id,preferred_team,team_name,seq) values (?,?,?,?,?,default)
    Hibernate: insert into ft_participants (draft_order,fantasy_game_seq,player_id,preferred_team,team_name,seq) values (?,?,?,?,?,default)
    Hibernate: insert into ft_participants (draft_order,fantasy_game_seq,player_id,preferred_team,team_name,seq) values (?,?,?,?,?,default)
    Hibernate: insert into ft_participants (draft_order,fantasy_game_seq,player_id,preferred_team,team_name,seq) values (?,?,?,?,?,default)
    Hibernate: insert into ft_participants (draft_order,fantasy_game_seq,player_id,preferred_team,team_name,seq) values (?,?,?,?,?,default)
    Hibernate: insert into ft_participants (draft_order,fantasy_game_seq,player_id,preferred_team,team_name,seq) values (?,?,?,?,?,default)
    Hibernate: insert into ft_participants (draft_order,fantasy_game_seq,player_id,preferred_team,team_name,seq) values (?,?,?,?,?,default)
    Hibernate: insert into ft_participants (draft_order,fantasy_game_seq,player_id,preferred_team,team_name,seq) values (?,?,?,?,?,default)
    Hibernate: insert into ft_participants (draft_order,fantasy_game_seq,player_id,preferred_team,team_name,seq) values (?,?,?,?,?,default)
    Hibernate: insert into ft_participants (draft_order,fantasy_game_seq,player_id,preferred_team,team_name,seq) values (?,?,?,?,?,default)
    Hibernate: insert into ft_participants (draft_order,fantasy_game_seq,player_id,preferred_team,team_name,seq) values (?,?,?,?,?,default)
    Hibernate: insert into ft_participants (draft_order,fantasy_game_seq,player_id,preferred_team,team_name,seq) values (?,?,?,?,?,default)
    Hibernate: insert into ft_participants (draft_order,fantasy_game_seq,player_id,preferred_team,team_name,seq) values (?,?,?,?,?,default)
    Hibernate: insert into ft_participants (draft_order,fantasy_game_seq,player_id,preferred_team,team_name,seq) values (?,?,?,?,?,default)
    Hibernate: insert into ft_participants (draft_order,fantasy_game_seq,player_id,preferred_team,team_name,seq) values (?,?,?,?,?,default)
    Hibernate: insert into ft_participants (draft_order,fantasy_game_seq,player_id,preferred_team,team_name,seq) values (?,?,?,?,?,default)
    Hibernate: insert into ft_participants (draft_order,fantasy_game_seq,player_id,preferred_team,team_name,seq) values (?,?,?,?,?,default)
    Hibernate: insert into ft_participants (draft_order,fantasy_game_seq,player_id,preferred_team,team_name,seq) values (?,?,?,?,?,default)
    Hibernate: insert into ft_participants (draft_order,fantasy_game_seq,player_id,preferred_team,team_name,seq) values (?,?,?,?,?,default)
    Hibernate: insert into ft_participants (draft_order,fantasy_game_seq,player_id,preferred_team,team_name,seq) values (?,?,?,?,?,default)
    Hibernate: insert into ft_participants (draft_order,fantasy_game_seq,player_id,preferred_team,team_name,seq) values (?,?,?,?,?,default)
    Hibernate: insert into ft_participants (draft_order,fantasy_game_seq,player_id,preferred_team,team_name,seq) values (?,?,?,?,?,default)
    Hibernate: insert into ft_participants (draft_order,fantasy_game_seq,player_id,preferred_team,team_name,seq) values (?,?,?,?,?,default)
    Hibernate: insert into ft_participants (draft_order,fantasy_game_seq,player_id,preferred_team,team_name,seq) values (?,?,?,?,?,default)
    Hibernate: insert into ft_participants (draft_order,fantasy_game_seq,player_id,preferred_team,team_name,seq) values (?,?,?,?,?,default)
    Hibernate: insert into ft_participants (draft_order,fantasy_game_seq,player_id,preferred_team,team_name,seq) values (?,?,?,?,?,default)
    Hibernate: insert into ft_participants (draft_order,fantasy_game_seq,player_id,preferred_team,team_name,seq) values (?,?,?,?,?,default)
    Hibernate: insert into ft_participants (draft_order,fantasy_game_seq,player_id,preferred_team,team_name,seq) values (?,?,?,?,?,default)
    Hibernate: insert into ft_participants (draft_order,fantasy_game_seq,player_id,preferred_team,team_name,seq) values (?,?,?,?,?,default)
    Hibernate: insert into ft_participants (draft_order,fantasy_game_seq,player_id,preferred_team,team_name,seq) values (?,?,?,?,?,default)
    Hibernate: insert into ft_participants (draft_order,fantasy_game_seq,player_id,preferred_team,team_name,seq) values (?,?,?,?,?,default)
    Hibernate: insert into ft_participants (draft_order,fantasy_game_seq,player_id,preferred_team,team_name,seq) values (?,?,?,?,?,default)
    Hibernate: insert into ft_participants (draft_order,fantasy_game_seq,player_id,preferred_team,team_name,seq) values (?,?,?,?,?,default)
    Hibernate: insert into ft_participants (draft_order,fantasy_game_seq,player_id,preferred_team,team_name,seq) values (?,?,?,?,?,default)
    Hibernate: insert into ft_participants (draft_order,fantasy_game_seq,player_id,preferred_team,team_name,seq) values (?,?,?,?,?,default)
    Hibernate: insert into ft_participants (draft_order,fantasy_game_seq,player_id,preferred_team,team_name,seq) values (?,?,?,?,?,default)
    Hibernate: insert into ft_participants (draft_order,fantasy_game_seq,player_id,preferred_team,team_name,seq) values (?,?,?,?,?,default)
    Hibernate: insert into ft_participants (draft_order,fantasy_game_seq,player_id,preferred_team,team_name,seq) values (?,?,?,?,?,default)
    Hibernate: insert into ft_participants (draft_order,fantasy_game_seq,player_id,preferred_team,team_name,seq) values (?,?,?,?,?,default)
    Hibernate: insert into ft_participants (draft_order,fantasy_game_seq,player_id,preferred_team,team_name,seq) values (?,?,?,?,?,default)
    Hibernate: insert into ft_participants (draft_order,fantasy_game_seq,player_id,preferred_team,team_name,seq) values (?,?,?,?,?,default)
    Hibernate: insert into ft_participants (draft_order,fantasy_game_seq,player_id,preferred_team,team_name,seq) values (?,?,?,?,?,default)
    Hibernate: insert into ft_participants (draft_order,fantasy_game_seq,player_id,preferred_team,team_name,seq) values (?,?,?,?,?,default)
    Hibernate: insert into ft_participants (draft_order,fantasy_game_seq,player_id,preferred_team,team_name,seq) values (?,?,?,?,?,default)
    Hibernate: insert into ft_participants (draft_order,fantasy_game_seq,player_id,preferred_team,team_name,seq) values (?,?,?,?,?,default)
    Hibernate: insert into ft_participants (draft_order,fantasy_game_seq,player_id,preferred_team,team_name,seq) values (?,?,?,?,?,default)
    Hibernate: insert into ft_participants (draft_order,fantasy_game_seq,player_id,preferred_team,team_name,seq) values (?,?,?,?,?,default)
    Hibernate: insert into ft_participants (draft_order,fantasy_game_seq,player_id,preferred_team,team_name,seq) values (?,?,?,?,?,default)
    Hibernate: insert into ft_participants (draft_order,fantasy_game_seq,player_id,preferred_team,team_name,seq) values (?,?,?,?,?,default)
    Hibernate: insert into ft_participants (draft_order,fantasy_game_seq,player_id,preferred_team,team_name,seq) values (?,?,?,?,?,default)
    Hibernate: insert into ft_participants (draft_order,fantasy_game_seq,player_id,preferred_team,team_name,seq) values (?,?,?,?,?,default)
    Hibernate: insert into ft_participants (draft_order,fantasy_game_seq,player_id,preferred_team,team_name,seq) values (?,?,?,?,?,default)
    Hibernate: insert into ft_participants (draft_order,fantasy_game_seq,player_id,preferred_team,team_name,seq) values (?,?,?,?,?,default)
    Hibernate: insert into ft_participants (draft_order,fantasy_game_seq,player_id,preferred_team,team_name,seq) values (?,?,?,?,?,default)
    Hibernate: insert into ft_participants (draft_order,fantasy_game_seq,player_id,preferred_team,team_name,seq) values (?,?,?,?,?,default)
    Hibernate: insert into ft_participants (draft_order,fantasy_game_seq,player_id,preferred_team,team_name,seq) values (?,?,?,?,?,default)
    Hibernate: insert into ft_participants (draft_order,fantasy_game_seq,player_id,preferred_team,team_name,seq) values (?,?,?,?,?,default)
    Hibernate: insert into ft_participants (draft_order,fantasy_game_seq,player_id,preferred_team,team_name,seq) values (?,?,?,?,?,default)
    Hibernate: insert into ft_participants (draft_order,fantasy_game_seq,player_id,preferred_team,team_name,seq) values (?,?,?,?,?,default)
    Hibernate: insert into ft_participants (draft_order,fantasy_game_seq,player_id,preferred_team,team_name,seq) values (?,?,?,?,?,default)
    Hibernate: insert into ft_participants (draft_order,fantasy_game_seq,player_id,preferred_team,team_name,seq) values (?,?,?,?,?,default)
    Hibernate: insert into ft_participants (draft_order,fantasy_game_seq,player_id,preferred_team,team_name,seq) values (?,?,?,?,?,default)
    Hibernate: insert into ft_participants (draft_order,fantasy_game_seq,player_id,preferred_team,team_name,seq) values (?,?,?,?,?,default)
    Hibernate: insert into ft_participants (draft_order,fantasy_game_seq,player_id,preferred_team,team_name,seq) values (?,?,?,?,?,default)
    Hibernate: insert into ft_participants (draft_order,fantasy_game_seq,player_id,preferred_team,team_name,seq) values (?,?,?,?,?,default)
    Hibernate: insert into ft_participants (draft_order,fantasy_game_seq,player_id,preferred_team,team_name,seq) values (?,?,?,?,?,default)
    Hibernate: insert into ft_participants (draft_order,fantasy_game_seq,player_id,preferred_team,team_name,seq) values (?,?,?,?,?,default)
    Hibernate: insert into ft_participants (draft_order,fantasy_game_seq,player_id,preferred_team,team_name,seq) values (?,?,?,?,?,default)
    Hibernate: insert into ft_participants (draft_order,fantasy_game_seq,player_id,preferred_team,team_name,seq) values (?,?,?,?,?,default)
    Hibernate: insert into ft_participants (draft_order,fantasy_game_seq,player_id,preferred_team,team_name,seq) values (?,?,?,?,?,default)
    Hibernate: insert into ft_participants (draft_order,fantasy_game_seq,player_id,preferred_team,team_name,seq) values (?,?,?,?,?,default)
    Hibernate: insert into ft_participants (draft_order,fantasy_game_seq,player_id,preferred_team,team_name,seq) values (?,?,?,?,?,default)
    Hibernate: insert into ft_participants (draft_order,fantasy_game_seq,player_id,preferred_team,team_name,seq) values (?,?,?,?,?,default)
    Hibernate: insert into ft_participants (draft_order,fantasy_game_seq,player_id,preferred_team,team_name,seq) values (?,?,?,?,?,default)
    Hibernate: insert into ft_participants (draft_order,fantasy_game_seq,player_id,preferred_team,team_name,seq) values (?,?,?,?,?,default)
    Hibernate: insert into ft_participants (draft_order,fantasy_game_seq,player_id,preferred_team,team_name,seq) values (?,?,?,?,?,default)
    Hibernate: insert into ft_participants (draft_order,fantasy_game_seq,player_id,preferred_team,team_name,seq) values (?,?,?,?,?,default)
    Hibernate: insert into ft_participants (draft_order,fantasy_game_seq,player_id,preferred_team,team_name,seq) values (?,?,?,?,?,default)
    Hibernate: insert into ft_participants (draft_order,fantasy_game_seq,player_id,preferred_team,team_name,seq) values (?,?,?,?,?,default)
    Hibernate: insert into ft_participants (draft_order,fantasy_game_seq,player_id,preferred_team,team_name,seq) values (?,?,?,?,?,default)
    Hibernate: insert into ft_participants (draft_order,fantasy_game_seq,player_id,preferred_team,team_name,seq) values (?,?,?,?,?,default)
    Hibernate: insert into ft_participants (draft_order,fantasy_game_seq,player_id,preferred_team,team_name,seq) values (?,?,?,?,?,default)
    Hibernate: insert into ft_participants (draft_order,fantasy_game_seq,player_id,preferred_team,team_name,seq) values (?,?,?,?,?,default)
    Hibernate: insert into ft_participants (draft_order,fantasy_game_seq,player_id,preferred_team,team_name,seq) values (?,?,?,?,?,default)
    Hibernate: insert into ft_participants (draft_order,fantasy_game_seq,player_id,preferred_team,team_name,seq) values (?,?,?,?,?,default)
    Hibernate: insert into ft_participants (draft_order,fantasy_game_seq,player_id,preferred_team,team_name,seq) values (?,?,?,?,?,default)
    Hibernate: insert into ft_participants (draft_order,fantasy_game_seq,player_id,preferred_team,team_name,seq) values (?,?,?,?,?,default)
    Hibernate: insert into ft_participants (draft_order,fantasy_game_seq,player_id,preferred_team,team_name,seq) values (?,?,?,?,?,default)
    Hibernate: insert into ft_participants (draft_order,fantasy_game_seq,player_id,preferred_team,team_name,seq) values (?,?,?,?,?,default)
    Hibernate: insert into ft_participants (draft_order,fantasy_game_seq,player_id,preferred_team,team_name,seq) values (?,?,?,?,?,default)
    Hibernate: insert into ft_participants (draft_order,fantasy_game_seq,player_id,preferred_team,team_name,seq) values (?,?,?,?,?,default)
    Hibernate: insert into ft_participants (draft_order,fantasy_game_seq,player_id,preferred_team,team_name,seq) values (?,?,?,?,?,default)
    Hibernate: insert into ft_participants (draft_order,fantasy_game_seq,player_id,preferred_team,team_name,seq) values (?,?,?,?,?,default)
    Hibernate: insert into ft_participants (draft_order,fantasy_game_seq,player_id,preferred_team,team_name,seq) values (?,?,?,?,?,default)
    Hibernate: insert into ft_participants (draft_order,fantasy_game_seq,player_id,preferred_team,team_name,seq) values (?,?,?,?,?,default)
    Hibernate: insert into ft_participants (draft_order,fantasy_game_seq,player_id,preferred_team,team_name,seq) values (?,?,?,?,?,default)
    Hibernate: insert into ft_participants (draft_order,fantasy_game_seq,player_id,preferred_team,team_name,seq) values (?,?,?,?,?,default)
    Hibernate: insert into ft_participants (draft_order,fantasy_game_seq,player_id,preferred_team,team_name,seq) values (?,?,?,?,?,default)
    Hibernate: insert into ft_participants (draft_order,fantasy_game_seq,player_id,preferred_team,team_name,seq) values (?,?,?,?,?,default)
    Hibernate: insert into ft_participants (draft_order,fantasy_game_seq,player_id,preferred_team,team_name,seq) values (?,?,?,?,?,default)
    Hibernate: insert into ft_participants (draft_order,fantasy_game_seq,player_id,preferred_team,team_name,seq) values (?,?,?,?,?,default)
    Hibernate: insert into ft_participants (draft_order,fantasy_game_seq,player_id,preferred_team,team_name,seq) values (?,?,?,?,?,default)
    Hibernate: insert into ft_participants (draft_order,fantasy_game_seq,player_id,preferred_team,team_name,seq) values (?,?,?,?,?,default)
    Hibernate: insert into ft_participants (draft_order,fantasy_game_seq,player_id,preferred_team,team_name,seq) values (?,?,?,?,?,default)
    Hibernate: insert into ft_participants (draft_order,fantasy_game_seq,player_id,preferred_team,team_name,seq) values (?,?,?,?,?,default)
    Hibernate: insert into ft_participants (draft_order,fantasy_game_seq,player_id,preferred_team,team_name,seq) values (?,?,?,?,?,default)
    Hibernate: insert into ft_participants (draft_order,fantasy_game_seq,player_id,preferred_team,team_name,seq) values (?,?,?,?,?,default)
    Hibernate: insert into ft_participants (draft_order,fantasy_game_seq,player_id,preferred_team,team_name,seq) values (?,?,?,?,?,default)
    Hibernate: insert into ft_participants (draft_order,fantasy_game_seq,player_id,preferred_team,team_name,seq) values (?,?,?,?,?,default)
    Hibernate: insert into ft_participants (draft_order,fantasy_game_seq,player_id,preferred_team,team_name,seq) values (?,?,?,?,?,default)
    Hibernate: insert into ft_participants (draft_order,fantasy_game_seq,player_id,preferred_team,team_name,seq) values (?,?,?,?,?,default)
    Hibernate: insert into ft_participants (draft_order,fantasy_game_seq,player_id,preferred_team,team_name,seq) values (?,?,?,?,?,default)
    Hibernate: insert into ft_participants (draft_order,fantasy_game_seq,player_id,preferred_team,team_name,seq) values (?,?,?,?,?,default)
    Hibernate: insert into ft_participants (draft_order,fantasy_game_seq,player_id,preferred_team,team_name,seq) values (?,?,?,?,?,default)
    Hibernate: insert into ft_participants (draft_order,fantasy_game_seq,player_id,preferred_team,team_name,seq) values (?,?,?,?,?,default)
    Hibernate: insert into ft_participants (draft_order,fantasy_game_seq,player_id,preferred_team,team_name,seq) values (?,?,?,?,?,default)
    Hibernate: insert into ft_participants (draft_order,fantasy_game_seq,player_id,preferred_team,team_name,seq) values (?,?,?,?,?,default)
    Hibernate: insert into ft_participants (draft_order,fantasy_game_seq,player_id,preferred_team,team_name,seq) values (?,?,?,?,?,default)
    Hibernate: insert into ft_participants (draft_order,fantasy_game_seq,player_id,preferred_team,team_name,seq) values (?,?,?,?,?,default)
    Hibernate: insert into ft_participants (draft_order,fantasy_game_seq,player_id,preferred_team,team_name,seq) values (?,?,?,?,?,default)
    Hibernate: insert into ft_participants (draft_order,fantasy_game_seq,player_id,preferred_team,team_name,seq) values (?,?,?,?,?,default)
    Hibernate: insert into ft_participants (draft_order,fantasy_game_seq,player_id,preferred_team,team_name,seq) values (?,?,?,?,?,default)
    Hibernate: insert into ft_participants (draft_order,fantasy_game_seq,player_id,preferred_team,team_name,seq) values (?,?,?,?,?,default)
    Hibernate: insert into ft_participants (draft_order,fantasy_game_seq,player_id,preferred_team,team_name,seq) values (?,?,?,?,?,default)
    Hibernate: insert into ft_participants (draft_order,fantasy_game_seq,player_id,preferred_team,team_name,seq) values (?,?,?,?,?,default)
    Hibernate: insert into ft_participants (draft_order,fantasy_game_seq,player_id,preferred_team,team_name,seq) values (?,?,?,?,?,default)
    Hibernate: insert into ft_participants (draft_order,fantasy_game_seq,player_id,preferred_team,team_name,seq) values (?,?,?,?,?,default)
    Hibernate: insert into ft_participants (draft_order,fantasy_game_seq,player_id,preferred_team,team_name,seq) values (?,?,?,?,?,default)
    Hibernate: insert into ft_participants (draft_order,fantasy_game_seq,player_id,preferred_team,team_name,seq) values (?,?,?,?,?,default)
    Hibernate: insert into ft_participants (draft_order,fantasy_game_seq,player_id,preferred_team,team_name,seq) values (?,?,?,?,?,default)
    Hibernate: insert into ft_participants (draft_order,fantasy_game_seq,player_id,preferred_team,team_name,seq) values (?,?,?,?,?,default)
    Hibernate: insert into ft_participants (draft_order,fantasy_game_seq,player_id,preferred_team,team_name,seq) values (?,?,?,?,?,default)
    Hibernate: insert into ft_participants (draft_order,fantasy_game_seq,player_id,preferred_team,team_name,seq) values (?,?,?,?,?,default)
    Hibernate: insert into ft_participants (draft_order,fantasy_game_seq,player_id,preferred_team,team_name,seq) values (?,?,?,?,?,default)
    Hibernate: insert into ft_participants (draft_order,fantasy_game_seq,player_id,preferred_team,team_name,seq) values (?,?,?,?,?,default)
    Hibernate: insert into ft_participants (draft_order,fantasy_game_seq,player_id,preferred_team,team_name,seq) values (?,?,?,?,?,default)
    Hibernate: insert into ft_participants (draft_order,fantasy_game_seq,player_id,preferred_team,team_name,seq) values (?,?,?,?,?,default)
    Hibernate: insert into ft_participants (draft_order,fantasy_game_seq,player_id,preferred_team,team_name,seq) values (?,?,?,?,?,default)
    Hibernate: insert into ft_participants (draft_order,fantasy_game_seq,player_id,preferred_team,team_name,seq) values (?,?,?,?,?,default)
    Hibernate: insert into ft_participants (draft_order,fantasy_game_seq,player_id,preferred_team,team_name,seq) values (?,?,?,?,?,default)
    Hibernate: insert into ft_participants (draft_order,fantasy_game_seq,player_id,preferred_team,team_name,seq) values (?,?,?,?,?,default)
    Hibernate: insert into ft_participants (draft_order,fantasy_game_seq,player_id,preferred_team,team_name,seq) values (?,?,?,?,?,default)
    Hibernate: insert into ft_participants (draft_order,fantasy_game_seq,player_id,preferred_team,team_name,seq) values (?,?,?,?,?,default)
    Hibernate: insert into ft_participants (draft_order,fantasy_game_seq,player_id,preferred_team,team_name,seq) values (?,?,?,?,?,default)
    Hibernate: insert into ft_participants (draft_order,fantasy_game_seq,player_id,preferred_team,team_name,seq) values (?,?,?,?,?,default)
    Hibernate: insert into ft_participants (draft_order,fantasy_game_seq,player_id,preferred_team,team_name,seq) values (?,?,?,?,?,default)
    Hibernate: insert into ft_participants (draft_order,fantasy_game_seq,player_id,preferred_team,team_name,seq) values (?,?,?,?,?,default)
    Hibernate: insert into ft_participants (draft_order,fantasy_game_seq,player_id,preferred_team,team_name,seq) values (?,?,?,?,?,default)
    Hibernate: insert into ft_participants (draft_order,fantasy_game_seq,player_id,preferred_team,team_name,seq) values (?,?,?,?,?,default)
    Hibernate: insert into ft_participants (draft_order,fantasy_game_seq,player_id,preferred_team,team_name,seq) values (?,?,?,?,?,default)
    Hibernate: insert into ft_participants (draft_order,fantasy_game_seq,player_id,preferred_team,team_name,seq) values (?,?,?,?,?,default)
    Hibernate: insert into ft_participants (draft_order,fantasy_game_seq,player_id,preferred_team,team_name,seq) values (?,?,?,?,?,default)
    Hibernate: insert into ft_participants (draft_order,fantasy_game_seq,player_id,preferred_team,team_name,seq) values (?,?,?,?,?,default)
    Hibernate: insert into ft_participants (draft_order,fantasy_game_seq,player_id,preferred_team,team_name,seq) values (?,?,?,?,?,default)
    Hibernate: insert into ft_participants (draft_order,fantasy_game_seq,player_id,preferred_team,team_name,seq) values (?,?,?,?,?,default)
    Hibernate: insert into ft_participants (draft_order,fantasy_game_seq,player_id,preferred_team,team_name,seq) values (?,?,?,?,?,default)
    Hibernate: insert into ft_participants (draft_order,fantasy_game_seq,player_id,preferred_team,team_name,seq) values (?,?,?,?,?,default)
    Hibernate: insert into ft_participants (draft_order,fantasy_game_seq,player_id,preferred_team,team_name,seq) values (?,?,?,?,?,default)
    Hibernate: insert into ft_participants (draft_order,fantasy_game_seq,player_id,preferred_team,team_name,seq) values (?,?,?,?,?,default)
    Hibernate: insert into ft_participants (draft_order,fantasy_game_seq,player_id,preferred_team,team_name,seq) values (?,?,?,?,?,default)
    Hibernate: insert into ft_participants (draft_order,fantasy_game_seq,player_id,preferred_team,team_name,seq) values (?,?,?,?,?,default)
    Hibernate: insert into ft_participants (draft_order,fantasy_game_seq,player_id,preferred_team,team_name,seq) values (?,?,?,?,?,default)
    Hibernate: insert into ft_participants (draft_order,fantasy_game_seq,player_id,preferred_team,team_name,seq) values (?,?,?,?,?,default)
    Hibernate: insert into ft_participants (draft_order,fantasy_game_seq,player_id,preferred_team,team_name,seq) values (?,?,?,?,?,default)
    Hibernate: insert into ft_participants (draft_order,fantasy_game_seq,player_id,preferred_team,team_name,seq) values (?,?,?,?,?,default)
    Hibernate: insert into ft_participants (draft_order,fantasy_game_seq,player_id,preferred_team,team_name,seq) values (?,?,?,?,?,default)
    Hibernate: insert into ft_participants (draft_order,fantasy_game_seq,player_id,preferred_team,team_name,seq) values (?,?,?,?,?,default)
    Hibernate: insert into ft_participants (draft_order,fantasy_game_seq,player_id,preferred_team,team_name,seq) values (?,?,?,?,?,default)
    Hibernate: insert into ft_participants (draft_order,fantasy_game_seq,player_id,preferred_team,team_name,seq) values (?,?,?,?,?,default)
    Hibernate: insert into ft_participants (draft_order,fantasy_game_seq,player_id,preferred_team,team_name,seq) values (?,?,?,?,?,default)
    Hibernate: insert into ft_participants (draft_order,fantasy_game_seq,player_id,preferred_team,team_name,seq) values (?,?,?,?,?,default)
    Hibernate: insert into ft_participants (draft_order,fantasy_game_seq,player_id,preferred_team,team_name,seq) values (?,?,?,?,?,default)
    Hibernate: insert into ft_participants (draft_order,fantasy_game_seq,player_id,preferred_team,team_name,seq) values (?,?,?,?,?,default)
    Hibernate: insert into ft_participants (draft_order,fantasy_game_seq,player_id,preferred_team,team_name,seq) values (?,?,?,?,?,default)
    Hibernate: insert into ft_participants (draft_order,fantasy_game_seq,player_id,preferred_team,team_name,seq) values (?,?,?,?,?,default)
    Hibernate: insert into ft_participants (draft_order,fantasy_game_seq,player_id,preferred_team,team_name,seq) values (?,?,?,?,?,default)
    Hibernate: insert into ft_participants (draft_order,fantasy_game_seq,player_id,preferred_team,team_name,seq) values (?,?,?,?,?,default)
    Hibernate: insert into ft_participants (draft_order,fantasy_game_seq,player_id,preferred_team,team_name,seq) values (?,?,?,?,?,default)
    Hibernate: insert into ft_participants (draft_order,fantasy_game_seq,player_id,preferred_team,team_name,seq) values (?,?,?,?,?,default)
    Hibernate: insert into ft_participants (draft_order,fantasy_game_seq,player_id,preferred_team,team_name,seq) values (?,?,?,?,?,default)
    Hibernate: insert into ft_participants (draft_order,fantasy_game_seq,player_id,preferred_team,team_name,seq) values (?,?,?,?,?,default)
    Hibernate: insert into ft_participants (draft_order,fantasy_game_seq,player_id,preferred_team,team_name,seq) values (?,?,?,?,?,default)
    Hibernate: insert into ft_participants (draft_order,fantasy_game_seq,player_id,preferred_team,team_name,seq) values (?,?,?,?,?,default)
    Hibernate: insert into ft_participants (draft_order,fantasy_game_seq,player_id,preferred_team,team_name,seq) values (?,?,?,?,?,default)
    Hibernate: insert into ft_participants (draft_order,fantasy_game_seq,player_id,preferred_team,team_name,seq) values (?,?,?,?,?,default)
    Hibernate: insert into ft_participants (draft_order,fantasy_game_seq,player_id,preferred_team,team_name,seq) values (?,?,?,?,?,default)
    Hibernate: insert into ft_participants (draft_order,fantasy_game_seq,player_id,preferred_team,team_name,seq) values (?,?,?,?,?,default)
    Hibernate: insert into ft_participants (draft_order,fantasy_game_seq,player_id,preferred_team,team_name,seq) values (?,?,?,?,?,default)
    Hibernate: insert into ft_participants (draft_order,fantasy_game_seq,player_id,preferred_team,team_name,seq) values (?,?,?,?,?,default)
    Hibernate: insert into ft_participants (draft_order,fantasy_game_seq,player_id,preferred_team,team_name,seq) values (?,?,?,?,?,default)
    Hibernate: insert into ft_participants (draft_order,fantasy_game_seq,player_id,preferred_team,team_name,seq) values (?,?,?,?,?,default)
    Hibernate: insert into ft_participants (draft_order,fantasy_game_seq,player_id,preferred_team,team_name,seq) values (?,?,?,?,?,default)
    Hibernate: insert into ft_participants (draft_order,fantasy_game_seq,player_id,preferred_team,team_name,seq) values (?,?,?,?,?,default)
    Hibernate: insert into ft_participants (draft_order,fantasy_game_seq,player_id,preferred_team,team_name,seq) values (?,?,?,?,?,default)
    Hibernate: insert into ft_participants (draft_order,fantasy_game_seq,player_id,preferred_team,team_name,seq) values (?,?,?,?,?,default)
    Hibernate: insert into ft_participants (draft_order,fantasy_game_seq,player_id,preferred_team,team_name,seq) values (?,?,?,?,?,default)
    Hibernate: insert into ft_participants (draft_order,fantasy_game_seq,player_id,preferred_team,team_name,seq) values (?,?,?,?,?,default)
    Hibernate: insert into ft_participants (draft_order,fantasy_game_seq,player_id,preferred_team,team_name,seq) values (?,?,?,?,?,default)
    Hibernate: insert into ft_participants (draft_order,fantasy_game_seq,player_id,preferred_team,team_name,seq) values (?,?,?,?,?,default)
    Hibernate: insert into ft_participants (draft_order,fantasy_game_seq,player_id,preferred_team,team_name,seq) values (?,?,?,?,?,default)
    Hibernate: insert into ft_participants (draft_order,fantasy_game_seq,player_id,preferred_team,team_name,seq) values (?,?,?,?,?,default)
    Hibernate: insert into ft_participants (draft_order,fantasy_game_seq,player_id,preferred_team,team_name,seq) values (?,?,?,?,?,default)
    Hibernate: insert into ft_participants (draft_order,fantasy_game_seq,player_id,preferred_team,team_name,seq) values (?,?,?,?,?,default)
    Hibernate: insert into ft_participants (draft_order,fantasy_game_seq,player_id,preferred_team,team_name,seq) values (?,?,?,?,?,default)
    Hibernate: insert into ft_participants (draft_order,fantasy_game_seq,player_id,preferred_team,team_name,seq) values (?,?,?,?,?,default)
    Hibernate: insert into ft_participants (draft_order,fantasy_game_seq,player_id,preferred_team,team_name,seq) values (?,?,?,?,?,default)
    Hibernate: insert into ft_participants (draft_order,fantasy_game_seq,player_id,preferred_team,team_name,seq) values (?,?,?,?,?,default)
    Hibernate: insert into ft_participants (draft_order,fantasy_game_seq,player_id,preferred_team,team_name,seq) values (?,?,?,?,?,default)
    Hibernate: insert into ft_participants (draft_order,fantasy_game_seq,player_id,preferred_team,team_name,seq) values (?,?,?,?,?,default)
    Hibernate: insert into ft_participants (draft_order,fantasy_game_seq,player_id,preferred_team,team_name,seq) values (?,?,?,?,?,default)
    Hibernate: insert into ft_participants (draft_order,fantasy_game_seq,player_id,preferred_team,team_name,seq) values (?,?,?,?,?,default)
    Hibernate: insert into ft_participants (draft_order,fantasy_game_seq,player_id,preferred_team,team_name,seq) values (?,?,?,?,?,default)
    Hibernate: insert into ft_participants (draft_order,fantasy_game_seq,player_id,preferred_team,team_name,seq) values (?,?,?,?,?,default)
    Hibernate: insert into ft_participants (draft_order,fantasy_game_seq,player_id,preferred_team,team_name,seq) values (?,?,?,?,?,default)
    Hibernate: insert into ft_participants (draft_order,fantasy_game_seq,player_id,preferred_team,team_name,seq) values (?,?,?,?,?,default)
    Hibernate: insert into ft_participants (draft_order,fantasy_game_seq,player_id,preferred_team,team_name,seq) values (?,?,?,?,?,default)
    Hibernate: insert into ft_participants (draft_order,fantasy_game_seq,player_id,preferred_team,team_name,seq) values (?,?,?,?,?,default)
    Hibernate: insert into ft_participants (draft_order,fantasy_game_seq,player_id,preferred_team,team_name,seq) values (?,?,?,?,?,default)
    Hibernate: insert into ft_participants (draft_order,fantasy_game_seq,player_id,preferred_team,team_name,seq) values (?,?,?,?,?,default)
    Hibernate: insert into ft_participants (draft_order,fantasy_game_seq,player_id,preferred_team,team_name,seq) values (?,?,?,?,?,default)
    Hibernate: insert into ft_participants (draft_order,fantasy_game_seq,player_id,preferred_team,team_name,seq) values (?,?,?,?,?,default)
    Hibernate: insert into ft_participants (draft_order,fantasy_game_seq,player_id,preferred_team,team_name,seq) values (?,?,?,?,?,default)
    Hibernate: insert into ft_participants (draft_order,fantasy_game_seq,player_id,preferred_team,team_name,seq) values (?,?,?,?,?,default)
    Hibernate: insert into ft_participants (draft_order,fantasy_game_seq,player_id,preferred_team,team_name,seq) values (?,?,?,?,?,default)
    Hibernate: insert into ft_participants (draft_order,fantasy_game_seq,player_id,preferred_team,team_name,seq) values (?,?,?,?,?,default)
    Hibernate: insert into ft_participants (draft_order,fantasy_game_seq,player_id,preferred_team,team_name,seq) values (?,?,?,?,?,default)
    Hibernate: insert into ft_participants (draft_order,fantasy_game_seq,player_id,preferred_team,team_name,seq) values (?,?,?,?,?,default)
    Hibernate: insert into ft_participants (draft_order,fantasy_game_seq,player_id,preferred_team,team_name,seq) values (?,?,?,?,?,default)
    Hibernate: insert into ft_participants (draft_order,fantasy_game_seq,player_id,preferred_team,team_name,seq) values (?,?,?,?,?,default)
    Hibernate: insert into ft_participants (draft_order,fantasy_game_seq,player_id,preferred_team,team_name,seq) values (?,?,?,?,?,default)
    Hibernate: insert into ft_participants (draft_order,fantasy_game_seq,player_id,preferred_team,team_name,seq) values (?,?,?,?,?,default)
    Hibernate: insert into ft_participants (draft_order,fantasy_game_seq,player_id,preferred_team,team_name,seq) values (?,?,?,?,?,default)
    Hibernate: insert into ft_participants (draft_order,fantasy_game_seq,player_id,preferred_team,team_name,seq) values (?,?,?,?,?,default)
    Hibernate: insert into ft_participants (draft_order,fantasy_game_seq,player_id,preferred_team,team_name,seq) values (?,?,?,?,?,default)
    Hibernate: insert into ft_participants (draft_order,fantasy_game_seq,player_id,preferred_team,team_name,seq) values (?,?,?,?,?,default)
    Hibernate: insert into ft_participants (draft_order,fantasy_game_seq,player_id,preferred_team,team_name,seq) values (?,?,?,?,?,default)
    Hibernate: insert into ft_participants (draft_order,fantasy_game_seq,player_id,preferred_team,team_name,seq) values (?,?,?,?,?,default)
    Hibernate: insert into ft_participants (draft_order,fantasy_game_seq,player_id,preferred_team,team_name,seq) values (?,?,?,?,?,default)
    Hibernate: insert into ft_participants (draft_order,fantasy_game_seq,player_id,preferred_team,team_name,seq) values (?,?,?,?,?,default)
    Hibernate: insert into ft_participants (draft_order,fantasy_game_seq,player_id,preferred_team,team_name,seq) values (?,?,?,?,?,default)
    Hibernate: insert into ft_participants (draft_order,fantasy_game_seq,player_id,preferred_team,team_name,seq) values (?,?,?,?,?,default)
    Hibernate: insert into ft_participants (draft_order,fantasy_game_seq,player_id,preferred_team,team_name,seq) values (?,?,?,?,?,default)
    Hibernate: insert into ft_participants (draft_order,fantasy_game_seq,player_id,preferred_team,team_name,seq) values (?,?,?,?,?,default)
    Hibernate: insert into ft_participants (draft_order,fantasy_game_seq,player_id,preferred_team,team_name,seq) values (?,?,?,?,?,default)
    Hibernate: insert into ft_participants (draft_order,fantasy_game_seq,player_id,preferred_team,team_name,seq) values (?,?,?,?,?,default)
    Hibernate: insert into ft_participants (draft_order,fantasy_game_seq,player_id,preferred_team,team_name,seq) values (?,?,?,?,?,default)
    Hibernate: insert into ft_participants (draft_order,fantasy_game_seq,player_id,preferred_team,team_name,seq) values (?,?,?,?,?,default)
    Hibernate: insert into ft_participants (draft_order,fantasy_game_seq,player_id,preferred_team,team_name,seq) values (?,?,?,?,?,default)
    Hibernate: insert into ft_participants (draft_order,fantasy_game_seq,player_id,preferred_team,team_name,seq) values (?,?,?,?,?,default)
    Hibernate: insert into ft_participants (draft_order,fantasy_game_seq,player_id,preferred_team,team_name,seq) values (?,?,?,?,?,default)
    Hibernate: insert into ft_participants (draft_order,fantasy_game_seq,player_id,preferred_team,team_name,seq) values (?,?,?,?,?,default)
    Hibernate: insert into ft_participants (draft_order,fantasy_game_seq,player_id,preferred_team,team_name,seq) values (?,?,?,?,?,default)
    Hibernate: insert into ft_participants (draft_order,fantasy_game_seq,player_id,preferred_team,team_name,seq) values (?,?,?,?,?,default)
    Hibernate: insert into ft_participants (draft_order,fantasy_game_seq,player_id,preferred_team,team_name,seq) values (?,?,?,?,?,default)
    Hibernate: insert into ft_participants (draft_order,fantasy_game_seq,player_id,preferred_team,team_name,seq) values (?,?,?,?,?,default)
    Hibernate: insert into ft_participants (draft_order,fantasy_game_seq,player_id,preferred_team,team_name,seq) values (?,?,?,?,?,default)
    Hibernate: insert into ft_participants (draft_order,fantasy_game_seq,player_id,preferred_team,team_name,seq) values (?,?,?,?,?,default)
    Hibernate: insert into ft_participants (draft_order,fantasy_game_seq,player_id,preferred_team,team_name,seq) values (?,?,?,?,?,default)
    Hibernate: insert into ft_participants (draft_order,fantasy_game_seq,player_id,preferred_team,team_name,seq) values (?,?,?,?,?,default)
    Hibernate: insert into ft_participants (draft_order,fantasy_game_seq,player_id,preferred_team,team_name,seq) values (?,?,?,?,?,default)
    Hibernate: insert into ft_participants (draft_order,fantasy_game_seq,player_id,preferred_team,team_name,seq) values (?,?,?,?,?,default)
    Hibernate: insert into ft_participants (draft_order,fantasy_game_seq,player_id,preferred_team,team_name,seq) values (?,?,?,?,?,default)
    Hibernate: insert into ft_participants (draft_order,fantasy_game_seq,player_id,preferred_team,team_name,seq) values (?,?,?,?,?,default)
    Hibernate: insert into ft_participants (draft_order,fantasy_game_seq,player_id,preferred_team,team_name,seq) values (?,?,?,?,?,default)
    Hibernate: insert into ft_participants (draft_order,fantasy_game_seq,player_id,preferred_team,team_name,seq) values (?,?,?,?,?,default)
    Hibernate: insert into ft_participants (draft_order,fantasy_game_seq,player_id,preferred_team,team_name,seq) values (?,?,?,?,?,default)
    Hibernate: insert into ft_participants (draft_order,fantasy_game_seq,player_id,preferred_team,team_name,seq) values (?,?,?,?,?,default)
    Hibernate: insert into ft_participants (draft_order,fantasy_game_seq,player_id,preferred_team,team_name,seq) values (?,?,?,?,?,default)
    Hibernate: insert into ft_participants (draft_order,fantasy_game_seq,player_id,preferred_team,team_name,seq) values (?,?,?,?,?,default)
    Hibernate: insert into ft_participants (draft_order,fantasy_game_seq,player_id,preferred_team,team_name,seq) values (?,?,?,?,?,default)
    Hibernate: insert into ft_participants (draft_order,fantasy_game_seq,player_id,preferred_team,team_name,seq) values (?,?,?,?,?,default)
    Hibernate: insert into ft_participants (draft_order,fantasy_game_seq,player_id,preferred_team,team_name,seq) values (?,?,?,?,?,default)
    Hibernate: insert into ft_participants (draft_order,fantasy_game_seq,player_id,preferred_team,team_name,seq) values (?,?,?,?,?,default)
    Hibernate: insert into ft_participants (draft_order,fantasy_game_seq,player_id,preferred_team,team_name,seq) values (?,?,?,?,?,default)
    Hibernate: insert into ft_participants (draft_order,fantasy_game_seq,player_id,preferred_team,team_name,seq) values (?,?,?,?,?,default)
    Hibernate: insert into ft_participants (draft_order,fantasy_game_seq,player_id,preferred_team,team_name,seq) values (?,?,?,?,?,default)
    Hibernate: insert into ft_participants (draft_order,fantasy_game_seq,player_id,preferred_team,team_name,seq) values (?,?,?,?,?,default)
    Hibernate: insert into ft_participants (draft_order,fantasy_game_seq,player_id,preferred_team,team_name,seq) values (?,?,?,?,?,default)
    Hibernate: insert into ft_participants (draft_order,fantasy_game_seq,player_id,preferred_team,team_name,seq) values (?,?,?,?,?,default)
    Hibernate: insert into ft_participants (draft_order,fantasy_game_seq,player_id,preferred_team,team_name,seq) values (?,?,?,?,?,default)
    Hibernate: insert into ft_participants (draft_order,fantasy_game_seq,player_id,preferred_team,team_name,seq) values (?,?,?,?,?,default)
    Hibernate: insert into ft_participants (draft_order,fantasy_game_seq,player_id,preferred_team,team_name,seq) values (?,?,?,?,?,default)
    Hibernate: insert into ft_participants (draft_order,fantasy_game_seq,player_id,preferred_team,team_name,seq) values (?,?,?,?,?,default)
    Hibernate: insert into ft_participants (draft_order,fantasy_game_seq,player_id,preferred_team,team_name,seq) values (?,?,?,?,?,default)
    Hibernate: insert into ft_participants (draft_order,fantasy_game_seq,player_id,preferred_team,team_name,seq) values (?,?,?,?,?,default)
    Hibernate: insert into ft_participants (draft_order,fantasy_game_seq,player_id,preferred_team,team_name,seq) values (?,?,?,?,?,default)
    Hibernate: insert into ft_participants (draft_order,fantasy_game_seq,player_id,preferred_team,team_name,seq) values (?,?,?,?,?,default)
    Hibernate: insert into ft_participants (draft_order,fantasy_game_seq,player_id,preferred_team,team_name,seq) values (?,?,?,?,?,default)
    Hibernate: insert into ft_participants (draft_order,fantasy_game_seq,player_id,preferred_team,team_name,seq) values (?,?,?,?,?,default)
    Hibernate: insert into ft_participants (draft_order,fantasy_game_seq,player_id,preferred_team,team_name,seq) values (?,?,?,?,?,default)
    Hibernate: insert into ft_participants (draft_order,fantasy_game_seq,player_id,preferred_team,team_name,seq) values (?,?,?,?,?,default)
    Hibernate: insert into ft_participants (draft_order,fantasy_game_seq,player_id,preferred_team,team_name,seq) values (?,?,?,?,?,default)
    Hibernate: insert into ft_participants (draft_order,fantasy_game_seq,player_id,preferred_team,team_name,seq) values (?,?,?,?,?,default)
    Hibernate: insert into ft_participants (draft_order,fantasy_game_seq,player_id,preferred_team,team_name,seq) values (?,?,?,?,?,default)
    Hibernate: insert into ft_participants (draft_order,fantasy_game_seq,player_id,preferred_team,team_name,seq) values (?,?,?,?,?,default)
    Hibernate: insert into ft_participants (draft_order,fantasy_game_seq,player_id,preferred_team,team_name,seq) values (?,?,?,?,?,default)
    Hibernate: insert into ft_participants (draft_order,fantasy_game_seq,player_id,preferred_team,team_name,seq) values (?,?,?,?,?,default)
    Hibernate: insert into ft_participants (draft_order,fantasy_game_seq,player_id,preferred_team,team_name,seq) values (?,?,?,?,?,default)
    Hibernate: insert into ft_participants (draft_order,fantasy_game_seq,player_id,preferred_team,team_name,seq) values (?,?,?,?,?,default)
    Hibernate: insert into ft_participants (draft_order,fantasy_game_seq,player_id,preferred_team,team_name,seq) values (?,?,?,?,?,default)
    Hibernate: insert into ft_participants (draft_order,fantasy_game_seq,player_id,preferred_team,team_name,seq) values (?,?,?,?,?,default)
    Hibernate: insert into ft_participants (draft_order,fantasy_game_seq,player_id,preferred_team,team_name,seq) values (?,?,?,?,?,default)
    Hibernate: insert into ft_participants (draft_order,fantasy_game_seq,player_id,preferred_team,team_name,seq) values (?,?,?,?,?,default)
    Hibernate: insert into ft_participants (draft_order,fantasy_game_seq,player_id,preferred_team,team_name,seq) values (?,?,?,?,?,default)
    Hibernate: insert into ft_participants (draft_order,fantasy_game_seq,player_id,preferred_team,team_name,seq) values (?,?,?,?,?,default)
    Hibernate: insert into ft_participants (draft_order,fantasy_game_seq,player_id,preferred_team,team_name,seq) values (?,?,?,?,?,default)
    Hibernate: insert into ft_participants (draft_order,fantasy_game_seq,player_id,preferred_team,team_name,seq) values (?,?,?,?,?,default)
    Hibernate: insert into ft_participants (draft_order,fantasy_game_seq,player_id,preferred_team,team_name,seq) values (?,?,?,?,?,default)
    Hibernate: insert into ft_participants (draft_order,fantasy_game_seq,player_id,preferred_team,team_name,seq) values (?,?,?,?,?,default)
    Hibernate: insert into ft_participants (draft_order,fantasy_game_seq,player_id,preferred_team,team_name,seq) values (?,?,?,?,?,default)
    Hibernate: insert into ft_participants (draft_order,fantasy_game_seq,player_id,preferred_team,team_name,seq) values (?,?,?,?,?,default)
    Hibernate: insert into ft_participants (draft_order,fantasy_game_seq,player_id,preferred_team,team_name,seq) values (?,?,?,?,?,default)
    Hibernate: insert into ft_participants (draft_order,fantasy_game_seq,player_id,preferred_team,team_name,seq) values (?,?,?,?,?,default)
    Hibernate: insert into ft_participants (draft_order,fantasy_game_seq,player_id,preferred_team,team_name,seq) values (?,?,?,?,?,default)
    Hibernate: insert into ft_participants (draft_order,fantasy_game_seq,player_id,preferred_team,team_name,seq) values (?,?,?,?,?,default)
    Hibernate: insert into ft_participants (draft_order,fantasy_game_seq,player_id,preferred_team,team_name,seq) values (?,?,?,?,?,default)
    Hibernate: insert into ft_participants (draft_order,fantasy_game_seq,player_id,preferred_team,team_name,seq) values (?,?,?,?,?,default)
    Hibernate: insert into ft_participants (draft_order,fantasy_game_seq,player_id,preferred_team,team_name,seq) values (?,?,?,?,?,default)
    Hibernate: insert into ft_participants (draft_order,fantasy_game_seq,player_id,preferred_team,team_name,seq) values (?,?,?,?,?,default)
    Hibernate: insert into ft_participants (draft_order,fantasy_game_seq,player_id,preferred_team,team_name,seq) values (?,?,?,?,?,default)
    Hibernate: insert into ft_participants (draft_order,fantasy_game_seq,player_id,preferred_team,team_name,seq) values (?,?,?,?,?,default)
    Hibernate: insert into ft_participants (draft_order,fantasy_game_seq,player_id,preferred_team,team_name,seq) values (?,?,?,?,?,default)
    Hibernate: insert into ft_participants (draft_order,fantasy_game_seq,player_id,preferred_team,team_name,seq) values (?,?,?,?,?,default)
    Hibernate: insert into ft_participants (draft_order,fantasy_game_seq,player_id,preferred_team,team_name,seq) values (?,?,?,?,?,default)
    Hibernate: insert into ft_participants (draft_order,fantasy_game_seq,player_id,preferred_team,team_name,seq) values (?,?,?,?,?,default)
    Hibernate: insert into ft_participants (draft_order,fantasy_game_seq,player_id,preferred_team,team_name,seq) values (?,?,?,?,?,default)
    Hibernate: insert into ft_participants (draft_order,fantasy_game_seq,player_id,preferred_team,team_name,seq) values (?,?,?,?,?,default)
    Hibernate: insert into ft_participants (draft_order,fantasy_game_seq,player_id,preferred_team,team_name,seq) values (?,?,?,?,?,default)
    Hibernate: insert into ft_participants (draft_order,fantasy_game_seq,player_id,preferred_team,team_name,seq) values (?,?,?,?,?,default)
    Hibernate: insert into ft_participants (draft_order,fantasy_game_seq,player_id,preferred_team,team_name,seq) values (?,?,?,?,?,default)
    Hibernate: insert into ft_participants (draft_order,fantasy_game_seq,player_id,preferred_team,team_name,seq) values (?,?,?,?,?,default)
    Hibernate: insert into ft_participants (draft_order,fantasy_game_seq,player_id,preferred_team,team_name,seq) values (?,?,?,?,?,default)
    Hibernate: insert into ft_participants (draft_order,fantasy_game_seq,player_id,preferred_team,team_name,seq) values (?,?,?,?,?,default)
    Hibernate: insert into ft_participants (draft_order,fantasy_game_seq,player_id,preferred_team,team_name,seq) values (?,?,?,?,?,default)
    Hibernate: insert into ft_participants (draft_order,fantasy_game_seq,player_id,preferred_team,team_name,seq) values (?,?,?,?,?,default)
    Hibernate: insert into ft_participants (draft_order,fantasy_game_seq,player_id,preferred_team,team_name,seq) values (?,?,?,?,?,default)
    Hibernate: insert into ft_participants (draft_order,fantasy_game_seq,player_id,preferred_team,team_name,seq) values (?,?,?,?,?,default)
    Hibernate: insert into ft_participants (draft_order,fantasy_game_seq,player_id,preferred_team,team_name,seq) values (?,?,?,?,?,default)
    Hibernate: insert into ft_participants (draft_order,fantasy_game_seq,player_id,preferred_team,team_name,seq) values (?,?,?,?,?,default)
    Hibernate: insert into ft_participants (draft_order,fantasy_game_seq,player_id,preferred_team,team_name,seq) values (?,?,?,?,?,default)
    Hibernate: insert into ft_participants (draft_order,fantasy_game_seq,player_id,preferred_team,team_name,seq) values (?,?,?,?,?,default)
    Hibernate: insert into ft_participants (draft_order,fantasy_game_seq,player_id,preferred_team,team_name,seq) values (?,?,?,?,?,default)
    Hibernate: insert into ft_participants (draft_order,fantasy_game_seq,player_id,preferred_team,team_name,seq) values (?,?,?,?,?,default)
    Hibernate: insert into ft_participants (draft_order,fantasy_game_seq,player_id,preferred_team,team_name,seq) values (?,?,?,?,?,default)
    Hibernate: insert into ft_participants (draft_order,fantasy_game_seq,player_id,preferred_team,team_name,seq) values (?,?,?,?,?,default)
    Hibernate: insert into ft_participants (draft_order,fantasy_game_seq,player_id,preferred_team,team_name,seq) values (?,?,?,?,?,default)
    Hibernate: insert into ft_participants (draft_order,fantasy_game_seq,player_id,preferred_team,team_name,seq) values (?,?,?,?,?,default)
    Hibernate: insert into ft_participants (draft_order,fantasy_game_seq,player_id,preferred_team,team_name,seq) values (?,?,?,?,?,default)
    Hibernate: insert into ft_participants (draft_order,fantasy_game_seq,player_id,preferred_team,team_name,seq) values (?,?,?,?,?,default)
    Hibernate: insert into ft_participants (draft_order,fantasy_game_seq,player_id,preferred_team,team_name,seq) values (?,?,?,?,?,default)
    Hibernate: insert into ft_participants (draft_order,fantasy_game_seq,player_id,preferred_team,team_name,seq) values (?,?,?,?,?,default)
    Hibernate: insert into ft_participants (draft_order,fantasy_game_seq,player_id,preferred_team,team_name,seq) values (?,?,?,?,?,default)
    Hibernate: insert into ft_participants (draft_order,fantasy_game_seq,player_id,preferred_team,team_name,seq) values (?,?,?,?,?,default)
    Hibernate: insert into ft_participants (draft_order,fantasy_game_seq,player_id,preferred_team,team_name,seq) values (?,?,?,?,?,default)
    Hibernate: insert into ft_participants (draft_order,fantasy_game_seq,player_id,preferred_team,team_name,seq) values (?,?,?,?,?,default)
    Hibernate: insert into ft_participants (draft_order,fantasy_game_seq,player_id,preferred_team,team_name,seq) values (?,?,?,?,?,default)
    Hibernate: insert into ft_participants (draft_order,fantasy_game_seq,player_id,preferred_team,team_name,seq) values (?,?,?,?,?,default)
    Hibernate: insert into ft_participants (draft_order,fantasy_game_seq,player_id,preferred_team,team_name,seq) values (?,?,?,?,?,default)
    Hibernate: insert into ft_participants (draft_order,fantasy_game_seq,player_id,preferred_team,team_name,seq) values (?,?,?,?,?,default)
    Hibernate: insert into ft_participants (draft_order,fantasy_game_seq,player_id,preferred_team,team_name,seq) values (?,?,?,?,?,default)
    Hibernate: insert into ft_participants (draft_order,fantasy_game_seq,player_id,preferred_team,team_name,seq) values (?,?,?,?,?,default)
    Hibernate: insert into ft_participants (draft_order,fantasy_game_seq,player_id,preferred_team,team_name,seq) values (?,?,?,?,?,default)
    Hibernate: insert into ft_participants (draft_order,fantasy_game_seq,player_id,preferred_team,team_name,seq) values (?,?,?,?,?,default)
    Hibernate: insert into ft_participants (draft_order,fantasy_game_seq,player_id,preferred_team,team_name,seq) values (?,?,?,?,?,default)
    Hibernate: insert into ft_participants (draft_order,fantasy_game_seq,player_id,preferred_team,team_name,seq) values (?,?,?,?,?,default)
    Hibernate: insert into ft_participants (draft_order,fantasy_game_seq,player_id,preferred_team,team_name,seq) values (?,?,?,?,?,default)
    Hibernate: insert into ft_participants (draft_order,fantasy_game_seq,player_id,preferred_team,team_name,seq) values (?,?,?,?,?,default)
    Hibernate: insert into ft_participants (draft_order,fantasy_game_seq,player_id,preferred_team,team_name,seq) values (?,?,?,?,?,default)
    Hibernate: insert into ft_participants (draft_order,fantasy_game_seq,player_id,preferred_team,team_name,seq) values (?,?,?,?,?,default)
    Hibernate: insert into ft_participants (draft_order,fantasy_game_seq,player_id,preferred_team,team_name,seq) values (?,?,?,?,?,default)
    Hibernate: insert into ft_participants (draft_order,fantasy_game_seq,player_id,preferred_team,team_name,seq) values (?,?,?,?,?,default)
    Hibernate: insert into ft_participants (draft_order,fantasy_game_seq,player_id,preferred_team,team_name,seq) values (?,?,?,?,?,default)
    Hibernate: insert into ft_participants (draft_order,fantasy_game_seq,player_id,preferred_team,team_name,seq) values (?,?,?,?,?,default)
    Hibernate: insert into ft_participants (draft_order,fantasy_game_seq,player_id,preferred_team,team_name,seq) values (?,?,?,?,?,default)
    Hibernate: insert into ft_participants (draft_order,fantasy_game_seq,player_id,preferred_team,team_name,seq) values (?,?,?,?,?,default)
    Hibernate: insert into ft_participants (draft_order,fantasy_game_seq,player_id,preferred_team,team_name,seq) values (?,?,?,?,?,default)
    Hibernate: insert into ft_participants (draft_order,fantasy_game_seq,player_id,preferred_team,team_name,seq) values (?,?,?,?,?,default)
    Hibernate: insert into ft_participants (draft_order,fantasy_game_seq,player_id,preferred_team,team_name,seq) values (?,?,?,?,?,default)
    Hibernate: insert into ft_participants (draft_order,fantasy_game_seq,player_id,preferred_team,team_name,seq) values (?,?,?,?,?,default)
    Hibernate: insert into ft_participants (draft_order,fantasy_game_seq,player_id,preferred_team,team_name,seq) values (?,?,?,?,?,default)
    Hibernate: insert into ft_participants (draft_order,fantasy_game_seq,player_id,preferred_team,team_name,seq) values (?,?,?,?,?,default)
    Hibernate: insert into ft_participants (draft_order,fantasy_game_seq,player_id,preferred_team,team_name,seq) values (?,?,?,?,?,default)
    Hibernate: insert into ft_participants (draft_order,fantasy_game_seq,player_id,preferred_team,team_name,seq) values (?,?,?,?,?,default)
    Hibernate: insert into ft_participants (draft_order,fantasy_game_seq,player_id,preferred_team,team_name,seq) values (?,?,?,?,?,default)
    Hibernate: insert into ft_participants (draft_order,fantasy_game_seq,player_id,preferred_team,team_name,seq) values (?,?,?,?,?,default)
    Hibernate: insert into ft_participants (draft_order,fantasy_game_seq,player_id,preferred_team,team_name,seq) values (?,?,?,?,?,default)
    Hibernate: insert into ft_participants (draft_order,fantasy_game_seq,player_id,preferred_team,team_name,seq) values (?,?,?,?,?,default)
    Hibernate: insert into ft_participants (draft_order,fantasy_game_seq,player_id,preferred_team,team_name,seq) values (?,?,?,?,?,default)
    Hibernate: insert into ft_participants (draft_order,fantasy_game_seq,player_id,preferred_team,team_name,seq) values (?,?,?,?,?,default)
    Hibernate: insert into ft_participants (draft_order,fantasy_game_seq,player_id,preferred_team,team_name,seq) values (?,?,?,?,?,default)
    Hibernate: insert into ft_participants (draft_order,fantasy_game_seq,player_id,preferred_team,team_name,seq) values (?,?,?,?,?,default)
    Hibernate: insert into ft_participants (draft_order,fantasy_game_seq,player_id,preferred_team,team_name,seq) values (?,?,?,?,?,default)
    Hibernate: insert into ft_participants (draft_order,fantasy_game_seq,player_id,preferred_team,team_name,seq) values (?,?,?,?,?,default)
    Hibernate: insert into ft_participants (draft_order,fantasy_game_seq,player_id,preferred_team,team_name,seq) values (?,?,?,?,?,default)
    Hibernate: insert into ft_participants (draft_order,fantasy_game_seq,player_id,preferred_team,team_name,seq) values (?,?,?,?,?,default)
    Hibernate: insert into ft_participants (draft_order,fantasy_game_seq,player_id,preferred_team,team_name,seq) values (?,?,?,?,?,default)
    Hibernate: insert into ft_participants (draft_order,fantasy_game_seq,player_id,preferred_team,team_name,seq) values (?,?,?,?,?,default)
    Hibernate: insert into ft_participants (draft_order,fantasy_game_seq,player_id,preferred_team,team_name,seq) values (?,?,?,?,?,default)
    Hibernate: insert into ft_participants (draft_order,fantasy_game_seq,player_id,preferred_team,team_name,seq) values (?,?,?,?,?,default)
    Hibernate: insert into ft_participants (draft_order,fantasy_game_seq,player_id,preferred_team,team_name,seq) values (?,?,?,?,?,default)
    Hibernate: insert into ft_participants (draft_order,fantasy_game_seq,player_id,preferred_team,team_name,seq) values (?,?,?,?,?,default)
    Hibernate: insert into ft_participants (draft_order,fantasy_game_seq,player_id,preferred_team,team_name,seq) values (?,?,?,?,?,default)
    Hibernate: insert into ft_participants (draft_order,fantasy_game_seq,player_id,preferred_team,team_name,seq) values (?,?,?,?,?,default)
    Hibernate: insert into ft_participants (draft_order,fantasy_game_seq,player_id,preferred_team,team_name,seq) values (?,?,?,?,?,default)
    Hibernate: insert into ft_participants (draft_order,fantasy_game_seq,player_id,preferred_team,team_name,seq) values (?,?,?,?,?,default)
    Hibernate: insert into ft_participants (draft_order,fantasy_game_seq,player_id,preferred_team,team_name,seq) values (?,?,?,?,?,default)
    Hibernate: insert into ft_participants (draft_order,fantasy_game_seq,player_id,preferred_team,team_name,seq) values (?,?,?,?,?,default)
    Hibernate: insert into ft_participants (draft_order,fantasy_game_seq,player_id,preferred_team,team_name,seq) values (?,?,?,?,?,default)
    Hibernate: insert into ft_participants (draft_order,fantasy_game_seq,player_id,preferred_team,team_name,seq) values (?,?,?,?,?,default)
    Hibernate: insert into ft_participants (draft_order,fantasy_game_seq,player_id,preferred_team,team_name,seq) values (?,?,?,?,?,default)
    Hibernate: insert into ft_participants (draft_order,fantasy_game_seq,player_id,preferred_team,team_name,seq) values (?,?,?,?,?,default)
    Hibernate: insert into ft_participants (draft_order,fantasy_game_seq,player_id,preferred_team,team_name,seq) values (?,?,?,?,?,default)
    Hibernate: insert into ft_participants (draft_order,fantasy_game_seq,player_id,preferred_team,team_name,seq) values (?,?,?,?,?,default)
    Hibernate: insert into ft_participants (draft_order,fantasy_game_seq,player_id,preferred_team,team_name,seq) values (?,?,?,?,?,default)
    Hibernate: insert into ft_participants (draft_order,fantasy_game_seq,player_id,preferred_team,team_name,seq) values (?,?,?,?,?,default)
    Hibernate: insert into ft_participants (draft_order,fantasy_game_seq,player_id,preferred_team,team_name,seq) values (?,?,?,?,?,default)
    Hibernate: insert into ft_participants (draft_order,fantasy_game_seq,player_id,preferred_team,team_name,seq) values (?,?,?,?,?,default)
    Hibernate: insert into ft_participants (draft_order,fantasy_game_seq,player_id,preferred_team,team_name,seq) values (?,?,?,?,?,default)
    Hibernate: insert into ft_participants (draft_order,fantasy_game_seq,player_id,preferred_team,team_name,seq) values (?,?,?,?,?,default)
    Hibernate: insert into ft_participants (draft_order,fantasy_game_seq,player_id,preferred_team,team_name,seq) values (?,?,?,?,?,default)
    Hibernate: insert into ft_participants (draft_order,fantasy_game_seq,player_id,preferred_team,team_name,seq) values (?,?,?,?,?,default)
    Hibernate: insert into ft_participants (draft_order,fantasy_game_seq,player_id,preferred_team,team_name,seq) values (?,?,?,?,?,default)
    Hibernate: insert into ft_participants (draft_order,fantasy_game_seq,player_id,preferred_team,team_name,seq) values (?,?,?,?,?,default)
    Hibernate: insert into ft_participants (draft_order,fantasy_game_seq,player_id,preferred_team,team_name,seq) values (?,?,?,?,?,default)
    Hibernate: insert into ft_participants (draft_order,fantasy_game_seq,player_id,preferred_team,team_name,seq) values (?,?,?,?,?,default)
    Hibernate: insert into ft_participants (draft_order,fantasy_game_seq,player_id,preferred_team,team_name,seq) values (?,?,?,?,?,default)
    Hibernate: insert into ft_participants (draft_order,fantasy_game_seq,player_id,preferred_team,team_name,seq) values (?,?,?,?,?,default)
    Hibernate: insert into ft_participants (draft_order,fantasy_game_seq,player_id,preferred_team,team_name,seq) values (?,?,?,?,?,default)
    Hibernate: insert into ft_participants (draft_order,fantasy_game_seq,player_id,preferred_team,team_name,seq) values (?,?,?,?,?,default)
    Hibernate: insert into ft_participants (draft_order,fantasy_game_seq,player_id,preferred_team,team_name,seq) values (?,?,?,?,?,default)
    Hibernate: insert into ft_participants (draft_order,fantasy_game_seq,player_id,preferred_team,team_name,seq) values (?,?,?,?,?,default)
    Hibernate: insert into ft_participants (draft_order,fantasy_game_seq,player_id,preferred_team,team_name,seq) values (?,?,?,?,?,default)
    Hibernate: insert into ft_participants (draft_order,fantasy_game_seq,player_id,preferred_team,team_name,seq) values (?,?,?,?,?,default)
    Hibernate: insert into ft_participants (draft_order,fantasy_game_seq,player_id,preferred_team,team_name,seq) values (?,?,?,?,?,default)
    Hibernate: insert into ft_participants (draft_order,fantasy_game_seq,player_id,preferred_team,team_name,seq) values (?,?,?,?,?,default)
    Hibernate: insert into ft_participants (draft_order,fantasy_game_seq,player_id,preferred_team,team_name,seq) values (?,?,?,?,?,default)
    Hibernate: insert into ft_participants (draft_order,fantasy_game_seq,player_id,preferred_team,team_name,seq) values (?,?,?,?,?,default)
    Hibernate: insert into ft_participants (draft_order,fantasy_game_seq,player_id,preferred_team,team_name,seq) values (?,?,?,?,?,default)
    Hibernate: insert into ft_participants (draft_order,fantasy_game_seq,player_id,preferred_team,team_name,seq) values (?,?,?,?,?,default)
    Hibernate: insert into ft_participants (draft_order,fantasy_game_seq,player_id,preferred_team,team_name,seq) values (?,?,?,?,?,default)
    Hibernate: insert into ft_participants (draft_order,fantasy_game_seq,player_id,preferred_team,team_name,seq) values (?,?,?,?,?,default)
    Hibernate: insert into ft_participants (draft_order,fantasy_game_seq,player_id,preferred_team,team_name,seq) values (?,?,?,?,?,default)
    Hibernate: insert into ft_participants (draft_order,fantasy_game_seq,player_id,preferred_team,team_name,seq) values (?,?,?,?,?,default)
    Hibernate: insert into ft_participants (draft_order,fantasy_game_seq,player_id,preferred_team,team_name,seq) values (?,?,?,?,?,default)
    Hibernate: insert into ft_participants (draft_order,fantasy_game_seq,player_id,preferred_team,team_name,seq) values (?,?,?,?,?,default)
    Hibernate: insert into ft_participants (draft_order,fantasy_game_seq,player_id,preferred_team,team_name,seq) values (?,?,?,?,?,default)
    Hibernate: insert into ft_participants (draft_order,fantasy_game_seq,player_id,preferred_team,team_name,seq) values (?,?,?,?,?,default)
    Hibernate: insert into ft_participants (draft_order,fantasy_game_seq,player_id,preferred_team,team_name,seq) values (?,?,?,?,?,default)
    Hibernate: insert into ft_participants (draft_order,fantasy_game_seq,player_id,preferred_team,team_name,seq) values (?,?,?,?,?,default)
    Hibernate: insert into ft_participants (draft_order,fantasy_game_seq,player_id,preferred_team,team_name,seq) values (?,?,?,?,?,default)
    Hibernate: insert into ft_participants (draft_order,fantasy_game_seq,player_id,preferred_team,team_name,seq) values (?,?,?,?,?,default)
    Hibernate: insert into ft_participants (draft_order,fantasy_game_seq,player_id,preferred_team,team_name,seq) values (?,?,?,?,?,default)
    Hibernate: insert into ft_participants (draft_order,fantasy_game_seq,player_id,preferred_team,team_name,seq) values (?,?,?,?,?,default)
    Hibernate: insert into ft_participants (draft_order,fantasy_game_seq,player_id,preferred_team,team_name,seq) values (?,?,?,?,?,default)
    Hibernate: insert into ft_participants (draft_order,fantasy_game_seq,player_id,preferred_team,team_name,seq) values (?,?,?,?,?,default)
    Hibernate: insert into ft_participants (draft_order,fantasy_game_seq,player_id,preferred_team,team_name,seq) values (?,?,?,?,?,default)
    Hibernate: insert into ft_participants (draft_order,fantasy_game_seq,player_id,preferred_team,team_name,seq) values (?,?,?,?,?,default)
    Hibernate: insert into ft_participants (draft_order,fantasy_game_seq,player_id,preferred_team,team_name,seq) values (?,?,?,?,?,default)
    Hibernate: insert into ft_participants (draft_order,fantasy_game_seq,player_id,preferred_team,team_name,seq) values (?,?,?,?,?,default)
    Hibernate: insert into ft_participants (draft_order,fantasy_game_seq,player_id,preferred_team,team_name,seq) values (?,?,?,?,?,default)
    Hibernate: insert into ft_participants (draft_order,fantasy_game_seq,player_id,preferred_team,team_name,seq) values (?,?,?,?,?,default)
    Hibernate: insert into ft_participants (draft_order,fantasy_game_seq,player_id,preferred_team,team_name,seq) values (?,?,?,?,?,default)
    Hibernate: insert into ft_participants (draft_order,fantasy_game_seq,player_id,preferred_team,team_name,seq) values (?,?,?,?,?,default)
    Hibernate: insert into ft_participants (draft_order,fantasy_game_seq,player_id,preferred_team,team_name,seq) values (?,?,?,?,?,default)
    Hibernate: insert into ft_participants (draft_order,fantasy_game_seq,player_id,preferred_team,team_name,seq) values (?,?,?,?,?,default)
    Hibernate: insert into ft_participants (draft_order,fantasy_game_seq,player_id,preferred_team,team_name,seq) values (?,?,?,?,?,default)
    Hibernate: insert into ft_participants (draft_order,fantasy_game_seq,player_id,preferred_team,team_name,seq) values (?,?,?,?,?,default)
    Hibernate: insert into ft_participants (draft_order,fantasy_game_seq,player_id,preferred_team,team_name,seq) values (?,?,?,?,?,default)
    Hibernate: insert into ft_participants (draft_order,fantasy_game_seq,player_id,preferred_team,team_name,seq) values (?,?,?,?,?,default)
    Hibernate: insert into ft_participants (draft_order,fantasy_game_seq,player_id,preferred_team,team_name,seq) values (?,?,?,?,?,default)
    Hibernate: insert into ft_participants (draft_order,fantasy_game_seq,player_id,preferred_team,team_name,seq) values (?,?,?,?,?,default)
    Hibernate: insert into ft_participants (draft_order,fantasy_game_seq,player_id,preferred_team,team_name,seq) values (?,?,?,?,?,default)
    Hibernate: insert into ft_participants (draft_order,fantasy_game_seq,player_id,preferred_team,team_name,seq) values (?,?,?,?,?,default)
    Hibernate: insert into ft_participants (draft_order,fantasy_game_seq,player_id,preferred_team,team_name,seq) values (?,?,?,?,?,default)
    Hibernate: insert into ft_participants (draft_order,fantasy_game_seq,player_id,preferred_team,team_name,seq) values (?,?,?,?,?,default)
    Hibernate: insert into ft_participants (draft_order,fantasy_game_seq,player_id,preferred_team,team_name,seq) values (?,?,?,?,?,default)
    Hibernate: insert into ft_participants (draft_order,fantasy_game_seq,player_id,preferred_team,team_name,seq) values (?,?,?,?,?,default)
    Hibernate: insert into ft_participants (draft_order,fantasy_game_seq,player_id,preferred_team,team_name,seq) values (?,?,?,?,?,default)
    Hibernate: insert into ft_participants (draft_order,fantasy_game_seq,player_id,preferred_team,team_name,seq) values (?,?,?,?,?,default)
    Hibernate: insert into ft_participants (draft_order,fantasy_game_seq,player_id,preferred_team,team_name,seq) values (?,?,?,?,?,default)
    Hibernate: insert into ft_participants (draft_order,fantasy_game_seq,player_id,preferred_team,team_name,seq) values (?,?,?,?,?,default)
    Hibernate: insert into ft_participants (draft_order,fantasy_game_seq,player_id,preferred_team,team_name,seq) values (?,?,?,?,?,default)
    Hibernate: insert into ft_participants (draft_order,fantasy_game_seq,player_id,preferred_team,team_name,seq) values (?,?,?,?,?,default)
    Hibernate: insert into ft_participants (draft_order,fantasy_game_seq,player_id,preferred_team,team_name,seq) values (?,?,?,?,?,default)
    Hibernate: insert into ft_participants (draft_order,fantasy_game_seq,player_id,preferred_team,team_name,seq) values (?,?,?,?,?,default)
    Hibernate: insert into ft_participants (draft_order,fantasy_game_seq,player_id,preferred_team,team_name,seq) values (?,?,?,?,?,default)
    Hibernate: insert into ft_participants (draft_order,fantasy_game_seq,player_id,preferred_team,team_name,seq) values (?,?,?,?,?,default)
    Hibernate: insert into ft_participants (draft_order,fantasy_game_seq,player_id,preferred_team,team_name,seq) values (?,?,?,?,?,default)
    Hibernate: insert into ft_participants (draft_order,fantasy_game_seq,player_id,preferred_team,team_name,seq) values (?,?,?,?,?,default)
    Hibernate: insert into ft_participants (draft_order,fantasy_game_seq,player_id,preferred_team,team_name,seq) values (?,?,?,?,?,default)
    Hibernate: insert into ft_participants (draft_order,fantasy_game_seq,player_id,preferred_team,team_name,seq) values (?,?,?,?,?,default)
    Hibernate: insert into ft_participants (draft_order,fantasy_game_seq,player_id,preferred_team,team_name,seq) values (?,?,?,?,?,default)
    Hibernate: insert into ft_participants (draft_order,fantasy_game_seq,player_id,preferred_team,team_name,seq) values (?,?,?,?,?,default)
    Hibernate: insert into ft_participants (draft_order,fantasy_game_seq,player_id,preferred_team,team_name,seq) values (?,?,?,?,?,default)
    Hibernate: insert into ft_participants (draft_order,fantasy_game_seq,player_id,preferred_team,team_name,seq) values (?,?,?,?,?,default)
    Hibernate: insert into ft_participants (draft_order,fantasy_game_seq,player_id,preferred_team,team_name,seq) values (?,?,?,?,?,default)
    Hibernate: insert into ft_participants (draft_order,fantasy_game_seq,player_id,preferred_team,team_name,seq) values (?,?,?,?,?,default)
    Hibernate: insert into ft_participants (draft_order,fantasy_game_seq,player_id,preferred_team,team_name,seq) values (?,?,?,?,?,default)
    Hibernate: insert into ft_participants (draft_order,fantasy_game_seq,player_id,preferred_team,team_name,seq) values (?,?,?,?,?,default)
    Hibernate: insert into ft_participants (draft_order,fantasy_game_seq,player_id,preferred_team,team_name,seq) values (?,?,?,?,?,default)
    Hibernate: insert into ft_participants (draft_order,fantasy_game_seq,player_id,preferred_team,team_name,seq) values (?,?,?,?,?,default)
    Hibernate: insert into ft_participants (draft_order,fantasy_game_seq,player_id,preferred_team,team_name,seq) values (?,?,?,?,?,default)
    Hibernate: insert into ft_participants (draft_order,fantasy_game_seq,player_id,preferred_team,team_name,seq) values (?,?,?,?,?,default)
    Hibernate: insert into ft_participants (draft_order,fantasy_game_seq,player_id,preferred_team,team_name,seq) values (?,?,?,?,?,default)
    Hibernate: insert into ft_participants (draft_order,fantasy_game_seq,player_id,preferred_team,team_name,seq) values (?,?,?,?,?,default)
    Hibernate: insert into ft_participants (draft_order,fantasy_game_seq,player_id,preferred_team,team_name,seq) values (?,?,?,?,?,default)
    Hibernate: insert into ft_participants (draft_order,fantasy_game_seq,player_id,preferred_team,team_name,seq) values (?,?,?,?,?,default)
    Hibernate: insert into ft_participants (draft_order,fantasy_game_seq,player_id,preferred_team,team_name,seq) values (?,?,?,?,?,default)
    Hibernate: insert into ft_participants (draft_order,fantasy_game_seq,player_id,preferred_team,team_name,seq) values (?,?,?,?,?,default)
    Hibernate: insert into ft_participants (draft_order,fantasy_game_seq,player_id,preferred_team,team_name,seq) values (?,?,?,?,?,default)
    Hibernate: insert into ft_participants (draft_order,fantasy_game_seq,player_id,preferred_team,team_name,seq) values (?,?,?,?,?,default)
    Hibernate: insert into ft_participants (draft_order,fantasy_game_seq,player_id,preferred_team,team_name,seq) values (?,?,?,?,?,default)
    Hibernate: insert into ft_participants (draft_order,fantasy_game_seq,player_id,preferred_team,team_name,seq) values (?,?,?,?,?,default)
    Hibernate: insert into ft_participants (draft_order,fantasy_game_seq,player_id,preferred_team,team_name,seq) values (?,?,?,?,?,default)
    Hibernate: insert into ft_participants (draft_order,fantasy_game_seq,player_id,preferred_team,team_name,seq) values (?,?,?,?,?,default)
    Hibernate: insert into ft_participants (draft_order,fantasy_game_seq,player_id,preferred_team,team_name,seq) values (?,?,?,?,?,default)
    Hibernate: insert into ft_participants (draft_order,fantasy_game_seq,player_id,preferred_team,team_name,seq) values (?,?,?,?,?,default)
    Hibernate: insert into ft_participants (draft_order,fantasy_game_seq,player_id,preferred_team,team_name,seq) values (?,?,?,?,?,default)
    Hibernate: insert into ft_participants (draft_order,fantasy_game_seq,player_id,preferred_team,team_name,seq) values (?,?,?,?,?,default)
    Hibernate: insert into ft_participants (draft_order,fantasy_game_seq,player_id,preferred_team,team_name,seq) values (?,?,?,?,?,default)
    Hibernate: insert into ft_participants (draft_order,fantasy_game_seq,player_id,preferred_team,team_name,seq) values (?,?,?,?,?,default)
    Hibernate: insert into ft_participants (draft_order,fantasy_game_seq,player_id,preferred_team,team_name,seq) values (?,?,?,?,?,default)
    Hibernate: insert into ft_participants (draft_order,fantasy_game_seq,player_id,preferred_team,team_name,seq) values (?,?,?,?,?,default)
    Hibernate: insert into ft_participants (draft_order,fantasy_game_seq,player_id,preferred_team,team_name,seq) values (?,?,?,?,?,default)
    Hibernate: insert into ft_participants (draft_order,fantasy_game_seq,player_id,preferred_team,team_name,seq) values (?,?,?,?,?,default)
    Hibernate: insert into ft_participants (draft_order,fantasy_game_seq,player_id,preferred_team,team_name,seq) values (?,?,?,?,?,default)
    Hibernate: insert into ft_participants (draft_order,fantasy_game_seq,player_id,preferred_team,team_name,seq) values (?,?,?,?,?,default)
    Hibernate: insert into ft_participants (draft_order,fantasy_game_seq,player_id,preferred_team,team_name,seq) values (?,?,?,?,?,default)
    Hibernate: insert into ft_participants (draft_order,fantasy_game_seq,player_id,preferred_team,team_name,seq) values (?,?,?,?,?,default)
    Hibernate: insert into ft_participants (draft_order,fantasy_game_seq,player_id,preferred_team,team_name,seq) values (?,?,?,?,?,default)
    Hibernate: insert into ft_participants (draft_order,fantasy_game_seq,player_id,preferred_team,team_name,seq) values (?,?,?,?,?,default)
    Hibernate: insert into ft_participants (draft_order,fantasy_game_seq,player_id,preferred_team,team_name,seq) values (?,?,?,?,?,default)
    Hibernate: insert into ft_participants (draft_order,fantasy_game_seq,player_id,preferred_team,team_name,seq) values (?,?,?,?,?,default)
    Hibernate: insert into ft_participants (draft_order,fantasy_game_seq,player_id,preferred_team,team_name,seq) values (?,?,?,?,?,default)
    Hibernate: insert into ft_participants (draft_order,fantasy_game_seq,player_id,preferred_team,team_name,seq) values (?,?,?,?,?,default)
    Hibernate: insert into ft_participants (draft_order,fantasy_game_seq,player_id,preferred_team,team_name,seq) values (?,?,?,?,?,default)
    Hibernate: insert into ft_participants (draft_order,fantasy_game_seq,player_id,preferred_team,team_name,seq) values (?,?,?,?,?,default)
    Hibernate: insert into ft_participants (draft_order,fantasy_game_seq,player_id,preferred_team,team_name,seq) values (?,?,?,?,?,default)
    Hibernate: insert into ft_participants (draft_order,fantasy_game_seq,player_id,preferred_team,team_name,seq) values (?,?,?,?,?,default)
    Hibernate: insert into ft_participants (draft_order,fantasy_game_seq,player_id,preferred_team,team_name,seq) values (?,?,?,?,?,default)
    Hibernate: insert into ft_participants (draft_order,fantasy_game_seq,player_id,preferred_team,team_name,seq) values (?,?,?,?,?,default)
    Hibernate: insert into ft_participants (draft_order,fantasy_game_seq,player_id,preferred_team,team_name,seq) values (?,?,?,?,?,default)
    Hibernate: insert into ft_participants (draft_order,fantasy_game_seq,player_id,preferred_team,team_name,seq) values (?,?,?,?,?,default)
    Hibernate: insert into ft_participants (draft_order,fantasy_game_seq,player_id,preferred_team,team_name,seq) values (?,?,?,?,?,default)
    Hibernate: insert into ft_participants (draft_order,fantasy_game_seq,player_id,preferred_team,team_name,seq) values (?,?,?,?,?,default)
    Hibernate: insert into ft_participants (draft_order,fantasy_game_seq,player_id,preferred_team,team_name,seq) values (?,?,?,?,?,default)
    Hibernate: insert into ft_participants (draft_order,fantasy_game_seq,player_id,preferred_team,team_name,seq) values (?,?,?,?,?,default)
    Hibernate: insert into ft_participants (draft_order,fantasy_game_seq,player_id,preferred_team,team_name,seq) values (?,?,?,?,?,default)
    Hibernate: insert into ft_participants (draft_order,fantasy_game_seq,player_id,preferred_team,team_name,seq) values (?,?,?,?,?,default)
    Hibernate: insert into ft_participants (draft_order,fantasy_game_seq,player_id,preferred_team,team_name,seq) values (?,?,?,?,?,default)
    Hibernate: insert into ft_participants (draft_order,fantasy_game_seq,player_id,preferred_team,team_name,seq) values (?,?,?,?,?,default)
    Hibernate: insert into ft_participants (draft_order,fantasy_game_seq,player_id,preferred_team,team_name,seq) values (?,?,?,?,?,default)
    Hibernate: insert into ft_participants (draft_order,fantasy_game_seq,player_id,preferred_team,team_name,seq) values (?,?,?,?,?,default)
    Hibernate: insert into ft_participants (draft_order,fantasy_game_seq,player_id,preferred_team,team_name,seq) values (?,?,?,?,?,default)
    Hibernate: insert into ft_participants (draft_order,fantasy_game_seq,player_id,preferred_team,team_name,seq) values (?,?,?,?,?,default)
    Hibernate: insert into ft_participants (draft_order,fantasy_game_seq,player_id,preferred_team,team_name,seq) values (?,?,?,?,?,default)
    Hibernate: insert into ft_participants (draft_order,fantasy_game_seq,player_id,preferred_team,team_name,seq) values (?,?,?,?,?,default)
    Hibernate: insert into ft_participants (draft_order,fantasy_game_seq,player_id,preferred_team,team_name,seq) values (?,?,?,?,?,default)
    Hibernate: insert into ft_participants (draft_order,fantasy_game_seq,player_id,preferred_team,team_name,seq) values (?,?,?,?,?,default)
    Hibernate: insert into ft_participants (draft_order,fantasy_game_seq,player_id,preferred_team,team_name,seq) values (?,?,?,?,?,default)
    Hibernate: insert into ft_participants (draft_order,fantasy_game_seq,player_id,preferred_team,team_name,seq) values (?,?,?,?,?,default)
    Hibernate: insert into ft_participants (draft_order,fantasy_game_seq,player_id,preferred_team,team_name,seq) values (?,?,?,?,?,default)
    Hibernate: insert into ft_participants (draft_order,fantasy_game_seq,player_id,preferred_team,team_name,seq) values (?,?,?,?,?,default)
    Hibernate: insert into ft_participants (draft_order,fantasy_game_seq,player_id,preferred_team,team_name,seq) values (?,?,?,?,?,default)
    Hibernate: insert into ft_participants (draft_order,fantasy_game_seq,player_id,preferred_team,team_name,seq) values (?,?,?,?,?,default)
    Hibernate: insert into ft_participants (draft_order,fantasy_game_seq,player_id,preferred_team,team_name,seq) values (?,?,?,?,?,default)
    Hibernate: insert into ft_participants (draft_order,fantasy_game_seq,player_id,preferred_team,team_name,seq) values (?,?,?,?,?,default)
    Hibernate: insert into ft_participants (draft_order,fantasy_game_seq,player_id,preferred_team,team_name,seq) values (?,?,?,?,?,default)
    Hibernate: insert into ft_participants (draft_order,fantasy_game_seq,player_id,preferred_team,team_name,seq) values (?,?,?,?,?,default)
    Hibernate: insert into ft_participants (draft_order,fantasy_game_seq,player_id,preferred_team,team_name,seq) values (?,?,?,?,?,default)
    Hibernate: insert into ft_participants (draft_order,fantasy_game_seq,player_id,preferred_team,team_name,seq) values (?,?,?,?,?,default)
    Hibernate: insert into ft_participants (draft_order,fantasy_game_seq,player_id,preferred_team,team_name,seq) values (?,?,?,?,?,default)
    Hibernate: insert into ft_participants (draft_order,fantasy_game_seq,player_id,preferred_team,team_name,seq) values (?,?,?,?,?,default)
    Hibernate: insert into ft_participants (draft_order,fantasy_game_seq,player_id,preferred_team,team_name,seq) values (?,?,?,?,?,default)
    Hibernate: insert into ft_participants (draft_order,fantasy_game_seq,player_id,preferred_team,team_name,seq) values (?,?,?,?,?,default)
    Hibernate: insert into ft_participants (draft_order,fantasy_game_seq,player_id,preferred_team,team_name,seq) values (?,?,?,?,?,default)
    Hibernate: insert into ft_participants (draft_order,fantasy_game_seq,player_id,preferred_team,team_name,seq) values (?,?,?,?,?,default)
    Hibernate: insert into ft_participants (draft_order,fantasy_game_seq,player_id,preferred_team,team_name,seq) values (?,?,?,?,?,default)
    Hibernate: insert into ft_participants (draft_order,fantasy_game_seq,player_id,preferred_team,team_name,seq) values (?,?,?,?,?,default)
    Hibernate: insert into ft_participants (draft_order,fantasy_game_seq,player_id,preferred_team,team_name,seq) values (?,?,?,?,?,default)
    Hibernate: insert into ft_participants (draft_order,fantasy_game_seq,player_id,preferred_team,team_name,seq) values (?,?,?,?,?,default)
    Hibernate: insert into ft_participants (draft_order,fantasy_game_seq,player_id,preferred_team,team_name,seq) values (?,?,?,?,?,default)
    Hibernate: insert into ft_participants (draft_order,fantasy_game_seq,player_id,preferred_team,team_name,seq) values (?,?,?,?,?,default)
    Hibernate: insert into ft_participants (draft_order,fantasy_game_seq,player_id,preferred_team,team_name,seq) values (?,?,?,?,?,default)
    Hibernate: insert into ft_participants (draft_order,fantasy_game_seq,player_id,preferred_team,team_name,seq) values (?,?,?,?,?,default)
    Hibernate: insert into ft_participants (draft_order,fantasy_game_seq,player_id,preferred_team,team_name,seq) values (?,?,?,?,?,default)
    Hibernate: insert into ft_participants (draft_order,fantasy_game_seq,player_id,preferred_team,team_name,seq) values (?,?,?,?,?,default)
    Hibernate: insert into ft_participants (draft_order,fantasy_game_seq,player_id,preferred_team,team_name,seq) values (?,?,?,?,?,default)
    Hibernate: insert into ft_participants (draft_order,fantasy_game_seq,player_id,preferred_team,team_name,seq) values (?,?,?,?,?,default)
    Hibernate: insert into ft_participants (draft_order,fantasy_game_seq,player_id,preferred_team,team_name,seq) values (?,?,?,?,?,default)
    Hibernate: insert into ft_participants (draft_order,fantasy_game_seq,player_id,preferred_team,team_name,seq) values (?,?,?,?,?,default)
    Hibernate: insert into ft_participants (draft_order,fantasy_game_seq,player_id,preferred_team,team_name,seq) values (?,?,?,?,?,default)
    Hibernate: insert into ft_participants (draft_order,fantasy_game_seq,player_id,preferred_team,team_name,seq) values (?,?,?,?,?,default)
    Hibernate: insert into ft_participants (draft_order,fantasy_game_seq,player_id,preferred_team,team_name,seq) values (?,?,?,?,?,default)
    Hibernate: insert into ft_participants (draft_order,fantasy_game_seq,player_id,preferred_team,team_name,seq) values (?,?,?,?,?,default)
    Hibernate: insert into ft_participants (draft_order,fantasy_game_seq,player_id,preferred_team,team_name,seq) values (?,?,?,?,?,default)
    Hibernate: insert into ft_participants (draft_order,fantasy_game_seq,player_id,preferred_team,team_name,seq) values (?,?,?,?,?,default)
    Hibernate: insert into ft_participants (draft_order,fantasy_game_seq,player_id,preferred_team,team_name,seq) values (?,?,?,?,?,default)
    Hibernate: insert into ft_participants (draft_order,fantasy_game_seq,player_id,preferred_team,team_name,seq) values (?,?,?,?,?,default)
    Hibernate: insert into ft_participants (draft_order,fantasy_game_seq,player_id,preferred_team,team_name,seq) values (?,?,?,?,?,default)
    Hibernate: insert into ft_participants (draft_order,fantasy_game_seq,player_id,preferred_team,team_name,seq) values (?,?,?,?,?,default)
    Hibernate: insert into ft_participants (draft_order,fantasy_game_seq,player_id,preferred_team,team_name,seq) values (?,?,?,?,?,default)
    Hibernate: insert into ft_participants (draft_order,fantasy_game_seq,player_id,preferred_team,team_name,seq) values (?,?,?,?,?,default)
    Hibernate: insert into ft_participants (draft_order,fantasy_game_seq,player_id,preferred_team,team_name,seq) values (?,?,?,?,?,default)
    Hibernate: insert into ft_participants (draft_order,fantasy_game_seq,player_id,preferred_team,team_name,seq) values (?,?,?,?,?,default)
    Hibernate: insert into ft_participants (draft_order,fantasy_game_seq,player_id,preferred_team,team_name,seq) values (?,?,?,?,?,default)
    Hibernate: insert into ft_participants (draft_order,fantasy_game_seq,player_id,preferred_team,team_name,seq) values (?,?,?,?,?,default)
    Hibernate: insert into ft_participants (draft_order,fantasy_game_seq,player_id,preferred_team,team_name,seq) values (?,?,?,?,?,default)
    Hibernate: insert into ft_participants (draft_order,fantasy_game_seq,player_id,preferred_team,team_name,seq) values (?,?,?,?,?,default)
    Hibernate: insert into ft_participants (draft_order,fantasy_game_seq,player_id,preferred_team,team_name,seq) values (?,?,?,?,?,default)
    Hibernate: insert into ft_participants (draft_order,fantasy_game_seq,player_id,preferred_team,team_name,seq) values (?,?,?,?,?,default)
    Hibernate: insert into ft_participants (draft_order,fantasy_game_seq,player_id,preferred_team,team_name,seq) values (?,?,?,?,?,default)
    Hibernate: insert into ft_participants (draft_order,fantasy_game_seq,player_id,preferred_team,team_name,seq) values (?,?,?,?,?,default)
    Hibernate: insert into ft_participants (draft_order,fantasy_game_seq,player_id,preferred_team,team_name,seq) values (?,?,?,?,?,default)
    Hibernate: insert into ft_participants (draft_order,fantasy_game_seq,player_id,preferred_team,team_name,seq) values (?,?,?,?,?,default)
    Hibernate: insert into ft_participants (draft_order,fantasy_game_seq,player_id,preferred_team,team_name,seq) values (?,?,?,?,?,default)
    Hibernate: insert into ft_participants (draft_order,fantasy_game_seq,player_id,preferred_team,team_name,seq) values (?,?,?,?,?,default)
    Hibernate: insert into ft_participants (draft_order,fantasy_game_seq,player_id,preferred_team,team_name,seq) values (?,?,?,?,?,default)
    Hibernate: insert into ft_participants (draft_order,fantasy_game_seq,player_id,preferred_team,team_name,seq) values (?,?,?,?,?,default)
    Hibernate: insert into ft_participants (draft_order,fantasy_game_seq,player_id,preferred_team,team_name,seq) values (?,?,?,?,?,default)
    Hibernate: insert into ft_participants (draft_order,fantasy_game_seq,player_id,preferred_team,team_name,seq) values (?,?,?,?,?,default)
    Hibernate: insert into ft_participants (draft_order,fantasy_game_seq,player_id,preferred_team,team_name,seq) values (?,?,?,?,?,default)
    Hibernate: insert into ft_participants (draft_order,fantasy_game_seq,player_id,preferred_team,team_name,seq) values (?,?,?,?,?,default)
    Hibernate: insert into ft_participants (draft_order,fantasy_game_seq,player_id,preferred_team,team_name,seq) values (?,?,?,?,?,default)
    Hibernate: insert into ft_participants (draft_order,fantasy_game_seq,player_id,preferred_team,team_name,seq) values (?,?,?,?,?,default)
    Hibernate: insert into ft_participants (draft_order,fantasy_game_seq,player_id,preferred_team,team_name,seq) values (?,?,?,?,?,default)
    Hibernate: insert into ft_participants (draft_order,fantasy_game_seq,player_id,preferred_team,team_name,seq) values (?,?,?,?,?,default)
    Hibernate: insert into ft_participants (draft_order,fantasy_game_seq,player_id,preferred_team,team_name,seq) values (?,?,?,?,?,default)
    Hibernate: insert into ft_participants (draft_order,fantasy_game_seq,player_id,preferred_team,team_name,seq) values (?,?,?,?,?,default)
    Hibernate: insert into ft_participants (draft_order,fantasy_game_seq,player_id,preferred_team,team_name,seq) values (?,?,?,?,?,default)
    Hibernate: insert into ft_participants (draft_order,fantasy_game_seq,player_id,preferred_team,team_name,seq) values (?,?,?,?,?,default)
    Hibernate: insert into ft_participants (draft_order,fantasy_game_seq,player_id,preferred_team,team_name,seq) values (?,?,?,?,?,default)
    Hibernate: insert into ft_participants (draft_order,fantasy_game_seq,player_id,preferred_team,team_name,seq) values (?,?,?,?,?,default)
    Hibernate: insert into ft_participants (draft_order,fantasy_game_seq,player_id,preferred_team,team_name,seq) values (?,?,?,?,?,default)
    Hibernate: insert into ft_participants (draft_order,fantasy_game_seq,player_id,preferred_team,team_name,seq) values (?,?,?,?,?,default)
    Hibernate: insert into ft_participants (draft_order,fantasy_game_seq,player_id,preferred_team,team_name,seq) values (?,?,?,?,?,default)
    Hibernate: insert into ft_participants (draft_order,fantasy_game_seq,player_id,preferred_team,team_name,seq) values (?,?,?,?,?,default)
    Hibernate: insert into ft_participants (draft_order,fantasy_game_seq,player_id,preferred_team,team_name,seq) values (?,?,?,?,?,default)
    Hibernate: insert into ft_participants (draft_order,fantasy_game_seq,player_id,preferred_team,team_name,seq) values (?,?,?,?,?,default)
    Hibernate: insert into ft_participants (draft_order,fantasy_game_seq,player_id,preferred_team,team_name,seq) values (?,?,?,?,?,default)
    Hibernate: insert into ft_participants (draft_order,fantasy_game_seq,player_id,preferred_team,team_name,seq) values (?,?,?,?,?,default)
    Hibernate: insert into ft_participants (draft_order,fantasy_game_seq,player_id,preferred_team,team_name,seq) values (?,?,?,?,?,default)
    Hibernate: insert into ft_participants (draft_order,fantasy_game_seq,player_id,preferred_team,team_name,seq) values (?,?,?,?,?,default)
    Hibernate: insert into ft_participants (draft_order,fantasy_game_seq,player_id,preferred_team,team_name,seq) values (?,?,?,?,?,default)
    Hibernate: insert into ft_participants (draft_order,fantasy_game_seq,player_id,preferred_team,team_name,seq) values (?,?,?,?,?,default)
    Hibernate: insert into ft_participants (draft_order,fantasy_game_seq,player_id,preferred_team,team_name,seq) values (?,?,?,?,?,default)
    Hibernate: insert into ft_participants (draft_order,fantasy_game_seq,player_id,preferred_team,team_name,seq) values (?,?,?,?,?,default)
    Hibernate: insert into ft_participants (draft_order,fantasy_game_seq,player_id,preferred_team,team_name,seq) values (?,?,?,?,?,default)
    Hibernate: insert into ft_participants (draft_order,fantasy_game_seq,player_id,preferred_team,team_name,seq) values (?,?,?,?,?,default)
    Hibernate: insert into ft_participants (draft_order,fantasy_game_seq,player_id,preferred_team,team_name,seq) values (?,?,?,?,?,default)
    Hibernate: insert into ft_participants (draft_order,fantasy_game_seq,player_id,preferred_team,team_name,seq) values (?,?,?,?,?,default)
    Hibernate: insert into ft_participants (draft_order,fantasy_game_seq,player_id,preferred_team,team_name,seq) values (?,?,?,?,?,default)
    Hibernate: insert into ft_participants (draft_order,fantasy_game_seq,player_id,preferred_team,team_name,seq) values (?,?,?,?,?,default)
    Hibernate: insert into ft_participants (draft_order,fantasy_game_seq,player_id,preferred_team,team_name,seq) values (?,?,?,?,?,default)
    Hibernate: insert into ft_participants (draft_order,fantasy_game_seq,player_id,preferred_team,team_name,seq) values (?,?,?,?,?,default)
    Hibernate: insert into ft_participants (draft_order,fantasy_game_seq,player_id,preferred_team,team_name,seq) values (?,?,?,?,?,default)
    Hibernate: insert into ft_participants (draft_order,fantasy_game_seq,player_id,preferred_team,team_name,seq) values (?,?,?,?,?,default)
    Hibernate: insert into ft_participants (draft_order,fantasy_game_seq,player_id,preferred_team,team_name,seq) values (?,?,?,?,?,default)
    Hibernate: insert into ft_participants (draft_order,fantasy_game_seq,player_id,preferred_team,team_name,seq) values (?,?,?,?,?,default)
    Hibernate: insert into ft_participants (draft_order,fantasy_game_seq,player_id,preferred_team,team_name,seq) values (?,?,?,?,?,default)
    Hibernate: insert into ft_participants (draft_order,fantasy_game_seq,player_id,preferred_team,team_name,seq) values (?,?,?,?,?,default)
    Hibernate: insert into ft_participants (draft_order,fantasy_game_seq,player_id,preferred_team,team_name,seq) values (?,?,?,?,?,default)
    Hibernate: insert into ft_participants (draft_order,fantasy_game_seq,player_id,preferred_team,team_name,seq) values (?,?,?,?,?,default)
    Hibernate: insert into ft_participants (draft_order,fantasy_game_seq,player_id,preferred_team,team_name,seq) values (?,?,?,?,?,default)
    Hibernate: insert into ft_participants (draft_order,fantasy_game_seq,player_id,preferred_team,team_name,seq) values (?,?,?,?,?,default)
    Hibernate: insert into ft_participants (draft_order,fantasy_game_seq,player_id,preferred_team,team_name,seq) values (?,?,?,?,?,default)
    Hibernate: insert into ft_participants (draft_order,fantasy_game_seq,player_id,preferred_team,team_name,seq) values (?,?,?,?,?,default)
    Hibernate: insert into ft_participants (draft_order,fantasy_game_seq,player_id,preferred_team,team_name,seq) values (?,?,?,?,?,default)
    Hibernate: insert into ft_participants (draft_order,fantasy_game_seq,player_id,preferred_team,team_name,seq) values (?,?,?,?,?,default)
    Hibernate: insert into ft_participants (draft_order,fantasy_game_seq,player_id,preferred_team,team_name,seq) values (?,?,?,?,?,default)
    Hibernate: insert into ft_participants (draft_order,fantasy_game_seq,player_id,preferred_team,team_name,seq) values (?,?,?,?,?,default)
    Hibernate: insert into ft_participants (draft_order,fantasy_game_seq,player_id,preferred_team,team_name,seq) values (?,?,?,?,?,default)
    Hibernate: insert into ft_participants (draft_order,fantasy_game_seq,player_id,preferred_team,team_name,seq) values (?,?,?,?,?,default)
    Hibernate: insert into ft_participants (draft_order,fantasy_game_seq,player_id,preferred_team,team_name,seq) values (?,?,?,?,?,default)
    Hibernate: insert into ft_participants (draft_order,fantasy_game_seq,player_id,preferred_team,team_name,seq) values (?,?,?,?,?,default)
    Hibernate: insert into ft_participants (draft_order,fantasy_game_seq,player_id,preferred_team,team_name,seq) values (?,?,?,?,?,default)
    Hibernate: insert into ft_participants (draft_order,fantasy_game_seq,player_id,preferred_team,team_name,seq) values (?,?,?,?,?,default)
    Hibernate: insert into ft_participants (draft_order,fantasy_game_seq,player_id,preferred_team,team_name,seq) values (?,?,?,?,?,default)
    Hibernate: insert into ft_participants (draft_order,fantasy_game_seq,player_id,preferred_team,team_name,seq) values (?,?,?,?,?,default)
    Hibernate: insert into ft_participants (draft_order,fantasy_game_seq,player_id,preferred_team,team_name,seq) values (?,?,?,?,?,default)
    Hibernate: insert into ft_participants (draft_order,fantasy_game_seq,player_id,preferred_team,team_name,seq) values (?,?,?,?,?,default)
    Hibernate: insert into ft_participants (draft_order,fantasy_game_seq,player_id,preferred_team,team_name,seq) values (?,?,?,?,?,default)
    Hibernate: insert into ft_participants (draft_order,fantasy_game_seq,player_id,preferred_team,team_name,seq) values (?,?,?,?,?,default)
    Hibernate: insert into ft_participants (draft_order,fantasy_game_seq,player_id,preferred_team,team_name,seq) values (?,?,?,?,?,default)
    Hibernate: insert into ft_participants (draft_order,fantasy_game_seq,player_id,preferred_team,team_name,seq) values (?,?,?,?,?,default)
    Hibernate: insert into ft_participants (draft_order,fantasy_game_seq,player_id,preferred_team,team_name,seq) values (?,?,?,?,?,default)
    Hibernate: insert into ft_participants (draft_order,fantasy_game_seq,player_id,preferred_team,team_name,seq) values (?,?,?,?,?,default)
    Hibernate: insert into ft_participants (draft_order,fantasy_game_seq,player_id,preferred_team,team_name,seq) values (?,?,?,?,?,default)
    Hibernate: insert into ft_participants (draft_order,fantasy_game_seq,player_id,preferred_team,team_name,seq) values (?,?,?,?,?,default)
    Hibernate: insert into ft_participants (draft_order,fantasy_game_seq,player_id,preferred_team,team_name,seq) values (?,?,?,?,?,default)
    Hibernate: insert into ft_participants (draft_order,fantasy_game_seq,player_id,preferred_team,team_name,seq) values (?,?,?,?,?,default)
    Hibernate: insert into ft_participants (draft_order,fantasy_game_seq,player_id,preferred_team,team_name,seq) values (?,?,?,?,?,default)
    Hibernate: insert into ft_participants (draft_order,fantasy_game_seq,player_id,preferred_team,team_name,seq) values (?,?,?,?,?,default)
    Hibernate: insert into ft_participants (draft_order,fantasy_game_seq,player_id,preferred_team,team_name,seq) values (?,?,?,?,?,default)
    Hibernate: insert into ft_participants (draft_order,fantasy_game_seq,player_id,preferred_team,team_name,seq) values (?,?,?,?,?,default)
    Hibernate: insert into ft_participants (draft_order,fantasy_game_seq,player_id,preferred_team,team_name,seq) values (?,?,?,?,?,default)
    Hibernate: insert into ft_participants (draft_order,fantasy_game_seq,player_id,preferred_team,team_name,seq) values (?,?,?,?,?,default)
    Hibernate: insert into ft_participants (draft_order,fantasy_game_seq,player_id,preferred_team,team_name,seq) values (?,?,?,?,?,default)
    Hibernate: insert into ft_participants (draft_order,fantasy_game_seq,player_id,preferred_team,team_name,seq) values (?,?,?,?,?,default)
    Hibernate: insert into ft_participants (draft_order,fantasy_game_seq,player_id,preferred_team,team_name,seq) values (?,?,?,?,?,default)
    Hibernate: insert into ft_participants (draft_order,fantasy_game_seq,player_id,preferred_team,team_name,seq) values (?,?,?,?,?,default)
    Hibernate: insert into ft_participants (draft_order,fantasy_game_seq,player_id,preferred_team,team_name,seq) values (?,?,?,?,?,default)
    Hibernate: insert into ft_participants (draft_order,fantasy_game_seq,player_id,preferred_team,team_name,seq) values (?,?,?,?,?,default)
    Hibernate: insert into ft_participants (draft_order,fantasy_game_seq,player_id,preferred_team,team_name,seq) values (?,?,?,?,?,default)
    Hibernate: insert into ft_participants (draft_order,fantasy_game_seq,player_id,preferred_team,team_name,seq) values (?,?,?,?,?,default)
    Hibernate: insert into ft_participants (draft_order,fantasy_game_seq,player_id,preferred_team,team_name,seq) values (?,?,?,?,?,default)
    Hibernate: insert into ft_participants (draft_order,fantasy_game_seq,player_id,preferred_team,team_name,seq) values (?,?,?,?,?,default)
    Hibernate: insert into ft_participants (draft_order,fantasy_game_seq,player_id,preferred_team,team_name,seq) values (?,?,?,?,?,default)
    Hibernate: insert into ft_participants (draft_order,fantasy_game_seq,player_id,preferred_team,team_name,seq) values (?,?,?,?,?,default)
    Hibernate: insert into ft_participants (draft_order,fantasy_game_seq,player_id,preferred_team,team_name,seq) values (?,?,?,?,?,default)
    Hibernate: insert into ft_participants (draft_order,fantasy_game_seq,player_id,preferred_team,team_name,seq) values (?,?,?,?,?,default)
    Hibernate: insert into ft_participants (draft_order,fantasy_game_seq,player_id,preferred_team,team_name,seq) values (?,?,?,?,?,default)
    Hibernate: insert into ft_participants (draft_order,fantasy_game_seq,player_id,preferred_team,team_name,seq) values (?,?,?,?,?,default)
    Hibernate: insert into ft_participants (draft_order,fantasy_game_seq,player_id,preferred_team,team_name,seq) values (?,?,?,?,?,default)
    Hibernate: insert into ft_participants (draft_order,fantasy_game_seq,player_id,preferred_team,team_name,seq) values (?,?,?,?,?,default)
    Hibernate: insert into ft_participants (draft_order,fantasy_game_seq,player_id,preferred_team,team_name,seq) values (?,?,?,?,?,default)
    Hibernate: insert into ft_participants (draft_order,fantasy_game_seq,player_id,preferred_team,team_name,seq) values (?,?,?,?,?,default)
    Hibernate: insert into ft_participants (draft_order,fantasy_game_seq,player_id,preferred_team,team_name,seq) values (?,?,?,?,?,default)
    Hibernate: insert into ft_participants (draft_order,fantasy_game_seq,player_id,preferred_team,team_name,seq) values (?,?,?,?,?,default)
    Hibernate: insert into ft_participants (draft_order,fantasy_game_seq,player_id,preferred_team,team_name,seq) values (?,?,?,?,?,default)
    Hibernate: insert into ft_participants (draft_order,fantasy_game_seq,player_id,preferred_team,team_name,seq) values (?,?,?,?,?,default)
    Hibernate: insert into ft_participants (draft_order,fantasy_game_seq,player_id,preferred_team,team_name,seq) values (?,?,?,?,?,default)
    Hibernate: insert into ft_participants (draft_order,fantasy_game_seq,player_id,preferred_team,team_name,seq) values (?,?,?,?,?,default)
    Hibernate: insert into ft_participants (draft_order,fantasy_game_seq,player_id,preferred_team,team_name,seq) values (?,?,?,?,?,default)
    Hibernate: insert into ft_participants (draft_order,fantasy_game_seq,player_id,preferred_team,team_name,seq) values (?,?,?,?,?,default)
    Hibernate: insert into ft_participants (draft_order,fantasy_game_seq,player_id,preferred_team,team_name,seq) values (?,?,?,?,?,default)
    Hibernate: insert into ft_participants (draft_order,fantasy_game_seq,player_id,preferred_team,team_name,seq) values (?,?,?,?,?,default)
    Hibernate: insert into ft_participants (draft_order,fantasy_game_seq,player_id,preferred_team,team_name,seq) values (?,?,?,?,?,default)
    Hibernate: insert into ft_participants (draft_order,fantasy_game_seq,player_id,preferred_team,team_name,seq) values (?,?,?,?,?,default)
    Hibernate: insert into ft_participants (draft_order,fantasy_game_seq,player_id,preferred_team,team_name,seq) values (?,?,?,?,?,default)
    Hibernate: insert into ft_participants (draft_order,fantasy_game_seq,player_id,preferred_team,team_name,seq) values (?,?,?,?,?,default)
    Hibernate: insert into ft_participants (draft_order,fantasy_game_seq,player_id,preferred_team,team_name,seq) values (?,?,?,?,?,default)
    Hibernate: insert into ft_participants (draft_order,fantasy_game_seq,player_id,preferred_team,team_name,seq) values (?,?,?,?,?,default)
    Hibernate: insert into ft_participants (draft_order,fantasy_game_seq,player_id,preferred_team,team_name,seq) values (?,?,?,?,?,default)
    Hibernate: insert into ft_participants (draft_order,fantasy_game_seq,player_id,preferred_team,team_name,seq) values (?,?,?,?,?,default)
    Hibernate: insert into ft_participants (draft_order,fantasy_game_seq,player_id,preferred_team,team_name,seq) values (?,?,?,?,?,default)
    Hibernate: insert into ft_participants (draft_order,fantasy_game_seq,player_id,preferred_team,team_name,seq) values (?,?,?,?,?,default)
    Hibernate: insert into ft_participants (draft_order,fantasy_game_seq,player_id,preferred_team,team_name,seq) values (?,?,?,?,?,default)
    Hibernate: insert into ft_participants (draft_order,fantasy_game_seq,player_id,preferred_team,team_name,seq) values (?,?,?,?,?,default)
    Hibernate: insert into ft_participants (draft_order,fantasy_game_seq,player_id,preferred_team,team_name,seq) values (?,?,?,?,?,default)
    Hibernate: insert into ft_participants (draft_order,fantasy_game_seq,player_id,preferred_team,team_name,seq) values (?,?,?,?,?,default)
    Hibernate: insert into ft_participants (draft_order,fantasy_game_seq,player_id,preferred_team,team_name,seq) values (?,?,?,?,?,default)
    Hibernate: insert into ft_participants (draft_order,fantasy_game_seq,player_id,preferred_team,team_name,seq) values (?,?,?,?,?,default)
    Hibernate: insert into ft_participants (draft_order,fantasy_game_seq,player_id,preferred_team,team_name,seq) values (?,?,?,?,?,default)
    Hibernate: insert into ft_participants (draft_order,fantasy_game_seq,player_id,preferred_team,team_name,seq) values (?,?,?,?,?,default)
    Hibernate: insert into ft_participants (draft_order,fantasy_game_seq,player_id,preferred_team,team_name,seq) values (?,?,?,?,?,default)
    Hibernate: insert into ft_participants (draft_order,fantasy_game_seq,player_id,preferred_team,team_name,seq) values (?,?,?,?,?,default)
    Hibernate: insert into ft_participants (draft_order,fantasy_game_seq,player_id,preferred_team,team_name,seq) values (?,?,?,?,?,default)
    Hibernate: insert into ft_participants (draft_order,fantasy_game_seq,player_id,preferred_team,team_name,seq) values (?,?,?,?,?,default)
    Hibernate: insert into ft_participants (draft_order,fantasy_game_seq,player_id,preferred_team,team_name,seq) values (?,?,?,?,?,default)
    Hibernate: insert into ft_participants (draft_order,fantasy_game_seq,player_id,preferred_team,team_name,seq) values (?,?,?,?,?,default)
    Hibernate: insert into ft_participants (draft_order,fantasy_game_seq,player_id,preferred_team,team_name,seq) values (?,?,?,?,?,default)
    Hibernate: insert into ft_participants (draft_order,fantasy_game_seq,player_id,preferred_team,team_name,seq) values (?,?,?,?,?,default)
    Hibernate: insert into ft_participants (draft_order,fantasy_game_seq,player_id,preferred_team,team_name,seq) values (?,?,?,?,?,default)
    Hibernate: insert into ft_participants (draft_order,fantasy_game_seq,player_id,preferred_team,team_name,seq) values (?,?,?,?,?,default)
    Hibernate: insert into ft_participants (draft_order,fantasy_game_seq,player_id,preferred_team,team_name,seq) values (?,?,?,?,?,default)
    Hibernate: insert into ft_participants (draft_order,fantasy_game_seq,player_id,preferred_team,team_name,seq) values (?,?,?,?,?,default)
    Hibernate: insert into ft_participants (draft_order,fantasy_game_seq,player_id,preferred_team,team_name,seq) values (?,?,?,?,?,default)
    Hibernate: insert into ft_participants (draft_order,fantasy_game_seq,player_id,preferred_team,team_name,seq) values (?,?,?,?,?,default)
    Hibernate: insert into ft_participants (draft_order,fantasy_game_seq,player_id,preferred_team,team_name,seq) values (?,?,?,?,?,default)
    Hibernate: insert into ft_participants (draft_order,fantasy_game_seq,player_id,preferred_team,team_name,seq) values (?,?,?,?,?,default)
    Hibernate: insert into ft_participants (draft_order,fantasy_game_seq,player_id,preferred_team,team_name,seq) values (?,?,?,?,?,default)
    Hibernate: insert into ft_participants (draft_order,fantasy_game_seq,player_id,preferred_team,team_name,seq) values (?,?,?,?,?,default)
    Hibernate: insert into ft_participants (draft_order,fantasy_game_seq,player_id,preferred_team,team_name,seq) values (?,?,?,?,?,default)
    Hibernate: insert into ft_participants (draft_order,fantasy_game_seq,player_id,preferred_team,team_name,seq) values (?,?,?,?,?,default)
    Hibernate: insert into ft_participants (draft_order,fantasy_game_seq,player_id,preferred_team,team_name,seq) values (?,?,?,?,?,default)
    Hibernate: insert into ft_participants (draft_order,fantasy_game_seq,player_id,preferred_team,team_name,seq) values (?,?,?,?,?,default)
    Hibernate: insert into ft_participants (draft_order,fantasy_game_seq,player_id,preferred_team,team_name,seq) values (?,?,?,?,?,default)
    Hibernate: insert into ft_participants (draft_order,fantasy_game_seq,player_id,preferred_team,team_name,seq) values (?,?,?,?,?,default)
    Hibernate: insert into ft_participants (draft_order,fantasy_game_seq,player_id,preferred_team,team_name,seq) values (?,?,?,?,?,default)
    Hibernate: insert into ft_participants (draft_order,fantasy_game_seq,player_id,preferred_team,team_name,seq) values (?,?,?,?,?,default)
    Hibernate: insert into ft_participants (draft_order,fantasy_game_seq,player_id,preferred_team,team_name,seq) values (?,?,?,?,?,default)
    Hibernate: insert into ft_participants (draft_order,fantasy_game_seq,player_id,preferred_team,team_name,seq) values (?,?,?,?,?,default)
    Hibernate: insert into ft_participants (draft_order,fantasy_game_seq,player_id,preferred_team,team_name,seq) values (?,?,?,?,?,default)
    Hibernate: insert into ft_participants (draft_order,fantasy_game_seq,player_id,preferred_team,team_name,seq) values (?,?,?,?,?,default)
    Hibernate: insert into ft_participants (draft_order,fantasy_game_seq,player_id,preferred_team,team_name,seq) values (?,?,?,?,?,default)
    Hibernate: insert into ft_participants (draft_order,fantasy_game_seq,player_id,preferred_team,team_name,seq) values (?,?,?,?,?,default)
    Hibernate: insert into ft_participants (draft_order,fantasy_game_seq,player_id,preferred_team,team_name,seq) values (?,?,?,?,?,default)
    Hibernate: insert into ft_participants (draft_order,fantasy_game_seq,player_id,preferred_team,team_name,seq) values (?,?,?,?,?,default)
    Hibernate: insert into ft_participants (draft_order,fantasy_game_seq,player_id,preferred_team,team_name,seq) values (?,?,?,?,?,default)
    Hibernate: insert into ft_participants (draft_order,fantasy_game_seq,player_id,preferred_team,team_name,seq) values (?,?,?,?,?,default)
    Hibernate: insert into ft_participants (draft_order,fantasy_game_seq,player_id,preferred_team,team_name,seq) values (?,?,?,?,?,default)
    Hibernate: insert into ft_participants (draft_order,fantasy_game_seq,player_id,preferred_team,team_name,seq) values (?,?,?,?,?,default)
    Hibernate: insert into ft_participants (draft_order,fantasy_game_seq,player_id,preferred_team,team_name,seq) values (?,?,?,?,?,default)
    Hibernate: insert into ft_participants (draft_order,fantasy_game_seq,player_id,preferred_team,team_name,seq) values (?,?,?,?,?,default)
    Hibernate: insert into ft_participants (draft_order,fantasy_game_seq,player_id,preferred_team,team_name,seq) values (?,?,?,?,?,default)
    Hibernate: insert into ft_participants (draft_order,fantasy_game_seq,player_id,preferred_team,team_name,seq) values (?,?,?,?,?,default)
    Hibernate: insert into ft_participants (draft_order,fantasy_game_seq,player_id,preferred_team,team_name,seq) values (?,?,?,?,?,default)
    Hibernate: insert into ft_participants (draft_order,fantasy_game_seq,player_id,preferred_team,team_name,seq) values (?,?,?,?,?,default)
    Hibernate: insert into ft_participants (draft_order,fantasy_game_seq,player_id,preferred_team,team_name,seq) values (?,?,?,?,?,default)
    Hibernate: insert into ft_participants (draft_order,fantasy_game_seq,player_id,preferred_team,team_name,seq) values (?,?,?,?,?,default)
    Hibernate: insert into ft_participants (draft_order,fantasy_game_seq,player_id,preferred_team,team_name,seq) values (?,?,?,?,?,default)
    Hibernate: insert into ft_participants (draft_order,fantasy_game_seq,player_id,preferred_team,team_name,seq) values (?,?,?,?,?,default)
    Hibernate: insert into ft_participants (draft_order,fantasy_game_seq,player_id,preferred_team,team_name,seq) values (?,?,?,?,?,default)
    Hibernate: insert into ft_participants (draft_order,fantasy_game_seq,player_id,preferred_team,team_name,seq) values (?,?,?,?,?,default)
    Hibernate: insert into ft_participants (draft_order,fantasy_game_seq,player_id,preferred_team,team_name,seq) values (?,?,?,?,?,default)
    Hibernate: insert into ft_participants (draft_order,fantasy_game_seq,player_id,preferred_team,team_name,seq) values (?,?,?,?,?,default)
    Hibernate: insert into ft_participants (draft_order,fantasy_game_seq,player_id,preferred_team,team_name,seq) values (?,?,?,?,?,default)
    Hibernate: insert into ft_participants (draft_order,fantasy_game_seq,player_id,preferred_team,team_name,seq) values (?,?,?,?,?,default)
    Hibernate: insert into ft_participants (draft_order,fantasy_game_seq,player_id,preferred_team,team_name,seq) values (?,?,?,?,?,default)
    Hibernate: insert into ft_participants (draft_order,fantasy_game_seq,player_id,preferred_team,team_name,seq) values (?,?,?,?,?,default)
    Hibernate: insert into ft_participants (draft_order,fantasy_game_seq,player_id,preferred_team,team_name,seq) values (?,?,?,?,?,default)
    Hibernate: insert into ft_participants (draft_order,fantasy_game_seq,player_id,preferred_team,team_name,seq) values (?,?,?,?,?,default)
    Hibernate: insert into ft_participants (draft_order,fantasy_game_seq,player_id,preferred_team,team_name,seq) values (?,?,?,?,?,default)
    Hibernate: insert into ft_participants (draft_order,fantasy_game_seq,player_id,preferred_team,team_name,seq) values (?,?,?,?,?,default)
    Hibernate: insert into ft_participants (draft_order,fantasy_game_seq,player_id,preferred_team,team_name,seq) values (?,?,?,?,?,default)
    Hibernate: insert into ft_participants (draft_order,fantasy_game_seq,player_id,preferred_team,team_name,seq) values (?,?,?,?,?,default)
    Hibernate: insert into ft_participants (draft_order,fantasy_game_seq,player_id,preferred_team,team_name,seq) values (?,?,?,?,?,default)
    Hibernate: insert into ft_participants (draft_order,fantasy_game_seq,player_id,preferred_team,team_name,seq) values (?,?,?,?,?,default)
    Hibernate: insert into ft_participants (draft_order,fantasy_game_seq,player_id,preferred_team,team_name,seq) values (?,?,?,?,?,default)
    Hibernate: insert into ft_participants (draft_order,fantasy_game_seq,player_id,preferred_team,team_name,seq) values (?,?,?,?,?,default)
    Hibernate: insert into ft_participants (draft_order,fantasy_game_seq,player_id,preferred_team,team_name,seq) values (?,?,?,?,?,default)
    Hibernate: insert into ft_participants (draft_order,fantasy_game_seq,player_id,preferred_team,team_name,seq) values (?,?,?,?,?,default)
    Hibernate: insert into ft_participants (draft_order,fantasy_game_seq,player_id,preferred_team,team_name,seq) values (?,?,?,?,?,default)
    Hibernate: insert into ft_participants (draft_order,fantasy_game_seq,player_id,preferred_team,team_name,seq) values (?,?,?,?,?,default)
    Hibernate: insert into ft_participants (draft_order,fantasy_game_seq,player_id,preferred_team,team_name,seq) values (?,?,?,?,?,default)
    Hibernate: insert into ft_participants (draft_order,fantasy_game_seq,player_id,preferred_team,team_name,seq) values (?,?,?,?,?,default)
    Hibernate: insert into ft_participants (draft_order,fantasy_game_seq,player_id,preferred_team,team_name,seq) values (?,?,?,?,?,default)
    Hibernate: insert into ft_participants (draft_order,fantasy_game_seq,player_id,preferred_team,team_name,seq) values (?,?,?,?,?,default)
    Hibernate: insert into ft_participants (draft_order,fantasy_game_seq,player_id,preferred_team,team_name,seq) values (?,?,?,?,?,default)
    Hibernate: insert into ft_participants (draft_order,fantasy_game_seq,player_id,preferred_team,team_name,seq) values (?,?,?,?,?,default)
    Hibernate: insert into ft_participants (draft_order,fantasy_game_seq,player_id,preferred_team,team_name,seq) values (?,?,?,?,?,default)
    Hibernate: insert into ft_participants (draft_order,fantasy_game_seq,player_id,preferred_team,team_name,seq) values (?,?,?,?,?,default)
    Hibernate: insert into ft_participants (draft_order,fantasy_game_seq,player_id,preferred_team,team_name,seq) values (?,?,?,?,?,default)
    Hibernate: insert into ft_participants (draft_order,fantasy_game_seq,player_id,preferred_team,team_name,seq) values (?,?,?,?,?,default)
    Hibernate: insert into ft_participants (draft_order,fantasy_game_seq,player_id,preferred_team,team_name,seq) values (?,?,?,?,?,default)
    Hibernate: insert into ft_participants (draft_order,fantasy_game_seq,player_id,preferred_team,team_name,seq) values (?,?,?,?,?,default)
    Hibernate: insert into ft_participants (draft_order,fantasy_game_seq,player_id,preferred_team,team_name,seq) values (?,?,?,?,?,default)
    Hibernate: insert into ft_participants (draft_order,fantasy_game_seq,player_id,preferred_team,team_name,seq) values (?,?,?,?,?,default)
    Hibernate: insert into ft_participants (draft_order,fantasy_game_seq,player_id,preferred_team,team_name,seq) values (?,?,?,?,?,default)
    Hibernate: insert into ft_participants (draft_order,fantasy_game_seq,player_id,preferred_team,team_name,seq) values (?,?,?,?,?,default)
    Hibernate: insert into ft_participants (draft_order,fantasy_game_seq,player_id,preferred_team,team_name,seq) values (?,?,?,?,?,default)
    Hibernate: insert into ft_participants (draft_order,fantasy_game_seq,player_id,preferred_team,team_name,seq) values (?,?,?,?,?,default)
    Hibernate: insert into ft_participants (draft_order,fantasy_game_seq,player_id,preferred_team,team_name,seq) values (?,?,?,?,?,default)
    Hibernate: insert into ft_participants (draft_order,fantasy_game_seq,player_id,preferred_team,team_name,seq) values (?,?,?,?,?,default)
    Hibernate: insert into ft_participants (draft_order,fantasy_game_seq,player_id,preferred_team,team_name,seq) values (?,?,?,?,?,default)
    Hibernate: insert into ft_participants (draft_order,fantasy_game_seq,player_id,preferred_team,team_name,seq) values (?,?,?,?,?,default)
    Hibernate: insert into ft_participants (draft_order,fantasy_game_seq,player_id,preferred_team,team_name,seq) values (?,?,?,?,?,default)
    Hibernate: insert into ft_participants (draft_order,fantasy_game_seq,player_id,preferred_team,team_name,seq) values (?,?,?,?,?,default)
    Hibernate: insert into ft_participants (draft_order,fantasy_game_seq,player_id,preferred_team,team_name,seq) values (?,?,?,?,?,default)
    Hibernate: insert into ft_participants (draft_order,fantasy_game_seq,player_id,preferred_team,team_name,seq) values (?,?,?,?,?,default)
    Hibernate: insert into ft_participants (draft_order,fantasy_game_seq,player_id,preferred_team,team_name,seq) values (?,?,?,?,?,default)
    Hibernate: insert into ft_participants (draft_order,fantasy_game_seq,player_id,preferred_team,team_name,seq) values (?,?,?,?,?,default)
    Hibernate: insert into ft_participants (draft_order,fantasy_game_seq,player_id,preferred_team,team_name,seq) values (?,?,?,?,?,default)
    Hibernate: insert into ft_participants (draft_order,fantasy_game_seq,player_id,preferred_team,team_name,seq) values (?,?,?,?,?,default)
    Hibernate: insert into ft_participants (draft_order,fantasy_game_seq,player_id,preferred_team,team_name,seq) values (?,?,?,?,?,default)
    Hibernate: insert into ft_participants (draft_order,fantasy_game_seq,player_id,preferred_team,team_name,seq) values (?,?,?,?,?,default)
    Hibernate: insert into ft_participants (draft_order,fantasy_game_seq,player_id,preferred_team,team_name,seq) values (?,?,?,?,?,default)
    Hibernate: insert into ft_participants (draft_order,fantasy_game_seq,player_id,preferred_team,team_name,seq) values (?,?,?,?,?,default)
    Hibernate: insert into ft_participants (draft_order,fantasy_game_seq,player_id,preferred_team,team_name,seq) values (?,?,?,?,?,default)
    Hibernate: insert into ft_participants (draft_order,fantasy_game_seq,player_id,preferred_team,team_name,seq) values (?,?,?,?,?,default)
    Hibernate: insert into ft_participants (draft_order,fantasy_game_seq,player_id,preferred_team,team_name,seq) values (?,?,?,?,?,default)
    Hibernate: insert into ft_participants (draft_order,fantasy_game_seq,player_id,preferred_team,team_name,seq) values (?,?,?,?,?,default)
    Hibernate: insert into ft_participants (draft_order,fantasy_game_seq,player_id,preferred_team,team_name,seq) values (?,?,?,?,?,default)
    Hibernate: insert into ft_participants (draft_order,fantasy_game_seq,player_id,preferred_team,team_name,seq) values (?,?,?,?,?,default)
    Hibernate: insert into ft_participants (draft_order,fantasy_game_seq,player_id,preferred_team,team_name,seq) values (?,?,?,?,?,default)
    Hibernate: insert into ft_participants (draft_order,fantasy_game_seq,player_id,preferred_team,team_name,seq) values (?,?,?,?,?,default)
    Hibernate: insert into ft_participants (draft_order,fantasy_game_seq,player_id,preferred_team,team_name,seq) values (?,?,?,?,?,default)
    Hibernate: insert into ft_participants (draft_order,fantasy_game_seq,player_id,preferred_team,team_name,seq) values (?,?,?,?,?,default)
    Hibernate: insert into ft_participants (draft_order,fantasy_game_seq,player_id,preferred_team,team_name,seq) values (?,?,?,?,?,default)
    Hibernate: insert into ft_participants (draft_order,fantasy_game_seq,player_id,preferred_team,team_name,seq) values (?,?,?,?,?,default)
    Hibernate: insert into ft_participants (draft_order,fantasy_game_seq,player_id,preferred_team,team_name,seq) values (?,?,?,?,?,default)
    Hibernate: insert into ft_participants (draft_order,fantasy_game_seq,player_id,preferred_team,team_name,seq) values (?,?,?,?,?,default)
    Hibernate: insert into ft_participants (draft_order,fantasy_game_seq,player_id,preferred_team,team_name,seq) values (?,?,?,?,?,default)
    Hibernate: insert into ft_participants (draft_order,fantasy_game_seq,player_id,preferred_team,team_name,seq) values (?,?,?,?,?,default)
    Hibernate: insert into ft_participants (draft_order,fantasy_game_seq,player_id,preferred_team,team_name,seq) values (?,?,?,?,?,default)
    Hibernate: insert into ft_participants (draft_order,fantasy_game_seq,player_id,preferred_team,team_name,seq) values (?,?,?,?,?,default)
    Hibernate: insert into ft_participants (draft_order,fantasy_game_seq,player_id,preferred_team,team_name,seq) values (?,?,?,?,?,default)
    Hibernate: insert into ft_participants (draft_order,fantasy_game_seq,player_id,preferred_team,team_name,seq) values (?,?,?,?,?,default)
    Hibernate: insert into ft_participants (draft_order,fantasy_game_seq,player_id,preferred_team,team_name,seq) values (?,?,?,?,?,default)
    Hibernate: insert into ft_participants (draft_order,fantasy_game_seq,player_id,preferred_team,team_name,seq) values (?,?,?,?,?,default)
    Hibernate: insert into ft_participants (draft_order,fantasy_game_seq,player_id,preferred_team,team_name,seq) values (?,?,?,?,?,default)
    Hibernate: insert into ft_participants (draft_order,fantasy_game_seq,player_id,preferred_team,team_name,seq) values (?,?,?,?,?,default)
    Hibernate: insert into ft_participants (draft_order,fantasy_game_seq,player_id,preferred_team,team_name,seq) values (?,?,?,?,?,default)
    Hibernate: insert into ft_participants (draft_order,fantasy_game_seq,player_id,preferred_team,team_name,seq) values (?,?,?,?,?,default)
    Hibernate: insert into ft_participants (draft_order,fantasy_game_seq,player_id,preferred_team,team_name,seq) values (?,?,?,?,?,default)
    Hibernate: insert into ft_participants (draft_order,fantasy_game_seq,player_id,preferred_team,team_name,seq) values (?,?,?,?,?,default)
    Hibernate: insert into ft_participants (draft_order,fantasy_game_seq,player_id,preferred_team,team_name,seq) values (?,?,?,?,?,default)
    Hibernate: insert into ft_participants (draft_order,fantasy_game_seq,player_id,preferred_team,team_name,seq) values (?,?,?,?,?,default)
    Hibernate: insert into ft_participants (draft_order,fantasy_game_seq,player_id,preferred_team,team_name,seq) values (?,?,?,?,?,default)
    Hibernate: insert into ft_participants (draft_order,fantasy_game_seq,player_id,preferred_team,team_name,seq) values (?,?,?,?,?,default)
    Hibernate: insert into ft_participants (draft_order,fantasy_game_seq,player_id,preferred_team,team_name,seq) values (?,?,?,?,?,default)
    Hibernate: insert into ft_participants (draft_order,fantasy_game_seq,player_id,preferred_team,team_name,seq) values (?,?,?,?,?,default)
    Hibernate: insert into ft_participants (draft_order,fantasy_game_seq,player_id,preferred_team,team_name,seq) values (?,?,?,?,?,default)
    Hibernate: insert into ft_participants (draft_order,fantasy_game_seq,player_id,preferred_team,team_name,seq) values (?,?,?,?,?,default)
    Hibernate: insert into ft_participants (draft_order,fantasy_game_seq,player_id,preferred_team,team_name,seq) values (?,?,?,?,?,default)
    Hibernate: insert into ft_participants (draft_order,fantasy_game_seq,player_id,preferred_team,team_name,seq) values (?,?,?,?,?,default)
    Hibernate: insert into ft_participants (draft_order,fantasy_game_seq,player_id,preferred_team,team_name,seq) values (?,?,?,?,?,default)
    Hibernate: insert into ft_participants (draft_order,fantasy_game_seq,player_id,preferred_team,team_name,seq) values (?,?,?,?,?,default)
    Hibernate: insert into ft_participants (draft_order,fantasy_game_seq,player_id,preferred_team,team_name,seq) values (?,?,?,?,?,default)
    Hibernate: insert into ft_participants (draft_order,fantasy_game_seq,player_id,preferred_team,team_name,seq) values (?,?,?,?,?,default)
    Hibernate: insert into ft_participants (draft_order,fantasy_game_seq,player_id,preferred_team,team_name,seq) values (?,?,?,?,?,default)
    Hibernate: insert into ft_participants (draft_order,fantasy_game_seq,player_id,preferred_team,team_name,seq) values (?,?,?,?,?,default)
    Hibernate: insert into ft_participants (draft_order,fantasy_game_seq,player_id,preferred_team,team_name,seq) values (?,?,?,?,?,default)
    Hibernate: insert into ft_participants (draft_order,fantasy_game_seq,player_id,preferred_team,team_name,seq) values (?,?,?,?,?,default)
    Hibernate: insert into ft_participants (draft_order,fantasy_game_seq,player_id,preferred_team,team_name,seq) values (?,?,?,?,?,default)
    Hibernate: insert into ft_participants (draft_order,fantasy_game_seq,player_id,preferred_team,team_name,seq) values (?,?,?,?,?,default)
    Hibernate: insert into ft_participants (draft_order,fantasy_game_seq,player_id,preferred_team,team_name,seq) values (?,?,?,?,?,default)
    Hibernate: insert into ft_participants (draft_order,fantasy_game_seq,player_id,preferred_team,team_name,seq) values (?,?,?,?,?,default)
    Hibernate: insert into ft_participants (draft_order,fantasy_game_seq,player_id,preferred_team,team_name,seq) values (?,?,?,?,?,default)
    Hibernate: insert into ft_participants (draft_order,fantasy_game_seq,player_id,preferred_team,team_name,seq) values (?,?,?,?,?,default)
    Hibernate: insert into ft_participants (draft_order,fantasy_game_seq,player_id,preferred_team,team_name,seq) values (?,?,?,?,?,default)
    Hibernate: insert into ft_participants (draft_order,fantasy_game_seq,player_id,preferred_team,team_name,seq) values (?,?,?,?,?,default)
    Hibernate: insert into ft_participants (draft_order,fantasy_game_seq,player_id,preferred_team,team_name,seq) values (?,?,?,?,?,default)
    Hibernate: insert into ft_participants (draft_order,fantasy_game_seq,player_id,preferred_team,team_name,seq) values (?,?,?,?,?,default)
    Hibernate: insert into ft_participants (draft_order,fantasy_game_seq,player_id,preferred_team,team_name,seq) values (?,?,?,?,?,default)
    Hibernate: insert into ft_participants (draft_order,fantasy_game_seq,player_id,preferred_team,team_name,seq) values (?,?,?,?,?,default)
    Hibernate: insert into ft_participants (draft_order,fantasy_game_seq,player_id,preferred_team,team_name,seq) values (?,?,?,?,?,default)
    Hibernate: insert into ft_participants (draft_order,fantasy_game_seq,player_id,preferred_team,team_name,seq) values (?,?,?,?,?,default)
    Hibernate: insert into ft_participants (draft_order,fantasy_game_seq,player_id,preferred_team,team_name,seq) values (?,?,?,?,?,default)
    Hibernate: insert into ft_participants (draft_order,fantasy_game_seq,player_id,preferred_team,team_name,seq) values (?,?,?,?,?,default)
    Hibernate: insert into ft_participants (draft_order,fantasy_game_seq,player_id,preferred_team,team_name,seq) values (?,?,?,?,?,default)
    Hibernate: insert into ft_participants (draft_order,fantasy_game_seq,player_id,preferred_team,team_name,seq) values (?,?,?,?,?,default)
    Hibernate: insert into ft_participants (draft_order,fantasy_game_seq,player_id,preferred_team,team_name,seq) values (?,?,?,?,?,default)
    Hibernate: insert into ft_participants (draft_order,fantasy_game_seq,player_id,preferred_team,team_name,seq) values (?,?,?,?,?,default)
    Hibernate: insert into ft_participants (draft_order,fantasy_game_seq,player_id,preferred_team,team_name,seq) values (?,?,?,?,?,default)
    Hibernate: insert into ft_participants (draft_order,fantasy_game_seq,player_id,preferred_team,team_name,seq) values (?,?,?,?,?,default)
    Hibernate: insert into ft_participants (draft_order,fantasy_game_seq,player_id,preferred_team,team_name,seq) values (?,?,?,?,?,default)
    Hibernate: insert into ft_participants (draft_order,fantasy_game_seq,player_id,preferred_team,team_name,seq) values (?,?,?,?,?,default)
    Hibernate: insert into ft_participants (draft_order,fantasy_game_seq,player_id,preferred_team,team_name,seq) values (?,?,?,?,?,default)
    Hibernate: insert into ft_participants (draft_order,fantasy_game_seq,player_id,preferred_team,team_name,seq) values (?,?,?,?,?,default)
    Hibernate: insert into ft_participants (draft_order,fantasy_game_seq,player_id,preferred_team,team_name,seq) values (?,?,?,?,?,default)
    Hibernate: insert into ft_participants (draft_order,fantasy_game_seq,player_id,preferred_team,team_name,seq) values (?,?,?,?,?,default)
    Hibernate: insert into ft_participants (draft_order,fantasy_game_seq,player_id,preferred_team,team_name,seq) values (?,?,?,?,?,default)
    Hibernate: insert into ft_participants (draft_order,fantasy_game_seq,player_id,preferred_team,team_name,seq) values (?,?,?,?,?,default)
    Hibernate: insert into ft_participants (draft_order,fantasy_game_seq,player_id,preferred_team,team_name,seq) values (?,?,?,?,?,default)
    Hibernate: insert into ft_participants (draft_order,fantasy_game_seq,player_id,preferred_team,team_name,seq) values (?,?,?,?,?,default)
    Hibernate: insert into ft_participants (draft_order,fantasy_game_seq,player_id,preferred_team,team_name,seq) values (?,?,?,?,?,default)
    Hibernate: insert into ft_participants (draft_order,fantasy_game_seq,player_id,preferred_team,team_name,seq) values (?,?,?,?,?,default)
    Hibernate: insert into ft_participants (draft_order,fantasy_game_seq,player_id,preferred_team,team_name,seq) values (?,?,?,?,?,default)
    Hibernate: insert into ft_participants (draft_order,fantasy_game_seq,player_id,preferred_team,team_name,seq) values (?,?,?,?,?,default)
    Hibernate: insert into ft_participants (draft_order,fantasy_game_seq,player_id,preferred_team,team_name,seq) values (?,?,?,?,?,default)
    Hibernate: insert into ft_participants (draft_order,fantasy_game_seq,player_id,preferred_team,team_name,seq) values (?,?,?,?,?,default)
    Hibernate: insert into ft_participants (draft_order,fantasy_game_seq,player_id,preferred_team,team_name,seq) values (?,?,?,?,?,default)
    Hibernate: insert into ft_participants (draft_order,fantasy_game_seq,player_id,preferred_team,team_name,seq) values (?,?,?,?,?,default)
    Hibernate: insert into ft_participants (draft_order,fantasy_game_seq,player_id,preferred_team,team_name,seq) values (?,?,?,?,?,default)
    Hibernate: insert into ft_participants (draft_order,fantasy_game_seq,player_id,preferred_team,team_name,seq) values (?,?,?,?,?,default)
    Hibernate: insert into ft_participants (draft_order,fantasy_game_seq,player_id,preferred_team,team_name,seq) values (?,?,?,?,?,default)
    Hibernate: insert into ft_participants (draft_order,fantasy_game_seq,player_id,preferred_team,team_name,seq) values (?,?,?,?,?,default)
    Hibernate: insert into ft_participants (draft_order,fantasy_game_seq,player_id,preferred_team,team_name,seq) values (?,?,?,?,?,default)
    Hibernate: insert into ft_participants (draft_order,fantasy_game_seq,player_id,preferred_team,team_name,seq) values (?,?,?,?,?,default)
    Hibernate: insert into ft_participants (draft_order,fantasy_game_seq,player_id,preferred_team,team_name,seq) values (?,?,?,?,?,default)
    Hibernate: insert into ft_participants (draft_order,fantasy_game_seq,player_id,preferred_team,team_name,seq) values (?,?,?,?,?,default)
    Hibernate: insert into ft_participants (draft_order,fantasy_game_seq,player_id,preferred_team,team_name,seq) values (?,?,?,?,?,default)
    Hibernate: insert into ft_participants (draft_order,fantasy_game_seq,player_id,preferred_team,team_name,seq) values (?,?,?,?,?,default)
    Hibernate: insert into ft_participants (draft_order,fantasy_game_seq,player_id,preferred_team,team_name,seq) values (?,?,?,?,?,default)
    Hibernate: insert into ft_participants (draft_order,fantasy_game_seq,player_id,preferred_team,team_name,seq) values (?,?,?,?,?,default)
    Hibernate: insert into ft_participants (draft_order,fantasy_game_seq,player_id,preferred_team,team_name,seq) values (?,?,?,?,?,default)
    Hibernate: insert into ft_participants (draft_order,fantasy_game_seq,player_id,preferred_team,team_name,seq) values (?,?,?,?,?,default)
    Hibernate: insert into ft_participants (draft_order,fantasy_game_seq,player_id,preferred_team,team_name,seq) values (?,?,?,?,?,default)
    Hibernate: insert into ft_participants (draft_order,fantasy_game_seq,player_id,preferred_team,team_name,seq) values (?,?,?,?,?,default)
    Hibernate: insert into ft_participants (draft_order,fantasy_game_seq,player_id,preferred_team,team_name,seq) values (?,?,?,?,?,default)
    Hibernate: insert into ft_participants (draft_order,fantasy_game_seq,player_id,preferred_team,team_name,seq) values (?,?,?,?,?,default)
    Hibernate: insert into ft_participants (draft_order,fantasy_game_seq,player_id,preferred_team,team_name,seq) values (?,?,?,?,?,default)
    Hibernate: insert into ft_participants (draft_order,fantasy_game_seq,player_id,preferred_team,team_name,seq) values (?,?,?,?,?,default)
    Hibernate: insert into ft_participants (draft_order,fantasy_game_seq,player_id,preferred_team,team_name,seq) values (?,?,?,?,?,default)
    Hibernate: insert into ft_participants (draft_order,fantasy_game_seq,player_id,preferred_team,team_name,seq) values (?,?,?,?,?,default)
    Hibernate: insert into ft_participants (draft_order,fantasy_game_seq,player_id,preferred_team,team_name,seq) values (?,?,?,?,?,default)
    Hibernate: insert into ft_participants (draft_order,fantasy_game_seq,player_id,preferred_team,team_name,seq) values (?,?,?,?,?,default)
    Hibernate: insert into ft_participants (draft_order,fantasy_game_seq,player_id,preferred_team,team_name,seq) values (?,?,?,?,?,default)
    Hibernate: insert into ft_participants (draft_order,fantasy_game_seq,player_id,preferred_team,team_name,seq) values (?,?,?,?,?,default)
    Hibernate: insert into ft_participants (draft_order,fantasy_game_seq,player_id,preferred_team,team_name,seq) values (?,?,?,?,?,default)
    Hibernate: insert into ft_participants (draft_order,fantasy_game_seq,player_id,preferred_team,team_name,seq) values (?,?,?,?,?,default)
    Hibernate: insert into ft_participants (draft_order,fantasy_game_seq,player_id,preferred_team,team_name,seq) values (?,?,?,?,?,default)
    Hibernate: insert into ft_participants (draft_order,fantasy_game_seq,player_id,preferred_team,team_name,seq) values (?,?,?,?,?,default)
    Hibernate: insert into ft_participants (draft_order,fantasy_game_seq,player_id,preferred_team,team_name,seq) values (?,?,?,?,?,default)
    Hibernate: insert into ft_participants (draft_order,fantasy_game_seq,player_id,preferred_team,team_name,seq) values (?,?,?,?,?,default)
    Hibernate: insert into ft_participants (draft_order,fantasy_game_seq,player_id,preferred_team,team_name,seq) values (?,?,?,?,?,default)
    Hibernate: insert into ft_participants (draft_order,fantasy_game_seq,player_id,preferred_team,team_name,seq) values (?,?,?,?,?,default)
    Hibernate: insert into ft_participants (draft_order,fantasy_game_seq,player_id,preferred_team,team_name,seq) values (?,?,?,?,?,default)
    Hibernate: insert into ft_participants (draft_order,fantasy_game_seq,player_id,preferred_team,team_name,seq) values (?,?,?,?,?,default)
    Hibernate: insert into ft_participants (draft_order,fantasy_game_seq,player_id,preferred_team,team_name,seq) values (?,?,?,?,?,default)
    Hibernate: insert into ft_participants (draft_order,fantasy_game_seq,player_id,preferred_team,team_name,seq) values (?,?,?,?,?,default)
    Hibernate: insert into ft_participants (draft_order,fantasy_game_seq,player_id,preferred_team,team_name,seq) values (?,?,?,?,?,default)
    Hibernate: insert into ft_participants (draft_order,fantasy_game_seq,player_id,preferred_team,team_name,seq) values (?,?,?,?,?,default)
    Hibernate: insert into ft_participants (draft_order,fantasy_game_seq,player_id,preferred_team,team_name,seq) values (?,?,?,?,?,default)
    Hibernate: insert into ft_participants (draft_order,fantasy_game_seq,player_id,preferred_team,team_name,seq) values (?,?,?,?,?,default)
    Hibernate: insert into ft_participants (draft_order,fantasy_game_seq,player_id,preferred_team,team_name,seq) values (?,?,?,?,?,default)
    Hibernate: insert into ft_participants (draft_order,fantasy_game_seq,player_id,preferred_team,team_name,seq) values (?,?,?,?,?,default)
    Hibernate: insert into ft_participants (draft_order,fantasy_game_seq,player_id,preferred_team,team_name,seq) values (?,?,?,?,?,default)
    Hibernate: insert into ft_participants (draft_order,fantasy_game_seq,player_id,preferred_team,team_name,seq) values (?,?,?,?,?,default)
    Hibernate: insert into ft_participants (draft_order,fantasy_game_seq,player_id,preferred_team,team_name,seq) values (?,?,?,?,?,default)
    Hibernate: insert into ft_participants (draft_order,fantasy_game_seq,player_id,preferred_team,team_name,seq) values (?,?,?,?,?,default)
    Hibernate: insert into ft_participants (draft_order,fantasy_game_seq,player_id,preferred_team,team_name,seq) values (?,?,?,?,?,default)
    Hibernate: insert into ft_participants (draft_order,fantasy_game_seq,player_id,preferred_team,team_name,seq) values (?,?,?,?,?,default)
    Hibernate: insert into ft_participants (draft_order,fantasy_game_seq,player_id,preferred_team,team_name,seq) values (?,?,?,?,?,default)
    Hibernate: insert into ft_participants (draft_order,fantasy_game_seq,player_id,preferred_team,team_name,seq) values (?,?,?,?,?,default)
    Hibernate: insert into ft_participants (draft_order,fantasy_game_seq,player_id,preferred_team,team_name,seq) values (?,?,?,?,?,default)
    Hibernate: insert into ft_participants (draft_order,fantasy_game_seq,player_id,preferred_team,team_name,seq) values (?,?,?,?,?,default)
    Hibernate: insert into ft_participants (draft_order,fantasy_game_seq,player_id,preferred_team,team_name,seq) values (?,?,?,?,?,default)
    Hibernate: insert into ft_participants (draft_order,fantasy_game_seq,player_id,preferred_team,team_name,seq) values (?,?,?,?,?,default)
    Hibernate: insert into ft_participants (draft_order,fantasy_game_seq,player_id,preferred_team,team_name,seq) values (?,?,?,?,?,default)
    Hibernate: insert into ft_participants (draft_order,fantasy_game_seq,player_id,preferred_team,team_name,seq) values (?,?,?,?,?,default)
    Hibernate: insert into ft_participants (draft_order,fantasy_game_seq,player_id,preferred_team,team_name,seq) values (?,?,?,?,?,default)
    Hibernate: insert into ft_participants (draft_order,fantasy_game_seq,player_id,preferred_team,team_name,seq) values (?,?,?,?,?,default)
    Hibernate: insert into ft_participants (draft_order,fantasy_game_seq,player_id,preferred_team,team_name,seq) values (?,?,?,?,?,default)
    Hibernate: insert into ft_participants (draft_order,fantasy_game_seq,player_id,preferred_team,team_name,seq) values (?,?,?,?,?,default)
    Hibernate: insert into ft_participants (draft_order,fantasy_game_seq,player_id,preferred_team,team_name,seq) values (?,?,?,?,?,default)
    Hibernate: insert into ft_participants (draft_order,fantasy_game_seq,player_id,preferred_team,team_name,seq) values (?,?,?,?,?,default)
    Hibernate: insert into ft_participants (draft_order,fantasy_game_seq,player_id,preferred_team,team_name,seq) values (?,?,?,?,?,default)
    Hibernate: insert into ft_participants (draft_order,fantasy_game_seq,player_id,preferred_team,team_name,seq) values (?,?,?,?,?,default)
    Hibernate: insert into ft_participants (draft_order,fantasy_game_seq,player_id,preferred_team,team_name,seq) values (?,?,?,?,?,default)
    Hibernate: insert into ft_participants (draft_order,fantasy_game_seq,player_id,preferred_team,team_name,seq) values (?,?,?,?,?,default)
    Hibernate: insert into ft_participants (draft_order,fantasy_game_seq,player_id,preferred_team,team_name,seq) values (?,?,?,?,?,default)
    Hibernate: insert into ft_participants (draft_order,fantasy_game_seq,player_id,preferred_team,team_name,seq) values (?,?,?,?,?,default)
    Hibernate: insert into ft_participants (draft_order,fantasy_game_seq,player_id,preferred_team,team_name,seq) values (?,?,?,?,?,default)
    Hibernate: insert into ft_participants (draft_order,fantasy_game_seq,player_id,preferred_team,team_name,seq) values (?,?,?,?,?,default)
    Hibernate: insert into ft_participants (draft_order,fantasy_game_seq,player_id,preferred_team,team_name,seq) values (?,?,?,?,?,default)
    Hibernate: insert into ft_participants (draft_order,fantasy_game_seq,player_id,preferred_team,team_name,seq) values (?,?,?,?,?,default)
    Hibernate: insert into ft_participants (draft_order,fantasy_game_seq,player_id,preferred_team,team_name,seq) values (?,?,?,?,?,default)
    Hibernate: insert into ft_participants (draft_order,fantasy_game_seq,player_id,preferred_team,team_name,seq) values (?,?,?,?,?,default)
    Hibernate: insert into ft_participants (draft_order,fantasy_game_seq,player_id,preferred_team,team_name,seq) values (?,?,?,?,?,default)
    Hibernate: insert into ft_participants (draft_order,fantasy_game_seq,player_id,preferred_team,team_name,seq) values (?,?,?,?,?,default)
    Hibernate: insert into ft_participants (draft_order,fantasy_game_seq,player_id,preferred_team,team_name,seq) values (?,?,?,?,?,default)
    Hibernate: insert into ft_participants (draft_order,fantasy_game_seq,player_id,preferred_team,team_name,seq) values (?,?,?,?,?,default)
    Hibernate: insert into ft_participants (draft_order,fantasy_game_seq,player_id,preferred_team,team_name,seq) values (?,?,?,?,?,default)
    Hibernate: insert into ft_participants (draft_order,fantasy_game_seq,player_id,preferred_team,team_name,seq) values (?,?,?,?,?,default)
    Hibernate: insert into ft_participants (draft_order,fantasy_game_seq,player_id,preferred_team,team_name,seq) values (?,?,?,?,?,default)
    Hibernate: insert into ft_participants (draft_order,fantasy_game_seq,player_id,preferred_team,team_name,seq) values (?,?,?,?,?,default)
    Hibernate: insert into ft_participants (draft_order,fantasy_game_seq,player_id,preferred_team,team_name,seq) values (?,?,?,?,?,default)
    Hibernate: insert into ft_participants (draft_order,fantasy_game_seq,player_id,preferred_team,team_name,seq) values (?,?,?,?,?,default)
    Hibernate: insert into ft_participants (draft_order,fantasy_game_seq,player_id,preferred_team,team_name,seq) values (?,?,?,?,?,default)
    Hibernate: insert into ft_participants (draft_order,fantasy_game_seq,player_id,preferred_team,team_name,seq) values (?,?,?,?,?,default)
    Hibernate: insert into ft_participants (draft_order,fantasy_game_seq,player_id,preferred_team,team_name,seq) values (?,?,?,?,?,default)
    Hibernate: insert into ft_participants (draft_order,fantasy_game_seq,player_id,preferred_team,team_name,seq) values (?,?,?,?,?,default)
    Hibernate: insert into ft_participants (draft_order,fantasy_game_seq,player_id,preferred_team,team_name,seq) values (?,?,?,?,?,default)
    Hibernate: insert into ft_participants (draft_order,fantasy_game_seq,player_id,preferred_team,team_name,seq) values (?,?,?,?,?,default)
    Hibernate: insert into ft_participants (draft_order,fantasy_game_seq,player_id,preferred_team,team_name,seq) values (?,?,?,?,?,default)
    Hibernate: insert into ft_participants (draft_order,fantasy_game_seq,player_id,preferred_team,team_name,seq) values (?,?,?,?,?,default)
    Hibernate: insert into ft_participants (draft_order,fantasy_game_seq,player_id,preferred_team,team_name,seq) values (?,?,?,?,?,default)
    Hibernate: insert into ft_participants (draft_order,fantasy_game_seq,player_id,preferred_team,team_name,seq) values (?,?,?,?,?,default)
    Hibernate: insert into ft_participants (draft_order,fantasy_game_seq,player_id,preferred_team,team_name,seq) values (?,?,?,?,?,default)
    Hibernate: insert into ft_participants (draft_order,fantasy_game_seq,player_id,preferred_team,team_name,seq) values (?,?,?,?,?,default)
    Hibernate: insert into ft_participants (draft_order,fantasy_game_seq,player_id,preferred_team,team_name,seq) values (?,?,?,?,?,default)
    Hibernate: insert into ft_participants (draft_order,fantasy_game_seq,player_id,preferred_team,team_name,seq) values (?,?,?,?,?,default)
    Hibernate: insert into ft_participants (draft_order,fantasy_game_seq,player_id,preferred_team,team_name,seq) values (?,?,?,?,?,default)
    Hibernate: insert into ft_participants (draft_order,fantasy_game_seq,player_id,preferred_team,team_name,seq) values (?,?,?,?,?,default)
    Hibernate: insert into ft_participants (draft_order,fantasy_game_seq,player_id,preferred_team,team_name,seq) values (?,?,?,?,?,default)
    Hibernate: insert into ft_participants (draft_order,fantasy_game_seq,player_id,preferred_team,team_name,seq) values (?,?,?,?,?,default)
    Hibernate: insert into ft_participants (draft_order,fantasy_game_seq,player_id,preferred_team,team_name,seq) values (?,?,?,?,?,default)
    Hibernate: insert into ft_participants (draft_order,fantasy_game_seq,player_id,preferred_team,team_name,seq) values (?,?,?,?,?,default)
    Hibernate: insert into ft_participants (draft_order,fantasy_game_seq,player_id,preferred_team,team_name,seq) values (?,?,?,?,?,default)
    Hibernate: insert into ft_participants (draft_order,fantasy_game_seq,player_id,preferred_team,team_name,seq) values (?,?,?,?,?,default)
    Hibernate: insert into ft_participants (draft_order,fantasy_game_seq,player_id,preferred_team,team_name,seq) values (?,?,?,?,?,default)
    Hibernate: insert into ft_participants (draft_order,fantasy_game_seq,player_id,preferred_team,team_name,seq) values (?,?,?,?,?,default)
    Hibernate: insert into ft_participants (draft_order,fantasy_game_seq,player_id,preferred_team,team_name,seq) values (?,?,?,?,?,default)
    Hibernate: insert into ft_participants (draft_order,fantasy_game_seq,player_id,preferred_team,team_name,seq) values (?,?,?,?,?,default)
    Hibernate: insert into ft_participants (draft_order,fantasy_game_seq,player_id,preferred_team,team_name,seq) values (?,?,?,?,?,default)
    Hibernate: insert into ft_participants (draft_order,fantasy_game_seq,player_id,preferred_team,team_name,seq) values (?,?,?,?,?,default)
    Hibernate: insert into ft_participants (draft_order,fantasy_game_seq,player_id,preferred_team,team_name,seq) values (?,?,?,?,?,default)
    Hibernate: insert into ft_participants (draft_order,fantasy_game_seq,player_id,preferred_team,team_name,seq) values (?,?,?,?,?,default)
    Hibernate: insert into ft_participants (draft_order,fantasy_game_seq,player_id,preferred_team,team_name,seq) values (?,?,?,?,?,default)
    Hibernate: insert into ft_participants (draft_order,fantasy_game_seq,player_id,preferred_team,team_name,seq) values (?,?,?,?,?,default)
    Hibernate: insert into ft_participants (draft_order,fantasy_game_seq,player_id,preferred_team,team_name,seq) values (?,?,?,?,?,default)
    Hibernate: insert into ft_participants (draft_order,fantasy_game_seq,player_id,preferred_team,team_name,seq) values (?,?,?,?,?,default)
    Hibernate: insert into ft_participants (draft_order,fantasy_game_seq,player_id,preferred_team,team_name,seq) values (?,?,?,?,?,default)
    Hibernate: insert into ft_participants (draft_order,fantasy_game_seq,player_id,preferred_team,team_name,seq) values (?,?,?,?,?,default)
    Hibernate: insert into ft_participants (draft_order,fantasy_game_seq,player_id,preferred_team,team_name,seq) values (?,?,?,?,?,default)
    Hibernate: insert into ft_participants (draft_order,fantasy_game_seq,player_id,preferred_team,team_name,seq) values (?,?,?,?,?,default)
    Hibernate: insert into ft_participants (draft_order,fantasy_game_seq,player_id,preferred_team,team_name,seq) values (?,?,?,?,?,default)
    Hibernate: insert into ft_participants (draft_order,fantasy_game_seq,player_id,preferred_team,team_name,seq) values (?,?,?,?,?,default)
    Hibernate: insert into ft_participants (draft_order,fantasy_game_seq,player_id,preferred_team,team_name,seq) values (?,?,?,?,?,default)
    Hibernate: insert into ft_participants (draft_order,fantasy_game_seq,player_id,preferred_team,team_name,seq) values (?,?,?,?,?,default)
    Hibernate: insert into ft_participants (draft_order,fantasy_game_seq,player_id,preferred_team,team_name,seq) values (?,?,?,?,?,default)
    Hibernate: insert into ft_participants (draft_order,fantasy_game_seq,player_id,preferred_team,team_name,seq) values (?,?,?,?,?,default)
    Hibernate: insert into ft_participants (draft_order,fantasy_game_seq,player_id,preferred_team,team_name,seq) values (?,?,?,?,?,default)
    Hibernate: insert into ft_participants (draft_order,fantasy_game_seq,player_id,preferred_team,team_name,seq) values (?,?,?,?,?,default)
    Hibernate: insert into ft_participants (draft_order,fantasy_game_seq,player_id,preferred_team,team_name,seq) values (?,?,?,?,?,default)
    Hibernate: insert into ft_participants (draft_order,fantasy_game_seq,player_id,preferred_team,team_name,seq) values (?,?,?,?,?,default)
    Hibernate: insert into ft_participants (draft_order,fantasy_game_seq,player_id,preferred_team,team_name,seq) values (?,?,?,?,?,default)
    Hibernate: insert into ft_participants (draft_order,fantasy_game_seq,player_id,preferred_team,team_name,seq) values (?,?,?,?,?,default)
    Hibernate: insert into ft_participants (draft_order,fantasy_game_seq,player_id,preferred_team,team_name,seq) values (?,?,?,?,?,default)
    Hibernate: insert into ft_participants (draft_order,fantasy_game_seq,player_id,preferred_team,team_name,seq) values (?,?,?,?,?,default)
    Hibernate: insert into ft_participants (draft_order,fantasy_game_seq,player_id,preferred_team,team_name,seq) values (?,?,?,?,?,default)
    Hibernate: insert into ft_participants (draft_order,fantasy_game_seq,player_id,preferred_team,team_name,seq) values (?,?,?,?,?,default)
    Hibernate: insert into ft_participants (draft_order,fantasy_game_seq,player_id,preferred_team,team_name,seq) values (?,?,?,?,?,default)
    Hibernate: insert into ft_participants (draft_order,fantasy_game_seq,player_id,preferred_team,team_name,seq) values (?,?,?,?,?,default)
    Hibernate: insert into ft_participants (draft_order,fantasy_game_seq,player_id,preferred_team,team_name,seq) values (?,?,?,?,?,default)
    Hibernate: insert into ft_participants (draft_order,fantasy_game_seq,player_id,preferred_team,team_name,seq) values (?,?,?,?,?,default)
    Hibernate: insert into ft_participants (draft_order,fantasy_game_seq,player_id,preferred_team,team_name,seq) values (?,?,?,?,?,default)
    Hibernate: insert into ft_participants (draft_order,fantasy_game_seq,player_id,preferred_team,team_name,seq) values (?,?,?,?,?,default)
    Hibernate: insert into ft_participants (draft_order,fantasy_game_seq,player_id,preferred_team,team_name,seq) values (?,?,?,?,?,default)
    Hibernate: insert into ft_participants (draft_order,fantasy_game_seq,player_id,preferred_team,team_name,seq) values (?,?,?,?,?,default)
    Hibernate: insert into ft_participants (draft_order,fantasy_game_seq,player_id,preferred_team,team_name,seq) values (?,?,?,?,?,default)
    Hibernate: insert into ft_participants (draft_order,fantasy_game_seq,player_id,preferred_team,team_name,seq) values (?,?,?,?,?,default)
    Hibernate: insert into ft_participants (draft_order,fantasy_game_seq,player_id,preferred_team,team_name,seq) values (?,?,?,?,?,default)
    Hibernate: insert into ft_participants (draft_order,fantasy_game_seq,player_id,preferred_team,team_name,seq) values (?,?,?,?,?,default)
    Hibernate: insert into ft_participants (draft_order,fantasy_game_seq,player_id,preferred_team,team_name,seq) values (?,?,?,?,?,default)
    Hibernate: insert into ft_participants (draft_order,fantasy_game_seq,player_id,preferred_team,team_name,seq) values (?,?,?,?,?,default)
    Hibernate: insert into ft_participants (draft_order,fantasy_game_seq,player_id,preferred_team,team_name,seq) values (?,?,?,?,?,default)
    Hibernate: insert into ft_participants (draft_order,fantasy_game_seq,player_id,preferred_team,team_name,seq) values (?,?,?,?,?,default)
    Hibernate: insert into ft_participants (draft_order,fantasy_game_seq,player_id,preferred_team,team_name,seq) values (?,?,?,?,?,default)
    Hibernate: insert into ft_participants (draft_order,fantasy_game_seq,player_id,preferred_team,team_name,seq) values (?,?,?,?,?,default)
    Hibernate: insert into ft_participants (draft_order,fantasy_game_seq,player_id,preferred_team,team_name,seq) values (?,?,?,?,?,default)
    Hibernate: insert into ft_participants (draft_order,fantasy_game_seq,player_id,preferred_team,team_name,seq) values (?,?,?,?,?,default)
    Hibernate: insert into ft_participants (draft_order,fantasy_game_seq,player_id,preferred_team,team_name,seq) values (?,?,?,?,?,default)
    Hibernate: insert into ft_participants (draft_order,fantasy_game_seq,player_id,preferred_team,team_name,seq) values (?,?,?,?,?,default)
    Hibernate: insert into ft_participants (draft_order,fantasy_game_seq,player_id,preferred_team,team_name,seq) values (?,?,?,?,?,default)
    Hibernate: insert into ft_participants (draft_order,fantasy_game_seq,player_id,preferred_team,team_name,seq) values (?,?,?,?,?,default)
    Hibernate: insert into ft_participants (draft_order,fantasy_game_seq,player_id,preferred_team,team_name,seq) values (?,?,?,?,?,default)
    Hibernate: insert into ft_participants (draft_order,fantasy_game_seq,player_id,preferred_team,team_name,seq) values (?,?,?,?,?,default)
    Hibernate: insert into ft_participants (draft_order,fantasy_game_seq,player_id,preferred_team,team_name,seq) values (?,?,?,?,?,default)
    Hibernate: insert into ft_participants (draft_order,fantasy_game_seq,player_id,preferred_team,team_name,seq) values (?,?,?,?,?,default)
    Hibernate: insert into ft_participants (draft_order,fantasy_game_seq,player_id,preferred_team,team_name,seq) values (?,?,?,?,?,default)
    Hibernate: insert into ft_participants (draft_order,fantasy_game_seq,player_id,preferred_team,team_name,seq) values (?,?,?,?,?,default)
    Hibernate: insert into ft_participants (draft_order,fantasy_game_seq,player_id,preferred_team,team_name,seq) values (?,?,?,?,?,default)
    Hibernate: insert into ft_participants (draft_order,fantasy_game_seq,player_id,preferred_team,team_name,seq) values (?,?,?,?,?,default)
    Hibernate: insert into ft_participants (draft_order,fantasy_game_seq,player_id,preferred_team,team_name,seq) values (?,?,?,?,?,default)
    Hibernate: insert into ft_participants (draft_order,fantasy_game_seq,player_id,preferred_team,team_name,seq) values (?,?,?,?,?,default)
    Hibernate: insert into ft_participants (draft_order,fantasy_game_seq,player_id,preferred_team,team_name,seq) values (?,?,?,?,?,default)
    Hibernate: insert into ft_participants (draft_order,fantasy_game_seq,player_id,preferred_team,team_name,seq) values (?,?,?,?,?,default)
    Hibernate: insert into ft_participants (draft_order,fantasy_game_seq,player_id,preferred_team,team_name,seq) values (?,?,?,?,?,default)
    Hibernate: insert into ft_participants (draft_order,fantasy_game_seq,player_id,preferred_team,team_name,seq) values (?,?,?,?,?,default)
    Hibernate: insert into ft_participants (draft_order,fantasy_game_seq,player_id,preferred_team,team_name,seq) values (?,?,?,?,?,default)
    Hibernate: insert into ft_participants (draft_order,fantasy_game_seq,player_id,preferred_team,team_name,seq) values (?,?,?,?,?,default)
    Hibernate: insert into ft_participants (draft_order,fantasy_game_seq,player_id,preferred_team,team_name,seq) values (?,?,?,?,?,default)
    Hibernate: insert into ft_participants (draft_order,fantasy_game_seq,player_id,preferred_team,team_name,seq) values (?,?,?,?,?,default)
    Hibernate: insert into ft_participants (draft_order,fantasy_game_seq,player_id,preferred_team,team_name,seq) values (?,?,?,?,?,default)
    Hibernate: insert into ft_participants (draft_order,fantasy_game_seq,player_id,preferred_team,team_name,seq) values (?,?,?,?,?,default)
    Hibernate: insert into ft_participants (draft_order,fantasy_game_seq,player_id,preferred_team,team_name,seq) values (?,?,?,?,?,default)
    Hibernate: insert into ft_participants (draft_order,fantasy_game_seq,player_id,preferred_team,team_name,seq) values (?,?,?,?,?,default)
    Hibernate: insert into ft_participants (draft_order,fantasy_game_seq,player_id,preferred_team,team_name,seq) values (?,?,?,?,?,default)
    Hibernate: insert into ft_participants (draft_order,fantasy_game_seq,player_id,preferred_team,team_name,seq) values (?,?,?,?,?,default)
    Hibernate: insert into ft_participants (draft_order,fantasy_game_seq,player_id,preferred_team,team_name,seq) values (?,?,?,?,?,default)
    Hibernate: insert into ft_participants (draft_order,fantasy_game_seq,player_id,preferred_team,team_name,seq) values (?,?,?,?,?,default)
    Hibernate: insert into ft_participants (draft_order,fantasy_game_seq,player_id,preferred_team,team_name,seq) values (?,?,?,?,?,default)
    Hibernate: insert into ft_participants (draft_order,fantasy_game_seq,player_id,preferred_team,team_name,seq) values (?,?,?,?,?,default)
    Hibernate: insert into ft_participants (draft_order,fantasy_game_seq,player_id,preferred_team,team_name,seq) values (?,?,?,?,?,default)
    Hibernate: insert into ft_participants (draft_order,fantasy_game_seq,player_id,preferred_team,team_name,seq) values (?,?,?,?,?,default)
    Hibernate: insert into ft_participants (draft_order,fantasy_game_seq,player_id,preferred_team,team_name,seq) values (?,?,?,?,?,default)
    Hibernate: insert into ft_participants (draft_order,fantasy_game_seq,player_id,preferred_team,team_name,seq) values (?,?,?,?,?,default)
    Hibernate: insert into ft_participants (draft_order,fantasy_game_seq,player_id,preferred_team,team_name,seq) values (?,?,?,?,?,default)
    Hibernate: insert into ft_participants (draft_order,fantasy_game_seq,player_id,preferred_team,team_name,seq) values (?,?,?,?,?,default)
    Hibernate: insert into ft_participants (draft_order,fantasy_game_seq,player_id,preferred_team,team_name,seq) values (?,?,?,?,?,default)
    Hibernate: insert into ft_participants (draft_order,fantasy_game_seq,player_id,preferred_team,team_name,seq) values (?,?,?,?,?,default)
    Hibernate: insert into ft_participants (draft_order,fantasy_game_seq,player_id,preferred_team,team_name,seq) values (?,?,?,?,?,default)
    Hibernate: insert into ft_participants (draft_order,fantasy_game_seq,player_id,preferred_team,team_name,seq) values (?,?,?,?,?,default)
    Hibernate: insert into ft_participants (draft_order,fantasy_game_seq,player_id,preferred_team,team_name,seq) values (?,?,?,?,?,default)
    Hibernate: insert into ft_participants (draft_order,fantasy_game_seq,player_id,preferred_team,team_name,seq) values (?,?,?,?,?,default)
    Hibernate: insert into ft_participants (draft_order,fantasy_game_seq,player_id,preferred_team,team_name,seq) values (?,?,?,?,?,default)
    Hibernate: insert into ft_participants (draft_order,fantasy_game_seq,player_id,preferred_team,team_name,seq) values (?,?,?,?,?,default)
    Hibernate: insert into ft_participants (draft_order,fantasy_game_seq,player_id,preferred_team,team_name,seq) values (?,?,?,?,?,default)
    Hibernate: insert into ft_participants (draft_order,fantasy_game_seq,player_id,preferred_team,team_name,seq) values (?,?,?,?,?,default)
    Hibernate: insert into ft_participants (draft_order,fantasy_game_seq,player_id,preferred_team,team_name,seq) values (?,?,?,?,?,default)
    Hibernate: insert into ft_participants (draft_order,fantasy_game_seq,player_id,preferred_team,team_name,seq) values (?,?,?,?,?,default)
    Hibernate: insert into ft_participants (draft_order,fantasy_game_seq,player_id,preferred_team,team_name,seq) values (?,?,?,?,?,default)
    Hibernate: insert into ft_participants (draft_order,fantasy_game_seq,player_id,preferred_team,team_name,seq) values (?,?,?,?,?,default)
    Hibernate: insert into ft_participants (draft_order,fantasy_game_seq,player_id,preferred_team,team_name,seq) values (?,?,?,?,?,default)
    Hibernate: insert into ft_participants (draft_order,fantasy_game_seq,player_id,preferred_team,team_name,seq) values (?,?,?,?,?,default)
    Hibernate: insert into ft_participants (draft_order,fantasy_game_seq,player_id,preferred_team,team_name,seq) values (?,?,?,?,?,default)
    Hibernate: insert into ft_participants (draft_order,fantasy_game_seq,player_id,preferred_team,team_name,seq) values (?,?,?,?,?,default)
    Hibernate: insert into ft_participants (draft_order,fantasy_game_seq,player_id,preferred_team,team_name,seq) values (?,?,?,?,?,default)
    Hibernate: insert into ft_participants (draft_order,fantasy_game_seq,player_id,preferred_team,team_name,seq) values (?,?,?,?,?,default)
    Hibernate: insert into ft_participants (draft_order,fantasy_game_seq,player_id,preferred_team,team_name,seq) values (?,?,?,?,?,default)
    Hibernate: insert into ft_participants (draft_order,fantasy_game_seq,player_id,preferred_team,team_name,seq) values (?,?,?,?,?,default)
    Hibernate: insert into ft_participants (draft_order,fantasy_game_seq,player_id,preferred_team,team_name,seq) values (?,?,?,?,?,default)
    Hibernate: insert into ft_participants (draft_order,fantasy_game_seq,player_id,preferred_team,team_name,seq) values (?,?,?,?,?,default)
    Hibernate: insert into ft_participants (draft_order,fantasy_game_seq,player_id,preferred_team,team_name,seq) values (?,?,?,?,?,default)
    Hibernate: insert into ft_participants (draft_order,fantasy_game_seq,player_id,preferred_team,team_name,seq) values (?,?,?,?,?,default)
    Hibernate: insert into ft_participants (draft_order,fantasy_game_seq,player_id,preferred_team,team_name,seq) values (?,?,?,?,?,default)
    Hibernate: insert into ft_participants (draft_order,fantasy_game_seq,player_id,preferred_team,team_name,seq) values (?,?,?,?,?,default)
    Hibernate: insert into ft_participants (draft_order,fantasy_game_seq,player_id,preferred_team,team_name,seq) values (?,?,?,?,?,default)
    Hibernate: insert into ft_participants (draft_order,fantasy_game_seq,player_id,preferred_team,team_name,seq) values (?,?,?,?,?,default)
    Hibernate: insert into ft_participants (draft_order,fantasy_game_seq,player_id,preferred_team,team_name,seq) values (?,?,?,?,?,default)
    Hibernate: insert into ft_participants (draft_order,fantasy_game_seq,player_id,preferred_team,team_name,seq) values (?,?,?,?,?,default)
    Hibernate: insert into ft_participants (draft_order,fantasy_game_seq,player_id,preferred_team,team_name,seq) values (?,?,?,?,?,default)
    Hibernate: insert into ft_participants (draft_order,fantasy_game_seq,player_id,preferred_team,team_name,seq) values (?,?,?,?,?,default)
    Hibernate: insert into ft_participants (draft_order,fantasy_game_seq,player_id,preferred_team,team_name,seq) values (?,?,?,?,?,default)
    Hibernate: insert into ft_participants (draft_order,fantasy_game_seq,player_id,preferred_team,team_name,seq) values (?,?,?,?,?,default)
    Hibernate: insert into ft_participants (draft_order,fantasy_game_seq,player_id,preferred_team,team_name,seq) values (?,?,?,?,?,default)
    Hibernate: insert into ft_participants (draft_order,fantasy_game_seq,player_id,preferred_team,team_name,seq) values (?,?,?,?,?,default)
    Hibernate: insert into ft_participants (draft_order,fantasy_game_seq,player_id,preferred_team,team_name,seq) values (?,?,?,?,?,default)
    Hibernate: insert into ft_participants (draft_order,fantasy_game_seq,player_id,preferred_team,team_name,seq) values (?,?,?,?,?,default)
    Hibernate: insert into ft_participants (draft_order,fantasy_game_seq,player_id,preferred_team,team_name,seq) values (?,?,?,?,?,default)
    Hibernate: insert into ft_participants (draft_order,fantasy_game_seq,player_id,preferred_team,team_name,seq) values (?,?,?,?,?,default)
    Hibernate: insert into ft_participants (draft_order,fantasy_game_seq,player_id,preferred_team,team_name,seq) values (?,?,?,?,?,default)
    Hibernate: insert into ft_participants (draft_order,fantasy_game_seq,player_id,preferred_team,team_name,seq) values (?,?,?,?,?,default)
    Hibernate: insert into ft_participants (draft_order,fantasy_game_seq,player_id,preferred_team,team_name,seq) values (?,?,?,?,?,default)
    Hibernate: insert into ft_participants (draft_order,fantasy_game_seq,player_id,preferred_team,team_name,seq) values (?,?,?,?,?,default)
    Hibernate: insert into ft_participants (draft_order,fantasy_game_seq,player_id,preferred_team,team_name,seq) values (?,?,?,?,?,default)
    Hibernate: insert into ft_participants (draft_order,fantasy_game_seq,player_id,preferred_team,team_name,seq) values (?,?,?,?,?,default)
    Hibernate: insert into ft_participants (draft_order,fantasy_game_seq,player_id,preferred_team,team_name,seq) values (?,?,?,?,?,default)
    Hibernate: insert into ft_participants (draft_order,fantasy_game_seq,player_id,preferred_team,team_name,seq) values (?,?,?,?,?,default)
    Hibernate: insert into ft_participants (draft_order,fantasy_game_seq,player_id,preferred_team,team_name,seq) values (?,?,?,?,?,default)
    Hibernate: insert into ft_participants (draft_order,fantasy_game_seq,player_id,preferred_team,team_name,seq) values (?,?,?,?,?,default)
    Hibernate: insert into ft_participants (draft_order,fantasy_game_seq,player_id,preferred_team,team_name,seq) values (?,?,?,?,?,default)
    Hibernate: insert into ft_participants (draft_order,fantasy_game_seq,player_id,preferred_team,team_name,seq) values (?,?,?,?,?,default)
    Hibernate: insert into ft_participants (draft_order,fantasy_game_seq,player_id,preferred_team,team_name,seq) values (?,?,?,?,?,default)
    Hibernate: insert into ft_participants (draft_order,fantasy_game_seq,player_id,preferred_team,team_name,seq) values (?,?,?,?,?,default)
    Hibernate: insert into ft_participants (draft_order,fantasy_game_seq,player_id,preferred_team,team_name,seq) values (?,?,?,?,?,default)
    Hibernate: insert into ft_participants (draft_order,fantasy_game_seq,player_id,preferred_team,team_name,seq) values (?,?,?,?,?,default)
    Hibernate: insert into ft_participants (draft_order,fantasy_game_seq,player_id,preferred_team,team_name,seq) values (?,?,?,?,?,default)
    Hibernate: insert into ft_participants (draft_order,fantasy_game_seq,player_id,preferred_team,team_name,seq) values (?,?,?,?,?,default)
    Hibernate: insert into ft_participants (draft_order,fantasy_game_seq,player_id,preferred_team,team_name,seq) values (?,?,?,?,?,default)
    Hibernate: insert into ft_participants (draft_order,fantasy_game_seq,player_id,preferred_team,team_name,seq) values (?,?,?,?,?,default)
    Hibernate: insert into ft_participants (draft_order,fantasy_game_seq,player_id,preferred_team,team_name,seq) values (?,?,?,?,?,default)
    Hibernate: insert into ft_participants (draft_order,fantasy_game_seq,player_id,preferred_team,team_name,seq) values (?,?,?,?,?,default)
    Hibernate: insert into ft_participants (draft_order,fantasy_game_seq,player_id,preferred_team,team_name,seq) values (?,?,?,?,?,default)
    Hibernate: insert into ft_participants (draft_order,fantasy_game_seq,player_id,preferred_team,team_name,seq) values (?,?,?,?,?,default)
    Hibernate: insert into ft_participants (draft_order,fantasy_game_seq,player_id,preferred_team,team_name,seq) values (?,?,?,?,?,default)
    Hibernate: insert into ft_participants (draft_order,fantasy_game_seq,player_id,preferred_team,team_name,seq) values (?,?,?,?,?,default)
    Hibernate: insert into ft_participants (draft_order,fantasy_game_seq,player_id,preferred_team,team_name,seq) values (?,?,?,?,?,default)
    Hibernate: insert into ft_participants (draft_order,fantasy_game_seq,player_id,preferred_team,team_name,seq) values (?,?,?,?,?,default)
    Hibernate: insert into ft_participants (draft_order,fantasy_game_seq,player_id,preferred_team,team_name,seq) values (?,?,?,?,?,default)
    Hibernate: insert into ft_participants (draft_order,fantasy_game_seq,player_id,preferred_team,team_name,seq) values (?,?,?,?,?,default)
    Hibernate: insert into ft_participants (draft_order,fantasy_game_seq,player_id,preferred_team,team_name,seq) values (?,?,?,?,?,default)
    Hibernate: insert into ft_participants (draft_order,fantasy_game_seq,player_id,preferred_team,team_name,seq) values (?,?,?,?,?,default)
    Hibernate: insert into ft_participants (draft_order,fantasy_game_seq,player_id,preferred_team,team_name,seq) values (?,?,?,?,?,default)
    Hibernate: insert into ft_participants (draft_order,fantasy_game_seq,player_id,preferred_team,team_name,seq) values (?,?,?,?,?,default)
    Hibernate: insert into ft_participants (draft_order,fantasy_game_seq,player_id,preferred_team,team_name,seq) values (?,?,?,?,?,default)
    Hibernate: insert into ft_participants (draft_order,fantasy_game_seq,player_id,preferred_team,team_name,seq) values (?,?,?,?,?,default)
    Hibernate: insert into ft_participants (draft_order,fantasy_game_seq,player_id,preferred_team,team_name,seq) values (?,?,?,?,?,default)
    Hibernate: insert into ft_participants (draft_order,fantasy_game_seq,player_id,preferred_team,team_name,seq) values (?,?,?,?,?,default)
    Hibernate: insert into ft_participants (draft_order,fantasy_game_seq,player_id,preferred_team,team_name,seq) values (?,?,?,?,?,default)
    Hibernate: insert into ft_participants (draft_order,fantasy_game_seq,player_id,preferred_team,team_name,seq) values (?,?,?,?,?,default)
    Hibernate: insert into ft_participants (draft_order,fantasy_game_seq,player_id,preferred_team,team_name,seq) values (?,?,?,?,?,default)
    Hibernate: insert into ft_participants (draft_order,fantasy_game_seq,player_id,preferred_team,team_name,seq) values (?,?,?,?,?,default)
    Hibernate: insert into ft_participants (draft_order,fantasy_game_seq,player_id,preferred_team,team_name,seq) values (?,?,?,?,?,default)
    Hibernate: insert into ft_participants (draft_order,fantasy_game_seq,player_id,preferred_team,team_name,seq) values (?,?,?,?,?,default)
    Hibernate: insert into ft_participants (draft_order,fantasy_game_seq,player_id,preferred_team,team_name,seq) values (?,?,?,?,?,default)
    Hibernate: insert into ft_participants (draft_order,fantasy_game_seq,player_id,preferred_team,team_name,seq) values (?,?,?,?,?,default)
    Hibernate: insert into ft_participants (draft_order,fantasy_game_seq,player_id,preferred_team,team_name,seq) values (?,?,?,?,?,default)
    Hibernate: insert into ft_participants (draft_order,fantasy_game_seq,player_id,preferred_team,team_name,seq) values (?,?,?,?,?,default)
    Hibernate: insert into ft_participants (draft_order,fantasy_game_seq,player_id,preferred_team,team_name,seq) values (?,?,?,?,?,default)
    Hibernate: insert into ft_participants (draft_order,fantasy_game_seq,player_id,preferred_team,team_name,seq) values (?,?,?,?,?,default)
    Hibernate: insert into ft_participants (draft_order,fantasy_game_seq,player_id,preferred_team,team_name,seq) values (?,?,?,?,?,default)
    Hibernate: insert into ft_participants (draft_order,fantasy_game_seq,player_id,preferred_team,team_name,seq) values (?,?,?,?,?,default)
    Hibernate: insert into ft_participants (draft_order,fantasy_game_seq,player_id,preferred_team,team_name,seq) values (?,?,?,?,?,default)
    Hibernate: insert into ft_participants (draft_order,fantasy_game_seq,player_id,preferred_team,team_name,seq) values (?,?,?,?,?,default)
    Hibernate: insert into ft_participants (draft_order,fantasy_game_seq,player_id,preferred_team,team_name,seq) values (?,?,?,?,?,default)
    Hibernate: insert into ft_participants (draft_order,fantasy_game_seq,player_id,preferred_team,team_name,seq) values (?,?,?,?,?,default)
    Hibernate: insert into ft_participants (draft_order,fantasy_game_seq,player_id,preferred_team,team_name,seq) values (?,?,?,?,?,default)
    Hibernate: insert into ft_participants (draft_order,fantasy_game_seq,player_id,preferred_team,team_name,seq) values (?,?,?,?,?,default)
    Hibernate: insert into ft_participants (draft_order,fantasy_game_seq,player_id,preferred_team,team_name,seq) values (?,?,?,?,?,default)
    Hibernate: insert into ft_participants (draft_order,fantasy_game_seq,player_id,preferred_team,team_name,seq) values (?,?,?,?,?,default)
    Hibernate: insert into ft_participants (draft_order,fantasy_game_seq,player_id,preferred_team,team_name,seq) values (?,?,?,?,?,default)
    Hibernate: insert into ft_participants (draft_order,fantasy_game_seq,player_id,preferred_team,team_name,seq) values (?,?,?,?,?,default)
    Hibernate: insert into ft_participants (draft_order,fantasy_game_seq,player_id,preferred_team,team_name,seq) values (?,?,?,?,?,default)
    Hibernate: insert into ft_participants (draft_order,fantasy_game_seq,player_id,preferred_team,team_name,seq) values (?,?,?,?,?,default)
    Hibernate: insert into ft_participants (draft_order,fantasy_game_seq,player_id,preferred_team,team_name,seq) values (?,?,?,?,?,default)
    Hibernate: insert into ft_participants (draft_order,fantasy_game_seq,player_id,preferred_team,team_name,seq) values (?,?,?,?,?,default)
    Hibernate: insert into ft_participants (draft_order,fantasy_game_seq,player_id,preferred_team,team_name,seq) values (?,?,?,?,?,default)
    Hibernate: insert into ft_participants (draft_order,fantasy_game_seq,player_id,preferred_team,team_name,seq) values (?,?,?,?,?,default)
    Hibernate: insert into ft_participants (draft_order,fantasy_game_seq,player_id,preferred_team,team_name,seq) values (?,?,?,?,?,default)
    Hibernate: insert into ft_participants (draft_order,fantasy_game_seq,player_id,preferred_team,team_name,seq) values (?,?,?,?,?,default)
    Hibernate: insert into ft_participants (draft_order,fantasy_game_seq,player_id,preferred_team,team_name,seq) values (?,?,?,?,?,default)
    Hibernate: insert into ft_participants (draft_order,fantasy_game_seq,player_id,preferred_team,team_name,seq) values (?,?,?,?,?,default)
    Hibernate: insert into ft_participants (draft_order,fantasy_game_seq,player_id,preferred_team,team_name,seq) values (?,?,?,?,?,default)
    Hibernate: insert into ft_participants (draft_order,fantasy_game_seq,player_id,preferred_team,team_name,seq) values (?,?,?,?,?,default)
    Hibernate: insert into ft_participants (draft_order,fantasy_game_seq,player_id,preferred_team,team_name,seq) values (?,?,?,?,?,default)
    Hibernate: insert into ft_participants (draft_order,fantasy_game_seq,player_id,preferred_team,team_name,seq) values (?,?,?,?,?,default)
    Hibernate: insert into ft_participants (draft_order,fantasy_game_seq,player_id,preferred_team,team_name,seq) values (?,?,?,?,?,default)
    Hibernate: insert into ft_participants (draft_order,fantasy_game_seq,player_id,preferred_team,team_name,seq) values (?,?,?,?,?,default)
    Hibernate: insert into ft_participants (draft_order,fantasy_game_seq,player_id,preferred_team,team_name,seq) values (?,?,?,?,?,default)
    Hibernate: insert into ft_participants (draft_order,fantasy_game_seq,player_id,preferred_team,team_name,seq) values (?,?,?,?,?,default)
    Hibernate: insert into ft_participants (draft_order,fantasy_game_seq,player_id,preferred_team,team_name,seq) values (?,?,?,?,?,default)
    Hibernate: insert into ft_participants (draft_order,fantasy_game_seq,player_id,preferred_team,team_name,seq) values (?,?,?,?,?,default)
    Hibernate: insert into ft_participants (draft_order,fantasy_game_seq,player_id,preferred_team,team_name,seq) values (?,?,?,?,?,default)
    Hibernate: insert into ft_participants (draft_order,fantasy_game_seq,player_id,preferred_team,team_name,seq) values (?,?,?,?,?,default)
    Hibernate: insert into ft_participants (draft_order,fantasy_game_seq,player_id,preferred_team,team_name,seq) values (?,?,?,?,?,default)
    Hibernate: insert into ft_participants (draft_order,fantasy_game_seq,player_id,preferred_team,team_name,seq) values (?,?,?,?,?,default)
    Hibernate: insert into ft_participants (draft_order,fantasy_game_seq,player_id,preferred_team,team_name,seq) values (?,?,?,?,?,default)
    Hibernate: insert into ft_participants (draft_order,fantasy_game_seq,player_id,preferred_team,team_name,seq) values (?,?,?,?,?,default)
    Hibernate: insert into ft_participants (draft_order,fantasy_game_seq,player_id,preferred_team,team_name,seq) values (?,?,?,?,?,default)
    Hibernate: insert into ft_participants (draft_order,fantasy_game_seq,player_id,preferred_team,team_name,seq) values (?,?,?,?,?,default)
    Hibernate: insert into ft_participants (draft_order,fantasy_game_seq,player_id,preferred_team,team_name,seq) values (?,?,?,?,?,default)
    Hibernate: insert into ft_participants (draft_order,fantasy_game_seq,player_id,preferred_team,team_name,seq) values (?,?,?,?,?,default)
    Hibernate: insert into ft_participants (draft_order,fantasy_game_seq,player_id,preferred_team,team_name,seq) values (?,?,?,?,?,default)
    Hibernate: insert into ft_participants (draft_order,fantasy_game_seq,player_id,preferred_team,team_name,seq) values (?,?,?,?,?,default)
    Hibernate: insert into ft_participants (draft_order,fantasy_game_seq,player_id,preferred_team,team_name,seq) values (?,?,?,?,?,default)
    Hibernate: insert into ft_participants (draft_order,fantasy_game_seq,player_id,preferred_team,team_name,seq) values (?,?,?,?,?,default)
    Hibernate: insert into ft_participants (draft_order,fantasy_game_seq,player_id,preferred_team,team_name,seq) values (?,?,?,?,?,default)
    Hibernate: insert into ft_participants (draft_order,fantasy_game_seq,player_id,preferred_team,team_name,seq) values (?,?,?,?,?,default)
    Hibernate: insert into ft_participants (draft_order,fantasy_game_seq,player_id,preferred_team,team_name,seq) values (?,?,?,?,?,default)
    Hibernate: insert into ft_participants (draft_order,fantasy_game_seq,player_id,preferred_team,team_name,seq) values (?,?,?,?,?,default)
    Hibernate: insert into ft_participants (draft_order,fantasy_game_seq,player_id,preferred_team,team_name,seq) values (?,?,?,?,?,default)
    Hibernate: insert into ft_participants (draft_order,fantasy_game_seq,player_id,preferred_team,team_name,seq) values (?,?,?,?,?,default)
    Hibernate: insert into ft_participants (draft_order,fantasy_game_seq,player_id,preferred_team,team_name,seq) values (?,?,?,?,?,default)
    Hibernate: insert into ft_participants (draft_order,fantasy_game_seq,player_id,preferred_team,team_name,seq) values (?,?,?,?,?,default)
    Hibernate: insert into ft_participants (draft_order,fantasy_game_seq,player_id,preferred_team,team_name,seq) values (?,?,?,?,?,default)
    Hibernate: insert into ft_participants (draft_order,fantasy_game_seq,player_id,preferred_team,team_name,seq) values (?,?,?,?,?,default)
    Hibernate: insert into ft_participants (draft_order,fantasy_game_seq,player_id,preferred_team,team_name,seq) values (?,?,?,?,?,default)
    Hibernate: insert into ft_participants (draft_order,fantasy_game_seq,player_id,preferred_team,team_name,seq) values (?,?,?,?,?,default)
    Hibernate: insert into ft_participants (draft_order,fantasy_game_seq,player_id,preferred_team,team_name,seq) values (?,?,?,?,?,default)
    Hibernate: insert into ft_participants (draft_order,fantasy_game_seq,player_id,preferred_team,team_name,seq) values (?,?,?,?,?,default)
    Hibernate: insert into ft_participants (draft_order,fantasy_game_seq,player_id,preferred_team,team_name,seq) values (?,?,?,?,?,default)
    Hibernate: insert into ft_participants (draft_order,fantasy_game_seq,player_id,preferred_team,team_name,seq) values (?,?,?,?,?,default)
    Hibernate: insert into ft_participants (draft_order,fantasy_game_seq,player_id,preferred_team,team_name,seq) values (?,?,?,?,?,default)
    Hibernate: insert into ft_participants (draft_order,fantasy_game_seq,player_id,preferred_team,team_name,seq) values (?,?,?,?,?,default)
    Hibernate: insert into ft_participants (draft_order,fantasy_game_seq,player_id,preferred_team,team_name,seq) values (?,?,?,?,?,default)
    Hibernate: insert into ft_participants (draft_order,fantasy_game_seq,player_id,preferred_team,team_name,seq) values (?,?,?,?,?,default)
    Hibernate: insert into ft_participants (draft_order,fantasy_game_seq,player_id,preferred_team,team_name,seq) values (?,?,?,?,?,default)
    Hibernate: insert into ft_participants (draft_order,fantasy_game_seq,player_id,preferred_team,team_name,seq) values (?,?,?,?,?,default)
    Hibernate: insert into ft_participants (draft_order,fantasy_game_seq,player_id,preferred_team,team_name,seq) values (?,?,?,?,?,default)
    Hibernate: insert into ft_participants (draft_order,fantasy_game_seq,player_id,preferred_team,team_name,seq) values (?,?,?,?,?,default)
    Hibernate: insert into ft_participants (draft_order,fantasy_game_seq,player_id,preferred_team,team_name,seq) values (?,?,?,?,?,default)
    Hibernate: insert into ft_participants (draft_order,fantasy_game_seq,player_id,preferred_team,team_name,seq) values (?,?,?,?,?,default)
    Hibernate: insert into ft_participants (draft_order,fantasy_game_seq,player_id,preferred_team,team_name,seq) values (?,?,?,?,?,default)
    Hibernate: insert into ft_participants (draft_order,fantasy_game_seq,player_id,preferred_team,team_name,seq) values (?,?,?,?,?,default)
    Hibernate: insert into ft_participants (draft_order,fantasy_game_seq,player_id,preferred_team,team_name,seq) values (?,?,?,?,?,default)
    Hibernate: insert into ft_participants (draft_order,fantasy_game_seq,player_id,preferred_team,team_name,seq) values (?,?,?,?,?,default)
    Hibernate: insert into ft_participants (draft_order,fantasy_game_seq,player_id,preferred_team,team_name,seq) values (?,?,?,?,?,default)
    Hibernate: insert into ft_participants (draft_order,fantasy_game_seq,player_id,preferred_team,team_name,seq) values (?,?,?,?,?,default)
    Hibernate: insert into ft_participants (draft_order,fantasy_game_seq,player_id,preferred_team,team_name,seq) values (?,?,?,?,?,default)
    Hibernate: insert into ft_participants (draft_order,fantasy_game_seq,player_id,preferred_team,team_name,seq) values (?,?,?,?,?,default)
    Hibernate: insert into ft_participants (draft_order,fantasy_game_seq,player_id,preferred_team,team_name,seq) values (?,?,?,?,?,default)
    Hibernate: insert into ft_participants (draft_order,fantasy_game_seq,player_id,preferred_team,team_name,seq) values (?,?,?,?,?,default)
    Hibernate: insert into ft_participants (draft_order,fantasy_game_seq,player_id,preferred_team,team_name,seq) values (?,?,?,?,?,default)
    Hibernate: insert into ft_participants (draft_order,fantasy_game_seq,player_id,preferred_team,team_name,seq) values (?,?,?,?,?,default)
    Hibernate: insert into ft_participants (draft_order,fantasy_game_seq,player_id,preferred_team,team_name,seq) values (?,?,?,?,?,default)
    Hibernate: insert into ft_participants (draft_order,fantasy_game_seq,player_id,preferred_team,team_name,seq) values (?,?,?,?,?,default)
    Hibernate: insert into ft_participants (draft_order,fantasy_game_seq,player_id,preferred_team,team_name,seq) values (?,?,?,?,?,default)
    Hibernate: insert into ft_participants (draft_order,fantasy_game_seq,player_id,preferred_team,team_name,seq) values (?,?,?,?,?,default)
    Hibernate: insert into ft_participants (draft_order,fantasy_game_seq,player_id,preferred_team,team_name,seq) values (?,?,?,?,?,default)
    Hibernate: insert into ft_participants (draft_order,fantasy_game_seq,player_id,preferred_team,team_name,seq) values (?,?,?,?,?,default)
    Hibernate: insert into ft_participants (draft_order,fantasy_game_seq,player_id,preferred_team,team_name,seq) values (?,?,?,?,?,default)
    Hibernate: insert into ft_participants (draft_order,fantasy_game_seq,player_id,preferred_team,team_name,seq) values (?,?,?,?,?,default)
    Hibernate: insert into ft_participants (draft_order,fantasy_game_seq,player_id,preferred_team,team_name,seq) values (?,?,?,?,?,default)
    Hibernate: insert into ft_participants (draft_order,fantasy_game_seq,player_id,preferred_team,team_name,seq) values (?,?,?,?,?,default)
    Hibernate: insert into ft_participants (draft_order,fantasy_game_seq,player_id,preferred_team,team_name,seq) values (?,?,?,?,?,default)
    Hibernate: insert into ft_participants (draft_order,fantasy_game_seq,player_id,preferred_team,team_name,seq) values (?,?,?,?,?,default)
    Hibernate: insert into ft_participants (draft_order,fantasy_game_seq,player_id,preferred_team,team_name,seq) values (?,?,?,?,?,default)
    Hibernate: insert into ft_participants (draft_order,fantasy_game_seq,player_id,preferred_team,team_name,seq) values (?,?,?,?,?,default)
    Hibernate: insert into ft_participants (draft_order,fantasy_game_seq,player_id,preferred_team,team_name,seq) values (?,?,?,?,?,default)
    Hibernate: insert into ft_participants (draft_order,fantasy_game_seq,player_id,preferred_team,team_name,seq) values (?,?,?,?,?,default)
    Hibernate: insert into ft_participants (draft_order,fantasy_game_seq,player_id,preferred_team,team_name,seq) values (?,?,?,?,?,default)
    Hibernate: insert into ft_participants (draft_order,fantasy_game_seq,player_id,preferred_team,team_name,seq) values (?,?,?,?,?,default)
    Hibernate: insert into ft_participants (draft_order,fantasy_game_seq,player_id,preferred_team,team_name,seq) values (?,?,?,?,?,default)
    Hibernate: insert into ft_participants (draft_order,fantasy_game_seq,player_id,preferred_team,team_name,seq) values (?,?,?,?,?,default)
    Hibernate: insert into ft_participants (draft_order,fantasy_game_seq,player_id,preferred_team,team_name,seq) values (?,?,?,?,?,default)
    Hibernate: insert into ft_participants (draft_order,fantasy_game_seq,player_id,preferred_team,team_name,seq) values (?,?,?,?,?,default)
    Hibernate: insert into ft_participants (draft_order,fantasy_game_seq,player_id,preferred_team,team_name,seq) values (?,?,?,?,?,default)
    Hibernate: insert into ft_participants (draft_order,fantasy_game_seq,player_id,preferred_team,team_name,seq) values (?,?,?,?,?,default)
    Hibernate: insert into ft_participants (draft_order,fantasy_game_seq,player_id,preferred_team,team_name,seq) values (?,?,?,?,?,default)
    Hibernate: insert into ft_participants (draft_order,fantasy_game_seq,player_id,preferred_team,team_name,seq) values (?,?,?,?,?,default)
    Hibernate: insert into ft_participants (draft_order,fantasy_game_seq,player_id,preferred_team,team_name,seq) values (?,?,?,?,?,default)
    Hibernate: insert into ft_participants (draft_order,fantasy_game_seq,player_id,preferred_team,team_name,seq) values (?,?,?,?,?,default)
    Hibernate: insert into ft_participants (draft_order,fantasy_game_seq,player_id,preferred_team,team_name,seq) values (?,?,?,?,?,default)
    Hibernate: insert into ft_participants (draft_order,fantasy_game_seq,player_id,preferred_team,team_name,seq) values (?,?,?,?,?,default)
    Hibernate: insert into ft_participants (draft_order,fantasy_game_seq,player_id,preferred_team,team_name,seq) values (?,?,?,?,?,default)
    Hibernate: insert into ft_participants (draft_order,fantasy_game_seq,player_id,preferred_team,team_name,seq) values (?,?,?,?,?,default)
    Hibernate: insert into ft_participants (draft_order,fantasy_game_seq,player_id,preferred_team,team_name,seq) values (?,?,?,?,?,default)
    Hibernate: insert into ft_participants (draft_order,fantasy_game_seq,player_id,preferred_team,team_name,seq) values (?,?,?,?,?,default)
    Hibernate: insert into ft_participants (draft_order,fantasy_game_seq,player_id,preferred_team,team_name,seq) values (?,?,?,?,?,default)
    Hibernate: insert into ft_participants (draft_order,fantasy_game_seq,player_id,preferred_team,team_name,seq) values (?,?,?,?,?,default)
    Hibernate: insert into ft_participants (draft_order,fantasy_game_seq,player_id,preferred_team,team_name,seq) values (?,?,?,?,?,default)
    Hibernate: insert into ft_participants (draft_order,fantasy_game_seq,player_id,preferred_team,team_name,seq) values (?,?,?,?,?,default)
    Hibernate: insert into ft_participants (draft_order,fantasy_game_seq,player_id,preferred_team,team_name,seq) values (?,?,?,?,?,default)
    Hibernate: insert into ft_participants (draft_order,fantasy_game_seq,player_id,preferred_team,team_name,seq) values (?,?,?,?,?,default)
    Hibernate: insert into ft_participants (draft_order,fantasy_game_seq,player_id,preferred_team,team_name,seq) values (?,?,?,?,?,default)
    Hibernate: insert into ft_participants (draft_order,fantasy_game_seq,player_id,preferred_team,team_name,seq) values (?,?,?,?,?,default)
    Hibernate: insert into ft_participants (draft_order,fantasy_game_seq,player_id,preferred_team,team_name,seq) values (?,?,?,?,?,default)
    Hibernate: insert into ft_participants (draft_order,fantasy_game_seq,player_id,preferred_team,team_name,seq) values (?,?,?,?,?,default)
    Hibernate: insert into ft_participants (draft_order,fantasy_game_seq,player_id,preferred_team,team_name,seq) values (?,?,?,?,?,default)
    Hibernate: insert into ft_participants (draft_order,fantasy_game_seq,player_id,preferred_team,team_name,seq) values (?,?,?,?,?,default)
    Hibernate: insert into ft_participants (draft_order,fantasy_game_seq,player_id,preferred_team,team_name,seq) values (?,?,?,?,?,default)
    Hibernate: insert into ft_participants (draft_order,fantasy_game_seq,player_id,preferred_team,team_name,seq) values (?,?,?,?,?,default)
    Hibernate: insert into ft_participants (draft_order,fantasy_game_seq,player_id,preferred_team,team_name,seq) values (?,?,?,?,?,default)
    Hibernate: insert into ft_participants (draft_order,fantasy_game_seq,player_id,preferred_team,team_name,seq) values (?,?,?,?,?,default)
    Hibernate: insert into ft_participants (draft_order,fantasy_game_seq,player_id,preferred_team,team_name,seq) values (?,?,?,?,?,default)
    Hibernate: insert into ft_participants (draft_order,fantasy_game_seq,player_id,preferred_team,team_name,seq) values (?,?,?,?,?,default)
    Hibernate: insert into ft_participants (draft_order,fantasy_game_seq,player_id,preferred_team,team_name,seq) values (?,?,?,?,?,default)
    Hibernate: insert into ft_participants (draft_order,fantasy_game_seq,player_id,preferred_team,team_name,seq) values (?,?,?,?,?,default)
    Hibernate: insert into ft_participants (draft_order,fantasy_game_seq,player_id,preferred_team,team_name,seq) values (?,?,?,?,?,default)
    Hibernate: insert into ft_participants (draft_order,fantasy_game_seq,player_id,preferred_team,team_name,seq) values (?,?,?,?,?,default)
    Hibernate: insert into ft_participants (draft_order,fantasy_game_seq,player_id,preferred_team,team_name,seq) values (?,?,?,?,?,default)
    Hibernate: insert into ft_participants (draft_order,fantasy_game_seq,player_id,preferred_team,team_name,seq) values (?,?,?,?,?,default)
    Hibernate: insert into ft_participants (draft_order,fantasy_game_seq,player_id,preferred_team,team_name,seq) values (?,?,?,?,?,default)
    Hibernate: insert into ft_participants (draft_order,fantasy_game_seq,player_id,preferred_team,team_name,seq) values (?,?,?,?,?,default)
    Hibernate: insert into ft_participants (draft_order,fantasy_game_seq,player_id,preferred_team,team_name,seq) values (?,?,?,?,?,default)
    Hibernate: insert into ft_participants (draft_order,fantasy_game_seq,player_id,preferred_team,team_name,seq) values (?,?,?,?,?,default)
    Hibernate: insert into ft_participants (draft_order,fantasy_game_seq,player_id,preferred_team,team_name,seq) values (?,?,?,?,?,default)
    Hibernate: insert into ft_participants (draft_order,fantasy_game_seq,player_id,preferred_team,team_name,seq) values (?,?,?,?,?,default)
    Hibernate: insert into ft_participants (draft_order,fantasy_game_seq,player_id,preferred_team,team_name,seq) values (?,?,?,?,?,default)
    Hibernate: insert into ft_participants (draft_order,fantasy_game_seq,player_id,preferred_team,team_name,seq) values (?,?,?,?,?,default)
    Hibernate: insert into ft_participants (draft_order,fantasy_game_seq,player_id,preferred_team,team_name,seq) values (?,?,?,?,?,default)
    Hibernate: insert into ft_participants (draft_order,fantasy_game_seq,player_id,preferred_team,team_name,seq) values (?,?,?,?,?,default)
    Hibernate: insert into ft_participants (draft_order,fantasy_game_seq,player_id,preferred_team,team_name,seq) values (?,?,?,?,?,default)
    Hibernate: insert into ft_participants (draft_order,fantasy_game_seq,player_id,preferred_team,team_name,seq) values (?,?,?,?,?,default)
    Hibernate: insert into ft_participants (draft_order,fantasy_game_seq,player_id,preferred_team,team_name,seq) values (?,?,?,?,?,default)
    Hibernate: insert into ft_participants (draft_order,fantasy_game_seq,player_id,preferred_team,team_name,seq) values (?,?,?,?,?,default)
    Hibernate: insert into ft_participants (draft_order,fantasy_game_seq,player_id,preferred_team,team_name,seq) values (?,?,?,?,?,default)
    Hibernate: insert into ft_participants (draft_order,fantasy_game_seq,player_id,preferred_team,team_name,seq) values (?,?,?,?,?,default)
    Hibernate: insert into ft_participants (draft_order,fantasy_game_seq,player_id,preferred_team,team_name,seq) values (?,?,?,?,?,default)
    Hibernate: insert into ft_participants (draft_order,fantasy_game_seq,player_id,preferred_team,team_name,seq) values (?,?,?,?,?,default)
    Hibernate: insert into ft_participants (draft_order,fantasy_game_seq,player_id,preferred_team,team_name,seq) values (?,?,?,?,?,default)
    Hibernate: insert into ft_participants (draft_order,fantasy_game_seq,player_id,preferred_team,team_name,seq) values (?,?,?,?,?,default)
    Hibernate: insert into ft_participants (draft_order,fantasy_game_seq,player_id,preferred_team,team_name,seq) values (?,?,?,?,?,default)
    Hibernate: insert into ft_participants (draft_order,fantasy_game_seq,player_id,preferred_team,team_name,seq) values (?,?,?,?,?,default)
    Hibernate: insert into ft_participants (draft_order,fantasy_game_seq,player_id,preferred_team,team_name,seq) values (?,?,?,?,?,default)
    Hibernate: insert into ft_participants (draft_order,fantasy_game_seq,player_id,preferred_team,team_name,seq) values (?,?,?,?,?,default)
    Hibernate: insert into ft_participants (draft_order,fantasy_game_seq,player_id,preferred_team,team_name,seq) values (?,?,?,?,?,default)
    Hibernate: insert into ft_participants (draft_order,fantasy_game_seq,player_id,preferred_team,team_name,seq) values (?,?,?,?,?,default)
    Hibernate: insert into ft_participants (draft_order,fantasy_game_seq,player_id,preferred_team,team_name,seq) values (?,?,?,?,?,default)
    Hibernate: insert into ft_participants (draft_order,fantasy_game_seq,player_id,preferred_team,team_name,seq) values (?,?,?,?,?,default)
    Hibernate: insert into ft_participants (draft_order,fantasy_game_seq,player_id,preferred_team,team_name,seq) values (?,?,?,?,?,default)
    Hibernate: insert into ft_participants (draft_order,fantasy_game_seq,player_id,preferred_team,team_name,seq) values (?,?,?,?,?,default)
    Hibernate: insert into ft_participants (draft_order,fantasy_game_seq,player_id,preferred_team,team_name,seq) values (?,?,?,?,?,default)
    Hibernate: insert into ft_participants (draft_order,fantasy_game_seq,player_id,preferred_team,team_name,seq) values (?,?,?,?,?,default)
    Hibernate: insert into ft_participants (draft_order,fantasy_game_seq,player_id,preferred_team,team_name,seq) values (?,?,?,?,?,default)
    Hibernate: insert into ft_participants (draft_order,fantasy_game_seq,player_id,preferred_team,team_name,seq) values (?,?,?,?,?,default)
    Hibernate: insert into ft_participants (draft_order,fantasy_game_seq,player_id,preferred_team,team_name,seq) values (?,?,?,?,?,default)
    Hibernate: insert into ft_participants (draft_order,fantasy_game_seq,player_id,preferred_team,team_name,seq) values (?,?,?,?,?,default)
    Hibernate: insert into ft_participants (draft_order,fantasy_game_seq,player_id,preferred_team,team_name,seq) values (?,?,?,?,?,default)
    Hibernate: insert into ft_participants (draft_order,fantasy_game_seq,player_id,preferred_team,team_name,seq) values (?,?,?,?,?,default)
    Hibernate: insert into ft_participants (draft_order,fantasy_game_seq,player_id,preferred_team,team_name,seq) values (?,?,?,?,?,default)
    Hibernate: insert into ft_participants (draft_order,fantasy_game_seq,player_id,preferred_team,team_name,seq) values (?,?,?,?,?,default)
    Hibernate: insert into ft_participants (draft_order,fantasy_game_seq,player_id,preferred_team,team_name,seq) values (?,?,?,?,?,default)
    Hibernate: insert into ft_participants (draft_order,fantasy_game_seq,player_id,preferred_team,team_name,seq) values (?,?,?,?,?,default)
    Hibernate: insert into ft_participants (draft_order,fantasy_game_seq,player_id,preferred_team,team_name,seq) values (?,?,?,?,?,default)
    Hibernate: insert into ft_participants (draft_order,fantasy_game_seq,player_id,preferred_team,team_name,seq) values (?,?,?,?,?,default)
    Hibernate: insert into ft_participants (draft_order,fantasy_game_seq,player_id,preferred_team,team_name,seq) values (?,?,?,?,?,default)
    Hibernate: insert into ft_participants (draft_order,fantasy_game_seq,player_id,preferred_team,team_name,seq) values (?,?,?,?,?,default)
    Hibernate: insert into ft_participants (draft_order,fantasy_game_seq,player_id,preferred_team,team_name,seq) values (?,?,?,?,?,default)
    Hibernate: insert into ft_participants (draft_order,fantasy_game_seq,player_id,preferred_team,team_name,seq) values (?,?,?,?,?,default)
    Hibernate: insert into ft_participants (draft_order,fantasy_game_seq,player_id,preferred_team,team_name,seq) values (?,?,?,?,?,default)
    Hibernate: insert into ft_participants (draft_order,fantasy_game_seq,player_id,preferred_team,team_name,seq) values (?,?,?,?,?,default)
    Hibernate: insert into ft_participants (draft_order,fantasy_game_seq,player_id,preferred_team,team_name,seq) values (?,?,?,?,?,default)
    Hibernate: insert into ft_participants (draft_order,fantasy_game_seq,player_id,preferred_team,team_name,seq) values (?,?,?,?,?,default)
    Hibernate: insert into ft_participants (draft_order,fantasy_game_seq,player_id,preferred_team,team_name,seq) values (?,?,?,?,?,default)
    Hibernate: insert into ft_participants (draft_order,fantasy_game_seq,player_id,preferred_team,team_name,seq) values (?,?,?,?,?,default)
    Hibernate: insert into ft_participants (draft_order,fantasy_game_seq,player_id,preferred_team,team_name,seq) values (?,?,?,?,?,default)
    Hibernate: insert into ft_participants (draft_order,fantasy_game_seq,player_id,preferred_team,team_name,seq) values (?,?,?,?,?,default)
    Hibernate: insert into ft_participants (draft_order,fantasy_game_seq,player_id,preferred_team,team_name,seq) values (?,?,?,?,?,default)
    Hibernate: insert into ft_participants (draft_order,fantasy_game_seq,player_id,preferred_team,team_name,seq) values (?,?,?,?,?,default)
    Hibernate: insert into ft_participants (draft_order,fantasy_game_seq,player_id,preferred_team,team_name,seq) values (?,?,?,?,?,default)
    Hibernate: insert into ft_participants (draft_order,fantasy_game_seq,player_id,preferred_team,team_name,seq) values (?,?,?,?,?,default)
    Hibernate: insert into ft_participants (draft_order,fantasy_game_seq,player_id,preferred_team,team_name,seq) values (?,?,?,?,?,default)
    Hibernate: insert into ft_participants (draft_order,fantasy_game_seq,player_id,preferred_team,team_name,seq) values (?,?,?,?,?,default)
    Hibernate: insert into ft_participants (draft_order,fantasy_game_seq,player_id,preferred_team,team_name,seq) values (?,?,?,?,?,default)
    Hibernate: insert into ft_participants (draft_order,fantasy_game_seq,player_id,preferred_team,team_name,seq) values (?,?,?,?,?,default)
    Hibernate: insert into ft_participants (draft_order,fantasy_game_seq,player_id,preferred_team,team_name,seq) values (?,?,?,?,?,default)
    Hibernate: insert into ft_participants (draft_order,fantasy_game_seq,player_id,preferred_team,team_name,seq) values (?,?,?,?,?,default)
    Hibernate: insert into ft_participants (draft_order,fantasy_game_seq,player_id,preferred_team,team_name,seq) values (?,?,?,?,?,default)
    Hibernate: insert into ft_participants (draft_order,fantasy_game_seq,player_id,preferred_team,team_name,seq) values (?,?,?,?,?,default)
    Hibernate: insert into ft_participants (draft_order,fantasy_game_seq,player_id,preferred_team,team_name,seq) values (?,?,?,?,?,default)
    Hibernate: insert into ft_participants (draft_order,fantasy_game_seq,player_id,preferred_team,team_name,seq) values (?,?,?,?,?,default)
    Hibernate: insert into ft_participants (draft_order,fantasy_game_seq,player_id,preferred_team,team_name,seq) values (?,?,?,?,?,default)
    Hibernate: insert into ft_participants (draft_order,fantasy_game_seq,player_id,preferred_team,team_name,seq) values (?,?,?,?,?,default)
    Hibernate: insert into ft_participants (draft_order,fantasy_game_seq,player_id,preferred_team,team_name,seq) values (?,?,?,?,?,default)
    Hibernate: insert into ft_participants (draft_order,fantasy_game_seq,player_id,preferred_team,team_name,seq) values (?,?,?,?,?,default)
    Hibernate: insert into ft_participants (draft_order,fantasy_game_seq,player_id,preferred_team,team_name,seq) values (?,?,?,?,?,default)
    Hibernate: insert into ft_participants (draft_order,fantasy_game_seq,player_id,preferred_team,team_name,seq) values (?,?,?,?,?,default)
    Hibernate: insert into ft_participants (draft_order,fantasy_game_seq,player_id,preferred_team,team_name,seq) values (?,?,?,?,?,default)
    Hibernate: insert into ft_participants (draft_order,fantasy_game_seq,player_id,preferred_team,team_name,seq) values (?,?,?,?,?,default)
    Hibernate: insert into ft_participants (draft_order,fantasy_game_seq,player_id,preferred_team,team_name,seq) values (?,?,?,?,?,default)
    Hibernate: insert into ft_participants (draft_order,fantasy_game_seq,player_id,preferred_team,team_name,seq) values (?,?,?,?,?,default)
    Hibernate: insert into ft_participants (draft_order,fantasy_game_seq,player_id,preferred_team,team_name,seq) values (?,?,?,?,?,default)
    Hibernate: insert into ft_participants (draft_order,fantasy_game_seq,player_id,preferred_team,team_name,seq) values (?,?,?,?,?,default)
    Hibernate: insert into ft_participants (draft_order,fantasy_game_seq,player_id,preferred_team,team_name,seq) values (?,?,?,?,?,default)
    Hibernate: insert into ft_participants (draft_order,fantasy_game_seq,player_id,preferred_team,team_name,seq) values (?,?,?,?,?,default)
    Hibernate: insert into ft_participants (draft_order,fantasy_game_seq,player_id,preferred_team,team_name,seq) values (?,?,?,?,?,default)
    Hibernate: insert into ft_participants (draft_order,fantasy_game_seq,player_id,preferred_team,team_name,seq) values (?,?,?,?,?,default)
    Hibernate: insert into ft_participants (draft_order,fantasy_game_seq,player_id,preferred_team,team_name,seq) values (?,?,?,?,?,default)
    Hibernate: insert into ft_participants (draft_order,fantasy_game_seq,player_id,preferred_team,team_name,seq) values (?,?,?,?,?,default)
    Hibernate: insert into ft_participants (draft_order,fantasy_game_seq,player_id,preferred_team,team_name,seq) values (?,?,?,?,?,default)
    Hibernate: insert into ft_participants (draft_order,fantasy_game_seq,player_id,preferred_team,team_name,seq) values (?,?,?,?,?,default)
    Hibernate: insert into ft_participants (draft_order,fantasy_game_seq,player_id,preferred_team,team_name,seq) values (?,?,?,?,?,default)
    Hibernate: insert into ft_participants (draft_order,fantasy_game_seq,player_id,preferred_team,team_name,seq) values (?,?,?,?,?,default)
    Hibernate: insert into ft_participants (draft_order,fantasy_game_seq,player_id,preferred_team,team_name,seq) values (?,?,?,?,?,default)
    Hibernate: insert into ft_participants (draft_order,fantasy_game_seq,player_id,preferred_team,team_name,seq) values (?,?,?,?,?,default)
    Hibernate: insert into ft_participants (draft_order,fantasy_game_seq,player_id,preferred_team,team_name,seq) values (?,?,?,?,?,default)
    Hibernate: insert into ft_participants (draft_order,fantasy_game_seq,player_id,preferred_team,team_name,seq) values (?,?,?,?,?,default)
    Hibernate: insert into ft_participants (draft_order,fantasy_game_seq,player_id,preferred_team,team_name,seq) values (?,?,?,?,?,default)
    Hibernate: insert into ft_participants (draft_order,fantasy_game_seq,player_id,preferred_team,team_name,seq) values (?,?,?,?,?,default)
    Hibernate: insert into ft_participants (draft_order,fantasy_game_seq,player_id,preferred_team,team_name,seq) values (?,?,?,?,?,default)
    Hibernate: insert into ft_participants (draft_order,fantasy_game_seq,player_id,preferred_team,team_name,seq) values (?,?,?,?,?,default)
    Hibernate: insert into ft_participants (draft_order,fantasy_game_seq,player_id,preferred_team,team_name,seq) values (?,?,?,?,?,default)
    Hibernate: insert into ft_participants (draft_order,fantasy_game_seq,player_id,preferred_team,team_name,seq) values (?,?,?,?,?,default)
    Hibernate: insert into ft_participants (draft_order,fantasy_game_seq,player_id,preferred_team,team_name,seq) values (?,?,?,?,?,default)
    Hibernate: insert into ft_participants (draft_order,fantasy_game_seq,player_id,preferred_team,team_name,seq) values (?,?,?,?,?,default)
    Hibernate: insert into ft_participants (draft_order,fantasy_game_seq,player_id,preferred_team,team_name,seq) values (?,?,?,?,?,default)
    Hibernate: insert into ft_participants (draft_order,fantasy_game_seq,player_id,preferred_team,team_name,seq) values (?,?,?,?,?,default)
    Hibernate: insert into ft_participants (draft_order,fantasy_game_seq,player_id,preferred_team,team_name,seq) values (?,?,?,?,?,default)
    Hibernate: insert into ft_participants (draft_order,fantasy_game_seq,player_id,preferred_team,team_name,seq) values (?,?,?,?,?,default)
    Hibernate: insert into ft_participants (draft_order,fantasy_game_seq,player_id,preferred_team,team_name,seq) values (?,?,?,?,?,default)
    Hibernate: insert into ft_participants (draft_order,fantasy_game_seq,player_id,preferred_team,team_name,seq) values (?,?,?,?,?,default)
    Hibernate: insert into ft_participants (draft_order,fantasy_game_seq,player_id,preferred_team,team_name,seq) values (?,?,?,?,?,default)
    Hibernate: insert into ft_participants (draft_order,fantasy_game_seq,player_id,preferred_team,team_name,seq) values (?,?,?,?,?,default)
    Hibernate: insert into ft_participants (draft_order,fantasy_game_seq,player_id,preferred_team,team_name,seq) values (?,?,?,?,?,default)
    Hibernate: insert into ft_participants (draft_order,fantasy_game_seq,player_id,preferred_team,team_name,seq) values (?,?,?,?,?,default)
    Hibernate: insert into ft_participants (draft_order,fantasy_game_seq,player_id,preferred_team,team_name,seq) values (?,?,?,?,?,default)
    Hibernate: insert into ft_participants (draft_order,fantasy_game_seq,player_id,preferred_team,team_name,seq) values (?,?,?,?,?,default)
    Hibernate: insert into ft_participants (draft_order,fantasy_game_seq,player_id,preferred_team,team_name,seq) values (?,?,?,?,?,default)
    Hibernate: insert into ft_participants (draft_order,fantasy_game_seq,player_id,preferred_team,team_name,seq) values (?,?,?,?,?,default)
    Hibernate: insert into ft_participants (draft_order,fantasy_game_seq,player_id,preferred_team,team_name,seq) values (?,?,?,?,?,default)
    Hibernate: insert into ft_participants (draft_order,fantasy_game_seq,player_id,preferred_team,team_name,seq) values (?,?,?,?,?,default)
    Hibernate: insert into ft_participants (draft_order,fantasy_game_seq,player_id,preferred_team,team_name,seq) values (?,?,?,?,?,default)
    Hibernate: insert into ft_participants (draft_order,fantasy_game_seq,player_id,preferred_team,team_name,seq) values (?,?,?,?,?,default)
    Hibernate: insert into ft_participants (draft_order,fantasy_game_seq,player_id,preferred_team,team_name,seq) values (?,?,?,?,?,default)
    Hibernate: insert into ft_participants (draft_order,fantasy_game_seq,player_id,preferred_team,team_name,seq) values (?,?,?,?,?,default)
    Hibernate: insert into ft_participants (draft_order,fantasy_game_seq,player_id,preferred_team,team_name,seq) values (?,?,?,?,?,default)
    Hibernate: insert into ft_participants (draft_order,fantasy_game_seq,player_id,preferred_team,team_name,seq) values (?,?,?,?,?,default)
    Hibernate: insert into ft_participants (draft_order,fantasy_game_seq,player_id,preferred_team,team_name,seq) values (?,?,?,?,?,default)
    Hibernate: insert into ft_participants (draft_order,fantasy_game_seq,player_id,preferred_team,team_name,seq) values (?,?,?,?,?,default)
    Hibernate: insert into ft_participants (draft_order,fantasy_game_seq,player_id,preferred_team,team_name,seq) values (?,?,?,?,?,default)
    Hibernate: insert into ft_participants (draft_order,fantasy_game_seq,player_id,preferred_team,team_name,seq) values (?,?,?,?,?,default)
    Hibernate: insert into ft_participants (draft_order,fantasy_game_seq,player_id,preferred_team,team_name,seq) values (?,?,?,?,?,default)
    Hibernate: insert into ft_participants (draft_order,fantasy_game_seq,player_id,preferred_team,team_name,seq) values (?,?,?,?,?,default)
    Hibernate: insert into ft_participants (draft_order,fantasy_game_seq,player_id,preferred_team,team_name,seq) values (?,?,?,?,?,default)
    Hibernate: insert into ft_participants (draft_order,fantasy_game_seq,player_id,preferred_team,team_name,seq) values (?,?,?,?,?,default)
    Hibernate: insert into ft_participants (draft_order,fantasy_game_seq,player_id,preferred_team,team_name,seq) values (?,?,?,?,?,default)
    Hibernate: insert into ft_participants (draft_order,fantasy_game_seq,player_id,preferred_team,team_name,seq) values (?,?,?,?,?,default)
    Hibernate: insert into ft_participants (draft_order,fantasy_game_seq,player_id,preferred_team,team_name,seq) values (?,?,?,?,?,default)
    Hibernate: insert into ft_participants (draft_order,fantasy_game_seq,player_id,preferred_team,team_name,seq) values (?,?,?,?,?,default)
    Hibernate: insert into ft_participants (draft_order,fantasy_game_seq,player_id,preferred_team,team_name,seq) values (?,?,?,?,?,default)
    Hibernate: insert into ft_participants (draft_order,fantasy_game_seq,player_id,preferred_team,team_name,seq) values (?,?,?,?,?,default)
    Hibernate: insert into ft_participants (draft_order,fantasy_game_seq,player_id,preferred_team,team_name,seq) values (?,?,?,?,?,default)
    Hibernate: insert into ft_participants (draft_order,fantasy_game_seq,player_id,preferred_team,team_name,seq) values (?,?,?,?,?,default)
    Hibernate: insert into ft_participants (draft_order,fantasy_game_seq,player_id,preferred_team,team_name,seq) values (?,?,?,?,?,default)
    Hibernate: insert into ft_participants (draft_order,fantasy_game_seq,player_id,preferred_team,team_name,seq) values (?,?,?,?,?,default)
    Hibernate: insert into ft_participants (draft_order,fantasy_game_seq,player_id,preferred_team,team_name,seq) values (?,?,?,?,?,default)
    Hibernate: insert into ft_participants (draft_order,fantasy_game_seq,player_id,preferred_team,team_name,seq) values (?,?,?,?,?,default)
    Hibernate: insert into ft_participants (draft_order,fantasy_game_seq,player_id,preferred_team,team_name,seq) values (?,?,?,?,?,default)
    Hibernate: insert into ft_participants (draft_order,fantasy_game_seq,player_id,preferred_team,team_name,seq) values (?,?,?,?,?,default)
    Hibernate: insert into ft_participants (draft_order,fantasy_game_seq,player_id,preferred_team,team_name,seq) values (?,?,?,?,?,default)
    Hibernate: insert into ft_participants (draft_order,fantasy_game_seq,player_id,preferred_team,team_name,seq) values (?,?,?,?,?,default)
    Hibernate: insert into ft_participants (draft_order,fantasy_game_seq,player_id,preferred_team,team_name,seq) values (?,?,?,?,?,default)
    Hibernate: insert into ft_participants (draft_order,fantasy_game_seq,player_id,preferred_team,team_name,seq) values (?,?,?,?,?,default)
    Hibernate: insert into ft_participants (draft_order,fantasy_game_seq,player_id,preferred_team,team_name,seq) values (?,?,?,?,?,default)
    Hibernate: insert into ft_participants (draft_order,fantasy_game_seq,player_id,preferred_team,team_name,seq) values (?,?,?,?,?,default)
    Hibernate: insert into ft_participants (draft_order,fantasy_game_seq,player_id,preferred_team,team_name,seq) values (?,?,?,?,?,default)
    Hibernate: insert into ft_participants (draft_order,fantasy_game_seq,player_id,preferred_team,team_name,seq) values (?,?,?,?,?,default)
    Hibernate: insert into ft_participants (draft_order,fantasy_game_seq,player_id,preferred_team,team_name,seq) values (?,?,?,?,?,default)
    Hibernate: insert into ft_participants (draft_order,fantasy_game_seq,player_id,preferred_team,team_name,seq) values (?,?,?,?,?,default)
    Hibernate: insert into ft_participants (draft_order,fantasy_game_seq,player_id,preferred_team,team_name,seq) values (?,?,?,?,?,default)
    Hibernate: insert into ft_participants (draft_order,fantasy_game_seq,player_id,preferred_team,team_name,seq) values (?,?,?,?,?,default)
    Hibernate: insert into ft_participants (draft_order,fantasy_game_seq,player_id,preferred_team,team_name,seq) values (?,?,?,?,?,default)
    Hibernate: insert into ft_participants (draft_order,fantasy_game_seq,player_id,preferred_team,team_name,seq) values (?,?,?,?,?,default)
    Hibernate: insert into ft_participants (draft_order,fantasy_game_seq,player_id,preferred_team,team_name,seq) values (?,?,?,?,?,default)
    Hibernate: insert into ft_participants (draft_order,fantasy_game_seq,player_id,preferred_team,team_name,seq) values (?,?,?,?,?,default)
    Hibernate: insert into ft_participants (draft_order,fantasy_game_seq,player_id,preferred_team,team_name,seq) values (?,?,?,?,?,default)
    Hibernate: insert into ft_participants (draft_order,fantasy_game_seq,player_id,preferred_team,team_name,seq) values (?,?,?,?,?,default)
    Hibernate: insert into ft_participants (draft_order,fantasy_game_seq,player_id,preferred_team,team_name,seq) values (?,?,?,?,?,default)
    Hibernate: insert into ft_participants (draft_order,fantasy_game_seq,player_id,preferred_team,team_name,seq) values (?,?,?,?,?,default)
    Hibernate: insert into ft_participants (draft_order,fantasy_game_seq,player_id,preferred_team,team_name,seq) values (?,?,?,?,?,default)
    Hibernate: insert into ft_participants (draft_order,fantasy_game_seq,player_id,preferred_team,team_name,seq) values (?,?,?,?,?,default)
    Hibernate: insert into ft_participants (draft_order,fantasy_game_seq,player_id,preferred_team,team_name,seq) values (?,?,?,?,?,default)
    Hibernate: insert into ft_participants (draft_order,fantasy_game_seq,player_id,preferred_team,team_name,seq) values (?,?,?,?,?,default)
    Hibernate: insert into ft_participants (draft_order,fantasy_game_seq,player_id,preferred_team,team_name,seq) values (?,?,?,?,?,default)
    Hibernate: insert into ft_participants (draft_order,fantasy_game_seq,player_id,preferred_team,team_name,seq) values (?,?,?,?,?,default)
    Hibernate: insert into ft_participants (draft_order,fantasy_game_seq,player_id,preferred_team,team_name,seq) values (?,?,?,?,?,default)
    Hibernate: insert into ft_participants (draft_order,fantasy_game_seq,player_id,preferred_team,team_name,seq) values (?,?,?,?,?,default)
    Hibernate: insert into ft_participants (draft_order,fantasy_game_seq,player_id,preferred_team,team_name,seq) values (?,?,?,?,?,default)
    Hibernate: insert into ft_participants (draft_order,fantasy_game_seq,player_id,preferred_team,team_name,seq) values (?,?,?,?,?,default)
    Hibernate: insert into ft_participants (draft_order,fantasy_game_seq,player_id,preferred_team,team_name,seq) values (?,?,?,?,?,default)
    Hibernate: insert into ft_participants (draft_order,fantasy_game_seq,player_id,preferred_team,team_name,seq) values (?,?,?,?,?,default)
    Hibernate: insert into ft_participants (draft_order,fantasy_game_seq,player_id,preferred_team,team_name,seq) values (?,?,?,?,?,default)
    Hibernate: insert into ft_participants (draft_order,fantasy_game_seq,player_id,preferred_team,team_name,seq) values (?,?,?,?,?,default)
    Hibernate: insert into ft_participants (draft_order,fantasy_game_seq,player_id,preferred_team,team_name,seq) values (?,?,?,?,?,default)
    Hibernate: insert into ft_participants (draft_order,fantasy_game_seq,player_id,preferred_team,team_name,seq) values (?,?,?,?,?,default)
    Hibernate: insert into ft_participants (draft_order,fantasy_game_seq,player_id,preferred_team,team_name,seq) values (?,?,?,?,?,default)
    Hibernate: insert into ft_participants (draft_order,fantasy_game_seq,player_id,preferred_team,team_name,seq) values (?,?,?,?,?,default)
    Hibernate: insert into ft_participants (draft_order,fantasy_game_seq,player_id,preferred_team,team_name,seq) values (?,?,?,?,?,default)
    Hibernate: insert into ft_participants (draft_order,fantasy_game_seq,player_id,preferred_team,team_name,seq) values (?,?,?,?,?,default)
    Hibernate: insert into ft_participants (draft_order,fantasy_game_seq,player_id,preferred_team,team_name,seq) values (?,?,?,?,?,default)
    Hibernate: insert into ft_participants (draft_order,fantasy_game_seq,player_id,preferred_team,team_name,seq) values (?,?,?,?,?,default)
    Hibernate: insert into ft_participants (draft_order,fantasy_game_seq,player_id,preferred_team,team_name,seq) values (?,?,?,?,?,default)
    Hibernate: insert into ft_participants (draft_order,fantasy_game_seq,player_id,preferred_team,team_name,seq) values (?,?,?,?,?,default)
    Hibernate: insert into ft_participants (draft_order,fantasy_game_seq,player_id,preferred_team,team_name,seq) values (?,?,?,?,?,default)
    Hibernate: insert into ft_participants (draft_order,fantasy_game_seq,player_id,preferred_team,team_name,seq) values (?,?,?,?,?,default)
    Hibernate: insert into ft_participants (draft_order,fantasy_game_seq,player_id,preferred_team,team_name,seq) values (?,?,?,?,?,default)
    Hibernate: insert into ft_participants (draft_order,fantasy_game_seq,player_id,preferred_team,team_name,seq) values (?,?,?,?,?,default)
    Hibernate: insert into ft_participants (draft_order,fantasy_game_seq,player_id,preferred_team,team_name,seq) values (?,?,?,?,?,default)
    Hibernate: insert into ft_participants (draft_order,fantasy_game_seq,player_id,preferred_team,team_name,seq) values (?,?,?,?,?,default)
    Hibernate: insert into ft_participants (draft_order,fantasy_game_seq,player_id,preferred_team,team_name,seq) values (?,?,?,?,?,default)
    Hibernate: insert into ft_participants (draft_order,fantasy_game_seq,player_id,preferred_team,team_name,seq) values (?,?,?,?,?,default)
    Hibernate: insert into ft_participants (draft_order,fantasy_game_seq,player_id,preferred_team,team_name,seq) values (?,?,?,?,?,default)
    Hibernate: insert into ft_participants (draft_order,fantasy_game_seq,player_id,preferred_team,team_name,seq) values (?,?,?,?,?,default)
    Hibernate: insert into ft_participants (draft_order,fantasy_game_seq,player_id,preferred_team,team_name,seq) values (?,?,?,?,?,default)
    Hibernate: insert into ft_participants (draft_order,fantasy_game_seq,player_id,preferred_team,team_name,seq) values (?,?,?,?,?,default)
    Hibernate: insert into ft_participants (draft_order,fantasy_game_seq,player_id,preferred_team,team_name,seq) values (?,?,?,?,?,default)
    Hibernate: insert into ft_participants (draft_order,fantasy_game_seq,player_id,preferred_team,team_name,seq) values (?,?,?,?,?,default)
    Hibernate: insert into ft_participants (draft_order,fantasy_game_seq,player_id,preferred_team,team_name,seq) values (?,?,?,?,?,default)
    Hibernate: insert into ft_participants (draft_order,fantasy_game_seq,player_id,preferred_team,team_name,seq) values (?,?,?,?,?,default)
    Hibernate: insert into ft_participants (draft_order,fantasy_game_seq,player_id,preferred_team,team_name,seq) values (?,?,?,?,?,default)
    Hibernate: insert into ft_participants (draft_order,fantasy_game_seq,player_id,preferred_team,team_name,seq) values (?,?,?,?,?,default)
    Hibernate: insert into ft_participants (draft_order,fantasy_game_seq,player_id,preferred_team,team_name,seq) values (?,?,?,?,?,default)
    Hibernate: insert into ft_participants (draft_order,fantasy_game_seq,player_id,preferred_team,team_name,seq) values (?,?,?,?,?,default)
    Hibernate: insert into ft_participants (draft_order,fantasy_game_seq,player_id,preferred_team,team_name,seq) values (?,?,?,?,?,default)
    Hibernate: insert into ft_participants (draft_order,fantasy_game_seq,player_id,preferred_team,team_name,seq) values (?,?,?,?,?,default)
    Hibernate: insert into ft_participants (draft_order,fantasy_game_seq,player_id,preferred_team,team_name,seq) values (?,?,?,?,?,default)
    Hibernate: insert into ft_participants (draft_order,fantasy_game_seq,player_id,preferred_team,team_name,seq) values (?,?,?,?,?,default)
    Hibernate: insert into ft_participants (draft_order,fantasy_game_seq,player_id,preferred_team,team_name,seq) values (?,?,?,?,?,default)
    Hibernate: insert into ft_participants (draft_order,fantasy_game_seq,player_id,preferred_team,team_name,seq) values (?,?,?,?,?,default)
    Hibernate: insert into ft_participants (draft_order,fantasy_game_seq,player_id,preferred_team,team_name,seq) values (?,?,?,?,?,default)
    Hibernate: insert into ft_participants (draft_order,fantasy_game_seq,player_id,preferred_team,team_name,seq) values (?,?,?,?,?,default)
    Hibernate: insert into ft_participants (draft_order,fantasy_game_seq,player_id,preferred_team,team_name,seq) values (?,?,?,?,?,default)
    Hibernate: insert into ft_participants (draft_order,fantasy_game_seq,player_id,preferred_team,team_name,seq) values (?,?,?,?,?,default)
    Hibernate: insert into ft_participants (draft_order,fantasy_game_seq,player_id,preferred_team,team_name,seq) values (?,?,?,?,?,default)
    Hibernate: insert into ft_participants (draft_order,fantasy_game_seq,player_id,preferred_team,team_name,seq) values (?,?,?,?,?,default)
    Hibernate: insert into ft_participants (draft_order,fantasy_game_seq,player_id,preferred_team,team_name,seq) values (?,?,?,?,?,default)
    Hibernate: insert into ft_participants (draft_order,fantasy_game_seq,player_id,preferred_team,team_name,seq) values (?,?,?,?,?,default)
    Hibernate: insert into ft_participants (draft_order,fantasy_game_seq,player_id,preferred_team,team_name,seq) values (?,?,?,?,?,default)
    Hibernate: insert into ft_participants (draft_order,fantasy_game_seq,player_id,preferred_team,team_name,seq) values (?,?,?,?,?,default)
    Hibernate: insert into ft_participants (draft_order,fantasy_game_seq,player_id,preferred_team,team_name,seq) values (?,?,?,?,?,default)
    Hibernate: insert into ft_participants (draft_order,fantasy_game_seq,player_id,preferred_team,team_name,seq) values (?,?,?,?,?,default)
    Hibernate: insert into ft_participants (draft_order,fantasy_game_seq,player_id,preferred_team,team_name,seq) values (?,?,?,?,?,default)
    Hibernate: insert into ft_participants (draft_order,fantasy_game_seq,player_id,preferred_team,team_name,seq) values (?,?,?,?,?,default)
    Hibernate: insert into ft_participants (draft_order,fantasy_game_seq,player_id,preferred_team,team_name,seq) values (?,?,?,?,?,default)
    Hibernate: insert into ft_participants (draft_order,fantasy_game_seq,player_id,preferred_team,team_name,seq) values (?,?,?,?,?,default)
    Hibernate: insert into ft_participants (draft_order,fantasy_game_seq,player_id,preferred_team,team_name,seq) values (?,?,?,?,?,default)
    Hibernate: insert into ft_participants (draft_order,fantasy_game_seq,player_id,preferred_team,team_name,seq) values (?,?,?,?,?,default)
    Hibernate: insert into ft_participants (draft_order,fantasy_game_seq,player_id,preferred_team,team_name,seq) values (?,?,?,?,?,default)
    Hibernate: insert into ft_participants (draft_order,fantasy_game_seq,player_id,preferred_team,team_name,seq) values (?,?,?,?,?,default)
    Hibernate: insert into ft_participants (draft_order,fantasy_game_seq,player_id,preferred_team,team_name,seq) values (?,?,?,?,?,default)
    Hibernate: insert into ft_participants (draft_order,fantasy_game_seq,player_id,preferred_team,team_name,seq) values (?,?,?,?,?,default)
    Hibernate: insert into ft_participants (draft_order,fantasy_game_seq,player_id,preferred_team,team_name,seq) values (?,?,?,?,?,default)
    Hibernate: insert into ft_participants (draft_order,fantasy_game_seq,player_id,preferred_team,team_name,seq) values (?,?,?,?,?,default)
    Hibernate: insert into ft_participants (draft_order,fantasy_game_seq,player_id,preferred_team,team_name,seq) values (?,?,?,?,?,default)
    Hibernate: insert into ft_participants (draft_order,fantasy_game_seq,player_id,preferred_team,team_name,seq) values (?,?,?,?,?,default)
    Hibernate: insert into ft_participants (draft_order,fantasy_game_seq,player_id,preferred_team,team_name,seq) values (?,?,?,?,?,default)
    Hibernate: insert into ft_participants (draft_order,fantasy_game_seq,player_id,preferred_team,team_name,seq) values (?,?,?,?,?,default)
    Hibernate: insert into ft_participants (draft_order,fantasy_game_seq,player_id,preferred_team,team_name,seq) values (?,?,?,?,?,default)
    Hibernate: insert into ft_participants (draft_order,fantasy_game_seq,player_id,preferred_team,team_name,seq) values (?,?,?,?,?,default)
    Hibernate: insert into ft_participants (draft_order,fantasy_game_seq,player_id,preferred_team,team_name,seq) values (?,?,?,?,?,default)
    Hibernate: insert into ft_participants (draft_order,fantasy_game_seq,player_id,preferred_team,team_name,seq) values (?,?,?,?,?,default)
    Hibernate: insert into ft_participants (draft_order,fantasy_game_seq,player_id,preferred_team,team_name,seq) values (?,?,?,?,?,default)
    Hibernate: insert into ft_participants (draft_order,fantasy_game_seq,player_id,preferred_team,team_name,seq) values (?,?,?,?,?,default)
    Hibernate: insert into ft_participants (draft_order,fantasy_game_seq,player_id,preferred_team,team_name,seq) values (?,?,?,?,?,default)
    Hibernate: insert into ft_participants (draft_order,fantasy_game_seq,player_id,preferred_team,team_name,seq) values (?,?,?,?,?,default)
    Hibernate: insert into ft_participants (draft_order,fantasy_game_seq,player_id,preferred_team,team_name,seq) values (?,?,?,?,?,default)
    Hibernate: insert into ft_participants (draft_order,fantasy_game_seq,player_id,preferred_team,team_name,seq) values (?,?,?,?,?,default)
    Hibernate: insert into ft_participants (draft_order,fantasy_game_seq,player_id,preferred_team,team_name,seq) values (?,?,?,?,?,default)
    Hibernate: insert into ft_participants (draft_order,fantasy_game_seq,player_id,preferred_team,team_name,seq) values (?,?,?,?,?,default)
    Hibernate: insert into ft_participants (draft_order,fantasy_game_seq,player_id,preferred_team,team_name,seq) values (?,?,?,?,?,default)
    Hibernate: insert into ft_participants (draft_order,fantasy_game_seq,player_id,preferred_team,team_name,seq) values (?,?,?,?,?,default)
    Hibernate: insert into ft_participants (draft_order,fantasy_game_seq,player_id,preferred_team,team_name,seq) values (?,?,?,?,?,default)
    Hibernate: insert into ft_participants (draft_order,fantasy_game_seq,player_id,preferred_team,team_name,seq) values (?,?,?,?,?,default)
    Hibernate: insert into ft_participants (draft_order,fantasy_game_seq,player_id,preferred_team,team_name,seq) values (?,?,?,?,?,default)
    Hibernate: insert into ft_participants (draft_order,fantasy_game_seq,player_id,preferred_team,team_name,seq) values (?,?,?,?,?,default)
    Hibernate: insert into ft_participants (draft_order,fantasy_game_seq,player_id,preferred_team,team_name,seq) values (?,?,?,?,?,default)
    Hibernate: insert into ft_participants (draft_order,fantasy_game_seq,player_id,preferred_team,team_name,seq) values (?,?,?,?,?,default)
    Hibernate: insert into ft_participants (draft_order,fantasy_game_seq,player_id,preferred_team,team_name,seq) values (?,?,?,?,?,default)
    Hibernate: insert into ft_participants (draft_order,fantasy_game_seq,player_id,preferred_team,team_name,seq) values (?,?,?,?,?,default)
    Hibernate: insert into ft_participants (draft_order,fantasy_game_seq,player_id,preferred_team,team_name,seq) values (?,?,?,?,?,default)
    Hibernate: insert into ft_participants (draft_order,fantasy_game_seq,player_id,preferred_team,team_name,seq) values (?,?,?,?,?,default)
    Hibernate: insert into ft_participants (draft_order,fantasy_game_seq,player_id,preferred_team,team_name,seq) values (?,?,?,?,?,default)
    Hibernate: insert into ft_participants (draft_order,fantasy_game_seq,player_id,preferred_team,team_name,seq) values (?,?,?,?,?,default)
    Hibernate: insert into ft_participants (draft_order,fantasy_game_seq,player_id,preferred_team,team_name,seq) values (?,?,?,?,?,default)
    Hibernate: insert into ft_participants (draft_order,fantasy_game_seq,player_id,preferred_team,team_name,seq) values (?,?,?,?,?,default)
    Hibernate: insert into ft_participants (draft_order,fantasy_game_seq,player_id,preferred_team,team_name,seq) values (?,?,?,?,?,default)
    Hibernate: insert into ft_participants (draft_order,fantasy_game_seq,player_id,preferred_team,team_name,seq) values (?,?,?,?,?,default)
    Hibernate: insert into ft_participants (draft_order,fantasy_game_seq,player_id,preferred_team,team_name,seq) values (?,?,?,?,?,default)
    Hibernate: insert into ft_participants (draft_order,fantasy_game_seq,player_id,preferred_team,team_name,seq) values (?,?,?,?,?,default)
    Hibernate: insert into ft_participants (draft_order,fantasy_game_seq,player_id,preferred_team,team_name,seq) values (?,?,?,?,?,default)
    Hibernate: insert into ft_participants (draft_order,fantasy_game_seq,player_id,preferred_team,team_name,seq) values (?,?,?,?,?,default)
    Hibernate: insert into ft_participants (draft_order,fantasy_game_seq,player_id,preferred_team,team_name,seq) values (?,?,?,?,?,default)
    Hibernate: insert into ft_participants (draft_order,fantasy_game_seq,player_id,preferred_team,team_name,seq) values (?,?,?,?,?,default)
    Hibernate: insert into ft_participants (draft_order,fantasy_game_seq,player_id,preferred_team,team_name,seq) values (?,?,?,?,?,default)
    Hibernate: insert into ft_participants (draft_order,fantasy_game_seq,player_id,preferred_team,team_name,seq) values (?,?,?,?,?,default)
    Hibernate: insert into ft_participants (draft_order,fantasy_game_seq,player_id,preferred_team,team_name,seq) values (?,?,?,?,?,default)
    Hibernate: insert into ft_participants (draft_order,fantasy_game_seq,player_id,preferred_team,team_name,seq) values (?,?,?,?,?,default)
    Hibernate: insert into ft_participants (draft_order,fantasy_game_seq,player_id,preferred_team,team_name,seq) values (?,?,?,?,?,default)
    Hibernate: insert into ft_participants (draft_order,fantasy_game_seq,player_id,preferred_team,team_name,seq) values (?,?,?,?,?,default)
    Hibernate: insert into ft_participants (draft_order,fantasy_game_seq,player_id,preferred_team,team_name,seq) values (?,?,?,?,?,default)
    Hibernate: insert into ft_participants (draft_order,fantasy_game_seq,player_id,preferred_team,team_name,seq) values (?,?,?,?,?,default)
    Hibernate: insert into ft_participants (draft_order,fantasy_game_seq,player_id,preferred_team,team_name,seq) values (?,?,?,?,?,default)
    Hibernate: insert into ft_participants (draft_order,fantasy_game_seq,player_id,preferred_team,team_name,seq) values (?,?,?,?,?,default)
    Hibernate: insert into ft_participants (draft_order,fantasy_game_seq,player_id,preferred_team,team_name,seq) values (?,?,?,?,?,default)
    Hibernate: insert into ft_participants (draft_order,fantasy_game_seq,player_id,preferred_team,team_name,seq) values (?,?,?,?,?,default)
    Hibernate: insert into ft_participants (draft_order,fantasy_game_seq,player_id,preferred_team,team_name,seq) values (?,?,?,?,?,default)
    Hibernate: insert into ft_participants (draft_order,fantasy_game_seq,player_id,preferred_team,team_name,seq) values (?,?,?,?,?,default)
    Hibernate: insert into ft_participants (draft_order,fantasy_game_seq,player_id,preferred_team,team_name,seq) values (?,?,?,?,?,default)
    Hibernate: insert into ft_participants (draft_order,fantasy_game_seq,player_id,preferred_team,team_name,seq) values (?,?,?,?,?,default)
    Hibernate: insert into ft_participants (draft_order,fantasy_game_seq,player_id,preferred_team,team_name,seq) values (?,?,?,?,?,default)
    Hibernate: insert into ft_participants (draft_order,fantasy_game_seq,player_id,preferred_team,team_name,seq) values (?,?,?,?,?,default)
    Hibernate: insert into ft_participants (draft_order,fantasy_game_seq,player_id,preferred_team,team_name,seq) values (?,?,?,?,?,default)
    Hibernate: insert into ft_participants (draft_order,fantasy_game_seq,player_id,preferred_team,team_name,seq) values (?,?,?,?,?,default)
    Hibernate: insert into ft_participants (draft_order,fantasy_game_seq,player_id,preferred_team,team_name,seq) values (?,?,?,?,?,default)
    Hibernate: insert into ft_participants (draft_order,fantasy_game_seq,player_id,preferred_team,team_name,seq) values (?,?,?,?,?,default)
    Hibernate: insert into ft_participants (draft_order,fantasy_game_seq,player_id,preferred_team,team_name,seq) values (?,?,?,?,?,default)
    Hibernate: insert into ft_participants (draft_order,fantasy_game_seq,player_id,preferred_team,team_name,seq) values (?,?,?,?,?,default)
    Hibernate: insert into ft_participants (draft_order,fantasy_game_seq,player_id,preferred_team,team_name,seq) values (?,?,?,?,?,default)
    Hibernate: insert into ft_participants (draft_order,fantasy_game_seq,player_id,preferred_team,team_name,seq) values (?,?,?,?,?,default)
    Hibernate: insert into ft_participants (draft_order,fantasy_game_seq,player_id,preferred_team,team_name,seq) values (?,?,?,?,?,default)
    Hibernate: insert into ft_participants (draft_order,fantasy_game_seq,player_id,preferred_team,team_name,seq) values (?,?,?,?,?,default)
    Hibernate: insert into ft_participants (draft_order,fantasy_game_seq,player_id,preferred_team,team_name,seq) values (?,?,?,?,?,default)
    Hibernate: insert into ft_participants (draft_order,fantasy_game_seq,player_id,preferred_team,team_name,seq) values (?,?,?,?,?,default)
    Hibernate: insert into ft_participants (draft_order,fantasy_game_seq,player_id,preferred_team,team_name,seq) values (?,?,?,?,?,default)
    Hibernate: insert into ft_participants (draft_order,fantasy_game_seq,player_id,preferred_team,team_name,seq) values (?,?,?,?,?,default)
    Hibernate: insert into ft_participants (draft_order,fantasy_game_seq,player_id,preferred_team,team_name,seq) values (?,?,?,?,?,default)
    Hibernate: insert into ft_participants (draft_order,fantasy_game_seq,player_id,preferred_team,team_name,seq) values (?,?,?,?,?,default)
    Hibernate: insert into ft_participants (draft_order,fantasy_game_seq,player_id,preferred_team,team_name,seq) values (?,?,?,?,?,default)
    Hibernate: insert into ft_participants (draft_order,fantasy_game_seq,player_id,preferred_team,team_name,seq) values (?,?,?,?,?,default)
    Hibernate: insert into ft_participants (draft_order,fantasy_game_seq,player_id,preferred_team,team_name,seq) values (?,?,?,?,?,default)
    Hibernate: insert into ft_participants (draft_order,fantasy_game_seq,player_id,preferred_team,team_name,seq) values (?,?,?,?,?,default)
    Hibernate: insert into ft_participants (draft_order,fantasy_game_seq,player_id,preferred_team,team_name,seq) values (?,?,?,?,?,default)
    Hibernate: insert into ft_participants (draft_order,fantasy_game_seq,player_id,preferred_team,team_name,seq) values (?,?,?,?,?,default)
    Hibernate: insert into ft_participants (draft_order,fantasy_game_seq,player_id,preferred_team,team_name,seq) values (?,?,?,?,?,default)
    Hibernate: insert into ft_participants (draft_order,fantasy_game_seq,player_id,preferred_team,team_name,seq) values (?,?,?,?,?,default)
    Hibernate: insert into ft_participants (draft_order,fantasy_game_seq,player_id,preferred_team,team_name,seq) values (?,?,?,?,?,default)
    Hibernate: insert into ft_participants (draft_order,fantasy_game_seq,player_id,preferred_team,team_name,seq) values (?,?,?,?,?,default)
    Hibernate: insert into ft_participants (draft_order,fantasy_game_seq,player_id,preferred_team,team_name,seq) values (?,?,?,?,?,default)
    Hibernate: insert into ft_participants (draft_order,fantasy_game_seq,player_id,preferred_team,team_name,seq) values (?,?,?,?,?,default)
    Hibernate: insert into ft_participants (draft_order,fantasy_game_seq,player_id,preferred_team,team_name,seq) values (?,?,?,?,?,default)
    Hibernate: insert into ft_participants (draft_order,fantasy_game_seq,player_id,preferred_team,team_name,seq) values (?,?,?,?,?,default)
    Hibernate: insert into ft_participants (draft_order,fantasy_game_seq,player_id,preferred_team,team_name,seq) values (?,?,?,?,?,default)
    Hibernate: insert into ft_participants (draft_order,fantasy_game_seq,player_id,preferred_team,team_name,seq) values (?,?,?,?,?,default)
    Hibernate: insert into ft_participants (draft_order,fantasy_game_seq,player_id,preferred_team,team_name,seq) values (?,?,?,?,?,default)
    Hibernate: insert into ft_participants (draft_order,fantasy_game_seq,player_id,preferred_team,team_name,seq) values (?,?,?,?,?,default)
    Hibernate: insert into ft_participants (draft_order,fantasy_game_seq,player_id,preferred_team,team_name,seq) values (?,?,?,?,?,default)
    Hibernate: insert into ft_participants (draft_order,fantasy_game_seq,player_id,preferred_team,team_name,seq) values (?,?,?,?,?,default)
    Hibernate: insert into ft_participants (draft_order,fantasy_game_seq,player_id,preferred_team,team_name,seq) values (?,?,?,?,?,default)
    Hibernate: insert into ft_participants (draft_order,fantasy_game_seq,player_id,preferred_team,team_name,seq) values (?,?,?,?,?,default)
    Hibernate: insert into ft_participants (draft_order,fantasy_game_seq,player_id,preferred_team,team_name,seq) values (?,?,?,?,?,default)
    Hibernate: insert into ft_participants (draft_order,fantasy_game_seq,player_id,preferred_team,team_name,seq) values (?,?,?,?,?,default)
    Hibernate: insert into ft_participants (draft_order,fantasy_game_seq,player_id,preferred_team,team_name,seq) values (?,?,?,?,?,default)
    Hibernate: insert into ft_participants (draft_order,fantasy_game_seq,player_id,preferred_team,team_name,seq) values (?,?,?,?,?,default)
    Hibernate: insert into ft_participants (draft_order,fantasy_game_seq,player_id,preferred_team,team_name,seq) values (?,?,?,?,?,default)
    Hibernate: insert into ft_participants (draft_order,fantasy_game_seq,player_id,preferred_team,team_name,seq) values (?,?,?,?,?,default)
    Hibernate: insert into ft_participants (draft_order,fantasy_game_seq,player_id,preferred_team,team_name,seq) values (?,?,?,?,?,default)
    Hibernate: insert into ft_participants (draft_order,fantasy_game_seq,player_id,preferred_team,team_name,seq) values (?,?,?,?,?,default)
    Hibernate: insert into ft_participants (draft_order,fantasy_game_seq,player_id,preferred_team,team_name,seq) values (?,?,?,?,?,default)
    Hibernate: insert into ft_participants (draft_order,fantasy_game_seq,player_id,preferred_team,team_name,seq) values (?,?,?,?,?,default)
    Hibernate: insert into ft_participants (draft_order,fantasy_game_seq,player_id,preferred_team,team_name,seq) values (?,?,?,?,?,default)
    Hibernate: insert into ft_participants (draft_order,fantasy_game_seq,player_id,preferred_team,team_name,seq) values (?,?,?,?,?,default)
    Hibernate: insert into ft_participants (draft_order,fantasy_game_seq,player_id,preferred_team,team_name,seq) values (?,?,?,?,?,default)
    Hibernate: insert into ft_participants (draft_order,fantasy_game_seq,player_id,preferred_team,team_name,seq) values (?,?,?,?,?,default)
    Hibernate: insert into ft_participants (draft_order,fantasy_game_seq,player_id,preferred_team,team_name,seq) values (?,?,?,?,?,default)
    Hibernate: insert into ft_participants (draft_order,fantasy_game_seq,player_id,preferred_team,team_name,seq) values (?,?,?,?,?,default)
    Hibernate: insert into ft_participants (draft_order,fantasy_game_seq,player_id,preferred_team,team_name,seq) values (?,?,?,?,?,default)
    Hibernate: insert into ft_participants (draft_order,fantasy_game_seq,player_id,preferred_team,team_name,seq) values (?,?,?,?,?,default)
    Hibernate: insert into ft_participants (draft_order,fantasy_game_seq,player_id,preferred_team,team_name,seq) values (?,?,?,?,?,default)
    Hibernate: insert into ft_participants (draft_order,fantasy_game_seq,player_id,preferred_team,team_name,seq) values (?,?,?,?,?,default)
    Hibernate: insert into ft_participants (draft_order,fantasy_game_seq,player_id,preferred_team,team_name,seq) values (?,?,?,?,?,default)
    Hibernate: insert into ft_participants (draft_order,fantasy_game_seq,player_id,preferred_team,team_name,seq) values (?,?,?,?,?,default)
    Hibernate: insert into ft_participants (draft_order,fantasy_game_seq,player_id,preferred_team,team_name,seq) values (?,?,?,?,?,default)
    Hibernate: insert into ft_participants (draft_order,fantasy_game_seq,player_id,preferred_team,team_name,seq) values (?,?,?,?,?,default)
    Hibernate: insert into ft_participants (draft_order,fantasy_game_seq,player_id,preferred_team,team_name,seq) values (?,?,?,?,?,default)
    Hibernate: insert into ft_participants (draft_order,fantasy_game_seq,player_id,preferred_team,team_name,seq) values (?,?,?,?,?,default)
    Hibernate: insert into ft_participants (draft_order,fantasy_game_seq,player_id,preferred_team,team_name,seq) values (?,?,?,?,?,default)
    Hibernate: insert into ft_participants (draft_order,fantasy_game_seq,player_id,preferred_team,team_name,seq) values (?,?,?,?,?,default)
    Hibernate: insert into ft_participants (draft_order,fantasy_game_seq,player_id,preferred_team,team_name,seq) values (?,?,?,?,?,default)
    Hibernate: insert into ft_participants (draft_order,fantasy_game_seq,player_id,preferred_team,team_name,seq) values (?,?,?,?,?,default)
    Hibernate: insert into ft_participants (draft_order,fantasy_game_seq,player_id,preferred_team,team_name,seq) values (?,?,?,?,?,default)
    Hibernate: insert into ft_participants (draft_order,fantasy_game_seq,player_id,preferred_team,team_name,seq) values (?,?,?,?,?,default)
    Hibernate: insert into ft_participants (draft_order,fantasy_game_seq,player_id,preferred_team,team_name,seq) values (?,?,?,?,?,default)
    Hibernate: insert into ft_participants (draft_order,fantasy_game_seq,player_id,preferred_team,team_name,seq) values (?,?,?,?,?,default)
    Hibernate: insert into ft_participants (draft_order,fantasy_game_seq,player_id,preferred_team,team_name,seq) values (?,?,?,?,?,default)
    Hibernate: insert into ft_participants (draft_order,fantasy_game_seq,player_id,preferred_team,team_name,seq) values (?,?,?,?,?,default)
    Hibernate: insert into ft_participants (draft_order,fantasy_game_seq,player_id,preferred_team,team_name,seq) values (?,?,?,?,?,default)
    Hibernate: insert into ft_participants (draft_order,fantasy_game_seq,player_id,preferred_team,team_name,seq) values (?,?,?,?,?,default)
    Hibernate: insert into ft_participants (draft_order,fantasy_game_seq,player_id,preferred_team,team_name,seq) values (?,?,?,?,?,default)
    Hibernate: insert into ft_participants (draft_order,fantasy_game_seq,player_id,preferred_team,team_name,seq) values (?,?,?,?,?,default)
    Hibernate: insert into ft_participants (draft_order,fantasy_game_seq,player_id,preferred_team,team_name,seq) values (?,?,?,?,?,default)
    Hibernate: insert into ft_participants (draft_order,fantasy_game_seq,player_id,preferred_team,team_name,seq) values (?,?,?,?,?,default)
    Hibernate: insert into ft_participants (draft_order,fantasy_game_seq,player_id,preferred_team,team_name,seq) values (?,?,?,?,?,default)
    Hibernate: insert into ft_participants (draft_order,fantasy_game_seq,player_id,preferred_team,team_name,seq) values (?,?,?,?,?,default)
    Hibernate: insert into ft_participants (draft_order,fantasy_game_seq,player_id,preferred_team,team_name,seq) values (?,?,?,?,?,default)
    Hibernate: insert into ft_participants (draft_order,fantasy_game_seq,player_id,preferred_team,team_name,seq) values (?,?,?,?,?,default)
    Hibernate: insert into ft_participants (draft_order,fantasy_game_seq,player_id,preferred_team,team_name,seq) values (?,?,?,?,?,default)
    Hibernate: insert into ft_participants (draft_order,fantasy_game_seq,player_id,preferred_team,team_name,seq) values (?,?,?,?,?,default)
    Hibernate: insert into ft_participants (draft_order,fantasy_game_seq,player_id,preferred_team,team_name,seq) values (?,?,?,?,?,default)
    Hibernate: insert into ft_participants (draft_order,fantasy_game_seq,player_id,preferred_team,team_name,seq) values (?,?,?,?,?,default)
    Hibernate: insert into ft_participants (draft_order,fantasy_game_seq,player_id,preferred_team,team_name,seq) values (?,?,?,?,?,default)
    Hibernate: insert into ft_participants (draft_order,fantasy_game_seq,player_id,preferred_team,team_name,seq) values (?,?,?,?,?,default)
    Hibernate: insert into ft_participants (draft_order,fantasy_game_seq,player_id,preferred_team,team_name,seq) values (?,?,?,?,?,default)
    Hibernate: insert into ft_participants (draft_order,fantasy_game_seq,player_id,preferred_team,team_name,seq) values (?,?,?,?,?,default)
    Hibernate: insert into ft_participants (draft_order,fantasy_game_seq,player_id,preferred_team,team_name,seq) values (?,?,?,?,?,default)
    Hibernate: insert into ft_participants (draft_order,fantasy_game_seq,player_id,preferred_team,team_name,seq) values (?,?,?,?,?,default)
    Hibernate: insert into ft_participants (draft_order,fantasy_game_seq,player_id,preferred_team,team_name,seq) values (?,?,?,?,?,default)
    Hibernate: insert into ft_participants (draft_order,fantasy_game_seq,player_id,preferred_team,team_name,seq) values (?,?,?,?,?,default)
    Hibernate: insert into ft_participants (draft_order,fantasy_game_seq,player_id,preferred_team,team_name,seq) values (?,?,?,?,?,default)
    Hibernate: insert into ft_participants (draft_order,fantasy_game_seq,player_id,preferred_team,team_name,seq) values (?,?,?,?,?,default)
    Hibernate: insert into ft_participants (draft_order,fantasy_game_seq,player_id,preferred_team,team_name,seq) values (?,?,?,?,?,default)
    Hibernate: insert into ft_participants (draft_order,fantasy_game_seq,player_id,preferred_team,team_name,seq) values (?,?,?,?,?,default)
    Hibernate: insert into ft_participants (draft_order,fantasy_game_seq,player_id,preferred_team,team_name,seq) values (?,?,?,?,?,default)
    Hibernate: insert into ft_participants (draft_order,fantasy_game_seq,player_id,preferred_team,team_name,seq) values (?,?,?,?,?,default)
    Hibernate: insert into ft_participants (draft_order,fantasy_game_seq,player_id,preferred_team,team_name,seq) values (?,?,?,?,?,default)
    Hibernate: insert into ft_participants (draft_order,fantasy_game_seq,player_id,preferred_team,team_name,seq) values (?,?,?,?,?,default)
    Hibernate: insert into ft_participants (draft_order,fantasy_game_seq,player_id,preferred_team,team_name,seq) values (?,?,?,?,?,default)
    Hibernate: insert into ft_participants (draft_order,fantasy_game_seq,player_id,preferred_team,team_name,seq) values (?,?,?,?,?,default)
    Hibernate: insert into ft_participants (draft_order,fantasy_game_seq,player_id,preferred_team,team_name,seq) values (?,?,?,?,?,default)
    Hibernate: insert into ft_participants (draft_order,fantasy_game_seq,player_id,preferred_team,team_name,seq) values (?,?,?,?,?,default)
    Hibernate: insert into ft_participants (draft_order,fantasy_game_seq,player_id,preferred_team,team_name,seq) values (?,?,?,?,?,default)
    Hibernate: insert into ft_participants (draft_order,fantasy_game_seq,player_id,preferred_team,team_name,seq) values (?,?,?,?,?,default)
    Hibernate: insert into ft_participants (draft_order,fantasy_game_seq,player_id,preferred_team,team_name,seq) values (?,?,?,?,?,default)
    Hibernate: insert into ft_participants (draft_order,fantasy_game_seq,player_id,preferred_team,team_name,seq) values (?,?,?,?,?,default)
    Hibernate: insert into ft_participants (draft_order,fantasy_game_seq,player_id,preferred_team,team_name,seq) values (?,?,?,?,?,default)
    Hibernate: insert into ft_participants (draft_order,fantasy_game_seq,player_id,preferred_team,team_name,seq) values (?,?,?,?,?,default)
    Hibernate: insert into ft_participants (draft_order,fantasy_game_seq,player_id,preferred_team,team_name,seq) values (?,?,?,?,?,default)
    Hibernate: insert into ft_participants (draft_order,fantasy_game_seq,player_id,preferred_team,team_name,seq) values (?,?,?,?,?,default)
    Hibernate: insert into ft_participants (draft_order,fantasy_game_seq,player_id,preferred_team,team_name,seq) values (?,?,?,?,?,default)
    Hibernate: insert into ft_participants (draft_order,fantasy_game_seq,player_id,preferred_team,team_name,seq) values (?,?,?,?,?,default)
    Hibernate: insert into ft_participants (draft_order,fantasy_game_seq,player_id,preferred_team,team_name,seq) values (?,?,?,?,?,default)
    Hibernate: insert into ft_participants (draft_order,fantasy_game_seq,player_id,preferred_team,team_name,seq) values (?,?,?,?,?,default)
    Hibernate: insert into ft_participants (draft_order,fantasy_game_seq,player_id,preferred_team,team_name,seq) values (?,?,?,?,?,default)
    Hibernate: insert into ft_participants (draft_order,fantasy_game_seq,player_id,preferred_team,team_name,seq) values (?,?,?,?,?,default)
    Hibernate: insert into ft_participants (draft_order,fantasy_game_seq,player_id,preferred_team,team_name,seq) values (?,?,?,?,?,default)
    Hibernate: insert into ft_participants (draft_order,fantasy_game_seq,player_id,preferred_team,team_name,seq) values (?,?,?,?,?,default)
    Hibernate: insert into ft_participants (draft_order,fantasy_game_seq,player_id,preferred_team,team_name,seq) values (?,?,?,?,?,default)
    Hibernate: insert into ft_participants (draft_order,fantasy_game_seq,player_id,preferred_team,team_name,seq) values (?,?,?,?,?,default)
    Hibernate: insert into ft_participants (draft_order,fantasy_game_seq,player_id,preferred_team,team_name,seq) values (?,?,?,?,?,default)
    Hibernate: insert into ft_participants (draft_order,fantasy_game_seq,player_id,preferred_team,team_name,seq) values (?,?,?,?,?,default)
    Hibernate: insert into ft_participants (draft_order,fantasy_game_seq,player_id,preferred_team,team_name,seq) values (?,?,?,?,?,default)
    Hibernate: insert into ft_participants (draft_order,fantasy_game_seq,player_id,preferred_team,team_name,seq) values (?,?,?,?,?,default)
    Hibernate: insert into ft_participants (draft_order,fantasy_game_seq,player_id,preferred_team,team_name,seq) values (?,?,?,?,?,default)
    Hibernate: insert into ft_participants (draft_order,fantasy_game_seq,player_id,preferred_team,team_name,seq) values (?,?,?,?,?,default)
    Hibernate: insert into ft_participants (draft_order,fantasy_game_seq,player_id,preferred_team,team_name,seq) values (?,?,?,?,?,default)
    Hibernate: insert into ft_participants (draft_order,fantasy_game_seq,player_id,preferred_team,team_name,seq) values (?,?,?,?,?,default)
    Hibernate: insert into ft_participants (draft_order,fantasy_game_seq,player_id,preferred_team,team_name,seq) values (?,?,?,?,?,default)
    Hibernate: insert into ft_participants (draft_order,fantasy_game_seq,player_id,preferred_team,team_name,seq) values (?,?,?,?,?,default)
    Hibernate: insert into ft_participants (draft_order,fantasy_game_seq,player_id,preferred_team,team_name,seq) values (?,?,?,?,?,default)
    Hibernate: insert into ft_participants (draft_order,fantasy_game_seq,player_id,preferred_team,team_name,seq) values (?,?,?,?,?,default)
    Hibernate: insert into ft_participants (draft_order,fantasy_game_seq,player_id,preferred_team,team_name,seq) values (?,?,?,?,?,default)
    Hibernate: insert into ft_participants (draft_order,fantasy_game_seq,player_id,preferred_team,team_name,seq) values (?,?,?,?,?,default)
    Hibernate: insert into ft_participants (draft_order,fantasy_game_seq,player_id,preferred_team,team_name,seq) values (?,?,?,?,?,default)
    Hibernate: insert into ft_participants (draft_order,fantasy_game_seq,player_id,preferred_team,team_name,seq) values (?,?,?,?,?,default)
    Hibernate: insert into ft_participants (draft_order,fantasy_game_seq,player_id,preferred_team,team_name,seq) values (?,?,?,?,?,default)
    Hibernate: insert into ft_participants (draft_order,fantasy_game_seq,player_id,preferred_team,team_name,seq) values (?,?,?,?,?,default)
    Hibernate: insert into ft_participants (draft_order,fantasy_game_seq,player_id,preferred_team,team_name,seq) values (?,?,?,?,?,default)
    Hibernate: insert into ft_participants (draft_order,fantasy_game_seq,player_id,preferred_team,team_name,seq) values (?,?,?,?,?,default)
    Hibernate: insert into ft_participants (draft_order,fantasy_game_seq,player_id,preferred_team,team_name,seq) values (?,?,?,?,?,default)
    Hibernate: insert into ft_participants (draft_order,fantasy_game_seq,player_id,preferred_team,team_name,seq) values (?,?,?,?,?,default)
    Hibernate: insert into ft_participants (draft_order,fantasy_game_seq,player_id,preferred_team,team_name,seq) values (?,?,?,?,?,default)
    Hibernate: insert into ft_participants (draft_order,fantasy_game_seq,player_id,preferred_team,team_name,seq) values (?,?,?,?,?,default)
    Hibernate: insert into ft_participants (draft_order,fantasy_game_seq,player_id,preferred_team,team_name,seq) values (?,?,?,?,?,default)
    Hibernate: insert into ft_participants (draft_order,fantasy_game_seq,player_id,preferred_team,team_name,seq) values (?,?,?,?,?,default)
    Hibernate: insert into ft_participants (draft_order,fantasy_game_seq,player_id,preferred_team,team_name,seq) values (?,?,?,?,?,default)
    Hibernate: insert into ft_participants (draft_order,fantasy_game_seq,player_id,preferred_team,team_name,seq) values (?,?,?,?,?,default)
    Hibernate: insert into ft_participants (draft_order,fantasy_game_seq,player_id,preferred_team,team_name,seq) values (?,?,?,?,?,default)
    Hibernate: insert into ft_participants (draft_order,fantasy_game_seq,player_id,preferred_team,team_name,seq) values (?,?,?,?,?,default)
    Hibernate: insert into ft_participants (draft_order,fantasy_game_seq,player_id,preferred_team,team_name,seq) values (?,?,?,?,?,default)
    Hibernate: insert into ft_participants (draft_order,fantasy_game_seq,player_id,preferred_team,team_name,seq) values (?,?,?,?,?,default)
    Hibernate: insert into ft_participants (draft_order,fantasy_game_seq,player_id,preferred_team,team_name,seq) values (?,?,?,?,?,default)
    Hibernate: insert into ft_participants (draft_order,fantasy_game_seq,player_id,preferred_team,team_name,seq) values (?,?,?,?,?,default)
    Hibernate: insert into ft_participants (draft_order,fantasy_game_seq,player_id,preferred_team,team_name,seq) values (?,?,?,?,?,default)
    Hibernate: insert into ft_participants (draft_order,fantasy_game_seq,player_id,preferred_team,team_name,seq) values (?,?,?,?,?,default)
    Hibernate: insert into ft_participants (draft_order,fantasy_game_seq,player_id,preferred_team,team_name,seq) values (?,?,?,?,?,default)
    Hibernate: insert into ft_participants (draft_order,fantasy_game_seq,player_id,preferred_team,team_name,seq) values (?,?,?,?,?,default)
    Hibernate: insert into ft_participants (draft_order,fantasy_game_seq,player_id,preferred_team,team_name,seq) values (?,?,?,?,?,default)
    Hibernate: insert into ft_participants (draft_order,fantasy_game_seq,player_id,preferred_team,team_name,seq) values (?,?,?,?,?,default)
    Hibernate: insert into ft_participants (draft_order,fantasy_game_seq,player_id,preferred_team,team_name,seq) values (?,?,?,?,?,default)
    Hibernate: insert into ft_participants (draft_order,fantasy_game_seq,player_id,preferred_team,team_name,seq) values (?,?,?,?,?,default)
    Hibernate: insert into ft_participants (draft_order,fantasy_game_seq,player_id,preferred_team,team_name,seq) values (?,?,?,?,?,default)
    Hibernate: insert into ft_participants (draft_order,fantasy_game_seq,player_id,preferred_team,team_name,seq) values (?,?,?,?,?,default)
    Hibernate: insert into ft_participants (draft_order,fantasy_game_seq,player_id,preferred_team,team_name,seq) values (?,?,?,?,?,default)
    Hibernate: insert into ft_participants (draft_order,fantasy_game_seq,player_id,preferred_team,team_name,seq) values (?,?,?,?,?,default)
    Hibernate: insert into ft_participants (draft_order,fantasy_game_seq,player_id,preferred_team,team_name,seq) values (?,?,?,?,?,default)
    Hibernate: insert into ft_participants (draft_order,fantasy_game_seq,player_id,preferred_team,team_name,seq) values (?,?,?,?,?,default)
    Hibernate: insert into ft_participants (draft_order,fantasy_game_seq,player_id,preferred_team,team_name,seq) values (?,?,?,?,?,default)
    Hibernate: insert into ft_participants (draft_order,fantasy_game_seq,player_id,preferred_team,team_name,seq) values (?,?,?,?,?,default)
    Hibernate: insert into ft_participants (draft_order,fantasy_game_seq,player_id,preferred_team,team_name,seq) values (?,?,?,?,?,default)
    Hibernate: insert into ft_participants (draft_order,fantasy_game_seq,player_id,preferred_team,team_name,seq) values (?,?,?,?,?,default)
    Hibernate: insert into ft_participants (draft_order,fantasy_game_seq,player_id,preferred_team,team_name,seq) values (?,?,?,?,?,default)
    Hibernate: insert into ft_participants (draft_order,fantasy_game_seq,player_id,preferred_team,team_name,seq) values (?,?,?,?,?,default)
    Hibernate: insert into ft_participants (draft_order,fantasy_game_seq,player_id,preferred_team,team_name,seq) values (?,?,?,?,?,default)
    Hibernate: insert into ft_participants (draft_order,fantasy_game_seq,player_id,preferred_team,team_name,seq) values (?,?,?,?,?,default)
    Hibernate: insert into ft_participants (draft_order,fantasy_game_seq,player_id,preferred_team,team_name,seq) values (?,?,?,?,?,default)
    Hibernate: insert into ft_participants (draft_order,fantasy_game_seq,player_id,preferred_team,team_name,seq) values (?,?,?,?,?,default)
    Hibernate: insert into ft_participants (draft_order,fantasy_game_seq,player_id,preferred_team,team_name,seq) values (?,?,?,?,?,default)
    Hibernate: insert into ft_participants (draft_order,fantasy_game_seq,player_id,preferred_team,team_name,seq) values (?,?,?,?,?,default)
    Hibernate: insert into ft_participants (draft_order,fantasy_game_seq,player_id,preferred_team,team_name,seq) values (?,?,?,?,?,default)
    Hibernate: insert into ft_participants (draft_order,fantasy_game_seq,player_id,preferred_team,team_name,seq) values (?,?,?,?,?,default)
    Hibernate: insert into ft_participants (draft_order,fantasy_game_seq,player_id,preferred_team,team_name,seq) values (?,?,?,?,?,default)
    Hibernate: insert into ft_participants (draft_order,fantasy_game_seq,player_id,preferred_team,team_name,seq) values (?,?,?,?,?,default)
    Hibernate: insert into ft_participants (draft_order,fantasy_game_seq,player_id,preferred_team,team_name,seq) values (?,?,?,?,?,default)
    Hibernate: insert into ft_participants (draft_order,fantasy_game_seq,player_id,preferred_team,team_name,seq) values (?,?,?,?,?,default)
    Hibernate: insert into ft_participants (draft_order,fantasy_game_seq,player_id,preferred_team,team_name,seq) values (?,?,?,?,?,default)
    Hibernate: insert into ft_participants (draft_order,fantasy_game_seq,player_id,preferred_team,team_name,seq) values (?,?,?,?,?,default)
    Hibernate: insert into ft_participants (draft_order,fantasy_game_seq,player_id,preferred_team,team_name,seq) values (?,?,?,?,?,default)
    Hibernate: insert into ft_participants (draft_order,fantasy_game_seq,player_id,preferred_team,team_name,seq) values (?,?,?,?,?,default)
    Hibernate: insert into ft_participants (draft_order,fantasy_game_seq,player_id,preferred_team,team_name,seq) values (?,?,?,?,?,default)
    Hibernate: insert into ft_participants (draft_order,fantasy_game_seq,player_id,preferred_team,team_name,seq) values (?,?,?,?,?,default)
    Hibernate: insert into ft_participants (draft_order,fantasy_game_seq,player_id,preferred_team,team_name,seq) values (?,?,?,?,?,default)
    Hibernate: insert into ft_participants (draft_order,fantasy_game_seq,player_id,preferred_team,team_name,seq) values (?,?,?,?,?,default)
    Hibernate: insert into ft_participants (draft_order,fantasy_game_seq,player_id,preferred_team,team_name,seq) values (?,?,?,?,?,default)
    Hibernate: insert into ft_participants (draft_order,fantasy_game_seq,player_id,preferred_team,team_name,seq) values (?,?,?,?,?,default)
    Hibernate: insert into ft_participants (draft_order,fantasy_game_seq,player_id,preferred_team,team_name,seq) values (?,?,?,?,?,default)
    Hibernate: insert into ft_participants (draft_order,fantasy_game_seq,player_id,preferred_team,team_name,seq) values (?,?,?,?,?,default)
    Hibernate: insert into ft_participants (draft_order,fantasy_game_seq,player_id,preferred_team,team_name,seq) values (?,?,?,?,?,default)
    Hibernate: insert into ft_participants (draft_order,fantasy_game_seq,player_id,preferred_team,team_name,seq) values (?,?,?,?,?,default)
    Hibernate: insert into ft_participants (draft_order,fantasy_game_seq,player_id,preferred_team,team_name,seq) values (?,?,?,?,?,default)
    Hibernate: insert into ft_participants (draft_order,fantasy_game_seq,player_id,preferred_team,team_name,seq) values (?,?,?,?,?,default)
    Hibernate: insert into ft_participants (draft_order,fantasy_game_seq,player_id,preferred_team,team_name,seq) values (?,?,?,?,?,default)
    Hibernate: insert into ft_participants (draft_order,fantasy_game_seq,player_id,preferred_team,team_name,seq) values (?,?,?,?,?,default)
    Hibernate: insert into ft_participants (draft_order,fantasy_game_seq,player_id,preferred_team,team_name,seq) values (?,?,?,?,?,default)
    Hibernate: insert into ft_participants (draft_order,fantasy_game_seq,player_id,preferred_team,team_name,seq) values (?,?,?,?,?,default)
    Hibernate: insert into ft_participants (draft_order,fantasy_game_seq,player_id,preferred_team,team_name,seq) values (?,?,?,?,?,default)
    Hibernate: insert into ft_participants (draft_order,fantasy_game_seq,player_id,preferred_team,team_name,seq) values (?,?,?,?,?,default)
    Hibernate: insert into ft_participants (draft_order,fantasy_game_seq,player_id,preferred_team,team_name,seq) values (?,?,?,?,?,default)
    Hibernate: insert into ft_participants (draft_order,fantasy_game_seq,player_id,preferred_team,team_name,seq) values (?,?,?,?,?,default)
    Hibernate: insert into ft_participants (draft_order,fantasy_game_seq,player_id,preferred_team,team_name,seq) values (?,?,?,?,?,default)
    Hibernate: insert into ft_participants (draft_order,fantasy_game_seq,player_id,preferred_team,team_name,seq) values (?,?,?,?,?,default)
    Hibernate: insert into ft_participants (draft_order,fantasy_game_seq,player_id,preferred_team,team_name,seq) values (?,?,?,?,?,default)
    Hibernate: insert into ft_participants (draft_order,fantasy_game_seq,player_id,preferred_team,team_name,seq) values (?,?,?,?,?,default)
    Hibernate: insert into ft_participants (draft_order,fantasy_game_seq,player_id,preferred_team,team_name,seq) values (?,?,?,?,?,default)
    Hibernate: insert into ft_participants (draft_order,fantasy_game_seq,player_id,preferred_team,team_name,seq) values (?,?,?,?,?,default)
    Hibernate: insert into ft_participants (draft_order,fantasy_game_seq,player_id,preferred_team,team_name,seq) values (?,?,?,?,?,default)
    Hibernate: insert into ft_participants (draft_order,fantasy_game_seq,player_id,preferred_team,team_name,seq) values (?,?,?,?,?,default)
    Hibernate: insert into ft_participants (draft_order,fantasy_game_seq,player_id,preferred_team,team_name,seq) values (?,?,?,?,?,default)
    Hibernate: insert into ft_participants (draft_order,fantasy_game_seq,player_id,preferred_team,team_name,seq) values (?,?,?,?,?,default)
    Hibernate: insert into ft_participants (draft_order,fantasy_game_seq,player_id,preferred_team,team_name,seq) values (?,?,?,?,?,default)
    Hibernate: insert into ft_participants (draft_order,fantasy_game_seq,player_id,preferred_team,team_name,seq) values (?,?,?,?,?,default)
    Hibernate: insert into ft_participants (draft_order,fantasy_game_seq,player_id,preferred_team,team_name,seq) values (?,?,?,?,?,default)
    Hibernate: insert into ft_participants (draft_order,fantasy_game_seq,player_id,preferred_team,team_name,seq) values (?,?,?,?,?,default)
    Hibernate: insert into ft_participants (draft_order,fantasy_game_seq,player_id,preferred_team,team_name,seq) values (?,?,?,?,?,default)
    Hibernate: insert into ft_participants (draft_order,fantasy_game_seq,player_id,preferred_team,team_name,seq) values (?,?,?,?,?,default)
    Hibernate: insert into ft_participants (draft_order,fantasy_game_seq,player_id,preferred_team,team_name,seq) values (?,?,?,?,?,default)
    Hibernate: insert into ft_participants (draft_order,fantasy_game_seq,player_id,preferred_team,team_name,seq) values (?,?,?,?,?,default)
    Hibernate: insert into ft_participants (draft_order,fantasy_game_seq,player_id,preferred_team,team_name,seq) values (?,?,?,?,?,default)
    Hibernate: insert into ft_participants (draft_order,fantasy_game_seq,player_id,preferred_team,team_name,seq) values (?,?,?,?,?,default)
    Hibernate: insert into ft_participants (draft_order,fantasy_game_seq,player_id,preferred_team,team_name,seq) values (?,?,?,?,?,default)
    Hibernate: insert into ft_participants (draft_order,fantasy_game_seq,player_id,preferred_team,team_name,seq) values (?,?,?,?,?,default)
    Hibernate: insert into ft_participants (draft_order,fantasy_game_seq,player_id,preferred_team,team_name,seq) values (?,?,?,?,?,default)
    Hibernate: insert into ft_participants (draft_order,fantasy_game_seq,player_id,preferred_team,team_name,seq) values (?,?,?,?,?,default)
    Hibernate: insert into ft_participants (draft_order,fantasy_game_seq,player_id,preferred_team,team_name,seq) values (?,?,?,?,?,default)
    Hibernate: insert into ft_participants (draft_order,fantasy_game_seq,player_id,preferred_team,team_name,seq) values (?,?,?,?,?,default)
    Hibernate: insert into ft_participants (draft_order,fantasy_game_seq,player_id,preferred_team,team_name,seq) values (?,?,?,?,?,default)
    Hibernate: insert into ft_participants (draft_order,fantasy_game_seq,player_id,preferred_team,team_name,seq) values (?,?,?,?,?,default)
    Hibernate: insert into ft_participants (draft_order,fantasy_game_seq,player_id,preferred_team,team_name,seq) values (?,?,?,?,?,default)
    Hibernate: insert into ft_participants (draft_order,fantasy_game_seq,player_id,preferred_team,team_name,seq) values (?,?,?,?,?,default)
    Hibernate: insert into ft_participants (draft_order,fantasy_game_seq,player_id,preferred_team,team_name,seq) values (?,?,?,?,?,default)
    Hibernate: insert into ft_participants (draft_order,fantasy_game_seq,player_id,preferred_team,team_name,seq) values (?,?,?,?,?,default)
    Hibernate: insert into ft_participants (draft_order,fantasy_game_seq,player_id,preferred_team,team_name,seq) values (?,?,?,?,?,default)
    Hibernate: insert into ft_participants (draft_order,fantasy_game_seq,player_id,preferred_team,team_name,seq) values (?,?,?,?,?,default)
    Hibernate: insert into ft_participants (draft_order,fantasy_game_seq,player_id,preferred_team,team_name,seq) values (?,?,?,?,?,default)
    Hibernate: insert into ft_participants (draft_order,fantasy_game_seq,player_id,preferred_team,team_name,seq) values (?,?,?,?,?,default)
    Hibernate: insert into ft_participants (draft_order,fantasy_game_seq,player_id,preferred_team,team_name,seq) values (?,?,?,?,?,default)
    Hibernate: insert into ft_participants (draft_order,fantasy_game_seq,player_id,preferred_team,team_name,seq) values (?,?,?,?,?,default)
    Hibernate: insert into ft_participants (draft_order,fantasy_game_seq,player_id,preferred_team,team_name,seq) values (?,?,?,?,?,default)
    Hibernate: insert into ft_participants (draft_order,fantasy_game_seq,player_id,preferred_team,team_name,seq) values (?,?,?,?,?,default)
    Hibernate: insert into ft_participants (draft_order,fantasy_game_seq,player_id,preferred_team,team_name,seq) values (?,?,?,?,?,default)
    Hibernate: insert into ft_participants (draft_order,fantasy_game_seq,player_id,preferred_team,team_name,seq) values (?,?,?,?,?,default)
    Hibernate: insert into ft_participants (draft_order,fantasy_game_seq,player_id,preferred_team,team_name,seq) values (?,?,?,?,?,default)
    Hibernate: insert into ft_participants (draft_order,fantasy_game_seq,player_id,preferred_team,team_name,seq) values (?,?,?,?,?,default)
    Hibernate: insert into ft_participants (draft_order,fantasy_game_seq,player_id,preferred_team,team_name,seq) values (?,?,?,?,?,default)
    Hibernate: insert into ft_participants (draft_order,fantasy_game_seq,player_id,preferred_team,team_name,seq) values (?,?,?,?,?,default)
    Hibernate: insert into ft_participants (draft_order,fantasy_game_seq,player_id,preferred_team,team_name,seq) values (?,?,?,?,?,default)
    Hibernate: insert into ft_participants (draft_order,fantasy_game_seq,player_id,preferred_team,team_name,seq) values (?,?,?,?,?,default)
    Hibernate: insert into ft_participants (draft_order,fantasy_game_seq,player_id,preferred_team,team_name,seq) values (?,?,?,?,?,default)
    Hibernate: insert into ft_participants (draft_order,fantasy_game_seq,player_id,preferred_team,team_name,seq) values (?,?,?,?,?,default)
    Hibernate: insert into ft_participants (draft_order,fantasy_game_seq,player_id,preferred_team,team_name,seq) values (?,?,?,?,?,default)
    Hibernate: insert into ft_participants (draft_order,fantasy_game_seq,player_id,preferred_team,team_name,seq) values (?,?,?,?,?,default)
    Hibernate: insert into ft_participants (draft_order,fantasy_game_seq,player_id,preferred_team,team_name,seq) values (?,?,?,?,?,default)
    Hibernate: insert into ft_participants (draft_order,fantasy_game_seq,player_id,preferred_team,team_name,seq) values (?,?,?,?,?,default)
    Hibernate: insert into ft_participants (draft_order,fantasy_game_seq,player_id,preferred_team,team_name,seq) values (?,?,?,?,?,default)
    Hibernate: insert into ft_participants (draft_order,fantasy_game_seq,player_id,preferred_team,team_name,seq) values (?,?,?,?,?,default)
    Hibernate: insert into ft_participants (draft_order,fantasy_game_seq,player_id,preferred_team,team_name,seq) values (?,?,?,?,?,default)
    Hibernate: insert into ft_participants (draft_order,fantasy_game_seq,player_id,preferred_team,team_name,seq) values (?,?,?,?,?,default)
    Hibernate: insert into ft_participants (draft_order,fantasy_game_seq,player_id,preferred_team,team_name,seq) values (?,?,?,?,?,default)
    Hibernate: insert into ft_participants (draft_order,fantasy_game_seq,player_id,preferred_team,team_name,seq) values (?,?,?,?,?,default)
    Hibernate: insert into ft_participants (draft_order,fantasy_game_seq,player_id,preferred_team,team_name,seq) values (?,?,?,?,?,default)
    Hibernate: insert into ft_participants (draft_order,fantasy_game_seq,player_id,preferred_team,team_name,seq) values (?,?,?,?,?,default)
    Hibernate: insert into ft_participants (draft_order,fantasy_game_seq,player_id,preferred_team,team_name,seq) values (?,?,?,?,?,default)
    Hibernate: insert into ft_participants (draft_order,fantasy_game_seq,player_id,preferred_team,team_name,seq) values (?,?,?,?,?,default)
    Hibernate: insert into ft_participants (draft_order,fantasy_game_seq,player_id,preferred_team,team_name,seq) values (?,?,?,?,?,default)
    Hibernate: insert into ft_participants (draft_order,fantasy_game_seq,player_id,preferred_team,team_name,seq) values (?,?,?,?,?,default)
    Hibernate: insert into ft_participants (draft_order,fantasy_game_seq,player_id,preferred_team,team_name,seq) values (?,?,?,?,?,default)
    Hibernate: insert into ft_participants (draft_order,fantasy_game_seq,player_id,preferred_team,team_name,seq) values (?,?,?,?,?,default)
    Hibernate: insert into ft_participants (draft_order,fantasy_game_seq,player_id,preferred_team,team_name,seq) values (?,?,?,?,?,default)
    Hibernate: insert into ft_participants (draft_order,fantasy_game_seq,player_id,preferred_team,team_name,seq) values (?,?,?,?,?,default)
    Hibernate: insert into ft_participants (draft_order,fantasy_game_seq,player_id,preferred_team,team_name,seq) values (?,?,?,?,?,default)
    Hibernate: insert into ft_participants (draft_order,fantasy_game_seq,player_id,preferred_team,team_name,seq) values (?,?,?,?,?,default)
    Hibernate: insert into ft_participants (draft_order,fantasy_game_seq,player_id,preferred_team,team_name,seq) values (?,?,?,?,?,default)
    Hibernate: insert into ft_participants (draft_order,fantasy_game_seq,player_id,preferred_team,team_name,seq) values (?,?,?,?,?,default)
    Hibernate: insert into ft_participants (draft_order,fantasy_game_seq,player_id,preferred_team,team_name,seq) values (?,?,?,?,?,default)
    Hibernate: insert into ft_participants (draft_order,fantasy_game_seq,player_id,preferred_team,team_name,seq) values (?,?,?,?,?,default)
    Hibernate: insert into ft_participants (draft_order,fantasy_game_seq,player_id,preferred_team,team_name,seq) values (?,?,?,?,?,default)
    Hibernate: insert into ft_participants (draft_order,fantasy_game_seq,player_id,preferred_team,team_name,seq) values (?,?,?,?,?,default)
    Hibernate: insert into ft_participants (draft_order,fantasy_game_seq,player_id,preferred_team,team_name,seq) values (?,?,?,?,?,default)
    Hibernate: insert into ft_participants (draft_order,fantasy_game_seq,player_id,preferred_team,team_name,seq) values (?,?,?,?,?,default)
    Hibernate: insert into ft_participants (draft_order,fantasy_game_seq,player_id,preferred_team,team_name,seq) values (?,?,?,?,?,default)
    Hibernate: insert into ft_participants (draft_order,fantasy_game_seq,player_id,preferred_team,team_name,seq) values (?,?,?,?,?,default)
    Hibernate: insert into ft_participants (draft_order,fantasy_game_seq,player_id,preferred_team,team_name,seq) values (?,?,?,?,?,default)
    Hibernate: insert into ft_participants (draft_order,fantasy_game_seq,player_id,preferred_team,team_name,seq) values (?,?,?,?,?,default)
    Hibernate: insert into ft_participants (draft_order,fantasy_game_seq,player_id,preferred_team,team_name,seq) values (?,?,?,?,?,default)
    Hibernate: insert into ft_participants (draft_order,fantasy_game_seq,player_id,preferred_team,team_name,seq) values (?,?,?,?,?,default)
    Hibernate: insert into ft_participants (draft_order,fantasy_game_seq,player_id,preferred_team,team_name,seq) values (?,?,?,?,?,default)
    Hibernate: insert into ft_participants (draft_order,fantasy_game_seq,player_id,preferred_team,team_name,seq) values (?,?,?,?,?,default)
    Hibernate: insert into ft_participants (draft_order,fantasy_game_seq,player_id,preferred_team,team_name,seq) values (?,?,?,?,?,default)
    Hibernate: insert into ft_participants (draft_order,fantasy_game_seq,player_id,preferred_team,team_name,seq) values (?,?,?,?,?,default)
    Hibernate: insert into ft_participants (draft_order,fantasy_game_seq,player_id,preferred_team,team_name,seq) values (?,?,?,?,?,default)
    Hibernate: insert into ft_participants (draft_order,fantasy_game_seq,player_id,preferred_team,team_name,seq) values (?,?,?,?,?,default)
    Hibernate: insert into ft_participants (draft_order,fantasy_game_seq,player_id,preferred_team,team_name,seq) values (?,?,?,?,?,default)
    Hibernate: insert into ft_participants (draft_order,fantasy_game_seq,player_id,preferred_team,team_name,seq) values (?,?,?,?,?,default)
    Hibernate: insert into ft_participants (draft_order,fantasy_game_seq,player_id,preferred_team,team_name,seq) values (?,?,?,?,?,default)
    Hibernate: insert into ft_participants (draft_order,fantasy_game_seq,player_id,preferred_team,team_name,seq) values (?,?,?,?,?,default)
    Hibernate: insert into ft_participants (draft_order,fantasy_game_seq,player_id,preferred_team,team_name,seq) values (?,?,?,?,?,default)
    Hibernate: insert into ft_participants (draft_order,fantasy_game_seq,player_id,preferred_team,team_name,seq) values (?,?,?,?,?,default)
    Hibernate: insert into ft_participants (draft_order,fantasy_game_seq,player_id,preferred_team,team_name,seq) values (?,?,?,?,?,default)
    Hibernate: insert into ft_participants (draft_order,fantasy_game_seq,player_id,preferred_team,team_name,seq) values (?,?,?,?,?,default)
    Hibernate: insert into ft_participants (draft_order,fantasy_game_seq,player_id,preferred_team,team_name,seq) values (?,?,?,?,?,default)
    Hibernate: insert into ft_participants (draft_order,fantasy_game_seq,player_id,preferred_team,team_name,seq) values (?,?,?,?,?,default)
    Hibernate: insert into ft_participants (draft_order,fantasy_game_seq,player_id,preferred_team,team_name,seq) values (?,?,?,?,?,default)
    Hibernate: insert into ft_participants (draft_order,fantasy_game_seq,player_id,preferred_team,team_name,seq) values (?,?,?,?,?,default)
    Hibernate: insert into ft_participants (draft_order,fantasy_game_seq,player_id,preferred_team,team_name,seq) values (?,?,?,?,?,default)
    Hibernate: insert into ft_participants (draft_order,fantasy_game_seq,player_id,preferred_team,team_name,seq) values (?,?,?,?,?,default)
    Hibernate: insert into ft_participants (draft_order,fantasy_game_seq,player_id,preferred_team,team_name,seq) values (?,?,?,?,?,default)
    Hibernate: insert into ft_participants (draft_order,fantasy_game_seq,player_id,preferred_team,team_name,seq) values (?,?,?,?,?,default)
    Hibernate: insert into ft_participants (draft_order,fantasy_game_seq,player_id,preferred_team,team_name,seq) values (?,?,?,?,?,default)
    Hibernate: insert into ft_participants (draft_order,fantasy_game_seq,player_id,preferred_team,team_name,seq) values (?,?,?,?,?,default)
    Hibernate: insert into ft_participants (draft_order,fantasy_game_seq,player_id,preferred_team,team_name,seq) values (?,?,?,?,?,default)
    Hibernate: insert into ft_participants (draft_order,fantasy_game_seq,player_id,preferred_team,team_name,seq) values (?,?,?,?,?,default)
    Hibernate: insert into ft_participants (draft_order,fantasy_game_seq,player_id,preferred_team,team_name,seq) values (?,?,?,?,?,default)
    Hibernate: insert into ft_participants (draft_order,fantasy_game_seq,player_id,preferred_team,team_name,seq) values (?,?,?,?,?,default)
    Hibernate: insert into ft_participants (draft_order,fantasy_game_seq,player_id,preferred_team,team_name,seq) values (?,?,?,?,?,default)
    Hibernate: insert into ft_participants (draft_order,fantasy_game_seq,player_id,preferred_team,team_name,seq) values (?,?,?,?,?,default)
    Hibernate: insert into ft_participants (draft_order,fantasy_game_seq,player_id,preferred_team,team_name,seq) values (?,?,?,?,?,default)
    Hibernate: insert into ft_participants (draft_order,fantasy_game_seq,player_id,preferred_team,team_name,seq) values (?,?,?,?,?,default)
    Hibernate: insert into ft_participants (draft_order,fantasy_game_seq,player_id,preferred_team,team_name,seq) values (?,?,?,?,?,default)
    Hibernate: insert into ft_participants (draft_order,fantasy_game_seq,player_id,preferred_team,team_name,seq) values (?,?,?,?,?,default)
    Hibernate: insert into ft_participants (draft_order,fantasy_game_seq,player_id,preferred_team,team_name,seq) values (?,?,?,?,?,default)
    Hibernate: insert into ft_participants (draft_order,fantasy_game_seq,player_id,preferred_team,team_name,seq) values (?,?,?,?,?,default)
    Hibernate: insert into ft_participants (draft_order,fantasy_game_seq,player_id,preferred_team,team_name,seq) values (?,?,?,?,?,default)
    Hibernate: insert into ft_participants (draft_order,fantasy_game_seq,player_id,preferred_team,team_name,seq) values (?,?,?,?,?,default)
    Hibernate: insert into ft_participants (draft_order,fantasy_game_seq,player_id,preferred_team,team_name,seq) values (?,?,?,?,?,default)
    Hibernate: insert into ft_participants (draft_order,fantasy_game_seq,player_id,preferred_team,team_name,seq) values (?,?,?,?,?,default)
    Hibernate: insert into ft_participants (draft_order,fantasy_game_seq,player_id,preferred_team,team_name,seq) values (?,?,?,?,?,default)
    Hibernate: insert into ft_participants (draft_order,fantasy_game_seq,player_id,preferred_team,team_name,seq) values (?,?,?,?,?,default)
    Hibernate: insert into ft_participants (draft_order,fantasy_game_seq,player_id,preferred_team,team_name,seq) values (?,?,?,?,?,default)
    Hibernate: insert into ft_participants (draft_order,fantasy_game_seq,player_id,preferred_team,team_name,seq) values (?,?,?,?,?,default)
    Hibernate: insert into ft_participants (draft_order,fantasy_game_seq,player_id,preferred_team,team_name,seq) values (?,?,?,?,?,default)
    Hibernate: insert into ft_participants (draft_order,fantasy_game_seq,player_id,preferred_team,team_name,seq) values (?,?,?,?,?,default)
    Hibernate: insert into ft_participants (draft_order,fantasy_game_seq,player_id,preferred_team,team_name,seq) values (?,?,?,?,?,default)
    Hibernate: insert into ft_participants (draft_order,fantasy_game_seq,player_id,preferred_team,team_name,seq) values (?,?,?,?,?,default)
    Hibernate: insert into ft_participants (draft_order,fantasy_game_seq,player_id,preferred_team,team_name,seq) values (?,?,?,?,?,default)
    Hibernate: insert into ft_participants (draft_order,fantasy_game_seq,player_id,preferred_team,team_name,seq) values (?,?,?,?,?,default)
    Hibernate: insert into ft_participants (draft_order,fantasy_game_seq,player_id,preferred_team,team_name,seq) values (?,?,?,?,?,default)
    Hibernate: insert into ft_participants (draft_order,fantasy_game_seq,player_id,preferred_team,team_name,seq) values (?,?,?,?,?,default)
    Hibernate: insert into ft_participants (draft_order,fantasy_game_seq,player_id,preferred_team,team_name,seq) values (?,?,?,?,?,default)
    Hibernate: insert into ft_participants (draft_order,fantasy_game_seq,player_id,preferred_team,team_name,seq) values (?,?,?,?,?,default)
    Hibernate: insert into ft_participants (draft_order,fantasy_game_seq,player_id,preferred_team,team_name,seq) values (?,?,?,?,?,default)
    Hibernate: insert into ft_participants (draft_order,fantasy_game_seq,player_id,preferred_team,team_name,seq) values (?,?,?,?,?,default)
    Hibernate: insert into ft_participants (draft_order,fantasy_game_seq,player_id,preferred_team,team_name,seq) values (?,?,?,?,?,default)
    Hibernate: insert into ft_participants (draft_order,fantasy_game_seq,player_id,preferred_team,team_name,seq) values (?,?,?,?,?,default)
    Hibernate: insert into ft_participants (draft_order,fantasy_game_seq,player_id,preferred_team,team_name,seq) values (?,?,?,?,?,default)
    Hibernate: insert into ft_participants (draft_order,fantasy_game_seq,player_id,preferred_team,team_name,seq) values (?,?,?,?,?,default)
    Hibernate: insert into ft_participants (draft_order,fantasy_game_seq,player_id,preferred_team,team_name,seq) values (?,?,?,?,?,default)
    Hibernate: insert into ft_participants (draft_order,fantasy_game_seq,player_id,preferred_team,team_name,seq) values (?,?,?,?,?,default)
    Hibernate: insert into ft_participants (draft_order,fantasy_game_seq,player_id,preferred_team,team_name,seq) values (?,?,?,?,?,default)
    Hibernate: insert into ft_participants (draft_order,fantasy_game_seq,player_id,preferred_team,team_name,seq) values (?,?,?,?,?,default)
    Hibernate: insert into ft_participants (draft_order,fantasy_game_seq,player_id,preferred_team,team_name,seq) values (?,?,?,?,?,default)
    Hibernate: insert into ft_participants (draft_order,fantasy_game_seq,player_id,preferred_team,team_name,seq) values (?,?,?,?,?,default)
    Hibernate: insert into ft_participants (draft_order,fantasy_game_seq,player_id,preferred_team,team_name,seq) values (?,?,?,?,?,default)
    Hibernate: insert into ft_participants (draft_order,fantasy_game_seq,player_id,preferred_team,team_name,seq) values (?,?,?,?,?,default)
    Hibernate: insert into ft_participants (draft_order,fantasy_game_seq,player_id,preferred_team,team_name,seq) values (?,?,?,?,?,default)
    Hibernate: insert into ft_participants (draft_order,fantasy_game_seq,player_id,preferred_team,team_name,seq) values (?,?,?,?,?,default)
    Hibernate: insert into ft_participants (draft_order,fantasy_game_seq,player_id,preferred_team,team_name,seq) values (?,?,?,?,?,default)
    Hibernate: insert into ft_participants (draft_order,fantasy_game_seq,player_id,preferred_team,team_name,seq) values (?,?,?,?,?,default)
    Hibernate: insert into ft_participants (draft_order,fantasy_game_seq,player_id,preferred_team,team_name,seq) values (?,?,?,?,?,default)
    Hibernate: insert into ft_participants (draft_order,fantasy_game_seq,player_id,preferred_team,team_name,seq) values (?,?,?,?,?,default)
    Hibernate: insert into ft_participants (draft_order,fantasy_game_seq,player_id,preferred_team,team_name,seq) values (?,?,?,?,?,default)
    Hibernate: insert into ft_participants (draft_order,fantasy_game_seq,player_id,preferred_team,team_name,seq) values (?,?,?,?,?,default)
    Hibernate: insert into ft_participants (draft_order,fantasy_game_seq,player_id,preferred_team,team_name,seq) values (?,?,?,?,?,default)
    Hibernate: insert into ft_participants (draft_order,fantasy_game_seq,player_id,preferred_team,team_name,seq) values (?,?,?,?,?,default)
    Hibernate: insert into ft_participants (draft_order,fantasy_game_seq,player_id,preferred_team,team_name,seq) values (?,?,?,?,?,default)
    Hibernate: insert into ft_participants (draft_order,fantasy_game_seq,player_id,preferred_team,team_name,seq) values (?,?,?,?,?,default)
    Hibernate: insert into ft_participants (draft_order,fantasy_game_seq,player_id,preferred_team,team_name,seq) values (?,?,?,?,?,default)
    Hibernate: insert into ft_participants (draft_order,fantasy_game_seq,player_id,preferred_team,team_name,seq) values (?,?,?,?,?,default)
    Hibernate: insert into ft_participants (draft_order,fantasy_game_seq,player_id,preferred_team,team_name,seq) values (?,?,?,?,?,default)
    Hibernate: insert into ft_participants (draft_order,fantasy_game_seq,player_id,preferred_team,team_name,seq) values (?,?,?,?,?,default)
    Hibernate: insert into ft_participants (draft_order,fantasy_game_seq,player_id,preferred_team,team_name,seq) values (?,?,?,?,?,default)
    Hibernate: insert into ft_participants (draft_order,fantasy_game_seq,player_id,preferred_team,team_name,seq) values (?,?,?,?,?,default)
    Hibernate: insert into ft_participants (draft_order,fantasy_game_seq,player_id,preferred_team,team_name,seq) values (?,?,?,?,?,default)
    Hibernate: insert into ft_participants (draft_order,fantasy_game_seq,player_id,preferred_team,team_name,seq) values (?,?,?,?,?,default)
    Hibernate: insert into ft_participants (draft_order,fantasy_game_seq,player_id,preferred_team,team_name,seq) values (?,?,?,?,?,default)
    Hibernate: insert into ft_participants (draft_order,fantasy_game_seq,player_id,preferred_team,team_name,seq) values (?,?,?,?,?,default)
    Hibernate: insert into ft_participants (draft_order,fantasy_game_seq,player_id,preferred_team,team_name,seq) values (?,?,?,?,?,default)
    Hibernate: insert into ft_participants (draft_order,fantasy_game_seq,player_id,preferred_team,team_name,seq) values (?,?,?,?,?,default)
    Hibernate: insert into ft_participants (draft_order,fantasy_game_seq,player_id,preferred_team,team_name,seq) values (?,?,?,?,?,default)
    Hibernate: insert into ft_participants (draft_order,fantasy_game_seq,player_id,preferred_team,team_name,seq) values (?,?,?,?,?,default)
    Hibernate: insert into ft_participants (draft_order,fantasy_game_seq,player_id,preferred_team,team_name,seq) values (?,?,?,?,?,default)
    Hibernate: insert into ft_participants (draft_order,fantasy_game_seq,player_id,preferred_team,team_name,seq) values (?,?,?,?,?,default)
    Hibernate: insert into ft_participants (draft_order,fantasy_game_seq,player_id,preferred_team,team_name,seq) values (?,?,?,?,?,default)
    Hibernate: insert into ft_games (created_at,draft_date,draft_time_limit,game_duration,max_participants,next_pick_deadline,rounds,rule_type,salary_cap,scoring_settings,scoring_type,status,title,use_first_pick_rule,use_team_restriction,seq) values (?,?,?,?,?,?,?,?,?,?,?,?,?,?,?,default)
    Hibernate: insert into ft_participants (draft_order,fantasy_game_seq,player_id,preferred_team,team_name,seq) values (?,?,?,?,?,default)
    Hibernate: insert into ft_games (created_at,draft_date,draft_time_limit,game_duration,max_participants,next_pick_deadline,rounds,rule_type,salary_cap,scoring_settings,scoring_type,status,title,use_first_pick_rule,use_team_restriction,seq) values (?,?,?,?,?,?,?,?,?,?,?,?,?,?,?,default)
    Hibernate: insert into ft_participants (draft_order,fantasy_game_seq,player_id,preferred_team,team_name,seq) values (?,?,?,?,?,default)
    Hibernate: insert into ft_games (created_at,draft_date,draft_time_limit,game_duration,max_participants,next_pick_deadline,rounds,rule_type,salary_cap,scoring_settings,scoring_type,status,title,use_first_pick_rule,use_team_restriction,seq) values (?,?,?,?,?,?,?,?,?,?,?,?,?,?,?,default)
    Hibernate: insert into ft_participants (draft_order,fantasy_game_seq,player_id,preferred_team,team_name,seq) values (?,?,?,?,?,default)
    Hibernate: insert into ft_games (created_at,draft_date,draft_time_limit,game_duration,max_participants,next_pick_deadline,rounds,rule_type,salary_cap,scoring_settings,scoring_type,status,title,use_first_pick_rule,use_team_restriction,seq) values (?,?,?,?,?,?,?,?,?,?,?,?,?,?,?,default)
    Hibernate: insert into ft_participants (draft_order,fantasy_game_seq,player_id,preferred_team,team_name,seq) values (?,?,?,?,?,default)
    Hibernate: insert into ft_games (created_at,draft_date,draft_time_limit,game_duration,max_participants,next_pick_deadline,rounds,rule_type,salary_cap,scoring_settings,scoring_type,status,title,use_first_pick_rule,use_team_restriction,seq) values (?,?,?,?,?,?,?,?,?,?,?,?,?,?,?,default)
    Hibernate: insert into ft_participants (draft_order,fantasy_game_seq,player_id,preferred_team,team_name,seq) values (?,?,?,?,?,default)
    Hibernate: insert into ft_games (created_at,draft_date,draft_time_limit,game_duration,max_participants,next_pick_deadline,rounds,rule_type,salary_cap,scoring_settings,scoring_type,status,title,use_first_pick_rule,use_team_restriction,seq) values (?,?,?,?,?,?,?,?,?,?,?,?,?,?,?,default)
    Hibernate: insert into ft_participants (draft_order,fantasy_game_seq,player_id,preferred_team,team_name,seq) values (?,?,?,?,?,default)
    Hibernate: insert into ft_games (created_at,draft_date,draft_time_limit,game_duration,max_participants,next_pick_deadline,rounds,rule_type,salary_cap,scoring_settings,scoring_type,status,title,use_first_pick_rule,use_team_restriction,seq) values (?,?,?,?,?,?,?,?,?,?,?,?,?,?,?,default)
    Hibernate: insert into ft_participants (draft_order,fantasy_game_seq,player_id,preferred_team,team_name,seq) values (?,?,?,?,?,default)
    Hibernate: insert into ft_games (created_at,draft_date,draft_time_limit,game_duration,max_participants,next_pick_deadline,rounds,rule_type,salary_cap,scoring_settings,scoring_type,status,title,use_first_pick_rule,use_team_restriction,seq) values (?,?,?,?,?,?,?,?,?,?,?,?,?,?,?,default)
    Hibernate: insert into ft_participants (draft_order,fantasy_game_seq,player_id,preferred_team,team_name,seq) values (?,?,?,?,?,default)
    Hibernate: insert into ft_games (created_at,draft_date,draft_time_limit,game_duration,max_participants,next_pick_deadline,rounds,rule_type,salary_cap,scoring_settings,scoring_type,status,title,use_first_pick_rule,use_team_restriction,seq) values (?,?,?,?,?,?,?,?,?,?,?,?,?,?,?,default)
    Hibernate: insert into ft_participants (draft_order,fantasy_game_seq,player_id,preferred_team,team_name,seq) values (?,?,?,?,?,default)
    Hibernate: insert into ft_games (created_at,draft_date,draft_time_limit,game_duration,max_participants,next_pick_deadline,rounds,rule_type,salary_cap,scoring_settings,scoring_type,status,title,use_first_pick_rule,use_team_restriction,seq) values (?,?,?,?,?,?,?,?,?,?,?,?,?,?,?,default)
    Hibernate: insert into ft_participants (draft_order,fantasy_game_seq,player_id,preferred_team,team_name,seq) values (?,?,?,?,?,default)
    Hibernate: select fp1_0.seq,fp1_0.draft_order,fp1_0.fantasy_game_seq,fp1_0.player_id,fp1_0.preferred_team,fp1_0.team_name from ft_participants fp1_0
    Hibernate: select fg1_0.seq,fg1_0.created_at,fg1_0.draft_date,fg1_0.draft_time_limit,fg1_0.game_duration,fg1_0.max_participants,fg1_0.next_pick_deadline,fg1_0.rounds,fg1_0.rule_type,fg1_0.salary_cap,fg1_0.scoring_settings,fg1_0.scoring_type,fg1_0.status,fg1_0.title,fg1_0.use_first_pick_rule,fg1_0.use_team_restriction from ft_games fg1_0 where fg1_0.seq in (?,?,?,?,?,?,?,?,?,?)
    getMyGames execution time: 228.025225 ms
    Hibernate: select fp1_0.seq,fp1_0.draft_order,fp1_0.fantasy_game_seq,fp1_0.player_id,fp1_0.preferred_team,fp1_0.team_name from ft_participants fp1_0
    Hibernate: delete from ft_participants where seq=?
    Hibernate: delete from ft_participants where seq=?
    Hibernate: delete from ft_participants where seq=?
    Hibernate: delete from ft_participants where seq=?
    Hibernate: delete from ft_participants where seq=?
    Hibernate: delete from ft_participants where seq=?
    Hibernate: delete from ft_participants where seq=?
    Hibernate: delete from ft_participants where seq=?
    Hibernate: delete from ft_participants where seq=?
    Hibernate: delete from ft_participants where seq=?
    Hibernate: delete from ft_participants where seq=?
    Hibernate: delete from ft_participants where seq=?
    Hibernate: delete from ft_participants where seq=?
    Hibernate: delete from ft_participants where seq=?
    Hibernate: delete from ft_participants where seq=?
    Hibernate: delete from ft_participants where seq=?
    Hibernate: delete from ft_participants where seq=?
    Hibernate: delete from ft_participants where seq=?
    Hibernate: delete from ft_participants where seq=?
    Hibernate: delete from ft_participants where seq=?
    Hibernate: delete from ft_participants where seq=?
    Hibernate: delete from ft_participants where seq=?
    Hibernate: delete from ft_participants where seq=?
    Hibernate: delete from ft_participants where seq=?
    Hibernate: delete from ft_participants where seq=?
    Hibernate: delete from ft_participants where seq=?
    Hibernate: delete from ft_participants where seq=?
    Hibernate: delete from ft_participants where seq=?
    Hibernate: delete from ft_participants where seq=?
    Hibernate: delete from ft_participants where seq=?
    Hibernate: delete from ft_participants where seq=?
    Hibernate: delete from ft_participants where seq=?
    Hibernate: delete from ft_participants where seq=?
    Hibernate: delete from ft_participants where seq=?
    Hibernate: delete from ft_participants where seq=?
    Hibernate: delete from ft_participants where seq=?
    Hibernate: delete from ft_participants where seq=?
    Hibernate: delete from ft_participants where seq=?
    Hibernate: delete from ft_participants where seq=?
    Hibernate: delete from ft_participants where seq=?
    Hibernate: delete from ft_participants where seq=?
    Hibernate: delete from ft_participants where seq=?
    Hibernate: delete from ft_participants where seq=?
    Hibernate: delete from ft_participants where seq=?
    Hibernate: delete from ft_participants where seq=?
    Hibernate: delete from ft_participants where seq=?
    Hibernate: delete from ft_participants where seq=?
    Hibernate: delete from ft_participants where seq=?
    Hibernate: delete from ft_participants where seq=?
    Hibernate: delete from ft_participants where seq=?
    Hibernate: delete from ft_participants where seq=?
    Hibernate: delete from ft_participants where seq=?
    Hibernate: delete from ft_participants where seq=?
    Hibernate: delete from ft_participants where seq=?
    Hibernate: delete from ft_participants where seq=?
    Hibernate: delete from ft_participants where seq=?
    Hibernate: delete from ft_participants where seq=?
    Hibernate: delete from ft_participants where seq=?
    Hibernate: delete from ft_participants where seq=?
    Hibernate: delete from ft_participants where seq=?
    Hibernate: delete from ft_participants where seq=?
    Hibernate: delete from ft_participants where seq=?
    Hibernate: delete from ft_participants where seq=?
    Hibernate: delete from ft_participants where seq=?
    Hibernate: delete from ft_participants where seq=?
    Hibernate: delete from ft_participants where seq=?
    Hibernate: delete from ft_participants where seq=?
    Hibernate: delete from ft_participants where seq=?
    Hibernate: delete from ft_participants where seq=?
    Hibernate: delete from ft_participants where seq=?
    Hibernate: delete from ft_participants where seq=?
    Hibernate: delete from ft_participants where seq=?
    Hibernate: delete from ft_participants where seq=?
    Hibernate: delete from ft_participants where seq=?
    Hibernate: delete from ft_participants where seq=?
    Hibernate: delete from ft_participants where seq=?
    Hibernate: delete from ft_participants where seq=?
    Hibernate: delete from ft_participants where seq=?
    Hibernate: delete from ft_participants where seq=?
    Hibernate: delete from ft_participants where seq=?
    Hibernate: delete from ft_participants where seq=?
    Hibernate: delete from ft_participants where seq=?
    Hibernate: delete from ft_participants where seq=?
    Hibernate: delete from ft_participants where seq=?
    Hibernate: delete from ft_participants where seq=?
    Hibernate: delete from ft_participants where seq=?
    Hibernate: delete from ft_participants where seq=?
    Hibernate: delete from ft_participants where seq=?
    Hibernate: delete from ft_participants where seq=?
    Hibernate: delete from ft_participants where seq=?
    Hibernate: delete from ft_participants where seq=?
    Hibernate: delete from ft_participants where seq=?
    Hibernate: delete from ft_participants where seq=?
    Hibernate: delete from ft_participants where seq=?
    Hibernate: delete from ft_participants where seq=?
    Hibernate: delete from ft_participants where seq=?
    Hibernate: delete from ft_participants where seq=?
    Hibernate: delete from ft_participants where seq=?
    Hibernate: delete from ft_participants where seq=?
    Hibernate: delete from ft_participants where seq=?
    Hibernate: delete from ft_participants where seq=?
    Hibernate: delete from ft_participants where seq=?
    Hibernate: delete from ft_participants where seq=?
    Hibernate: delete from ft_participants where seq=?
    Hibernate: delete from ft_participants where seq=?
    Hibernate: delete from ft_participants where seq=?
    Hibernate: delete from ft_participants where seq=?
    Hibernate: delete from ft_participants where seq=?
    Hibernate: delete from ft_participants where seq=?
    Hibernate: delete from ft_participants where seq=?
    Hibernate: delete from ft_participants where seq=?
    Hibernate: delete from ft_participants where seq=?
    Hibernate: delete from ft_participants where seq=?
    Hibernate: delete from ft_participants where seq=?
    Hibernate: delete from ft_participants where seq=?
    Hibernate: delete from ft_participants where seq=?
    Hibernate: delete from ft_participants where seq=?
    Hibernate: delete from ft_participants where seq=?
    Hibernate: delete from ft_participants where seq=?
    Hibernate: delete from ft_participants where seq=?
    Hibernate: delete from ft_participants where seq=?
    Hibernate: delete from ft_participants where seq=?
    Hibernate: delete from ft_participants where seq=?
    Hibernate: delete from ft_participants where seq=?
    Hibernate: delete from ft_participants where seq=?
    Hibernate: delete from ft_participants where seq=?
    Hibernate: delete from ft_participants where seq=?
    Hibernate: delete from ft_participants where seq=?
    Hibernate: delete from ft_participants where seq=?
    Hibernate: delete from ft_participants where seq=?
    Hibernate: delete from ft_participants where seq=?
    Hibernate: delete from ft_participants where seq=?
    Hibernate: delete from ft_participants where seq=?
    Hibernate: delete from ft_participants where seq=?
    Hibernate: delete from ft_participants where seq=?
    Hibernate: delete from ft_participants where seq=?
    Hibernate: delete from ft_participants where seq=?
    Hibernate: delete from ft_participants where seq=?
    Hibernate: delete from ft_participants where seq=?
    Hibernate: delete from ft_participants where seq=?
    Hibernate: delete from ft_participants where seq=?
    Hibernate: delete from ft_participants where seq=?
    Hibernate: delete from ft_participants where seq=?
    Hibernate: delete from ft_participants where seq=?
    Hibernate: delete from ft_participants where seq=?
    Hibernate: delete from ft_participants where seq=?
    Hibernate: delete from ft_participants where seq=?
    Hibernate: delete from ft_participants where seq=?
    Hibernate: delete from ft_participants where seq=?
    Hibernate: delete from ft_participants where seq=?
    Hibernate: delete from ft_participants where seq=?
    Hibernate: delete from ft_participants where seq=?
    Hibernate: delete from ft_participants where seq=?
    Hibernate: delete from ft_participants where seq=?
    Hibernate: delete from ft_participants where seq=?
    Hibernate: delete from ft_participants where seq=?
    Hibernate: delete from ft_participants where seq=?
    Hibernate: delete from ft_participants where seq=?
    Hibernate: delete from ft_participants where seq=?
    Hibernate: delete from ft_participants where seq=?
    Hibernate: delete from ft_participants where seq=?
    Hibernate: delete from ft_participants where seq=?
    Hibernate: delete from ft_participants where seq=?
    Hibernate: delete from ft_participants where seq=?
    Hibernate: delete from ft_participants where seq=?
    Hibernate: delete from ft_participants where seq=?
    Hibernate: delete from ft_participants where seq=?
    Hibernate: delete from ft_participants where seq=?
    Hibernate: delete from ft_participants where seq=?
    Hibernate: delete from ft_participants where seq=?
    Hibernate: delete from ft_participants where seq=?
    Hibernate: delete from ft_participants where seq=?
    Hibernate: delete from ft_participants where seq=?
    Hibernate: delete from ft_participants where seq=?
    Hibernate: delete from ft_participants where seq=?
    Hibernate: delete from ft_participants where seq=?
    Hibernate: delete from ft_participants where seq=?
    Hibernate: delete from ft_participants where seq=?
    Hibernate: delete from ft_participants where seq=?
    Hibernate: delete from ft_participants where seq=?
    Hibernate: delete from ft_participants where seq=?
    Hibernate: delete from ft_participants where seq=?
    Hibernate: delete from ft_participants where seq=?
    Hibernate: delete from ft_participants where seq=?
    Hibernate: delete from ft_participants where seq=?
    Hibernate: delete from ft_participants where seq=?
    Hibernate: delete from ft_participants where seq=?
    Hibernate: delete from ft_participants where seq=?
    Hibernate: delete from ft_participants where seq=?
    Hibernate: delete from ft_participants where seq=?
    Hibernate: delete from ft_participants where seq=?
    Hibernate: delete from ft_participants where seq=?
    Hibernate: delete from ft_participants where seq=?
    Hibernate: delete from ft_participants where seq=?
    Hibernate: delete from ft_participants where seq=?
    Hibernate: delete from ft_participants where seq=?
    Hibernate: delete from ft_participants where seq=?
    Hibernate: delete from ft_participants where seq=?
    Hibernate: delete from ft_participants where seq=?
    Hibernate: delete from ft_participants where seq=?
    Hibernate: delete from ft_participants where seq=?
    Hibernate: delete from ft_participants where seq=?
    Hibernate: delete from ft_participants where seq=?
    Hibernate: delete from ft_participants where seq=?
    Hibernate: delete from ft_participants where seq=?
    Hibernate: delete from ft_participants where seq=?
    Hibernate: delete from ft_participants where seq=?
    Hibernate: delete from ft_participants where seq=?
    Hibernate: delete from ft_participants where seq=?
    Hibernate: delete from ft_participants where seq=?
    Hibernate: delete from ft_participants where seq=?
    Hibernate: delete from ft_participants where seq=?
    Hibernate: delete from ft_participants where seq=?
    Hibernate: delete from ft_participants where seq=?
    Hibernate: delete from ft_participants where seq=?
    Hibernate: delete from ft_participants where seq=?
    Hibernate: delete from ft_participants where seq=?
    Hibernate: delete from ft_participants where seq=?
    Hibernate: delete from ft_participants where seq=?
    Hibernate: delete from ft_participants where seq=?
    Hibernate: delete from ft_participants where seq=?
    Hibernate: delete from ft_participants where seq=?
    Hibernate: delete from ft_participants where seq=?
    Hibernate: delete from ft_participants where seq=?
    Hibernate: delete from ft_participants where seq=?
    Hibernate: delete from ft_participants where seq=?
    Hibernate: delete from ft_participants where seq=?
    Hibernate: delete from ft_participants where seq=?
    Hibernate: delete from ft_participants where seq=?
    Hibernate: delete from ft_participants where seq=?
    Hibernate: delete from ft_participants where seq=?
    Hibernate: delete from ft_participants where seq=?
    Hibernate: delete from ft_participants where seq=?
    Hibernate: delete from ft_participants where seq=?
    Hibernate: delete from ft_participants where seq=?
    Hibernate: delete from ft_participants where seq=?
    Hibernate: delete from ft_participants where seq=?
    Hibernate: delete from ft_participants where seq=?
    Hibernate: delete from ft_participants where seq=?
    Hibernate: delete from ft_participants where seq=?
    Hibernate: delete from ft_participants where seq=?
    Hibernate: delete from ft_participants where seq=?
    Hibernate: delete from ft_participants where seq=?
    Hibernate: delete from ft_participants where seq=?
    Hibernate: delete from ft_participants where seq=?
    Hibernate: delete from ft_participants where seq=?
    Hibernate: delete from ft_participants where seq=?
    Hibernate: delete from ft_participants where seq=?
    Hibernate: delete from ft_participants where seq=?
    Hibernate: delete from ft_participants where seq=?
    Hibernate: delete from ft_participants where seq=?
    Hibernate: delete from ft_participants where seq=?
    Hibernate: delete from ft_participants where seq=?
    Hibernate: delete from ft_participants where seq=?
    Hibernate: delete from ft_participants where seq=?
    Hibernate: delete from ft_participants where seq=?
    Hibernate: delete from ft_participants where seq=?
    Hibernate: delete from ft_participants where seq=?
    Hibernate: delete from ft_participants where seq=?
    Hibernate: delete from ft_participants where seq=?
    Hibernate: delete from ft_participants where seq=?
    Hibernate: delete from ft_participants where seq=?
    Hibernate: delete from ft_participants where seq=?
    Hibernate: delete from ft_participants where seq=?
    Hibernate: delete from ft_participants where seq=?
    Hibernate: delete from ft_participants where seq=?
    Hibernate: delete from ft_participants where seq=?
    Hibernate: delete from ft_participants where seq=?
    Hibernate: delete from ft_participants where seq=?
    Hibernate: delete from ft_participants where seq=?
    Hibernate: delete from ft_participants where seq=?
    Hibernate: delete from ft_participants where seq=?
    Hibernate: delete from ft_participants where seq=?
    Hibernate: delete from ft_participants where seq=?
    Hibernate: delete from ft_participants where seq=?
    Hibernate: delete from ft_participants where seq=?
    Hibernate: delete from ft_participants where seq=?
    Hibernate: delete from ft_participants where seq=?
    Hibernate: delete from ft_participants where seq=?
    Hibernate: delete from ft_participants where seq=?
    Hibernate: delete from ft_participants where seq=?
    Hibernate: delete from ft_participants where seq=?
    Hibernate: delete from ft_participants where seq=?
    Hibernate: delete from ft_participants where seq=?
    Hibernate: delete from ft_participants where seq=?
    Hibernate: delete from ft_participants where seq=?
    Hibernate: delete from ft_participants where seq=?
    Hibernate: delete from ft_participants where seq=?
    Hibernate: delete from ft_participants where seq=?
    Hibernate: delete from ft_participants where seq=?
    Hibernate: delete from ft_participants where seq=?
    Hibernate: delete from ft_participants where seq=?
    Hibernate: delete from ft_participants where seq=?
    Hibernate: delete from ft_participants where seq=?
    Hibernate: delete from ft_participants where seq=?
    Hibernate: delete from ft_participants where seq=?
    Hibernate: delete from ft_participants where seq=?
    Hibernate: delete from ft_participants where seq=?
    Hibernate: delete from ft_participants where seq=?
    Hibernate: delete from ft_participants where seq=?
    Hibernate: delete from ft_participants where seq=?
    Hibernate: delete from ft_participants where seq=?
    Hibernate: delete from ft_participants where seq=?
    Hibernate: delete from ft_participants where seq=?
    Hibernate: delete from ft_participants where seq=?
    Hibernate: delete from ft_participants where seq=?
    Hibernate: delete from ft_participants where seq=?
    Hibernate: delete from ft_participants where seq=?
    Hibernate: delete from ft_participants where seq=?
    Hibernate: delete from ft_participants where seq=?
    Hibernate: delete from ft_participants where seq=?
    Hibernate: delete from ft_participants where seq=?
    Hibernate: delete from ft_participants where seq=?
    Hibernate: delete from ft_participants where seq=?
    Hibernate: delete from ft_participants where seq=?
    Hibernate: delete from ft_participants where seq=?
    Hibernate: delete from ft_participants where seq=?
    Hibernate: delete from ft_participants where seq=?
    Hibernate: delete from ft_participants where seq=?
    Hibernate: delete from ft_participants where seq=?
    Hibernate: delete from ft_participants where seq=?
    Hibernate: delete from ft_participants where seq=?
    Hibernate: delete from ft_participants where seq=?
    Hibernate: delete from ft_participants where seq=?
    Hibernate: delete from ft_participants where seq=?
    Hibernate: delete from ft_participants where seq=?
    Hibernate: delete from ft_participants where seq=?
    Hibernate: delete from ft_participants where seq=?
    Hibernate: delete from ft_participants where seq=?
    Hibernate: delete from ft_participants where seq=?
    Hibernate: delete from ft_participants where seq=?
    Hibernate: delete from ft_participants where seq=?
    Hibernate: delete from ft_participants where seq=?
    Hibernate: delete from ft_participants where seq=?
    Hibernate: delete from ft_participants where seq=?
    Hibernate: delete from ft_participants where seq=?
    Hibernate: delete from ft_participants where seq=?
    Hibernate: delete from ft_participants where seq=?
    Hibernate: delete from ft_participants where seq=?
    Hibernate: delete from ft_participants where seq=?
    Hibernate: delete from ft_participants where seq=?
    Hibernate: delete from ft_participants where seq=?
    Hibernate: delete from ft_participants where seq=?
    Hibernate: delete from ft_participants where seq=?
    Hibernate: delete from ft_participants where seq=?
    Hibernate: delete from ft_participants where seq=?
    Hibernate: delete from ft_participants where seq=?
    Hibernate: delete from ft_participants where seq=?
    Hibernate: delete from ft_participants where seq=?
    Hibernate: delete from ft_participants where seq=?
    Hibernate: delete from ft_participants where seq=?
    Hibernate: delete from ft_participants where seq=?
    Hibernate: delete from ft_participants where seq=?
    Hibernate: delete from ft_participants where seq=?
    Hibernate: delete from ft_participants where seq=?
    Hibernate: delete from ft_participants where seq=?
    Hibernate: delete from ft_participants where seq=?
    Hibernate: delete from ft_participants where seq=?
    Hibernate: delete from ft_participants where seq=?
    Hibernate: delete from ft_participants where seq=?
    Hibernate: delete from ft_participants where seq=?
    Hibernate: delete from ft_participants where seq=?
    Hibernate: delete from ft_participants where seq=?
    Hibernate: delete from ft_participants where seq=?
    Hibernate: delete from ft_participants where seq=?
    Hibernate: delete from ft_participants where seq=?
    Hibernate: delete from ft_participants where seq=?
    Hibernate: delete from ft_participants where seq=?
    Hibernate: delete from ft_participants where seq=?
    Hibernate: delete from ft_participants where seq=?
    Hibernate: delete from ft_participants where seq=?
    Hibernate: delete from ft_participants where seq=?
    Hibernate: delete from ft_participants where seq=?
    Hibernate: delete from ft_participants where seq=?
    Hibernate: delete from ft_participants where seq=?
    Hibernate: delete from ft_participants where seq=?
    Hibernate: delete from ft_participants where seq=?
    Hibernate: delete from ft_participants where seq=?
    Hibernate: delete from ft_participants where seq=?
    Hibernate: delete from ft_participants where seq=?
    Hibernate: delete from ft_participants where seq=?
    Hibernate: delete from ft_participants where seq=?
    Hibernate: delete from ft_participants where seq=?
    Hibernate: delete from ft_participants where seq=?
    Hibernate: delete from ft_participants where seq=?
    Hibernate: delete from ft_participants where seq=?
    Hibernate: delete from ft_participants where seq=?
    Hibernate: delete from ft_participants where seq=?
    Hibernate: delete from ft_participants where seq=?
    Hibernate: delete from ft_participants where seq=?
    Hibernate: delete from ft_participants where seq=?
    Hibernate: delete from ft_participants where seq=?
    Hibernate: delete from ft_participants where seq=?
    Hibernate: delete from ft_participants where seq=?
    Hibernate: delete from ft_participants where seq=?
    Hibernate: delete from ft_participants where seq=?
    Hibernate: delete from ft_participants where seq=?
    Hibernate: delete from ft_participants where seq=?
    Hibernate: delete from ft_participants where seq=?
    Hibernate: delete from ft_participants where seq=?
    Hibernate: delete from ft_participants where seq=?
    Hibernate: delete from ft_participants where seq=?
    Hibernate: delete from ft_participants where seq=?
    Hibernate: delete from ft_participants where seq=?
    Hibernate: delete from ft_participants where seq=?
    Hibernate: delete from ft_participants where seq=?
    Hibernate: delete from ft_participants where seq=?
    Hibernate: delete from ft_participants where seq=?
    Hibernate: delete from ft_participants where seq=?
    Hibernate: delete from ft_participants where seq=?
    Hibernate: delete from ft_participants where seq=?
    Hibernate: delete from ft_participants where seq=?
    Hibernate: delete from ft_participants where seq=?
    Hibernate: delete from ft_participants where seq=?
    Hibernate: delete from ft_participants where seq=?
    Hibernate: delete from ft_participants where seq=?
    Hibernate: delete from ft_participants where seq=?
    Hibernate: delete from ft_participants where seq=?
    Hibernate: delete from ft_participants where seq=?
    Hibernate: delete from ft_participants where seq=?
    Hibernate: delete from ft_participants where seq=?
    Hibernate: delete from ft_participants where seq=?
    Hibernate: delete from ft_participants where seq=?
    Hibernate: delete from ft_participants where seq=?
    Hibernate: delete from ft_participants where seq=?
    Hibernate: delete from ft_participants where seq=?
    Hibernate: delete from ft_participants where seq=?
    Hibernate: delete from ft_participants where seq=?
    Hibernate: delete from ft_participants where seq=?
    Hibernate: delete from ft_participants where seq=?
    Hibernate: delete from ft_participants where seq=?
    Hibernate: delete from ft_participants where seq=?
    Hibernate: delete from ft_participants where seq=?
    Hibernate: delete from ft_participants where seq=?
    Hibernate: delete from ft_participants where seq=?
    Hibernate: delete from ft_participants where seq=?
    Hibernate: delete from ft_participants where seq=?
    Hibernate: delete from ft_participants where seq=?
    Hibernate: delete from ft_participants where seq=?
    Hibernate: delete from ft_participants where seq=?
    Hibernate: delete from ft_participants where seq=?
    Hibernate: delete from ft_participants where seq=?
    Hibernate: delete from ft_participants where seq=?
    Hibernate: delete from ft_participants where seq=?
    Hibernate: delete from ft_participants where seq=?
    Hibernate: delete from ft_participants where seq=?
    Hibernate: delete from ft_participants where seq=?
    Hibernate: delete from ft_participants where seq=?
    Hibernate: delete from ft_participants where seq=?
    Hibernate: delete from ft_participants where seq=?
    Hibernate: delete from ft_participants where seq=?
    Hibernate: delete from ft_participants where seq=?
    Hibernate: delete from ft_participants where seq=?
    Hibernate: delete from ft_participants where seq=?
    Hibernate: delete from ft_participants where seq=?
    Hibernate: delete from ft_participants where seq=?
    Hibernate: delete from ft_participants where seq=?
    Hibernate: delete from ft_participants where seq=?
    Hibernate: delete from ft_participants where seq=?
    Hibernate: delete from ft_participants where seq=?
    Hibernate: delete from ft_participants where seq=?
    Hibernate: delete from ft_participants where seq=?
    Hibernate: delete from ft_participants where seq=?
    Hibernate: delete from ft_participants where seq=?
    Hibernate: delete from ft_participants where seq=?
    Hibernate: delete from ft_participants where seq=?
    Hibernate: delete from ft_participants where seq=?
    Hibernate: delete from ft_participants where seq=?
    Hibernate: delete from ft_participants where seq=?
    Hibernate: delete from ft_participants where seq=?
    Hibernate: delete from ft_participants where seq=?
    Hibernate: delete from ft_participants where seq=?
    Hibernate: delete from ft_participants where seq=?
    Hibernate: delete from ft_participants where seq=?
    Hibernate: delete from ft_participants where seq=?
    Hibernate: delete from ft_participants where seq=?
    Hibernate: delete from ft_participants where seq=?
    Hibernate: delete from ft_participants where seq=?
    Hibernate: delete from ft_participants where seq=?
    Hibernate: delete from ft_participants where seq=?
    Hibernate: delete from ft_participants where seq=?
    Hibernate: delete from ft_participants where seq=?
    Hibernate: delete from ft_participants where seq=?
    Hibernate: delete from ft_participants where seq=?
    Hibernate: delete from ft_participants where seq=?
    Hibernate: delete from ft_participants where seq=?
    Hibernate: delete from ft_participants where seq=?
    Hibernate: delete from ft_participants where seq=?
    Hibernate: delete from ft_participants where seq=?
    Hibernate: delete from ft_participants where seq=?
    Hibernate: delete from ft_participants where seq=?
    Hibernate: delete from ft_participants where seq=?
    Hibernate: delete from ft_participants where seq=?
    Hibernate: delete from ft_participants where seq=?
    Hibernate: delete from ft_participants where seq=?
    Hibernate: delete from ft_participants where seq=?
    Hibernate: delete from ft_participants where seq=?
    Hibernate: delete from ft_participants where seq=?
    Hibernate: delete from ft_participants where seq=?
    Hibernate: delete from ft_participants where seq=?
    Hibernate: delete from ft_participants where seq=?
    Hibernate: delete from ft_participants where seq=?
    Hibernate: delete from ft_participants where seq=?
    Hibernate: delete from ft_participants where seq=?
    Hibernate: delete from ft_participants where seq=?
    Hibernate: delete from ft_participants where seq=?
    Hibernate: delete from ft_participants where seq=?
    Hibernate: delete from ft_participants where seq=?
    Hibernate: delete from ft_participants where seq=?
    Hibernate: delete from ft_participants where seq=?
    Hibernate: delete from ft_participants where seq=?
    Hibernate: delete from ft_participants where seq=?
    Hibernate: delete from ft_participants where seq=?
    Hibernate: delete from ft_participants where seq=?
    Hibernate: delete from ft_participants where seq=?
    Hibernate: delete from ft_participants where seq=?
    Hibernate: delete from ft_participants where seq=?
    Hibernate: delete from ft_participants where seq=?
    Hibernate: delete from ft_participants where seq=?
    Hibernate: delete from ft_participants where seq=?
    Hibernate: delete from ft_participants where seq=?
    Hibernate: delete from ft_participants where seq=?
    Hibernate: delete from ft_participants where seq=?
    Hibernate: delete from ft_participants where seq=?
    Hibernate: delete from ft_participants where seq=?
    Hibernate: delete from ft_participants where seq=?
    Hibernate: delete from ft_participants where seq=?
    Hibernate: delete from ft_participants where seq=?
    Hibernate: delete from ft_participants where seq=?
    Hibernate: delete from ft_participants where seq=?
    Hibernate: delete from ft_participants where seq=?
    Hibernate: delete from ft_participants where seq=?
    Hibernate: delete from ft_participants where seq=?
    Hibernate: delete from ft_participants where seq=?
    Hibernate: delete from ft_participants where seq=?
    Hibernate: delete from ft_participants where seq=?
    Hibernate: delete from ft_participants where seq=?
    Hibernate: delete from ft_participants where seq=?
    Hibernate: delete from ft_participants where seq=?
    Hibernate: delete from ft_participants where seq=?
    Hibernate: delete from ft_participants where seq=?
    Hibernate: delete from ft_participants where seq=?
    Hibernate: delete from ft_participants where seq=?
    Hibernate: delete from ft_participants where seq=?
    Hibernate: delete from ft_participants where seq=?
    Hibernate: delete from ft_participants where seq=?
    Hibernate: delete from ft_participants where seq=?
    Hibernate: delete from ft_participants where seq=?
    Hibernate: delete from ft_participants where seq=?
    Hibernate: delete from ft_participants where seq=?
    Hibernate: delete from ft_participants where seq=?
    Hibernate: delete from ft_participants where seq=?
    Hibernate: delete from ft_participants where seq=?
    Hibernate: delete from ft_participants where seq=?
    Hibernate: delete from ft_participants where seq=?
    Hibernate: delete from ft_participants where seq=?
    Hibernate: delete from ft_participants where seq=?
    Hibernate: delete from ft_participants where seq=?
    Hibernate: delete from ft_participants where seq=?
    Hibernate: delete from ft_participants where seq=?
    Hibernate: delete from ft_participants where seq=?
    Hibernate: delete from ft_participants where seq=?
    Hibernate: delete from ft_participants where seq=?
    Hibernate: delete from ft_participants where seq=?
    Hibernate: delete from ft_participants where seq=?
    Hibernate: delete from ft_participants where seq=?
    Hibernate: delete from ft_participants where seq=?
    Hibernate: delete from ft_participants where seq=?
    Hibernate: delete from ft_participants where seq=?
    Hibernate: delete from ft_participants where seq=?
    Hibernate: delete from ft_participants where seq=?
    Hibernate: delete from ft_participants where seq=?
    Hibernate: delete from ft_participants where seq=?
    Hibernate: delete from ft_participants where seq=?
    Hibernate: delete from ft_participants where seq=?
    Hibernate: delete from ft_participants where seq=?
    Hibernate: delete from ft_participants where seq=?
    Hibernate: delete from ft_participants where seq=?
    Hibernate: delete from ft_participants where seq=?
    Hibernate: delete from ft_participants where seq=?
    Hibernate: delete from ft_participants where seq=?
    Hibernate: delete from ft_participants where seq=?
    Hibernate: delete from ft_participants where seq=?
    Hibernate: delete from ft_participants where seq=?
    Hibernate: delete from ft_participants where seq=?
    Hibernate: delete from ft_participants where seq=?
    Hibernate: delete from ft_participants where seq=?
    Hibernate: delete from ft_participants where seq=?
    Hibernate: delete from ft_participants where seq=?
    Hibernate: delete from ft_participants where seq=?
    Hibernate: delete from ft_participants where seq=?
    Hibernate: delete from ft_participants where seq=?
    Hibernate: delete from ft_participants where seq=?
    Hibernate: delete from ft_participants where seq=?
    Hibernate: delete from ft_participants where seq=?
    Hibernate: delete from ft_participants where seq=?
    Hibernate: delete from ft_participants where seq=?
    Hibernate: delete from ft_participants where seq=?
    Hibernate: delete from ft_participants where seq=?
    Hibernate: delete from ft_participants where seq=?
    Hibernate: delete from ft_participants where seq=?
    Hibernate: delete from ft_participants where seq=?
    Hibernate: delete from ft_participants where seq=?
    Hibernate: delete from ft_participants where seq=?
    Hibernate: delete from ft_participants where seq=?
    Hibernate: delete from ft_participants where seq=?
    Hibernate: delete from ft_participants where seq=?
    Hibernate: delete from ft_participants where seq=?
    Hibernate: delete from ft_participants where seq=?
    Hibernate: delete from ft_participants where seq=?
    Hibernate: delete from ft_participants where seq=?
    Hibernate: delete from ft_participants where seq=?
    Hibernate: delete from ft_participants where seq=?
    Hibernate: delete from ft_participants where seq=?
    Hibernate: delete from ft_participants where seq=?
    Hibernate: delete from ft_participants where seq=?
    Hibernate: delete from ft_participants where seq=?
    Hibernate: delete from ft_participants where seq=?
    Hibernate: delete from ft_participants where seq=?
    Hibernate: delete from ft_participants where seq=?
    Hibernate: delete from ft_participants where seq=?
    Hibernate: delete from ft_participants where seq=?
    Hibernate: delete from ft_participants where seq=?
    Hibernate: delete from ft_participants where seq=?
    Hibernate: delete from ft_participants where seq=?
    Hibernate: delete from ft_participants where seq=?
    Hibernate: delete from ft_participants where seq=?
    Hibernate: delete from ft_participants where seq=?
    Hibernate: delete from ft_participants where seq=?
    Hibernate: delete from ft_participants where seq=?
    Hibernate: delete from ft_participants where seq=?
    Hibernate: delete from ft_participants where seq=?
    Hibernate: delete from ft_participants where seq=?
    Hibernate: delete from ft_participants where seq=?
    Hibernate: delete from ft_participants where seq=?
    Hibernate: delete from ft_participants where seq=?
    Hibernate: delete from ft_participants where seq=?
    Hibernate: delete from ft_participants where seq=?
    Hibernate: delete from ft_participants where seq=?
    Hibernate: delete from ft_participants where seq=?
    Hibernate: delete from ft_participants where seq=?
    Hibernate: delete from ft_participants where seq=?
    Hibernate: delete from ft_participants where seq=?
    Hibernate: delete from ft_participants where seq=?
    Hibernate: delete from ft_participants where seq=?
    Hibernate: delete from ft_participants where seq=?
    Hibernate: delete from ft_participants where seq=?
    Hibernate: delete from ft_participants where seq=?
    Hibernate: delete from ft_participants where seq=?
    Hibernate: delete from ft_participants where seq=?
    Hibernate: delete from ft_participants where seq=?
    Hibernate: delete from ft_participants where seq=?
    Hibernate: delete from ft_participants where seq=?
    Hibernate: delete from ft_participants where seq=?
    Hibernate: delete from ft_participants where seq=?
    Hibernate: delete from ft_participants where seq=?
    Hibernate: delete from ft_participants where seq=?
    Hibernate: delete from ft_participants where seq=?
    Hibernate: delete from ft_participants where seq=?
    Hibernate: delete from ft_participants where seq=?
    Hibernate: delete from ft_participants where seq=?
    Hibernate: delete from ft_participants where seq=?
    Hibernate: delete from ft_participants where seq=?
    Hibernate: delete from ft_participants where seq=?
    Hibernate: delete from ft_participants where seq=?
    Hibernate: delete from ft_participants where seq=?
    Hibernate: delete from ft_participants where seq=?
    Hibernate: delete from ft_participants where seq=?
    Hibernate: delete from ft_participants where seq=?
    Hibernate: delete from ft_participants where seq=?
    Hibernate: delete from ft_participants where seq=?
    Hibernate: delete from ft_participants where seq=?
    Hibernate: delete from ft_participants where seq=?
    Hibernate: delete from ft_participants where seq=?
    Hibernate: delete from ft_participants where seq=?
    Hibernate: delete from ft_participants where seq=?
    Hibernate: delete from ft_participants where seq=?
    Hibernate: delete from ft_participants where seq=?
    Hibernate: delete from ft_participants where seq=?
    Hibernate: delete from ft_participants where seq=?
    Hibernate: delete from ft_participants where seq=?
    Hibernate: delete from ft_participants where seq=?
    Hibernate: delete from ft_participants where seq=?
    Hibernate: delete from ft_participants where seq=?
    Hibernate: delete from ft_participants where seq=?
    Hibernate: delete from ft_participants where seq=?
    Hibernate: delete from ft_participants where seq=?
    Hibernate: delete from ft_participants where seq=?
    Hibernate: delete from ft_participants where seq=?
    Hibernate: delete from ft_participants where seq=?
    Hibernate: delete from ft_participants where seq=?
    Hibernate: delete from ft_participants where seq=?
    Hibernate: delete from ft_participants where seq=?
    Hibernate: delete from ft_participants where seq=?
    Hibernate: delete from ft_participants where seq=?
    Hibernate: delete from ft_participants where seq=?
    Hibernate: delete from ft_participants where seq=?
    Hibernate: delete from ft_participants where seq=?
    Hibernate: delete from ft_participants where seq=?
    Hibernate: delete from ft_participants where seq=?
    Hibernate: delete from ft_participants where seq=?
    Hibernate: delete from ft_participants where seq=?
    Hibernate: delete from ft_participants where seq=?
    Hibernate: delete from ft_participants where seq=?
    Hibernate: delete from ft_participants where seq=?
    Hibernate: delete from ft_participants where seq=?
    Hibernate: delete from ft_participants where seq=?
    Hibernate: delete from ft_participants where seq=?
    Hibernate: delete from ft_participants where seq=?
    Hibernate: delete from ft_participants where seq=?
    Hibernate: delete from ft_participants where seq=?
    Hibernate: delete from ft_participants where seq=?
    Hibernate: delete from ft_participants where seq=?
    Hibernate: delete from ft_participants where seq=?
    Hibernate: delete from ft_participants where seq=?
    Hibernate: delete from ft_participants where seq=?
    Hibernate: delete from ft_participants where seq=?
    Hibernate: delete from ft_participants where seq=?
    Hibernate: delete from ft_participants where seq=?
    Hibernate: delete from ft_participants where seq=?
    Hibernate: delete from ft_participants where seq=?
    Hibernate: delete from ft_participants where seq=?
    Hibernate: delete from ft_participants where seq=?
    Hibernate: delete from ft_participants where seq=?
    Hibernate: delete from ft_participants where seq=?
    Hibernate: delete from ft_participants where seq=?
    Hibernate: delete from ft_participants where seq=?
    Hibernate: delete from ft_participants where seq=?
    Hibernate: delete from ft_participants where seq=?
    Hibernate: delete from ft_participants where seq=?
    Hibernate: delete from ft_participants where seq=?
    Hibernate: delete from ft_participants where seq=?
    Hibernate: delete from ft_participants where seq=?
    Hibernate: delete from ft_participants where seq=?
    Hibernate: delete from ft_participants where seq=?
    Hibernate: delete from ft_participants where seq=?
    Hibernate: delete from ft_participants where seq=?
    Hibernate: delete from ft_participants where seq=?
    Hibernate: delete from ft_participants where seq=?
    Hibernate: delete from ft_participants where seq=?
    Hibernate: delete from ft_participants where seq=?
    Hibernate: delete from ft_participants where seq=?
    Hibernate: delete from ft_participants where seq=?
    Hibernate: delete from ft_participants where seq=?
    Hibernate: delete from ft_participants where seq=?
    Hibernate: delete from ft_participants where seq=?
    Hibernate: delete from ft_participants where seq=?
    Hibernate: delete from ft_participants where seq=?
    Hibernate: delete from ft_participants where seq=?
    Hibernate: delete from ft_participants where seq=?
    Hibernate: delete from ft_participants where seq=?
    Hibernate: delete from ft_participants where seq=?
    Hibernate: delete from ft_participants where seq=?
    Hibernate: delete from ft_participants where seq=?
    Hibernate: delete from ft_participants where seq=?
    Hibernate: delete from ft_participants where seq=?
    Hibernate: delete from ft_participants where seq=?
    Hibernate: delete from ft_participants where seq=?
    Hibernate: delete from ft_participants where seq=?
    Hibernate: delete from ft_participants where seq=?
    Hibernate: delete from ft_participants where seq=?
    Hibernate: delete from ft_participants where seq=?
    Hibernate: delete from ft_participants where seq=?
    Hibernate: delete from ft_participants where seq=?
    Hibernate: delete from ft_participants where seq=?
    Hibernate: delete from ft_participants where seq=?
    Hibernate: delete from ft_participants where seq=?
    Hibernate: delete from ft_participants where seq=?
    Hibernate: delete from ft_participants where seq=?
    Hibernate: delete from ft_participants where seq=?
    Hibernate: delete from ft_participants where seq=?
    Hibernate: delete from ft_participants where seq=?
    Hibernate: delete from ft_participants where seq=?
    Hibernate: delete from ft_participants where seq=?
    Hibernate: delete from ft_participants where seq=?
    Hibernate: delete from ft_participants where seq=?
    Hibernate: delete from ft_participants where seq=?
    Hibernate: delete from ft_participants where seq=?
    Hibernate: delete from ft_participants where seq=?
    Hibernate: delete from ft_participants where seq=?
    Hibernate: delete from ft_participants where seq=?
    Hibernate: delete from ft_participants where seq=?
    Hibernate: delete from ft_participants where seq=?
    Hibernate: delete from ft_participants where seq=?
    Hibernate: delete from ft_participants where seq=?
    Hibernate: delete from ft_participants where seq=?
    Hibernate: delete from ft_participants where seq=?
    Hibernate: delete from ft_participants where seq=?
    Hibernate: delete from ft_participants where seq=?
    Hibernate: delete from ft_participants where seq=?
    Hibernate: delete from ft_participants where seq=?
    Hibernate: delete from ft_participants where seq=?
    Hibernate: delete from ft_participants where seq=?
    Hibernate: delete from ft_participants where seq=?
    Hibernate: delete from ft_participants where seq=?
    Hibernate: delete from ft_participants where seq=?
    Hibernate: delete from ft_participants where seq=?
    Hibernate: delete from ft_participants where seq=?
    Hibernate: delete from ft_participants where seq=?
    Hibernate: delete from ft_participants where seq=?
    Hibernate: delete from ft_participants where seq=?
    Hibernate: delete from ft_participants where seq=?
    Hibernate: delete from ft_participants where seq=?
    Hibernate: delete from ft_participants where seq=?
    Hibernate: delete from ft_participants where seq=?
    Hibernate: delete from ft_participants where seq=?
    Hibernate: delete from ft_participants where seq=?
    Hibernate: delete from ft_participants where seq=?
    Hibernate: delete from ft_participants where seq=?
    Hibernate: delete from ft_participants where seq=?
    Hibernate: delete from ft_participants where seq=?
    Hibernate: delete from ft_participants where seq=?
    Hibernate: delete from ft_participants where seq=?
    Hibernate: delete from ft_participants where seq=?
    Hibernate: delete from ft_participants where seq=?
    Hibernate: delete from ft_participants where seq=?
    Hibernate: delete from ft_participants where seq=?
    Hibernate: delete from ft_participants where seq=?
    Hibernate: delete from ft_participants where seq=?
    Hibernate: delete from ft_participants where seq=?
    Hibernate: delete from ft_participants where seq=?
    Hibernate: delete from ft_participants where seq=?
    Hibernate: delete from ft_participants where seq=?
    Hibernate: delete from ft_participants where seq=?
    Hibernate: delete from ft_participants where seq=?
    Hibernate: delete from ft_participants where seq=?
    Hibernate: delete from ft_participants where seq=?
    Hibernate: delete from ft_participants where seq=?
    Hibernate: delete from ft_participants where seq=?
    Hibernate: delete from ft_participants where seq=?
    Hibernate: delete from ft_participants where seq=?
    Hibernate: delete from ft_participants where seq=?
    Hibernate: delete from ft_participants where seq=?
    Hibernate: delete from ft_participants where seq=?
    Hibernate: delete from ft_participants where seq=?
    Hibernate: delete from ft_participants where seq=?
    Hibernate: delete from ft_participants where seq=?
    Hibernate: delete from ft_participants where seq=?
    Hibernate: delete from ft_participants where seq=?
    Hibernate: delete from ft_participants where seq=?
    Hibernate: delete from ft_participants where seq=?
    Hibernate: delete from ft_participants where seq=?
    Hibernate: delete from ft_participants where seq=?
    Hibernate: delete from ft_participants where seq=?
    Hibernate: delete from ft_participants where seq=?
    Hibernate: delete from ft_participants where seq=?
    Hibernate: delete from ft_participants where seq=?
    Hibernate: delete from ft_participants where seq=?
    Hibernate: delete from ft_participants where seq=?
    Hibernate: delete from ft_participants where seq=?
    Hibernate: delete from ft_participants where seq=?
    Hibernate: delete from ft_participants where seq=?
    Hibernate: delete from ft_participants where seq=?
    Hibernate: delete from ft_participants where seq=?
    Hibernate: delete from ft_participants where seq=?
    Hibernate: delete from ft_participants where seq=?
    Hibernate: delete from ft_participants where seq=?
    Hibernate: delete from ft_participants where seq=?
    Hibernate: delete from ft_participants where seq=?
    Hibernate: delete from ft_participants where seq=?
    Hibernate: delete from ft_participants where seq=?
    Hibernate: delete from ft_participants where seq=?
    Hibernate: delete from ft_participants where seq=?
    Hibernate: delete from ft_participants where seq=?
    Hibernate: delete from ft_participants where seq=?
    Hibernate: delete from ft_participants where seq=?
    Hibernate: delete from ft_participants where seq=?
    Hibernate: delete from ft_participants where seq=?
    Hibernate: delete from ft_participants where seq=?
    Hibernate: delete from ft_participants where seq=?
    Hibernate: delete from ft_participants where seq=?
    Hibernate: delete from ft_participants where seq=?
    Hibernate: delete from ft_participants where seq=?
    Hibernate: delete from ft_participants where seq=?
    Hibernate: delete from ft_participants where seq=?
    Hibernate: delete from ft_participants where seq=?
    Hibernate: delete from ft_participants where seq=?
    Hibernate: delete from ft_participants where seq=?
    Hibernate: delete from ft_participants where seq=?
    Hibernate: delete from ft_participants where seq=?
    Hibernate: delete from ft_participants where seq=?
    Hibernate: delete from ft_participants where seq=?
    Hibernate: delete from ft_participants where seq=?
    Hibernate: delete from ft_participants where seq=?
    Hibernate: delete from ft_participants where seq=?
    Hibernate: delete from ft_participants where seq=?
    Hibernate: delete from ft_participants where seq=?
    Hibernate: delete from ft_participants where seq=?
    Hibernate: delete from ft_participants where seq=?
    Hibernate: delete from ft_participants where seq=?
    Hibernate: delete from ft_participants where seq=?
    Hibernate: delete from ft_participants where seq=?
    Hibernate: delete from ft_participants where seq=?
    Hibernate: delete from ft_participants where seq=?
    Hibernate: delete from ft_participants where seq=?
    Hibernate: delete from ft_participants where seq=?
    Hibernate: delete from ft_participants where seq=?
    Hibernate: delete from ft_participants where seq=?
    Hibernate: delete from ft_participants where seq=?
    Hibernate: delete from ft_participants where seq=?
    Hibernate: delete from ft_participants where seq=?
    Hibernate: delete from ft_participants where seq=?
    Hibernate: delete from ft_participants where seq=?
    Hibernate: delete from ft_participants where seq=?
    Hibernate: delete from ft_participants where seq=?
    Hibernate: delete from ft_participants where seq=?
    Hibernate: delete from ft_participants where seq=?
    Hibernate: delete from ft_participants where seq=?
    Hibernate: delete from ft_participants where seq=?
    Hibernate: delete from ft_participants where seq=?
    Hibernate: delete from ft_participants where seq=?
    Hibernate: delete from ft_participants where seq=?
    Hibernate: delete from ft_participants where seq=?
    Hibernate: delete from ft_participants where seq=?
    Hibernate: delete from ft_participants where seq=?
    Hibernate: delete from ft_participants where seq=?
    Hibernate: delete from ft_participants where seq=?
    Hibernate: delete from ft_participants where seq=?
    Hibernate: delete from ft_participants where seq=?
    Hibernate: delete from ft_participants where seq=?
    Hibernate: delete from ft_participants where seq=?
    Hibernate: delete from ft_participants where seq=?
    Hibernate: delete from ft_participants where seq=?
    Hibernate: delete from ft_participants where seq=?
    Hibernate: delete from ft_participants where seq=?
    Hibernate: delete from ft_participants where seq=?
    Hibernate: delete from ft_participants where seq=?
    Hibernate: delete from ft_participants where seq=?
    Hibernate: delete from ft_participants where seq=?
    Hibernate: delete from ft_participants where seq=?
    Hibernate: delete from ft_participants where seq=?
    Hibernate: delete from ft_participants where seq=?
    Hibernate: delete from ft_participants where seq=?
    Hibernate: delete from ft_participants where seq=?
    Hibernate: delete from ft_participants where seq=?
    Hibernate: delete from ft_participants where seq=?
    Hibernate: delete from ft_participants where seq=?
    Hibernate: delete from ft_participants where seq=?
    Hibernate: delete from ft_participants where seq=?
    Hibernate: delete from ft_participants where seq=?
    Hibernate: delete from ft_participants where seq=?
    Hibernate: delete from ft_participants where seq=?
    Hibernate: delete from ft_participants where seq=?
    Hibernate: delete from ft_participants where seq=?
    Hibernate: delete from ft_participants where seq=?
    Hibernate: delete from ft_participants where seq=?
    Hibernate: delete from ft_participants where seq=?
    Hibernate: delete from ft_participants where seq=?
    Hibernate: delete from ft_participants where seq=?
    Hibernate: delete from ft_participants where seq=?
    Hibernate: delete from ft_participants where seq=?
    Hibernate: delete from ft_participants where seq=?
    Hibernate: delete from ft_participants where seq=?
    Hibernate: delete from ft_participants where seq=?
    Hibernate: delete from ft_participants where seq=?
    Hibernate: delete from ft_participants where seq=?
    Hibernate: delete from ft_participants where seq=?
    Hibernate: delete from ft_participants where seq=?
    Hibernate: delete from ft_participants where seq=?
    Hibernate: delete from ft_participants where seq=?
    Hibernate: delete from ft_participants where seq=?
    Hibernate: delete from ft_participants where seq=?
    Hibernate: delete from ft_participants where seq=?
    Hibernate: delete from ft_participants where seq=?
    Hibernate: delete from ft_participants where seq=?
    Hibernate: delete from ft_participants where seq=?
    Hibernate: delete from ft_participants where seq=?
    Hibernate: delete from ft_participants where seq=?
    Hibernate: delete from ft_participants where seq=?
    Hibernate: delete from ft_participants where seq=?
    Hibernate: delete from ft_participants where seq=?
    Hibernate: delete from ft_participants where seq=?
    Hibernate: delete from ft_participants where seq=?
    Hibernate: delete from ft_participants where seq=?
    Hibernate: delete from ft_participants where seq=?
    Hibernate: delete from ft_participants where seq=?
    Hibernate: delete from ft_participants where seq=?
    Hibernate: delete from ft_participants where seq=?
    Hibernate: delete from ft_participants where seq=?
    Hibernate: delete from ft_participants where seq=?
    Hibernate: delete from ft_participants where seq=?
    Hibernate: delete from ft_participants where seq=?
    Hibernate: delete from ft_participants where seq=?
    Hibernate: delete from ft_participants where seq=?
    Hibernate: delete from ft_participants where seq=?
    Hibernate: delete from ft_participants where seq=?
    Hibernate: delete from ft_participants where seq=?
    Hibernate: delete from ft_participants where seq=?
    Hibernate: delete from ft_participants where seq=?
    Hibernate: delete from ft_participants where seq=?
    Hibernate: delete from ft_participants where seq=?
    Hibernate: delete from ft_participants where seq=?
    Hibernate: delete from ft_participants where seq=?
    Hibernate: delete from ft_participants where seq=?
    Hibernate: delete from ft_participants where seq=?
    Hibernate: delete from ft_participants where seq=?
    Hibernate: delete from ft_participants where seq=?
    Hibernate: delete from ft_participants where seq=?
    Hibernate: delete from ft_participants where seq=?
    Hibernate: delete from ft_participants where seq=?
    Hibernate: delete from ft_participants where seq=?
    Hibernate: delete from ft_participants where seq=?
    Hibernate: delete from ft_participants where seq=?
    Hibernate: delete from ft_participants where seq=?
    Hibernate: delete from ft_participants where seq=?
    Hibernate: delete from ft_participants where seq=?
    Hibernate: delete from ft_participants where seq=?
    Hibernate: delete from ft_participants where seq=?
    Hibernate: delete from ft_participants where seq=?
    Hibernate: delete from ft_participants where seq=?
    Hibernate: delete from ft_participants where seq=?
    Hibernate: delete from ft_participants where seq=?
    Hibernate: delete from ft_participants where seq=?
    Hibernate: delete from ft_participants where seq=?
    Hibernate: delete from ft_participants where seq=?
    Hibernate: delete from ft_participants where seq=?
    Hibernate: delete from ft_participants where seq=?
    Hibernate: delete from ft_participants where seq=?
    Hibernate: delete from ft_participants where seq=?
    Hibernate: delete from ft_participants where seq=?
    Hibernate: delete from ft_participants where seq=?
    Hibernate: delete from ft_participants where seq=?
    Hibernate: delete from ft_participants where seq=?
    Hibernate: delete from ft_participants where seq=?
    Hibernate: delete from ft_participants where seq=?
    Hibernate: delete from ft_participants where seq=?
    Hibernate: delete from ft_participants where seq=?
    Hibernate: delete from ft_participants where seq=?
    Hibernate: delete from ft_participants where seq=?
    Hibernate: delete from ft_participants where seq=?
    Hibernate: delete from ft_participants where seq=?
    Hibernate: delete from ft_participants where seq=?
    Hibernate: delete from ft_participants where seq=?
    Hibernate: delete from ft_participants where seq=?
    Hibernate: delete from ft_participants where seq=?
    Hibernate: delete from ft_participants where seq=?
    Hibernate: delete from ft_participants where seq=?
    Hibernate: delete from ft_participants where seq=?
    Hibernate: delete from ft_participants where seq=?
    Hibernate: delete from ft_participants where seq=?
    Hibernate: delete from ft_participants where seq=?
    Hibernate: delete from ft_participants where seq=?
    Hibernate: delete from ft_participants where seq=?
    Hibernate: delete from ft_participants where seq=?
    Hibernate: delete from ft_participants where seq=?
    Hibernate: delete from ft_participants where seq=?
    Hibernate: delete from ft_participants where seq=?
    Hibernate: delete from ft_participants where seq=?
    Hibernate: delete from ft_participants where seq=?
    Hibernate: delete from ft_participants where seq=?
    Hibernate: delete from ft_participants where seq=?
    Hibernate: delete from ft_participants where seq=?
    Hibernate: delete from ft_participants where seq=?
    Hibernate: delete from ft_participants where seq=?
    Hibernate: delete from ft_participants where seq=?
    Hibernate: delete from ft_participants where seq=?
    Hibernate: delete from ft_participants where seq=?
    Hibernate: delete from ft_participants where seq=?
    Hibernate: delete from ft_participants where seq=?
    Hibernate: delete from ft_participants where seq=?
    Hibernate: delete from ft_participants where seq=?
    Hibernate: delete from ft_participants where seq=?
    Hibernate: delete from ft_participants where seq=?
    Hibernate: delete from ft_participants where seq=?
    Hibernate: delete from ft_participants where seq=?
    Hibernate: delete from ft_participants where seq=?
    Hibernate: delete from ft_participants where seq=?
    Hibernate: delete from ft_participants where seq=?
    Hibernate: delete from ft_participants where seq=?
    Hibernate: delete from ft_participants where seq=?
    Hibernate: delete from ft_participants where seq=?
    Hibernate: delete from ft_participants where seq=?
    Hibernate: delete from ft_participants where seq=?
    Hibernate: delete from ft_participants where seq=?
    Hibernate: delete from ft_participants where seq=?
    Hibernate: delete from ft_participants where seq=?
    Hibernate: delete from ft_participants where seq=?
    Hibernate: delete from ft_participants where seq=?
    Hibernate: delete from ft_participants where seq=?
    Hibernate: delete from ft_participants where seq=?
    Hibernate: delete from ft_participants where seq=?
    Hibernate: delete from ft_participants where seq=?
    Hibernate: delete from ft_participants where seq=?
    Hibernate: delete from ft_participants where seq=?
    Hibernate: delete from ft_participants where seq=?
    Hibernate: delete from ft_participants where seq=?
    Hibernate: delete from ft_participants where seq=?
    Hibernate: delete from ft_participants where seq=?
    Hibernate: delete from ft_participants where seq=?
    Hibernate: delete from ft_participants where seq=?
    Hibernate: delete from ft_participants where seq=?
    Hibernate: delete from ft_participants where seq=?
    Hibernate: delete from ft_participants where seq=?
    Hibernate: delete from ft_participants where seq=?
    Hibernate: delete from ft_participants where seq=?
    Hibernate: delete from ft_participants where seq=?
    Hibernate: delete from ft_participants where seq=?
    Hibernate: delete from ft_participants where seq=?
    Hibernate: delete from ft_participants where seq=?
    Hibernate: delete from ft_participants where seq=?
    Hibernate: delete from ft_participants where seq=?
    Hibernate: delete from ft_participants where seq=?
    Hibernate: delete from ft_participants where seq=?
    Hibernate: delete from ft_participants where seq=?
    Hibernate: delete from ft_participants where seq=?
    Hibernate: delete from ft_participants where seq=?
    Hibernate: delete from ft_participants where seq=?
    Hibernate: delete from ft_participants where seq=?
    Hibernate: delete from ft_participants where seq=?
    Hibernate: delete from ft_participants where seq=?
    Hibernate: delete from ft_participants where seq=?
    Hibernate: delete from ft_participants where seq=?
    Hibernate: delete from ft_participants where seq=?
    Hibernate: delete from ft_participants where seq=?
    Hibernate: delete from ft_participants where seq=?
    Hibernate: delete from ft_participants where seq=?
    Hibernate: delete from ft_participants where seq=?
    Hibernate: delete from ft_participants where seq=?
    Hibernate: delete from ft_participants where seq=?
    Hibernate: delete from ft_participants where seq=?
    Hibernate: delete from ft_participants where seq=?
    Hibernate: delete from ft_participants where seq=?
    Hibernate: delete from ft_participants where seq=?
    Hibernate: delete from ft_participants where seq=?
    Hibernate: delete from ft_participants where seq=?
    Hibernate: delete from ft_participants where seq=?
    Hibernate: delete from ft_participants where seq=?
    Hibernate: delete from ft_participants where seq=?
    Hibernate: delete from ft_participants where seq=?
    Hibernate: delete from ft_participants where seq=?
    Hibernate: delete from ft_participants where seq=?
    Hibernate: delete from ft_participants where seq=?
    Hibernate: delete from ft_participants where seq=?
    Hibernate: delete from ft_participants where seq=?
    Hibernate: delete from ft_participants where seq=?
    Hibernate: delete from ft_participants where seq=?
    Hibernate: delete from ft_participants where seq=?
    Hibernate: delete from ft_participants where seq=?
    Hibernate: delete from ft_participants where seq=?
    Hibernate: delete from ft_participants where seq=?
    Hibernate: delete from ft_participants where seq=?
    Hibernate: delete from ft_participants where seq=?
    Hibernate: delete from ft_participants where seq=?
    Hibernate: delete from ft_participants where seq=?
    Hibernate: delete from ft_participants where seq=?
    Hibernate: delete from ft_participants where seq=?
    Hibernate: delete from ft_participants where seq=?
    Hibernate: delete from ft_participants where seq=?
    Hibernate: delete from ft_participants where seq=?
    Hibernate: delete from ft_participants where seq=?
    Hibernate: delete from ft_participants where seq=?
    Hibernate: delete from ft_participants where seq=?
    Hibernate: delete from ft_participants where seq=?
    Hibernate: delete from ft_participants where seq=?
    Hibernate: delete from ft_participants where seq=?
    Hibernate: delete from ft_participants where seq=?
    Hibernate: delete from ft_participants where seq=?
    Hibernate: delete from ft_participants where seq=?
    Hibernate: delete from ft_participants where seq=?
    Hibernate: delete from ft_participants where seq=?
    Hibernate: delete from ft_participants where seq=?
    Hibernate: delete from ft_participants where seq=?
    Hibernate: delete from ft_participants where seq=?
    Hibernate: delete from ft_participants where seq=?
    Hibernate: delete from ft_participants where seq=?
    Hibernate: delete from ft_participants where seq=?
    Hibernate: delete from ft_participants where seq=?
    Hibernate: delete from ft_participants where seq=?
    Hibernate: delete from ft_participants where seq=?
    Hibernate: delete from ft_participants where seq=?
    Hibernate: delete from ft_participants where seq=?
    Hibernate: delete from ft_participants where seq=?
    Hibernate: delete from ft_participants where seq=?
    Hibernate: delete from ft_participants where seq=?
    Hibernate: delete from ft_participants where seq=?
    Hibernate: delete from ft_participants where seq=?
    Hibernate: delete from ft_participants where seq=?
    Hibernate: delete from ft_participants where seq=?
    Hibernate: delete from ft_participants where seq=?
    Hibernate: delete from ft_participants where seq=?
    Hibernate: delete from ft_participants where seq=?
    Hibernate: delete from ft_participants where seq=?
    Hibernate: delete from ft_participants where seq=?
    Hibernate: delete from ft_participants where seq=?
    Hibernate: delete from ft_participants where seq=?
    Hibernate: delete from ft_participants where seq=?
    Hibernate: delete from ft_participants where seq=?
    Hibernate: delete from ft_participants where seq=?
    Hibernate: delete from ft_participants where seq=?
    Hibernate: delete from ft_participants where seq=?
    Hibernate: delete from ft_participants where seq=?
    Hibernate: delete from ft_participants where seq=?
    Hibernate: delete from ft_participants where seq=?
    Hibernate: delete from ft_participants where seq=?
    Hibernate: delete from ft_participants where seq=?
    Hibernate: delete from ft_participants where seq=?
    Hibernate: delete from ft_participants where seq=?
    Hibernate: delete from ft_participants where seq=?
    Hibernate: delete from ft_participants where seq=?
    Hibernate: delete from ft_participants where seq=?
    Hibernate: delete from ft_participants where seq=?
    Hibernate: delete from ft_participants where seq=?
    Hibernate: delete from ft_participants where seq=?
    Hibernate: delete from ft_participants where seq=?
    Hibernate: delete from ft_participants where seq=?
    Hibernate: delete from ft_participants where seq=?
    Hibernate: delete from ft_participants where seq=?
    Hibernate: delete from ft_participants where seq=?
    Hibernate: delete from ft_participants where seq=?
    Hibernate: delete from ft_participants where seq=?
    Hibernate: delete from ft_participants where seq=?
    Hibernate: delete from ft_participants where seq=?
    Hibernate: delete from ft_participants where seq=?
    Hibernate: delete from ft_participants where seq=?
    Hibernate: delete from ft_participants where seq=?
    Hibernate: delete from ft_participants where seq=?
    Hibernate: delete from ft_participants where seq=?
    Hibernate: delete from ft_participants where seq=?
    Hibernate: delete from ft_participants where seq=?
    Hibernate: delete from ft_participants where seq=?
    Hibernate: delete from ft_participants where seq=?
    Hibernate: delete from ft_participants where seq=?
    Hibernate: delete from ft_participants where seq=?
    Hibernate: delete from ft_participants where seq=?
    Hibernate: delete from ft_participants where seq=?
    Hibernate: delete from ft_participants where seq=?
    Hibernate: delete from ft_participants where seq=?
    Hibernate: delete from ft_participants where seq=?
    Hibernate: delete from ft_participants where seq=?
    Hibernate: delete from ft_participants where seq=?
    Hibernate: delete from ft_participants where seq=?
    Hibernate: delete from ft_participants where seq=?
    Hibernate: delete from ft_participants where seq=?
    Hibernate: delete from ft_participants where seq=?
    Hibernate: delete from ft_participants where seq=?
    Hibernate: delete from ft_participants where seq=?
    Hibernate: delete from ft_participants where seq=?
    Hibernate: delete from ft_participants where seq=?
    Hibernate: delete from ft_participants where seq=?
    Hibernate: delete from ft_participants where seq=?
    Hibernate: delete from ft_participants where seq=?
    Hibernate: delete from ft_participants where seq=?
    Hibernate: delete from ft_participants where seq=?
    Hibernate: delete from ft_participants where seq=?
    Hibernate: delete from ft_participants where seq=?
    Hibernate: delete from ft_participants where seq=?
    Hibernate: delete from ft_participants where seq=?
    Hibernate: delete from ft_participants where seq=?
    Hibernate: delete from ft_participants where seq=?
    Hibernate: delete from ft_participants where seq=?
    Hibernate: delete from ft_participants where seq=?
    Hibernate: delete from ft_participants where seq=?
    Hibernate: delete from ft_participants where seq=?
    Hibernate: delete from ft_participants where seq=?
    Hibernate: delete from ft_participants where seq=?
    Hibernate: delete from ft_participants where seq=?
    Hibernate: delete from ft_participants where seq=?
    Hibernate: delete from ft_participants where seq=?
    Hibernate: delete from ft_participants where seq=?
    Hibernate: delete from ft_participants where seq=?
    Hibernate: delete from ft_participants where seq=?
    Hibernate: delete from ft_participants where seq=?
    Hibernate: delete from ft_participants where seq=?
    Hibernate: delete from ft_participants where seq=?
    Hibernate: delete from ft_participants where seq=?
    Hibernate: delete from ft_participants where seq=?
    Hibernate: delete from ft_participants where seq=?
    Hibernate: delete from ft_participants where seq=?
    Hibernate: delete from ft_participants where seq=?
    Hibernate: delete from ft_participants where seq=?
    Hibernate: delete from ft_participants where seq=?
    Hibernate: delete from ft_participants where seq=?
    Hibernate: delete from ft_participants where seq=?
    Hibernate: delete from ft_participants where seq=?
    Hibernate: delete from ft_participants where seq=?
    Hibernate: delete from ft_participants where seq=?
    Hibernate: delete from ft_participants where seq=?
    Hibernate: delete from ft_participants where seq=?
    Hibernate: delete from ft_participants where seq=?
    Hibernate: delete from ft_participants where seq=?
    Hibernate: delete from ft_participants where seq=?
    Hibernate: delete from ft_participants where seq=?
    Hibernate: delete from ft_participants where seq=?
    Hibernate: delete from ft_participants where seq=?
    Hibernate: delete from ft_participants where seq=?
    Hibernate: delete from ft_participants where seq=?
    Hibernate: delete from ft_participants where seq=?
    Hibernate: delete from ft_participants where seq=?
    Hibernate: delete from ft_participants where seq=?
    Hibernate: delete from ft_participants where seq=?
    Hibernate: delete from ft_participants where seq=?
    Hibernate: delete from ft_participants where seq=?
    Hibernate: delete from ft_participants where seq=?
    Hibernate: delete from ft_participants where seq=?
    Hibernate: delete from ft_participants where seq=?
    Hibernate: delete from ft_participants where seq=?
    Hibernate: delete from ft_participants where seq=?
    Hibernate: delete from ft_participants where seq=?
    Hibernate: delete from ft_participants where seq=?
    Hibernate: delete from ft_participants where seq=?
    Hibernate: delete from ft_participants where seq=?
    Hibernate: delete from ft_participants where seq=?
    Hibernate: delete from ft_participants where seq=?
    Hibernate: delete from ft_participants where seq=?
    Hibernate: delete from ft_participants where seq=?
    Hibernate: delete from ft_participants where seq=?
    Hibernate: delete from ft_participants where seq=?
    Hibernate: delete from ft_participants where seq=?
    Hibernate: delete from ft_participants where seq=?
    Hibernate: delete from ft_participants where seq=?
    Hibernate: delete from ft_participants where seq=?
    Hibernate: delete from ft_participants where seq=?
    Hibernate: delete from ft_participants where seq=?
    Hibernate: delete from ft_participants where seq=?
    Hibernate: delete from ft_participants where seq=?
    Hibernate: delete from ft_participants where seq=?
    Hibernate: delete from ft_participants where seq=?
    Hibernate: delete from ft_participants where seq=?
    Hibernate: delete from ft_participants where seq=?
    Hibernate: delete from ft_participants where seq=?
    Hibernate: delete from ft_participants where seq=?
    Hibernate: delete from ft_participants where seq=?
    Hibernate: delete from ft_participants where seq=?
    Hibernate: delete from ft_participants where seq=?
    Hibernate: delete from ft_participants where seq=?
    Hibernate: delete from ft_participants where seq=?
    Hibernate: delete from ft_participants where seq=?
    Hibernate: delete from ft_participants where seq=?
    Hibernate: delete from ft_participants where seq=?
    Hibernate: delete from ft_participants where seq=?
    Hibernate: delete from ft_participants where seq=?
    Hibernate: delete from ft_participants where seq=?
    Hibernate: delete from ft_participants where seq=?
    Hibernate: delete from ft_participants where seq=?
    Hibernate: delete from ft_participants where seq=?
    Hibernate: delete from ft_participants where seq=?
    Hibernate: delete from ft_participants where seq=?
    Hibernate: delete from ft_participants where seq=?
    Hibernate: delete from ft_participants where seq=?
    Hibernate: delete from ft_participants where seq=?
    Hibernate: delete from ft_participants where seq=?
    Hibernate: delete from ft_participants where seq=?
    Hibernate: delete from ft_participants where seq=?
    Hibernate: delete from ft_participants where seq=?
    Hibernate: delete from ft_participants where seq=?
    Hibernate: delete from ft_participants where seq=?
    Hibernate: delete from ft_participants where seq=?
    Hibernate: delete from ft_participants where seq=?
    Hibernate: delete from ft_participants where seq=?
    Hibernate: delete from ft_participants where seq=?
    Hibernate: delete from ft_participants where seq=?
    Hibernate: delete from ft_participants where seq=?
    Hibernate: delete from ft_participants where seq=?
    Hibernate: delete from ft_participants where seq=?
    Hibernate: delete from ft_participants where seq=?
    Hibernate: delete from ft_participants where seq=?
    Hibernate: delete from ft_participants where seq=?
    Hibernate: delete from ft_participants where seq=?
    Hibernate: delete from ft_participants where seq=?
    Hibernate: delete from ft_participants where seq=?
    Hibernate: delete from ft_participants where seq=?
    Hibernate: delete from ft_participants where seq=?
    Hibernate: delete from ft_participants where seq=?
    Hibernate: delete from ft_participants where seq=?
    Hibernate: delete from ft_participants where seq=?
    Hibernate: delete from ft_participants where seq=?
    Hibernate: delete from ft_participants where seq=?
    Hibernate: delete from ft_participants where seq=?
    Hibernate: delete from ft_participants where seq=?
    Hibernate: delete from ft_participants where seq=?
    Hibernate: delete from ft_participants where seq=?
    Hibernate: delete from ft_participants where seq=?
    Hibernate: delete from ft_participants where seq=?
    Hibernate: delete from ft_participants where seq=?
    Hibernate: delete from ft_participants where seq=?
    Hibernate: delete from ft_participants where seq=?
    Hibernate: delete from ft_participants where seq=?
    Hibernate: delete from ft_participants where seq=?
    Hibernate: delete from ft_participants where seq=?
    Hibernate: delete from ft_participants where seq=?
    Hibernate: delete from ft_participants where seq=?
    Hibernate: delete from ft_participants where seq=?
    Hibernate: delete from ft_participants where seq=?
    Hibernate: delete from ft_participants where seq=?
    Hibernate: delete from ft_participants where seq=?
    Hibernate: delete from ft_participants where seq=?
    Hibernate: delete from ft_participants where seq=?
    Hibernate: delete from ft_participants where seq=?
    Hibernate: delete from ft_participants where seq=?
    Hibernate: delete from ft_participants where seq=?
    Hibernate: delete from ft_participants where seq=?
    Hibernate: delete from ft_participants where seq=?
    Hibernate: delete from ft_participants where seq=?
    Hibernate: delete from ft_participants where seq=?
    Hibernate: delete from ft_participants where seq=?
    Hibernate: delete from ft_participants where seq=?
    Hibernate: delete from ft_participants where seq=?
    Hibernate: delete from ft_participants where seq=?
    Hibernate: delete from ft_participants where seq=?
    Hibernate: delete from ft_participants where seq=?
    Hibernate: delete from ft_participants where seq=?
    Hibernate: delete from ft_participants where seq=?
    Hibernate: delete from ft_participants where seq=?
    Hibernate: delete from ft_participants where seq=?
    Hibernate: delete from ft_participants where seq=?
    Hibernate: delete from ft_participants where seq=?
    Hibernate: delete from ft_participants where seq=?
    Hibernate: delete from ft_participants where seq=?
    Hibernate: delete from ft_participants where seq=?
    Hibernate: delete from ft_participants where seq=?
    Hibernate: delete from ft_participants where seq=?
    Hibernate: delete from ft_participants where seq=?
    Hibernate: delete from ft_participants where seq=?
    Hibernate: delete from ft_participants where seq=?
    Hibernate: delete from ft_participants where seq=?
    Hibernate: delete from ft_participants where seq=?
    Hibernate: delete from ft_participants where seq=?
    Hibernate: delete from ft_participants where seq=?
    Hibernate: delete from ft_participants where seq=?
    Hibernate: delete from ft_participants where seq=?
    Hibernate: delete from ft_participants where seq=?
    Hibernate: delete from ft_participants where seq=?
    Hibernate: delete from ft_participants where seq=?
    Hibernate: delete from ft_participants where seq=?
    Hibernate: delete from ft_participants where seq=?
    Hibernate: delete from ft_participants where seq=?
    Hibernate: delete from ft_participants where seq=?
    Hibernate: delete from ft_participants where seq=?
    Hibernate: delete from ft_participants where seq=?
    Hibernate: delete from ft_participants where seq=?
    Hibernate: delete from ft_participants where seq=?
    Hibernate: delete from ft_participants where seq=?
    Hibernate: delete from ft_participants where seq=?
    Hibernate: delete from ft_participants where seq=?
    Hibernate: delete from ft_participants where seq=?
    Hibernate: delete from ft_participants where seq=?
    Hibernate: delete from ft_participants where seq=?
    Hibernate: delete from ft_participants where seq=?
    Hibernate: delete from ft_participants where seq=?
    Hibernate: delete from ft_participants where seq=?
    Hibernate: delete from ft_participants where seq=?
    Hibernate: delete from ft_participants where seq=?
    Hibernate: delete from ft_participants where seq=?
    Hibernate: delete from ft_participants where seq=?
    Hibernate: delete from ft_participants where seq=?
    Hibernate: delete from ft_participants where seq=?
    Hibernate: delete from ft_participants where seq=?
    Hibernate: delete from ft_participants where seq=?
    Hibernate: delete from ft_participants where seq=?
    Hibernate: delete from ft_participants where seq=?
    Hibernate: delete from ft_participants where seq=?
    Hibernate: delete from ft_participants where seq=?
    Hibernate: delete from ft_participants where seq=?
    Hibernate: delete from ft_participants where seq=?
    Hibernate: delete from ft_participants where seq=?
    Hibernate: delete from ft_participants where seq=?
    Hibernate: delete from ft_participants where seq=?
    Hibernate: delete from ft_participants where seq=?
    Hibernate: delete from ft_participants where seq=?
    Hibernate: delete from ft_participants where seq=?
    Hibernate: delete from ft_participants where seq=?
    Hibernate: delete from ft_participants where seq=?
    Hibernate: delete from ft_participants where seq=?
    Hibernate: delete from ft_participants where seq=?
    Hibernate: delete from ft_participants where seq=?
    Hibernate: delete from ft_participants where seq=?
    Hibernate: delete from ft_participants where seq=?
    Hibernate: delete from ft_participants where seq=?
    Hibernate: delete from ft_participants where seq=?
    Hibernate: delete from ft_participants where seq=?
    Hibernate: delete from ft_participants where seq=?
    Hibernate: delete from ft_participants where seq=?
    Hibernate: delete from ft_participants where seq=?
    Hibernate: delete from ft_participants where seq=?
    Hibernate: delete from ft_participants where seq=?
    Hibernate: delete from ft_participants where seq=?
    Hibernate: delete from ft_participants where seq=?
    Hibernate: delete from ft_participants where seq=?
    Hibernate: delete from ft_participants where seq=?
    Hibernate: delete from ft_participants where seq=?
    Hibernate: delete from ft_participants where seq=?
    Hibernate: delete from ft_participants where seq=?
    Hibernate: delete from ft_participants where seq=?
    Hibernate: delete from ft_participants where seq=?
    Hibernate: delete from ft_participants where seq=?
    Hibernate: delete from ft_participants where seq=?
    Hibernate: delete from ft_participants where seq=?
    Hibernate: delete from ft_participants where seq=?
    Hibernate: delete from ft_participants where seq=?
    Hibernate: delete from ft_participants where seq=?
    Hibernate: delete from ft_participants where seq=?
    Hibernate: delete from ft_participants where seq=?
    Hibernate: delete from ft_participants where seq=?
    Hibernate: delete from ft_participants where seq=?
    Hibernate: delete from ft_participants where seq=?
    Hibernate: delete from ft_participants where seq=?
    Hibernate: delete from ft_participants where seq=?
    Hibernate: delete from ft_participants where seq=?
    Hibernate: delete from ft_participants where seq=?
    Hibernate: delete from ft_participants where seq=?
    Hibernate: delete from ft_participants where seq=?
    Hibernate: delete from ft_participants where seq=?
    Hibernate: delete from ft_participants where seq=?
    Hibernate: delete from ft_participants where seq=?
    Hibernate: delete from ft_participants where seq=?
    Hibernate: delete from ft_participants where seq=?
    Hibernate: delete from ft_participants where seq=?
    Hibernate: delete from ft_participants where seq=?
    Hibernate: delete from ft_participants where seq=?
    Hibernate: delete from ft_participants where seq=?
    Hibernate: delete from ft_participants where seq=?
    Hibernate: delete from ft_participants where seq=?
    Hibernate: delete from ft_participants where seq=?
    Hibernate: delete from ft_participants where seq=?
    Hibernate: delete from ft_participants where seq=?
    Hibernate: delete from ft_participants where seq=?
    Hibernate: delete from ft_participants where seq=?
    Hibernate: delete from ft_participants where seq=?
    Hibernate: delete from ft_participants where seq=?
    Hibernate: delete from ft_participants where seq=?
    Hibernate: delete from ft_participants where seq=?
    Hibernate: delete from ft_participants where seq=?
    Hibernate: delete from ft_participants where seq=?
    Hibernate: delete from ft_participants where seq=?
    Hibernate: delete from ft_participants where seq=?
    Hibernate: delete from ft_participants where seq=?
    Hibernate: delete from ft_participants where seq=?
    Hibernate: delete from ft_participants where seq=?
    Hibernate: delete from ft_participants where seq=?
    Hibernate: delete from ft_participants where seq=?
    Hibernate: delete from ft_participants where seq=?
    Hibernate: delete from ft_participants where seq=?
    Hibernate: delete from ft_participants where seq=?
    Hibernate: delete from ft_participants where seq=?
    Hibernate: delete from ft_participants where seq=?
    Hibernate: delete from ft_participants where seq=?
    Hibernate: delete from ft_participants where seq=?
    Hibernate: delete from ft_participants where seq=?
    Hibernate: delete from ft_participants where seq=?
    Hibernate: delete from ft_participants where seq=?
    Hibernate: delete from ft_participants where seq=?
    Hibernate: delete from ft_participants where seq=?
    Hibernate: delete from ft_participants where seq=?
    Hibernate: delete from ft_participants where seq=?
    Hibernate: delete from ft_participants where seq=?
    Hibernate: delete from ft_participants where seq=?
    Hibernate: delete from ft_participants where seq=?
    Hibernate: delete from ft_participants where seq=?
    Hibernate: delete from ft_participants where seq=?
    Hibernate: delete from ft_participants where seq=?
    Hibernate: delete from ft_participants where seq=?
    Hibernate: delete from ft_participants where seq=?
    Hibernate: delete from ft_participants where seq=?
    Hibernate: delete from ft_participants where seq=?
    Hibernate: delete from ft_participants where seq=?
    Hibernate: delete from ft_participants where seq=?
    Hibernate: delete from ft_participants where seq=?
    Hibernate: delete from ft_participants where seq=?
    Hibernate: delete from ft_participants where seq=?
    Hibernate: delete from ft_participants where seq=?
    Hibernate: delete from ft_participants where seq=?
    Hibernate: delete from ft_participants where seq=?
    Hibernate: delete from ft_participants where seq=?
    Hibernate: delete from ft_participants where seq=?
    Hibernate: delete from ft_participants where seq=?
    Hibernate: delete from ft_participants where seq=?
    Hibernate: delete from ft_participants where seq=?
    Hibernate: delete from ft_participants where seq=?
    Hibernate: delete from ft_participants where seq=?
    Hibernate: delete from ft_participants where seq=?
    Hibernate: delete from ft_participants where seq=?
    Hibernate: delete from ft_participants where seq=?
    Hibernate: delete from ft_participants where seq=?
    Hibernate: delete from ft_participants where seq=?
    Hibernate: delete from ft_participants where seq=?
    Hibernate: delete from ft_participants where seq=?
    Hibernate: delete from ft_participants where seq=?
    Hibernate: delete from ft_participants where seq=?
    Hibernate: delete from ft_participants where seq=?
    Hibernate: delete from ft_participants where seq=?
    Hibernate: delete from ft_participants where seq=?
    Hibernate: delete from ft_participants where seq=?
    Hibernate: delete from ft_participants where seq=?
    Hibernate: delete from ft_participants where seq=?
    Hibernate: delete from ft_participants where seq=?
    Hibernate: delete from ft_participants where seq=?
    Hibernate: delete from ft_participants where seq=?
    Hibernate: delete from ft_participants where seq=?
    Hibernate: delete from ft_participants where seq=?
    Hibernate: delete from ft_participants where seq=?
    Hibernate: delete from ft_participants where seq=?
    Hibernate: delete from ft_participants where seq=?
    Hibernate: delete from ft_participants where seq=?
    Hibernate: delete from ft_participants where seq=?
    Hibernate: delete from ft_participants where seq=?
    Hibernate: delete from ft_participants where seq=?
    Hibernate: delete from ft_participants where seq=?
    Hibernate: delete from ft_participants where seq=?
    Hibernate: delete from ft_participants where seq=?
    Hibernate: delete from ft_participants where seq=?
    Hibernate: delete from ft_participants where seq=?
    Hibernate: delete from ft_participants where seq=?
    Hibernate: delete from ft_participants where seq=?
    Hibernate: delete from ft_participants where seq=?
    Hibernate: delete from ft_participants where seq=?
    Hibernate: delete from ft_participants where seq=?
    Hibernate: delete from ft_participants where seq=?
    Hibernate: delete from ft_participants where seq=?
    Hibernate: delete from ft_participants where seq=?
    Hibernate: delete from ft_participants where seq=?
    Hibernate: delete from ft_participants where seq=?
    Hibernate: delete from ft_participants where seq=?
    Hibernate: delete from ft_participants where seq=?
    Hibernate: delete from ft_participants where seq=?
    Hibernate: delete from ft_participants where seq=?
    Hibernate: delete from ft_participants where seq=?
    Hibernate: delete from ft_participants where seq=?
    Hibernate: delete from ft_participants where seq=?
    Hibernate: delete from ft_participants where seq=?
    Hibernate: delete from ft_participants where seq=?
    Hibernate: delete from ft_participants where seq=?
    Hibernate: delete from ft_participants where seq=?
    Hibernate: delete from ft_participants where seq=?
    Hibernate: delete from ft_participants where seq=?
    Hibernate: delete from ft_participants where seq=?
    Hibernate: delete from ft_participants where seq=?
    Hibernate: delete from ft_participants where seq=?
    Hibernate: delete from ft_participants where seq=?
    Hibernate: delete from ft_participants where seq=?
    Hibernate: delete from ft_participants where seq=?
    Hibernate: delete from ft_participants where seq=?
    Hibernate: delete from ft_participants where seq=?
    Hibernate: delete from ft_participants where seq=?
    Hibernate: delete from ft_participants where seq=?
    Hibernate: delete from ft_participants where seq=?
    Hibernate: delete from ft_participants where seq=?
    Hibernate: delete from ft_participants where seq=?
    Hibernate: delete from ft_participants where seq=?
    Hibernate: delete from ft_participants where seq=?
    Hibernate: delete from ft_participants where seq=?
    Hibernate: delete from ft_participants where seq=?
    Hibernate: delete from ft_participants where seq=?
    Hibernate: delete from ft_participants where seq=?
    Hibernate: delete from ft_participants where seq=?
    Hibernate: delete from ft_participants where seq=?
    Hibernate: delete from ft_participants where seq=?
    Hibernate: delete from ft_participants where seq=?
    Hibernate: delete from ft_participants where seq=?
    Hibernate: delete from ft_participants where seq=?
    Hibernate: delete from ft_participants where seq=?
    Hibernate: delete from ft_participants where seq=?
    Hibernate: delete from ft_participants where seq=?
    Hibernate: delete from ft_participants where seq=?
    Hibernate: delete from ft_participants where seq=?
    Hibernate: delete from ft_participants where seq=?
    Hibernate: delete from ft_participants where seq=?
    Hibernate: delete from ft_participants where seq=?
    Hibernate: delete from ft_participants where seq=?
    Hibernate: delete from ft_participants where seq=?
    Hibernate: delete from ft_participants where seq=?
    Hibernate: delete from ft_participants where seq=?
    Hibernate: delete from ft_participants where seq=?
    Hibernate: delete from ft_participants where seq=?
    Hibernate: delete from ft_participants where seq=?
    Hibernate: delete from ft_participants where seq=?
    Hibernate: delete from ft_participants where seq=?
    Hibernate: delete from ft_participants where seq=?
    Hibernate: delete from ft_participants where seq=?
    Hibernate: delete from ft_participants where seq=?
    Hibernate: delete from ft_participants where seq=?
    Hibernate: delete from ft_participants where seq=?
    Hibernate: delete from ft_participants where seq=?
    Hibernate: delete from ft_participants where seq=?
    Hibernate: delete from ft_participants where seq=?
    Hibernate: delete from ft_participants where seq=?
    Hibernate: delete from ft_participants where seq=?
    Hibernate: delete from ft_participants where seq=?
    Hibernate: delete from ft_participants where seq=?
    Hibernate: delete from ft_participants where seq=?
    Hibernate: delete from ft_participants where seq=?
    Hibernate: delete from ft_participants where seq=?
    Hibernate: delete from ft_participants where seq=?
    Hibernate: delete from ft_participants where seq=?
    Hibernate: delete from ft_participants where seq=?
    Hibernate: delete from ft_participants where seq=?
    Hibernate: delete from ft_participants where seq=?
    Hibernate: delete from ft_participants where seq=?
    Hibernate: delete from ft_participants where seq=?
    Hibernate: delete from ft_participants where seq=?
    Hibernate: delete from ft_participants where seq=?
    Hibernate: delete from ft_participants where seq=?
    Hibernate: delete from ft_participants where seq=?
    Hibernate: delete from ft_participants where seq=?
    Hibernate: delete from ft_participants where seq=?
    Hibernate: delete from ft_participants where seq=?
    Hibernate: delete from ft_participants where seq=?
    Hibernate: delete from ft_participants where seq=?
    Hibernate: delete from ft_participants where seq=?
    Hibernate: delete from ft_participants where seq=?
    Hibernate: delete from ft_participants where seq=?
    Hibernate: delete from ft_participants where seq=?
    Hibernate: delete from ft_participants where seq=?
    Hibernate: delete from ft_participants where seq=?
    Hibernate: delete from ft_participants where seq=?
    Hibernate: delete from ft_participants where seq=?
    Hibernate: delete from ft_participants where seq=?
    Hibernate: delete from ft_participants where seq=?
    Hibernate: delete from ft_participants where seq=?
    Hibernate: delete from ft_participants where seq=?
    Hibernate: delete from ft_participants where seq=?
    Hibernate: delete from ft_participants where seq=?
    Hibernate: delete from ft_participants where seq=?
    Hibernate: delete from ft_participants where seq=?
    Hibernate: delete from ft_participants where seq=?
    Hibernate: delete from ft_participants where seq=?
    Hibernate: delete from ft_participants where seq=?
    Hibernate: delete from ft_participants where seq=?
    Hibernate: delete from ft_participants where seq=?
    Hibernate: delete from ft_participants where seq=?
    Hibernate: delete from ft_participants where seq=?
    Hibernate: delete from ft_participants where seq=?
    Hibernate: delete from ft_participants where seq=?
    Hibernate: delete from ft_participants where seq=?
    Hibernate: delete from ft_participants where seq=?
    Hibernate: delete from ft_participants where seq=?
    Hibernate: delete from ft_participants where seq=?
    Hibernate: delete from ft_participants where seq=?
    Hibernate: delete from ft_participants where seq=?
    Hibernate: delete from ft_participants where seq=?
    Hibernate: delete from ft_participants where seq=?
    Hibernate: delete from ft_participants where seq=?
    Hibernate: delete from ft_participants where seq=?
    Hibernate: delete from ft_participants where seq=?
    Hibernate: delete from ft_participants where seq=?
    Hibernate: delete from ft_participants where seq=?
    Hibernate: delete from ft_participants where seq=?
    Hibernate: delete from ft_participants where seq=?
    Hibernate: delete from ft_participants where seq=?
    Hibernate: delete from ft_participants where seq=?
    Hibernate: delete from ft_participants where seq=?
    Hibernate: delete from ft_participants where seq=?
    Hibernate: delete from ft_participants where seq=?
    Hibernate: delete from ft_participants where seq=?
    Hibernate: delete from ft_participants where seq=?
    Hibernate: delete from ft_participants where seq=?
    Hibernate: delete from ft_participants where seq=?
    Hibernate: delete from ft_participants where seq=?
    Hibernate: delete from ft_participants where seq=?
    Hibernate: delete from ft_participants where seq=?
    Hibernate: delete from ft_participants where seq=?
    Hibernate: delete from ft_participants where seq=?
    Hibernate: delete from ft_participants where seq=?
    Hibernate: delete from ft_participants where seq=?
    Hibernate: delete from ft_participants where seq=?
    Hibernate: delete from ft_participants where seq=?
    Hibernate: delete from ft_participants where seq=?
    Hibernate: delete from ft_participants where seq=?
    Hibernate: delete from ft_participants where seq=?
    Hibernate: delete from ft_participants where seq=?
    Hibernate: delete from ft_participants where seq=?
    Hibernate: delete from ft_participants where seq=?
    Hibernate: delete from ft_participants where seq=?
    Hibernate: delete from ft_participants where seq=?
    Hibernate: delete from ft_participants where seq=?
    Hibernate: delete from ft_participants where seq=?
    Hibernate: delete from ft_participants where seq=?
    Hibernate: delete from ft_participants where seq=?
    Hibernate: delete from ft_participants where seq=?
    Hibernate: delete from ft_participants where seq=?
    Hibernate: delete from ft_participants where seq=?
    Hibernate: delete from ft_participants where seq=?
    Hibernate: delete from ft_participants where seq=?
    Hibernate: delete from ft_participants where seq=?
    Hibernate: delete from ft_participants where seq=?
    Hibernate: delete from ft_participants where seq=?
    Hibernate: delete from ft_participants where seq=?
    Hibernate: delete from ft_participants where seq=?
    Hibernate: delete from ft_participants where seq=?
    Hibernate: delete from ft_participants where seq=?
    Hibernate: delete from ft_participants where seq=?
    Hibernate: delete from ft_participants where seq=?
    Hibernate: delete from ft_participants where seq=?
    Hibernate: delete from ft_participants where seq=?
    Hibernate: delete from ft_participants where seq=?
    Hibernate: delete from ft_participants where seq=?
    Hibernate: delete from ft_participants where seq=?
    Hibernate: delete from ft_participants where seq=?
    Hibernate: delete from ft_participants where seq=?
    Hibernate: delete from ft_participants where seq=?
    Hibernate: delete from ft_participants where seq=?
    Hibernate: delete from ft_participants where seq=?
    Hibernate: delete from ft_participants where seq=?
    Hibernate: delete from ft_participants where seq=?
    Hibernate: delete from ft_participants where seq=?
    Hibernate: delete from ft_participants where seq=?
    Hibernate: delete from ft_participants where seq=?
    Hibernate: delete from ft_participants where seq=?
    Hibernate: delete from ft_participants where seq=?
    Hibernate: delete from ft_participants where seq=?
    Hibernate: delete from ft_participants where seq=?
    Hibernate: delete from ft_participants where seq=?
    Hibernate: delete from ft_participants where seq=?
    Hibernate: delete from ft_participants where seq=?
    Hibernate: delete from ft_participants where seq=?
    Hibernate: delete from ft_participants where seq=?
    Hibernate: delete from ft_participants where seq=?
    Hibernate: delete from ft_participants where seq=?
    Hibernate: delete from ft_participants where seq=?
    Hibernate: delete from ft_participants where seq=?
    Hibernate: delete from ft_participants where seq=?
    Hibernate: delete from ft_participants where seq=?
    Hibernate: delete from ft_participants where seq=?
    Hibernate: delete from ft_participants where seq=?
    Hibernate: delete from ft_participants where seq=?
    Hibernate: delete from ft_participants where seq=?
    Hibernate: delete from ft_participants where seq=?
    Hibernate: delete from ft_participants where seq=?
    Hibernate: delete from ft_participants where seq=?
    Hibernate: delete from ft_participants where seq=?
    Hibernate: delete from ft_participants where seq=?
    Hibernate: delete from ft_participants where seq=?
    Hibernate: delete from ft_participants where seq=?
    Hibernate: delete from ft_participants where seq=?
    Hibernate: delete from ft_participants where seq=?
    Hibernate: delete from ft_participants where seq=?
    Hibernate: delete from ft_participants where seq=?
    Hibernate: delete from ft_participants where seq=?
    Hibernate: delete from ft_participants where seq=?
    Hibernate: delete from ft_participants where seq=?
    Hibernate: delete from ft_participants where seq=?
    Hibernate: delete from ft_participants where seq=?
    Hibernate: delete from ft_participants where seq=?
    Hibernate: delete from ft_participants where seq=?
    Hibernate: delete from ft_participants where seq=?
    Hibernate: delete from ft_participants where seq=?
    Hibernate: delete from ft_participants where seq=?
    Hibernate: delete from ft_participants where seq=?
    Hibernate: delete from ft_participants where seq=?
    Hibernate: delete from ft_participants where seq=?
    Hibernate: delete from ft_participants where seq=?
    Hibernate: delete from ft_participants where seq=?
    Hibernate: delete from ft_participants where seq=?
    Hibernate: delete from ft_participants where seq=?
    Hibernate: delete from ft_participants where seq=?
    Hibernate: delete from ft_participants where seq=?
    Hibernate: delete from ft_participants where seq=?
    Hibernate: delete from ft_participants where seq=?
    Hibernate: delete from ft_participants where seq=?
    Hibernate: delete from ft_participants where seq=?
    Hibernate: delete from ft_participants where seq=?
    Hibernate: delete from ft_participants where seq=?
    Hibernate: delete from ft_participants where seq=?
    Hibernate: delete from ft_participants where seq=?
    Hibernate: delete from ft_participants where seq=?
    Hibernate: delete from ft_participants where seq=?
    Hibernate: delete from ft_participants where seq=?
    Hibernate: delete from ft_participants where seq=?
    Hibernate: delete from ft_participants where seq=?
    Hibernate: delete from ft_participants where seq=?
    Hibernate: delete from ft_participants where seq=?
    Hibernate: delete from ft_participants where seq=?
    Hibernate: delete from ft_participants where seq=?
    Hibernate: delete from ft_participants where seq=?
    Hibernate: delete from ft_participants where seq=?
    Hibernate: delete from ft_participants where seq=?
    Hibernate: delete from ft_participants where seq=?
    Hibernate: delete from ft_participants where seq=?
    Hibernate: delete from ft_participants where seq=?
    Hibernate: delete from ft_participants where seq=?
    Hibernate: delete from ft_participants where seq=?
    Hibernate: delete from ft_participants where seq=?
    Hibernate: delete from ft_participants where seq=?
    Hibernate: delete from ft_participants where seq=?
    Hibernate: delete from ft_participants where seq=?
    Hibernate: delete from ft_participants where seq=?
    Hibernate: delete from ft_participants where seq=?
    Hibernate: delete from ft_participants where seq=?
    Hibernate: delete from ft_participants where seq=?
    Hibernate: delete from ft_participants where seq=?
    Hibernate: delete from ft_participants where seq=?
    Hibernate: delete from ft_participants where seq=?
    Hibernate: delete from ft_participants where seq=?
    Hibernate: delete from ft_participants where seq=?
    Hibernate: delete from ft_participants where seq=?
    Hibernate: delete from ft_participants where seq=?
    Hibernate: delete from ft_participants where seq=?
    Hibernate: delete from ft_participants where seq=?
    Hibernate: delete from ft_participants where seq=?
    Hibernate: delete from ft_participants where seq=?
    Hibernate: delete from ft_participants where seq=?
    Hibernate: delete from ft_participants where seq=?
    Hibernate: delete from ft_participants where seq=?
    Hibernate: delete from ft_participants where seq=?
    Hibernate: delete from ft_participants where seq=?
    Hibernate: delete from ft_participants where seq=?
    Hibernate: delete from ft_participants where seq=?
    Hibernate: delete from ft_participants where seq=?
    Hibernate: delete from ft_participants where seq=?
    Hibernate: delete from ft_participants where seq=?
    Hibernate: delete from ft_participants where seq=?
    Hibernate: delete from ft_participants where seq=?
    Hibernate: delete from ft_participants where seq=?
    Hibernate: delete from ft_participants where seq=?
    Hibernate: delete from ft_participants where seq=?
    Hibernate: delete from ft_participants where seq=?
    Hibernate: delete from ft_participants where seq=?
    Hibernate: delete from ft_participants where seq=?
    Hibernate: delete from ft_participants where seq=?
    Hibernate: delete from ft_participants where seq=?
    Hibernate: delete from ft_participants where seq=?
    Hibernate: delete from ft_participants where seq=?
    Hibernate: delete from ft_participants where seq=?
    Hibernate: delete from ft_participants where seq=?
    Hibernate: delete from ft_participants where seq=?
    Hibernate: delete from ft_participants where seq=?
    Hibernate: delete from ft_participants where seq=?
    Hibernate: delete from ft_participants where seq=?
    Hibernate: delete from ft_participants where seq=?
    Hibernate: delete from ft_participants where seq=?
    Hibernate: delete from ft_participants where seq=?
    Hibernate: delete from ft_participants where seq=?
    Hibernate: delete from ft_participants where seq=?
    Hibernate: delete from ft_participants where seq=?
    Hibernate: delete from ft_participants where seq=?
    Hibernate: delete from ft_participants where seq=?
    Hibernate: delete from ft_participants where seq=?
    Hibernate: delete from ft_participants where seq=?
    Hibernate: delete from ft_participants where seq=?
    Hibernate: delete from ft_participants where seq=?
    Hibernate: delete from ft_participants where seq=?
    Hibernate: delete from ft_participants where seq=?
    Hibernate: delete from ft_participants where seq=?
    Hibernate: delete from ft_participants where seq=?
    Hibernate: delete from ft_participants where seq=?
    Hibernate: delete from ft_participants where seq=?
    Hibernate: delete from ft_participants where seq=?
    Hibernate: delete from ft_participants where seq=?
    Hibernate: delete from ft_participants where seq=?
    Hibernate: delete from ft_participants where seq=?
    Hibernate: delete from ft_participants where seq=?
    Hibernate: delete from ft_participants where seq=?
    Hibernate: delete from ft_participants where seq=?
    Hibernate: delete from ft_participants where seq=?
    Hibernate: delete from ft_participants where seq=?
    Hibernate: delete from ft_participants where seq=?
    Hibernate: delete from ft_participants where seq=?
    Hibernate: delete from ft_participants where seq=?
    Hibernate: delete from ft_participants where seq=?
    Hibernate: delete from ft_participants where seq=?
    Hibernate: delete from ft_participants where seq=?
    Hibernate: delete from ft_participants where seq=?
    Hibernate: delete from ft_participants where seq=?
    Hibernate: delete from ft_participants where seq=?
    Hibernate: delete from ft_participants where seq=?
    Hibernate: delete from ft_participants where seq=?
    Hibernate: delete from ft_participants where seq=?
    Hibernate: delete from ft_participants where seq=?
    Hibernate: delete from ft_participants where seq=?
    Hibernate: delete from ft_participants where seq=?
    Hibernate: delete from ft_participants where seq=?
    Hibernate: delete from ft_participants where seq=?
    Hibernate: delete from ft_participants where seq=?
    Hibernate: delete from ft_participants where seq=?
    Hibernate: delete from ft_participants where seq=?
    Hibernate: delete from ft_participants where seq=?
    Hibernate: delete from ft_participants where seq=?
    Hibernate: delete from ft_participants where seq=?
    Hibernate: delete from ft_participants where seq=?
    Hibernate: delete from ft_participants where seq=?
    Hibernate: delete from ft_participants where seq=?
    Hibernate: delete from ft_participants where seq=?
    Hibernate: delete from ft_participants where seq=?
    Hibernate: delete from ft_participants where seq=?
    Hibernate: delete from ft_participants where seq=?
    Hibernate: delete from ft_participants where seq=?
    Hibernate: delete from ft_participants where seq=?
    Hibernate: delete from ft_participants where seq=?
    Hibernate: delete from ft_participants where seq=?
    Hibernate: delete from ft_participants where seq=?
    Hibernate: delete from ft_participants where seq=?
    Hibernate: delete from ft_participants where seq=?
    Hibernate: delete from ft_participants where seq=?
    Hibernate: delete from ft_participants where seq=?
    Hibernate: delete from ft_participants where seq=?
    Hibernate: delete from ft_participants where seq=?
    Hibernate: delete from ft_participants where seq=?
    Hibernate: delete from ft_participants where seq=?
    Hibernate: delete from ft_participants where seq=?
    Hibernate: delete from ft_participants where seq=?
    Hibernate: delete from ft_participants where seq=?
    Hibernate: delete from ft_participants where seq=?
    Hibernate: delete from ft_participants where seq=?
    Hibernate: delete from ft_participants where seq=?
    Hibernate: delete from ft_participants where seq=?
    Hibernate: delete from ft_participants where seq=?
    Hibernate: delete from ft_participants where seq=?
    Hibernate: delete from ft_participants where seq=?
    Hibernate: delete from ft_participants where seq=?
    Hibernate: delete from ft_participants where seq=?
    Hibernate: delete from ft_participants where seq=?
    Hibernate: delete from ft_participants where seq=?
    Hibernate: delete from ft_participants where seq=?
    Hibernate: delete from ft_participants where seq=?
    Hibernate: delete from ft_participants where seq=?
    Hibernate: delete from ft_participants where seq=?
    Hibernate: delete from ft_participants where seq=?
    Hibernate: delete from ft_participants where seq=?
    Hibernate: delete from ft_participants where seq=?
    Hibernate: delete from ft_participants where seq=?
    Hibernate: delete from ft_participants where seq=?
    Hibernate: delete from ft_participants where seq=?
    Hibernate: delete from ft_participants where seq=?
    Hibernate: delete from ft_participants where seq=?
    Hibernate: delete from ft_participants where seq=?
    Hibernate: delete from ft_participants where seq=?
    Hibernate: delete from ft_participants where seq=?
    Hibernate: delete from ft_participants where seq=?
    Hibernate: delete from ft_participants where seq=?
    Hibernate: delete from ft_participants where seq=?
    Hibernate: delete from ft_participants where seq=?
    Hibernate: delete from ft_participants where seq=?
    Hibernate: delete from ft_participants where seq=?
    Hibernate: delete from ft_participants where seq=?
    Hibernate: delete from ft_participants where seq=?
    Hibernate: delete from ft_participants where seq=?
    Hibernate: delete from ft_participants where seq=?
    Hibernate: delete from ft_participants where seq=?
    Hibernate: delete from ft_participants where seq=?
    Hibernate: delete from ft_participants where seq=?
    Hibernate: delete from ft_participants where seq=?
    Hibernate: delete from ft_participants where seq=?
    Hibernate: delete from ft_participants where seq=?
    Hibernate: delete from ft_participants where seq=?
    Hibernate: delete from ft_participants where seq=?
    Hibernate: delete from ft_participants where seq=?
    Hibernate: delete from ft_participants where seq=?
    Hibernate: delete from ft_participants where seq=?
    Hibernate: delete from ft_participants where seq=?
    Hibernate: delete from ft_participants where seq=?
    Hibernate: delete from ft_participants where seq=?
    Hibernate: delete from ft_participants where seq=?
    Hibernate: delete from ft_participants where seq=?
    Hibernate: delete from ft_participants where seq=?
    Hibernate: delete from ft_participants where seq=?
    Hibernate: delete from ft_participants where seq=?
    Hibernate: delete from ft_participants where seq=?
    Hibernate: delete from ft_participants where seq=?
    Hibernate: delete from ft_participants where seq=?
    Hibernate: delete from ft_participants where seq=?
    Hibernate: delete from ft_participants where seq=?
    Hibernate: delete from ft_participants where seq=?
    Hibernate: delete from ft_participants where seq=?
    Hibernate: delete from ft_participants where seq=?
    Hibernate: delete from ft_participants where seq=?
    Hibernate: delete from ft_participants where seq=?
    Hibernate: delete from ft_participants where seq=?
    Hibernate: delete from ft_participants where seq=?
    Hibernate: delete from ft_participants where seq=?
    Hibernate: delete from ft_participants where seq=?
    Hibernate: delete from ft_participants where seq=?
    Hibernate: delete from ft_participants where seq=?
    Hibernate: delete from ft_participants where seq=?
    Hibernate: delete from ft_participants where seq=?
    Hibernate: delete from ft_participants where seq=?
    Hibernate: delete from ft_participants where seq=?
    Hibernate: delete from ft_participants where seq=?
    Hibernate: delete from ft_participants where seq=?
    Hibernate: delete from ft_participants where seq=?
    Hibernate: delete from ft_participants where seq=?
    Hibernate: delete from ft_participants where seq=?
    Hibernate: delete from ft_participants where seq=?
    Hibernate: delete from ft_participants where seq=?
    Hibernate: delete from ft_participants where seq=?
    Hibernate: delete from ft_participants where seq=?
    Hibernate: delete from ft_participants where seq=?
    Hibernate: delete from ft_participants where seq=?
    Hibernate: delete from ft_participants where seq=?
    Hibernate: delete from ft_participants where seq=?
    Hibernate: delete from ft_participants where seq=?
    Hibernate: delete from ft_participants where seq=?
    Hibernate: delete from ft_participants where seq=?
    Hibernate: delete from ft_participants where seq=?
    Hibernate: delete from ft_participants where seq=?
    Hibernate: delete from ft_participants where seq=?
    Hibernate: delete from ft_participants where seq=?
    Hibernate: delete from ft_participants where seq=?
    Hibernate: delete from ft_participants where seq=?
    Hibernate: delete from ft_participants where seq=?
    Hibernate: delete from ft_participants where seq=?
    Hibernate: delete from ft_participants where seq=?
    Hibernate: delete from ft_participants where seq=?
    Hibernate: delete from ft_participants where seq=?
    Hibernate: delete from ft_participants where seq=?
    Hibernate: delete from ft_participants where seq=?
    Hibernate: delete from ft_participants where seq=?
    Hibernate: delete from ft_participants where seq=?
    Hibernate: delete from ft_participants where seq=?
    Hibernate: delete from ft_participants where seq=?
    Hibernate: delete from ft_participants where seq=?
    Hibernate: delete from ft_participants where seq=?
    Hibernate: delete from ft_participants where seq=?
    Hibernate: delete from ft_participants where seq=?
    Hibernate: delete from ft_participants where seq=?
    Hibernate: delete from ft_participants where seq=?
    Hibernate: delete from ft_participants where seq=?
    Hibernate: delete from ft_participants where seq=?
    Hibernate: delete from ft_participants where seq=?
    Hibernate: delete from ft_participants where seq=?
    Hibernate: delete from ft_participants where seq=?
    Hibernate: delete from ft_participants where seq=?
    Hibernate: delete from ft_participants where seq=?
    Hibernate: delete from ft_participants where seq=?
    Hibernate: delete from ft_participants where seq=?
    Hibernate: delete from ft_participants where seq=?
    Hibernate: delete from ft_participants where seq=?
    Hibernate: delete from ft_participants where seq=?
    Hibernate: delete from ft_participants where seq=?
    Hibernate: delete from ft_participants where seq=?
    Hibernate: delete from ft_participants where seq=?
    Hibernate: delete from ft_participants where seq=?
    Hibernate: delete from ft_participants where seq=?
    Hibernate: delete from ft_participants where seq=?
    Hibernate: delete from ft_participants where seq=?
    Hibernate: delete from ft_participants where seq=?
    Hibernate: delete from ft_participants where seq=?
    Hibernate: delete from ft_participants where seq=?
    Hibernate: delete from ft_participants where seq=?
    Hibernate: delete from ft_participants where seq=?
    Hibernate: delete from ft_participants where seq=?
    Hibernate: delete from ft_participants where seq=?
    Hibernate: delete from ft_participants where seq=?
    Hibernate: delete from ft_participants where seq=?
    Hibernate: delete from ft_participants where seq=?
    Hibernate: delete from ft_participants where seq=?
    Hibernate: delete from ft_participants where seq=?
    Hibernate: delete from ft_participants where seq=?
    Hibernate: delete from ft_participants where seq=?
    Hibernate: delete from ft_participants where seq=?
    Hibernate: delete from ft_participants where seq=?
    Hibernate: delete from ft_participants where seq=?
    Hibernate: delete from ft_participants where seq=?
    Hibernate: delete from ft_participants where seq=?
    Hibernate: delete from ft_participants where seq=?
    Hibernate: delete from ft_participants where seq=?
    Hibernate: delete from ft_participants where seq=?
    Hibernate: delete from ft_participants where seq=?
    Hibernate: delete from ft_participants where seq=?
    Hibernate: delete from ft_participants where seq=?
    Hibernate: delete from ft_participants where seq=?
    Hibernate: delete from ft_participants where seq=?
    Hibernate: delete from ft_participants where seq=?
    Hibernate: delete from ft_participants where seq=?
    Hibernate: delete from ft_participants where seq=?
    Hibernate: delete from ft_participants where seq=?
    Hibernate: delete from ft_participants where seq=?
    Hibernate: delete from ft_participants where seq=?
    Hibernate: delete from ft_participants where seq=?
    Hibernate: delete from ft_participants where seq=?
    Hibernate: delete from ft_participants where seq=?
    Hibernate: delete from ft_participants where seq=?
    Hibernate: delete from ft_participants where seq=?
    Hibernate: delete from ft_participants where seq=?
    Hibernate: delete from ft_participants where seq=?
    Hibernate: delete from ft_participants where seq=?
    Hibernate: delete from ft_participants where seq=?
    Hibernate: delete from ft_participants where seq=?
    Hibernate: delete from ft_participants where seq=?
    Hibernate: delete from ft_participants where seq=?
    Hibernate: delete from ft_participants where seq=?
    Hibernate: delete from ft_participants where seq=?
    Hibernate: delete from ft_participants where seq=?
    Hibernate: delete from ft_participants where seq=?
    Hibernate: delete from ft_participants where seq=?
    Hibernate: delete from ft_participants where seq=?
    Hibernate: delete from ft_participants where seq=?
    Hibernate: delete from ft_participants where seq=?
    Hibernate: delete from ft_participants where seq=?
    Hibernate: delete from ft_participants where seq=?
    Hibernate: delete from ft_participants where seq=?
    Hibernate: delete from ft_participants where seq=?
    Hibernate: delete from ft_participants where seq=?
    Hibernate: delete from ft_participants where seq=?
    Hibernate: delete from ft_participants where seq=?
    Hibernate: delete from ft_participants where seq=?
    Hibernate: delete from ft_participants where seq=?
    Hibernate: delete from ft_participants where seq=?
    Hibernate: delete from ft_participants where seq=?
    Hibernate: delete from ft_participants where seq=?
    Hibernate: delete from ft_participants where seq=?
    Hibernate: delete from ft_participants where seq=?
    Hibernate: delete from ft_participants where seq=?
    Hibernate: delete from ft_participants where seq=?
    Hibernate: delete from ft_participants where seq=?
    Hibernate: delete from ft_participants where seq=?
    Hibernate: delete from ft_participants where seq=?
    Hibernate: delete from ft_participants where seq=?
    Hibernate: delete from ft_participants where seq=?
    Hibernate: delete from ft_participants where seq=?
    Hibernate: delete from ft_participants where seq=?
    Hibernate: delete from ft_participants where seq=?
    Hibernate: delete from ft_participants where seq=?
    Hibernate: delete from ft_participants where seq=?
    Hibernate: delete from ft_participants where seq=?
    Hibernate: delete from ft_participants where seq=?
    Hibernate: delete from ft_participants where seq=?
    Hibernate: delete from ft_participants where seq=?
    Hibernate: delete from ft_participants where seq=?
    Hibernate: delete from ft_participants where seq=?
    Hibernate: delete from ft_participants where seq=?
    Hibernate: delete from ft_participants where seq=?
    Hibernate: delete from ft_participants where seq=?
    Hibernate: delete from ft_participants where seq=?
    Hibernate: delete from ft_participants where seq=?
    Hibernate: delete from ft_participants where seq=?
    Hibernate: delete from ft_participants where seq=?
    Hibernate: delete from ft_participants where seq=?
    Hibernate: delete from ft_participants where seq=?
    Hibernate: delete from ft_participants where seq=?
    Hibernate: delete from ft_participants where seq=?
    Hibernate: delete from ft_participants where seq=?
    Hibernate: delete from ft_participants where seq=?
    Hibernate: delete from ft_participants where seq=?
    Hibernate: delete from ft_participants where seq=?
    Hibernate: delete from ft_participants where seq=?
    Hibernate: delete from ft_participants where seq=?
    Hibernate: delete from ft_participants where seq=?
    Hibernate: delete from ft_participants where seq=?
    Hibernate: delete from ft_participants where seq=?
    Hibernate: delete from ft_participants where seq=?
    Hibernate: delete from ft_participants where seq=?
    Hibernate: delete from ft_participants where seq=?
    Hibernate: delete from ft_participants where seq=?
    Hibernate: delete from ft_participants where seq=?
    Hibernate: delete from ft_participants where seq=?
    Hibernate: delete from ft_participants where seq=?
    Hibernate: delete from ft_participants where seq=?
    Hibernate: delete from ft_participants where seq=?
    Hibernate: delete from ft_participants where seq=?
    Hibernate: delete from ft_participants where seq=?
    Hibernate: delete from ft_participants where seq=?
    Hibernate: delete from ft_participants where seq=?
    Hibernate: delete from ft_participants where seq=?
    Hibernate: delete from ft_participants where seq=?
    Hibernate: delete from ft_participants where seq=?
    Hibernate: delete from ft_participants where seq=?
    Hibernate: delete from ft_participants where seq=?
    Hibernate: delete from ft_participants where seq=?
    Hibernate: delete from ft_participants where seq=?
    Hibernate: delete from ft_participants where seq=?
    Hibernate: delete from ft_participants where seq=?
    Hibernate: delete from ft_participants where seq=?
    Hibernate: delete from ft_participants where seq=?
    Hibernate: delete from ft_participants where seq=?
    Hibernate: delete from ft_participants where seq=?
    Hibernate: delete from ft_participants where seq=?
    Hibernate: delete from ft_participants where seq=?
    Hibernate: delete from ft_participants where seq=?
    Hibernate: delete from ft_participants where seq=?
    Hibernate: delete from ft_participants where seq=?
    Hibernate: delete from ft_participants where seq=?
    Hibernate: delete from ft_participants where seq=?
    Hibernate: delete from ft_participants where seq=?
    Hibernate: delete from ft_participants where seq=?
    Hibernate: delete from ft_participants where seq=?
    Hibernate: delete from ft_participants where seq=?
    Hibernate: delete from ft_participants where seq=?
    Hibernate: delete from ft_participants where seq=?
    Hibernate: delete from ft_participants where seq=?
    Hibernate: delete from ft_participants where seq=?
    Hibernate: delete from ft_participants where seq=?
    Hibernate: delete from ft_participants where seq=?
    Hibernate: delete from ft_participants where seq=?
    Hibernate: delete from ft_participants where seq=?
    Hibernate: delete from ft_participants where seq=?
    Hibernate: delete from ft_participants where seq=?
    Hibernate: delete from ft_participants where seq=?
    Hibernate: delete from ft_participants where seq=?
    Hibernate: delete from ft_participants where seq=?
    Hibernate: delete from ft_participants where seq=?
    Hibernate: delete from ft_participants where seq=?
    Hibernate: delete from ft_participants where seq=?
    Hibernate: delete from ft_participants where seq=?
    Hibernate: delete from ft_participants where seq=?
    Hibernate: delete from ft_participants where seq=?
    Hibernate: delete from ft_participants where seq=?
    Hibernate: delete from ft_participants where seq=?
    Hibernate: delete from ft_participants where seq=?
    Hibernate: delete from ft_participants where seq=?
    Hibernate: delete from ft_participants where seq=?
    Hibernate: delete from ft_participants where seq=?
    Hibernate: delete from ft_participants where seq=?
    Hibernate: delete from ft_participants where seq=?
    Hibernate: delete from ft_participants where seq=?
    Hibernate: delete from ft_participants where seq=?
    Hibernate: delete from ft_participants where seq=?
    Hibernate: delete from ft_participants where seq=?
    Hibernate: delete from ft_participants where seq=?
    Hibernate: delete from ft_participants where seq=?
    Hibernate: delete from ft_participants where seq=?
    Hibernate: delete from ft_participants where seq=?
    Hibernate: delete from ft_participants where seq=?
    Hibernate: delete from ft_participants where seq=?
    Hibernate: delete from ft_participants where seq=?
    Hibernate: delete from ft_participants where seq=?
    Hibernate: delete from ft_participants where seq=?
    Hibernate: delete from ft_participants where seq=?
    Hibernate: delete from ft_participants where seq=?
    Hibernate: delete from ft_participants where seq=?
    Hibernate: delete from ft_participants where seq=?
    Hibernate: delete from ft_participants where seq=?
    Hibernate: delete from ft_participants where seq=?
    Hibernate: delete from ft_participants where seq=?
    Hibernate: delete from ft_participants where seq=?
    Hibernate: delete from ft_participants where seq=?
    Hibernate: delete from ft_participants where seq=?
    Hibernate: delete from ft_participants where seq=?
    Hibernate: delete from ft_participants where seq=?
    Hibernate: delete from ft_participants where seq=?
    Hibernate: delete from ft_participants where seq=?
    Hibernate: delete from ft_participants where seq=?
    Hibernate: delete from ft_participants where seq=?
    Hibernate: delete from ft_participants where seq=?
    Hibernate: delete from ft_participants where seq=?
    Hibernate: delete from ft_participants where seq=?
    Hibernate: delete from ft_participants where seq=?
    Hibernate: delete from ft_participants where seq=?
    Hibernate: delete from ft_participants where seq=?
    Hibernate: delete from ft_participants where seq=?
    Hibernate: delete from ft_participants where seq=?
    Hibernate: delete from ft_participants where seq=?
    Hibernate: delete from ft_participants where seq=?
    Hibernate: delete from ft_participants where seq=?
    Hibernate: delete from ft_participants where seq=?
    Hibernate: delete from ft_participants where seq=?
    Hibernate: delete from ft_participants where seq=?
    Hibernate: delete from ft_participants where seq=?
    Hibernate: delete from ft_participants where seq=?
    Hibernate: delete from ft_participants where seq=?
    Hibernate: delete from ft_participants where seq=?
    Hibernate: delete from ft_participants where seq=?
    Hibernate: delete from ft_participants where seq=?
    Hibernate: delete from ft_participants where seq=?
    Hibernate: delete from ft_participants where seq=?
    Hibernate: delete from ft_participants where seq=?
    Hibernate: delete from ft_participants where seq=?
    Hibernate: delete from ft_participants where seq=?
    Hibernate: delete from ft_participants where seq=?
    Hibernate: delete from ft_participants where seq=?
    Hibernate: delete from ft_participants where seq=?
    Hibernate: delete from ft_participants where seq=?
    Hibernate: delete from ft_participants where seq=?
    Hibernate: delete from ft_participants where seq=?
    Hibernate: delete from ft_participants where seq=?
    Hibernate: delete from ft_participants where seq=?
    Hibernate: delete from ft_participants where seq=?
    Hibernate: delete from ft_participants where seq=?
    Hibernate: delete from ft_participants where seq=?
    Hibernate: delete from ft_participants where seq=?
    Hibernate: delete from ft_participants where seq=?
    Hibernate: delete from ft_participants where seq=?
    Hibernate: delete from ft_participants where seq=?
    Hibernate: delete from ft_participants where seq=?
    Hibernate: delete from ft_participants where seq=?
    Hibernate: delete from ft_participants where seq=?
    Hibernate: delete from ft_participants where seq=?
    Hibernate: delete from ft_participants where seq=?
    Hibernate: delete from ft_participants where seq=?
    Hibernate: delete from ft_participants where seq=?
    Hibernate: delete from ft_participants where seq=?
    Hibernate: delete from ft_participants where seq=?
    Hibernate: delete from ft_participants where seq=?
    Hibernate: delete from ft_participants where seq=?
    Hibernate: delete from ft_participants where seq=?
    Hibernate: delete from ft_participants where seq=?
    Hibernate: delete from ft_participants where seq=?
    Hibernate: delete from ft_participants where seq=?
    Hibernate: delete from ft_participants where seq=?
    Hibernate: delete from ft_participants where seq=?
    Hibernate: delete from ft_participants where seq=?
    Hibernate: delete from ft_participants where seq=?
    Hibernate: delete from ft_participants where seq=?
    Hibernate: delete from ft_participants where seq=?
    Hibernate: delete from ft_participants where seq=?
    Hibernate: delete from ft_participants where seq=?
    Hibernate: delete from ft_participants where seq=?
    Hibernate: delete from ft_participants where seq=?
    Hibernate: delete from ft_participants where seq=?
    Hibernate: delete from ft_participants where seq=?
    Hibernate: delete from ft_participants where seq=?
    Hibernate: delete from ft_participants where seq=?
    Hibernate: delete from ft_participants where seq=?
    Hibernate: delete from ft_participants where seq=?
    Hibernate: delete from ft_participants where seq=?
    Hibernate: delete from ft_participants where seq=?
    Hibernate: delete from ft_participants where seq=?
    Hibernate: delete from ft_participants where seq=?
    Hibernate: delete from ft_participants where seq=?
    Hibernate: delete from ft_participants where seq=?
    Hibernate: delete from ft_participants where seq=?
    Hibernate: delete from ft_participants where seq=?
    Hibernate: delete from ft_participants where seq=?
    Hibernate: delete from ft_participants where seq=?
    Hibernate: delete from ft_participants where seq=?
    Hibernate: delete from ft_participants where seq=?
    Hibernate: delete from ft_participants where seq=?
    Hibernate: delete from ft_participants where seq=?
    Hibernate: delete from ft_participants where seq=?
    Hibernate: delete from ft_participants where seq=?
    Hibernate: delete from ft_participants where seq=?
    Hibernate: delete from ft_participants where seq=?
    Hibernate: delete from ft_participants where seq=?
    Hibernate: delete from ft_participants where seq=?
    Hibernate: delete from ft_participants where seq=?
    Hibernate: delete from ft_participants where seq=?
    Hibernate: delete from ft_participants where seq=?
    Hibernate: delete from ft_participants where seq=?
    Hibernate: delete from ft_participants where seq=?
    Hibernate: delete from ft_participants where seq=?
    Hibernate: delete from ft_participants where seq=?
    Hibernate: delete from ft_participants where seq=?
    Hibernate: delete from ft_participants where seq=?
    Hibernate: delete from ft_participants where seq=?
    Hibernate: delete from ft_participants where seq=?
    Hibernate: delete from ft_participants where seq=?
    Hibernate: delete from ft_participants where seq=?
    Hibernate: delete from ft_participants where seq=?
    Hibernate: delete from ft_participants where seq=?
    Hibernate: delete from ft_participants where seq=?
    Hibernate: delete from ft_participants where seq=?
    Hibernate: delete from ft_participants where seq=?
    Hibernate: delete from ft_participants where seq=?
    Hibernate: delete from ft_participants where seq=?
    Hibernate: delete from ft_participants where seq=?
    Hibernate: delete from ft_participants where seq=?
    Hibernate: delete from ft_participants where seq=?
    Hibernate: delete from ft_participants where seq=?
    Hibernate: delete from ft_participants where seq=?
    Hibernate: delete from ft_participants where seq=?
    Hibernate: delete from ft_participants where seq=?
    Hibernate: delete from ft_participants where seq=?
    Hibernate: delete from ft_participants where seq=?
    Hibernate: delete from ft_participants where seq=?
    Hibernate: delete from ft_participants where seq=?
    Hibernate: delete from ft_participants where seq=?
    Hibernate: delete from ft_participants where seq=?
    Hibernate: delete from ft_participants where seq=?
    Hibernate: delete from ft_participants where seq=?
    Hibernate: delete from ft_participants where seq=?
    Hibernate: delete from ft_participants where seq=?
    Hibernate: delete from ft_participants where seq=?
    Hibernate: delete from ft_participants where seq=?
    Hibernate: delete from ft_participants where seq=?
    Hibernate: delete from ft_participants where seq=?
    Hibernate: delete from ft_participants where seq=?
    Hibernate: delete from ft_participants where seq=?
    Hibernate: delete from ft_participants where seq=?
    Hibernate: delete from ft_participants where seq=?
    Hibernate: delete from ft_participants where seq=?
    Hibernate: delete from ft_participants where seq=?
    Hibernate: delete from ft_participants where seq=?
    Hibernate: delete from ft_participants where seq=?
    Hibernate: delete from ft_participants where seq=?
    Hibernate: delete from ft_participants where seq=?
    Hibernate: delete from ft_participants where seq=?
    Hibernate: delete from ft_participants where seq=?
    Hibernate: delete from ft_participants where seq=?
    Hibernate: delete from ft_participants where seq=?
    Hibernate: delete from ft_participants where seq=?
    Hibernate: delete from ft_participants where seq=?
    Hibernate: delete from ft_participants where seq=?
    Hibernate: delete from ft_participants where seq=?
    Hibernate: delete from ft_participants where seq=?
    Hibernate: delete from ft_participants where seq=?
    Hibernate: delete from ft_participants where seq=?
    Hibernate: delete from ft_participants where seq=?
    Hibernate: delete from ft_participants where seq=?
    Hibernate: delete from ft_participants where seq=?
    Hibernate: delete from ft_participants where seq=?
    Hibernate: delete from ft_participants where seq=?
    Hibernate: delete from ft_participants where seq=?
    Hibernate: delete from ft_participants where seq=?
    Hibernate: delete from ft_participants where seq=?
    Hibernate: delete from ft_participants where seq=?
    Hibernate: delete from ft_participants where seq=?
    Hibernate: delete from ft_participants where seq=?
    Hibernate: delete from ft_participants where seq=?
    Hibernate: delete from ft_participants where seq=?
    Hibernate: delete from ft_participants where seq=?
    Hibernate: delete from ft_participants where seq=?
    Hibernate: delete from ft_participants where seq=?
    Hibernate: delete from ft_participants where seq=?
    Hibernate: delete from ft_participants where seq=?
    Hibernate: delete from ft_participants where seq=?
    Hibernate: delete from ft_participants where seq=?
    Hibernate: delete from ft_participants where seq=?
    Hibernate: delete from ft_participants where seq=?
    Hibernate: delete from ft_participants where seq=?
    Hibernate: delete from ft_participants where seq=?
    Hibernate: delete from ft_participants where seq=?
    Hibernate: delete from ft_participants where seq=?
    Hibernate: delete from ft_participants where seq=?
    Hibernate: delete from ft_participants where seq=?
    Hibernate: delete from ft_participants where seq=?
    Hibernate: delete from ft_participants where seq=?
    Hibernate: delete from ft_participants where seq=?
    Hibernate: delete from ft_participants where seq=?
    Hibernate: delete from ft_participants where seq=?
    Hibernate: delete from ft_participants where seq=?
    Hibernate: delete from ft_participants where seq=?
    Hibernate: delete from ft_participants where seq=?
    Hibernate: delete from ft_participants where seq=?
    Hibernate: delete from ft_participants where seq=?
    Hibernate: delete from ft_participants where seq=?
    Hibernate: delete from ft_participants where seq=?
    Hibernate: delete from ft_participants where seq=?
    Hibernate: delete from ft_participants where seq=?
    Hibernate: delete from ft_participants where seq=?
    Hibernate: delete from ft_participants where seq=?
    Hibernate: delete from ft_participants where seq=?
    Hibernate: delete from ft_participants where seq=?
    Hibernate: delete from ft_participants where seq=?
    Hibernate: delete from ft_participants where seq=?
    Hibernate: delete from ft_participants where seq=?
    Hibernate: delete from ft_participants where seq=?
    Hibernate: delete from ft_participants where seq=?
    Hibernate: delete from ft_participants where seq=?
    Hibernate: delete from ft_participants where seq=?
    Hibernate: delete from ft_participants where seq=?
    Hibernate: delete from ft_participants where seq=?
    Hibernate: delete from ft_participants where seq=?
    Hibernate: delete from ft_participants where seq=?
    Hibernate: delete from ft_participants where seq=?
    Hibernate: delete from ft_participants where seq=?
    Hibernate: delete from ft_participants where seq=?
    Hibernate: delete from ft_participants where seq=?
    Hibernate: delete from ft_participants where seq=?
    Hibernate: delete from ft_participants where seq=?
    Hibernate: delete from ft_participants where seq=?
    Hibernate: delete from ft_participants where seq=?
    Hibernate: delete from ft_participants where seq=?
    Hibernate: delete from ft_participants where seq=?
    Hibernate: delete from ft_participants where seq=?
    Hibernate: delete from ft_participants where seq=?
    Hibernate: delete from ft_participants where seq=?
    Hibernate: delete from ft_participants where seq=?
    Hibernate: delete from ft_participants where seq=?
    Hibernate: delete from ft_participants where seq=?
    Hibernate: delete from ft_participants where seq=?
    Hibernate: delete from ft_participants where seq=?
    Hibernate: delete from ft_participants where seq=?
    Hibernate: delete from ft_participants where seq=?
    Hibernate: delete from ft_participants where seq=?
    Hibernate: delete from ft_participants where seq=?
    Hibernate: delete from ft_participants where seq=?
    Hibernate: delete from ft_participants where seq=?
    Hibernate: delete from ft_participants where seq=?
    Hibernate: delete from ft_participants where seq=?
    Hibernate: delete from ft_participants where seq=?
    Hibernate: delete from ft_participants where seq=?
    Hibernate: delete from ft_participants where seq=?
    Hibernate: delete from ft_participants where seq=?
    Hibernate: delete from ft_participants where seq=?
    Hibernate: delete from ft_participants where seq=?
    Hibernate: delete from ft_participants where seq=?
    Hibernate: delete from ft_participants where seq=?
    Hibernate: delete from ft_participants where seq=?
    Hibernate: delete from ft_participants where seq=?
    Hibernate: delete from ft_participants where seq=?
    Hibernate: delete from ft_participants where seq=?
    Hibernate: delete from ft_participants where seq=?
    Hibernate: delete from ft_participants where seq=?
    Hibernate: delete from ft_participants where seq=?
    Hibernate: delete from ft_participants where seq=?
    Hibernate: delete from ft_participants where seq=?
    Hibernate: delete from ft_participants where seq=?
    Hibernate: delete from ft_participants where seq=?
    Hibernate: delete from ft_participants where seq=?
    Hibernate: delete from ft_participants where seq=?
    Hibernate: delete from ft_participants where seq=?
    Hibernate: delete from ft_participants where seq=?
    Hibernate: delete from ft_participants where seq=?
    Hibernate: delete from ft_participants where seq=?
    Hibernate: delete from ft_participants where seq=?
    Hibernate: delete from ft_participants where seq=?
    Hibernate: delete from ft_participants where seq=?
    Hibernate: delete from ft_participants where seq=?
    Hibernate: delete from ft_participants where seq=?
    Hibernate: delete from ft_participants where seq=?
    Hibernate: delete from ft_participants where seq=?
    Hibernate: delete from ft_participants where seq=?
    Hibernate: delete from ft_participants where seq=?
    Hibernate: delete from ft_participants where seq=?
    Hibernate: delete from ft_participants where seq=?
    Hibernate: delete from ft_participants where seq=?
    Hibernate: delete from ft_participants where seq=?
    Hibernate: delete from ft_participants where seq=?
    Hibernate: delete from ft_participants where seq=?
    Hibernate: delete from ft_participants where seq=?
    Hibernate: delete from ft_participants where seq=?
    Hibernate: delete from ft_participants where seq=?
    Hibernate: delete from ft_participants where seq=?
    Hibernate: delete from ft_participants where seq=?
    Hibernate: delete from ft_participants where seq=?
    Hibernate: delete from ft_participants where seq=?
    Hibernate: delete from ft_participants where seq=?
    Hibernate: delete from ft_participants where seq=?
    Hibernate: delete from ft_participants where seq=?
    Hibernate: delete from ft_participants where seq=?
    Hibernate: delete from ft_participants where seq=?
    Hibernate: delete from ft_participants where seq=?
    Hibernate: delete from ft_participants where seq=?
    Hibernate: delete from ft_participants where seq=?
    Hibernate: delete from ft_participants where seq=?
    Hibernate: delete from ft_participants where seq=?
    Hibernate: delete from ft_participants where seq=?
    Hibernate: delete from ft_participants where seq=?
    Hibernate: delete from ft_participants where seq=?
    Hibernate: delete from ft_participants where seq=?
    Hibernate: delete from ft_participants where seq=?
    Hibernate: delete from ft_participants where seq=?
    Hibernate: delete from ft_participants where seq=?
    Hibernate: delete from ft_participants where seq=?
    Hibernate: delete from ft_participants where seq=?
    Hibernate: delete from ft_participants where seq=?
    Hibernate: delete from ft_participants where seq=?
    Hibernate: delete from ft_participants where seq=?
    Hibernate: delete from ft_participants where seq=?
    Hibernate: delete from ft_participants where seq=?
    Hibernate: delete from ft_participants where seq=?
    Hibernate: delete from ft_participants where seq=?
    Hibernate: delete from ft_participants where seq=?
    Hibernate: delete from ft_participants where seq=?
    Hibernate: delete from ft_participants where seq=?
    Hibernate: delete from ft_participants where seq=?
    Hibernate: delete from ft_participants where seq=?
    Hibernate: delete from ft_participants where seq=?
    Hibernate: delete from ft_participants where seq=?
    Hibernate: delete from ft_participants where seq=?
    Hibernate: delete from ft_participants where seq=?
    Hibernate: delete from ft_participants where seq=?
    Hibernate: delete from ft_participants where seq=?
    Hibernate: delete from ft_participants where seq=?
    Hibernate: delete from ft_participants where seq=?
    Hibernate: delete from ft_participants where seq=?
    Hibernate: delete from ft_participants where seq=?
    Hibernate: delete from ft_participants where seq=?
    Hibernate: delete from ft_participants where seq=?
    Hibernate: delete from ft_participants where seq=?
    Hibernate: delete from ft_participants where seq=?
    Hibernate: delete from ft_participants where seq=?
    Hibernate: delete from ft_participants where seq=?
    Hibernate: delete from ft_participants where seq=?
    Hibernate: delete from ft_participants where seq=?
    Hibernate: delete from ft_participants where seq=?
    Hibernate: delete from ft_participants where seq=?
    Hibernate: delete from ft_participants where seq=?
    Hibernate: delete from ft_participants where seq=?
    Hibernate: delete from ft_participants where seq=?
    Hibernate: delete from ft_participants where seq=?
    Hibernate: delete from ft_participants where seq=?
    Hibernate: delete from ft_participants where seq=?
    Hibernate: delete from ft_participants where seq=?
    Hibernate: delete from ft_participants where seq=?
    Hibernate: delete from ft_participants where seq=?
    Hibernate: delete from ft_participants where seq=?
    Hibernate: delete from ft_participants where seq=?
    Hibernate: delete from ft_participants where seq=?
    Hibernate: delete from ft_participants where seq=?
    Hibernate: delete from ft_participants where seq=?
    Hibernate: delete from ft_participants where seq=?
    Hibernate: delete from ft_participants where seq=?
    Hibernate: delete from ft_participants where seq=?
    Hibernate: delete from ft_participants where seq=?
    Hibernate: delete from ft_participants where seq=?
    Hibernate: delete from ft_participants where seq=?
    Hibernate: delete from ft_participants where seq=?
    Hibernate: delete from ft_participants where seq=?
    Hibernate: delete from ft_participants where seq=?
    Hibernate: delete from ft_participants where seq=?
    Hibernate: delete from ft_participants where seq=?
    Hibernate: delete from ft_participants where seq=?
    Hibernate: delete from ft_participants where seq=?
    Hibernate: delete from ft_participants where seq=?
    Hibernate: delete from ft_participants where seq=?
    Hibernate: delete from ft_participants where seq=?
    Hibernate: delete from ft_participants where seq=?
    Hibernate: delete from ft_participants where seq=?
    Hibernate: delete from ft_participants where seq=?
    Hibernate: delete from ft_participants where seq=?
    Hibernate: delete from ft_participants where seq=?
    Hibernate: delete from ft_participants where seq=?
    Hibernate: delete from ft_participants where seq=?
    Hibernate: delete from ft_participants where seq=?
    Hibernate: delete from ft_participants where seq=?
    Hibernate: delete from ft_participants where seq=?
    Hibernate: delete from ft_participants where seq=?
    Hibernate: delete from ft_participants where seq=?
    Hibernate: delete from ft_participants where seq=?
    Hibernate: delete from ft_participants where seq=?
    Hibernate: delete from ft_participants where seq=?
    Hibernate: delete from ft_participants where seq=?
    Hibernate: delete from ft_participants where seq=?
    Hibernate: delete from ft_participants where seq=?
    Hibernate: delete from ft_participants where seq=?
    Hibernate: delete from ft_participants where seq=?
    Hibernate: delete from ft_participants where seq=?
    Hibernate: delete from ft_participants where seq=?
    Hibernate: delete from ft_participants where seq=?
    Hibernate: delete from ft_participants where seq=?
    Hibernate: delete from ft_participants where seq=?
    Hibernate: delete from ft_participants where seq=?
    Hibernate: delete from ft_participants where seq=?
    Hibernate: delete from ft_participants where seq=?
    Hibernate: delete from ft_participants where seq=?
    Hibernate: delete from ft_participants where seq=?
    Hibernate: delete from ft_participants where seq=?
    Hibernate: delete from ft_participants where seq=?
    Hibernate: delete from ft_participants where seq=?
    Hibernate: delete from ft_participants where seq=?
    Hibernate: delete from ft_participants where seq=?
    Hibernate: delete from ft_participants where seq=?
    Hibernate: delete from ft_participants where seq=?
    Hibernate: delete from ft_participants where seq=?
    Hibernate: delete from ft_participants where seq=?
    Hibernate: delete from ft_participants where seq=?
    Hibernate: delete from ft_participants where seq=?
    Hibernate: delete from ft_participants where seq=?
    Hibernate: delete from ft_participants where seq=?
    Hibernate: delete from ft_participants where seq=?
    Hibernate: delete from ft_participants where seq=?
    Hibernate: delete from ft_participants where seq=?
    Hibernate: delete from ft_participants where seq=?
    Hibernate: delete from ft_participants where seq=?
    Hibernate: delete from ft_participants where seq=?
    Hibernate: delete from ft_participants where seq=?
    Hibernate: delete from ft_participants where seq=?
    Hibernate: delete from ft_participants where seq=?
    Hibernate: delete from ft_participants where seq=?
    Hibernate: delete from ft_participants where seq=?
    Hibernate: delete from ft_participants where seq=?
    Hibernate: delete from ft_participants where seq=?
    Hibernate: delete from ft_participants where seq=?
    Hibernate: delete from ft_participants where seq=?
    Hibernate: delete from ft_participants where seq=?
    Hibernate: delete from ft_participants where seq=?
    Hibernate: delete from ft_participants where seq=?
    Hibernate: delete from ft_participants where seq=?
    Hibernate: delete from ft_participants where seq=?
    Hibernate: delete from ft_participants where seq=?
    Hibernate: delete from ft_participants where seq=?
    Hibernate: delete from ft_participants where seq=?
    Hibernate: delete from ft_participants where seq=?
    Hibernate: delete from ft_participants where seq=?
    Hibernate: delete from ft_participants where seq=?
    Hibernate: delete from ft_participants where seq=?
    Hibernate: delete from ft_participants where seq=?
    Hibernate: delete from ft_participants where seq=?
    Hibernate: delete from ft_participants where seq=?
    Hibernate: delete from ft_participants where seq=?
    Hibernate: delete from ft_participants where seq=?
    Hibernate: delete from ft_participants where seq=?
    Hibernate: delete from ft_participants where seq=?
    Hibernate: delete from ft_participants where seq=?
    Hibernate: delete from ft_participants where seq=?
    Hibernate: delete from ft_participants where seq=?
    Hibernate: delete from ft_participants where seq=?
    Hibernate: delete from ft_participants where seq=?
    Hibernate: delete from ft_participants where seq=?
    Hibernate: delete from ft_participants where seq=?
    Hibernate: delete from ft_participants where seq=?
    Hibernate: delete from ft_participants where seq=?
    Hibernate: delete from ft_participants where seq=?
    Hibernate: delete from ft_participants where seq=?
    Hibernate: delete from ft_participants where seq=?
    Hibernate: delete from ft_participants where seq=?
    Hibernate: delete from ft_participants where seq=?
    Hibernate: delete from ft_participants where seq=?
    Hibernate: delete from ft_participants where seq=?
    Hibernate: delete from ft_participants where seq=?
    Hibernate: delete from ft_participants where seq=?
    Hibernate: delete from ft_participants where seq=?
    Hibernate: delete from ft_participants where seq=?
    Hibernate: delete from ft_participants where seq=?
    Hibernate: delete from ft_participants where seq=?
    Hibernate: delete from ft_participants where seq=?
    Hibernate: delete from ft_participants where seq=?
    Hibernate: delete from ft_participants where seq=?
    Hibernate: delete from ft_participants where seq=?
    Hibernate: delete from ft_participants where seq=?
    Hibernate: delete from ft_participants where seq=?
    Hibernate: delete from ft_participants where seq=?
    Hibernate: delete from ft_participants where seq=?
    Hibernate: delete from ft_participants where seq=?
    Hibernate: delete from ft_participants where seq=?
    Hibernate: delete from ft_participants where seq=?
    Hibernate: delete from ft_participants where seq=?
    Hibernate: delete from ft_participants where seq=?
    Hibernate: delete from ft_participants where seq=?
    Hibernate: delete from ft_participants where seq=?
    Hibernate: delete from ft_participants where seq=?
    Hibernate: delete from ft_participants where seq=?
    Hibernate: delete from ft_participants where seq=?
    Hibernate: delete from ft_participants where seq=?
    Hibernate: delete from ft_participants where seq=?
    Hibernate: delete from ft_participants where seq=?
    Hibernate: delete from ft_participants where seq=?
    Hibernate: delete from ft_participants where seq=?
    Hibernate: delete from ft_participants where seq=?
    Hibernate: delete from ft_participants where seq=?
    Hibernate: delete from ft_participants where seq=?
    Hibernate: delete from ft_participants where seq=?
    Hibernate: delete from ft_participants where seq=?
    Hibernate: delete from ft_participants where seq=?
    Hibernate: delete from ft_participants where seq=?
    Hibernate: delete from ft_participants where seq=?
    Hibernate: delete from ft_participants where seq=?
    Hibernate: delete from ft_participants where seq=?
    Hibernate: delete from ft_participants where seq=?
    Hibernate: delete from ft_participants where seq=?
    Hibernate: delete from ft_participants where seq=?
    Hibernate: delete from ft_participants where seq=?
    Hibernate: delete from ft_participants where seq=?
    Hibernate: delete from ft_participants where seq=?
    Hibernate: delete from ft_participants where seq=?
    Hibernate: delete from ft_participants where seq=?
    Hibernate: delete from ft_participants where seq=?
    Hibernate: delete from ft_participants where seq=?
    Hibernate: delete from ft_participants where seq=?
    Hibernate: delete from ft_participants where seq=?
    Hibernate: delete from ft_participants where seq=?
    Hibernate: delete from ft_participants where seq=?
    Hibernate: delete from ft_participants where seq=?
    Hibernate: delete from ft_participants where seq=?
    Hibernate: delete from ft_participants where seq=?
    Hibernate: delete from ft_participants where seq=?
    Hibernate: delete from ft_participants where seq=?
    Hibernate: delete from ft_participants where seq=?
    Hibernate: delete from ft_participants where seq=?
    Hibernate: delete from ft_participants where seq=?
    Hibernate: delete from ft_participants where seq=?
    Hibernate: delete from ft_participants where seq=?
    Hibernate: delete from ft_participants where seq=?
    Hibernate: delete from ft_participants where seq=?
    Hibernate: delete from ft_participants where seq=?
    Hibernate: delete from ft_participants where seq=?
    Hibernate: delete from ft_participants where seq=?
    Hibernate: delete from ft_participants where seq=?
    Hibernate: delete from ft_participants where seq=?
    Hibernate: delete from ft_participants where seq=?
    Hibernate: delete from ft_participants where seq=?
    Hibernate: delete from ft_participants where seq=?
    Hibernate: delete from ft_participants where seq=?
    Hibernate: delete from ft_participants where seq=?
    Hibernate: delete from ft_participants where seq=?
    Hibernate: delete from ft_participants where seq=?
    Hibernate: delete from ft_participants where seq=?
    Hibernate: delete from ft_participants where seq=?
    Hibernate: delete from ft_participants where seq=?
    Hibernate: delete from ft_participants where seq=?
    Hibernate: delete from ft_participants where seq=?
    Hibernate: delete from ft_participants where seq=?
    Hibernate: delete from ft_participants where seq=?
    Hibernate: delete from ft_participants where seq=?
    Hibernate: delete from ft_participants where seq=?
    Hibernate: delete from ft_participants where seq=?
    Hibernate: delete from ft_participants where seq=?
    Hibernate: delete from ft_participants where seq=?
    Hibernate: delete from ft_participants where seq=?
    Hibernate: delete from ft_participants where seq=?
    Hibernate: delete from ft_participants where seq=?
    Hibernate: delete from ft_participants where seq=?
    Hibernate: delete from ft_participants where seq=?
    Hibernate: delete from ft_participants where seq=?
    Hibernate: delete from ft_participants where seq=?
    Hibernate: delete from ft_participants where seq=?
    Hibernate: delete from ft_participants where seq=?
    Hibernate: delete from ft_participants where seq=?
    Hibernate: delete from ft_participants where seq=?
    Hibernate: delete from ft_participants where seq=?
    Hibernate: delete from ft_participants where seq=?
    Hibernate: delete from ft_participants where seq=?
    Hibernate: delete from ft_participants where seq=?
    Hibernate: delete from ft_participants where seq=?
    Hibernate: delete from ft_participants where seq=?
    Hibernate: delete from ft_participants where seq=?
    Hibernate: delete from ft_participants where seq=?
    Hibernate: delete from ft_participants where seq=?
    Hibernate: delete from ft_participants where seq=?
    Hibernate: delete from ft_participants where seq=?
    Hibernate: delete from ft_participants where seq=?
    Hibernate: delete from ft_participants where seq=?
    Hibernate: delete from ft_participants where seq=?
    Hibernate: delete from ft_participants where seq=?
    Hibernate: delete from ft_participants where seq=?
    Hibernate: delete from ft_participants where seq=?
    Hibernate: delete from ft_participants where seq=?
    Hibernate: delete from ft_participants where seq=?
    Hibernate: delete from ft_participants where seq=?
    Hibernate: delete from ft_participants where seq=?
    Hibernate: delete from ft_participants where seq=?
    Hibernate: delete from ft_participants where seq=?
    Hibernate: delete from ft_participants where seq=?
    Hibernate: delete from ft_participants where seq=?
    Hibernate: delete from ft_participants where seq=?
    Hibernate: delete from ft_participants where seq=?
    Hibernate: delete from ft_participants where seq=?
    Hibernate: delete from ft_participants where seq=?
    Hibernate: delete from ft_participants where seq=?
    Hibernate: delete from ft_participants where seq=?
    Hibernate: delete from ft_participants where seq=?
    Hibernate: delete from ft_participants where seq=?
    Hibernate: delete from ft_participants where seq=?
    Hibernate: delete from ft_participants where seq=?
    Hibernate: delete from ft_participants where seq=?
    Hibernate: delete from ft_participants where seq=?
    Hibernate: delete from ft_participants where seq=?
    Hibernate: delete from ft_participants where seq=?
    Hibernate: delete from ft_participants where seq=?
    Hibernate: delete from ft_participants where seq=?
    Hibernate: delete from ft_participants where seq=?
    Hibernate: delete from ft_participants where seq=?
    Hibernate: delete from ft_participants where seq=?
    Hibernate: delete from ft_participants where seq=?
    Hibernate: delete from ft_participants where seq=?
    Hibernate: delete from ft_participants where seq=?
    Hibernate: delete from ft_participants where seq=?
    Hibernate: delete from ft_participants where seq=?
    Hibernate: delete from ft_participants where seq=?
    Hibernate: delete from ft_participants where seq=?
    Hibernate: delete from ft_participants where seq=?
    Hibernate: delete from ft_participants where seq=?
    Hibernate: delete from ft_participants where seq=?
    Hibernate: delete from ft_participants where seq=?
    Hibernate: delete from ft_participants where seq=?
    Hibernate: delete from ft_participants where seq=?
    Hibernate: delete from ft_participants where seq=?
    Hibernate: delete from ft_participants where seq=?
    Hibernate: delete from ft_participants where seq=?
    Hibernate: delete from ft_participants where seq=?
    Hibernate: delete from ft_participants where seq=?
    Hibernate: delete from ft_participants where seq=?
    Hibernate: delete from ft_participants where seq=?
    Hibernate: delete from ft_participants where seq=?
    Hibernate: delete from ft_participants where seq=?
    Hibernate: delete from ft_participants where seq=?
    Hibernate: delete from ft_participants where seq=?
    Hibernate: delete from ft_participants where seq=?
    Hibernate: delete from ft_participants where seq=?
    Hibernate: delete from ft_participants where seq=?
    Hibernate: delete from ft_participants where seq=?
    Hibernate: delete from ft_participants where seq=?
    Hibernate: delete from ft_participants where seq=?
    Hibernate: delete from ft_participants where seq=?
    Hibernate: delete from ft_participants where seq=?
    Hibernate: delete from ft_participants where seq=?
    Hibernate: delete from ft_participants where seq=?
    Hibernate: delete from ft_participants where seq=?
    Hibernate: delete from ft_participants where seq=?
    Hibernate: delete from ft_participants where seq=?
    Hibernate: delete from ft_participants where seq=?
    Hibernate: delete from ft_participants where seq=?
    Hibernate: delete from ft_participants where seq=?
    Hibernate: delete from ft_participants where seq=?
    Hibernate: delete from ft_participants where seq=?
    Hibernate: delete from ft_participants where seq=?
    Hibernate: delete from ft_participants where seq=?
    Hibernate: delete from ft_participants where seq=?
    Hibernate: delete from ft_participants where seq=?
    Hibernate: delete from ft_participants where seq=?
    Hibernate: delete from ft_participants where seq=?
    Hibernate: delete from ft_participants where seq=?
    Hibernate: delete from ft_participants where seq=?
    Hibernate: delete from ft_participants where seq=?
    Hibernate: delete from ft_participants where seq=?
    Hibernate: delete from ft_participants where seq=?
    Hibernate: delete from ft_participants where seq=?
    Hibernate: delete from ft_participants where seq=?
    Hibernate: delete from ft_participants where seq=?
    Hibernate: delete from ft_participants where seq=?
    Hibernate: delete from ft_participants where seq=?
    Hibernate: delete from ft_participants where seq=?
    Hibernate: delete from ft_participants where seq=?
    Hibernate: delete from ft_participants where seq=?
    Hibernate: delete from ft_participants where seq=?
    Hibernate: delete from ft_participants where seq=?
    Hibernate: delete from ft_participants where seq=?
    Hibernate: delete from ft_participants where seq=?
    Hibernate: delete from ft_participants where seq=?
    Hibernate: delete from ft_participants where seq=?
    Hibernate: delete from ft_participants where seq=?
    Hibernate: delete from ft_participants where seq=?
    Hibernate: delete from ft_participants where seq=?
    Hibernate: delete from ft_participants where seq=?
    Hibernate: delete from ft_participants where seq=?
    Hibernate: delete from ft_participants where seq=?
    Hibernate: delete from ft_participants where seq=?
    Hibernate: delete from ft_participants where seq=?
    Hibernate: delete from ft_participants where seq=?
    Hibernate: delete from ft_participants where seq=?
    Hibernate: delete from ft_participants where seq=?
    Hibernate: delete from ft_participants where seq=?
    Hibernate: delete from ft_participants where seq=?
    Hibernate: delete from ft_participants where seq=?
    Hibernate: delete from ft_participants where seq=?
    Hibernate: delete from ft_participants where seq=?
    Hibernate: delete from ft_participants where seq=?
    Hibernate: delete from ft_participants where seq=?
    Hibernate: delete from ft_participants where seq=?
    Hibernate: delete from ft_participants where seq=?
    Hibernate: delete from ft_participants where seq=?
    Hibernate: delete from ft_participants where seq=?
    Hibernate: delete from ft_participants where seq=?
    Hibernate: delete from ft_participants where seq=?
    Hibernate: delete from ft_participants where seq=?
    Hibernate: delete from ft_participants where seq=?
    Hibernate: delete from ft_participants where seq=?
    Hibernate: delete from ft_participants where seq=?
    Hibernate: delete from ft_participants where seq=?
    Hibernate: delete from ft_participants where seq=?
    Hibernate: delete from ft_participants where seq=?
    Hibernate: delete from ft_participants where seq=?
    Hibernate: delete from ft_participants where seq=?
    Hibernate: delete from ft_participants where seq=?
    Hibernate: delete from ft_participants where seq=?
    Hibernate: delete from ft_participants where seq=?
    Hibernate: delete from ft_participants where seq=?
    Hibernate: delete from ft_participants where seq=?
    Hibernate: delete from ft_participants where seq=?
    Hibernate: delete from ft_participants where seq=?
    Hibernate: delete from ft_participants where seq=?
    Hibernate: delete from ft_participants where seq=?
    Hibernate: delete from ft_participants where seq=?
    Hibernate: delete from ft_participants where seq=?
    Hibernate: delete from ft_participants where seq=?
    Hibernate: delete from ft_participants where seq=?
    Hibernate: delete from ft_participants where seq=?
    Hibernate: delete from ft_participants where seq=?
    Hibernate: delete from ft_participants where seq=?
    Hibernate: delete from ft_participants where seq=?
    Hibernate: delete from ft_participants where seq=?
    Hibernate: delete from ft_participants where seq=?
    Hibernate: delete from ft_participants where seq=?
    Hibernate: delete from ft_participants where seq=?
    Hibernate: delete from ft_participants where seq=?
    Hibernate: delete from ft_participants where seq=?
    Hibernate: delete from ft_participants where seq=?
    Hibernate: delete from ft_participants where seq=?
    Hibernate: delete from ft_participants where seq=?
    Hibernate: delete from ft_participants where seq=?
    Hibernate: delete from ft_participants where seq=?
    Hibernate: delete from ft_participants where seq=?
    Hibernate: delete from ft_participants where seq=?
    Hibernate: delete from ft_participants where seq=?
    Hibernate: delete from ft_participants where seq=?
    Hibernate: delete from ft_participants where seq=?
    Hibernate: delete from ft_participants where seq=?
    Hibernate: delete from ft_participants where seq=?
    Hibernate: delete from ft_participants where seq=?
    Hibernate: delete from ft_participants where seq=?
    Hibernate: delete from ft_participants where seq=?
    Hibernate: delete from ft_participants where seq=?
    Hibernate: delete from ft_participants where seq=?
    Hibernate: delete from ft_participants where seq=?
    Hibernate: delete from ft_participants where seq=?
    Hibernate: delete from ft_participants where seq=?
    Hibernate: delete from ft_participants where seq=?
    Hibernate: delete from ft_participants where seq=?
    Hibernate: delete from ft_participants where seq=?
    Hibernate: delete from ft_participants where seq=?
    Hibernate: delete from ft_participants where seq=?
    Hibernate: delete from ft_participants where seq=?
    Hibernate: delete from ft_participants where seq=?
    Hibernate: delete from ft_participants where seq=?
    Hibernate: delete from ft_participants where seq=?
    Hibernate: delete from ft_participants where seq=?
    Hibernate: delete from ft_participants where seq=?
    Hibernate: delete from ft_participants where seq=?
    Hibernate: delete from ft_participants where seq=?
    Hibernate: delete from ft_participants where seq=?
    Hibernate: delete from ft_participants where seq=?
    Hibernate: delete from ft_participants where seq=?
    Hibernate: delete from ft_participants where seq=?
    Hibernate: delete from ft_participants where seq=?
    Hibernate: delete from ft_participants where seq=?
    Hibernate: delete from ft_participants where seq=?
    Hibernate: delete from ft_participants where seq=?
    Hibernate: delete from ft_participants where seq=?
    Hibernate: delete from ft_participants where seq=?
    Hibernate: delete from ft_participants where seq=?
    Hibernate: delete from ft_participants where seq=?
    Hibernate: delete from ft_participants where seq=?
    Hibernate: delete from ft_participants where seq=?
    Hibernate: delete from ft_participants where seq=?
    Hibernate: delete from ft_participants where seq=?
    Hibernate: delete from ft_participants where seq=?
    Hibernate: delete from ft_participants where seq=?
    Hibernate: delete from ft_participants where seq=?
    Hibernate: delete from ft_participants where seq=?
    Hibernate: delete from ft_participants where seq=?
    Hibernate: delete from ft_participants where seq=?
    Hibernate: delete from ft_participants where seq=?
    Hibernate: delete from ft_participants where seq=?
    Hibernate: delete from ft_participants where seq=?
    Hibernate: delete from ft_participants where seq=?
    Hibernate: delete from ft_participants where seq=?
    Hibernate: delete from ft_participants where seq=?
    Hibernate: delete from ft_participants where seq=?
    Hibernate: delete from ft_participants where seq=?
    Hibernate: delete from ft_participants where seq=?
    Hibernate: delete from ft_participants where seq=?
    Hibernate: delete from ft_participants where seq=?
    Hibernate: delete from ft_participants where seq=?
    Hibernate: delete from ft_participants where seq=?
    Hibernate: delete from ft_participants where seq=?
    Hibernate: delete from ft_participants where seq=?
    Hibernate: delete from ft_participants where seq=?
    Hibernate: delete from ft_participants where seq=?
    Hibernate: delete from ft_participants where seq=?
    Hibernate: delete from ft_participants where seq=?
    Hibernate: delete from ft_participants where seq=?
    Hibernate: delete from ft_participants where seq=?
    Hibernate: delete from ft_participants where seq=?
    Hibernate: delete from ft_participants where seq=?
    Hibernate: delete from ft_participants where seq=?
    Hibernate: delete from ft_participants where seq=?
    Hibernate: delete from ft_participants where seq=?
    Hibernate: delete from ft_participants where seq=?
    Hibernate: delete from ft_participants where seq=?
    Hibernate: delete from ft_participants where seq=?
    Hibernate: delete from ft_participants where seq=?
    Hibernate: delete from ft_participants where seq=?
    Hibernate: delete from ft_participants where seq=?
    Hibernate: delete from ft_participants where seq=?
    Hibernate: delete from ft_participants where seq=?
    Hibernate: delete from ft_participants where seq=?
    Hibernate: delete from ft_participants where seq=?
    Hibernate: delete from ft_participants where seq=?
    Hibernate: delete from ft_participants where seq=?
    Hibernate: delete from ft_participants where seq=?
    Hibernate: delete from ft_participants where seq=?
    Hibernate: delete from ft_participants where seq=?
    Hibernate: delete from ft_participants where seq=?
    Hibernate: delete from ft_participants where seq=?
    Hibernate: delete from ft_participants where seq=?
    Hibernate: delete from ft_participants where seq=?
    Hibernate: delete from ft_participants where seq=?
    Hibernate: delete from ft_participants where seq=?
    Hibernate: delete from ft_participants where seq=?
    Hibernate: delete from ft_participants where seq=?
    Hibernate: delete from ft_participants where seq=?
    Hibernate: delete from ft_participants where seq=?
    Hibernate: delete from ft_participants where seq=?
    Hibernate: delete from ft_participants where seq=?
    Hibernate: delete from ft_participants where seq=?
    Hibernate: delete from ft_participants where seq=?
    Hibernate: delete from ft_participants where seq=?
    Hibernate: delete from ft_participants where seq=?
    Hibernate: delete from ft_participants where seq=?
    Hibernate: delete from ft_participants where seq=?
    Hibernate: delete from ft_participants where seq=?
    Hibernate: delete from ft_participants where seq=?
    Hibernate: delete from ft_participants where seq=?
    Hibernate: delete from ft_participants where seq=?
    Hibernate: delete from ft_participants where seq=?
    Hibernate: delete from ft_participants where seq=?
    Hibernate: delete from ft_participants where seq=?
    Hibernate: delete from ft_participants where seq=?
    Hibernate: delete from ft_participants where seq=?
    Hibernate: delete from ft_participants where seq=?
    Hibernate: delete from ft_participants where seq=?
    Hibernate: delete from ft_participants where seq=?
    Hibernate: delete from ft_participants where seq=?
    Hibernate: delete from ft_participants where seq=?
    Hibernate: delete from ft_participants where seq=?
    Hibernate: delete from ft_participants where seq=?
    Hibernate: delete from ft_participants where seq=?
    Hibernate: delete from ft_participants where seq=?
    Hibernate: delete from ft_participants where seq=?
    Hibernate: delete from ft_participants where seq=?
    Hibernate: delete from ft_participants where seq=?
    Hibernate: delete from ft_participants where seq=?
    Hibernate: delete from ft_participants where seq=?
    Hibernate: delete from ft_participants where seq=?
    Hibernate: delete from ft_participants where seq=?
    Hibernate: delete from ft_participants where seq=?
    Hibernate: delete from ft_participants where seq=?
    Hibernate: delete from ft_participants where seq=?
    Hibernate: delete from ft_participants where seq=?
    Hibernate: delete from ft_participants where seq=?
    Hibernate: delete from ft_participants where seq=?
    Hibernate: delete from ft_participants where seq=?
    Hibernate: delete from ft_participants where seq=?
    Hibernate: delete from ft_participants where seq=?
    Hibernate: delete from ft_participants where seq=?
    Hibernate: delete from ft_participants where seq=?
    Hibernate: delete from ft_participants where seq=?
    Hibernate: delete from ft_participants where seq=?
    Hibernate: delete from ft_participants where seq=?
    Hibernate: delete from ft_participants where seq=?
    Hibernate: delete from ft_participants where seq=?
    Hibernate: delete from ft_participants where seq=?
    Hibernate: delete from ft_participants where seq=?
    Hibernate: delete from ft_participants where seq=?
    Hibernate: delete from ft_participants where seq=?
    Hibernate: delete from ft_participants where seq=?
    Hibernate: delete from ft_participants where seq=?
    Hibernate: delete from ft_participants where seq=?
    Hibernate: delete from ft_participants where seq=?
    Hibernate: delete from ft_participants where seq=?
    Hibernate: delete from ft_participants where seq=?
    Hibernate: delete from ft_participants where seq=?
    Hibernate: delete from ft_participants where seq=?
    Hibernate: delete from ft_participants where seq=?
    Hibernate: delete from ft_participants where seq=?
    Hibernate: delete from ft_participants where seq=?
    Hibernate: delete from ft_participants where seq=?
    Hibernate: delete from ft_participants where seq=?
    Hibernate: delete from ft_participants where seq=?
    Hibernate: delete from ft_participants where seq=?
    Hibernate: delete from ft_participants where seq=?
    Hibernate: delete from ft_participants where seq=?
    Hibernate: delete from ft_participants where seq=?
    Hibernate: delete from ft_participants where seq=?
    Hibernate: delete from ft_participants where seq=?
    Hibernate: delete from ft_participants where seq=?
    Hibernate: delete from ft_participants where seq=?
    Hibernate: delete from ft_participants where seq=?
    Hibernate: delete from ft_participants where seq=?
    Hibernate: delete from ft_participants where seq=?
    Hibernate: delete from ft_participants where seq=?
    Hibernate: delete from ft_participants where seq=?
    Hibernate: delete from ft_participants where seq=?
    Hibernate: delete from ft_participants where seq=?
    Hibernate: delete from ft_participants where seq=?
    Hibernate: delete from ft_participants where seq=?
    Hibernate: delete from ft_participants where seq=?
    Hibernate: delete from ft_participants where seq=?
    Hibernate: delete from ft_participants where seq=?
    Hibernate: delete from ft_participants where seq=?
    Hibernate: delete from ft_participants where seq=?
    Hibernate: delete from ft_participants where seq=?
    Hibernate: delete from ft_participants where seq=?
    Hibernate: delete from ft_participants where seq=?
    Hibernate: delete from ft_participants where seq=?
    Hibernate: delete from ft_participants where seq=?
    Hibernate: delete from ft_participants where seq=?
    Hibernate: delete from ft_participants where seq=?
    Hibernate: delete from ft_participants where seq=?
    Hibernate: delete from ft_participants where seq=?
    Hibernate: delete from ft_participants where seq=?
    Hibernate: delete from ft_participants where seq=?
    Hibernate: delete from ft_participants where seq=?
    Hibernate: delete from ft_participants where seq=?
    Hibernate: delete from ft_participants where seq=?
    Hibernate: delete from ft_participants where seq=?
    Hibernate: delete from ft_participants where seq=?
    Hibernate: delete from ft_participants where seq=?
    Hibernate: delete from ft_participants where seq=?
    Hibernate: delete from ft_participants where seq=?
    Hibernate: delete from ft_participants where seq=?
    Hibernate: delete from ft_participants where seq=?
    Hibernate: delete from ft_participants where seq=?
    Hibernate: delete from ft_participants where seq=?
    Hibernate: delete from ft_participants where seq=?
    Hibernate: delete from ft_participants where seq=?
    Hibernate: delete from ft_participants where seq=?
    Hibernate: delete from ft_participants where seq=?
    Hibernate: delete from ft_participants where seq=?
    Hibernate: delete from ft_participants where seq=?
    Hibernate: delete from ft_participants where seq=?
    Hibernate: delete from ft_participants where seq=?
    Hibernate: delete from ft_participants where seq=?
    Hibernate: delete from ft_participants where seq=?
    Hibernate: delete from ft_participants where seq=?
    Hibernate: delete from ft_participants where seq=?
    Hibernate: delete from ft_participants where seq=?
    Hibernate: delete from ft_participants where seq=?
    Hibernate: delete from ft_participants where seq=?
    Hibernate: delete from ft_participants where seq=?
    Hibernate: delete from ft_participants where seq=?
    Hibernate: delete from ft_participants where seq=?
    Hibernate: delete from ft_participants where seq=?
    Hibernate: delete from ft_participants where seq=?
    Hibernate: delete from ft_participants where seq=?
    Hibernate: delete from ft_participants where seq=?
    Hibernate: delete from ft_participants where seq=?
    Hibernate: delete from ft_participants where seq=?
    Hibernate: delete from ft_participants where seq=?
    Hibernate: delete from ft_participants where seq=?
    Hibernate: delete from ft_participants where seq=?
    Hibernate: delete from ft_participants where seq=?
    Hibernate: delete from ft_participants where seq=?
    Hibernate: delete from ft_participants where seq=?
    Hibernate: delete from ft_participants where seq=?
    Hibernate: delete from ft_participants where seq=?
    Hibernate: delete from ft_participants where seq=?
    Hibernate: delete from ft_participants where seq=?
    Hibernate: delete from ft_participants where seq=?
    Hibernate: delete from ft_participants where seq=?
    Hibernate: delete from ft_participants where seq=?
    Hibernate: delete from ft_participants where seq=?
    Hibernate: delete from ft_participants where seq=?
    Hibernate: delete from ft_participants where seq=?
    Hibernate: delete from ft_participants where seq=?
    Hibernate: delete from ft_participants where seq=?
    Hibernate: delete from ft_participants where seq=?
    Hibernate: delete from ft_participants where seq=?
    Hibernate: delete from ft_participants where seq=?
    Hibernate: delete from ft_participants where seq=?
    Hibernate: delete from ft_participants where seq=?
    Hibernate: delete from ft_participants where seq=?
    Hibernate: delete from ft_participants where seq=?
    Hibernate: delete from ft_participants where seq=?
    Hibernate: delete from ft_participants where seq=?
    Hibernate: delete from ft_participants where seq=?
    Hibernate: delete from ft_participants where seq=?
    Hibernate: delete from ft_participants where seq=?
    Hibernate: delete from ft_participants where seq=?
    Hibernate: delete from ft_participants where seq=?
    Hibernate: delete from ft_participants where seq=?
    Hibernate: delete from ft_participants where seq=?
    Hibernate: delete from ft_participants where seq=?
    Hibernate: delete from ft_participants where seq=?
    Hibernate: delete from ft_participants where seq=?
    Hibernate: delete from ft_participants where seq=?
    Hibernate: delete from ft_participants where seq=?
    Hibernate: delete from ft_participants where seq=?
    Hibernate: delete from ft_participants where seq=?
    Hibernate: delete from ft_participants where seq=?
    Hibernate: delete from ft_participants where seq=?
    Hibernate: delete from ft_participants where seq=?
    Hibernate: delete from ft_participants where seq=?
    Hibernate: delete from ft_participants where seq=?
    Hibernate: delete from ft_participants where seq=?
    Hibernate: delete from ft_participants where seq=?
    Hibernate: delete from ft_participants where seq=?
    Hibernate: delete from ft_participants where seq=?
    Hibernate: delete from ft_participants where seq=?
    Hibernate: delete from ft_participants where seq=?
    Hibernate: delete from ft_participants where seq=?
    Hibernate: delete from ft_participants where seq=?
    Hibernate: delete from ft_participants where seq=?
    Hibernate: delete from ft_participants where seq=?
    Hibernate: delete from ft_participants where seq=?
    Hibernate: delete from ft_participants where seq=?
    Hibernate: delete from ft_participants where seq=?
    Hibernate: delete from ft_participants where seq=?
    Hibernate: delete from ft_participants where seq=?
    Hibernate: delete from ft_participants where seq=?
    Hibernate: delete from ft_participants where seq=?
    Hibernate: delete from ft_participants where seq=?
    Hibernate: delete from ft_participants where seq=?
    Hibernate: delete from ft_participants where seq=?
    Hibernate: delete from ft_participants where seq=?
    Hibernate: delete from ft_participants where seq=?
    Hibernate: delete from ft_participants where seq=?
    Hibernate: delete from ft_participants where seq=?
    Hibernate: delete from ft_participants where seq=?
    Hibernate: delete from ft_participants where seq=?
    Hibernate: delete from ft_participants where seq=?
    Hibernate: delete from ft_participants where seq=?
    Hibernate: delete from ft_participants where seq=?
    Hibernate: delete from ft_participants where seq=?
    Hibernate: delete from ft_participants where seq=?
    Hibernate: delete from ft_participants where seq=?
    Hibernate: delete from ft_participants where seq=?
    Hibernate: delete from ft_participants where seq=?
    Hibernate: delete from ft_participants where seq=?
    Hibernate: delete from ft_participants where seq=?
    Hibernate: delete from ft_participants where seq=?
    Hibernate: delete from ft_participants where seq=?
    Hibernate: delete from ft_participants where seq=?
    Hibernate: delete from ft_participants where seq=?
    Hibernate: delete from ft_participants where seq=?
    Hibernate: delete from ft_participants where seq=?
    Hibernate: delete from ft_participants where seq=?
    Hibernate: delete from ft_participants where seq=?
    Hibernate: delete from ft_participants where seq=?
    Hibernate: delete from ft_participants where seq=?
    Hibernate: delete from ft_participants where seq=?
    Hibernate: delete from ft_participants where seq=?
    Hibernate: delete from ft_participants where seq=?
    Hibernate: delete from ft_participants where seq=?
    Hibernate: delete from ft_participants where seq=?
    Hibernate: delete from ft_participants where seq=?
    Hibernate: delete from ft_participants where seq=?
    Hibernate: delete from ft_participants where seq=?
    Hibernate: delete from ft_participants where seq=?
    Hibernate: delete from ft_participants where seq=?
    Hibernate: delete from ft_participants where seq=?
    Hibernate: delete from ft_participants where seq=?
    Hibernate: delete from ft_participants where seq=?
    Hibernate: delete from ft_participants where seq=?
    Hibernate: delete from ft_participants where seq=?
    Hibernate: delete from ft_participants where seq=?
    Hibernate: delete from ft_participants where seq=?
    Hibernate: delete from ft_participants where seq=?
    Hibernate: delete from ft_participants where seq=?
    Hibernate: delete from ft_participants where seq=?
    Hibernate: delete from ft_participants where seq=?
    Hibernate: delete from ft_participants where seq=?
    Hibernate: delete from ft_participants where seq=?
    Hibernate: delete from ft_participants where seq=?
    Hibernate: delete from ft_participants where seq=?
    Hibernate: delete from ft_participants where seq=?
    Hibernate: delete from ft_participants where seq=?
    Hibernate: delete from ft_participants where seq=?
    Hibernate: delete from ft_participants where seq=?
    Hibernate: delete from ft_participants where seq=?
    Hibernate: delete from ft_participants where seq=?
    Hibernate: delete from ft_participants where seq=?
    Hibernate: delete from ft_participants where seq=?
    Hibernate: delete from ft_participants where seq=?
    Hibernate: delete from ft_participants where seq=?
    Hibernate: delete from ft_participants where seq=?
    Hibernate: delete from ft_participants where seq=?
    Hibernate: delete from ft_participants where seq=?
    Hibernate: delete from ft_participants where seq=?
    Hibernate: delete from ft_participants where seq=?
    Hibernate: delete from ft_participants where seq=?
    Hibernate: delete from ft_participants where seq=?
    Hibernate: delete from ft_participants where seq=?
    Hibernate: delete from ft_participants where seq=?
    Hibernate: delete from ft_participants where seq=?
    Hibernate: delete from ft_participants where seq=?
    Hibernate: delete from ft_participants where seq=?
    Hibernate: delete from ft_participants where seq=?
    Hibernate: delete from ft_participants where seq=?
    Hibernate: delete from ft_participants where seq=?
    Hibernate: delete from ft_participants where seq=?
    Hibernate: delete from ft_participants where seq=?
    Hibernate: delete from ft_participants where seq=?
    Hibernate: delete from ft_participants where seq=?
    Hibernate: delete from ft_participants where seq=?
    Hibernate: delete from ft_participants where seq=?
    Hibernate: delete from ft_participants where seq=?
    Hibernate: delete from ft_participants where seq=?
    Hibernate: delete from ft_participants where seq=?
    Hibernate: delete from ft_participants where seq=?
    Hibernate: delete from ft_participants where seq=?
    Hibernate: delete from ft_participants where seq=?
    Hibernate: delete from ft_participants where seq=?
    Hibernate: delete from ft_participants where seq=?
    Hibernate: delete from ft_participants where seq=?
    Hibernate: delete from ft_participants where seq=?
    Hibernate: delete from ft_participants where seq=?
    Hibernate: delete from ft_participants where seq=?
    Hibernate: delete from ft_participants where seq=?
    Hibernate: delete from ft_participants where seq=?
    Hibernate: delete from ft_participants where seq=?
    Hibernate: delete from ft_participants where seq=?
    Hibernate: delete from ft_participants where seq=?
    Hibernate: delete from ft_participants where seq=?
    Hibernate: delete from ft_participants where seq=?
    Hibernate: delete from ft_participants where seq=?
    Hibernate: delete from ft_participants where seq=?
    Hibernate: delete from ft_participants where seq=?
    Hibernate: delete from ft_participants where seq=?
    Hibernate: delete from ft_participants where seq=?
    Hibernate: delete from ft_participants where seq=?
    Hibernate: delete from ft_participants where seq=?
    Hibernate: delete from ft_participants where seq=?
    Hibernate: delete from ft_participants where seq=?
    Hibernate: delete from ft_participants where seq=?
    Hibernate: delete from ft_participants where seq=?
    Hibernate: delete from ft_participants where seq=?
    Hibernate: delete from ft_participants where seq=?
    Hibernate: delete from ft_participants where seq=?
    Hibernate: delete from ft_participants where seq=?
    Hibernate: delete from ft_participants where seq=?
    Hibernate: delete from ft_participants where seq=?
    Hibernate: delete from ft_participants where seq=?
    Hibernate: delete from ft_participants where seq=?
    Hibernate: delete from ft_participants where seq=?
    Hibernate: delete from ft_participants where seq=?
    Hibernate: delete from ft_participants where seq=?
    Hibernate: delete from ft_participants where seq=?
    Hibernate: delete from ft_participants where seq=?
    Hibernate: delete from ft_participants where seq=?
    Hibernate: delete from ft_participants where seq=?
    Hibernate: delete from ft_participants where seq=?
    Hibernate: delete from ft_participants where seq=?
    Hibernate: delete from ft_participants where seq=?
    Hibernate: delete from ft_participants where seq=?
    Hibernate: delete from ft_participants where seq=?
    Hibernate: delete from ft_participants where seq=?
    Hibernate: delete from ft_participants where seq=?
    Hibernate: delete from ft_participants where seq=?
    Hibernate: delete from ft_participants where seq=?
    Hibernate: delete from ft_participants where seq=?
    Hibernate: delete from ft_participants where seq=?
    Hibernate: delete from ft_participants where seq=?
    Hibernate: delete from ft_participants where seq=?
    Hibernate: delete from ft_participants where seq=?
    Hibernate: delete from ft_participants where seq=?
    Hibernate: delete from ft_participants where seq=?
    Hibernate: delete from ft_participants where seq=?
    Hibernate: delete from ft_participants where seq=?
    Hibernate: delete from ft_participants where seq=?
    Hibernate: delete from ft_participants where seq=?
    Hibernate: delete from ft_participants where seq=?
    Hibernate: delete from ft_participants where seq=?
    Hibernate: delete from ft_participants where seq=?
    Hibernate: delete from ft_participants where seq=?
    Hibernate: delete from ft_participants where seq=?
    Hibernate: delete from ft_participants where seq=?
    Hibernate: delete from ft_participants where seq=?
    Hibernate: delete from ft_participants where seq=?
    Hibernate: delete from ft_participants where seq=?
    Hibernate: delete from ft_participants where seq=?
    Hibernate: delete from ft_participants where seq=?
    Hibernate: delete from ft_participants where seq=?
    Hibernate: delete from ft_participants where seq=?
    Hibernate: delete from ft_participants where seq=?
    Hibernate: delete from ft_participants where seq=?
    Hibernate: delete from ft_participants where seq=?
    Hibernate: delete from ft_participants where seq=?
    Hibernate: delete from ft_participants where seq=?
    Hibernate: delete from ft_participants where seq=?
    Hibernate: delete from ft_participants where seq=?
    Hibernate: delete from ft_participants where seq=?
    Hibernate: delete from ft_participants where seq=?
    Hibernate: delete from ft_participants where seq=?
    Hibernate: delete from ft_participants where seq=?
    Hibernate: delete from ft_participants where seq=?
    Hibernate: delete from ft_participants where seq=?
    Hibernate: delete from ft_participants where seq=?
    Hibernate: delete from ft_participants where seq=?
    Hibernate: delete from ft_participants where seq=?
    Hibernate: delete from ft_participants where seq=?
    Hibernate: delete from ft_participants where seq=?
    Hibernate: delete from ft_participants where seq=?
    Hibernate: delete from ft_participants where seq=?
    Hibernate: delete from ft_participants where seq=?
    Hibernate: delete from ft_participants where seq=?
    Hibernate: delete from ft_participants where seq=?
    Hibernate: delete from ft_participants where seq=?
    Hibernate: delete from ft_participants where seq=?
    Hibernate: delete from ft_participants where seq=?
    Hibernate: delete from ft_participants where seq=?
    Hibernate: delete from ft_participants where seq=?
    Hibernate: delete from ft_participants where seq=?
    Hibernate: delete from ft_participants where seq=?
    Hibernate: delete from ft_participants where seq=?
    Hibernate: delete from ft_participants where seq=?
    Hibernate: delete from ft_participants where seq=?
    Hibernate: delete from ft_participants where seq=?
    Hibernate: delete from ft_participants where seq=?
    Hibernate: delete from ft_participants where seq=?
    Hibernate: delete from ft_participants where seq=?
    Hibernate: delete from ft_participants where seq=?
    Hibernate: delete from ft_participants where seq=?
    Hibernate: delete from ft_participants where seq=?
    Hibernate: delete from ft_participants where seq=?
    Hibernate: delete from ft_participants where seq=?
    Hibernate: delete from ft_participants where seq=?
    Hibernate: delete from ft_participants where seq=?
    Hibernate: delete from ft_participants where seq=?
    Hibernate: delete from ft_participants where seq=?
    Hibernate: delete from ft_participants where seq=?
    Hibernate: delete from ft_participants where seq=?
    Hibernate: delete from ft_participants where seq=?
    Hibernate: delete from ft_participants where seq=?
    Hibernate: delete from ft_participants where seq=?
    Hibernate: delete from ft_participants where seq=?
    Hibernate: delete from ft_participants where seq=?
    Hibernate: delete from ft_participants where seq=?
    Hibernate: delete from ft_participants where seq=?
    Hibernate: delete from ft_participants where seq=?
    Hibernate: delete from ft_participants where seq=?
    Hibernate: delete from ft_participants where seq=?
    Hibernate: delete from ft_participants where seq=?
    Hibernate: delete from ft_participants where seq=?
    Hibernate: delete from ft_participants where seq=?
    Hibernate: delete from ft_participants where seq=?
    Hibernate: delete from ft_participants where seq=?
    Hibernate: delete from ft_participants where seq=?
    Hibernate: delete from ft_participants where seq=?
    Hibernate: delete from ft_participants where seq=?
    Hibernate: delete from ft_participants where seq=?
    Hibernate: delete from ft_participants where seq=?
    Hibernate: delete from ft_participants where seq=?
    Hibernate: delete from ft_participants where seq=?
    Hibernate: delete from ft_participants where seq=?
    Hibernate: delete from ft_participants where seq=?
    Hibernate: delete from ft_participants where seq=?
    Hibernate: delete from ft_participants where seq=?
    Hibernate: delete from ft_participants where seq=?
    Hibernate: delete from ft_participants where seq=?
    Hibernate: delete from ft_participants where seq=?
    Hibernate: delete from ft_participants where seq=?
    Hibernate: delete from ft_participants where seq=?
    Hibernate: delete from ft_participants where seq=?
    Hibernate: delete from ft_participants where seq=?
    Hibernate: delete from ft_participants where seq=?
    Hibernate: delete from ft_participants where seq=?
    Hibernate: delete from ft_participants where seq=?
    Hibernate: delete from ft_participants where seq=?
    Hibernate: delete from ft_participants where seq=?
    Hibernate: delete from ft_participants where seq=?
    Hibernate: delete from ft_participants where seq=?
    Hibernate: delete from ft_participants where seq=?
    Hibernate: delete from ft_participants where seq=?
    Hibernate: delete from ft_participants where seq=?
    Hibernate: delete from ft_participants where seq=?
    Hibernate: delete from ft_participants where seq=?
    Hibernate: delete from ft_participants where seq=?
    Hibernate: delete from ft_participants where seq=?
    Hibernate: delete from ft_participants where seq=?
    Hibernate: delete from ft_participants where seq=?
    Hibernate: delete from ft_participants where seq=?
    Hibernate: delete from ft_participants where seq=?
    Hibernate: delete from ft_participants where seq=?
    Hibernate: delete from ft_participants where seq=?
    Hibernate: delete from ft_participants where seq=?
    Hibernate: delete from ft_participants where seq=?
    Hibernate: delete from ft_participants where seq=?
    Hibernate: delete from ft_participants where seq=?
    Hibernate: delete from ft_participants where seq=?
    Hibernate: delete from ft_participants where seq=?
    Hibernate: delete from ft_participants where seq=?
    Hibernate: delete from ft_participants where seq=?
    Hibernate: delete from ft_participants where seq=?
    Hibernate: delete from ft_participants where seq=?
    Hibernate: delete from ft_participants where seq=?
    Hibernate: delete from ft_participants where seq=?
    Hibernate: delete from ft_participants where seq=?
    Hibernate: delete from ft_participants where seq=?
    Hibernate: delete from ft_participants where seq=?
    Hibernate: delete from ft_participants where seq=?
    Hibernate: delete from ft_participants where seq=?
    Hibernate: delete from ft_participants where seq=?
    Hibernate: delete from ft_participants where seq=?
    Hibernate: delete from ft_participants where seq=?
    Hibernate: delete from ft_participants where seq=?
    Hibernate: delete from ft_participants where seq=?
    Hibernate: delete from ft_participants where seq=?
    Hibernate: delete from ft_participants where seq=?
    Hibernate: delete from ft_participants where seq=?
    Hibernate: delete from ft_participants where seq=?
    Hibernate: delete from ft_participants where seq=?
    Hibernate: delete from ft_participants where seq=?
    Hibernate: delete from ft_participants where seq=?
    Hibernate: delete from ft_participants where seq=?
    Hibernate: delete from ft_participants where seq=?
    Hibernate: delete from ft_participants where seq=?
    Hibernate: delete from ft_participants where seq=?
    Hibernate: delete from ft_participants where seq=?
    Hibernate: delete from ft_participants where seq=?
    Hibernate: delete from ft_participants where seq=?
    Hibernate: delete from ft_participants where seq=?
    Hibernate: delete from ft_participants where seq=?
    Hibernate: delete from ft_participants where seq=?
    Hibernate: delete from ft_participants where seq=?
    Hibernate: delete from ft_participants where seq=?
    Hibernate: delete from ft_participants where seq=?
    Hibernate: delete from ft_participants where seq=?
    Hibernate: delete from ft_participants where seq=?
    Hibernate: delete from ft_participants where seq=?
    Hibernate: delete from ft_participants where seq=?
    Hibernate: delete from ft_participants where seq=?
    Hibernate: delete from ft_participants where seq=?
    Hibernate: delete from ft_participants where seq=?
    Hibernate: delete from ft_participants where seq=?
    Hibernate: delete from ft_participants where seq=?
    Hibernate: delete from ft_participants where seq=?
    Hibernate: delete from ft_participants where seq=?
    Hibernate: delete from ft_participants where seq=?
    Hibernate: delete from ft_participants where seq=?
    Hibernate: delete from ft_participants where seq=?
    Hibernate: delete from ft_participants where seq=?
    Hibernate: delete from ft_participants where seq=?
    Hibernate: delete from ft_participants where seq=?
    Hibernate: delete from ft_participants where seq=?
    Hibernate: delete from ft_participants where seq=?
    Hibernate: delete from ft_participants where seq=?
    Hibernate: delete from ft_participants where seq=?
    Hibernate: delete from ft_participants where seq=?
    Hibernate: delete from ft_participants where seq=?
    Hibernate: delete from ft_participants where seq=?
    Hibernate: delete from ft_participants where seq=?
    Hibernate: delete from ft_participants where seq=?
    Hibernate: delete from ft_participants where seq=?
    Hibernate: delete from ft_participants where seq=?
    Hibernate: delete from ft_participants where seq=?
    Hibernate: delete from ft_participants where seq=?
    Hibernate: delete from ft_participants where seq=?
    Hibernate: delete from ft_participants where seq=?
    Hibernate: delete from ft_participants where seq=?
    Hibernate: delete from ft_participants where seq=?
    Hibernate: delete from ft_participants where seq=?
    Hibernate: delete from ft_participants where seq=?
    Hibernate: delete from ft_participants where seq=?
    Hibernate: delete from ft_participants where seq=?
    Hibernate: delete from ft_participants where seq=?
    Hibernate: delete from ft_participants where seq=?
    Hibernate: delete from ft_participants where seq=?
    Hibernate: delete from ft_participants where seq=?
    Hibernate: delete from ft_participants where seq=?
    Hibernate: delete from ft_participants where seq=?
    Hibernate: delete from ft_participants where seq=?
    Hibernate: delete from ft_participants where seq=?
    Hibernate: delete from ft_participants where seq=?
    Hibernate: delete from ft_participants where seq=?
    Hibernate: delete from ft_participants where seq=?
    Hibernate: delete from ft_participants where seq=?
    Hibernate: delete from ft_participants where seq=?
    Hibernate: delete from ft_participants where seq=?
    Hibernate: delete from ft_participants where seq=?
    Hibernate: delete from ft_participants where seq=?
    Hibernate: delete from ft_participants where seq=?
    Hibernate: delete from ft_participants where seq=?
    Hibernate: delete from ft_participants where seq=?
    Hibernate: delete from ft_participants where seq=?
    Hibernate: delete from ft_participants where seq=?
    Hibernate: delete from ft_participants where seq=?
    Hibernate: delete from ft_participants where seq=?
    Hibernate: delete from ft_participants where seq=?
    Hibernate: delete from ft_participants where seq=?
    Hibernate: delete from ft_participants where seq=?
    Hibernate: delete from ft_participants where seq=?
    Hibernate: delete from ft_participants where seq=?
    Hibernate: delete from ft_participants where seq=?
    Hibernate: delete from ft_participants where seq=?
    Hibernate: delete from ft_participants where seq=?
    Hibernate: delete from ft_participants where seq=?
    Hibernate: delete from ft_participants where seq=?
    Hibernate: delete from ft_participants where seq=?
    Hibernate: delete from ft_participants where seq=?
    Hibernate: delete from ft_participants where seq=?
    Hibernate: delete from ft_participants where seq=?
    Hibernate: delete from ft_participants where seq=?
    Hibernate: delete from ft_participants where seq=?
    Hibernate: delete from ft_participants where seq=?
    Hibernate: delete from ft_participants where seq=?
    Hibernate: delete from ft_participants where seq=?
    Hibernate: delete from ft_participants where seq=?
    Hibernate: delete from ft_participants where seq=?
    Hibernate: delete from ft_participants where seq=?
    Hibernate: delete from ft_participants where seq=?
    Hibernate: delete from ft_participants where seq=?
    Hibernate: delete from ft_participants where seq=?
    Hibernate: delete from ft_participants where seq=?
    Hibernate: delete from ft_participants where seq=?
    Hibernate: delete from ft_participants where seq=?
    Hibernate: delete from ft_participants where seq=?
    Hibernate: delete from ft_participants where seq=?
    Hibernate: delete from ft_participants where seq=?
    Hibernate: delete from ft_participants where seq=?
    Hibernate: delete from ft_participants where seq=?
    Hibernate: delete from ft_participants where seq=?
    Hibernate: delete from ft_participants where seq=?
    Hibernate: delete from ft_participants where seq=?
    Hibernate: delete from ft_participants where seq=?
    Hibernate: delete from ft_participants where seq=?
    Hibernate: delete from ft_participants where seq=?
    Hibernate: delete from ft_participants where seq=?
    Hibernate: delete from ft_participants where seq=?
    Hibernate: delete from ft_participants where seq=?
    Hibernate: delete from ft_participants where seq=?
    Hibernate: delete from ft_participants where seq=?
    Hibernate: delete from ft_participants where seq=?
    Hibernate: delete from ft_participants where seq=?
    Hibernate: delete from ft_participants where seq=?
    Hibernate: delete from ft_participants where seq=?
    Hibernate: delete from ft_participants where seq=?
    Hibernate: delete from ft_participants where seq=?
    Hibernate: delete from ft_participants where seq=?
    Hibernate: delete from ft_participants where seq=?
    Hibernate: delete from ft_participants where seq=?
    Hibernate: delete from ft_participants where seq=?
    Hibernate: delete from ft_participants where seq=?
    Hibernate: delete from ft_participants where seq=?
    Hibernate: delete from ft_participants where seq=?
    Hibernate: delete from ft_participants where seq=?
    Hibernate: delete from ft_participants where seq=?
    Hibernate: delete from ft_participants where seq=?
    Hibernate: delete from ft_participants where seq=?
    Hibernate: delete from ft_participants where seq=?
    Hibernate: delete from ft_participants where seq=?
    Hibernate: delete from ft_participants where seq=?
    Hibernate: delete from ft_participants where seq=?
    Hibernate: delete from ft_participants where seq=?
    Hibernate: delete from ft_participants where seq=?
    Hibernate: delete from ft_participants where seq=?
    Hibernate: delete from ft_participants where seq=?
    Hibernate: delete from ft_participants where seq=?
    Hibernate: delete from ft_participants where seq=?
    Hibernate: delete from ft_participants where seq=?
    Hibernate: delete from ft_participants where seq=?
    Hibernate: delete from ft_participants where seq=?
    Hibernate: delete from ft_participants where seq=?
    Hibernate: delete from ft_participants where seq=?
    Hibernate: delete from ft_participants where seq=?
    Hibernate: delete from ft_participants where seq=?
    Hibernate: delete from ft_participants where seq=?
    Hibernate: delete from ft_participants where seq=?
    Hibernate: delete from ft_participants where seq=?
    Hibernate: delete from ft_participants where seq=?
    Hibernate: delete from ft_participants where seq=?
    Hibernate: delete from ft_participants where seq=?
    Hibernate: delete from ft_participants where seq=?
    Hibernate: delete from ft_participants where seq=?
    Hibernate: delete from ft_participants where seq=?
    Hibernate: delete from ft_participants where seq=?
    Hibernate: delete from ft_participants where seq=?
    Hibernate: delete from ft_participants where seq=?
    Hibernate: delete from ft_participants where seq=?
    Hibernate: delete from ft_participants where seq=?
    Hibernate: delete from ft_participants where seq=?
    Hibernate: delete from ft_participants where seq=?
    Hibernate: delete from ft_participants where seq=?
    Hibernate: delete from ft_participants where seq=?
    Hibernate: delete from ft_participants where seq=?
    Hibernate: delete from ft_participants where seq=?
    Hibernate: delete from ft_participants where seq=?
    Hibernate: delete from ft_participants where seq=?
    Hibernate: delete from ft_participants where seq=?
    Hibernate: delete from ft_participants where seq=?
    Hibernate: delete from ft_participants where seq=?
    Hibernate: delete from ft_participants where seq=?
    Hibernate: delete from ft_participants where seq=?
    Hibernate: delete from ft_participants where seq=?
    Hibernate: delete from ft_participants where seq=?
    Hibernate: delete from ft_participants where seq=?
    Hibernate: delete from ft_participants where seq=?
    Hibernate: delete from ft_participants where seq=?
    Hibernate: delete from ft_participants where seq=?
    Hibernate: delete from ft_participants where seq=?
    Hibernate: delete from ft_participants where seq=?
    Hibernate: delete from ft_participants where seq=?
    Hibernate: delete from ft_participants where seq=?
    Hibernate: delete from ft_participants where seq=?
    Hibernate: delete from ft_participants where seq=?
    Hibernate: delete from ft_participants where seq=?
    Hibernate: delete from ft_participants where seq=?
    Hibernate: delete from ft_participants where seq=?
    Hibernate: delete from ft_participants where seq=?
    Hibernate: delete from ft_participants where seq=?
    Hibernate: delete from ft_participants where seq=?
    Hibernate: delete from ft_participants where seq=?
    Hibernate: delete from ft_participants where seq=?
    Hibernate: delete from ft_participants where seq=?
    Hibernate: delete from ft_participants where seq=?
    Hibernate: delete from ft_participants where seq=?
    Hibernate: delete from ft_participants where seq=?
    Hibernate: delete from ft_participants where seq=?
    Hibernate: delete from ft_participants where seq=?
    Hibernate: delete from ft_participants where seq=?
    Hibernate: delete from ft_participants where seq=?
    Hibernate: delete from ft_participants where seq=?
    Hibernate: delete from ft_participants where seq=?
    Hibernate: delete from ft_participants where seq=?
    Hibernate: delete from ft_participants where seq=?
    Hibernate: delete from ft_participants where seq=?
    Hibernate: delete from ft_participants where seq=?
    Hibernate: delete from ft_participants where seq=?
    Hibernate: delete from ft_participants where seq=?
    Hibernate: delete from ft_participants where seq=?
    Hibernate: delete from ft_participants where seq=?
    Hibernate: delete from ft_participants where seq=?
    Hibernate: delete from ft_participants where seq=?
    Hibernate: delete from ft_participants where seq=?
    Hibernate: delete from ft_participants where seq=?
    Hibernate: delete from ft_participants where seq=?
    Hibernate: delete from ft_participants where seq=?
    Hibernate: delete from ft_participants where seq=?
    Hibernate: delete from ft_participants where seq=?
    Hibernate: delete from ft_participants where seq=?
    Hibernate: delete from ft_participants where seq=?
    Hibernate: delete from ft_participants where seq=?
    Hibernate: delete from ft_participants where seq=?
    Hibernate: delete from ft_participants where seq=?
    Hibernate: delete from ft_participants where seq=?
    Hibernate: delete from ft_participants where seq=?
    Hibernate: delete from ft_participants where seq=?
    Hibernate: delete from ft_participants where seq=?
    Hibernate: delete from ft_participants where seq=?
    Hibernate: delete from ft_participants where seq=?
    Hibernate: delete from ft_participants where seq=?
    Hibernate: delete from ft_participants where seq=?
    Hibernate: delete from ft_participants where seq=?
    Hibernate: delete from ft_participants where seq=?
    Hibernate: delete from ft_participants where seq=?
    Hibernate: delete from ft_participants where seq=?
    Hibernate: delete from ft_participants where seq=?
    Hibernate: delete from ft_participants where seq=?
    Hibernate: delete from ft_participants where seq=?
    Hibernate: delete from ft_participants where seq=?
    Hibernate: delete from ft_participants where seq=?
    Hibernate: delete from ft_participants where seq=?
    Hibernate: delete from ft_participants where seq=?
    Hibernate: delete from ft_participants where seq=?
    Hibernate: delete from ft_participants where seq=?
    Hibernate: delete from ft_participants where seq=?
    Hibernate: delete from ft_participants where seq=?
    Hibernate: delete from ft_participants where seq=?
    Hibernate: delete from ft_participants where seq=?
    Hibernate: delete from ft_participants where seq=?
    Hibernate: delete from ft_participants where seq=?
    Hibernate: delete from ft_participants where seq=?
    Hibernate: delete from ft_participants where seq=?
    Hibernate: delete from ft_participants where seq=?
    Hibernate: delete from ft_participants where seq=?
    Hibernate: delete from ft_participants where seq=?
    Hibernate: delete from ft_participants where seq=?
    Hibernate: delete from ft_participants where seq=?
    Hibernate: delete from ft_participants where seq=?
    Hibernate: delete from ft_participants where seq=?
    Hibernate: delete from ft_participants where seq=?
    Hibernate: delete from ft_participants where seq=?
    Hibernate: delete from ft_participants where seq=?
    Hibernate: delete from ft_participants where seq=?
    Hibernate: delete from ft_participants where seq=?
    Hibernate: delete from ft_participants where seq=?
    Hibernate: delete from ft_participants where seq=?
    Hibernate: delete from ft_participants where seq=?
    Hibernate: delete from ft_participants where seq=?
    Hibernate: delete from ft_participants where seq=?
    Hibernate: delete from ft_participants where seq=?
    Hibernate: delete from ft_participants where seq=?
    Hibernate: delete from ft_participants where seq=?
    Hibernate: delete from ft_participants where seq=?
    Hibernate: delete from ft_participants where seq=?
    Hibernate: delete from ft_participants where seq=?
    Hibernate: delete from ft_participants where seq=?
    Hibernate: delete from ft_participants where seq=?
    Hibernate: delete from ft_participants where seq=?
    Hibernate: delete from ft_participants where seq=?
    Hibernate: delete from ft_participants where seq=?
    Hibernate: delete from ft_participants where seq=?
    Hibernate: delete from ft_participants where seq=?
    Hibernate: delete from ft_participants where seq=?
    Hibernate: delete from ft_participants where seq=?
    Hibernate: delete from ft_participants where seq=?
    Hibernate: delete from ft_participants where seq=?
    Hibernate: delete from ft_participants where seq=?
    Hibernate: delete from ft_participants where seq=?
    Hibernate: delete from ft_participants where seq=?
    Hibernate: delete from ft_participants where seq=?
    Hibernate: delete from ft_participants where seq=?
    Hibernate: delete from ft_participants where seq=?
    Hibernate: delete from ft_participants where seq=?
    Hibernate: delete from ft_participants where seq=?
    Hibernate: delete from ft_participants where seq=?
    Hibernate: delete from ft_participants where seq=?
    Hibernate: delete from ft_participants where seq=?
    Hibernate: delete from ft_participants where seq=?
    Hibernate: delete from ft_participants where seq=?
    Hibernate: delete from ft_participants where seq=?
    Hibernate: delete from ft_participants where seq=?
    Hibernate: delete from ft_participants where seq=?
    Hibernate: delete from ft_participants where seq=?
    Hibernate: delete from ft_participants where seq=?
    Hibernate: delete from ft_participants where seq=?
    Hibernate: delete from ft_participants where seq=?
    Hibernate: delete from ft_participants where seq=?
    Hibernate: delete from ft_participants where seq=?
    Hibernate: delete from ft_participants where seq=?
    Hibernate: delete from ft_participants where seq=?
    Hibernate: delete from ft_participants where seq=?
    Hibernate: delete from ft_participants where seq=?
    Hibernate: delete from ft_participants where seq=?
    Hibernate: delete from ft_participants where seq=?
    Hibernate: delete from ft_participants where seq=?
    Hibernate: delete from ft_participants where seq=?
    Hibernate: delete from ft_participants where seq=?
    Hibernate: delete from ft_participants where seq=?
    Hibernate: delete from ft_participants where seq=?
    Hibernate: delete from ft_participants where seq=?
    Hibernate: delete from ft_participants where seq=?
    Hibernate: delete from ft_participants where seq=?
    Hibernate: delete from ft_participants where seq=?
    Hibernate: delete from ft_participants where seq=?
    Hibernate: delete from ft_participants where seq=?
    Hibernate: delete from ft_participants where seq=?
    Hibernate: delete from ft_participants where seq=?
    Hibernate: delete from ft_participants where seq=?
    Hibernate: delete from ft_participants where seq=?
    Hibernate: delete from ft_participants where seq=?
    Hibernate: delete from ft_participants where seq=?
    Hibernate: delete from ft_participants where seq=?
    Hibernate: delete from ft_participants where seq=?
    Hibernate: delete from ft_participants where seq=?
    Hibernate: delete from ft_participants where seq=?
    Hibernate: delete from ft_participants where seq=?
    Hibernate: delete from ft_participants where seq=?
    Hibernate: delete from ft_participants where seq=?
    Hibernate: delete from ft_participants where seq=?
    Hibernate: delete from ft_participants where seq=?
    Hibernate: delete from ft_participants where seq=?
    Hibernate: delete from ft_participants where seq=?
    Hibernate: delete from ft_participants where seq=?
    Hibernate: delete from ft_participants where seq=?
    Hibernate: delete from ft_participants where seq=?
    Hibernate: delete from ft_participants where seq=?
    Hibernate: delete from ft_participants where seq=?
    Hibernate: delete from ft_participants where seq=?
    Hibernate: delete from ft_participants where seq=?
    Hibernate: delete from ft_participants where seq=?
    Hibernate: delete from ft_participants where seq=?
    Hibernate: delete from ft_participants where seq=?
    Hibernate: delete from ft_participants where seq=?
    Hibernate: delete from ft_participants where seq=?
    Hibernate: delete from ft_participants where seq=?
    Hibernate: delete from ft_participants where seq=?
    Hibernate: delete from ft_participants where seq=?
    Hibernate: delete from ft_participants where seq=?
    Hibernate: delete from ft_participants where seq=?
    Hibernate: delete from ft_participants where seq=?
    Hibernate: delete from ft_participants where seq=?
    Hibernate: delete from ft_participants where seq=?
    Hibernate: delete from ft_participants where seq=?
    Hibernate: delete from ft_participants where seq=?
    Hibernate: delete from ft_participants where seq=?
    Hibernate: delete from ft_participants where seq=?
    Hibernate: delete from ft_participants where seq=?
    Hibernate: delete from ft_participants where seq=?
    Hibernate: delete from ft_participants where seq=?
    Hibernate: delete from ft_participants where seq=?
    Hibernate: delete from ft_participants where seq=?
    Hibernate: delete from ft_participants where seq=?
    Hibernate: delete from ft_participants where seq=?
    Hibernate: delete from ft_participants where seq=?
    Hibernate: delete from ft_participants where seq=?
    Hibernate: delete from ft_participants where seq=?
    Hibernate: delete from ft_participants where seq=?
    Hibernate: delete from ft_participants where seq=?
    Hibernate: delete from ft_participants where seq=?
    Hibernate: delete from ft_participants where seq=?
    Hibernate: delete from ft_participants where seq=?
    Hibernate: delete from ft_participants where seq=?
    Hibernate: delete from ft_participants where seq=?
    Hibernate: delete from ft_participants where seq=?
    Hibernate: delete from ft_participants where seq=?
    Hibernate: delete from ft_participants where seq=?
    Hibernate: delete from ft_participants where seq=?
    Hibernate: delete from ft_participants where seq=?
    Hibernate: delete from ft_participants where seq=?
    Hibernate: delete from ft_participants where seq=?
    Hibernate: delete from ft_participants where seq=?
    Hibernate: delete from ft_participants where seq=?
    Hibernate: delete from ft_participants where seq=?
    Hibernate: delete from ft_participants where seq=?
    Hibernate: delete from ft_participants where seq=?
    Hibernate: delete from ft_participants where seq=?
    Hibernate: delete from ft_participants where seq=?
    Hibernate: delete from ft_participants where seq=?
    Hibernate: delete from ft_participants where seq=?
    Hibernate: delete from ft_participants where seq=?
    Hibernate: delete from ft_participants where seq=?
    Hibernate: delete from ft_participants where seq=?
    Hibernate: delete from ft_participants where seq=?
    Hibernate: delete from ft_participants where seq=?
    Hibernate: delete from ft_participants where seq=?
    Hibernate: delete from ft_participants where seq=?
    Hibernate: delete from ft_participants where seq=?
    Hibernate: delete from ft_participants where seq=?
    Hibernate: delete from ft_participants where seq=?
    Hibernate: delete from ft_participants where seq=?
    Hibernate: delete from ft_participants where seq=?
    Hibernate: delete from ft_participants where seq=?
    Hibernate: delete from ft_participants where seq=?
    Hibernate: delete from ft_participants where seq=?
    Hibernate: delete from ft_participants where seq=?
    Hibernate: delete from ft_participants where seq=?
    Hibernate: delete from ft_participants where seq=?
    Hibernate: delete from ft_participants where seq=?
    Hibernate: delete from ft_participants where seq=?
    Hibernate: delete from ft_participants where seq=?
    Hibernate: delete from ft_participants where seq=?
    Hibernate: delete from ft_participants where seq=?
    Hibernate: delete from ft_participants where seq=?
    Hibernate: delete from ft_participants where seq=?
    Hibernate: delete from ft_participants where seq=?
    Hibernate: delete from ft_participants where seq=?
    Hibernate: delete from ft_participants where seq=?
    Hibernate: delete from ft_participants where seq=?
    Hibernate: delete from ft_participants where seq=?
    Hibernate: delete from ft_participants where seq=?
    Hibernate: delete from ft_participants where seq=?
    Hibernate: delete from ft_participants where seq=?
    Hibernate: delete from ft_participants where seq=?
    Hibernate: delete from ft_participants where seq=?
    Hibernate: delete from ft_participants where seq=?
    Hibernate: delete from ft_participants where seq=?
    Hibernate: delete from ft_participants where seq=?
    Hibernate: delete from ft_participants where seq=?
    Hibernate: delete from ft_participants where seq=?
    Hibernate: delete from ft_participants where seq=?
    Hibernate: delete from ft_participants where seq=?
    Hibernate: delete from ft_participants where seq=?
    Hibernate: delete from ft_participants where seq=?
    Hibernate: delete from ft_participants where seq=?
    Hibernate: delete from ft_participants where seq=?
    Hibernate: delete from ft_participants where seq=?
    Hibernate: delete from ft_participants where seq=?
    Hibernate: delete from ft_participants where seq=?
    Hibernate: delete from ft_participants where seq=?
    Hibernate: delete from ft_participants where seq=?
    Hibernate: delete from ft_participants where seq=?
    Hibernate: delete from ft_participants where seq=?
    Hibernate: delete from ft_participants where seq=?
    Hibernate: delete from ft_participants where seq=?
    Hibernate: delete from ft_participants where seq=?
    Hibernate: delete from ft_participants where seq=?
    Hibernate: delete from ft_participants where seq=?
    Hibernate: delete from ft_participants where seq=?
    Hibernate: delete from ft_participants where seq=?
    Hibernate: delete from ft_participants where seq=?
    Hibernate: delete from ft_participants where seq=?
    Hibernate: delete from ft_participants where seq=?
    Hibernate: delete from ft_participants where seq=?
    Hibernate: delete from ft_participants where seq=?
    Hibernate: delete from ft_participants where seq=?
    Hibernate: delete from ft_participants where seq=?
    Hibernate: delete from ft_participants where seq=?
    Hibernate: delete from ft_participants where seq=?
    Hibernate: delete from ft_participants where seq=?
    Hibernate: delete from ft_participants where seq=?
    Hibernate: delete from ft_participants where seq=?
    Hibernate: delete from ft_participants where seq=?
    Hibernate: delete from ft_participants where seq=?
    Hibernate: delete from ft_participants where seq=?
    Hibernate: delete from ft_participants where seq=?
    Hibernate: delete from ft_participants where seq=?
    Hibernate: delete from ft_participants where seq=?
    Hibernate: delete from ft_participants where seq=?
    Hibernate: delete from ft_participants where seq=?
    Hibernate: delete from ft_participants where seq=?
    Hibernate: delete from ft_participants where seq=?
    Hibernate: delete from ft_participants where seq=?
    Hibernate: delete from ft_participants where seq=?
    Hibernate: delete from ft_participants where seq=?
    Hibernate: delete from ft_participants where seq=?
    Hibernate: delete from ft_participants where seq=?
    Hibernate: delete from ft_participants where seq=?
    Hibernate: delete from ft_participants where seq=?
    Hibernate: delete from ft_participants where seq=?
    Hibernate: delete from ft_participants where seq=?
    Hibernate: delete from ft_participants where seq=?
    Hibernate: delete from ft_participants where seq=?
    Hibernate: delete from ft_participants where seq=?
    Hibernate: delete from ft_participants where seq=?
    Hibernate: delete from ft_participants where seq=?
    Hibernate: delete from ft_participants where seq=?
    Hibernate: delete from ft_participants where seq=?
    Hibernate: delete from ft_participants where seq=?
    Hibernate: delete from ft_participants where seq=?
    Hibernate: delete from ft_participants where seq=?
    Hibernate: delete from ft_participants where seq=?
    Hibernate: delete from ft_participants where seq=?
    Hibernate: delete from ft_participants where seq=?
    Hibernate: delete from ft_participants where seq=?
    Hibernate: delete from ft_participants where seq=?
    Hibernate: delete from ft_participants where seq=?
    Hibernate: delete from ft_participants where seq=?
    Hibernate: delete from ft_participants where seq=?
    Hibernate: delete from ft_participants where seq=?
    Hibernate: delete from ft_participants where seq=?
    Hibernate: delete from ft_participants where seq=?
    Hibernate: delete from ft_participants where seq=?
    Hibernate: delete from ft_participants where seq=?
    Hibernate: delete from ft_participants where seq=?
    Hibernate: delete from ft_participants where seq=?
    Hibernate: delete from ft_participants where seq=?
    Hibernate: delete from ft_participants where seq=?
    Hibernate: delete from ft_participants where seq=?
    Hibernate: delete from ft_participants where seq=?
    Hibernate: delete from ft_participants where seq=?
    Hibernate: delete from ft_participants where seq=?
    Hibernate: delete from ft_participants where seq=?
    Hibernate: delete from ft_participants where seq=?
    Hibernate: delete from ft_participants where seq=?
    Hibernate: delete from ft_participants where seq=?
    Hibernate: delete from ft_participants where seq=?
    Hibernate: delete from ft_participants where seq=?
    Hibernate: delete from ft_participants where seq=?
    Hibernate: delete from ft_participants where seq=?
    Hibernate: delete from ft_participants where seq=?
    Hibernate: delete from ft_participants where seq=?
    Hibernate: delete from ft_participants where seq=?
    Hibernate: delete from ft_participants where seq=?
    Hibernate: delete from ft_participants where seq=?
    Hibernate: delete from ft_participants where seq=?
    Hibernate: delete from ft_participants where seq=?
    Hibernate: delete from ft_participants where seq=?
    Hibernate: delete from ft_participants where seq=?
    Hibernate: delete from ft_participants where seq=?
    Hibernate: delete from ft_participants where seq=?
    Hibernate: delete from ft_participants where seq=?
    Hibernate: delete from ft_participants where seq=?
    Hibernate: delete from ft_participants where seq=?
    Hibernate: delete from ft_participants where seq=?
    Hibernate: delete from ft_participants where seq=?
    Hibernate: delete from ft_participants where seq=?
    Hibernate: delete from ft_participants where seq=?
    Hibernate: delete from ft_participants where seq=?
    Hibernate: delete from ft_participants where seq=?
    Hibernate: delete from ft_participants where seq=?
    Hibernate: delete from ft_participants where seq=?
    Hibernate: delete from ft_participants where seq=?
    Hibernate: delete from ft_participants where seq=?
    Hibernate: delete from ft_participants where seq=?
    Hibernate: delete from ft_participants where seq=?
    Hibernate: delete from ft_participants where seq=?
    Hibernate: delete from ft_participants where seq=?
    Hibernate: delete from ft_participants where seq=?
    Hibernate: delete from ft_participants where seq=?
    Hibernate: delete from ft_participants where seq=?
    Hibernate: delete from ft_participants where seq=?
    Hibernate: delete from ft_participants where seq=?
    Hibernate: delete from ft_participants where seq=?
    Hibernate: delete from ft_participants where seq=?
    Hibernate: delete from ft_participants where seq=?
    Hibernate: delete from ft_participants where seq=?
    Hibernate: delete from ft_participants where seq=?
    Hibernate: delete from ft_participants where seq=?
    Hibernate: delete from ft_participants where seq=?
    Hibernate: delete from ft_participants where seq=?
    Hibernate: delete from ft_participants where seq=?
    Hibernate: delete from ft_participants where seq=?
    Hibernate: delete from ft_participants where seq=?
    Hibernate: delete from ft_participants where seq=?
    Hibernate: delete from ft_participants where seq=?
    Hibernate: delete from ft_participants where seq=?
    Hibernate: delete from ft_participants where seq=?
    Hibernate: delete from ft_participants where seq=?
    Hibernate: delete from ft_participants where seq=?
    Hibernate: delete from ft_participants where seq=?
    Hibernate: delete from ft_participants where seq=?
    Hibernate: delete from ft_participants where seq=?
    Hibernate: delete from ft_participants where seq=?
    Hibernate: delete from ft_participants where seq=?
    Hibernate: delete from ft_participants where seq=?
    Hibernate: delete from ft_participants where seq=?
    Hibernate: delete from ft_participants where seq=?
    Hibernate: delete from ft_participants where seq=?
    Hibernate: delete from ft_participants where seq=?
    Hibernate: delete from ft_participants where seq=?
    Hibernate: delete from ft_participants where seq=?
    Hibernate: delete from ft_participants where seq=?
    Hibernate: delete from ft_participants where seq=?
    Hibernate: delete from ft_participants where seq=?
    Hibernate: delete from ft_participants where seq=?
    Hibernate: delete from ft_participants where seq=?
    Hibernate: delete from ft_participants where seq=?
    Hibernate: delete from ft_participants where seq=?
    Hibernate: delete from ft_participants where seq=?
    Hibernate: delete from ft_participants where seq=?
    Hibernate: delete from ft_participants where seq=?
    Hibernate: delete from ft_participants where seq=?
    Hibernate: delete from ft_participants where seq=?
    Hibernate: delete from ft_participants where seq=?
    Hibernate: delete from ft_participants where seq=?
    Hibernate: delete from ft_participants where seq=?
    Hibernate: delete from ft_participants where seq=?
    Hibernate: delete from ft_participants where seq=?
    Hibernate: delete from ft_participants where seq=?
    Hibernate: delete from ft_participants where seq=?
    Hibernate: delete from ft_participants where seq=?
    Hibernate: delete from ft_participants where seq=?
    Hibernate: delete from ft_participants where seq=?
    Hibernate: delete from ft_participants where seq=?
    Hibernate: delete from ft_participants where seq=?
    Hibernate: delete from ft_participants where seq=?
    Hibernate: delete from ft_participants where seq=?
    Hibernate: delete from ft_participants where seq=?
    Hibernate: delete from ft_participants where seq=?
    Hibernate: delete from ft_participants where seq=?
    Hibernate: delete from ft_participants where seq=?
    Hibernate: delete from ft_participants where seq=?
    Hibernate: delete from ft_participants where seq=?
    Hibernate: delete from ft_participants where seq=?
    Hibernate: delete from ft_participants where seq=?
    Hibernate: delete from ft_participants where seq=?
    Hibernate: delete from ft_participants where seq=?
    Hibernate: delete from ft_participants where seq=?
    Hibernate: delete from ft_participants where seq=?
    Hibernate: delete from ft_participants where seq=?
    Hibernate: delete from ft_participants where seq=?
    Hibernate: delete from ft_participants where seq=?
    Hibernate: delete from ft_participants where seq=?
    Hibernate: delete from ft_participants where seq=?
    Hibernate: delete from ft_participants where seq=?
    Hibernate: delete from ft_participants where seq=?
    Hibernate: delete from ft_participants where seq=?
    Hibernate: delete from ft_participants where seq=?
    Hibernate: delete from ft_participants where seq=?
    Hibernate: delete from ft_participants where seq=?
    Hibernate: delete from ft_participants where seq=?
    Hibernate: delete from ft_participants where seq=?
    Hibernate: delete from ft_participants where seq=?
    Hibernate: delete from ft_participants where seq=?
    Hibernate: delete from ft_participants where seq=?
    Hibernate: delete from ft_participants where seq=?
    Hibernate: delete from ft_participants where seq=?
    Hibernate: delete from ft_participants where seq=?
    Hibernate: delete from ft_participants where seq=?
    Hibernate: delete from ft_participants where seq=?
    Hibernate: delete from ft_participants where seq=?
    Hibernate: delete from ft_participants where seq=?
    Hibernate: delete from ft_participants where seq=?
    Hibernate: delete from ft_participants where seq=?
    Hibernate: delete from ft_participants where seq=?
    Hibernate: delete from ft_participants where seq=?
    Hibernate: delete from ft_participants where seq=?
    Hibernate: delete from ft_participants where seq=?
    Hibernate: delete from ft_participants where seq=?
    Hibernate: delete from ft_participants where seq=?
    Hibernate: delete from ft_participants where seq=?
    Hibernate: delete from ft_participants where seq=?
    Hibernate: delete from ft_participants where seq=?
    Hibernate: delete from ft_participants where seq=?
    Hibernate: delete from ft_participants where seq=?
    Hibernate: delete from ft_participants where seq=?
    Hibernate: delete from ft_participants where seq=?
    Hibernate: delete from ft_participants where seq=?
    Hibernate: delete from ft_participants where seq=?
    Hibernate: delete from ft_participants where seq=?
    Hibernate: delete from ft_participants where seq=?
    Hibernate: delete from ft_participants where seq=?
    Hibernate: delete from ft_participants where seq=?
    Hibernate: delete from ft_participants where seq=?
    Hibernate: delete from ft_participants where seq=?
    Hibernate: delete from ft_participants where seq=?
    Hibernate: delete from ft_participants where seq=?
    Hibernate: delete from ft_participants where seq=?
    Hibernate: delete from ft_participants where seq=?
    Hibernate: delete from ft_participants where seq=?
    Hibernate: delete from ft_participants where seq=?
    Hibernate: delete from ft_participants where seq=?
    Hibernate: delete from ft_participants where seq=?
    Hibernate: delete from ft_participants where seq=?
    Hibernate: delete from ft_participants where seq=?
    Hibernate: delete from ft_participants where seq=?
    Hibernate: delete from ft_participants where seq=?
    Hibernate: delete from ft_participants where seq=?
    Hibernate: delete from ft_participants where seq=?
    Hibernate: delete from ft_participants where seq=?
    Hibernate: delete from ft_participants where seq=?
    Hibernate: delete from ft_participants where seq=?
    Hibernate: delete from ft_participants where seq=?
    Hibernate: delete from ft_participants where seq=?
    Hibernate: delete from ft_participants where seq=?
    Hibernate: delete from ft_participants where seq=?
    Hibernate: delete from ft_participants where seq=?
    Hibernate: delete from ft_participants where seq=?
    Hibernate: delete from ft_participants where seq=?
    Hibernate: delete from ft_participants where seq=?
    Hibernate: delete from ft_participants where seq=?
    Hibernate: delete from ft_participants where seq=?
    Hibernate: delete from ft_participants where seq=?
    Hibernate: delete from ft_participants where seq=?
    Hibernate: delete from ft_participants where seq=?
    Hibernate: delete from ft_participants where seq=?
    Hibernate: delete from ft_participants where seq=?
    Hibernate: delete from ft_participants where seq=?
    Hibernate: delete from ft_participants where seq=?
    Hibernate: delete from ft_participants where seq=?
    Hibernate: delete from ft_participants where seq=?
    Hibernate: delete from ft_participants where seq=?
    Hibernate: delete from ft_participants where seq=?
    Hibernate: delete from ft_participants where seq=?
    Hibernate: delete from ft_participants where seq=?
    Hibernate: delete from ft_participants where seq=?
    Hibernate: delete from ft_participants where seq=?
    Hibernate: delete from ft_participants where seq=?
    Hibernate: delete from ft_participants where seq=?
    Hibernate: delete from ft_participants where seq=?
    Hibernate: delete from ft_participants where seq=?
    Hibernate: delete from ft_participants where seq=?
    Hibernate: delete from ft_participants where seq=?
    Hibernate: delete from ft_participants where seq=?
    Hibernate: delete from ft_participants where seq=?
    Hibernate: delete from ft_participants where seq=?
    Hibernate: delete from ft_participants where seq=?
    Hibernate: delete from ft_participants where seq=?
    Hibernate: delete from ft_participants where seq=?
    Hibernate: delete from ft_participants where seq=?
    Hibernate: delete from ft_participants where seq=?
    Hibernate: delete from ft_participants where seq=?
    Hibernate: delete from ft_participants where seq=?
    Hibernate: delete from ft_participants where seq=?
    Hibernate: delete from ft_participants where seq=?
    Hibernate: delete from ft_participants where seq=?
    Hibernate: delete from ft_participants where seq=?
    Hibernate: delete from ft_participants where seq=?
    Hibernate: delete from ft_participants where seq=?
    Hibernate: delete from ft_participants where seq=?
    Hibernate: delete from ft_participants where seq=?
    Hibernate: delete from ft_participants where seq=?
    Hibernate: delete from ft_participants where seq=?
    Hibernate: delete from ft_participants where seq=?
    Hibernate: delete from ft_participants where seq=?
    Hibernate: delete from ft_participants where seq=?
    Hibernate: delete from ft_participants where seq=?
    Hibernate: delete from ft_participants where seq=?
    Hibernate: delete from ft_participants where seq=?
    Hibernate: delete from ft_participants where seq=?
    Hibernate: delete from ft_participants where seq=?
    Hibernate: delete from ft_participants where seq=?
    Hibernate: delete from ft_participants where seq=?
    Hibernate: delete from ft_participants where seq=?
    Hibernate: delete from ft_participants where seq=?
    Hibernate: delete from ft_participants where seq=?
    Hibernate: delete from ft_participants where seq=?
    Hibernate: delete from ft_participants where seq=?
    Hibernate: delete from ft_participants where seq=?
    Hibernate: delete from ft_participants where seq=?
    Hibernate: delete from ft_participants where seq=?
    Hibernate: delete from ft_participants where seq=?
    Hibernate: delete from ft_participants where seq=?
    Hibernate: delete from ft_participants where seq=?
    Hibernate: delete from ft_participants where seq=?
    Hibernate: delete from ft_participants where seq=?
    Hibernate: delete from ft_participants where seq=?
    Hibernate: delete from ft_participants where seq=?
    Hibernate: delete from ft_participants where seq=?
    Hibernate: delete from ft_participants where seq=?
    Hibernate: delete from ft_participants where seq=?
    Hibernate: delete from ft_participants where seq=?
    Hibernate: delete from ft_participants where seq=?
    Hibernate: delete from ft_participants where seq=?
    Hibernate: delete from ft_participants where seq=?
    Hibernate: delete from ft_participants where seq=?
    Hibernate: delete from ft_participants where seq=?
    Hibernate: delete from ft_participants where seq=?
    Hibernate: delete from ft_participants where seq=?
    Hibernate: delete from ft_participants where seq=?
    Hibernate: delete from ft_participants where seq=?
    Hibernate: delete from ft_participants where seq=?
    Hibernate: delete from ft_participants where seq=?
    Hibernate: delete from ft_participants where seq=?
    Hibernate: delete from ft_participants where seq=?
    Hibernate: delete from ft_participants where seq=?
    Hibernate: delete from ft_participants where seq=?
    Hibernate: delete from ft_participants where seq=?
    Hibernate: delete from ft_participants where seq=?
    Hibernate: delete from ft_participants where seq=?
    Hibernate: delete from ft_participants where seq=?
    Hibernate: delete from ft_participants where seq=?
    Hibernate: delete from ft_participants where seq=?
    Hibernate: delete from ft_participants where seq=?
    Hibernate: delete from ft_participants where seq=?
    Hibernate: delete from ft_participants where seq=?
    Hibernate: delete from ft_participants where seq=?
    Hibernate: delete from ft_participants where seq=?
    Hibernate: delete from ft_participants where seq=?
    Hibernate: delete from ft_participants where seq=?
    Hibernate: delete from ft_participants where seq=?
    Hibernate: delete from ft_participants where seq=?
    Hibernate: delete from ft_participants where seq=?
    Hibernate: delete from ft_participants where seq=?
    Hibernate: delete from ft_participants where seq=?
    Hibernate: delete from ft_participants where seq=?
    Hibernate: delete from ft_participants where seq=?
    Hibernate: delete from ft_participants where seq=?
    Hibernate: delete from ft_participants where seq=?
    Hibernate: delete from ft_participants where seq=?
    Hibernate: delete from ft_participants where seq=?
    Hibernate: delete from ft_participants where seq=?
    Hibernate: delete from ft_participants where seq=?
    Hibernate: delete from ft_participants where seq=?
    Hibernate: delete from ft_participants where seq=?
    Hibernate: delete from ft_participants where seq=?
    Hibernate: delete from ft_participants where seq=?
    Hibernate: delete from ft_participants where seq=?
    Hibernate: delete from ft_participants where seq=?
    Hibernate: delete from ft_participants where seq=?
    Hibernate: delete from ft_participants where seq=?
    Hibernate: delete from ft_participants where seq=?
    Hibernate: delete from ft_participants where seq=?
    Hibernate: delete from ft_participants where seq=?
    Hibernate: delete from ft_participants where seq=?
    Hibernate: delete from ft_participants where seq=?
    Hibernate: delete from ft_participants where seq=?
    Hibernate: delete from ft_participants where seq=?
    Hibernate: delete from ft_participants where seq=?
    Hibernate: delete from ft_participants where seq=?
    Hibernate: delete from ft_participants where seq=?
    Hibernate: delete from ft_participants where seq=?
    Hibernate: delete from ft_participants where seq=?
    Hibernate: delete from ft_participants where seq=?
    Hibernate: delete from ft_participants where seq=?
    Hibernate: delete from ft_participants where seq=?
    Hibernate: delete from ft_participants where seq=?
    Hibernate: delete from ft_participants where seq=?
    Hibernate: delete from ft_participants where seq=?
    Hibernate: delete from ft_participants where seq=?
    Hibernate: delete from ft_participants where seq=?
    Hibernate: delete from ft_participants where seq=?
    Hibernate: delete from ft_participants where seq=?
    Hibernate: delete from ft_participants where seq=?
    Hibernate: delete from ft_participants where seq=?
    Hibernate: delete from ft_participants where seq=?
    Hibernate: delete from ft_participants where seq=?
    Hibernate: delete from ft_participants where seq=?
    Hibernate: delete from ft_participants where seq=?
    Hibernate: delete from ft_participants where seq=?
    Hibernate: delete from ft_participants where seq=?
    Hibernate: delete from ft_participants where seq=?
    Hibernate: delete from ft_participants where seq=?
    Hibernate: delete from ft_participants where seq=?
    Hibernate: delete from ft_participants where seq=?
    Hibernate: delete from ft_participants where seq=?
    Hibernate: delete from ft_participants where seq=?
    Hibernate: delete from ft_participants where seq=?
    Hibernate: delete from ft_participants where seq=?
    Hibernate: delete from ft_participants where seq=?
    Hibernate: delete from ft_participants where seq=?
    Hibernate: delete from ft_participants where seq=?
    Hibernate: delete from ft_participants where seq=?
    Hibernate: delete from ft_participants where seq=?
    Hibernate: delete from ft_participants where seq=?
    Hibernate: delete from ft_participants where seq=?
    Hibernate: delete from ft_participants where seq=?
    Hibernate: delete from ft_participants where seq=?
    Hibernate: delete from ft_participants where seq=?
    Hibernate: delete from ft_participants where seq=?
    Hibernate: delete from ft_participants where seq=?
    Hibernate: delete from ft_participants where seq=?
    Hibernate: delete from ft_participants where seq=?
    Hibernate: delete from ft_participants where seq=?
    Hibernate: delete from ft_participants where seq=?
    Hibernate: delete from ft_participants where seq=?
    Hibernate: delete from ft_participants where seq=?
    Hibernate: delete from ft_participants where seq=?
    Hibernate: delete from ft_participants where seq=?
    Hibernate: delete from ft_participants where seq=?
    Hibernate: delete from ft_participants where seq=?
    Hibernate: delete from ft_participants where seq=?
    Hibernate: delete from ft_participants where seq=?
    Hibernate: delete from ft_participants where seq=?
    Hibernate: delete from ft_participants where seq=?
    Hibernate: delete from ft_participants where seq=?
    Hibernate: delete from ft_participants where seq=?
    Hibernate: delete from ft_participants where seq=?
    Hibernate: delete from ft_participants where seq=?
    Hibernate: delete from ft_participants where seq=?
    Hibernate: delete from ft_participants where seq=?
    Hibernate: delete from ft_participants where seq=?
    Hibernate: delete from ft_participants where seq=?
    Hibernate: delete from ft_participants where seq=?
    Hibernate: delete from ft_participants where seq=?
    Hibernate: delete from ft_participants where seq=?
    Hibernate: delete from ft_participants where seq=?
    Hibernate: delete from ft_participants where seq=?
    Hibernate: delete from ft_participants where seq=?
    Hibernate: delete from ft_participants where seq=?
    Hibernate: delete from ft_participants where seq=?
    Hibernate: delete from ft_participants where seq=?
    Hibernate: delete from ft_participants where seq=?
    Hibernate: delete from ft_participants where seq=?
    Hibernate: delete from ft_participants where seq=?
    Hibernate: delete from ft_participants where seq=?
    Hibernate: delete from ft_participants where seq=?
    Hibernate: delete from ft_participants where seq=?
    Hibernate: delete from ft_participants where seq=?
    Hibernate: delete from ft_participants where seq=?
    Hibernate: delete from ft_participants where seq=?
    Hibernate: delete from ft_participants where seq=?
    Hibernate: delete from ft_participants where seq=?
    Hibernate: delete from ft_participants where seq=?
    Hibernate: delete from ft_participants where seq=?
    Hibernate: delete from ft_participants where seq=?
    Hibernate: delete from ft_participants where seq=?
    Hibernate: delete from ft_participants where seq=?
    Hibernate: delete from ft_participants where seq=?
    Hibernate: delete from ft_participants where seq=?
    Hibernate: delete from ft_participants where seq=?
    Hibernate: delete from ft_participants where seq=?
    Hibernate: delete from ft_participants where seq=?
    Hibernate: delete from ft_participants where seq=?
    Hibernate: delete from ft_participants where seq=?
    Hibernate: delete from ft_participants where seq=?
    Hibernate: delete from ft_participants where seq=?
    Hibernate: delete from ft_participants where seq=?
    Hibernate: delete from ft_participants where seq=?
    Hibernate: delete from ft_participants where seq=?
    Hibernate: delete from ft_participants where seq=?
    Hibernate: delete from ft_participants where seq=?
    Hibernate: delete from ft_participants where seq=?
    Hibernate: delete from ft_participants where seq=?
    Hibernate: delete from ft_participants where seq=?
    Hibernate: delete from ft_participants where seq=?
    Hibernate: delete from ft_participants where seq=?
    Hibernate: delete from ft_participants where seq=?
    Hibernate: delete from ft_participants where seq=?
    Hibernate: delete from ft_participants where seq=?
    Hibernate: delete from ft_participants where seq=?
    Hibernate: delete from ft_participants where seq=?
    Hibernate: delete from ft_participants where seq=?
    Hibernate: delete from ft_participants where seq=?
    Hibernate: delete from ft_participants where seq=?
    Hibernate: delete from ft_participants where seq=?
    Hibernate: delete from ft_participants where seq=?
    Hibernate: delete from ft_participants where seq=?
    Hibernate: delete from ft_participants where seq=?
    Hibernate: delete from ft_participants where seq=?
    Hibernate: delete from ft_participants where seq=?
    Hibernate: delete from ft_participants where seq=?
    Hibernate: delete from ft_participants where seq=?
    Hibernate: delete from ft_participants where seq=?
    Hibernate: delete from ft_participants where seq=?
    Hibernate: delete from ft_participants where seq=?
    Hibernate: delete from ft_participants where seq=?
    Hibernate: delete from ft_participants where seq=?
    Hibernate: delete from ft_participants where seq=?
    Hibernate: delete from ft_participants where seq=?
    Hibernate: delete from ft_participants where seq=?
    Hibernate: delete from ft_participants where seq=?
    Hibernate: delete from ft_participants where seq=?
    Hibernate: delete from ft_participants where seq=?
    Hibernate: delete from ft_participants where seq=?
    Hibernate: delete from ft_participants where seq=?
    Hibernate: delete from ft_participants where seq=?
    Hibernate: delete from ft_participants where seq=?
    Hibernate: delete from ft_participants where seq=?
    Hibernate: delete from ft_participants where seq=?
    Hibernate: delete from ft_participants where seq=?
    Hibernate: delete from ft_participants where seq=?
    Hibernate: delete from ft_participants where seq=?
    Hibernate: delete from ft_participants where seq=?
    Hibernate: delete from ft_participants where seq=?
    Hibernate: delete from ft_participants where seq=?
    Hibernate: delete from ft_participants where seq=?
    Hibernate: delete from ft_participants where seq=?
    Hibernate: delete from ft_participants where seq=?
    Hibernate: delete from ft_participants where seq=?
    Hibernate: delete from ft_participants where seq=?
    Hibernate: delete from ft_participants where seq=?
    Hibernate: delete from ft_participants where seq=?
    Hibernate: delete from ft_participants where seq=?
    Hibernate: delete from ft_participants where seq=?
    Hibernate: delete from ft_participants where seq=?
    Hibernate: delete from ft_participants where seq=?
    Hibernate: delete from ft_participants where seq=?
    Hibernate: delete from ft_participants where seq=?
    Hibernate: delete from ft_participants where seq=?
    Hibernate: delete from ft_participants where seq=?
    Hibernate: delete from ft_participants where seq=?
    Hibernate: delete from ft_participants where seq=?
    Hibernate: delete from ft_participants where seq=?
    Hibernate: delete from ft_participants where seq=?
    Hibernate: delete from ft_participants where seq=?
    Hibernate: delete from ft_participants where seq=?
    Hibernate: delete from ft_participants where seq=?
    Hibernate: delete from ft_participants where seq=?
    Hibernate: delete from ft_participants where seq=?
    Hibernate: delete from ft_participants where seq=?
    Hibernate: delete from ft_participants where seq=?
    Hibernate: delete from ft_participants where seq=?
    Hibernate: delete from ft_participants where seq=?
    Hibernate: delete from ft_participants where seq=?
    Hibernate: delete from ft_participants where seq=?
    Hibernate: delete from ft_participants where seq=?
    Hibernate: delete from ft_participants where seq=?
    Hibernate: delete from ft_participants where seq=?
    Hibernate: delete from ft_participants where seq=?
    Hibernate: delete from ft_participants where seq=?
    Hibernate: delete from ft_participants where seq=?
    Hibernate: delete from ft_participants where seq=?
    Hibernate: delete from ft_participants where seq=?
    Hibernate: delete from ft_participants where seq=?
    Hibernate: delete from ft_participants where seq=?
    Hibernate: delete from ft_participants where seq=?
    Hibernate: delete from ft_participants where seq=?
    Hibernate: delete from ft_participants where seq=?
    Hibernate: delete from ft_participants where seq=?
    Hibernate: delete from ft_participants where seq=?
    Hibernate: delete from ft_participants where seq=?
    Hibernate: delete from ft_participants where seq=?
    Hibernate: delete from ft_participants where seq=?
    Hibernate: delete from ft_participants where seq=?
    Hibernate: delete from ft_participants where seq=?
    Hibernate: delete from ft_participants where seq=?
    Hibernate: delete from ft_participants where seq=?
    Hibernate: delete from ft_participants where seq=?
    Hibernate: delete from ft_participants where seq=?
    Hibernate: delete from ft_participants where seq=?
    Hibernate: delete from ft_participants where seq=?
    Hibernate: delete from ft_participants where seq=?
    Hibernate: delete from ft_participants where seq=?
    Hibernate: delete from ft_participants where seq=?
    Hibernate: delete from ft_participants where seq=?
    Hibernate: delete from ft_participants where seq=?
    Hibernate: delete from ft_participants where seq=?
    Hibernate: delete from ft_participants where seq=?
    Hibernate: delete from ft_participants where seq=?
    Hibernate: delete from ft_participants where seq=?
    Hibernate: delete from ft_participants where seq=?
    Hibernate: delete from ft_participants where seq=?
    Hibernate: delete from ft_participants where seq=?
    Hibernate: delete from ft_participants where seq=?
    Hibernate: delete from ft_participants where seq=?
    Hibernate: delete from ft_participants where seq=?
    Hibernate: delete from ft_participants where seq=?
    Hibernate: delete from ft_participants where seq=?
    Hibernate: delete from ft_participants where seq=?
    Hibernate: delete from ft_participants where seq=?
    Hibernate: delete from ft_participants where seq=?
    Hibernate: delete from ft_participants where seq=?
    Hibernate: delete from ft_participants where seq=?
    Hibernate: delete from ft_participants where seq=?
    Hibernate: delete from ft_participants where seq=?
    Hibernate: delete from ft_participants where seq=?
    Hibernate: delete from ft_participants where seq=?
    Hibernate: delete from ft_participants where seq=?
    Hibernate: delete from ft_participants where seq=?
    Hibernate: delete from ft_participants where seq=?
    Hibernate: delete from ft_participants where seq=?
    Hibernate: delete from ft_participants where seq=?
    Hibernate: delete from ft_participants where seq=?
    Hibernate: delete from ft_participants where seq=?
    Hibernate: delete from ft_participants where seq=?
    Hibernate: delete from ft_participants where seq=?
    Hibernate: delete from ft_participants where seq=?
    Hibernate: delete from ft_participants where seq=?
    Hibernate: delete from ft_participants where seq=?
    Hibernate: delete from ft_participants where seq=?
    Hibernate: delete from ft_participants where seq=?
    Hibernate: delete from ft_participants where seq=?
    Hibernate: delete from ft_participants where seq=?
    Hibernate: delete from ft_participants where seq=?
    Hibernate: delete from ft_participants where seq=?
    Hibernate: delete from ft_participants where seq=?
    Hibernate: delete from ft_participants where seq=?
    Hibernate: delete from ft_participants where seq=?
    Hibernate: delete from ft_participants where seq=?
    Hibernate: delete from ft_participants where seq=?
    Hibernate: delete from ft_participants where seq=?
    Hibernate: delete from ft_participants where seq=?
    Hibernate: delete from ft_participants where seq=?
    Hibernate: delete from ft_participants where seq=?
    Hibernate: delete from ft_participants where seq=?
    Hibernate: delete from ft_participants where seq=?
    Hibernate: delete from ft_participants where seq=?
    Hibernate: delete from ft_participants where seq=?
    Hibernate: delete from ft_participants where seq=?
    Hibernate: delete from ft_participants where seq=?
    Hibernate: delete from ft_participants where seq=?
    Hibernate: delete from ft_participants where seq=?
    Hibernate: delete from ft_participants where seq=?
    Hibernate: delete from ft_participants where seq=?
    Hibernate: delete from ft_participants where seq=?
    Hibernate: delete from ft_participants where seq=?
    Hibernate: delete from ft_participants where seq=?
    Hibernate: delete from ft_participants where seq=?
    Hibernate: delete from ft_participants where seq=?
    Hibernate: delete from ft_participants where seq=?
    Hibernate: delete from ft_participants where seq=?
    Hibernate: delete from ft_participants where seq=?
    Hibernate: delete from ft_participants where seq=?
    Hibernate: delete from ft_participants where seq=?
    Hibernate: delete from ft_participants where seq=?
    Hibernate: delete from ft_participants where seq=?
    Hibernate: delete from ft_participants where seq=?
    Hibernate: delete from ft_participants where seq=?
    Hibernate: delete from ft_participants where seq=?
    Hibernate: delete from ft_participants where seq=?
    Hibernate: delete from ft_participants where seq=?
    Hibernate: delete from ft_participants where seq=?
    Hibernate: delete from ft_participants where seq=?
    Hibernate: delete from ft_participants where seq=?
    Hibernate: delete from ft_participants where seq=?
    Hibernate: delete from ft_participants where seq=?
    Hibernate: delete from ft_participants where seq=?
    Hibernate: delete from ft_participants where seq=?
    Hibernate: delete from ft_participants where seq=?
    Hibernate: delete from ft_participants where seq=?
    Hibernate: delete from ft_participants where seq=?
    Hibernate: delete from ft_participants where seq=?
    Hibernate: delete from ft_participants where seq=?
    Hibernate: delete from ft_participants where seq=?
    Hibernate: delete from ft_participants where seq=?
    Hibernate: delete from ft_participants where seq=?
    Hibernate: delete from ft_participants where seq=?
    Hibernate: delete from ft_participants where seq=?
    Hibernate: delete from ft_participants where seq=?
    Hibernate: delete from ft_participants where seq=?
    Hibernate: delete from ft_participants where seq=?
    Hibernate: delete from ft_participants where seq=?
    Hibernate: delete from ft_participants where seq=?
    Hibernate: delete from ft_participants where seq=?
    Hibernate: delete from ft_participants where seq=?
    Hibernate: delete from ft_participants where seq=?
    Hibernate: delete from ft_participants where seq=?
    Hibernate: delete from ft_participants where seq=?
    Hibernate: delete from ft_participants where seq=?
    Hibernate: delete from ft_participants where seq=?
    Hibernate: delete from ft_participants where seq=?
    Hibernate: delete from ft_participants where seq=?
    Hibernate: delete from ft_participants where seq=?
    Hibernate: delete from ft_participants where seq=?
    Hibernate: delete from ft_participants where seq=?
    Hibernate: delete from ft_participants where seq=?
    Hibernate: delete from ft_participants where seq=?
    Hibernate: delete from ft_participants where seq=?
    Hibernate: delete from ft_participants where seq=?
    Hibernate: delete from ft_participants where seq=?
    Hibernate: delete from ft_participants where seq=?
    Hibernate: delete from ft_participants where seq=?
    Hibernate: delete from ft_participants where seq=?
    Hibernate: delete from ft_participants where seq=?
    Hibernate: delete from ft_participants where seq=?
    Hibernate: delete from ft_participants where seq=?
    Hibernate: delete from ft_participants where seq=?
    Hibernate: delete from ft_participants where seq=?
    Hibernate: delete from ft_participants where seq=?
    Hibernate: delete from ft_participants where seq=?
    Hibernate: delete from ft_participants where seq=?
    Hibernate: delete from ft_participants where seq=?
    Hibernate: delete from ft_participants where seq=?
    Hibernate: delete from ft_participants where seq=?
    Hibernate: delete from ft_participants where seq=?
    Hibernate: delete from ft_participants where seq=?
    Hibernate: delete from ft_participants where seq=?
    Hibernate: delete from ft_participants where seq=?
    Hibernate: delete from ft_participants where seq=?
    Hibernate: delete from ft_participants where seq=?
    Hibernate: delete from ft_participants where seq=?
    Hibernate: delete from ft_participants where seq=?
    Hibernate: delete from ft_participants where seq=?
    Hibernate: delete from ft_participants where seq=?
    Hibernate: delete from ft_participants where seq=?
    Hibernate: delete from ft_participants where seq=?
    Hibernate: delete from ft_participants where seq=?
    Hibernate: delete from ft_participants where seq=?
    Hibernate: delete from ft_participants where seq=?
    Hibernate: delete from ft_participants where seq=?
    Hibernate: delete from ft_participants where seq=?
    Hibernate: delete from ft_participants where seq=?
    Hibernate: delete from ft_participants where seq=?
    Hibernate: delete from ft_participants where seq=?
    Hibernate: delete from ft_participants where seq=?
    Hibernate: delete from ft_participants where seq=?
    Hibernate: delete from ft_participants where seq=?
    Hibernate: delete from ft_participants where seq=?
    Hibernate: delete from ft_participants where seq=?
    Hibernate: delete from ft_participants where seq=?
    Hibernate: delete from ft_participants where seq=?
    Hibernate: delete from ft_participants where seq=?
    Hibernate: delete from ft_participants where seq=?
    Hibernate: delete from ft_participants where seq=?
    Hibernate: delete from ft_participants where seq=?
    Hibernate: delete from ft_participants where seq=?
    Hibernate: delete from ft_participants where seq=?
    Hibernate: delete from ft_participants where seq=?
    Hibernate: delete from ft_participants where seq=?
    Hibernate: delete from ft_participants where seq=?
    Hibernate: delete from ft_participants where seq=?
    Hibernate: delete from ft_participants where seq=?
    Hibernate: delete from ft_participants where seq=?
    Hibernate: delete from ft_participants where seq=?
    Hibernate: delete from ft_participants where seq=?
    Hibernate: delete from ft_participants where seq=?
    Hibernate: delete from ft_participants where seq=?
    Hibernate: delete from ft_participants where seq=?
    Hibernate: delete from ft_participants where seq=?
    Hibernate: delete from ft_participants where seq=?
    Hibernate: delete from ft_participants where seq=?
    Hibernate: delete from ft_participants where seq=?
    Hibernate: delete from ft_participants where seq=?
    Hibernate: delete from ft_participants where seq=?
    Hibernate: delete from ft_participants where seq=?
    Hibernate: delete from ft_participants where seq=?
    Hibernate: delete from ft_participants where seq=?
    Hibernate: delete from ft_participants where seq=?
    Hibernate: delete from ft_participants where seq=?
    Hibernate: delete from ft_participants where seq=?
    Hibernate: delete from ft_participants where seq=?
    Hibernate: delete from ft_participants where seq=?
    Hibernate: delete from ft_participants where seq=?
    Hibernate: delete from ft_participants where seq=?
    Hibernate: delete from ft_participants where seq=?
    Hibernate: delete from ft_participants where seq=?
    Hibernate: delete from ft_participants where seq=?
    Hibernate: delete from ft_participants where seq=?
    Hibernate: delete from ft_participants where seq=?
    Hibernate: delete from ft_participants where seq=?
    Hibernate: delete from ft_participants where seq=?
    Hibernate: delete from ft_participants where seq=?
    Hibernate: delete from ft_participants where seq=?
    Hibernate: delete from ft_participants where seq=?
    Hibernate: delete from ft_participants where seq=?
    Hibernate: delete from ft_participants where seq=?
    Hibernate: delete from ft_participants where seq=?
    Hibernate: delete from ft_participants where seq=?
    Hibernate: delete from ft_participants where seq=?
    Hibernate: delete from ft_participants where seq=?
    Hibernate: delete from ft_participants where seq=?
    Hibernate: delete from ft_participants where seq=?
    Hibernate: delete from ft_participants where seq=?
    Hibernate: delete from ft_participants where seq=?
    Hibernate: delete from ft_participants where seq=?
    Hibernate: delete from ft_participants where seq=?
    Hibernate: delete from ft_participants where seq=?
    Hibernate: delete from ft_participants where seq=?
    Hibernate: delete from ft_participants where seq=?
    Hibernate: delete from ft_participants where seq=?
    Hibernate: delete from ft_participants where seq=?
    Hibernate: delete from ft_participants where seq=?
    Hibernate: delete from ft_participants where seq=?
    Hibernate: delete from ft_participants where seq=?
    Hibernate: delete from ft_participants where seq=?
    Hibernate: delete from ft_participants where seq=?
    Hibernate: delete from ft_participants where seq=?
    Hibernate: delete from ft_participants where seq=?
    Hibernate: delete from ft_participants where seq=?
    Hibernate: delete from ft_participants where seq=?
    Hibernate: delete from ft_participants where seq=?
    Hibernate: delete from ft_participants where seq=?
    Hibernate: delete from ft_participants where seq=?
    Hibernate: delete from ft_participants where seq=?
    Hibernate: delete from ft_participants where seq=?
    Hibernate: delete from ft_participants where seq=?
    Hibernate: delete from ft_participants where seq=?
    Hibernate: delete from ft_participants where seq=?
    Hibernate: delete from ft_participants where seq=?
    Hibernate: delete from ft_participants where seq=?
    Hibernate: delete from ft_participants where seq=?
    Hibernate: delete from ft_participants where seq=?
    Hibernate: delete from ft_participants where seq=?
    Hibernate: delete from ft_participants where seq=?
    Hibernate: delete from ft_participants where seq=?
    Hibernate: delete from ft_participants where seq=?
    Hibernate: delete from ft_participants where seq=?
    Hibernate: delete from ft_participants where seq=?
    Hibernate: delete from ft_participants where seq=?
    Hibernate: delete from ft_participants where seq=?
    Hibernate: delete from ft_participants where seq=?
    Hibernate: delete from ft_participants where seq=?
    Hibernate: delete from ft_participants where seq=?
    Hibernate: delete from ft_participants where seq=?
    Hibernate: delete from ft_participants where seq=?
    Hibernate: delete from ft_participants where seq=?
    Hibernate: delete from ft_participants where seq=?
    Hibernate: delete from ft_participants where seq=?
    Hibernate: delete from ft_participants where seq=?
    Hibernate: delete from ft_participants where seq=?
    Hibernate: delete from ft_participants where seq=?
    Hibernate: delete from ft_participants where seq=?
    Hibernate: delete from ft_participants where seq=?
    Hibernate: delete from ft_participants where seq=?
    Hibernate: delete from ft_participants where seq=?
    Hibernate: delete from ft_participants where seq=?
    Hibernate: delete from ft_participants where seq=?
    Hibernate: delete from ft_participants where seq=?
    Hibernate: delete from ft_participants where seq=?
    Hibernate: delete from ft_participants where seq=?
    Hibernate: delete from ft_participants where seq=?
    Hibernate: delete from ft_participants where seq=?
    Hibernate: delete from ft_participants where seq=?
    Hibernate: delete from ft_participants where seq=?
    Hibernate: delete from ft_participants where seq=?
    Hibernate: delete from ft_participants where seq=?
    Hibernate: delete from ft_participants where seq=?
    Hibernate: delete from ft_participants where seq=?
    Hibernate: delete from ft_participants where seq=?
    Hibernate: delete from ft_participants where seq=?
    Hibernate: delete from ft_participants where seq=?
    Hibernate: delete from ft_participants where seq=?
    Hibernate: delete from ft_participants where seq=?
    Hibernate: delete from ft_participants where seq=?
    Hibernate: delete from ft_participants where seq=?
    Hibernate: delete from ft_participants where seq=?
    Hibernate: delete from ft_participants where seq=?
    Hibernate: delete from ft_participants where seq=?
    Hibernate: delete from ft_participants where seq=?
    Hibernate: delete from ft_participants where seq=?
    Hibernate: delete from ft_participants where seq=?
    Hibernate: delete from ft_participants where seq=?
    Hibernate: delete from ft_participants where seq=?
    Hibernate: delete from ft_participants where seq=?
    Hibernate: delete from ft_participants where seq=?
    Hibernate: delete from ft_participants where seq=?
    Hibernate: delete from ft_participants where seq=?
    Hibernate: delete from ft_participants where seq=?
    Hibernate: delete from ft_participants where seq=?
    Hibernate: delete from ft_participants where seq=?
    Hibernate: delete from ft_participants where seq=?
    Hibernate: delete from ft_participants where seq=?
    Hibernate: delete from ft_participants where seq=?
    Hibernate: delete from ft_participants where seq=?
    Hibernate: delete from ft_participants where seq=?
    Hibernate: delete from ft_participants where seq=?
    Hibernate: delete from ft_participants where seq=?
    Hibernate: delete from ft_participants where seq=?
    Hibernate: delete from ft_participants where seq=?
    Hibernate: delete from ft_participants where seq=?
    Hibernate: delete from ft_participants where seq=?
    Hibernate: delete from ft_participants where seq=?
    Hibernate: delete from ft_participants where seq=?
    Hibernate: delete from ft_participants where seq=?
    Hibernate: delete from ft_participants where seq=?
    Hibernate: delete from ft_participants where seq=?
    Hibernate: delete from ft_participants where seq=?
    Hibernate: delete from ft_participants where seq=?
    Hibernate: delete from ft_participants where seq=?
    Hibernate: delete from ft_participants where seq=?
    Hibernate: delete from ft_participants where seq=?
    Hibernate: delete from ft_participants where seq=?
    Hibernate: delete from ft_participants where seq=?
    Hibernate: delete from ft_participants where seq=?
    Hibernate: delete from ft_participants where seq=?
    Hibernate: delete from ft_participants where seq=?
    Hibernate: delete from ft_participants where seq=?
    Hibernate: delete from ft_participants where seq=?
    Hibernate: delete from ft_participants where seq=?
    Hibernate: delete from ft_participants where seq=?
    Hibernate: delete from ft_participants where seq=?
    Hibernate: delete from ft_participants where seq=?
    Hibernate: delete from ft_participants where seq=?
    Hibernate: delete from ft_participants where seq=?
    Hibernate: delete from ft_participants where seq=?
    Hibernate: delete from ft_participants where seq=?
    Hibernate: delete from ft_participants where seq=?
    Hibernate: delete from ft_participants where seq=?
    Hibernate: delete from ft_participants where seq=?
    Hibernate: delete from ft_participants where seq=?
    Hibernate: delete from ft_participants where seq=?
    Hibernate: delete from ft_participants where seq=?
    Hibernate: delete from ft_participants where seq=?
    Hibernate: delete from ft_participants where seq=?
    Hibernate: delete from ft_participants where seq=?
    Hibernate: delete from ft_participants where seq=?
    Hibernate: delete from ft_participants where seq=?
    Hibernate: delete from ft_participants where seq=?
    Hibernate: delete from ft_participants where seq=?
    Hibernate: delete from ft_participants where seq=?
    Hibernate: delete from ft_participants where seq=?
    Hibernate: delete from ft_participants where seq=?
    Hibernate: delete from ft_participants where seq=?
    Hibernate: delete from ft_participants where seq=?
    Hibernate: delete from ft_participants where seq=?
    Hibernate: delete from ft_participants where seq=?
    Hibernate: delete from ft_participants where seq=?
    Hibernate: delete from ft_participants where seq=?
    Hibernate: delete from ft_participants where seq=?
    Hibernate: delete from ft_participants where seq=?
    Hibernate: delete from ft_participants where seq=?
    Hibernate: delete from ft_participants where seq=?
    Hibernate: delete from ft_participants where seq=?
    Hibernate: delete from ft_participants where seq=?
    Hibernate: delete from ft_participants where seq=?
    Hibernate: delete from ft_participants where seq=?
    Hibernate: delete from ft_participants where seq=?
    Hibernate: delete from ft_participants where seq=?
    Hibernate: delete from ft_participants where seq=?
    Hibernate: delete from ft_participants where seq=?
    Hibernate: delete from ft_participants where seq=?
    Hibernate: delete from ft_participants where seq=?
    Hibernate: delete from ft_participants where seq=?
    Hibernate: delete from ft_participants where seq=?
    Hibernate: delete from ft_participants where seq=?
    Hibernate: delete from ft_participants where seq=?
    Hibernate: delete from ft_participants where seq=?
    Hibernate: delete from ft_participants where seq=?
    Hibernate: delete from ft_participants where seq=?
    Hibernate: delete from ft_participants where seq=?
    Hibernate: delete from ft_participants where seq=?
    Hibernate: delete from ft_participants where seq=?
    Hibernate: delete from ft_participants where seq=?
    Hibernate: delete from ft_participants where seq=?
    Hibernate: delete from ft_participants where seq=?
    Hibernate: delete from ft_participants where seq=?
    Hibernate: delete from ft_participants where seq=?
    Hibernate: delete from ft_participants where seq=?
    Hibernate: delete from ft_participants where seq=?
    Hibernate: delete from ft_participants where seq=?
    Hibernate: delete from ft_participants where seq=?
    Hibernate: delete from ft_participants where seq=?
    Hibernate: delete from ft_participants where seq=?
    Hibernate: delete from ft_participants where seq=?
    Hibernate: delete from ft_participants where seq=?
    Hibernate: delete from ft_participants where seq=?
    Hibernate: delete from ft_participants where seq=?
    Hibernate: delete from ft_participants where seq=?
    Hibernate: delete from ft_participants where seq=?
    Hibernate: delete from ft_participants where seq=?
    Hibernate: delete from ft_participants where seq=?
    Hibernate: delete from ft_participants where seq=?
    Hibernate: delete from ft_participants where seq=?
    Hibernate: delete from ft_participants where seq=?
    Hibernate: delete from ft_participants where seq=?
    Hibernate: delete from ft_participants where seq=?
    Hibernate: delete from ft_participants where seq=?
    Hibernate: delete from ft_participants where seq=?
    Hibernate: delete from ft_participants where seq=?
    Hibernate: delete from ft_participants where seq=?
    Hibernate: delete from ft_participants where seq=?
    Hibernate: delete from ft_participants where seq=?
    Hibernate: delete from ft_participants where seq=?
    Hibernate: delete from ft_participants where seq=?
    Hibernate: delete from ft_participants where seq=?
    Hibernate: delete from ft_participants where seq=?
    Hibernate: delete from ft_participants where seq=?
    Hibernate: delete from ft_participants where seq=?
    Hibernate: delete from ft_participants where seq=?
    Hibernate: delete from ft_participants where seq=?
    Hibernate: delete from ft_participants where seq=?
    Hibernate: delete from ft_participants where seq=?
    Hibernate: delete from ft_participants where seq=?
    Hibernate: delete from ft_participants where seq=?
    Hibernate: delete from ft_participants where seq=?
    Hibernate: delete from ft_participants where seq=?
    Hibernate: delete from ft_participants where seq=?
    Hibernate: delete from ft_participants where seq=?
    Hibernate: delete from ft_participants where seq=?
    Hibernate: delete from ft_participants where seq=?
    Hibernate: delete from ft_participants where seq=?
    Hibernate: delete from ft_participants where seq=?
    Hibernate: delete from ft_participants where seq=?
    Hibernate: delete from ft_participants where seq=?
    Hibernate: delete from ft_participants where seq=?
    Hibernate: delete from ft_participants where seq=?
    Hibernate: delete from ft_participants where seq=?
    Hibernate: delete from ft_participants where seq=?
    Hibernate: delete from ft_participants where seq=?
    Hibernate: delete from ft_participants where seq=?
    Hibernate: delete from ft_participants where seq=?
    Hibernate: delete from ft_participants where seq=?
    Hibernate: delete from ft_participants where seq=?
    Hibernate: delete from ft_participants where seq=?
    Hibernate: delete from ft_participants where seq=?
    Hibernate: delete from ft_participants where seq=?
    Hibernate: delete from ft_participants where seq=?
    Hibernate: delete from ft_participants where seq=?
    Hibernate: delete from ft_participants where seq=?
    Hibernate: delete from ft_participants where seq=?
    Hibernate: delete from ft_participants where seq=?
    Hibernate: delete from ft_participants where seq=?
    Hibernate: delete from ft_participants where seq=?
    Hibernate: delete from ft_participants where seq=?
    Hibernate: delete from ft_participants where seq=?
    Hibernate: delete from ft_participants where seq=?
    Hibernate: delete from ft_participants where seq=?
    Hibernate: delete from ft_participants where seq=?
    Hibernate: delete from ft_participants where seq=?
    Hibernate: delete from ft_participants where seq=?
    Hibernate: delete from ft_participants where seq=?
    Hibernate: delete from ft_participants where seq=?
    Hibernate: delete from ft_participants where seq=?
    Hibernate: delete from ft_participants where seq=?
    Hibernate: delete from ft_participants where seq=?
    Hibernate: delete from ft_participants where seq=?
    Hibernate: delete from ft_participants where seq=?
    Hibernate: delete from ft_participants where seq=?
    Hibernate: delete from ft_participants where seq=?
    Hibernate: delete from ft_participants where seq=?
    Hibernate: delete from ft_participants where seq=?
    Hibernate: delete from ft_participants where seq=?
    Hibernate: delete from ft_participants where seq=?
    Hibernate: delete from ft_participants where seq=?
    Hibernate: delete from ft_participants where seq=?
    Hibernate: delete from ft_participants where seq=?
    Hibernate: delete from ft_participants where seq=?
    Hibernate: delete from ft_participants where seq=?
    Hibernate: delete from ft_participants where seq=?
    Hibernate: delete from ft_participants where seq=?
    Hibernate: delete from ft_participants where seq=?
    Hibernate: delete from ft_participants where seq=?
    Hibernate: delete from ft_participants where seq=?
    Hibernate: delete from ft_participants where seq=?
    Hibernate: delete from ft_participants where seq=?
    Hibernate: delete from ft_participants where seq=?
    Hibernate: delete from ft_participants where seq=?
    Hibernate: delete from ft_participants where seq=?
    Hibernate: delete from ft_participants where seq=?
    Hibernate: delete from ft_participants where seq=?
    Hibernate: delete from ft_participants where seq=?
    Hibernate: delete from ft_participants where seq=?
    Hibernate: delete from ft_participants where seq=?
    Hibernate: delete from ft_participants where seq=?
    Hibernate: delete from ft_participants where seq=?
    Hibernate: delete from ft_participants where seq=?
    Hibernate: delete from ft_participants where seq=?
    Hibernate: delete from ft_participants where seq=?
    Hibernate: delete from ft_participants where seq=?
    Hibernate: delete from ft_participants where seq=?
    Hibernate: delete from ft_participants where seq=?
    Hibernate: delete from ft_participants where seq=?
    Hibernate: delete from ft_participants where seq=?
    Hibernate: delete from ft_participants where seq=?
    Hibernate: delete from ft_participants where seq=?
    Hibernate: delete from ft_participants where seq=?
    Hibernate: delete from ft_participants where seq=?
    Hibernate: delete from ft_participants where seq=?
    Hibernate: delete from ft_participants where seq=?
    Hibernate: delete from ft_participants where seq=?
    Hibernate: delete from ft_participants where seq=?
    Hibernate: delete from ft_participants where seq=?
    Hibernate: delete from ft_participants where seq=?
    Hibernate: delete from ft_participants where seq=?
    Hibernate: delete from ft_participants where seq=?
    Hibernate: delete from ft_participants where seq=?
    Hibernate: delete from ft_participants where seq=?
    Hibernate: delete from ft_participants where seq=?
    Hibernate: delete from ft_participants where seq=?
    Hibernate: delete from ft_participants where seq=?
    Hibernate: delete from ft_participants where seq=?
    Hibernate: delete from ft_participants where seq=?
    Hibernate: delete from ft_participants where seq=?
    Hibernate: delete from ft_participants where seq=?
    Hibernate: delete from ft_participants where seq=?
    Hibernate: delete from ft_participants where seq=?
    Hibernate: delete from ft_participants where seq=?
    Hibernate: delete from ft_participants where seq=?
    Hibernate: delete from ft_participants where seq=?
    Hibernate: delete from ft_participants where seq=?
    Hibernate: delete from ft_participants where seq=?
    Hibernate: delete from ft_participants where seq=?
    Hibernate: delete from ft_participants where seq=?
    Hibernate: delete from ft_participants where seq=?
    Hibernate: delete from ft_participants where seq=?
    Hibernate: delete from ft_participants where seq=?
    Hibernate: delete from ft_participants where seq=?
    Hibernate: delete from ft_participants where seq=?
    Hibernate: delete from ft_participants where seq=?
    Hibernate: delete from ft_participants where seq=?
    Hibernate: delete from ft_participants where seq=?
    Hibernate: delete from ft_participants where seq=?
    Hibernate: delete from ft_participants where seq=?
    Hibernate: delete from ft_participants where seq=?
    Hibernate: delete from ft_participants where seq=?
    Hibernate: delete from ft_participants where seq=?
    Hibernate: delete from ft_participants where seq=?
    Hibernate: delete from ft_participants where seq=?
    Hibernate: delete from ft_participants where seq=?
    Hibernate: delete from ft_participants where seq=?
    Hibernate: delete from ft_participants where seq=?
    Hibernate: delete from ft_participants where seq=?
    Hibernate: delete from ft_participants where seq=?
    Hibernate: delete from ft_participants where seq=?
    Hibernate: delete from ft_participants where seq=?
    Hibernate: delete from ft_participants where seq=?
    Hibernate: delete from ft_participants where seq=?
    Hibernate: delete from ft_participants where seq=?
    Hibernate: delete from ft_participants where seq=?
    Hibernate: delete from ft_participants where seq=?
    Hibernate: delete from ft_participants where seq=?
    Hibernate: delete from ft_participants where seq=?
    Hibernate: delete from ft_participants where seq=?
    Hibernate: delete from ft_participants where seq=?
    Hibernate: delete from ft_participants where seq=?
    Hibernate: delete from ft_participants where seq=?
    Hibernate: delete from ft_participants where seq=?
    Hibernate: delete from ft_participants where seq=?
    Hibernate: delete from ft_participants where seq=?
    Hibernate: delete from ft_participants where seq=?
    Hibernate: delete from ft_participants where seq=?
    Hibernate: delete from ft_participants where seq=?
    Hibernate: delete from ft_participants where seq=?
    Hibernate: delete from ft_participants where seq=?
    Hibernate: delete from ft_participants where seq=?
    Hibernate: delete from ft_participants where seq=?
    Hibernate: delete from ft_participants where seq=?
    Hibernate: delete from ft_participants where seq=?
    Hibernate: delete from ft_participants where seq=?
    Hibernate: delete from ft_participants where seq=?
    Hibernate: delete from ft_participants where seq=?
    Hibernate: delete from ft_participants where seq=?
    Hibernate: delete from ft_participants where seq=?
    Hibernate: delete from ft_participants where seq=?
    Hibernate: delete from ft_participants where seq=?
    Hibernate: delete from ft_participants where seq=?
    Hibernate: delete from ft_participants where seq=?
    Hibernate: delete from ft_participants where seq=?
    Hibernate: delete from ft_participants where seq=?
    Hibernate: delete from ft_participants where seq=?
    Hibernate: delete from ft_participants where seq=?
    Hibernate: delete from ft_participants where seq=?
    Hibernate: delete from ft_participants where seq=?
    Hibernate: delete from ft_participants where seq=?
    Hibernate: delete from ft_participants where seq=?
    Hibernate: delete from ft_participants where seq=?
    Hibernate: delete from ft_participants where seq=?
    Hibernate: delete from ft_participants where seq=?
    Hibernate: delete from ft_participants where seq=?
    Hibernate: delete from ft_participants where seq=?
    Hibernate: delete from ft_participants where seq=?
    Hibernate: delete from ft_participants where seq=?
    Hibernate: delete from ft_participants where seq=?
    Hibernate: delete from ft_participants where seq=?
    Hibernate: delete from ft_participants where seq=?
    Hibernate: delete from ft_participants where seq=?
    Hibernate: delete from ft_participants where seq=?
    Hibernate: delete from ft_participants where seq=?
    Hibernate: delete from ft_participants where seq=?
    Hibernate: delete from ft_participants where seq=?
    Hibernate: delete from ft_participants where seq=?
    Hibernate: delete from ft_participants where seq=?
    Hibernate: delete from ft_participants where seq=?
    Hibernate: delete from ft_participants where seq=?
    Hibernate: delete from ft_participants where seq=?
    Hibernate: delete from ft_participants where seq=?
    Hibernate: delete from ft_participants where seq=?
    Hibernate: delete from ft_participants where seq=?
    Hibernate: delete from ft_participants where seq=?
    Hibernate: delete from ft_participants where seq=?
    Hibernate: delete from ft_participants where seq=?
    Hibernate: delete from ft_participants where seq=?
    Hibernate: delete from ft_participants where seq=?
    Hibernate: delete from ft_participants where seq=?
    Hibernate: delete from ft_participants where seq=?
    Hibernate: delete from ft_participants where seq=?
    Hibernate: delete from ft_participants where seq=?
    Hibernate: delete from ft_participants where seq=?
    Hibernate: delete from ft_participants where seq=?
    Hibernate: delete from ft_participants where seq=?
    Hibernate: delete from ft_participants where seq=?
    Hibernate: delete from ft_participants where seq=?
    Hibernate: delete from ft_participants where seq=?
    Hibernate: delete from ft_participants where seq=?
    Hibernate: delete from ft_participants where seq=?
    Hibernate: delete from ft_participants where seq=?
    Hibernate: delete from ft_participants where seq=?
    Hibernate: delete from ft_participants where seq=?
    Hibernate: delete from ft_participants where seq=?
    Hibernate: delete from ft_participants where seq=?
    Hibernate: delete from ft_participants where seq=?
    Hibernate: delete from ft_participants where seq=?
    Hibernate: delete from ft_participants where seq=?
    Hibernate: delete from ft_participants where seq=?
    Hibernate: delete from ft_participants where seq=?
    Hibernate: delete from ft_participants where seq=?
    Hibernate: delete from ft_participants where seq=?
    Hibernate: delete from ft_participants where seq=?
    Hibernate: delete from ft_participants where seq=?
    Hibernate: delete from ft_participants where seq=?
    Hibernate: delete from ft_participants where seq=?
    Hibernate: delete from ft_participants where seq=?
    Hibernate: delete from ft_participants where seq=?
    Hibernate: delete from ft_participants where seq=?
    Hibernate: delete from ft_participants where seq=?
    Hibernate: delete from ft_participants where seq=?
    Hibernate: delete from ft_participants where seq=?
    Hibernate: delete from ft_participants where seq=?
    Hibernate: delete from ft_participants where seq=?
    Hibernate: delete from ft_participants where seq=?
    Hibernate: delete from ft_participants where seq=?
    Hibernate: delete from ft_participants where seq=?
    Hibernate: delete from ft_participants where seq=?
    Hibernate: delete from ft_participants where seq=?
    Hibernate: delete from ft_participants where seq=?
    Hibernate: delete from ft_participants where seq=?
    Hibernate: delete from ft_participants where seq=?
    Hibernate: delete from ft_participants where seq=?
    Hibernate: delete from ft_participants where seq=?
    Hibernate: delete from ft_participants where seq=?
    Hibernate: delete from ft_participants where seq=?
    Hibernate: delete from ft_participants where seq=?
    Hibernate: delete from ft_participants where seq=?
    Hibernate: delete from ft_participants where seq=?
    Hibernate: delete from ft_participants where seq=?
    Hibernate: delete from ft_participants where seq=?
    Hibernate: delete from ft_participants where seq=?
    Hibernate: delete from ft_participants where seq=?
    Hibernate: delete from ft_participants where seq=?
    Hibernate: delete from ft_participants where seq=?
    Hibernate: delete from ft_participants where seq=?
    Hibernate: delete from ft_participants where seq=?
    Hibernate: delete from ft_participants where seq=?
    Hibernate: delete from ft_participants where seq=?
    Hibernate: delete from ft_participants where seq=?
    Hibernate: delete from ft_participants where seq=?
    Hibernate: delete from ft_participants where seq=?
    Hibernate: delete from ft_participants where seq=?
    Hibernate: delete from ft_participants where seq=?
    Hibernate: delete from ft_participants where seq=?
    Hibernate: delete from ft_participants where seq=?
    Hibernate: delete from ft_participants where seq=?
    Hibernate: delete from ft_participants where seq=?
    Hibernate: delete from ft_participants where seq=?
    Hibernate: delete from ft_participants where seq=?
    Hibernate: delete from ft_participants where seq=?
    Hibernate: delete from ft_participants where seq=?
    Hibernate: delete from ft_participants where seq=?
    Hibernate: delete from ft_participants where seq=?
    Hibernate: delete from ft_participants where seq=?
    Hibernate: delete from ft_participants where seq=?
    Hibernate: delete from ft_participants where seq=?
    Hibernate: delete from ft_participants where seq=?
    Hibernate: delete from ft_participants where seq=?
    Hibernate: delete from ft_participants where seq=?
    Hibernate: delete from ft_participants where seq=?
    Hibernate: delete from ft_participants where seq=?
    Hibernate: delete from ft_participants where seq=?
    Hibernate: delete from ft_participants where seq=?
    Hibernate: delete from ft_participants where seq=?
    Hibernate: delete from ft_participants where seq=?
    Hibernate: delete from ft_participants where seq=?
    Hibernate: delete from ft_participants where seq=?
    Hibernate: delete from ft_participants where seq=?
    Hibernate: delete from ft_participants where seq=?
    Hibernate: delete from ft_participants where seq=?
    Hibernate: delete from ft_participants where seq=?
    Hibernate: delete from ft_participants where seq=?
    Hibernate: delete from ft_participants where seq=?
    Hibernate: delete from ft_participants where seq=?
    Hibernate: delete from ft_participants where seq=?
    Hibernate: delete from ft_participants where seq=?
    Hibernate: delete from ft_participants where seq=?
    Hibernate: delete from ft_participants where seq=?
    Hibernate: delete from ft_participants where seq=?
    Hibernate: delete from ft_participants where seq=?
    Hibernate: delete from ft_participants where seq=?
    Hibernate: delete from ft_participants where seq=?
    Hibernate: delete from ft_participants where seq=?
    Hibernate: delete from ft_participants where seq=?
    Hibernate: delete from ft_participants where seq=?
    Hibernate: delete from ft_participants where seq=?
    Hibernate: delete from ft_participants where seq=?
    Hibernate: delete from ft_participants where seq=?
    Hibernate: delete from ft_participants where seq=?
    Hibernate: delete from ft_participants where seq=?
    Hibernate: delete from ft_participants where seq=?
    Hibernate: delete from ft_participants where seq=?
    Hibernate: delete from ft_participants where seq=?
    Hibernate: delete from ft_participants where seq=?
    Hibernate: delete from ft_participants where seq=?
    Hibernate: delete from ft_participants where seq=?
    Hibernate: delete from ft_participants where seq=?
    Hibernate: delete from ft_participants where seq=?
    Hibernate: delete from ft_participants where seq=?
    Hibernate: delete from ft_participants where seq=?
    Hibernate: delete from ft_participants where seq=?
    Hibernate: delete from ft_participants where seq=?
    Hibernate: delete from ft_participants where seq=?
    Hibernate: delete from ft_participants where seq=?
    Hibernate: delete from ft_participants where seq=?
    Hibernate: delete from ft_participants where seq=?
    Hibernate: delete from ft_participants where seq=?
    Hibernate: delete from ft_participants where seq=?
    Hibernate: delete from ft_participants where seq=?
    Hibernate: delete from ft_participants where seq=?
    Hibernate: delete from ft_participants where seq=?
    Hibernate: delete from ft_participants where seq=?
    Hibernate: delete from ft_participants where seq=?
    Hibernate: delete from ft_participants where seq=?
    Hibernate: delete from ft_participants where seq=?
    Hibernate: delete from ft_participants where seq=?
    Hibernate: delete from ft_participants where seq=?
    Hibernate: delete from ft_participants where seq=?
    Hibernate: delete from ft_participants where seq=?
    Hibernate: delete from ft_participants where seq=?
    Hibernate: delete from ft_participants where seq=?
    Hibernate: delete from ft_participants where seq=?
    Hibernate: delete from ft_participants where seq=?
    Hibernate: delete from ft_participants where seq=?
    Hibernate: delete from ft_participants where seq=?
    Hibernate: delete from ft_participants where seq=?
    Hibernate: delete from ft_participants where seq=?
    Hibernate: delete from ft_participants where seq=?
    Hibernate: delete from ft_participants where seq=?
    Hibernate: delete from ft_participants where seq=?
    Hibernate: delete from ft_participants where seq=?
    Hibernate: delete from ft_participants where seq=?
    Hibernate: delete from ft_participants where seq=?
    Hibernate: delete from ft_participants where seq=?
    Hibernate: delete from ft_participants where seq=?
    Hibernate: delete from ft_participants where seq=?
    Hibernate: delete from ft_participants where seq=?
    Hibernate: delete from ft_participants where seq=?
    Hibernate: delete from ft_participants where seq=?
    Hibernate: delete from ft_participants where seq=?
    Hibernate: delete from ft_participants where seq=?
    Hibernate: delete from ft_participants where seq=?
    Hibernate: delete from ft_participants where seq=?
    Hibernate: delete from ft_participants where seq=?
    Hibernate: delete from ft_participants where seq=?
    Hibernate: delete from ft_participants where seq=?
    Hibernate: delete from ft_participants where seq=?
    Hibernate: delete from ft_participants where seq=?
    Hibernate: delete from ft_participants where seq=?
    Hibernate: delete from ft_participants where seq=?
    Hibernate: delete from ft_participants where seq=?
    Hibernate: delete from ft_participants where seq=?
    Hibernate: delete from ft_participants where seq=?
    Hibernate: delete from ft_participants where seq=?
    Hibernate: delete from ft_participants where seq=?
    Hibernate: delete from ft_participants where seq=?
    Hibernate: delete from ft_participants where seq=?
    Hibernate: delete from ft_participants where seq=?
    Hibernate: delete from ft_participants where seq=?
    Hibernate: delete from ft_participants where seq=?
    Hibernate: delete from ft_participants where seq=?
    Hibernate: delete from ft_participants where seq=?
    Hibernate: delete from ft_participants where seq=?
    Hibernate: delete from ft_participants where seq=?
    Hibernate: delete from ft_participants where seq=?
    Hibernate: delete from ft_participants where seq=?
    Hibernate: delete from ft_participants where seq=?
    Hibernate: delete from ft_participants where seq=?
    Hibernate: delete from ft_participants where seq=?
    Hibernate: delete from ft_participants where seq=?
    Hibernate: delete from ft_participants where seq=?
    Hibernate: delete from ft_participants where seq=?
    Hibernate: delete from ft_participants where seq=?
    Hibernate: delete from ft_participants where seq=?
    Hibernate: delete from ft_participants where seq=?
    Hibernate: delete from ft_participants where seq=?
    Hibernate: delete from ft_participants where seq=?
    Hibernate: delete from ft_participants where seq=?
    Hibernate: delete from ft_participants where seq=?
    Hibernate: delete from ft_participants where seq=?
    Hibernate: delete from ft_participants where seq=?
    Hibernate: delete from ft_participants where seq=?
    Hibernate: delete from ft_participants where seq=?
    Hibernate: delete from ft_participants where seq=?
    Hibernate: delete from ft_participants where seq=?
    Hibernate: delete from ft_participants where seq=?
    Hibernate: delete from ft_participants where seq=?
    Hibernate: delete from ft_participants where seq=?
    Hibernate: delete from ft_participants where seq=?
    Hibernate: delete from ft_participants where seq=?
    Hibernate: delete from ft_participants where seq=?
    Hibernate: delete from ft_participants where seq=?
    Hibernate: delete from ft_participants where seq=?
    Hibernate: delete from ft_participants where seq=?
    Hibernate: delete from ft_participants where seq=?
    Hibernate: delete from ft_participants where seq=?
    Hibernate: delete from ft_participants where seq=?
    Hibernate: delete from ft_participants where seq=?
    Hibernate: delete from ft_participants where seq=?
    Hibernate: delete from ft_participants where seq=?
    Hibernate: delete from ft_participants where seq=?
    Hibernate: delete from ft_participants where seq=?
    Hibernate: delete from ft_participants where seq=?
    Hibernate: delete from ft_participants where seq=?
    Hibernate: delete from ft_participants where seq=?
    Hibernate: delete from ft_participants where seq=?
    Hibernate: delete from ft_participants where seq=?
    Hibernate: delete from ft_participants where seq=?
    Hibernate: delete from ft_participants where seq=?
    Hibernate: delete from ft_participants where seq=?
    Hibernate: delete from ft_participants where seq=?
    Hibernate: delete from ft_participants where seq=?
    Hibernate: delete from ft_participants where seq=?
    Hibernate: delete from ft_participants where seq=?
    Hibernate: delete from ft_participants where seq=?
    Hibernate: delete from ft_participants where seq=?
    Hibernate: delete from ft_participants where seq=?
    Hibernate: delete from ft_participants where seq=?
    Hibernate: delete from ft_participants where seq=?
    Hibernate: delete from ft_participants where seq=?
    Hibernate: delete from ft_participants where seq=?
    Hibernate: delete from ft_participants where seq=?
    Hibernate: delete from ft_participants where seq=?
    Hibernate: delete from ft_participants where seq=?
    Hibernate: delete from ft_participants where seq=?
    Hibernate: delete from ft_participants where seq=?
    Hibernate: delete from ft_participants where seq=?
    Hibernate: delete from ft_participants where seq=?
    Hibernate: delete from ft_participants where seq=?
    Hibernate: delete from ft_participants where seq=?
    Hibernate: delete from ft_participants where seq=?
    Hibernate: delete from ft_participants where seq=?
    Hibernate: delete from ft_participants where seq=?
    Hibernate: delete from ft_participants where seq=?
    Hibernate: delete from ft_participants where seq=?
    Hibernate: delete from ft_participants where seq=?
    Hibernate: delete from ft_participants where seq=?
    Hibernate: delete from ft_participants where seq=?
    Hibernate: delete from ft_participants where seq=?
    Hibernate: delete from ft_participants where seq=?
    Hibernate: delete from ft_participants where seq=?
    Hibernate: delete from ft_participants where seq=?
    Hibernate: delete from ft_participants where seq=?
    Hibernate: delete from ft_participants where seq=?
    Hibernate: delete from ft_participants where seq=?
    Hibernate: delete from ft_participants where seq=?
    Hibernate: delete from ft_participants where seq=?
    Hibernate: delete from ft_participants where seq=?
    Hibernate: delete from ft_participants where seq=?
    Hibernate: delete from ft_participants where seq=?
    Hibernate: delete from ft_participants where seq=?
    Hibernate: delete from ft_participants where seq=?
    Hibernate: delete from ft_participants where seq=?
    Hibernate: delete from ft_participants where seq=?
    Hibernate: delete from ft_participants where seq=?
    Hibernate: delete from ft_participants where seq=?
    Hibernate: delete from ft_participants where seq=?
    Hibernate: delete from ft_participants where seq=?
    Hibernate: delete from ft_participants where seq=?
    Hibernate: delete from ft_participants where seq=?
    Hibernate: delete from ft_participants where seq=?
    Hibernate: delete from ft_participants where seq=?
    Hibernate: delete from ft_participants where seq=?
    Hibernate: delete from ft_participants where seq=?
    Hibernate: delete from ft_participants where seq=?
    Hibernate: delete from ft_participants where seq=?
    Hibernate: delete from ft_participants where seq=?
    Hibernate: delete from ft_participants where seq=?
    Hibernate: delete from ft_participants where seq=?
    Hibernate: delete from ft_participants where seq=?
    Hibernate: delete from ft_participants where seq=?
    Hibernate: delete from ft_participants where seq=?
    Hibernate: delete from ft_participants where seq=?
    Hibernate: delete from ft_participants where seq=?
    Hibernate: delete from ft_participants where seq=?
    Hibernate: delete from ft_participants where seq=?
    Hibernate: delete from ft_participants where seq=?
    Hibernate: delete from ft_participants where seq=?
    Hibernate: delete from ft_participants where seq=?
    Hibernate: delete from ft_participants where seq=?
    Hibernate: delete from ft_participants where seq=?
    Hibernate: delete from ft_participants where seq=?
    Hibernate: delete from ft_participants where seq=?
    Hibernate: delete from ft_participants where seq=?
    Hibernate: delete from ft_participants where seq=?
    Hibernate: delete from ft_participants where seq=?
    Hibernate: delete from ft_participants where seq=?
    Hibernate: delete from ft_participants where seq=?
    Hibernate: delete from ft_participants where seq=?
    Hibernate: delete from ft_participants where seq=?
    Hibernate: delete from ft_participants where seq=?
    Hibernate: delete from ft_participants where seq=?
    Hibernate: delete from ft_participants where seq=?
    Hibernate: delete from ft_participants where seq=?
    Hibernate: delete from ft_participants where seq=?
    Hibernate: delete from ft_participants where seq=?
    Hibernate: delete from ft_participants where seq=?
    Hibernate: delete from ft_participants where seq=?
    Hibernate: delete from ft_participants where seq=?
    Hibernate: delete from ft_participants where seq=?
    Hibernate: delete from ft_participants where seq=?
    Hibernate: delete from ft_participants where seq=?
    Hibernate: delete from ft_participants where seq=?
    Hibernate: delete from ft_participants where seq=?
    Hibernate: delete from ft_participants where seq=?
    Hibernate: delete from ft_participants where seq=?
    Hibernate: delete from ft_participants where seq=?
    Hibernate: delete from ft_participants where seq=?
    Hibernate: delete from ft_participants where seq=?
    Hibernate: delete from ft_participants where seq=?
    Hibernate: delete from ft_participants where seq=?
    Hibernate: delete from ft_participants where seq=?
    Hibernate: delete from ft_participants where seq=?
    Hibernate: delete from ft_participants where seq=?
    Hibernate: delete from ft_participants where seq=?
    Hibernate: delete from ft_participants where seq=?
    Hibernate: delete from ft_participants where seq=?
    Hibernate: delete from ft_participants where seq=?
    Hibernate: delete from ft_participants where seq=?
    Hibernate: delete from ft_participants where seq=?
    Hibernate: delete from ft_participants where seq=?
    Hibernate: delete from ft_participants where seq=?
    Hibernate: delete from ft_participants where seq=?
    Hibernate: delete from ft_participants where seq=?
    Hibernate: delete from ft_participants where seq=?
    Hibernate: delete from ft_participants where seq=?
    Hibernate: delete from ft_participants where seq=?
    Hibernate: delete from ft_participants where seq=?
    Hibernate: delete from ft_participants where seq=?
    Hibernate: delete from ft_participants where seq=?
    Hibernate: delete from ft_participants where seq=?
    Hibernate: delete from ft_participants where seq=?
    Hibernate: delete from ft_participants where seq=?
    Hibernate: delete from ft_participants where seq=?
    Hibernate: delete from ft_participants where seq=?
    Hibernate: delete from ft_participants where seq=?
    Hibernate: delete from ft_participants where seq=?
    Hibernate: delete from ft_participants where seq=?
    Hibernate: delete from ft_participants where seq=?
    Hibernate: delete from ft_participants where seq=?
    Hibernate: delete from ft_participants where seq=?
    Hibernate: delete from ft_participants where seq=?
    Hibernate: delete from ft_participants where seq=?
    Hibernate: delete from ft_participants where seq=?
    Hibernate: delete from ft_participants where seq=?
    Hibernate: delete from ft_participants where seq=?
    Hibernate: delete from ft_participants where seq=?
    Hibernate: delete from ft_participants where seq=?
    Hibernate: delete from ft_participants where seq=?
    Hibernate: delete from ft_participants where seq=?
    Hibernate: delete from ft_participants where seq=?
    Hibernate: delete from ft_participants where seq=?
    Hibernate: delete from ft_participants where seq=?
    Hibernate: delete from ft_participants where seq=?
    Hibernate: delete from ft_participants where seq=?
    Hibernate: delete from ft_participants where seq=?
    Hibernate: delete from ft_participants where seq=?
    Hibernate: delete from ft_participants where seq=?
    Hibernate: delete from ft_participants where seq=?
    Hibernate: delete from ft_participants where seq=?
    Hibernate: delete from ft_participants where seq=?
    Hibernate: delete from ft_participants where seq=?
    Hibernate: delete from ft_participants where seq=?
    Hibernate: delete from ft_participants where seq=?
    Hibernate: delete from ft_participants where seq=?
    Hibernate: delete from ft_participants where seq=?
    Hibernate: delete from ft_participants where seq=?
    Hibernate: delete from ft_participants where seq=?
    Hibernate: delete from ft_participants where seq=?
    Hibernate: delete from ft_participants where seq=?
    Hibernate: delete from ft_participants where seq=?
    Hibernate: delete from ft_participants where seq=?
    Hibernate: delete from ft_participants where seq=?
    Hibernate: delete from ft_participants where seq=?
    Hibernate: delete from ft_participants where seq=?
    Hibernate: delete from ft_participants where seq=?
    Hibernate: delete from ft_participants where seq=?
    Hibernate: delete from ft_participants where seq=?
    Hibernate: delete from ft_participants where seq=?
    Hibernate: delete from ft_participants where seq=?
    Hibernate: delete from ft_participants where seq=?
    Hibernate: delete from ft_participants where seq=?
    Hibernate: delete from ft_participants where seq=?
    Hibernate: delete from ft_participants where seq=?
    Hibernate: delete from ft_participants where seq=?
    Hibernate: delete from ft_participants where seq=?
    Hibernate: delete from ft_participants where seq=?
    Hibernate: delete from ft_participants where seq=?
    Hibernate: delete from ft_participants where seq=?
    Hibernate: delete from ft_participants where seq=?
    Hibernate: delete from ft_participants where seq=?
    Hibernate: delete from ft_participants where seq=?
    Hibernate: delete from ft_participants where seq=?
    Hibernate: delete from ft_participants where seq=?
    Hibernate: delete from ft_participants where seq=?
    Hibernate: delete from ft_participants where seq=?
    Hibernate: delete from ft_participants where seq=?
    Hibernate: delete from ft_participants where seq=?
    Hibernate: delete from ft_participants where seq=?
    Hibernate: delete from ft_participants where seq=?
    Hibernate: delete from ft_participants where seq=?
    Hibernate: delete from ft_participants where seq=?
    Hibernate: delete from ft_participants where seq=?
    Hibernate: delete from ft_participants where seq=?
    Hibernate: delete from ft_participants where seq=?
    Hibernate: delete from ft_participants where seq=?
    Hibernate: delete from ft_participants where seq=?
    Hibernate: delete from ft_participants where seq=?
    Hibernate: delete from ft_participants where seq=?
    Hibernate: delete from ft_participants where seq=?
    Hibernate: delete from ft_participants where seq=?
    Hibernate: delete from ft_participants where seq=?
    Hibernate: delete from ft_participants where seq=?
    Hibernate: delete from ft_participants where seq=?
    Hibernate: delete from ft_participants where seq=?
    Hibernate: delete from ft_participants where seq=?
    Hibernate: delete from ft_participants where seq=?
    Hibernate: delete from ft_participants where seq=?
    Hibernate: delete from ft_participants where seq=?
    Hibernate: delete from ft_participants where seq=?
    Hibernate: delete from ft_participants where seq=?
    Hibernate: delete from ft_participants where seq=?
    Hibernate: delete from ft_participants where seq=?
    Hibernate: delete from ft_participants where seq=?
    Hibernate: delete from ft_participants where seq=?
    Hibernate: delete from ft_participants where seq=?
    Hibernate: delete from ft_participants where seq=?
    Hibernate: delete from ft_participants where seq=?
    Hibernate: delete from ft_participants where seq=?
    Hibernate: delete from ft_participants where seq=?
    Hibernate: delete from ft_participants where seq=?
    Hibernate: delete from ft_participants where seq=?
    Hibernate: delete from ft_participants where seq=?
    Hibernate: delete from ft_participants where seq=?
    Hibernate: delete from ft_participants where seq=?
    Hibernate: delete from ft_participants where seq=?
    Hibernate: delete from ft_participants where seq=?
    Hibernate: delete from ft_participants where seq=?
    Hibernate: delete from ft_participants where seq=?
    Hibernate: delete from ft_participants where seq=?
    Hibernate: delete from ft_participants where seq=?
    Hibernate: delete from ft_participants where seq=?
    Hibernate: delete from ft_participants where seq=?
    Hibernate: delete from ft_participants where seq=?
    Hibernate: delete from ft_participants where seq=?
    Hibernate: delete from ft_participants where seq=?
    Hibernate: delete from ft_participants where seq=?
    Hibernate: delete from ft_participants where seq=?
    Hibernate: delete from ft_participants where seq=?
    Hibernate: delete from ft_participants where seq=?
    Hibernate: delete from ft_participants where seq=?
    Hibernate: delete from ft_participants where seq=?
    Hibernate: delete from ft_participants where seq=?
    Hibernate: delete from ft_participants where seq=?
    Hibernate: delete from ft_participants where seq=?
    Hibernate: delete from ft_participants where seq=?
    Hibernate: delete from ft_participants where seq=?
    Hibernate: delete from ft_participants where seq=?
    Hibernate: delete from ft_participants where seq=?
    Hibernate: delete from ft_participants where seq=?
    Hibernate: delete from ft_participants where seq=?
    Hibernate: delete from ft_participants where seq=?
    Hibernate: delete from ft_participants where seq=?
    Hibernate: delete from ft_participants where seq=?
    Hibernate: delete from ft_participants where seq=?
    Hibernate: delete from ft_participants where seq=?
    Hibernate: delete from ft_participants where seq=?
    Hibernate: delete from ft_participants where seq=?
    Hibernate: delete from ft_participants where seq=?
    Hibernate: delete from ft_participants where seq=?
    Hibernate: delete from ft_participants where seq=?
    Hibernate: delete from ft_participants where seq=?
    Hibernate: delete from ft_participants where seq=?
    Hibernate: delete from ft_participants where seq=?
    Hibernate: delete from ft_participants where seq=?
    Hibernate: delete from ft_participants where seq=?
    Hibernate: delete from ft_participants where seq=?
    Hibernate: delete from ft_participants where seq=?
    Hibernate: delete from ft_participants where seq=?
    Hibernate: delete from ft_participants where seq=?
    Hibernate: delete from ft_participants where seq=?
    Hibernate: delete from ft_participants where seq=?
    Hibernate: delete from ft_participants where seq=?
    Hibernate: delete from ft_participants where seq=?
    Hibernate: delete from ft_participants where seq=?
    Hibernate: delete from ft_participants where seq=?
    Hibernate: delete from ft_participants where seq=?
    Hibernate: delete from ft_participants where seq=?
    Hibernate: delete from ft_participants where seq=?
    Hibernate: delete from ft_participants where seq=?
    Hibernate: delete from ft_participants where seq=?
    Hibernate: delete from ft_participants where seq=?
    Hibernate: delete from ft_participants where seq=?
    Hibernate: delete from ft_participants where seq=?
    Hibernate: delete from ft_participants where seq=?
    Hibernate: delete from ft_participants where seq=?
    Hibernate: delete from ft_participants where seq=?
    Hibernate: delete from ft_participants where seq=?
    Hibernate: delete from ft_participants where seq=?
    Hibernate: delete from ft_participants where seq=?
    Hibernate: delete from ft_participants where seq=?
    Hibernate: delete from ft_participants where seq=?
    Hibernate: delete from ft_participants where seq=?
    Hibernate: delete from ft_participants where seq=?
    Hibernate: delete from ft_participants where seq=?
    Hibernate: delete from ft_participants where seq=?
    Hibernate: delete from ft_participants where seq=?
    Hibernate: delete from ft_participants where seq=?
    Hibernate: delete from ft_participants where seq=?
    Hibernate: delete from ft_participants where seq=?
    Hibernate: delete from ft_participants where seq=?
    Hibernate: delete from ft_participants where seq=?
    Hibernate: delete from ft_participants where seq=?
    Hibernate: delete from ft_participants where seq=?
    Hibernate: delete from ft_participants where seq=?
    Hibernate: delete from ft_participants where seq=?
    Hibernate: delete from ft_participants where seq=?
    Hibernate: delete from ft_participants where seq=?
    Hibernate: delete from ft_participants where seq=?
    Hibernate: delete from ft_participants where seq=?
    Hibernate: delete from ft_participants where seq=?
    Hibernate: delete from ft_participants where seq=?
    Hibernate: delete from ft_participants where seq=?
    Hibernate: delete from ft_participants where seq=?
    Hibernate: delete from ft_participants where seq=?
    Hibernate: delete from ft_participants where seq=?
    Hibernate: delete from ft_participants where seq=?
    Hibernate: delete from ft_participants where seq=?
    Hibernate: delete from ft_participants where seq=?
    Hibernate: delete from ft_participants where seq=?
    Hibernate: delete from ft_participants where seq=?
    Hibernate: delete from ft_participants where seq=?
    Hibernate: delete from ft_participants where seq=?
    Hibernate: delete from ft_participants where seq=?
    Hibernate: delete from ft_participants where seq=?
    Hibernate: delete from ft_participants where seq=?
    Hibernate: delete from ft_participants where seq=?
    Hibernate: delete from ft_participants where seq=?
    Hibernate: delete from ft_participants where seq=?
    Hibernate: delete from ft_participants where seq=?
    Hibernate: delete from ft_participants where seq=?
    Hibernate: delete from ft_participants where seq=?
    Hibernate: delete from ft_participants where seq=?
    Hibernate: delete from ft_participants where seq=?
    Hibernate: delete from ft_participants where seq=?
    Hibernate: delete from ft_participants where seq=?
    Hibernate: delete from ft_participants where seq=?
    Hibernate: delete from ft_participants where seq=?
    Hibernate: delete from ft_participants where seq=?
    Hibernate: delete from ft_participants where seq=?
    Hibernate: delete from ft_participants where seq=?
    Hibernate: delete from ft_participants where seq=?
    Hibernate: delete from ft_participants where seq=?
    Hibernate: delete from ft_participants where seq=?
    Hibernate: delete from ft_participants where seq=?
    Hibernate: delete from ft_participants where seq=?
    Hibernate: delete from ft_participants where seq=?
    Hibernate: delete from ft_participants where seq=?
    Hibernate: delete from ft_participants where seq=?
    Hibernate: delete from ft_participants where seq=?
    Hibernate: delete from ft_participants where seq=?
    Hibernate: delete from ft_participants where seq=?
    Hibernate: delete from ft_participants where seq=?
    Hibernate: delete from ft_participants where seq=?
    Hibernate: delete from ft_participants where seq=?
    Hibernate: delete from ft_participants where seq=?
    Hibernate: delete from ft_participants where seq=?
    Hibernate: delete from ft_participants where seq=?
    Hibernate: delete from ft_participants where seq=?
    Hibernate: delete from ft_participants where seq=?
    Hibernate: delete from ft_participants where seq=?
    Hibernate: delete from ft_participants where seq=?
    Hibernate: delete from ft_participants where seq=?
    Hibernate: delete from ft_participants where seq=?
    Hibernate: delete from ft_participants where seq=?
    Hibernate: delete from ft_participants where seq=?
    Hibernate: delete from ft_participants where seq=?
    Hibernate: delete from ft_participants where seq=?
    Hibernate: delete from ft_participants where seq=?
    Hibernate: delete from ft_participants where seq=?
    Hibernate: delete from ft_participants where seq=?
    Hibernate: delete from ft_participants where seq=?
    Hibernate: delete from ft_participants where seq=?
    Hibernate: delete from ft_participants where seq=?
    Hibernate: delete from ft_participants where seq=?
    Hibernate: delete from ft_participants where seq=?
    Hibernate: delete from ft_participants where seq=?
    Hibernate: delete from ft_participants where seq=?
    Hibernate: delete from ft_participants where seq=?
    Hibernate: delete from ft_participants where seq=?
    Hibernate: delete from ft_participants where seq=?
    Hibernate: delete from ft_participants where seq=?
    Hibernate: delete from ft_participants where seq=?
    Hibernate: delete from ft_participants where seq=?
    Hibernate: delete from ft_participants where seq=?
    Hibernate: delete from ft_participants where seq=?
    Hibernate: delete from ft_participants where seq=?
    Hibernate: delete from ft_participants where seq=?
    Hibernate: delete from ft_participants where seq=?
    Hibernate: delete from ft_participants where seq=?
    Hibernate: delete from ft_participants where seq=?
    Hibernate: delete from ft_participants where seq=?
    Hibernate: delete from ft_participants where seq=?
    Hibernate: delete from ft_participants where seq=?
    Hibernate: delete from ft_participants where seq=?
    Hibernate: delete from ft_participants where seq=?
    Hibernate: delete from ft_participants where seq=?
    Hibernate: delete from ft_participants where seq=?
    Hibernate: delete from ft_participants where seq=?
    Hibernate: delete from ft_participants where seq=?
    Hibernate: delete from ft_participants where seq=?
    Hibernate: delete from ft_participants where seq=?
    Hibernate: delete from ft_participants where seq=?
    Hibernate: delete from ft_participants where seq=?
    Hibernate: delete from ft_participants where seq=?
    Hibernate: delete from ft_participants where seq=?
    Hibernate: delete from ft_participants where seq=?
    Hibernate: delete from ft_participants where seq=?
    Hibernate: delete from ft_participants where seq=?
    Hibernate: delete from ft_participants where seq=?
    Hibernate: delete from ft_participants where seq=?
    Hibernate: delete from ft_participants where seq=?
    Hibernate: delete from ft_participants where seq=?
    Hibernate: delete from ft_participants where seq=?
    Hibernate: delete from ft_participants where seq=?
    Hibernate: delete from ft_participants where seq=?
    Hibernate: delete from ft_participants where seq=?
    Hibernate: delete from ft_participants where seq=?
    Hibernate: delete from ft_participants where seq=?
    Hibernate: delete from ft_participants where seq=?
    Hibernate: delete from ft_participants where seq=?
    Hibernate: delete from ft_participants where seq=?
    Hibernate: delete from ft_participants where seq=?
    Hibernate: delete from ft_participants where seq=?
    Hibernate: delete from ft_participants where seq=?
    Hibernate: delete from ft_participants where seq=?
    Hibernate: delete from ft_participants where seq=?
    Hibernate: delete from ft_participants where seq=?
    Hibernate: delete from ft_participants where seq=?
    Hibernate: delete from ft_participants where seq=?
    Hibernate: delete from ft_participants where seq=?
    Hibernate: delete from ft_participants where seq=?
    Hibernate: delete from ft_participants where seq=?
    Hibernate: delete from ft_participants where seq=?
    Hibernate: delete from ft_participants where seq=?
    Hibernate: delete from ft_participants where seq=?
    Hibernate: delete from ft_participants where seq=?
    Hibernate: delete from ft_participants where seq=?
    Hibernate: delete from ft_participants where seq=?
    Hibernate: delete from ft_participants where seq=?
    Hibernate: delete from ft_participants where seq=?
    Hibernate: delete from ft_participants where seq=?
    Hibernate: delete from ft_participants where seq=?
    Hibernate: delete from ft_participants where seq=?
    Hibernate: delete from ft_participants where seq=?
    Hibernate: delete from ft_participants where seq=?
    Hibernate: delete from ft_participants where seq=?
    Hibernate: delete from ft_participants where seq=?
    Hibernate: delete from ft_participants where seq=?
    Hibernate: delete from ft_participants where seq=?
    Hibernate: delete from ft_participants where seq=?
    Hibernate: delete from ft_participants where seq=?
    Hibernate: delete from ft_participants where seq=?
    Hibernate: delete from ft_participants where seq=?
    Hibernate: delete from ft_participants where seq=?
    Hibernate: delete from ft_participants where seq=?
    Hibernate: delete from ft_participants where seq=?
    Hibernate: delete from ft_participants where seq=?
    Hibernate: delete from ft_participants where seq=?
    Hibernate: delete from ft_participants where seq=?
    Hibernate: delete from ft_participants where seq=?
    Hibernate: delete from ft_participants where seq=?
    Hibernate: delete from ft_participants where seq=?
    Hibernate: delete from ft_participants where seq=?
    Hibernate: delete from ft_participants where seq=?
    Hibernate: delete from ft_participants where seq=?
    Hibernate: delete from ft_participants where seq=?
    Hibernate: delete from ft_participants where seq=?
    Hibernate: delete from ft_participants where seq=?
    Hibernate: delete from ft_participants where seq=?
    Hibernate: delete from ft_participants where seq=?
    Hibernate: delete from ft_participants where seq=?
    Hibernate: delete from ft_participants where seq=?
    Hibernate: delete from ft_participants where seq=?
    Hibernate: delete from ft_participants where seq=?
    Hibernate: delete from ft_participants where seq=?
    Hibernate: delete from ft_participants where seq=?
    Hibernate: delete from ft_participants where seq=?
    Hibernate: delete from ft_participants where seq=?
    Hibernate: delete from ft_participants where seq=?
    Hibernate: delete from ft_participants where seq=?
    Hibernate: delete from ft_participants where seq=?
    Hibernate: delete from ft_participants where seq=?
    Hibernate: delete from ft_participants where seq=?
    Hibernate: delete from ft_participants where seq=?
    Hibernate: delete from ft_participants where seq=?
    Hibernate: delete from ft_participants where seq=?
    Hibernate: delete from ft_participants where seq=?
    Hibernate: delete from ft_participants where seq=?
    Hibernate: delete from ft_participants where seq=?
    Hibernate: delete from ft_participants where seq=?
    Hibernate: delete from ft_participants where seq=?
    Hibernate: delete from ft_participants where seq=?
    Hibernate: delete from ft_participants where seq=?
    Hibernate: delete from ft_participants where seq=?
    Hibernate: delete from ft_participants where seq=?
    Hibernate: delete from ft_participants where seq=?
    Hibernate: delete from ft_participants where seq=?
    Hibernate: delete from ft_participants where seq=?
    Hibernate: delete from ft_participants where seq=?
    Hibernate: delete from ft_participants where seq=?
    Hibernate: delete from ft_participants where seq=?
    Hibernate: delete from ft_participants where seq=?
    Hibernate: delete from ft_participants where seq=?
    Hibernate: delete from ft_participants where seq=?
    Hibernate: delete from ft_participants where seq=?
    Hibernate: delete from ft_participants where seq=?
    Hibernate: delete from ft_participants where seq=?
    Hibernate: delete from ft_participants where seq=?
    Hibernate: delete from ft_participants where seq=?
    Hibernate: delete from ft_participants where seq=?
    Hibernate: delete from ft_participants where seq=?
    Hibernate: delete from ft_participants where seq=?
    Hibernate: delete from ft_participants where seq=?
    Hibernate: delete from ft_participants where seq=?
    Hibernate: delete from ft_participants where seq=?
    Hibernate: delete from ft_participants where seq=?
    Hibernate: delete from ft_participants where seq=?
    Hibernate: delete from ft_participants where seq=?
    Hibernate: delete from ft_participants where seq=?
    Hibernate: delete from ft_participants where seq=?
    Hibernate: delete from ft_participants where seq=?
    Hibernate: delete from ft_participants where seq=?
    Hibernate: delete from ft_participants where seq=?
    Hibernate: delete from ft_participants where seq=?
    Hibernate: delete from ft_participants where seq=?
    Hibernate: delete from ft_participants where seq=?
    Hibernate: delete from ft_participants where seq=?
    Hibernate: delete from ft_participants where seq=?
    Hibernate: delete from ft_participants where seq=?
    Hibernate: delete from ft_participants where seq=?
    Hibernate: delete from ft_participants where seq=?
    Hibernate: delete from ft_participants where seq=?
    Hibernate: delete from ft_participants where seq=?
    Hibernate: delete from ft_participants where seq=?
    Hibernate: delete from ft_participants where seq=?
    Hibernate: delete from ft_participants where seq=?
    Hibernate: delete from ft_participants where seq=?
    Hibernate: delete from ft_participants where seq=?
    Hibernate: delete from ft_participants where seq=?
    Hibernate: delete from ft_participants where seq=?
    Hibernate: delete from ft_participants where seq=?
    Hibernate: delete from ft_participants where seq=?
    Hibernate: delete from ft_participants where seq=?
    Hibernate: delete from ft_participants where seq=?
    Hibernate: delete from ft_participants where seq=?
    Hibernate: delete from ft_participants where seq=?
    Hibernate: delete from ft_participants where seq=?
    Hibernate: delete from ft_participants where seq=?
    Hibernate: delete from ft_participants where seq=?
    Hibernate: delete from ft_participants where seq=?
    Hibernate: delete from ft_participants where seq=?
    Hibernate: delete from ft_participants where seq=?
    Hibernate: delete from ft_participants where seq=?
    Hibernate: delete from ft_participants where seq=?
    Hibernate: delete from ft_participants where seq=?
    Hibernate: delete from ft_participants where seq=?
    Hibernate: delete from ft_participants where seq=?
    Hibernate: delete from ft_participants where seq=?
    Hibernate: delete from ft_participants where seq=?
    Hibernate: delete from ft_participants where seq=?
    Hibernate: delete from ft_participants where seq=?
    Hibernate: delete from ft_participants where seq=?
    Hibernate: delete from ft_participants where seq=?
    Hibernate: delete from ft_participants where seq=?
    Hibernate: delete from ft_participants where seq=?
    Hibernate: delete from ft_participants where seq=?
    Hibernate: delete from ft_participants where seq=?
    Hibernate: delete from ft_participants where seq=?
    Hibernate: delete from ft_participants where seq=?
    Hibernate: delete from ft_participants where seq=?
    Hibernate: delete from ft_participants where seq=?
    Hibernate: delete from ft_participants where seq=?
    Hibernate: delete from ft_participants where seq=?
    Hibernate: delete from ft_participants where seq=?
    Hibernate: delete from ft_participants where seq=?
    Hibernate: delete from ft_participants where seq=?
    Hibernate: delete from ft_participants where seq=?
    Hibernate: delete from ft_participants where seq=?
    Hibernate: delete from ft_participants where seq=?
    Hibernate: delete from ft_participants where seq=?
    Hibernate: delete from ft_participants where seq=?
    Hibernate: delete from ft_participants where seq=?
    Hibernate: delete from ft_participants where seq=?
    Hibernate: delete from ft_participants where seq=?
    Hibernate: delete from ft_participants where seq=?
    Hibernate: delete from ft_participants where seq=?
    Hibernate: delete from ft_participants where seq=?
    Hibernate: delete from ft_participants where seq=?
    Hibernate: delete from ft_participants where seq=?
    Hibernate: delete from ft_participants where seq=?
    Hibernate: delete from ft_participants where seq=?
    Hibernate: delete from ft_participants where seq=?
    Hibernate: delete from ft_participants where seq=?
    Hibernate: delete from ft_participants where seq=?
    Hibernate: delete from ft_participants where seq=?
    Hibernate: delete from ft_participants where seq=?
    Hibernate: delete from ft_participants where seq=?
    Hibernate: delete from ft_participants where seq=?
    Hibernate: delete from ft_participants where seq=?
    Hibernate: delete from ft_participants where seq=?
    Hibernate: delete from ft_participants where seq=?
    Hibernate: delete from ft_participants where seq=?
    Hibernate: delete from ft_participants where seq=?
    Hibernate: delete from ft_participants where seq=?
    Hibernate: delete from ft_participants where seq=?
    Hibernate: delete from ft_participants where seq=?
    Hibernate: delete from ft_participants where seq=?
    Hibernate: delete from ft_participants where seq=?
    Hibernate: delete from ft_participants where seq=?
    Hibernate: delete from ft_participants where seq=?
    Hibernate: delete from ft_participants where seq=?
    Hibernate: delete from ft_participants where seq=?
    Hibernate: delete from ft_participants where seq=?
    Hibernate: delete from ft_participants where seq=?
    Hibernate: delete from ft_participants where seq=?
    Hibernate: delete from ft_participants where seq=?
    Hibernate: delete from ft_participants where seq=?
    Hibernate: delete from ft_participants where seq=?
    Hibernate: delete from ft_participants where seq=?
    Hibernate: delete from ft_participants where seq=?
    Hibernate: delete from ft_participants where seq=?
    Hibernate: delete from ft_participants where seq=?
    Hibernate: delete from ft_participants where seq=?
    Hibernate: delete from ft_participants where seq=?
    Hibernate: delete from ft_participants where seq=?
    Hibernate: delete from ft_participants where seq=?
    Hibernate: delete from ft_participants where seq=?
    Hibernate: delete from ft_participants where seq=?
    Hibernate: delete from ft_participants where seq=?
    Hibernate: delete from ft_participants where seq=?
    Hibernate: delete from ft_participants where seq=?
    Hibernate: delete from ft_participants where seq=?
    Hibernate: delete from ft_participants where seq=?
    Hibernate: delete from ft_participants where seq=?
    Hibernate: delete from ft_participants where seq=?
    Hibernate: delete from ft_participants where seq=?
    Hibernate: delete from ft_participants where seq=?
    Hibernate: delete from ft_participants where seq=?
    Hibernate: delete from ft_participants where seq=?
    Hibernate: delete from ft_participants where seq=?
    Hibernate: delete from ft_participants where seq=?
    Hibernate: delete from ft_participants where seq=?
    Hibernate: delete from ft_participants where seq=?
    Hibernate: delete from ft_participants where seq=?
    Hibernate: delete from ft_participants where seq=?
    Hibernate: delete from ft_participants where seq=?
    Hibernate: delete from ft_participants where seq=?
    Hibernate: delete from ft_participants where seq=?
    Hibernate: delete from ft_participants where seq=?
    Hibernate: delete from ft_participants where seq=?
    Hibernate: delete from ft_participants where seq=?
    Hibernate: delete from ft_participants where seq=?
    Hibernate: delete from ft_participants where seq=?
    Hibernate: delete from ft_participants where seq=?
    Hibernate: delete from ft_participants where seq=?
    Hibernate: delete from ft_participants where seq=?
    Hibernate: delete from ft_participants where seq=?
    Hibernate: delete from ft_participants where seq=?
    Hibernate: delete from ft_participants where seq=?
    Hibernate: delete from ft_participants where seq=?
    Hibernate: delete from ft_participants where seq=?
    Hibernate: delete from ft_participants where seq=?
    Hibernate: delete from ft_participants where seq=?
    Hibernate: delete from ft_participants where seq=?
    Hibernate: delete from ft_participants where seq=?
    Hibernate: delete from ft_participants where seq=?
    Hibernate: delete from ft_participants where seq=?
    Hibernate: delete from ft_participants where seq=?
    Hibernate: delete from ft_participants where seq=?
    Hibernate: delete from ft_participants where seq=?
    Hibernate: delete from ft_participants where seq=?
    Hibernate: delete from ft_participants where seq=?
    Hibernate: delete from ft_participants where seq=?
    Hibernate: delete from ft_participants where seq=?
    Hibernate: delete from ft_participants where seq=?
    Hibernate: delete from ft_participants where seq=?
    Hibernate: delete from ft_participants where seq=?
    Hibernate: delete from ft_participants where seq=?
    Hibernate: delete from ft_participants where seq=?
    Hibernate: delete from ft_participants where seq=?
    Hibernate: delete from ft_participants where seq=?
    Hibernate: delete from ft_participants where seq=?
    Hibernate: delete from ft_participants where seq=?
    Hibernate: delete from ft_participants where seq=?
    Hibernate: delete from ft_participants where seq=?
    Hibernate: delete from ft_participants where seq=?
    Hibernate: delete from ft_participants where seq=?
    Hibernate: delete from ft_participants where seq=?
    Hibernate: delete from ft_participants where seq=?
    Hibernate: delete from ft_participants where seq=?
    Hibernate: delete from ft_participants where seq=?
    Hibernate: delete from ft_participants where seq=?
    Hibernate: delete from ft_participants where seq=?
    Hibernate: delete from ft_participants where seq=?
    Hibernate: delete from ft_participants where seq=?
    Hibernate: delete from ft_participants where seq=?
    Hibernate: delete from ft_participants where seq=?
    Hibernate: delete from ft_participants where seq=?
    Hibernate: delete from ft_participants where seq=?
    Hibernate: delete from ft_participants where seq=?
    Hibernate: delete from ft_participants where seq=?
    Hibernate: delete from ft_participants where seq=?
    Hibernate: delete from ft_participants where seq=?
    Hibernate: delete from ft_participants where seq=?
    Hibernate: delete from ft_participants where seq=?
    Hibernate: delete from ft_participants where seq=?
    Hibernate: delete from ft_participants where seq=?
    Hibernate: delete from ft_participants where seq=?
    Hibernate: delete from ft_participants where seq=?
    Hibernate: delete from ft_participants where seq=?
    Hibernate: delete from ft_participants where seq=?
    Hibernate: delete from ft_participants where seq=?
    Hibernate: delete from ft_participants where seq=?
    Hibernate: delete from ft_participants where seq=?
    Hibernate: delete from ft_participants where seq=?
    Hibernate: delete from ft_participants where seq=?
    Hibernate: delete from ft_participants where seq=?
    Hibernate: delete from ft_participants where seq=?
    Hibernate: delete from ft_participants where seq=?
    Hibernate: delete from ft_participants where seq=?
    Hibernate: delete from ft_participants where seq=?
    Hibernate: delete from ft_participants where seq=?
    Hibernate: delete from ft_participants where seq=?
    Hibernate: delete from ft_participants where seq=?
    Hibernate: delete from ft_participants where seq=?
    Hibernate: delete from ft_participants where seq=?
    Hibernate: delete from ft_participants where seq=?
    Hibernate: delete from ft_participants where seq=?
    Hibernate: delete from ft_participants where seq=?
    Hibernate: delete from ft_participants where seq=?
    Hibernate: delete from ft_participants where seq=?
    Hibernate: delete from ft_participants where seq=?
    Hibernate: delete from ft_participants where seq=?
    Hibernate: delete from ft_participants where seq=?
    Hibernate: delete from ft_participants where seq=?
    Hibernate: delete from ft_participants where seq=?
    Hibernate: delete from ft_participants where seq=?
    Hibernate: delete from ft_participants where seq=?
    Hibernate: delete from ft_participants where seq=?
    Hibernate: delete from ft_participants where seq=?
    Hibernate: delete from ft_participants where seq=?
    Hibernate: delete from ft_participants where seq=?
    Hibernate: delete from ft_participants where seq=?
    Hibernate: delete from ft_participants where seq=?
    Hibernate: delete from ft_participants where seq=?
    Hibernate: delete from ft_participants where seq=?
    Hibernate: delete from ft_participants where seq=?
    Hibernate: delete from ft_participants where seq=?
    Hibernate: delete from ft_participants where seq=?
    Hibernate: delete from ft_participants where seq=?
    Hibernate: delete from ft_participants where seq=?
    Hibernate: delete from ft_participants where seq=?
    Hibernate: delete from ft_participants where seq=?
    Hibernate: delete from ft_participants where seq=?
    Hibernate: delete from ft_participants where seq=?
    Hibernate: delete from ft_participants where seq=?
    Hibernate: delete from ft_participants where seq=?
    Hibernate: delete from ft_participants where seq=?
    Hibernate: delete from ft_participants where seq=?
    Hibernate: delete from ft_participants where seq=?
    Hibernate: delete from ft_participants where seq=?
    Hibernate: delete from ft_participants where seq=?
    Hibernate: delete from ft_participants where seq=?
    Hibernate: delete from ft_participants where seq=?
    Hibernate: delete from ft_participants where seq=?
    Hibernate: delete from ft_participants where seq=?
    Hibernate: delete from ft_participants where seq=?
    Hibernate: delete from ft_participants where seq=?
    Hibernate: delete from ft_participants where seq=?
    Hibernate: delete from ft_participants where seq=?
    Hibernate: delete from ft_participants where seq=?
    Hibernate: delete from ft_participants where seq=?
    Hibernate: delete from ft_participants where seq=?
    Hibernate: delete from ft_participants where seq=?
    Hibernate: delete from ft_participants where seq=?
    Hibernate: delete from ft_participants where seq=?
    Hibernate: delete from ft_participants where seq=?
    Hibernate: delete from ft_participants where seq=?
    Hibernate: delete from ft_participants where seq=?
    Hibernate: delete from ft_participants where seq=?
    Hibernate: delete from ft_participants where seq=?
    Hibernate: delete from ft_participants where seq=?
    Hibernate: delete from ft_participants where seq=?
    Hibernate: delete from ft_participants where seq=?
    Hibernate: delete from ft_participants where seq=?
    Hibernate: delete from ft_participants where seq=?
    Hibernate: delete from ft_participants where seq=?
    Hibernate: delete from ft_participants where seq=?
    Hibernate: delete from ft_participants where seq=?
    Hibernate: delete from ft_participants where seq=?
    Hibernate: delete from ft_participants where seq=?
    Hibernate: delete from ft_participants where seq=?
    Hibernate: delete from ft_participants where seq=?
    Hibernate: delete from ft_participants where seq=?
    Hibernate: delete from ft_participants where seq=?
    Hibernate: delete from ft_participants where seq=?
    Hibernate: delete from ft_participants where seq=?
    Hibernate: delete from ft_participants where seq=?
    Hibernate: delete from ft_participants where seq=?
    Hibernate: delete from ft_participants where seq=?
    Hibernate: delete from ft_participants where seq=?
    Hibernate: delete from ft_participants where seq=?
    Hibernate: delete from ft_participants where seq=?
    Hibernate: delete from ft_participants where seq=?
    Hibernate: delete from ft_participants where seq=?
    Hibernate: delete from ft_participants where seq=?
    Hibernate: delete from ft_participants where seq=?
    Hibernate: delete from ft_participants where seq=?
    Hibernate: delete from ft_participants where seq=?
    Hibernate: delete from ft_participants where seq=?
    Hibernate: delete from ft_participants where seq=?
    Hibernate: delete from ft_participants where seq=?
    Hibernate: delete from ft_participants where seq=?
    Hibernate: delete from ft_participants where seq=?
    Hibernate: delete from ft_participants where seq=?
    Hibernate: delete from ft_participants where seq=?
    Hibernate: delete from ft_participants where seq=?
    Hibernate: delete from ft_participants where seq=?
    Hibernate: delete from ft_participants where seq=?
    Hibernate: delete from ft_participants where seq=?
    Hibernate: delete from ft_participants where seq=?
    Hibernate: delete from ft_participants where seq=?
    Hibernate: delete from ft_participants where seq=?
    Hibernate: delete from ft_participants where seq=?
    Hibernate: delete from ft_participants where seq=?
    Hibernate: delete from ft_participants where seq=?
    Hibernate: delete from ft_participants where seq=?
    Hibernate: delete from ft_participants where seq=?
    Hibernate: delete from ft_participants where seq=?
    Hibernate: delete from ft_participants where seq=?
    Hibernate: delete from ft_participants where seq=?
    Hibernate: delete from ft_participants where seq=?
    Hibernate: delete from ft_participants where seq=?
    Hibernate: delete from ft_participants where seq=?
    Hibernate: delete from ft_participants where seq=?
    Hibernate: delete from ft_participants where seq=?
    Hibernate: delete from ft_participants where seq=?
    Hibernate: delete from ft_participants where seq=?
    Hibernate: delete from ft_participants where seq=?
    Hibernate: delete from ft_participants where seq=?
    Hibernate: delete from ft_participants where seq=?
    Hibernate: delete from ft_participants where seq=?
    Hibernate: delete from ft_participants where seq=?
    Hibernate: delete from ft_participants where seq=?
    Hibernate: delete from ft_participants where seq=?
    Hibernate: delete from ft_participants where seq=?
    Hibernate: delete from ft_participants where seq=?
    Hibernate: delete from ft_participants where seq=?
    Hibernate: delete from ft_participants where seq=?
    Hibernate: delete from ft_participants where seq=?
    Hibernate: delete from ft_participants where seq=?
    Hibernate: delete from ft_participants where seq=?
    Hibernate: delete from ft_participants where seq=?
    Hibernate: delete from ft_participants where seq=?
    Hibernate: delete from ft_participants where seq=?
    Hibernate: delete from ft_participants where seq=?
    Hibernate: delete from ft_participants where seq=?
    Hibernate: delete from ft_participants where seq=?
    Hibernate: delete from ft_participants where seq=?
    Hibernate: delete from ft_participants where seq=?
    Hibernate: delete from ft_participants where seq=?
    Hibernate: delete from ft_participants where seq=?
    Hibernate: delete from ft_participants where seq=?
    Hibernate: delete from ft_participants where seq=?
    Hibernate: delete from ft_participants where seq=?
    Hibernate: delete from ft_participants where seq=?
    Hibernate: delete from ft_participants where seq=?
    Hibernate: delete from ft_participants where seq=?
    Hibernate: delete from ft_participants where seq=?
    Hibernate: delete from ft_participants where seq=?
    Hibernate: delete from ft_participants where seq=?
    Hibernate: delete from ft_participants where seq=?
    Hibernate: delete from ft_participants where seq=?
    Hibernate: delete from ft_participants where seq=?
    Hibernate: delete from ft_participants where seq=?
    Hibernate: delete from ft_participants where seq=?
    Hibernate: delete from ft_participants where seq=?
    Hibernate: delete from ft_participants where seq=?
    Hibernate: delete from ft_participants where seq=?
    Hibernate: delete from ft_participants where seq=?
    Hibernate: delete from ft_participants where seq=?
    Hibernate: delete from ft_participants where seq=?
    Hibernate: delete from ft_participants where seq=?
    Hibernate: delete from ft_participants where seq=?
    Hibernate: delete from ft_participants where seq=?
    Hibernate: delete from ft_participants where seq=?
    Hibernate: delete from ft_participants where seq=?
    Hibernate: delete from ft_participants where seq=?
    Hibernate: delete from ft_participants where seq=?
    Hibernate: delete from ft_participants where seq=?
    Hibernate: delete from ft_participants where seq=?
    Hibernate: delete from ft_participants where seq=?
    Hibernate: delete from ft_participants where seq=?
    Hibernate: delete from ft_participants where seq=?
    Hibernate: delete from ft_participants where seq=?
    Hibernate: delete from ft_participants where seq=?
    Hibernate: delete from ft_participants where seq=?
    Hibernate: delete from ft_participants where seq=?
    Hibernate: delete from ft_participants where seq=?
    Hibernate: delete from ft_participants where seq=?
    Hibernate: delete from ft_participants where seq=?
    Hibernate: delete from ft_participants where seq=?
    Hibernate: delete from ft_participants where seq=?
    Hibernate: delete from ft_participants where seq=?
    Hibernate: delete from ft_participants where seq=?
    Hibernate: delete from ft_participants where seq=?
    Hibernate: delete from ft_participants where seq=?
    Hibernate: delete from ft_participants where seq=?
    Hibernate: delete from ft_participants where seq=?
    Hibernate: delete from ft_participants where seq=?
    Hibernate: delete from ft_participants where seq=?
    Hibernate: delete from ft_participants where seq=?
    Hibernate: delete from ft_participants where seq=?
    Hibernate: delete from ft_participants where seq=?
    Hibernate: delete from ft_participants where seq=?
    Hibernate: delete from ft_participants where seq=?
    Hibernate: delete from ft_participants where seq=?
    Hibernate: delete from ft_participants where seq=?
    Hibernate: delete from ft_participants where seq=?
    Hibernate: delete from ft_participants where seq=?
    Hibernate: delete from ft_participants where seq=?
    Hibernate: delete from ft_participants where seq=?
    Hibernate: delete from ft_participants where seq=?
    Hibernate: delete from ft_participants where seq=?
    Hibernate: delete from ft_participants where seq=?
    Hibernate: delete from ft_participants where seq=?
    Hibernate: delete from ft_participants where seq=?
    Hibernate: delete from ft_participants where seq=?
    Hibernate: delete from ft_participants where seq=?
    Hibernate: delete from ft_participants where seq=?
    Hibernate: delete from ft_participants where seq=?
    Hibernate: delete from ft_participants where seq=?
    Hibernate: delete from ft_participants where seq=?
    Hibernate: delete from ft_participants where seq=?
    Hibernate: delete from ft_participants where seq=?
    Hibernate: delete from ft_participants where seq=?
    Hibernate: delete from ft_participants where seq=?
    Hibernate: delete from ft_participants where seq=?
    Hibernate: delete from ft_participants where seq=?
    Hibernate: delete from ft_participants where seq=?
    Hibernate: delete from ft_participants where seq=?
    Hibernate: delete from ft_participants where seq=?
    Hibernate: delete from ft_participants where seq=?
    Hibernate: delete from ft_participants where seq=?
    Hibernate: delete from ft_participants where seq=?
    Hibernate: delete from ft_participants where seq=?
    Hibernate: delete from ft_participants where seq=?
    Hibernate: delete from ft_participants where seq=?
    Hibernate: delete from ft_participants where seq=?
    Hibernate: delete from ft_participants where seq=?
    Hibernate: delete from ft_participants where seq=?
    Hibernate: delete from ft_participants where seq=?
    Hibernate: delete from ft_participants where seq=?
    Hibernate: delete from ft_participants where seq=?
    Hibernate: delete from ft_participants where seq=?
    Hibernate: delete from ft_participants where seq=?
    Hibernate: delete from ft_participants where seq=?
    Hibernate: delete from ft_participants where seq=?
    Hibernate: delete from ft_participants where seq=?
    Hibernate: delete from ft_participants where seq=?
    Hibernate: delete from ft_participants where seq=?
    Hibernate: delete from ft_participants where seq=?
    Hibernate: delete from ft_participants where seq=?
    Hibernate: delete from ft_participants where seq=?
    Hibernate: delete from ft_participants where seq=?
    Hibernate: delete from ft_participants where seq=?
    Hibernate: delete from ft_participants where seq=?
    Hibernate: delete from ft_participants where seq=?
    Hibernate: delete from ft_participants where seq=?
    Hibernate: delete from ft_participants where seq=?
    Hibernate: delete from ft_participants where seq=?
    Hibernate: delete from ft_participants where seq=?
    Hibernate: delete from ft_participants where seq=?
    Hibernate: delete from ft_participants where seq=?
    Hibernate: delete from ft_participants where seq=?
    Hibernate: delete from ft_participants where seq=?
    Hibernate: delete from ft_participants where seq=?
    Hibernate: delete from ft_participants where seq=?
    Hibernate: delete from ft_participants where seq=?
    Hibernate: delete from ft_participants where seq=?
    Hibernate: delete from ft_participants where seq=?
    Hibernate: delete from ft_participants where seq=?
    Hibernate: delete from ft_participants where seq=?
    Hibernate: delete from ft_participants where seq=?
    Hibernate: delete from ft_participants where seq=?
    Hibernate: delete from ft_participants where seq=?
    Hibernate: delete from ft_participants where seq=?
    Hibernate: delete from ft_participants where seq=?
    Hibernate: delete from ft_participants where seq=?
    Hibernate: delete from ft_participants where seq=?
    Hibernate: delete from ft_participants where seq=?
    Hibernate: delete from ft_participants where seq=?
    Hibernate: delete from ft_participants where seq=?
    Hibernate: delete from ft_participants where seq=?
    Hibernate: delete from ft_participants where seq=?
    Hibernate: delete from ft_participants where seq=?
    Hibernate: delete from ft_participants where seq=?
    Hibernate: delete from ft_participants where seq=?
    Hibernate: delete from ft_participants where seq=?
    Hibernate: delete from ft_participants where seq=?
    Hibernate: delete from ft_participants where seq=?
    Hibernate: delete from ft_participants where seq=?
    Hibernate: delete from ft_participants where seq=?
    Hibernate: delete from ft_participants where seq=?
    Hibernate: delete from ft_participants where seq=?
    Hibernate: delete from ft_participants where seq=?
    Hibernate: delete from ft_participants where seq=?
    Hibernate: delete from ft_participants where seq=?
    Hibernate: delete from ft_participants where seq=?
    Hibernate: delete from ft_participants where seq=?
    Hibernate: delete from ft_participants where seq=?
    Hibernate: delete from ft_participants where seq=?
    Hibernate: delete from ft_participants where seq=?
    Hibernate: delete from ft_participants where seq=?
    Hibernate: delete from ft_participants where seq=?
    Hibernate: delete from ft_participants where seq=?
    Hibernate: delete from ft_participants where seq=?
    Hibernate: delete from ft_participants where seq=?
    Hibernate: delete from ft_participants where seq=?
    Hibernate: delete from ft_participants where seq=?
    Hibernate: delete from ft_participants where seq=?
    Hibernate: delete from ft_participants where seq=?
    Hibernate: delete from ft_participants where seq=?
    Hibernate: delete from ft_participants where seq=?
    Hibernate: delete from ft_participants where seq=?
    Hibernate: delete from ft_participants where seq=?
    Hibernate: delete from ft_participants where seq=?
    Hibernate: delete from ft_participants where seq=?
    Hibernate: delete from ft_participants where seq=?
    Hibernate: delete from ft_participants where seq=?
    Hibernate: delete from ft_participants where seq=?
    Hibernate: delete from ft_participants where seq=?
    Hibernate: delete from ft_participants where seq=?
    Hibernate: delete from ft_participants where seq=?
    Hibernate: delete from ft_participants where seq=?
    Hibernate: delete from ft_participants where seq=?
    Hibernate: delete from ft_participants where seq=?
    Hibernate: delete from ft_participants where seq=?
    Hibernate: delete from ft_participants where seq=?
    Hibernate: delete from ft_participants where seq=?
    Hibernate: delete from ft_participants where seq=?
    Hibernate: delete from ft_participants where seq=?
    Hibernate: delete from ft_participants where seq=?
    Hibernate: delete from ft_participants where seq=?
    Hibernate: delete from ft_participants where seq=?
    Hibernate: delete from ft_participants where seq=?
    Hibernate: delete from ft_participants where seq=?
    Hibernate: delete from ft_participants where seq=?
    Hibernate: delete from ft_participants where seq=?
    Hibernate: delete from ft_participants where seq=?
    Hibernate: delete from ft_participants where seq=?
    Hibernate: delete from ft_participants where seq=?
    Hibernate: delete from ft_participants where seq=?
    Hibernate: delete from ft_participants where seq=?
    Hibernate: delete from ft_participants where seq=?
    Hibernate: delete from ft_participants where seq=?
    Hibernate: delete from ft_participants where seq=?
    Hibernate: delete from ft_participants where seq=?
    Hibernate: delete from ft_participants where seq=?
    Hibernate: delete from ft_participants where seq=?
    Hibernate: delete from ft_participants where seq=?
    Hibernate: delete from ft_participants where seq=?
    Hibernate: delete from ft_participants where seq=?
    Hibernate: delete from ft_participants where seq=?
    Hibernate: delete from ft_participants where seq=?
    Hibernate: delete from ft_participants where seq=?
    Hibernate: delete from ft_participants where seq=?
    Hibernate: delete from ft_participants where seq=?
    Hibernate: delete from ft_participants where seq=?
    Hibernate: delete from ft_participants where seq=?
    Hibernate: delete from ft_participants where seq=?
    Hibernate: delete from ft_participants where seq=?
    Hibernate: delete from ft_participants where seq=?
    Hibernate: delete from ft_participants where seq=?
    Hibernate: delete from ft_participants where seq=?
    Hibernate: delete from ft_participants where seq=?
    Hibernate: delete from ft_participants where seq=?
    Hibernate: delete from ft_participants where seq=?
    Hibernate: delete from ft_participants where seq=?
    Hibernate: delete from ft_participants where seq=?
    Hibernate: delete from ft_participants where seq=?
    Hibernate: delete from ft_participants where seq=?
    Hibernate: delete from ft_participants where seq=?
    Hibernate: delete from ft_participants where seq=?
    Hibernate: delete from ft_participants where seq=?
    Hibernate: delete from ft_participants where seq=?
    Hibernate: delete from ft_participants where seq=?
    Hibernate: delete from ft_participants where seq=?
    Hibernate: delete from ft_participants where seq=?
    Hibernate: delete from ft_participants where seq=?
    Hibernate: delete from ft_participants where seq=?
    Hibernate: delete from ft_participants where seq=?
    Hibernate: delete from ft_participants where seq=?
    Hibernate: delete from ft_participants where seq=?
    Hibernate: delete from ft_participants where seq=?
    Hibernate: delete from ft_participants where seq=?
    Hibernate: delete from ft_participants where seq=?
    Hibernate: delete from ft_participants where seq=?
    Hibernate: delete from ft_participants where seq=?
    Hibernate: delete from ft_participants where seq=?
    Hibernate: delete from ft_participants where seq=?
    Hibernate: delete from ft_participants where seq=?
    Hibernate: delete from ft_participants where seq=?
    Hibernate: delete from ft_participants where seq=?
    Hibernate: delete from ft_participants where seq=?
    Hibernate: delete from ft_participants where seq=?
    Hibernate: delete from ft_participants where seq=?
    Hibernate: delete from ft_participants where seq=?
    Hibernate: delete from ft_participants where seq=?
    Hibernate: delete from ft_participants where seq=?
    Hibernate: delete from ft_participants where seq=?
    Hibernate: delete from ft_participants where seq=?
    Hibernate: delete from ft_participants where seq=?
    Hibernate: delete from ft_participants where seq=?
    Hibernate: delete from ft_participants where seq=?
    Hibernate: delete from ft_participants where seq=?
    Hibernate: delete from ft_participants where seq=?
    Hibernate: delete from ft_participants where seq=?
    Hibernate: delete from ft_participants where seq=?
    Hibernate: delete from ft_participants where seq=?
    Hibernate: delete from ft_participants where seq=?
    Hibernate: delete from ft_participants where seq=?
    Hibernate: delete from ft_participants where seq=?
    Hibernate: delete from ft_participants where seq=?
    Hibernate: delete from ft_participants where seq=?
    Hibernate: delete from ft_participants where seq=?
    Hibernate: delete from ft_participants where seq=?
    Hibernate: delete from ft_participants where seq=?
    Hibernate: delete from ft_participants where seq=?
    Hibernate: delete from ft_participants where seq=?
    Hibernate: delete from ft_participants where seq=?
    Hibernate: delete from ft_participants where seq=?
    Hibernate: delete from ft_participants where seq=?
    Hibernate: delete from ft_participants where seq=?
    Hibernate: delete from ft_participants where seq=?
    Hibernate: delete from ft_participants where seq=?
    Hibernate: delete from ft_participants where seq=?
    Hibernate: delete from ft_participants where seq=?
    Hibernate: delete from ft_participants where seq=?
    Hibernate: delete from ft_participants where seq=?
    Hibernate: delete from ft_participants where seq=?
    Hibernate: delete from ft_participants where seq=?
    Hibernate: delete from ft_participants where seq=?
    Hibernate: delete from ft_participants where seq=?
    Hibernate: delete from ft_participants where seq=?
    Hibernate: delete from ft_participants where seq=?
    Hibernate: delete from ft_participants where seq=?
    Hibernate: delete from ft_participants where seq=?
    Hibernate: delete from ft_participants where seq=?
    Hibernate: delete from ft_participants where seq=?
    Hibernate: delete from ft_participants where seq=?
    Hibernate: delete from ft_participants where seq=?
    Hibernate: delete from ft_participants where seq=?
    Hibernate: delete from ft_participants where seq=?
    Hibernate: delete from ft_participants where seq=?
    Hibernate: delete from ft_participants where seq=?
    Hibernate: delete from ft_participants where seq=?
    Hibernate: delete from ft_participants where seq=?
    Hibernate: delete from ft_participants where seq=?
    Hibernate: delete from ft_participants where seq=?
    Hibernate: delete from ft_participants where seq=?
    Hibernate: delete from ft_participants where seq=?
    Hibernate: delete from ft_participants where seq=?
    Hibernate: delete from ft_participants where seq=?
    Hibernate: delete from ft_participants where seq=?
    Hibernate: delete from ft_participants where seq=?
    Hibernate: delete from ft_participants where seq=?
    Hibernate: delete from ft_participants where seq=?
    Hibernate: delete from ft_participants where seq=?
    Hibernate: delete from ft_participants where seq=?
    Hibernate: delete from ft_participants where seq=?
    Hibernate: delete from ft_participants where seq=?
    Hibernate: delete from ft_participants where seq=?
    Hibernate: delete from ft_participants where seq=?
    Hibernate: delete from ft_participants where seq=?
    Hibernate: delete from ft_participants where seq=?
    Hibernate: delete from ft_participants where seq=?
    Hibernate: delete from ft_participants where seq=?
    Hibernate: delete from ft_participants where seq=?
    Hibernate: delete from ft_participants where seq=?
    Hibernate: delete from ft_participants where seq=?
    Hibernate: delete from ft_participants where seq=?
    Hibernate: delete from ft_participants where seq=?
    Hibernate: delete from ft_participants where seq=?
    Hibernate: delete from ft_participants where seq=?
    Hibernate: delete from ft_participants where seq=?
    Hibernate: delete from ft_participants where seq=?
    Hibernate: delete from ft_participants where seq=?
    Hibernate: delete from ft_participants where seq=?
    Hibernate: delete from ft_participants where seq=?
    Hibernate: delete from ft_participants where seq=?
    Hibernate: delete from ft_participants where seq=?
    Hibernate: delete from ft_participants where seq=?
    Hibernate: delete from ft_participants where seq=?
    Hibernate: delete from ft_participants where seq=?
    Hibernate: delete from ft_participants where seq=?
    Hibernate: delete from ft_participants where seq=?
    Hibernate: delete from ft_participants where seq=?
    Hibernate: delete from ft_participants where seq=?
    Hibernate: delete from ft_participants where seq=?
    Hibernate: delete from ft_participants where seq=?
    Hibernate: delete from ft_participants where seq=?
    Hibernate: delete from ft_participants where seq=?
    Hibernate: delete from ft_participants where seq=?
    Hibernate: delete from ft_participants where seq=?
    Hibernate: delete from ft_participants where seq=?
    Hibernate: delete from ft_participants where seq=?
    Hibernate: delete from ft_participants where seq=?
    Hibernate: delete from ft_participants where seq=?
    Hibernate: delete from ft_participants where seq=?
    Hibernate: delete from ft_participants where seq=?
    Hibernate: delete from ft_participants where seq=?
    Hibernate: delete from ft_participants where seq=?
    Hibernate: delete from ft_participants where seq=?
    Hibernate: delete from ft_participants where seq=?
    Hibernate: delete from ft_participants where seq=?
    Hibernate: delete from ft_participants where seq=?
    Hibernate: delete from ft_participants where seq=?
    Hibernate: delete from ft_participants where seq=?
    Hibernate: delete from ft_participants where seq=?
    Hibernate: delete from ft_participants where seq=?
    Hibernate: delete from ft_participants where seq=?
    Hibernate: delete from ft_participants where seq=?
    Hibernate: delete from ft_participants where seq=?
    Hibernate: delete from ft_participants where seq=?
    Hibernate: delete from ft_participants where seq=?
    Hibernate: delete from ft_participants where seq=?
    Hibernate: delete from ft_participants where seq=?
    Hibernate: delete from ft_participants where seq=?
    Hibernate: delete from ft_participants where seq=?
    Hibernate: delete from ft_participants where seq=?
    Hibernate: delete from ft_participants where seq=?
    Hibernate: delete from ft_participants where seq=?
    Hibernate: delete from ft_participants where seq=?
    Hibernate: delete from ft_participants where seq=?
    Hibernate: delete from ft_participants where seq=?
    Hibernate: delete from ft_participants where seq=?
    Hibernate: delete from ft_participants where seq=?
    Hibernate: delete from ft_participants where seq=?
    Hibernate: delete from ft_participants where seq=?
    Hibernate: delete from ft_participants where seq=?
    Hibernate: delete from ft_participants where seq=?
    Hibernate: delete from ft_participants where seq=?
    Hibernate: delete from ft_participants where seq=?
    Hibernate: delete from ft_participants where seq=?
    Hibernate: delete from ft_participants where seq=?
    Hibernate: delete from ft_participants where seq=?
    Hibernate: delete from ft_participants where seq=?
    Hibernate: delete from ft_participants where seq=?
    Hibernate: delete from ft_participants where seq=?
    Hibernate: delete from ft_participants where seq=?
    Hibernate: delete from ft_participants where seq=?
    Hibernate: delete from ft_participants where seq=?
    Hibernate: delete from ft_participants where seq=?
    Hibernate: delete from ft_participants where seq=?
    Hibernate: delete from ft_participants where seq=?
    Hibernate: delete from ft_participants where seq=?
    Hibernate: delete from ft_participants where seq=?
    Hibernate: delete from ft_participants where seq=?
    Hibernate: delete from ft_participants where seq=?
    Hibernate: delete from ft_participants where seq=?
    Hibernate: delete from ft_participants where seq=?
    Hibernate: delete from ft_participants where seq=?
    Hibernate: delete from ft_participants where seq=?
    Hibernate: delete from ft_participants where seq=?
    Hibernate: delete from ft_participants where seq=?
    Hibernate: delete from ft_participants where seq=?
    Hibernate: delete from ft_participants where seq=?
    Hibernate: delete from ft_participants where seq=?
    Hibernate: delete from ft_participants where seq=?
    Hibernate: delete from ft_participants where seq=?
    Hibernate: delete from ft_participants where seq=?
    Hibernate: delete from ft_participants where seq=?
    Hibernate: delete from ft_participants where seq=?
    Hibernate: delete from ft_participants where seq=?
    Hibernate: delete from ft_participants where seq=?
    Hibernate: delete from ft_participants where seq=?
    Hibernate: delete from ft_participants where seq=?
    Hibernate: delete from ft_participants where seq=?
    Hibernate: delete from ft_participants where seq=?
    Hibernate: delete from ft_participants where seq=?
    Hibernate: delete from ft_participants where seq=?
    Hibernate: delete from ft_participants where seq=?
    Hibernate: delete from ft_participants where seq=?
    Hibernate: delete from ft_participants where seq=?
    Hibernate: delete from ft_participants where seq=?
    Hibernate: delete from ft_participants where seq=?
    Hibernate: delete from ft_participants where seq=?
    Hibernate: delete from ft_participants where seq=?
    Hibernate: delete from ft_participants where seq=?
    Hibernate: delete from ft_participants where seq=?
    Hibernate: delete from ft_participants where seq=?
    Hibernate: delete from ft_participants where seq=?
    Hibernate: delete from ft_participants where seq=?
    Hibernate: delete from ft_participants where seq=?
    Hibernate: delete from ft_participants where seq=?
    Hibernate: delete from ft_participants where seq=?
    Hibernate: delete from ft_participants where seq=?
    Hibernate: delete from ft_participants where seq=?
    Hibernate: delete from ft_participants where seq=?
    Hibernate: delete from ft_participants where seq=?
    Hibernate: delete from ft_participants where seq=?
    Hibernate: delete from ft_participants where seq=?
    Hibernate: delete from ft_participants where seq=?
    Hibernate: delete from ft_participants where seq=?
    Hibernate: delete from ft_participants where seq=?
    Hibernate: delete from ft_participants where seq=?
    Hibernate: delete from ft_participants where seq=?
    Hibernate: delete from ft_participants where seq=?
    Hibernate: delete from ft_participants where seq=?
    Hibernate: delete from ft_participants where seq=?
    Hibernate: delete from ft_participants where seq=?
    Hibernate: delete from ft_participants where seq=?
    Hibernate: delete from ft_participants where seq=?
    Hibernate: delete from ft_participants where seq=?
    Hibernate: delete from ft_participants where seq=?
    Hibernate: delete from ft_participants where seq=?
    Hibernate: delete from ft_participants where seq=?
    Hibernate: delete from ft_participants where seq=?
    Hibernate: delete from ft_participants where seq=?
    Hibernate: delete from ft_participants where seq=?
    Hibernate: delete from ft_participants where seq=?
    Hibernate: delete from ft_participants where seq=?
    Hibernate: delete from ft_participants where seq=?
    Hibernate: delete from ft_participants where seq=?
    Hibernate: delete from ft_participants where seq=?
    Hibernate: delete from ft_participants where seq=?
    Hibernate: delete from ft_participants where seq=?
    Hibernate: delete from ft_participants where seq=?
    Hibernate: delete from ft_participants where seq=?
    Hibernate: delete from ft_participants where seq=?
    Hibernate: delete from ft_participants where seq=?
    Hibernate: delete from ft_participants where seq=?
    Hibernate: delete from ft_participants where seq=?
    Hibernate: delete from ft_participants where seq=?
    Hibernate: delete from ft_participants where seq=?
    Hibernate: delete from ft_participants where seq=?
    Hibernate: delete from ft_participants where seq=?
    Hibernate: delete from ft_participants where seq=?
    Hibernate: delete from ft_participants where seq=?
    Hibernate: delete from ft_participants where seq=?
    Hibernate: delete from ft_participants where seq=?
    Hibernate: delete from ft_participants where seq=?
    Hibernate: delete from ft_participants where seq=?
    Hibernate: delete from ft_participants where seq=?
    Hibernate: delete from ft_participants where seq=?
    Hibernate: delete from ft_participants where seq=?
    Hibernate: delete from ft_participants where seq=?
    Hibernate: delete from ft_participants where seq=?
    Hibernate: delete from ft_participants where seq=?
    Hibernate: delete from ft_participants where seq=?
    Hibernate: delete from ft_participants where seq=?
    Hibernate: delete from ft_participants where seq=?
    Hibernate: delete from ft_participants where seq=?
    Hibernate: delete from ft_participants where seq=?
    Hibernate: delete from ft_participants where seq=?
    Hibernate: delete from ft_participants where seq=?
    Hibernate: delete from ft_participants where seq=?
    Hibernate: delete from ft_participants where seq=?
    Hibernate: delete from ft_participants where seq=?
    Hibernate: delete from ft_participants where seq=?
    Hibernate: delete from ft_participants where seq=?
    Hibernate: delete from ft_participants where seq=?
    Hibernate: delete from ft_participants where seq=?
    Hibernate: delete from ft_participants where seq=?
    Hibernate: delete from ft_participants where seq=?
    Hibernate: delete from ft_participants where seq=?
    Hibernate: delete from ft_participants where seq=?
    Hibernate: delete from ft_participants where seq=?
    Hibernate: delete from ft_participants where seq=?
    Hibernate: delete from ft_participants where seq=?
    Hibernate: delete from ft_participants where seq=?
    Hibernate: delete from ft_participants where seq=?
    Hibernate: delete from ft_participants where seq=?
    Hibernate: delete from ft_participants where seq=?
    Hibernate: delete from ft_participants where seq=?
    Hibernate: delete from ft_participants where seq=?
    Hibernate: delete from ft_participants where seq=?
    Hibernate: delete from ft_participants where seq=?
    Hibernate: delete from ft_participants where seq=?
    Hibernate: delete from ft_participants where seq=?
    Hibernate: delete from ft_participants where seq=?
    Hibernate: delete from ft_participants where seq=?
    Hibernate: delete from ft_participants where seq=?
    Hibernate: delete from ft_participants where seq=?
    Hibernate: delete from ft_participants where seq=?
    Hibernate: delete from ft_participants where seq=?
    Hibernate: delete from ft_participants where seq=?
    Hibernate: delete from ft_participants where seq=?
    Hibernate: delete from ft_participants where seq=?
    Hibernate: delete from ft_participants where seq=?
    Hibernate: delete from ft_participants where seq=?
    Hibernate: delete from ft_participants where seq=?
    Hibernate: delete from ft_participants where seq=?
    Hibernate: delete from ft_participants where seq=?
    Hibernate: delete from ft_participants where seq=?
    Hibernate: delete from ft_participants where seq=?
    Hibernate: delete from ft_participants where seq=?
    Hibernate: delete from ft_participants where seq=?
    Hibernate: delete from ft_participants where seq=?
    Hibernate: delete from ft_participants where seq=?
    Hibernate: delete from ft_participants where seq=?
    Hibernate: delete from ft_participants where seq=?
    Hibernate: delete from ft_participants where seq=?
    Hibernate: delete from ft_participants where seq=?
    Hibernate: delete from ft_participants where seq=?
    Hibernate: delete from ft_participants where seq=?
    Hibernate: delete from ft_participants where seq=?
    Hibernate: delete from ft_participants where seq=?
    Hibernate: delete from ft_participants where seq=?
    Hibernate: delete from ft_participants where seq=?
    Hibernate: delete from ft_participants where seq=?
    Hibernate: delete from ft_participants where seq=?
    Hibernate: delete from ft_participants where seq=?
    Hibernate: delete from ft_participants where seq=?
    Hibernate: delete from ft_participants where seq=?
    Hibernate: delete from ft_participants where seq=?
    Hibernate: delete from ft_participants where seq=?
    Hibernate: delete from ft_participants where seq=?
    Hibernate: delete from ft_participants where seq=?
    Hibernate: delete from ft_participants where seq=?
    Hibernate: delete from ft_participants where seq=?
    Hibernate: delete from ft_participants where seq=?
    Hibernate: delete from ft_participants where seq=?
    Hibernate: delete from ft_participants where seq=?
    Hibernate: delete from ft_participants where seq=?
    Hibernate: delete from ft_participants where seq=?
    Hibernate: delete from ft_participants where seq=?
    Hibernate: delete from ft_participants where seq=?
    Hibernate: delete from ft_participants where seq=?
    Hibernate: delete from ft_participants where seq=?
    Hibernate: delete from ft_participants where seq=?
    Hibernate: delete from ft_participants where seq=?
    Hibernate: delete from ft_participants where seq=?
    Hibernate: delete from ft_participants where seq=?
    Hibernate: delete from ft_participants where seq=?
    Hibernate: delete from ft_participants where seq=?
    Hibernate: delete from ft_participants where seq=?
    Hibernate: delete from ft_participants where seq=?
    Hibernate: delete from ft_participants where seq=?
    Hibernate: delete from ft_participants where seq=?
    Hibernate: delete from ft_participants where seq=?
    Hibernate: delete from ft_participants where seq=?
    Hibernate: delete from ft_participants where seq=?
    Hibernate: delete from ft_participants where seq=?
    Hibernate: delete from ft_participants where seq=?
    Hibernate: delete from ft_participants where seq=?
    Hibernate: delete from ft_participants where seq=?
    Hibernate: delete from ft_participants where seq=?
    Hibernate: delete from ft_participants where seq=?
    Hibernate: delete from ft_participants where seq=?
    Hibernate: delete from ft_participants where seq=?
    Hibernate: delete from ft_participants where seq=?
    Hibernate: delete from ft_participants where seq=?
    Hibernate: delete from ft_participants where seq=?
    Hibernate: delete from ft_participants where seq=?
    Hibernate: delete from ft_participants where seq=?
    Hibernate: delete from ft_participants where seq=?
    Hibernate: delete from ft_participants where seq=?
    Hibernate: delete from ft_participants where seq=?
    Hibernate: delete from ft_participants where seq=?
    Hibernate: delete from ft_participants where seq=?
    Hibernate: delete from ft_participants where seq=?
    Hibernate: delete from ft_participants where seq=?
    Hibernate: delete from ft_participants where seq=?
    Hibernate: delete from ft_participants where seq=?
    Hibernate: delete from ft_participants where seq=?
    Hibernate: delete from ft_participants where seq=?
    Hibernate: delete from ft_participants where seq=?
    Hibernate: delete from ft_participants where seq=?
    Hibernate: delete from ft_participants where seq=?
    Hibernate: delete from ft_participants where seq=?
    Hibernate: delete from ft_participants where seq=?
    Hibernate: delete from ft_participants where seq=?
    Hibernate: delete from ft_participants where seq=?
    Hibernate: delete from ft_participants where seq=?
    Hibernate: delete from ft_participants where seq=?
    Hibernate: delete from ft_participants where seq=?
    Hibernate: delete from ft_participants where seq=?
    Hibernate: delete from ft_participants where seq=?
    Hibernate: delete from ft_participants where seq=?
    Hibernate: delete from ft_participants where seq=?
    Hibernate: delete from ft_participants where seq=?
    Hibernate: delete from ft_participants where seq=?
    Hibernate: delete from ft_participants where seq=?
    Hibernate: delete from ft_participants where seq=?
    Hibernate: delete from ft_participants where seq=?
    Hibernate: delete from ft_participants where seq=?
    Hibernate: delete from ft_participants where seq=?
    Hibernate: delete from ft_participants where seq=?
    Hibernate: delete from ft_participants where seq=?
    Hibernate: delete from ft_participants where seq=?
    Hibernate: delete from ft_participants where seq=?
    Hibernate: delete from ft_participants where seq=?
    Hibernate: delete from ft_participants where seq=?
    Hibernate: delete from ft_participants where seq=?
    Hibernate: delete from ft_participants where seq=?
    Hibernate: delete from ft_participants where seq=?
    Hibernate: delete from ft_participants where seq=?
    Hibernate: delete from ft_participants where seq=?
    Hibernate: delete from ft_participants where seq=?
    Hibernate: delete from ft_participants where seq=?
    Hibernate: delete from ft_participants where seq=?
    Hibernate: delete from ft_participants where seq=?
    Hibernate: delete from ft_participants where seq=?
    Hibernate: delete from ft_participants where seq=?
    Hibernate: delete from ft_participants where seq=?
    Hibernate: delete from ft_participants where seq=?
    Hibernate: delete from ft_participants where seq=?
    Hibernate: delete from ft_participants where seq=?
    Hibernate: delete from ft_participants where seq=?
    Hibernate: delete from ft_participants where seq=?
    Hibernate: delete from ft_participants where seq=?
    Hibernate: delete from ft_participants where seq=?
    Hibernate: delete from ft_participants where seq=?
    Hibernate: delete from ft_participants where seq=?
    Hibernate: delete from ft_participants where seq=?
    Hibernate: delete from ft_participants where seq=?
    Hibernate: delete from ft_participants where seq=?
    Hibernate: delete from ft_participants where seq=?
    Hibernate: delete from ft_participants where seq=?
    Hibernate: delete from ft_participants where seq=?
    Hibernate: delete from ft_participants where seq=?
    Hibernate: delete from ft_participants where seq=?
    Hibernate: delete from ft_participants where seq=?
    Hibernate: delete from ft_participants where seq=?
    Hibernate: delete from ft_participants where seq=?
    Hibernate: delete from ft_participants where seq=?
    Hibernate: delete from ft_participants where seq=?
    Hibernate: delete from ft_participants where seq=?
    Hibernate: delete from ft_participants where seq=?
    Hibernate: delete from ft_participants where seq=?
    Hibernate: delete from ft_participants where seq=?
    Hibernate: delete from ft_participants where seq=?
    Hibernate: delete from ft_participants where seq=?
    Hibernate: delete from ft_participants where seq=?
    Hibernate: delete from ft_participants where seq=?
    Hibernate: delete from ft_participants where seq=?
    Hibernate: delete from ft_participants where seq=?
    Hibernate: delete from ft_participants where seq=?
    Hibernate: delete from ft_participants where seq=?
    Hibernate: delete from ft_participants where seq=?
    Hibernate: delete from ft_participants where seq=?
    Hibernate: delete from ft_participants where seq=?
    Hibernate: delete from ft_participants where seq=?
    Hibernate: delete from ft_participants where seq=?
    Hibernate: delete from ft_participants where seq=?
    Hibernate: delete from ft_participants where seq=?
    Hibernate: delete from ft_participants where seq=?
    Hibernate: delete from ft_participants where seq=?
    Hibernate: delete from ft_participants where seq=?
    Hibernate: delete from ft_participants where seq=?
    Hibernate: delete from ft_participants where seq=?
    Hibernate: delete from ft_participants where seq=?
    Hibernate: delete from ft_participants where seq=?
    Hibernate: delete from ft_participants where seq=?
    Hibernate: delete from ft_participants where seq=?
    Hibernate: delete from ft_participants where seq=?
    Hibernate: delete from ft_participants where seq=?
    Hibernate: delete from ft_participants where seq=?
    Hibernate: delete from ft_participants where seq=?
    Hibernate: delete from ft_participants where seq=?
    Hibernate: delete from ft_participants where seq=?
    Hibernate: delete from ft_participants where seq=?
    Hibernate: delete from ft_participants where seq=?
    Hibernate: delete from ft_participants where seq=?
    Hibernate: delete from ft_participants where seq=?
    Hibernate: delete from ft_participants where seq=?
    Hibernate: delete from ft_participants where seq=?
    Hibernate: delete from ft_participants where seq=?
    Hibernate: delete from ft_participants where seq=?
    Hibernate: delete from ft_participants where seq=?
    Hibernate: delete from ft_participants where seq=?
    Hibernate: delete from ft_participants where seq=?
    Hibernate: delete from ft_participants where seq=?
    Hibernate: delete from ft_participants where seq=?
    Hibernate: delete from ft_participants where seq=?
    Hibernate: delete from ft_participants where seq=?
    Hibernate: delete from ft_participants where seq=?
    Hibernate: delete from ft_participants where seq=?
    Hibernate: delete from ft_participants where seq=?
    Hibernate: delete from ft_participants where seq=?
    Hibernate: delete from ft_participants where seq=?
    Hibernate: delete from ft_participants where seq=?
    Hibernate: delete from ft_participants where seq=?
    Hibernate: delete from ft_participants where seq=?
    Hibernate: delete from ft_participants where seq=?
    Hibernate: delete from ft_participants where seq=?
    Hibernate: delete from ft_participants where seq=?
    Hibernate: delete from ft_participants where seq=?
    Hibernate: delete from ft_participants where seq=?
    Hibernate: delete from ft_participants where seq=?
    Hibernate: delete from ft_participants where seq=?
    Hibernate: delete from ft_participants where seq=?
    Hibernate: delete from ft_participants where seq=?
    Hibernate: delete from ft_participants where seq=?
    Hibernate: delete from ft_participants where seq=?
    Hibernate: delete from ft_participants where seq=?
    Hibernate: delete from ft_participants where seq=?
    Hibernate: delete from ft_participants where seq=?
    Hibernate: delete from ft_participants where seq=?
    Hibernate: delete from ft_participants where seq=?
    Hibernate: delete from ft_participants where seq=?
    Hibernate: delete from ft_participants where seq=?
    Hibernate: delete from ft_participants where seq=?
    Hibernate: delete from ft_participants where seq=?
    Hibernate: delete from ft_participants where seq=?
    Hibernate: delete from ft_participants where seq=?
    Hibernate: delete from ft_participants where seq=?
    Hibernate: delete from ft_participants where seq=?
    Hibernate: delete from ft_participants where seq=?
    Hibernate: delete from ft_participants where seq=?
    Hibernate: delete from ft_participants where seq=?
    Hibernate: delete from ft_participants where seq=?
    Hibernate: delete from ft_participants where seq=?
    Hibernate: delete from ft_participants where seq=?
    Hibernate: delete from ft_participants where seq=?
    Hibernate: delete from ft_participants where seq=?
    Hibernate: delete from ft_participants where seq=?
    Hibernate: delete from ft_participants where seq=?
    Hibernate: delete from ft_participants where seq=?
    Hibernate: delete from ft_participants where seq=?
    Hibernate: delete from ft_participants where seq=?
    Hibernate: delete from ft_participants where seq=?
    Hibernate: delete from ft_participants where seq=?
    Hibernate: delete from ft_participants where seq=?
    Hibernate: delete from ft_participants where seq=?
    Hibernate: delete from ft_participants where seq=?
    Hibernate: delete from ft_participants where seq=?
    Hibernate: delete from ft_participants where seq=?
    Hibernate: delete from ft_participants where seq=?
    Hibernate: delete from ft_participants where seq=?
    Hibernate: delete from ft_participants where seq=?
    Hibernate: delete from ft_participants where seq=?
    Hibernate: delete from ft_participants where seq=?
    Hibernate: delete from ft_participants where seq=?
    Hibernate: delete from ft_participants where seq=?
    Hibernate: delete from ft_participants where seq=?
    Hibernate: delete from ft_participants where seq=?
    Hibernate: delete from ft_participants where seq=?
    Hibernate: delete from ft_participants where seq=?
    Hibernate: delete from ft_participants where seq=?
    Hibernate: delete from ft_participants where seq=?
    Hibernate: delete from ft_participants where seq=?
    Hibernate: delete from ft_participants where seq=?
    Hibernate: delete from ft_participants where seq=?
    Hibernate: delete from ft_participants where seq=?
    Hibernate: delete from ft_participants where seq=?
    Hibernate: delete from ft_participants where seq=?
    Hibernate: delete from ft_participants where seq=?
    Hibernate: delete from ft_participants where seq=?
    Hibernate: delete from ft_participants where seq=?
    Hibernate: delete from ft_participants where seq=?
    Hibernate: delete from ft_participants where seq=?
    Hibernate: delete from ft_participants where seq=?
    Hibernate: delete from ft_participants where seq=?
    Hibernate: delete from ft_participants where seq=?
    Hibernate: delete from ft_participants where seq=?
    Hibernate: delete from ft_participants where seq=?
    Hibernate: delete from ft_participants where seq=?
    Hibernate: delete from ft_participants where seq=?
    Hibernate: delete from ft_participants where seq=?
    Hibernate: delete from ft_participants where seq=?
    Hibernate: delete from ft_participants where seq=?
    Hibernate: delete from ft_participants where seq=?
    Hibernate: delete from ft_participants where seq=?
    Hibernate: delete from ft_participants where seq=?
    Hibernate: delete from ft_participants where seq=?
    Hibernate: delete from ft_participants where seq=?
    Hibernate: delete from ft_participants where seq=?
    Hibernate: delete from ft_participants where seq=?
    Hibernate: delete from ft_participants where seq=?
    Hibernate: delete from ft_participants where seq=?
    Hibernate: delete from ft_participants where seq=?
    Hibernate: delete from ft_participants where seq=?
    Hibernate: delete from ft_participants where seq=?
    Hibernate: delete from ft_participants where seq=?
    Hibernate: delete from ft_participants where seq=?
    Hibernate: delete from ft_participants where seq=?
    Hibernate: delete from ft_participants where seq=?
    Hibernate: delete from ft_participants where seq=?
    Hibernate: delete from ft_participants where seq=?
    Hibernate: delete from ft_participants where seq=?
    Hibernate: delete from ft_participants where seq=?
    Hibernate: delete from ft_participants where seq=?
    Hibernate: delete from ft_participants where seq=?
    Hibernate: delete from ft_participants where seq=?
    Hibernate: delete from ft_participants where seq=?
    Hibernate: delete from ft_participants where seq=?
    Hibernate: delete from ft_participants where seq=?
    Hibernate: delete from ft_participants where seq=?
    Hibernate: delete from ft_participants where seq=?
    Hibernate: delete from ft_participants where seq=?
    Hibernate: delete from ft_participants where seq=?
    Hibernate: delete from ft_participants where seq=?
    Hibernate: delete from ft_participants where seq=?
    Hibernate: delete from ft_participants where seq=?
    Hibernate: delete from ft_participants where seq=?
    Hibernate: delete from ft_participants where seq=?
    Hibernate: delete from ft_participants where seq=?
    Hibernate: delete from ft_participants where seq=?
    Hibernate: delete from ft_participants where seq=?
    Hibernate: delete from ft_participants where seq=?
    Hibernate: delete from ft_participants where seq=?
    Hibernate: delete from ft_participants where seq=?
    Hibernate: delete from ft_participants where seq=?
    Hibernate: delete from ft_participants where seq=?
    Hibernate: delete from ft_participants where seq=?
    Hibernate: delete from ft_participants where seq=?
    Hibernate: delete from ft_participants where seq=?
    Hibernate: delete from ft_participants where seq=?
    Hibernate: delete from ft_participants where seq=?
    Hibernate: delete from ft_participants where seq=?
    Hibernate: delete from ft_participants where seq=?
    Hibernate: delete from ft_participants where seq=?
    Hibernate: delete from ft_participants where seq=?
    Hibernate: delete from ft_participants where seq=?
    Hibernate: delete from ft_participants where seq=?
    Hibernate: delete from ft_participants where seq=?
    Hibernate: delete from ft_participants where seq=?
    Hibernate: delete from ft_participants where seq=?
    Hibernate: delete from ft_participants where seq=?
    Hibernate: delete from ft_participants where seq=?
    Hibernate: delete from ft_participants where seq=?
    Hibernate: delete from ft_participants where seq=?
    Hibernate: delete from ft_participants where seq=?
    Hibernate: delete from ft_participants where seq=?
    Hibernate: delete from ft_participants where seq=?
    Hibernate: delete from ft_participants where seq=?
    Hibernate: delete from ft_participants where seq=?
    Hibernate: delete from ft_participants where seq=?
    Hibernate: delete from ft_participants where seq=?
    Hibernate: delete from ft_participants where seq=?
    Hibernate: delete from ft_participants where seq=?
    Hibernate: delete from ft_participants where seq=?
    Hibernate: delete from ft_participants where seq=?
    Hibernate: delete from ft_participants where seq=?
    Hibernate: delete from ft_participants where seq=?
    Hibernate: delete from ft_participants where seq=?
    Hibernate: delete from ft_participants where seq=?
    Hibernate: delete from ft_participants where seq=?
    Hibernate: delete from ft_participants where seq=?
    Hibernate: delete from ft_participants where seq=?
    Hibernate: delete from ft_participants where seq=?
    Hibernate: delete from ft_participants where seq=?
    Hibernate: delete from ft_participants where seq=?
    Hibernate: delete from ft_participants where seq=?
    Hibernate: delete from ft_participants where seq=?
    Hibernate: delete from ft_participants where seq=?
    Hibernate: delete from ft_participants where seq=?
    Hibernate: delete from ft_participants where seq=?
    Hibernate: delete from ft_participants where seq=?
    Hibernate: delete from ft_participants where seq=?
    Hibernate: delete from ft_participants where seq=?
    Hibernate: delete from ft_participants where seq=?
    Hibernate: delete from ft_participants where seq=?
    Hibernate: delete from ft_participants where seq=?
    Hibernate: delete from ft_participants where seq=?
    Hibernate: delete from ft_participants where seq=?
    Hibernate: delete from ft_participants where seq=?
    Hibernate: delete from ft_participants where seq=?
    Hibernate: delete from ft_participants where seq=?
    Hibernate: delete from ft_participants where seq=?
    Hibernate: delete from ft_participants where seq=?
    Hibernate: delete from ft_participants where seq=?
    Hibernate: delete from ft_participants where seq=?
    Hibernate: delete from ft_participants where seq=?
    Hibernate: delete from ft_participants where seq=?
    Hibernate: delete from ft_participants where seq=?
    Hibernate: delete from ft_participants where seq=?
    Hibernate: delete from ft_participants where seq=?
    Hibernate: delete from ft_participants where seq=?
    Hibernate: delete from ft_participants where seq=?
    Hibernate: delete from ft_participants where seq=?
    Hibernate: delete from ft_participants where seq=?
    Hibernate: delete from ft_participants where seq=?
    Hibernate: delete from ft_participants where seq=?
    Hibernate: delete from ft_participants where seq=?
    Hibernate: delete from ft_participants where seq=?
    Hibernate: delete from ft_participants where seq=?
    Hibernate: delete from ft_participants where seq=?
    Hibernate: delete from ft_participants where seq=?
    Hibernate: delete from ft_participants where seq=?
    Hibernate: delete from ft_participants where seq=?
    Hibernate: delete from ft_participants where seq=?
    Hibernate: delete from ft_participants where seq=?
    Hibernate: delete from ft_participants where seq=?
    Hibernate: delete from ft_participants where seq=?
    Hibernate: delete from ft_participants where seq=?
    Hibernate: delete from ft_participants where seq=?
    Hibernate: delete from ft_participants where seq=?
    Hibernate: delete from ft_participants where seq=?
    Hibernate: delete from ft_participants where seq=?
    Hibernate: delete from ft_participants where seq=?
    Hibernate: delete from ft_participants where seq=?
    Hibernate: delete from ft_participants where seq=?
    Hibernate: delete from ft_participants where seq=?
    Hibernate: delete from ft_participants where seq=?
    Hibernate: delete from ft_participants where seq=?
    Hibernate: delete from ft_participants where seq=?
    Hibernate: delete from ft_participants where seq=?
    Hibernate: delete from ft_participants where seq=?
    Hibernate: delete from ft_participants where seq=?
    Hibernate: delete from ft_participants where seq=?
    Hibernate: delete from ft_participants where seq=?
    Hibernate: delete from ft_participants where seq=?
    Hibernate: delete from ft_participants where seq=?
    Hibernate: delete from ft_participants where seq=?
    Hibernate: delete from ft_participants where seq=?
    Hibernate: delete from ft_participants where seq=?
    Hibernate: delete from ft_participants where seq=?
    Hibernate: delete from ft_participants where seq=?
    Hibernate: delete from ft_participants where seq=?
    Hibernate: delete from ft_participants where seq=?
    Hibernate: delete from ft_participants where seq=?
    Hibernate: delete from ft_participants where seq=?
    Hibernate: delete from ft_participants where seq=?
    Hibernate: delete from ft_participants where seq=?
    Hibernate: delete from ft_participants where seq=?
    Hibernate: delete from ft_participants where seq=?
    Hibernate: delete from ft_participants where seq=?
    Hibernate: delete from ft_participants where seq=?
    Hibernate: delete from ft_participants where seq=?
    Hibernate: delete from ft_participants where seq=?
    Hibernate: delete from ft_participants where seq=?
    Hibernate: delete from ft_participants where seq=?
    Hibernate: delete from ft_participants where seq=?
    Hibernate: delete from ft_participants where seq=?
    Hibernate: delete from ft_participants where seq=?
    Hibernate: delete from ft_participants where seq=?
    Hibernate: delete from ft_participants where seq=?
    Hibernate: delete from ft_participants where seq=?
    Hibernate: delete from ft_participants where seq=?
    Hibernate: delete from ft_participants where seq=?
    Hibernate: delete from ft_participants where seq=?
    Hibernate: delete from ft_participants where seq=?
    Hibernate: delete from ft_participants where seq=?
    Hibernate: delete from ft_participants where seq=?
    Hibernate: delete from ft_participants where seq=?
    Hibernate: delete from ft_participants where seq=?
    Hibernate: delete from ft_participants where seq=?
    Hibernate: delete from ft_participants where seq=?
    Hibernate: delete from ft_participants where seq=?
    Hibernate: delete from ft_participants where seq=?
    Hibernate: delete from ft_participants where seq=?
    Hibernate: delete from ft_participants where seq=?
    Hibernate: delete from ft_participants where seq=?
    Hibernate: delete from ft_participants where seq=?
    Hibernate: delete from ft_participants where seq=?
    Hibernate: delete from ft_participants where seq=?
    Hibernate: delete from ft_participants where seq=?
    Hibernate: delete from ft_participants where seq=?
    Hibernate: delete from ft_participants where seq=?
    Hibernate: delete from ft_participants where seq=?
    Hibernate: delete from ft_participants where seq=?
    Hibernate: delete from ft_participants where seq=?
    Hibernate: delete from ft_participants where seq=?
    Hibernate: delete from ft_participants where seq=?
    Hibernate: delete from ft_participants where seq=?
    Hibernate: delete from ft_participants where seq=?
    Hibernate: delete from ft_participants where seq=?
    Hibernate: delete from ft_participants where seq=?
    Hibernate: delete from ft_participants where seq=?
    Hibernate: delete from ft_participants where seq=?
    Hibernate: delete from ft_participants where seq=?
    Hibernate: delete from ft_participants where seq=?
    Hibernate: delete from ft_participants where seq=?
    Hibernate: delete from ft_participants where seq=?
    Hibernate: delete from ft_participants where seq=?
    Hibernate: delete from ft_participants where seq=?
    Hibernate: delete from ft_participants where seq=?
    Hibernate: delete from ft_participants where seq=?
    Hibernate: delete from ft_participants where seq=?
    Hibernate: delete from ft_participants where seq=?
    Hibernate: delete from ft_participants where seq=?
    Hibernate: delete from ft_participants where seq=?
    Hibernate: delete from ft_participants where seq=?
    Hibernate: delete from ft_participants where seq=?
    Hibernate: delete from ft_participants where seq=?
    Hibernate: delete from ft_participants where seq=?
    Hibernate: delete from ft_participants where seq=?
    Hibernate: delete from ft_participants where seq=?
    Hibernate: delete from ft_participants where seq=?
    Hibernate: delete from ft_participants where seq=?
    Hibernate: delete from ft_participants where seq=?
    Hibernate: delete from ft_participants where seq=?
    Hibernate: delete from ft_participants where seq=?
    Hibernate: delete from ft_participants where seq=?
    Hibernate: delete from ft_participants where seq=?
    Hibernate: delete from ft_participants where seq=?
    Hibernate: delete from ft_participants where seq=?
    Hibernate: delete from ft_participants where seq=?
    Hibernate: delete from ft_participants where seq=?
    Hibernate: delete from ft_participants where seq=?
    Hibernate: delete from ft_participants where seq=?
    Hibernate: delete from ft_participants where seq=?
    Hibernate: delete from ft_participants where seq=?
    Hibernate: delete from ft_participants where seq=?
    Hibernate: delete from ft_participants where seq=?
    Hibernate: delete from ft_participants where seq=?
    Hibernate: delete from ft_participants where seq=?
    Hibernate: delete from ft_participants where seq=?
    Hibernate: delete from ft_participants where seq=?
    Hibernate: delete from ft_participants where seq=?
    Hibernate: delete from ft_participants where seq=?
    Hibernate: delete from ft_participants where seq=?
    Hibernate: delete from ft_participants where seq=?
    Hibernate: delete from ft_participants where seq=?
    Hibernate: delete from ft_participants where seq=?
    Hibernate: delete from ft_participants where seq=?
    Hibernate: delete from ft_participants where seq=?
    Hibernate: delete from ft_participants where seq=?
    Hibernate: delete from ft_participants where seq=?
    Hibernate: delete from ft_participants where seq=?
    Hibernate: delete from ft_participants where seq=?
    Hibernate: delete from ft_participants where seq=?
    Hibernate: delete from ft_participants where seq=?
    Hibernate: delete from ft_participants where seq=?
    Hibernate: delete from ft_participants where seq=?
    Hibernate: delete from ft_participants where seq=?
    Hibernate: delete from ft_participants where seq=?
    Hibernate: delete from ft_participants where seq=?
    Hibernate: delete from ft_participants where seq=?
    Hibernate: delete from ft_participants where seq=?
    Hibernate: delete from ft_participants where seq=?
    Hibernate: delete from ft_participants where seq=?
    Hibernate: delete from ft_participants where seq=?
    Hibernate: delete from ft_participants where seq=?
    Hibernate: delete from ft_participants where seq=?
    Hibernate: delete from ft_participants where seq=?
    Hibernate: delete from ft_participants where seq=?
    Hibernate: delete from ft_participants where seq=?
    Hibernate: delete from ft_participants where seq=?
    Hibernate: delete from ft_participants where seq=?
    Hibernate: delete from ft_participants where seq=?
    Hibernate: delete from ft_participants where seq=?
    Hibernate: delete from ft_participants where seq=?
    Hibernate: delete from ft_participants where seq=?
    Hibernate: delete from ft_participants where seq=?
    Hibernate: delete from ft_participants where seq=?
    Hibernate: delete from ft_participants where seq=?
    Hibernate: delete from ft_participants where seq=?
    Hibernate: delete from ft_participants where seq=?
    Hibernate: delete from ft_participants where seq=?
    Hibernate: delete from ft_participants where seq=?
    Hibernate: delete from ft_participants where seq=?
    Hibernate: delete from ft_participants where seq=?
    Hibernate: delete from ft_participants where seq=?
    Hibernate: delete from ft_participants where seq=?
    Hibernate: delete from ft_participants where seq=?
    Hibernate: delete from ft_participants where seq=?
    Hibernate: delete from ft_participants where seq=?
    Hibernate: delete from ft_participants where seq=?
    Hibernate: delete from ft_participants where seq=?
    Hibernate: delete from ft_participants where seq=?
    Hibernate: delete from ft_participants where seq=?
    Hibernate: delete from ft_participants where seq=?
    Hibernate: delete from ft_participants where seq=?
    Hibernate: delete from ft_participants where seq=?
    Hibernate: delete from ft_participants where seq=?
    Hibernate: delete from ft_participants where seq=?
    Hibernate: delete from ft_participants where seq=?
    Hibernate: delete from ft_participants where seq=?
    Hibernate: delete from ft_participants where seq=?
    Hibernate: delete from ft_participants where seq=?
    Hibernate: delete from ft_participants where seq=?
    Hibernate: delete from ft_participants where seq=?
    Hibernate: delete from ft_participants where seq=?
    Hibernate: delete from ft_participants where seq=?
    Hibernate: delete from ft_participants where seq=?
    Hibernate: delete from ft_participants where seq=?
    Hibernate: delete from ft_participants where seq=?
    Hibernate: delete from ft_participants where seq=?
    Hibernate: delete from ft_participants where seq=?
    Hibernate: delete from ft_participants where seq=?
    Hibernate: delete from ft_participants where seq=?
    Hibernate: delete from ft_participants where seq=?
    Hibernate: delete from ft_participants where seq=?
    Hibernate: delete from ft_participants where seq=?
    Hibernate: delete from ft_participants where seq=?
    Hibernate: delete from ft_participants where seq=?
    Hibernate: delete from ft_participants where seq=?
    Hibernate: delete from ft_participants where seq=?
    Hibernate: delete from ft_participants where seq=?
    Hibernate: delete from ft_participants where seq=?
    Hibernate: delete from ft_participants where seq=?
    Hibernate: delete from ft_participants where seq=?
    Hibernate: delete from ft_participants where seq=?
    Hibernate: delete from ft_participants where seq=?
    Hibernate: delete from ft_participants where seq=?
    Hibernate: delete from ft_participants where seq=?
    Hibernate: delete from ft_participants where seq=?
    Hibernate: delete from ft_participants where seq=?
    Hibernate: delete from ft_participants where seq=?
    Hibernate: delete from ft_participants where seq=?
    Hibernate: delete from ft_participants where seq=?
    Hibernate: delete from ft_participants where seq=?
    Hibernate: delete from ft_participants where seq=?
    Hibernate: delete from ft_participants where seq=?
    Hibernate: delete from ft_participants where seq=?
    Hibernate: delete from ft_participants where seq=?
    Hibernate: delete from ft_participants where seq=?
    Hibernate: delete from ft_participants where seq=?
    Hibernate: delete from ft_participants where seq=?
    Hibernate: delete from ft_participants where seq=?
    Hibernate: delete from ft_participants where seq=?
    Hibernate: delete from ft_participants where seq=?
    Hibernate: delete from ft_participants where seq=?
    Hibernate: delete from ft_participants where seq=?
    Hibernate: delete from ft_participants where seq=?
    Hibernate: delete from ft_participants where seq=?
    Hibernate: delete from ft_participants where seq=?
    Hibernate: delete from ft_participants where seq=?
    Hibernate: delete from ft_participants where seq=?
    Hibernate: delete from ft_participants where seq=?
    Hibernate: delete from ft_participants where seq=?
    Hibernate: delete from ft_participants where seq=?
    Hibernate: delete from ft_participants where seq=?
    Hibernate: delete from ft_participants where seq=?
    Hibernate: delete from ft_participants where seq=?
    Hibernate: delete from ft_participants where seq=?
    Hibernate: delete from ft_participants where seq=?
    Hibernate: delete from ft_participants where seq=?
    Hibernate: delete from ft_participants where seq=?
    Hibernate: delete from ft_participants where seq=?
    Hibernate: delete from ft_participants where seq=?
    Hibernate: delete from ft_participants where seq=?
    Hibernate: delete from ft_participants where seq=?
    Hibernate: delete from ft_participants where seq=?
    Hibernate: delete from ft_participants where seq=?
    Hibernate: delete from ft_participants where seq=?
    Hibernate: delete from ft_participants where seq=?
    Hibernate: delete from ft_participants where seq=?
    Hibernate: delete from ft_participants where seq=?
    Hibernate: delete from ft_participants where seq=?
    Hibernate: delete from ft_participants where seq=?
    Hibernate: delete from ft_participants where seq=?
    Hibernate: delete from ft_participants where seq=?
    Hibernate: delete from ft_participants where seq=?
    Hibernate: delete from ft_participants where seq=?
    Hibernate: delete from ft_participants where seq=?
    Hibernate: delete from ft_participants where seq=?
    Hibernate: delete from ft_participants where seq=?
    Hibernate: delete from ft_participants where seq=?
    Hibernate: delete from ft_participants where seq=?
    Hibernate: delete from ft_participants where seq=?
    Hibernate: delete from ft_participants where seq=?
    Hibernate: delete from ft_participants where seq=?
    Hibernate: delete from ft_participants where seq=?
    Hibernate: delete from ft_participants where seq=?
    Hibernate: delete from ft_participants where seq=?
    Hibernate: delete from ft_participants where seq=?
    Hibernate: delete from ft_participants where seq=?
    Hibernate: delete from ft_participants where seq=?
    Hibernate: delete from ft_participants where seq=?
    Hibernate: delete from ft_participants where seq=?
    Hibernate: delete from ft_participants where seq=?
    Hibernate: delete from ft_participants where seq=?
    Hibernate: delete from ft_participants where seq=?
    Hibernate: delete from ft_participants where seq=?
    Hibernate: delete from ft_participants where seq=?
    Hibernate: delete from ft_participants where seq=?
    Hibernate: delete from ft_participants where seq=?
    Hibernate: delete from ft_participants where seq=?
    Hibernate: delete from ft_participants where seq=?
    Hibernate: delete from ft_participants where seq=?
    Hibernate: delete from ft_participants where seq=?
    Hibernate: delete from ft_participants where seq=?
    Hibernate: delete from ft_participants where seq=?
    Hibernate: delete from ft_participants where seq=?
    Hibernate: delete from ft_participants where seq=?
    Hibernate: delete from ft_participants where seq=?
    Hibernate: delete from ft_participants where seq=?
    Hibernate: delete from ft_participants where seq=?
    Hibernate: delete from ft_participants where seq=?
    Hibernate: delete from ft_participants where seq=?
    Hibernate: delete from ft_participants where seq=?
    Hibernate: delete from ft_participants where seq=?
    Hibernate: delete from ft_participants where seq=?
    Hibernate: delete from ft_participants where seq=?
    Hibernate: delete from ft_participants where seq=?
    Hibernate: delete from ft_participants where seq=?
    Hibernate: delete from ft_participants where seq=?
    Hibernate: delete from ft_participants where seq=?
    Hibernate: delete from ft_participants where seq=?
    Hibernate: delete from ft_participants where seq=?
    Hibernate: delete from ft_participants where seq=?
    Hibernate: delete from ft_participants where seq=?
    Hibernate: delete from ft_participants where seq=?
    Hibernate: delete from ft_participants where seq=?
    Hibernate: delete from ft_participants where seq=?
    Hibernate: delete from ft_participants where seq=?
    Hibernate: delete from ft_participants where seq=?
    Hibernate: delete from ft_participants where seq=?
    Hibernate: delete from ft_participants where seq=?
    Hibernate: delete from ft_participants where seq=?
    Hibernate: delete from ft_participants where seq=?
    Hibernate: delete from ft_participants where seq=?
    Hibernate: delete from ft_participants where seq=?
    Hibernate: delete from ft_participants where seq=?
    Hibernate: delete from ft_participants where seq=?
    Hibernate: delete from ft_participants where seq=?
    Hibernate: delete from ft_participants where seq=?
    Hibernate: delete from ft_participants where seq=?
    Hibernate: delete from ft_participants where seq=?
    Hibernate: delete from ft_participants where seq=?
    Hibernate: delete from ft_participants where seq=?
    Hibernate: delete from ft_participants where seq=?
    Hibernate: delete from ft_participants where seq=?
    Hibernate: delete from ft_participants where seq=?
    Hibernate: delete from ft_participants where seq=?
    Hibernate: delete from ft_participants where seq=?
    Hibernate: delete from ft_participants where seq=?
    Hibernate: delete from ft_participants where seq=?
    Hibernate: delete from ft_participants where seq=?
    Hibernate: delete from ft_participants where seq=?
    Hibernate: delete from ft_participants where seq=?
    Hibernate: delete from ft_participants where seq=?
    Hibernate: delete from ft_participants where seq=?
    Hibernate: delete from ft_participants where seq=?
    Hibernate: delete from ft_participants where seq=?
    Hibernate: delete from ft_participants where seq=?
    Hibernate: delete from ft_participants where seq=?
    Hibernate: delete from ft_participants where seq=?
    Hibernate: delete from ft_participants where seq=?
    Hibernate: delete from ft_participants where seq=?
    Hibernate: delete from ft_participants where seq=?
    Hibernate: delete from ft_participants where seq=?
    Hibernate: delete from ft_participants where seq=?
    Hibernate: delete from ft_participants where seq=?
    Hibernate: delete from ft_participants where seq=?
    Hibernate: delete from ft_participants where seq=?
    Hibernate: delete from ft_participants where seq=?
    Hibernate: delete from ft_participants where seq=?
    Hibernate: delete from ft_participants where seq=?
    Hibernate: delete from ft_participants where seq=?
    Hibernate: delete from ft_participants where seq=?
    Hibernate: delete from ft_participants where seq=?
    Hibernate: delete from ft_participants where seq=?
    Hibernate: delete from ft_participants where seq=?
    Hibernate: delete from ft_participants where seq=?
    Hibernate: delete from ft_participants where seq=?
    Hibernate: delete from ft_participants where seq=?
    Hibernate: delete from ft_participants where seq=?
    Hibernate: delete from ft_participants where seq=?
    Hibernate: delete from ft_participants where seq=?
    Hibernate: delete from ft_participants where seq=?
    Hibernate: delete from ft_participants where seq=?
    Hibernate: delete from ft_participants where seq=?
    Hibernate: delete from ft_participants where seq=?
    Hibernate: delete from ft_participants where seq=?
    Hibernate: delete from ft_participants where seq=?
    Hibernate: delete from ft_participants where seq=?
    Hibernate: delete from ft_participants where seq=?
    Hibernate: delete from ft_participants where seq=?
    Hibernate: delete from ft_participants where seq=?
    Hibernate: delete from ft_participants where seq=?
    Hibernate: delete from ft_participants where seq=?
    Hibernate: delete from ft_participants where seq=?
    Hibernate: delete from ft_participants where seq=?
    Hibernate: delete from ft_participants where seq=?
    Hibernate: delete from ft_participants where seq=?
    Hibernate: delete from ft_participants where seq=?
    Hibernate: delete from ft_participants where seq=?
    Hibernate: delete from ft_participants where seq=?
    Hibernate: delete from ft_participants where seq=?
    Hibernate: delete from ft_participants where seq=?
    Hibernate: delete from ft_participants where seq=?
    Hibernate: delete from ft_participants where seq=?
    Hibernate: delete from ft_participants where seq=?
    Hibernate: delete from ft_participants where seq=?
    Hibernate: delete from ft_participants where seq=?
    Hibernate: delete from ft_participants where seq=?
    Hibernate: delete from ft_participants where seq=?
    Hibernate: delete from ft_participants where seq=?
    Hibernate: delete from ft_participants where seq=?
    Hibernate: delete from ft_participants where seq=?
    Hibernate: delete from ft_participants where seq=?
    Hibernate: delete from ft_participants where seq=?
    Hibernate: delete from ft_participants where seq=?
    Hibernate: delete from ft_participants where seq=?
    Hibernate: delete from ft_participants where seq=?
    Hibernate: delete from ft_participants where seq=?
    Hibernate: delete from ft_participants where seq=?
    Hibernate: delete from ft_participants where seq=?
    Hibernate: delete from ft_participants where seq=?
    Hibernate: delete from ft_participants where seq=?
    Hibernate: delete from ft_participants where seq=?
    Hibernate: delete from ft_participants where seq=?
    Hibernate: delete from ft_participants where seq=?
    Hibernate: delete from ft_participants where seq=?
    Hibernate: delete from ft_participants where seq=?
    Hibernate: delete from ft_participants where seq=?
    Hibernate: delete from ft_participants where seq=?
    Hibernate: delete from ft_participants where seq=?
    Hibernate: delete from ft_participants where seq=?
    Hibernate: delete from ft_participants where seq=?
    Hibernate: delete from ft_participants where seq=?
    Hibernate: delete from ft_participants where seq=?
    Hibernate: delete from ft_participants where seq=?
    Hibernate: delete from ft_participants where seq=?
    Hibernate: delete from ft_participants where seq=?
    Hibernate: delete from ft_participants where seq=?
    Hibernate: delete from ft_participants where seq=?
    Hibernate: delete from ft_participants where seq=?
    Hibernate: delete from ft_participants where seq=?
    Hibernate: delete from ft_participants where seq=?
    Hibernate: delete from ft_participants where seq=?
    Hibernate: delete from ft_participants where seq=?
    Hibernate: delete from ft_participants where seq=?
    Hibernate: delete from ft_participants where seq=?
    Hibernate: delete from ft_participants where seq=?
    Hibernate: delete from ft_participants where seq=?
    Hibernate: delete from ft_participants where seq=?
    Hibernate: delete from ft_participants where seq=?
    Hibernate: delete from ft_participants where seq=?
    Hibernate: delete from ft_participants where seq=?
    Hibernate: delete from ft_participants where seq=?
    Hibernate: delete from ft_participants where seq=?
    Hibernate: delete from ft_participants where seq=?
    Hibernate: delete from ft_participants where seq=?
    Hibernate: delete from ft_participants where seq=?
    Hibernate: delete from ft_participants where seq=?
    Hibernate: delete from ft_participants where seq=?
    Hibernate: delete from ft_participants where seq=?
    Hibernate: delete from ft_participants where seq=?
    Hibernate: delete from ft_participants where seq=?
    Hibernate: delete from ft_participants where seq=?
    Hibernate: delete from ft_participants where seq=?
    Hibernate: delete from ft_participants where seq=?
    Hibernate: delete from ft_participants where seq=?
    Hibernate: delete from ft_participants where seq=?
    Hibernate: delete from ft_participants where seq=?
    Hibernate: delete from ft_participants where seq=?
    Hibernate: delete from ft_participants where seq=?
    Hibernate: delete from ft_participants where seq=?
    Hibernate: delete from ft_participants where seq=?
    Hibernate: delete from ft_participants where seq=?
    Hibernate: delete from ft_participants where seq=?
    Hibernate: delete from ft_participants where seq=?
    Hibernate: delete from ft_participants where seq=?
    Hibernate: delete from ft_participants where seq=?
    Hibernate: delete from ft_participants where seq=?
    Hibernate: delete from ft_participants where seq=?
    Hibernate: delete from ft_participants where seq=?
    Hibernate: delete from ft_participants where seq=?
    Hibernate: delete from ft_participants where seq=?
    Hibernate: delete from ft_participants where seq=?
    Hibernate: delete from ft_participants where seq=?
    Hibernate: delete from ft_participants where seq=?
    Hibernate: delete from ft_participants where seq=?
    Hibernate: delete from ft_participants where seq=?
    Hibernate: delete from ft_participants where seq=?
    Hibernate: delete from ft_participants where seq=?
    Hibernate: delete from ft_participants where seq=?
    Hibernate: delete from ft_participants where seq=?
    Hibernate: delete from ft_participants where seq=?
    Hibernate: delete from ft_participants where seq=?
    Hibernate: delete from ft_participants where seq=?
    Hibernate: delete from ft_participants where seq=?
    Hibernate: delete from ft_participants where seq=?
    Hibernate: delete from ft_participants where seq=?
    Hibernate: delete from ft_participants where seq=?
    Hibernate: delete from ft_participants where seq=?
    Hibernate: delete from ft_participants where seq=?
    Hibernate: delete from ft_participants where seq=?
    Hibernate: delete from ft_participants where seq=?
    Hibernate: delete from ft_participants where seq=?
    Hibernate: delete from ft_participants where seq=?
    Hibernate: delete from ft_participants where seq=?
    Hibernate: delete from ft_participants where seq=?
    Hibernate: delete from ft_participants where seq=?
    Hibernate: delete from ft_participants where seq=?
    Hibernate: delete from ft_participants where seq=?
    Hibernate: delete from ft_participants where seq=?
    Hibernate: delete from ft_participants where seq=?
    Hibernate: delete from ft_participants where seq=?
    Hibernate: delete from ft_participants where seq=?
    Hibernate: delete from ft_participants where seq=?
    Hibernate: delete from ft_participants where seq=?
    Hibernate: delete from ft_participants where seq=?
    Hibernate: delete from ft_participants where seq=?
    Hibernate: delete from ft_participants where seq=?
    Hibernate: delete from ft_participants where seq=?
    Hibernate: delete from ft_participants where seq=?
    Hibernate: delete from ft_participants where seq=?
    Hibernate: delete from ft_participants where seq=?
    Hibernate: delete from ft_participants where seq=?
    Hibernate: delete from ft_participants where seq=?
    Hibernate: delete from ft_participants where seq=?
    Hibernate: delete from ft_participants where seq=?
    Hibernate: delete from ft_participants where seq=?
    Hibernate: delete from ft_participants where seq=?
    Hibernate: delete from ft_participants where seq=?
    Hibernate: delete from ft_participants where seq=?
    Hibernate: delete from ft_participants where seq=?
    Hibernate: delete from ft_participants where seq=?
    Hibernate: delete from ft_participants where seq=?
    Hibernate: delete from ft_participants where seq=?
    Hibernate: delete from ft_participants where seq=?
    Hibernate: delete from ft_participants where seq=?
    Hibernate: delete from ft_participants where seq=?
    Hibernate: delete from ft_participants where seq=?
    Hibernate: delete from ft_participants where seq=?
    Hibernate: delete from ft_participants where seq=?
    Hibernate: delete from ft_participants where seq=?
    Hibernate: delete from ft_participants where seq=?
    Hibernate: delete from ft_participants where seq=?
    Hibernate: delete from ft_participants where seq=?
    Hibernate: delete from ft_participants where seq=?
    Hibernate: delete from ft_participants where seq=?
    Hibernate: delete from ft_participants where seq=?
    Hibernate: delete from ft_participants where seq=?
    Hibernate: delete from ft_participants where seq=?
    Hibernate: delete from ft_participants where seq=?
    Hibernate: delete from ft_participants where seq=?
    Hibernate: delete from ft_participants where seq=?
    Hibernate: delete from ft_participants where seq=?
    Hibernate: delete from ft_participants where seq=?
    Hibernate: delete from ft_participants where seq=?
    Hibernate: delete from ft_participants where seq=?
    Hibernate: delete from ft_participants where seq=?
    Hibernate: delete from ft_participants where seq=?
    Hibernate: delete from ft_participants where seq=?
    Hibernate: delete from ft_participants where seq=?
    Hibernate: delete from ft_participants where seq=?
    Hibernate: delete from ft_participants where seq=?
    Hibernate: delete from ft_participants where seq=?
    Hibernate: delete from ft_participants where seq=?
    Hibernate: delete from ft_participants where seq=?
    Hibernate: delete from ft_participants where seq=?
    Hibernate: delete from ft_participants where seq=?
    Hibernate: delete from ft_participants where seq=?
    Hibernate: delete from ft_participants where seq=?
    Hibernate: delete from ft_participants where seq=?
    Hibernate: delete from ft_participants where seq=?
    Hibernate: delete from ft_participants where seq=?
    Hibernate: delete from ft_participants where seq=?
    Hibernate: delete from ft_participants where seq=?
    Hibernate: delete from ft_participants where seq=?
    Hibernate: delete from ft_participants where seq=?
    Hibernate: delete from ft_participants where seq=?
    Hibernate: delete from ft_participants where seq=?
    Hibernate: delete from ft_participants where seq=?
    Hibernate: delete from ft_participants where seq=?
    Hibernate: delete from ft_participants where seq=?
    Hibernate: delete from ft_participants where seq=?
    Hibernate: delete from ft_participants where seq=?
    Hibernate: delete from ft_participants where seq=?
    Hibernate: delete from ft_participants where seq=?
    Hibernate: delete from ft_participants where seq=?
    Hibernate: delete from ft_participants where seq=?
    Hibernate: delete from ft_participants where seq=?
    Hibernate: delete from ft_participants where seq=?
    Hibernate: delete from ft_participants where seq=?
    Hibernate: delete from ft_participants where seq=?
    Hibernate: delete from ft_participants where seq=?
    Hibernate: delete from ft_participants where seq=?
    Hibernate: delete from ft_participants where seq=?
    Hibernate: delete from ft_participants where seq=?
    Hibernate: delete from ft_participants where seq=?
    Hibernate: delete from ft_participants where seq=?
    Hibernate: delete from ft_participants where seq=?
    Hibernate: delete from ft_participants where seq=?
    Hibernate: delete from ft_participants where seq=?
    Hibernate: delete from ft_participants where seq=?
    Hibernate: delete from ft_participants where seq=?
    Hibernate: delete from ft_participants where seq=?
    Hibernate: delete from ft_participants where seq=?
    Hibernate: delete from ft_participants where seq=?
    Hibernate: delete from ft_participants where seq=?
    Hibernate: delete from ft_participants where seq=?
    Hibernate: delete from ft_participants where seq=?
    Hibernate: delete from ft_participants where seq=?
    Hibernate: delete from ft_participants where seq=?
    Hibernate: delete from ft_participants where seq=?
    Hibernate: delete from ft_participants where seq=?
    Hibernate: delete from ft_participants where seq=?
    Hibernate: delete from ft_participants where seq=?
    Hibernate: delete from ft_participants where seq=?
    Hibernate: delete from ft_participants where seq=?
    Hibernate: delete from ft_participants where seq=?
    Hibernate: delete from ft_participants where seq=?
    Hibernate: delete from ft_participants where seq=?
    Hibernate: delete from ft_participants where seq=?
    Hibernate: delete from ft_participants where seq=?
    Hibernate: delete from ft_participants where seq=?
    Hibernate: delete from ft_participants where seq=?
    Hibernate: delete from ft_participants where seq=?
    Hibernate: delete from ft_participants where seq=?
    Hibernate: delete from ft_participants where seq=?
    Hibernate: delete from ft_participants where seq=?
    Hibernate: delete from ft_participants where seq=?
    Hibernate: delete from ft_participants where seq=?
    Hibernate: delete from ft_participants where seq=?
    Hibernate: delete from ft_participants where seq=?
    Hibernate: delete from ft_participants where seq=?
    Hibernate: delete from ft_participants where seq=?
    Hibernate: delete from ft_participants where seq=?
    Hibernate: delete from ft_participants where seq=?
    Hibernate: delete from ft_participants where seq=?
    Hibernate: delete from ft_participants where seq=?
    Hibernate: delete from ft_participants where seq=?
    Hibernate: delete from ft_participants where seq=?
    Hibernate: delete from ft_participants where seq=?
    Hibernate: delete from ft_participants where seq=?
    Hibernate: delete from ft_participants where seq=?
    Hibernate: delete from ft_participants where seq=?
    Hibernate: delete from ft_participants where seq=?
    Hibernate: delete from ft_participants where seq=?
    Hibernate: delete from ft_participants where seq=?
    Hibernate: delete from ft_participants where seq=?
    Hibernate: delete from ft_participants where seq=?
    Hibernate: delete from ft_participants where seq=?
    Hibernate: delete from ft_participants where seq=?
    Hibernate: delete from ft_participants where seq=?
    Hibernate: delete from ft_participants where seq=?
    Hibernate: delete from ft_participants where seq=?
    Hibernate: delete from ft_participants where seq=?
    Hibernate: delete from ft_participants where seq=?
    Hibernate: delete from ft_participants where seq=?
    Hibernate: delete from ft_participants where seq=?
    Hibernate: delete from ft_participants where seq=?
    Hibernate: delete from ft_participants where seq=?
    Hibernate: delete from ft_participants where seq=?
    Hibernate: delete from ft_participants where seq=?
    Hibernate: delete from ft_participants where seq=?
    Hibernate: delete from ft_participants where seq=?
    Hibernate: delete from ft_participants where seq=?
    Hibernate: delete from ft_participants where seq=?
    Hibernate: delete from ft_participants where seq=?
    Hibernate: delete from ft_participants where seq=?
    Hibernate: delete from ft_participants where seq=?
    Hibernate: delete from ft_participants where seq=?
    Hibernate: delete from ft_participants where seq=?
    Hibernate: delete from ft_participants where seq=?
    Hibernate: delete from ft_participants where seq=?
    Hibernate: delete from ft_participants where seq=?
    Hibernate: delete from ft_participants where seq=?
    Hibernate: delete from ft_participants where seq=?
    Hibernate: delete from ft_participants where seq=?
    Hibernate: delete from ft_participants where seq=?
    Hibernate: delete from ft_participants where seq=?
    Hibernate: delete from ft_participants where seq=?
    Hibernate: delete from ft_participants where seq=?
    Hibernate: delete from ft_participants where seq=?
    Hibernate: delete from ft_participants where seq=?
    Hibernate: delete from ft_participants where seq=?
    Hibernate: delete from ft_participants where seq=?
    Hibernate: delete from ft_participants where seq=?
    Hibernate: delete from ft_participants where seq=?
    Hibernate: delete from ft_participants where seq=?
    Hibernate: delete from ft_participants where seq=?
    Hibernate: delete from ft_participants where seq=?
    Hibernate: delete from ft_participants where seq=?
    Hibernate: delete from ft_participants where seq=?
    Hibernate: delete from ft_participants where seq=?
    Hibernate: delete from ft_participants where seq=?
    Hibernate: delete from ft_participants where seq=?
    Hibernate: delete from ft_participants where seq=?
    Hibernate: delete from ft_participants where seq=?
    Hibernate: delete from ft_participants where seq=?
    Hibernate: delete from ft_participants where seq=?
    Hibernate: delete from ft_participants where seq=?
    Hibernate: delete from ft_participants where seq=?
    Hibernate: delete from ft_participants where seq=?
    Hibernate: delete from ft_participants where seq=?
    Hibernate: delete from ft_participants where seq=?
    Hibernate: delete from ft_participants where seq=?
    Hibernate: delete from ft_participants where seq=?
    Hibernate: delete from ft_participants where seq=?
    Hibernate: delete from ft_participants where seq=?
    Hibernate: delete from ft_participants where seq=?
    Hibernate: delete from ft_participants where seq=?
    Hibernate: delete from ft_participants where seq=?
    Hibernate: delete from ft_participants where seq=?
    Hibernate: delete from ft_participants where seq=?
    Hibernate: delete from ft_participants where seq=?
    Hibernate: delete from ft_participants where seq=?
    Hibernate: delete from ft_participants where seq=?
    Hibernate: delete from ft_participants where seq=?
    Hibernate: delete from ft_participants where seq=?
    Hibernate: delete from ft_participants where seq=?
    Hibernate: delete from ft_participants where seq=?
    Hibernate: delete from ft_participants where seq=?
    Hibernate: delete from ft_participants where seq=?
    Hibernate: delete from ft_participants where seq=?
    Hibernate: delete from ft_participants where seq=?
    Hibernate: delete from ft_participants where seq=?
    Hibernate: delete from ft_participants where seq=?
    Hibernate: delete from ft_participants where seq=?
    Hibernate: delete from ft_participants where seq=?
    Hibernate: delete from ft_participants where seq=?
    Hibernate: delete from ft_participants where seq=?
    Hibernate: delete from ft_participants where seq=?
    Hibernate: delete from ft_participants where seq=?
    Hibernate: delete from ft_participants where seq=?
    Hibernate: delete from ft_participants where seq=?
    Hibernate: delete from ft_participants where seq=?
    Hibernate: delete from ft_participants where seq=?
    Hibernate: delete from ft_participants where seq=?
    Hibernate: delete from ft_participants where seq=?
    Hibernate: delete from ft_participants where seq=?
    Hibernate: delete from ft_participants where seq=?
    Hibernate: delete from ft_participants where seq=?
    Hibernate: delete from ft_participants where seq=?
    Hibernate: delete from ft_participants where seq=?
    Hibernate: delete from ft_participants where seq=?
    Hibernate: delete from ft_participants where seq=?
    Hibernate: delete from ft_participants where seq=?
    Hibernate: delete from ft_participants where seq=?
    Hibernate: delete from ft_participants where seq=?
    Hibernate: delete from ft_participants where seq=?
    Hibernate: delete from ft_participants where seq=?
    Hibernate: delete from ft_participants where seq=?
    Hibernate: delete from ft_participants where seq=?
    Hibernate: delete from ft_participants where seq=?
    Hibernate: delete from ft_participants where seq=?
    Hibernate: delete from ft_participants where seq=?
    Hibernate: delete from ft_participants where seq=?
    Hibernate: delete from ft_participants where seq=?
    Hibernate: delete from ft_participants where seq=?
    Hibernate: delete from ft_participants where seq=?
    Hibernate: delete from ft_participants where seq=?
    Hibernate: delete from ft_participants where seq=?
    Hibernate: delete from ft_participants where seq=?
    Hibernate: delete from ft_participants where seq=?
    Hibernate: delete from ft_participants where seq=?
    Hibernate: delete from ft_participants where seq=?
    Hibernate: delete from ft_participants where seq=?
    Hibernate: delete from ft_participants where seq=?
    Hibernate: delete from ft_participants where seq=?
    Hibernate: delete from ft_participants where seq=?
    Hibernate: delete from ft_participants where seq=?
    Hibernate: delete from ft_participants where seq=?
    Hibernate: delete from ft_participants where seq=?
    Hibernate: delete from ft_participants where seq=?
    Hibernate: delete from ft_participants where seq=?
    Hibernate: delete from ft_participants where seq=?
    Hibernate: delete from ft_participants where seq=?
    Hibernate: delete from ft_participants where seq=?
    Hibernate: delete from ft_participants where seq=?
    Hibernate: delete from ft_participants where seq=?
    Hibernate: delete from ft_participants where seq=?
    Hibernate: delete from ft_participants where seq=?
    Hibernate: delete from ft_participants where seq=?
    Hibernate: delete from ft_participants where seq=?
    Hibernate: delete from ft_participants where seq=?
    Hibernate: delete from ft_participants where seq=?
    Hibernate: delete from ft_participants where seq=?
    Hibernate: delete from ft_participants where seq=?
    Hibernate: delete from ft_participants where seq=?
    Hibernate: delete from ft_participants where seq=?
    Hibernate: delete from ft_participants where seq=?
    Hibernate: delete from ft_participants where seq=?
    Hibernate: delete from ft_participants where seq=?
    Hibernate: delete from ft_participants where seq=?
    Hibernate: delete from ft_participants where seq=?
    Hibernate: delete from ft_participants where seq=?
    Hibernate: delete from ft_participants where seq=?
    Hibernate: delete from ft_participants where seq=?
    Hibernate: delete from ft_participants where seq=?
    Hibernate: delete from ft_participants where seq=?
    Hibernate: delete from ft_participants where seq=?
    Hibernate: delete from ft_participants where seq=?
    Hibernate: delete from ft_participants where seq=?
    Hibernate: delete from ft_participants where seq=?
    Hibernate: delete from ft_participants where seq=?
    Hibernate: delete from ft_participants where seq=?
    Hibernate: delete from ft_participants where seq=?
    Hibernate: delete from ft_participants where seq=?
    Hibernate: delete from ft_participants where seq=?
    Hibernate: delete from ft_participants where seq=?
    Hibernate: delete from ft_participants where seq=?
    Hibernate: delete from ft_participants where seq=?
    Hibernate: delete from ft_participants where seq=?
    Hibernate: delete from ft_participants where seq=?
    Hibernate: delete from ft_participants where seq=?
    Hibernate: delete from ft_participants where seq=?
    Hibernate: delete from ft_participants where seq=?
    Hibernate: delete from ft_participants where seq=?
    Hibernate: delete from ft_participants where seq=?
    Hibernate: delete from ft_participants where seq=?
    Hibernate: delete from ft_participants where seq=?
    Hibernate: delete from ft_participants where seq=?
    Hibernate: delete from ft_participants where seq=?
    Hibernate: delete from ft_participants where seq=?
    Hibernate: delete from ft_participants where seq=?
    Hibernate: delete from ft_participants where seq=?
    Hibernate: delete from ft_participants where seq=?
    Hibernate: delete from ft_participants where seq=?
    Hibernate: delete from ft_participants where seq=?
    Hibernate: delete from ft_participants where seq=?
    Hibernate: delete from ft_participants where seq=?
    Hibernate: delete from ft_participants where seq=?
    Hibernate: delete from ft_participants where seq=?
    Hibernate: delete from ft_participants where seq=?
    Hibernate: delete from ft_participants where seq=?
    Hibernate: delete from ft_participants where seq=?
    Hibernate: delete from ft_participants where seq=?
    Hibernate: delete from ft_participants where seq=?
    Hibernate: delete from ft_participants where seq=?
    Hibernate: delete from ft_participants where seq=?
    Hibernate: delete from ft_participants where seq=?
    Hibernate: delete from ft_participants where seq=?
    Hibernate: delete from ft_participants where seq=?
    Hibernate: delete from ft_participants where seq=?
    Hibernate: delete from ft_participants where seq=?
    Hibernate: delete from ft_participants where seq=?
    Hibernate: delete from ft_participants where seq=?
    Hibernate: delete from ft_participants where seq=?
    Hibernate: delete from ft_participants where seq=?
    Hibernate: delete from ft_participants where seq=?
    Hibernate: delete from ft_participants where seq=?
    Hibernate: delete from ft_participants where seq=?
    Hibernate: delete from ft_participants where seq=?
    Hibernate: delete from ft_participants where seq=?
    Hibernate: delete from ft_participants where seq=?
    Hibernate: delete from ft_participants where seq=?
    Hibernate: delete from ft_participants where seq=?
    Hibernate: delete from ft_participants where seq=?
    Hibernate: delete from ft_participants where seq=?
    Hibernate: delete from ft_participants where seq=?
    Hibernate: delete from ft_participants where seq=?
    Hibernate: delete from ft_participants where seq=?
    Hibernate: delete from ft_participants where seq=?
    Hibernate: delete from ft_participants where seq=?
    Hibernate: delete from ft_participants where seq=?
    Hibernate: delete from ft_participants where seq=?
    Hibernate: delete from ft_participants where seq=?
    Hibernate: delete from ft_participants where seq=?
    Hibernate: delete from ft_participants where seq=?
    Hibernate: delete from ft_participants where seq=?
    Hibernate: delete from ft_participants where seq=?
    Hibernate: delete from ft_participants where seq=?
    Hibernate: delete from ft_participants where seq=?
    Hibernate: delete from ft_participants where seq=?
    Hibernate: delete from ft_participants where seq=?
    Hibernate: delete from ft_participants where seq=?
    Hibernate: delete from ft_participants where seq=?
    Hibernate: delete from ft_participants where seq=?
    Hibernate: delete from ft_participants where seq=?
    Hibernate: delete from ft_participants where seq=?
    Hibernate: delete from ft_participants where seq=?
    Hibernate: delete from ft_participants where seq=?
    Hibernate: delete from ft_participants where seq=?
    Hibernate: delete from ft_participants where seq=?
    Hibernate: delete from ft_participants where seq=?
    Hibernate: delete from ft_participants where seq=?
    Hibernate: delete from ft_participants where seq=?
    Hibernate: delete from ft_participants where seq=?
    Hibernate: delete from ft_participants where seq=?
    Hibernate: delete from ft_participants where seq=?
    Hibernate: delete from ft_participants where seq=?
    Hibernate: delete from ft_participants where seq=?
    Hibernate: delete from ft_participants where seq=?
    Hibernate: delete from ft_participants where seq=?
    Hibernate: delete from ft_participants where seq=?
    Hibernate: delete from ft_participants where seq=?
    Hibernate: delete from ft_participants where seq=?
    Hibernate: delete from ft_participants where seq=?
    Hibernate: delete from ft_participants where seq=?
    Hibernate: delete from ft_participants where seq=?
    Hibernate: delete from ft_participants where seq=?
    Hibernate: delete from ft_participants where seq=?
    Hibernate: delete from ft_participants where seq=?
    Hibernate: delete from ft_participants where seq=?
    Hibernate: delete from ft_participants where seq=?
    Hibernate: delete from ft_participants where seq=?
    Hibernate: delete from ft_participants where seq=?
    Hibernate: delete from ft_participants where seq=?
    Hibernate: delete from ft_participants where seq=?
    Hibernate: delete from ft_participants where seq=?
    Hibernate: delete from ft_participants where seq=?
    Hibernate: delete from ft_participants where seq=?
    Hibernate: delete from ft_participants where seq=?
    Hibernate: delete from ft_participants where seq=?
    Hibernate: delete from ft_participants where seq=?
    Hibernate: delete from ft_participants where seq=?
    Hibernate: delete from ft_participants where seq=?
    Hibernate: delete from ft_participants where seq=?
    Hibernate: delete from ft_participants where seq=?
    Hibernate: delete from ft_participants where seq=?
    Hibernate: delete from ft_participants where seq=?
    Hibernate: delete from ft_participants where seq=?
    Hibernate: delete from ft_participants where seq=?
    Hibernate: delete from ft_participants where seq=?
    Hibernate: delete from ft_participants where seq=?
    Hibernate: delete from ft_participants where seq=?
    Hibernate: delete from ft_participants where seq=?
    Hibernate: delete from ft_participants where seq=?
    Hibernate: delete from ft_participants where seq=?
    Hibernate: delete from ft_participants where seq=?
    Hibernate: delete from ft_participants where seq=?
    Hibernate: delete from ft_participants where seq=?
    Hibernate: delete from ft_participants where seq=?
    Hibernate: delete from ft_participants where seq=?
    Hibernate: delete from ft_participants where seq=?
    Hibernate: delete from ft_participants where seq=?
    Hibernate: delete from ft_participants where seq=?
    Hibernate: delete from ft_participants where seq=?
    Hibernate: delete from ft_participants where seq=?
    Hibernate: delete from ft_participants where seq=?
    Hibernate: delete from ft_participants where seq=?
    Hibernate: delete from ft_participants where seq=?
    Hibernate: delete from ft_participants where seq=?
    Hibernate: delete from ft_participants where seq=?
    Hibernate: delete from ft_participants where seq=?
    Hibernate: delete from ft_participants where seq=?
    Hibernate: delete from ft_participants where seq=?
    Hibernate: delete from ft_participants where seq=?
    Hibernate: delete from ft_participants where seq=?
    Hibernate: delete from ft_participants where seq=?
    Hibernate: delete from ft_participants where seq=?
    Hibernate: delete from ft_participants where seq=?
    Hibernate: delete from ft_participants where seq=?
    Hibernate: delete from ft_participants where seq=?
    Hibernate: delete from ft_participants where seq=?
    Hibernate: delete from ft_participants where seq=?
    Hibernate: delete from ft_participants where seq=?
    Hibernate: delete from ft_participants where seq=?
    Hibernate: delete from ft_participants where seq=?
    Hibernate: delete from ft_participants where seq=?
    Hibernate: delete from ft_participants where seq=?
    Hibernate: delete from ft_participants where seq=?
    Hibernate: delete from ft_participants where seq=?
    Hibernate: delete from ft_participants where seq=?
    Hibernate: delete from ft_participants where seq=?
    Hibernate: delete from ft_participants where seq=?
    Hibernate: delete from ft_participants where seq=?
    Hibernate: delete from ft_participants where seq=?
    Hibernate: delete from ft_participants where seq=?
    Hibernate: delete from ft_participants where seq=?
    Hibernate: delete from ft_participants where seq=?
    Hibernate: delete from ft_participants where seq=?
    Hibernate: delete from ft_participants where seq=?
    Hibernate: delete from ft_participants where seq=?
    Hibernate: delete from ft_participants where seq=?
    Hibernate: delete from ft_participants where seq=?
    Hibernate: delete from ft_participants where seq=?
    Hibernate: delete from ft_participants where seq=?
    Hibernate: delete from ft_participants where seq=?
    Hibernate: delete from ft_participants where seq=?
    Hibernate: delete from ft_participants where seq=?
    Hibernate: delete from ft_participants where seq=?
    Hibernate: delete from ft_participants where seq=?
    Hibernate: delete from ft_participants where seq=?
    Hibernate: delete from ft_participants where seq=?
    Hibernate: delete from ft_participants where seq=?
    Hibernate: delete from ft_participants where seq=?
    Hibernate: delete from ft_participants where seq=?
    Hibernate: delete from ft_participants where seq=?
    Hibernate: delete from ft_participants where seq=?
    Hibernate: delete from ft_participants where seq=?
    Hibernate: delete from ft_participants where seq=?
    Hibernate: delete from ft_participants where seq=?
    Hibernate: delete from ft_participants where seq=?
    Hibernate: delete from ft_participants where seq=?
    Hibernate: delete from ft_participants where seq=?
    Hibernate: delete from ft_participants where seq=?
    Hibernate: delete from ft_participants where seq=?
    Hibernate: delete from ft_participants where seq=?
    Hibernate: delete from ft_participants where seq=?
    Hibernate: delete from ft_participants where seq=?
    Hibernate: delete from ft_participants where seq=?
    Hibernate: delete from ft_participants where seq=?
    Hibernate: delete from ft_participants where seq=?
    Hibernate: delete from ft_participants where seq=?
    Hibernate: delete from ft_participants where seq=?
    Hibernate: delete from ft_participants where seq=?
    Hibernate: delete from ft_participants where seq=?
    Hibernate: delete from ft_participants where seq=?
    Hibernate: delete from ft_participants where seq=?
    Hibernate: delete from ft_participants where seq=?
    Hibernate: delete from ft_participants where seq=?
    Hibernate: delete from ft_participants where seq=?
    Hibernate: delete from ft_participants where seq=?
    Hibernate: delete from ft_participants where seq=?
    Hibernate: delete from ft_participants where seq=?
    Hibernate: delete from ft_participants where seq=?
    Hibernate: delete from ft_participants where seq=?
    Hibernate: delete from ft_participants where seq=?
    Hibernate: delete from ft_participants where seq=?
    Hibernate: delete from ft_participants where seq=?
    Hibernate: delete from ft_participants where seq=?
    Hibernate: delete from ft_participants where seq=?
    Hibernate: delete from ft_participants where seq=?
    Hibernate: delete from ft_participants where seq=?
    Hibernate: delete from ft_participants where seq=?
    Hibernate: delete from ft_participants where seq=?
    Hibernate: delete from ft_participants where seq=?
    Hibernate: delete from ft_participants where seq=?
    Hibernate: delete from ft_participants where seq=?
    Hibernate: delete from ft_participants where seq=?
    Hibernate: delete from ft_participants where seq=?
    Hibernate: delete from ft_participants where seq=?
    Hibernate: delete from ft_participants where seq=?
    Hibernate: delete from ft_participants where seq=?
    Hibernate: delete from ft_participants where seq=?
    Hibernate: delete from ft_participants where seq=?
    Hibernate: delete from ft_participants where seq=?
    Hibernate: delete from ft_participants where seq=?
    Hibernate: delete from ft_participants where seq=?
    Hibernate: delete from ft_participants where seq=?
    Hibernate: delete from ft_participants where seq=?
    Hibernate: delete from ft_participants where seq=?
    Hibernate: delete from ft_participants where seq=?
    Hibernate: delete from ft_participants where seq=?
    Hibernate: delete from ft_participants where seq=?
    Hibernate: delete from ft_participants where seq=?
    Hibernate: delete from ft_participants where seq=?
    Hibernate: delete from ft_participants where seq=?
    Hibernate: delete from ft_participants where seq=?
    Hibernate: delete from ft_participants where seq=?
    Hibernate: delete from ft_participants where seq=?
    Hibernate: delete from ft_participants where seq=?
    Hibernate: delete from ft_participants where seq=?
    Hibernate: delete from ft_participants where seq=?
    Hibernate: delete from ft_participants where seq=?
    Hibernate: delete from ft_participants where seq=?
    Hibernate: delete from ft_participants where seq=?
    Hibernate: delete from ft_participants where seq=?
    Hibernate: delete from ft_participants where seq=?
    Hibernate: delete from ft_participants where seq=?
    Hibernate: delete from ft_participants where seq=?
    Hibernate: delete from ft_participants where seq=?
    Hibernate: delete from ft_participants where seq=?
    Hibernate: delete from ft_participants where seq=?
    Hibernate: delete from ft_participants where seq=?
    Hibernate: delete from ft_participants where seq=?
    Hibernate: delete from ft_participants where seq=?
    Hibernate: delete from ft_participants where seq=?
    Hibernate: delete from ft_participants where seq=?
    Hibernate: delete from ft_participants where seq=?
    Hibernate: delete from ft_participants where seq=?
    Hibernate: delete from ft_participants where seq=?
    Hibernate: delete from ft_participants where seq=?
    Hibernate: delete from ft_participants where seq=?
    Hibernate: delete from ft_participants where seq=?
    Hibernate: delete from ft_participants where seq=?
    Hibernate: delete from ft_participants where seq=?
    Hibernate: delete from ft_participants where seq=?
    Hibernate: delete from ft_participants where seq=?
    Hibernate: delete from ft_participants where seq=?
    Hibernate: delete from ft_participants where seq=?
    Hibernate: delete from ft_participants where seq=?
    Hibernate: delete from ft_participants where seq=?
    Hibernate: delete from ft_participants where seq=?
    Hibernate: delete from ft_participants where seq=?
    Hibernate: delete from ft_participants where seq=?
    Hibernate: delete from ft_participants where seq=?
    Hibernate: delete from ft_participants where seq=?
    Hibernate: delete from ft_participants where seq=?
    Hibernate: delete from ft_participants where seq=?
    Hibernate: delete from ft_participants where seq=?
    Hibernate: delete from ft_participants where seq=?
    Hibernate: delete from ft_participants where seq=?
    Hibernate: delete from ft_participants where seq=?
    Hibernate: delete from ft_participants where seq=?
    Hibernate: delete from ft_participants where seq=?
    Hibernate: delete from ft_participants where seq=?
    Hibernate: delete from ft_participants where seq=?
    Hibernate: delete from ft_participants where seq=?
    Hibernate: delete from ft_participants where seq=?
    Hibernate: delete from ft_participants where seq=?
    Hibernate: delete from ft_participants where seq=?
    Hibernate: delete from ft_participants where seq=?
    Hibernate: delete from ft_participants where seq=?
    Hibernate: delete from ft_participants where seq=?
    Hibernate: delete from ft_participants where seq=?
    Hibernate: delete from ft_participants where seq=?
    Hibernate: delete from ft_participants where seq=?
    Hibernate: delete from ft_participants where seq=?
    Hibernate: delete from ft_participants where seq=?
    Hibernate: delete from ft_participants where seq=?
    Hibernate: delete from ft_participants where seq=?
    Hibernate: delete from ft_participants where seq=?
    Hibernate: delete from ft_participants where seq=?
    Hibernate: delete from ft_participants where seq=?
    Hibernate: delete from ft_participants where seq=?
    Hibernate: delete from ft_participants where seq=?
    Hibernate: delete from ft_participants where seq=?
    Hibernate: delete from ft_participants where seq=?
    Hibernate: delete from ft_participants where seq=?
    Hibernate: delete from ft_participants where seq=?
    Hibernate: delete from ft_participants where seq=?
    Hibernate: delete from ft_participants where seq=?
    Hibernate: delete from ft_participants where seq=?
    Hibernate: delete from ft_participants where seq=?
    Hibernate: delete from ft_participants where seq=?
    Hibernate: delete from ft_participants where seq=?
    Hibernate: delete from ft_participants where seq=?
    Hibernate: delete from ft_participants where seq=?
    Hibernate: delete from ft_participants where seq=?
    Hibernate: delete from ft_participants where seq=?
    Hibernate: delete from ft_participants where seq=?
    Hibernate: delete from ft_participants where seq=?
    Hibernate: delete from ft_participants where seq=?
    Hibernate: delete from ft_participants where seq=?
    Hibernate: delete from ft_participants where seq=?
    Hibernate: delete from ft_participants where seq=?
    Hibernate: delete from ft_participants where seq=?
    Hibernate: delete from ft_participants where seq=?
    Hibernate: delete from ft_participants where seq=?
    Hibernate: delete from ft_participants where seq=?
    Hibernate: delete from ft_participants where seq=?
    Hibernate: delete from ft_participants where seq=?
    Hibernate: delete from ft_participants where seq=?
    Hibernate: delete from ft_participants where seq=?
    Hibernate: delete from ft_participants where seq=?
    Hibernate: delete from ft_participants where seq=?
    Hibernate: delete from ft_participants where seq=?
    Hibernate: delete from ft_participants where seq=?
    Hibernate: delete from ft_participants where seq=?
    Hibernate: delete from ft_participants where seq=?
    Hibernate: delete from ft_participants where seq=?
    Hibernate: delete from ft_participants where seq=?
    Hibernate: delete from ft_participants where seq=?
    Hibernate: delete from ft_participants where seq=?
    Hibernate: delete from ft_participants where seq=?
    Hibernate: delete from ft_participants where seq=?
    Hibernate: delete from ft_participants where seq=?
    Hibernate: delete from ft_participants where seq=?
    Hibernate: delete from ft_participants where seq=?
    Hibernate: delete from ft_participants where seq=?
    Hibernate: delete from ft_participants where seq=?
    Hibernate: delete from ft_participants where seq=?
    Hibernate: delete from ft_participants where seq=?
    Hibernate: delete from ft_participants where seq=?
    Hibernate: delete from ft_participants where seq=?
    Hibernate: delete from ft_participants where seq=?
    Hibernate: delete from ft_participants where seq=?
    Hibernate: delete from ft_participants where seq=?
    Hibernate: delete from ft_participants where seq=?
    Hibernate: delete from ft_participants where seq=?
    Hibernate: delete from ft_participants where seq=?
    Hibernate: delete from ft_participants where seq=?
    Hibernate: delete from ft_participants where seq=?
    Hibernate: delete from ft_participants where seq=?
    Hibernate: delete from ft_participants where seq=?
    Hibernate: delete from ft_participants where seq=?
    Hibernate: delete from ft_participants where seq=?
    Hibernate: delete from ft_participants where seq=?
    Hibernate: delete from ft_participants where seq=?
    Hibernate: delete from ft_participants where seq=?
    Hibernate: delete from ft_participants where seq=?
    Hibernate: delete from ft_participants where seq=?
    Hibernate: delete from ft_participants where seq=?
    Hibernate: delete from ft_participants where seq=?
    Hibernate: delete from ft_participants where seq=?
    Hibernate: delete from ft_participants where seq=?
    Hibernate: delete from ft_participants where seq=?
    Hibernate: delete from ft_participants where seq=?
    Hibernate: delete from ft_participants where seq=?
    Hibernate: delete from ft_participants where seq=?
    Hibernate: delete from ft_participants where seq=?
    Hibernate: delete from ft_participants where seq=?
    Hibernate: delete from ft_participants where seq=?
    Hibernate: delete from ft_participants where seq=?
    Hibernate: delete from ft_participants where seq=?
    Hibernate: delete from ft_participants where seq=?
    Hibernate: delete from ft_participants where seq=?
    Hibernate: delete from ft_participants where seq=?
    Hibernate: delete from ft_participants where seq=?
    Hibernate: delete from ft_participants where seq=?
    Hibernate: delete from ft_participants where seq=?
    Hibernate: delete from ft_participants where seq=?
    Hibernate: delete from ft_participants where seq=?
    Hibernate: delete from ft_participants where seq=?
    Hibernate: delete from ft_participants where seq=?
    Hibernate: delete from ft_participants where seq=?
    Hibernate: delete from ft_participants where seq=?
    Hibernate: delete from ft_participants where seq=?
    Hibernate: delete from ft_participants where seq=?
    Hibernate: delete from ft_participants where seq=?
    Hibernate: delete from ft_participants where seq=?
    Hibernate: delete from ft_participants where seq=?
    Hibernate: delete from ft_participants where seq=?
    Hibernate: delete from ft_participants where seq=?
    Hibernate: delete from ft_participants where seq=?
    Hibernate: delete from ft_participants where seq=?
    Hibernate: delete from ft_participants where seq=?
    Hibernate: delete from ft_participants where seq=?
    Hibernate: delete from ft_participants where seq=?
    Hibernate: delete from ft_participants where seq=?
    Hibernate: delete from ft_participants where seq=?
    Hibernate: delete from ft_participants where seq=?
    Hibernate: delete from ft_participants where seq=?
    Hibernate: delete from ft_participants where seq=?
    Hibernate: delete from ft_participants where seq=?
    Hibernate: delete from ft_participants where seq=?
    Hibernate: delete from ft_participants where seq=?
    Hibernate: delete from ft_participants where seq=?
    Hibernate: delete from ft_participants where seq=?
    Hibernate: delete from ft_participants where seq=?
    Hibernate: delete from ft_participants where seq=?
    Hibernate: delete from ft_participants where seq=?
    Hibernate: delete from ft_participants where seq=?
    Hibernate: delete from ft_participants where seq=?
    Hibernate: delete from ft_participants where seq=?
    Hibernate: delete from ft_participants where seq=?
    Hibernate: delete from ft_participants where seq=?
    Hibernate: delete from ft_participants where seq=?
    Hibernate: delete from ft_participants where seq=?
    Hibernate: delete from ft_participants where seq=?
    Hibernate: delete from ft_participants where seq=?
    Hibernate: delete from ft_participants where seq=?
    Hibernate: delete from ft_participants where seq=?
    Hibernate: delete from ft_participants where seq=?
    Hibernate: delete from ft_participants where seq=?
    Hibernate: delete from ft_participants where seq=?
    Hibernate: delete from ft_participants where seq=?
    Hibernate: delete from ft_participants where seq=?
    Hibernate: delete from ft_participants where seq=?
    Hibernate: delete from ft_participants where seq=?
    Hibernate: delete from ft_participants where seq=?
    Hibernate: delete from ft_participants where seq=?
    Hibernate: delete from ft_participants where seq=?
    Hibernate: delete from ft_participants where seq=?
    Hibernate: delete from ft_participants where seq=?
    Hibernate: delete from ft_participants where seq=?
    Hibernate: delete from ft_participants where seq=?
    Hibernate: delete from ft_participants where seq=?
    Hibernate: delete from ft_participants where seq=?
    Hibernate: delete from ft_participants where seq=?
    Hibernate: delete from ft_participants where seq=?
    Hibernate: delete from ft_participants where seq=?
    Hibernate: delete from ft_participants where seq=?
    Hibernate: delete from ft_participants where seq=?
    Hibernate: delete from ft_participants where seq=?
    Hibernate: delete from ft_participants where seq=?
    Hibernate: delete from ft_participants where seq=?
    Hibernate: delete from ft_participants where seq=?
    Hibernate: delete from ft_participants where seq=?
    Hibernate: delete from ft_participants where seq=?
    Hibernate: delete from ft_participants where seq=?
    Hibernate: delete from ft_participants where seq=?
    Hibernate: delete from ft_participants where seq=?
    Hibernate: delete from ft_participants where seq=?
    Hibernate: delete from ft_participants where seq=?
    Hibernate: delete from ft_participants where seq=?
    Hibernate: delete from ft_participants where seq=?
    Hibernate: delete from ft_participants where seq=?
    Hibernate: delete from ft_participants where seq=?
    Hibernate: delete from ft_participants where seq=?
    Hibernate: delete from ft_participants where seq=?
    Hibernate: delete from ft_participants where seq=?
    Hibernate: delete from ft_participants where seq=?
    Hibernate: delete from ft_participants where seq=?
    Hibernate: delete from ft_participants where seq=?
    Hibernate: delete from ft_participants where seq=?
    Hibernate: delete from ft_participants where seq=?
    Hibernate: delete from ft_participants where seq=?
    Hibernate: delete from ft_participants where seq=?
    Hibernate: delete from ft_participants where seq=?
    Hibernate: delete from ft_participants where seq=?
    Hibernate: delete from ft_participants where seq=?
    Hibernate: delete from ft_participants where seq=?
    Hibernate: delete from ft_participants where seq=?
    Hibernate: delete from ft_participants where seq=?
    Hibernate: delete from ft_participants where seq=?
    Hibernate: delete from ft_participants where seq=?
    Hibernate: delete from ft_participants where seq=?
    Hibernate: delete from ft_participants where seq=?
    Hibernate: delete from ft_participants where seq=?
    Hibernate: delete from ft_participants where seq=?
    Hibernate: delete from ft_participants where seq=?
    Hibernate: delete from ft_participants where seq=?
    Hibernate: delete from ft_participants where seq=?
    Hibernate: delete from ft_participants where seq=?
    Hibernate: delete from ft_participants where seq=?
    Hibernate: delete from ft_participants where seq=?
    Hibernate: delete from ft_participants where seq=?
    Hibernate: delete from ft_participants where seq=?
    Hibernate: delete from ft_participants where seq=?
    Hibernate: delete from ft_participants where seq=?
    Hibernate: delete from ft_participants where seq=?
    Hibernate: delete from ft_participants where seq=?
    Hibernate: delete from ft_participants where seq=?
    Hibernate: delete from ft_participants where seq=?
    Hibernate: delete from ft_participants where seq=?
    Hibernate: delete from ft_participants where seq=?
    Hibernate: delete from ft_participants where seq=?
    Hibernate: delete from ft_participants where seq=?
    Hibernate: delete from ft_participants where seq=?
    Hibernate: delete from ft_participants where seq=?
    Hibernate: delete from ft_participants where seq=?
    Hibernate: delete from ft_participants where seq=?
    Hibernate: delete from ft_participants where seq=?
    Hibernate: delete from ft_participants where seq=?
    Hibernate: delete from ft_participants where seq=?
    Hibernate: delete from ft_participants where seq=?
    Hibernate: delete from ft_participants where seq=?
    Hibernate: delete from ft_participants where seq=?
    Hibernate: delete from ft_participants where seq=?
    Hibernate: delete from ft_participants where seq=?
    Hibernate: delete from ft_participants where seq=?
    Hibernate: delete from ft_participants where seq=?
    Hibernate: delete from ft_participants where seq=?
    Hibernate: delete from ft_participants where seq=?
    Hibernate: delete from ft_participants where seq=?
    Hibernate: delete from ft_participants where seq=?
    Hibernate: delete from ft_participants where seq=?
    Hibernate: delete from ft_participants where seq=?
    Hibernate: delete from ft_participants where seq=?
    Hibernate: delete from ft_participants where seq=?
    Hibernate: delete from ft_participants where seq=?
    Hibernate: delete from ft_participants where seq=?
    Hibernate: delete from ft_participants where seq=?
    Hibernate: delete from ft_participants where seq=?
    Hibernate: delete from ft_participants where seq=?
    Hibernate: delete from ft_participants where seq=?
    Hibernate: delete from ft_participants where seq=?
    Hibernate: delete from ft_participants where seq=?
    Hibernate: delete from ft_participants where seq=?
    Hibernate: delete from ft_participants where seq=?
    Hibernate: delete from ft_participants where seq=?
    Hibernate: delete from ft_participants where seq=?
    Hibernate: delete from ft_participants where seq=?
    Hibernate: delete from ft_participants where seq=?
    Hibernate: delete from ft_participants where seq=?
    Hibernate: delete from ft_participants where seq=?
    Hibernate: delete from ft_participants where seq=?
    Hibernate: delete from ft_participants where seq=?
    Hibernate: delete from ft_participants where seq=?
    Hibernate: delete from ft_participants where seq=?
    Hibernate: delete from ft_participants where seq=?
    Hibernate: delete from ft_participants where seq=?
    Hibernate: delete from ft_participants where seq=?
    Hibernate: delete from ft_participants where seq=?
    Hibernate: delete from ft_participants where seq=?
    Hibernate: delete from ft_participants where seq=?
    Hibernate: delete from ft_participants where seq=?
    Hibernate: delete from ft_participants where seq=?
    Hibernate: delete from ft_participants where seq=?
    Hibernate: delete from ft_participants where seq=?
    Hibernate: delete from ft_participants where seq=?
    Hibernate: delete from ft_participants where seq=?
    Hibernate: delete from ft_participants where seq=?
    Hibernate: delete from ft_participants where seq=?
    Hibernate: delete from ft_participants where seq=?
    Hibernate: delete from ft_participants where seq=?
    Hibernate: delete from ft_participants where seq=?
    Hibernate: delete from ft_participants where seq=?
    Hibernate: delete from ft_participants where seq=?
    Hibernate: delete from ft_participants where seq=?
    Hibernate: delete from ft_participants where seq=?
    Hibernate: delete from ft_participants where seq=?
    Hibernate: delete from ft_participants where seq=?
    Hibernate: delete from ft_participants where seq=?
    Hibernate: delete from ft_participants where seq=?
    Hibernate: delete from ft_participants where seq=?
    Hibernate: delete from ft_participants where seq=?
    Hibernate: delete from ft_participants where seq=?
    Hibernate: delete from ft_participants where seq=?
    Hibernate: delete from ft_participants where seq=?
    Hibernate: delete from ft_participants where seq=?
    Hibernate: delete from ft_participants where seq=?
    Hibernate: delete from ft_participants where seq=?
    Hibernate: delete from ft_participants where seq=?
    Hibernate: delete from ft_participants where seq=?
    Hibernate: delete from ft_participants where seq=?
    Hibernate: delete from ft_participants where seq=?
    Hibernate: delete from ft_participants where seq=?
    Hibernate: delete from ft_participants where seq=?
    Hibernate: delete from ft_participants where seq=?
    Hibernate: delete from ft_participants where seq=?
    Hibernate: delete from ft_participants where seq=?
    Hibernate: delete from ft_participants where seq=?
    Hibernate: delete from ft_participants where seq=?
    Hibernate: delete from ft_participants where seq=?
    Hibernate: delete from ft_participants where seq=?
    Hibernate: delete from ft_participants where seq=?
    Hibernate: delete from ft_participants where seq=?
    Hibernate: delete from ft_participants where seq=?
    Hibernate: delete from ft_participants where seq=?
    Hibernate: delete from ft_participants where seq=?
    Hibernate: delete from ft_participants where seq=?
    Hibernate: delete from ft_participants where seq=?
    Hibernate: delete from ft_participants where seq=?
    Hibernate: delete from ft_participants where seq=?
    Hibernate: delete from ft_participants where seq=?
    Hibernate: delete from ft_participants where seq=?
    Hibernate: delete from ft_participants where seq=?
    Hibernate: delete from ft_participants where seq=?
    Hibernate: delete from ft_participants where seq=?
    Hibernate: delete from ft_participants where seq=?
    Hibernate: delete from ft_participants where seq=?
    Hibernate: delete from ft_participants where seq=?
    Hibernate: delete from ft_participants where seq=?
    Hibernate: delete from ft_participants where seq=?
    Hibernate: delete from ft_participants where seq=?
    Hibernate: delete from ft_participants where seq=?
    Hibernate: delete from ft_participants where seq=?
    Hibernate: delete from ft_participants where seq=?
    Hibernate: delete from ft_participants where seq=?
    Hibernate: delete from ft_participants where seq=?
    Hibernate: delete from ft_participants where seq=?
    Hibernate: delete from ft_participants where seq=?
    Hibernate: delete from ft_participants where seq=?
    Hibernate: delete from ft_participants where seq=?
    Hibernate: delete from ft_participants where seq=?
    Hibernate: delete from ft_participants where seq=?
    Hibernate: delete from ft_participants where seq=?
    Hibernate: delete from ft_participants where seq=?
    Hibernate: delete from ft_participants where seq=?
    Hibernate: delete from ft_participants where seq=?
    Hibernate: delete from ft_participants where seq=?
    Hibernate: delete from ft_participants where seq=?
    Hibernate: delete from ft_participants where seq=?
    Hibernate: delete from ft_participants where seq=?
    Hibernate: delete from ft_participants where seq=?
    Hibernate: delete from ft_participants where seq=?
    Hibernate: delete from ft_participants where seq=?
    Hibernate: delete from ft_participants where seq=?
    Hibernate: delete from ft_participants where seq=?
    Hibernate: delete from ft_participants where seq=?
    Hibernate: delete from ft_participants where seq=?
    Hibernate: delete from ft_participants where seq=?
    Hibernate: delete from ft_participants where seq=?
    Hibernate: delete from ft_participants where seq=?
    Hibernate: delete from ft_participants where seq=?
    Hibernate: delete from ft_participants where seq=?
    Hibernate: delete from ft_participants where seq=?
    Hibernate: delete from ft_participants where seq=?
    Hibernate: delete from ft_participants where seq=?
    Hibernate: delete from ft_participants where seq=?
    Hibernate: delete from ft_participants where seq=?
    Hibernate: delete from ft_participants where seq=?
    Hibernate: delete from ft_participants where seq=?
    Hibernate: delete from ft_participants where seq=?
    Hibernate: delete from ft_participants where seq=?
    Hibernate: delete from ft_participants where seq=?
    Hibernate: delete from ft_participants where seq=?
    Hibernate: delete from ft_participants where seq=?
    Hibernate: delete from ft_participants where seq=?
    Hibernate: delete from ft_participants where seq=?
    Hibernate: delete from ft_participants where seq=?
    Hibernate: delete from ft_participants where seq=?
    Hibernate: delete from ft_participants where seq=?
    Hibernate: delete from ft_participants where seq=?
    Hibernate: delete from ft_participants where seq=?
    Hibernate: delete from ft_participants where seq=?
    Hibernate: delete from ft_participants where seq=?
    Hibernate: delete from ft_participants where seq=?
    Hibernate: delete from ft_participants where seq=?
    Hibernate: delete from ft_participants where seq=?
    Hibernate: delete from ft_participants where seq=?
    Hibernate: delete from ft_participants where seq=?
    Hibernate: delete from ft_participants where seq=?
    Hibernate: delete from ft_participants where seq=?
    Hibernate: delete from ft_participants where seq=?
    Hibernate: delete from ft_participants where seq=?
    Hibernate: delete from ft_participants where seq=?
    Hibernate: delete from ft_participants where seq=?
    Hibernate: delete from ft_participants where seq=?
    Hibernate: delete from ft_participants where seq=?
    Hibernate: delete from ft_participants where seq=?
    Hibernate: delete from ft_participants where seq=?
    Hibernate: delete from ft_participants where seq=?
    Hibernate: delete from ft_participants where seq=?
    Hibernate: delete from ft_participants where seq=?
    Hibernate: delete from ft_participants where seq=?
    Hibernate: delete from ft_participants where seq=?
    Hibernate: delete from ft_participants where seq=?
    Hibernate: delete from ft_participants where seq=?
    Hibernate: delete from ft_participants where seq=?
    Hibernate: delete from ft_participants where seq=?
    Hibernate: delete from ft_participants where seq=?
    Hibernate: delete from ft_participants where seq=?
    Hibernate: delete from ft_participants where seq=?
    Hibernate: delete from ft_participants where seq=?
    Hibernate: delete from ft_participants where seq=?
    Hibernate: delete from ft_participants where seq=?
    Hibernate: delete from ft_participants where seq=?
    Hibernate: delete from ft_participants where seq=?
    Hibernate: delete from ft_participants where seq=?
    Hibernate: delete from ft_participants where seq=?
    Hibernate: delete from ft_participants where seq=?
    Hibernate: delete from ft_participants where seq=?
    Hibernate: delete from ft_participants where seq=?
    Hibernate: delete from ft_participants where seq=?
    Hibernate: delete from ft_participants where seq=?
    Hibernate: delete from ft_participants where seq=?
    Hibernate: delete from ft_participants where seq=?
    Hibernate: delete from ft_participants where seq=?
    Hibernate: delete from ft_participants where seq=?
    Hibernate: delete from ft_participants where seq=?
    Hibernate: delete from ft_participants where seq=?
    Hibernate: delete from ft_participants where seq=?
    Hibernate: delete from ft_participants where seq=?
    Hibernate: delete from ft_participants where seq=?
    Hibernate: delete from ft_participants where seq=?
    Hibernate: delete from ft_participants where seq=?
    Hibernate: delete from ft_participants where seq=?
    Hibernate: delete from ft_participants where seq=?
    Hibernate: delete from ft_participants where seq=?
    Hibernate: delete from ft_participants where seq=?
    Hibernate: delete from ft_participants where seq=?
    Hibernate: delete from ft_participants where seq=?
    Hibernate: delete from ft_participants where seq=?
    Hibernate: delete from ft_participants where seq=?
    Hibernate: delete from ft_participants where seq=?
    Hibernate: delete from ft_participants where seq=?
    Hibernate: delete from ft_participants where seq=?
    Hibernate: delete from ft_participants where seq=?
    Hibernate: delete from ft_participants where seq=?
    Hibernate: delete from ft_participants where seq=?
    Hibernate: delete from ft_participants where seq=?
    Hibernate: delete from ft_participants where seq=?
    Hibernate: delete from ft_participants where seq=?
    Hibernate: delete from ft_participants where seq=?
    Hibernate: delete from ft_participants where seq=?
    Hibernate: delete from ft_participants where seq=?
    Hibernate: delete from ft_participants where seq=?
    Hibernate: delete from ft_participants where seq=?
    Hibernate: delete from ft_participants where seq=?
    Hibernate: delete from ft_participants where seq=?
    Hibernate: delete from ft_participants where seq=?
    Hibernate: delete from ft_participants where seq=?
    Hibernate: delete from ft_participants where seq=?
    Hibernate: delete from ft_participants where seq=?
    Hibernate: delete from ft_participants where seq=?
    Hibernate: delete from ft_participants where seq=?
    Hibernate: delete from ft_participants where seq=?
    Hibernate: delete from ft_participants where seq=?
    Hibernate: delete from ft_participants where seq=?
    Hibernate: delete from ft_participants where seq=?
    Hibernate: delete from ft_participants where seq=?
    Hibernate: delete from ft_participants where seq=?
    Hibernate: delete from ft_participants where seq=?
    Hibernate: delete from ft_participants where seq=?
    Hibernate: delete from ft_participants where seq=?
    Hibernate: delete from ft_participants where seq=?
    Hibernate: delete from ft_participants where seq=?
    Hibernate: delete from ft_participants where seq=?
    Hibernate: delete from ft_participants where seq=?
    Hibernate: delete from ft_participants where seq=?
    Hibernate: delete from ft_participants where seq=?
    Hibernate: delete from ft_participants where seq=?
    Hibernate: delete from ft_participants where seq=?
    Hibernate: delete from ft_participants where seq=?
    Hibernate: delete from ft_participants where seq=?
    Hibernate: delete from ft_participants where seq=?
    Hibernate: delete from ft_participants where seq=?
    Hibernate: delete from ft_participants where seq=?
    Hibernate: delete from ft_participants where seq=?
    Hibernate: delete from ft_participants where seq=?
    Hibernate: delete from ft_participants where seq=?
    Hibernate: delete from ft_participants where seq=?
    Hibernate: delete from ft_participants where seq=?
    Hibernate: delete from ft_participants where seq=?
    Hibernate: delete from ft_participants where seq=?
    Hibernate: delete from ft_participants where seq=?
    Hibernate: delete from ft_participants where seq=?
    Hibernate: delete from ft_participants where seq=?
    Hibernate: delete from ft_participants where seq=?
    Hibernate: delete from ft_participants where seq=?
    Hibernate: delete from ft_participants where seq=?
    Hibernate: delete from ft_participants where seq=?
    Hibernate: delete from ft_participants where seq=?
    Hibernate: delete from ft_participants where seq=?
    Hibernate: delete from ft_participants where seq=?
    Hibernate: delete from ft_participants where seq=?
    Hibernate: delete from ft_participants where seq=?
    Hibernate: delete from ft_participants where seq=?
    Hibernate: delete from ft_participants where seq=?
    Hibernate: delete from ft_participants where seq=?
    Hibernate: delete from ft_participants where seq=?
    Hibernate: delete from ft_participants where seq=?
    Hibernate: delete from ft_participants where seq=?
    Hibernate: delete from ft_participants where seq=?
    Hibernate: delete from ft_participants where seq=?
    Hibernate: delete from ft_participants where seq=?
    Hibernate: delete from ft_participants where seq=?
    Hibernate: delete from ft_participants where seq=?
    Hibernate: delete from ft_participants where seq=?
    Hibernate: delete from ft_participants where seq=?
    Hibernate: delete from ft_participants where seq=?
    Hibernate: delete from ft_participants where seq=?
    Hibernate: delete from ft_participants where seq=?
    Hibernate: delete from ft_participants where seq=?
    Hibernate: delete from ft_participants where seq=?
    Hibernate: delete from ft_participants where seq=?
    Hibernate: delete from ft_participants where seq=?
    Hibernate: delete from ft_participants where seq=?
    Hibernate: delete from ft_participants where seq=?
    Hibernate: delete from ft_participants where seq=?
    Hibernate: delete from ft_participants where seq=?
    Hibernate: delete from ft_participants where seq=?
    Hibernate: delete from ft_participants where seq=?
    Hibernate: delete from ft_participants where seq=?
    Hibernate: delete from ft_participants where seq=?
    Hibernate: delete from ft_participants where seq=?
    Hibernate: delete from ft_participants where seq=?
    Hibernate: delete from ft_participants where seq=?
    Hibernate: delete from ft_participants where seq=?
    Hibernate: delete from ft_participants where seq=?
    Hibernate: delete from ft_participants where seq=?
    Hibernate: delete from ft_participants where seq=?
    Hibernate: delete from ft_participants where seq=?
    Hibernate: delete from ft_participants where seq=?
    Hibernate: delete from ft_participants where seq=?
    Hibernate: delete from ft_participants where seq=?
    Hibernate: delete from ft_participants where seq=?
    Hibernate: delete from ft_participants where seq=?
    Hibernate: delete from ft_participants where seq=?
    Hibernate: delete from ft_participants where seq=?
    Hibernate: delete from ft_participants where seq=?
    Hibernate: delete from ft_participants where seq=?
    Hibernate: delete from ft_participants where seq=?
    Hibernate: delete from ft_participants where seq=?
    Hibernate: delete from ft_participants where seq=?
    Hibernate: delete from ft_participants where seq=?
    Hibernate: delete from ft_participants where seq=?
    Hibernate: delete from ft_participants where seq=?
    Hibernate: delete from ft_participants where seq=?
    Hibernate: delete from ft_participants where seq=?
    Hibernate: delete from ft_participants where seq=?
    Hibernate: delete from ft_participants where seq=?
    Hibernate: delete from ft_participants where seq=?
    Hibernate: delete from ft_participants where seq=?
    Hibernate: delete from ft_participants where seq=?
    Hibernate: delete from ft_participants where seq=?
    Hibernate: delete from ft_participants where seq=?
    Hibernate: delete from ft_participants where seq=?
    Hibernate: delete from ft_participants where seq=?
    Hibernate: delete from ft_participants where seq=?
    Hibernate: delete from ft_participants where seq=?
    Hibernate: delete from ft_participants where seq=?
    Hibernate: delete from ft_participants where seq=?
    Hibernate: delete from ft_participants where seq=?
    Hibernate: delete from ft_participants where seq=?
    Hibernate: delete from ft_participants where seq=?
    Hibernate: delete from ft_participants where seq=?
    Hibernate: delete from ft_participants where seq=?
    Hibernate: delete from ft_participants where seq=?
    Hibernate: delete from ft_participants where seq=?
    Hibernate: delete from ft_participants where seq=?
    Hibernate: delete from ft_participants where seq=?
    Hibernate: delete from ft_participants where seq=?
    Hibernate: delete from ft_participants where seq=?
    Hibernate: delete from ft_participants where seq=?
    Hibernate: delete from ft_participants where seq=?
    Hibernate: delete from ft_participants where seq=?
    Hibernate: delete from ft_participants where seq=?
    Hibernate: delete from ft_participants where seq=?
    Hibernate: delete from ft_participants where seq=?
    Hibernate: delete from ft_participants where seq=?
    Hibernate: delete from ft_participants where seq=?
    Hibernate: delete from ft_participants where seq=?
    Hibernate: delete from ft_participants where seq=?
    Hibernate: delete from ft_participants where seq=?
    Hibernate: delete from ft_participants where seq=?
    Hibernate: delete from ft_participants where seq=?
    Hibernate: delete from ft_participants where seq=?
    Hibernate: delete from ft_participants where seq=?
    Hibernate: delete from ft_participants where seq=?
    Hibernate: delete from ft_participants where seq=?
    Hibernate: delete from ft_participants where seq=?
    Hibernate: delete from ft_participants where seq=?
    Hibernate: delete from ft_participants where seq=?
    Hibernate: delete from ft_participants where seq=?
    Hibernate: delete from ft_participants where seq=?
    Hibernate: delete from ft_participants where seq=?
    Hibernate: delete from ft_participants where seq=?
    Hibernate: delete from ft_participants where seq=?
    Hibernate: delete from ft_participants where seq=?
    Hibernate: delete from ft_participants where seq=?
    Hibernate: delete from ft_participants where seq=?
    Hibernate: delete from ft_participants where seq=?
    Hibernate: delete from ft_participants where seq=?
    Hibernate: delete from ft_participants where seq=?
    Hibernate: delete from ft_participants where seq=?
    Hibernate: delete from ft_participants where seq=?
    Hibernate: delete from ft_participants where seq=?
    Hibernate: delete from ft_participants where seq=?
    Hibernate: delete from ft_participants where seq=?
    Hibernate: delete from ft_participants where seq=?
    Hibernate: delete from ft_participants where seq=?
    Hibernate: delete from ft_participants where seq=?
    Hibernate: delete from ft_participants where seq=?
    Hibernate: delete from ft_participants where seq=?
    Hibernate: delete from ft_participants where seq=?
    Hibernate: delete from ft_participants where seq=?
    Hibernate: delete from ft_participants where seq=?
    Hibernate: delete from ft_participants where seq=?
    Hibernate: delete from ft_participants where seq=?
    Hibernate: delete from ft_participants where seq=?
    Hibernate: delete from ft_participants where seq=?
    Hibernate: delete from ft_participants where seq=?
    Hibernate: delete from ft_participants where seq=?
    Hibernate: delete from ft_participants where seq=?
    Hibernate: delete from ft_participants where seq=?
    Hibernate: delete from ft_participants where seq=?
    Hibernate: delete from ft_participants where seq=?
    Hibernate: delete from ft_participants where seq=?
    Hibernate: delete from ft_participants where seq=?
    Hibernate: delete from ft_participants where seq=?
    Hibernate: delete from ft_participants where seq=?
    Hibernate: delete from ft_participants where seq=?
    Hibernate: delete from ft_participants where seq=?
    Hibernate: delete from ft_participants where seq=?
    Hibernate: delete from ft_participants where seq=?
    Hibernate: delete from ft_participants where seq=?
    Hibernate: delete from ft_participants where seq=?
    Hibernate: delete from ft_participants where seq=?
    Hibernate: delete from ft_participants where seq=?
    Hibernate: delete from ft_participants where seq=?
    Hibernate: delete from ft_participants where seq=?
    Hibernate: delete from ft_participants where seq=?
    Hibernate: delete from ft_participants where seq=?
    Hibernate: delete from ft_participants where seq=?
    Hibernate: delete from ft_participants where seq=?
    Hibernate: delete from ft_participants where seq=?
    Hibernate: delete from ft_participants where seq=?
    Hibernate: delete from ft_participants where seq=?
    Hibernate: delete from ft_participants where seq=?
    Hibernate: delete from ft_participants where seq=?
    Hibernate: delete from ft_participants where seq=?
    Hibernate: delete from ft_participants where seq=?
    Hibernate: delete from ft_participants where seq=?
    Hibernate: delete from ft_participants where seq=?
    Hibernate: delete from ft_participants where seq=?
    Hibernate: delete from ft_participants where seq=?
    Hibernate: delete from ft_participants where seq=?
    Hibernate: delete from ft_participants where seq=?
    Hibernate: delete from ft_participants where seq=?
    Hibernate: delete from ft_participants where seq=?
    Hibernate: delete from ft_participants where seq=?
    Hibernate: delete from ft_participants where seq=?
    Hibernate: delete from ft_participants where seq=?
    Hibernate: delete from ft_participants where seq=?
    Hibernate: delete from ft_participants where seq=?
    Hibernate: delete from ft_participants where seq=?
    Hibernate: delete from ft_participants where seq=?
    Hibernate: delete from ft_participants where seq=?
    Hibernate: delete from ft_participants where seq=?
    Hibernate: delete from ft_participants where seq=?
    Hibernate: delete from ft_participants where seq=?
    Hibernate: delete from ft_participants where seq=?
    Hibernate: delete from ft_participants where seq=?
    Hibernate: delete from ft_participants where seq=?
    Hibernate: delete from ft_participants where seq=?
    Hibernate: delete from ft_participants where seq=?
    Hibernate: delete from ft_participants where seq=?
    Hibernate: delete from ft_participants where seq=?
    Hibernate: delete from ft_participants where seq=?
    Hibernate: delete from ft_participants where seq=?
    Hibernate: delete from ft_participants where seq=?
    Hibernate: delete from ft_participants where seq=?
    Hibernate: delete from ft_participants where seq=?
    Hibernate: delete from ft_participants where seq=?
    Hibernate: delete from ft_participants where seq=?
    Hibernate: delete from ft_participants where seq=?
    Hibernate: delete from ft_participants where seq=?
    Hibernate: delete from ft_participants where seq=?
    Hibernate: delete from ft_participants where seq=?
    Hibernate: delete from ft_participants where seq=?
    Hibernate: delete from ft_participants where seq=?
    Hibernate: delete from ft_participants where seq=?
    Hibernate: delete from ft_participants where seq=?
    Hibernate: delete from ft_participants where seq=?
    Hibernate: delete from ft_participants where seq=?
    Hibernate: delete from ft_participants where seq=?
    Hibernate: delete from ft_participants where seq=?
    Hibernate: delete from ft_participants where seq=?
    Hibernate: delete from ft_participants where seq=?
    Hibernate: delete from ft_participants where seq=?
    Hibernate: delete from ft_participants where seq=?
    Hibernate: delete from ft_participants where seq=?
    Hibernate: delete from ft_participants where seq=?
    Hibernate: delete from ft_participants where seq=?
    Hibernate: delete from ft_participants where seq=?
    Hibernate: delete from ft_participants where seq=?
    Hibernate: delete from ft_participants where seq=?
    Hibernate: delete from ft_participants where seq=?
    Hibernate: delete from ft_participants where seq=?
    Hibernate: delete from ft_participants where seq=?
    Hibernate: delete from ft_participants where seq=?
    Hibernate: delete from ft_participants where seq=?
    Hibernate: delete from ft_participants where seq=?
    Hibernate: delete from ft_participants where seq=?
    Hibernate: delete from ft_participants where seq=?
    Hibernate: delete from ft_participants where seq=?
    Hibernate: delete from ft_participants where seq=?
    Hibernate: delete from ft_participants where seq=?
    Hibernate: delete from ft_participants where seq=?
    Hibernate: delete from ft_participants where seq=?
    Hibernate: delete from ft_participants where seq=?
    Hibernate: delete from ft_participants where seq=?
    Hibernate: delete from ft_participants where seq=?
    Hibernate: delete from ft_participants where seq=?
    Hibernate: delete from ft_participants where seq=?
    Hibernate: delete from ft_participants where seq=?
    Hibernate: delete from ft_participants where seq=?
    Hibernate: delete from ft_participants where seq=?
    Hibernate: delete from ft_participants where seq=?
    Hibernate: delete from ft_participants where seq=?
    Hibernate: delete from ft_participants where seq=?
    Hibernate: delete from ft_participants where seq=?
    Hibernate: delete from ft_participants where seq=?
    Hibernate: delete from ft_participants where seq=?
    Hibernate: delete from ft_participants where seq=?
    Hibernate: delete from ft_participants where seq=?
    Hibernate: delete from ft_participants where seq=?
    Hibernate: delete from ft_participants where seq=?
    Hibernate: delete from ft_participants where seq=?
    Hibernate: delete from ft_participants where seq=?
    Hibernate: delete from ft_participants where seq=?
    Hibernate: delete from ft_participants where seq=?
    Hibernate: delete from ft_participants where seq=?
    Hibernate: delete from ft_participants where seq=?
    Hibernate: delete from ft_participants where seq=?
    Hibernate: delete from ft_participants where seq=?
    Hibernate: delete from ft_participants where seq=?
    Hibernate: delete from ft_participants where seq=?
    Hibernate: delete from ft_participants where seq=?
    Hibernate: delete from ft_participants where seq=?
    Hibernate: delete from ft_participants where seq=?
    Hibernate: delete from ft_participants where seq=?
    Hibernate: delete from ft_participants where seq=?
    Hibernate: delete from ft_participants where seq=?
    Hibernate: delete from ft_participants where seq=?
    Hibernate: delete from ft_participants where seq=?
    Hibernate: delete from ft_participants where seq=?
    Hibernate: delete from ft_participants where seq=?
    Hibernate: delete from ft_participants where seq=?
    Hibernate: delete from ft_participants where seq=?
    Hibernate: delete from ft_participants where seq=?
    Hibernate: delete from ft_participants where seq=?
    Hibernate: delete from ft_participants where seq=?
    Hibernate: delete from ft_participants where seq=?
    Hibernate: delete from ft_participants where seq=?
    Hibernate: delete from ft_participants where seq=?
    Hibernate: delete from ft_participants where seq=?
    Hibernate: delete from ft_participants where seq=?
    Hibernate: delete from ft_participants where seq=?
    Hibernate: delete from ft_participants where seq=?
    Hibernate: delete from ft_participants where seq=?
    Hibernate: delete from ft_participants where seq=?
    Hibernate: delete from ft_participants where seq=?
    Hibernate: delete from ft_participants where seq=?
    Hibernate: delete from ft_participants where seq=?
    Hibernate: delete from ft_participants where seq=?
    Hibernate: delete from ft_participants where seq=?
    Hibernate: delete from ft_participants where seq=?
    Hibernate: delete from ft_participants where seq=?
    Hibernate: delete from ft_participants where seq=?
    Hibernate: delete from ft_participants where seq=?
    Hibernate: delete from ft_participants where seq=?
    Hibernate: delete from ft_participants where seq=?
    Hibernate: delete from ft_participants where seq=?
    Hibernate: delete from ft_participants where seq=?
    Hibernate: delete from ft_participants where seq=?
    Hibernate: delete from ft_participants where seq=?
    Hibernate: delete from ft_participants where seq=?
    Hibernate: delete from ft_participants where seq=?
    Hibernate: delete from ft_participants where seq=?
    Hibernate: delete from ft_participants where seq=?
    Hibernate: delete from ft_participants where seq=?
    Hibernate: delete from ft_participants where seq=?
    Hibernate: delete from ft_participants where seq=?
    Hibernate: delete from ft_participants where seq=?
    Hibernate: delete from ft_participants where seq=?
    Hibernate: delete from ft_participants where seq=?
    Hibernate: delete from ft_participants where seq=?
    Hibernate: delete from ft_participants where seq=?
    Hibernate: delete from ft_participants where seq=?
    Hibernate: delete from ft_participants where seq=?
    Hibernate: delete from ft_participants where seq=?
    Hibernate: delete from ft_participants where seq=?
    Hibernate: delete from ft_participants where seq=?
    Hibernate: delete from ft_participants where seq=?
    Hibernate: delete from ft_participants where seq=?
    Hibernate: delete from ft_participants where seq=?
    Hibernate: delete from ft_participants where seq=?
    Hibernate: delete from ft_participants where seq=?
    Hibernate: delete from ft_participants where seq=?
    Hibernate: delete from ft_participants where seq=?
    Hibernate: delete from ft_participants where seq=?
    Hibernate: delete from ft_participants where seq=?
    Hibernate: delete from ft_participants where seq=?
    Hibernate: delete from ft_participants where seq=?
    Hibernate: delete from ft_participants where seq=?
    Hibernate: delete from ft_participants where seq=?
    Hibernate: delete from ft_participants where seq=?
    Hibernate: delete from ft_participants where seq=?
    Hibernate: delete from ft_participants where seq=?
    Hibernate: delete from ft_participants where seq=?
    Hibernate: delete from ft_participants where seq=?
    Hibernate: delete from ft_participants where seq=?
    Hibernate: delete from ft_participants where seq=?
    Hibernate: delete from ft_participants where seq=?
    Hibernate: delete from ft_participants where seq=?
    Hibernate: delete from ft_participants where seq=?
    Hibernate: delete from ft_participants where seq=?
    Hibernate: delete from ft_participants where seq=?
    Hibernate: delete from ft_participants where seq=?
    Hibernate: delete from ft_participants where seq=?
    Hibernate: delete from ft_participants where seq=?
    Hibernate: delete from ft_participants where seq=?
    Hibernate: delete from ft_participants where seq=?
    Hibernate: delete from ft_participants where seq=?
    Hibernate: delete from ft_participants where seq=?
    Hibernate: delete from ft_participants where seq=?
    Hibernate: delete from ft_participants where seq=?
    Hibernate: delete from ft_participants where seq=?
    Hibernate: delete from ft_participants where seq=?
    Hibernate: delete from ft_participants where seq=?
    Hibernate: delete from ft_participants where seq=?
    Hibernate: delete from ft_participants where seq=?
    Hibernate: delete from ft_participants where seq=?
    Hibernate: delete from ft_participants where seq=?
    Hibernate: delete from ft_participants where seq=?
    Hibernate: delete from ft_participants where seq=?
    Hibernate: delete from ft_participants where seq=?
    Hibernate: delete from ft_participants where seq=?
    Hibernate: delete from ft_participants where seq=?
    Hibernate: delete from ft_participants where seq=?
    Hibernate: delete from ft_participants where seq=?
    Hibernate: delete from ft_participants where seq=?
    Hibernate: delete from ft_participants where seq=?
    Hibernate: delete from ft_participants where seq=?
    Hibernate: delete from ft_participants where seq=?
    Hibernate: delete from ft_participants where seq=?
    Hibernate: delete from ft_participants where seq=?
    Hibernate: delete from ft_participants where seq=?
    Hibernate: delete from ft_participants where seq=?
    Hibernate: delete from ft_participants where seq=?
    Hibernate: delete from ft_participants where seq=?
    Hibernate: delete from ft_participants where seq=?
    Hibernate: delete from ft_participants where seq=?
    Hibernate: delete from ft_participants where seq=?
    Hibernate: delete from ft_participants where seq=?
    Hibernate: delete from ft_participants where seq=?
    Hibernate: delete from ft_participants where seq=?
    Hibernate: delete from ft_participants where seq=?
    Hibernate: delete from ft_participants where seq=?
    Hibernate: delete from ft_participants where seq=?
    Hibernate: delete from ft_participants where seq=?
    Hibernate: delete from ft_participants where seq=?
    Hibernate: delete from ft_participants where seq=?
    Hibernate: delete from ft_participants where seq=?
    Hibernate: delete from ft_participants where seq=?
    Hibernate: delete from ft_participants where seq=?
    Hibernate: delete from ft_participants where seq=?
    Hibernate: delete from ft_participants where seq=?
    Hibernate: delete from ft_participants where seq=?
    Hibernate: delete from ft_participants where seq=?
    Hibernate: delete from ft_participants where seq=?
    Hibernate: delete from ft_participants where seq=?
    Hibernate: delete from ft_participants where seq=?
    Hibernate: delete from ft_participants where seq=?
    Hibernate: delete from ft_participants where seq=?
    Hibernate: delete from ft_participants where seq=?
    Hibernate: delete from ft_participants where seq=?
    Hibernate: delete from ft_participants where seq=?
    Hibernate: delete from ft_participants where seq=?
    Hibernate: delete from ft_participants where seq=?
    Hibernate: delete from ft_participants where seq=?
    Hibernate: delete from ft_participants where seq=?
    Hibernate: delete from ft_participants where seq=?
    Hibernate: delete from ft_participants where seq=?
    Hibernate: delete from ft_participants where seq=?
    Hibernate: delete from ft_participants where seq=?
    Hibernate: delete from ft_participants where seq=?
    Hibernate: delete from ft_participants where seq=?
    Hibernate: delete from ft_participants where seq=?
    Hibernate: delete from ft_participants where seq=?
    Hibernate: delete from ft_participants where seq=?
    Hibernate: delete from ft_participants where seq=?
    Hibernate: delete from ft_participants where seq=?
    Hibernate: delete from ft_participants where seq=?
    Hibernate: delete from ft_participants where seq=?
    Hibernate: delete from ft_participants where seq=?
    Hibernate: delete from ft_participants where seq=?
    Hibernate: delete from ft_participants where seq=?
    Hibernate: delete from ft_participants where seq=?
    Hibernate: delete from ft_participants where seq=?
    Hibernate: delete from ft_participants where seq=?
    Hibernate: delete from ft_participants where seq=?
    Hibernate: delete from ft_participants where seq=?
    Hibernate: delete from ft_participants where seq=?
    Hibernate: delete from ft_participants where seq=?
    Hibernate: delete from ft_participants where seq=?
    Hibernate: delete from ft_participants where seq=?
    Hibernate: delete from ft_participants where seq=?
    Hibernate: delete from ft_participants where seq=?
    Hibernate: delete from ft_participants where seq=?
    Hibernate: delete from ft_participants where seq=?
    Hibernate: delete from ft_participants where seq=?
    Hibernate: delete from ft_participants where seq=?
    Hibernate: delete from ft_participants where seq=?
    Hibernate: delete from ft_participants where seq=?
    Hibernate: delete from ft_participants where seq=?
    Hibernate: delete from ft_participants where seq=?
    Hibernate: delete from ft_participants where seq=?
    Hibernate: delete from ft_participants where seq=?
    Hibernate: delete from ft_participants where seq=?
    Hibernate: delete from ft_participants where seq=?
    Hibernate: delete from ft_participants where seq=?
    Hibernate: delete from ft_participants where seq=?
    Hibernate: delete from ft_participants where seq=?
    Hibernate: delete from ft_participants where seq=?
    Hibernate: delete from ft_participants where seq=?
    Hibernate: delete from ft_participants where seq=?
    Hibernate: delete from ft_participants where seq=?
    Hibernate: delete from ft_participants where seq=?
    Hibernate: delete from ft_participants where seq=?
    Hibernate: delete from ft_participants where seq=?
    Hibernate: delete from ft_participants where seq=?
    Hibernate: delete from ft_participants where seq=?
    Hibernate: delete from ft_participants where seq=?
    Hibernate: delete from ft_participants where seq=?
    Hibernate: delete from ft_participants where seq=?
    Hibernate: delete from ft_participants where seq=?
    Hibernate: delete from ft_participants where seq=?
    Hibernate: delete from ft_participants where seq=?
    Hibernate: delete from ft_participants where seq=?
    Hibernate: delete from ft_participants where seq=?
    Hibernate: delete from ft_participants where seq=?
    Hibernate: delete from ft_participants where seq=?
    Hibernate: delete from ft_participants where seq=?
    Hibernate: delete from ft_participants where seq=?
    Hibernate: delete from ft_participants where seq=?
    Hibernate: delete from ft_participants where seq=?
    Hibernate: delete from ft_participants where seq=?
    Hibernate: delete from ft_participants where seq=?
    Hibernate: delete from ft_participants where seq=?
    Hibernate: delete from ft_participants where seq=?
    Hibernate: delete from ft_participants where seq=?
    Hibernate: delete from ft_participants where seq=?
    Hibernate: delete from ft_participants where seq=?
    Hibernate: delete from ft_participants where seq=?
    Hibernate: delete from ft_participants where seq=?
    Hibernate: delete from ft_participants where seq=?
    Hibernate: delete from ft_participants where seq=?
    Hibernate: delete from ft_participants where seq=?
    Hibernate: delete from ft_participants where seq=?
    Hibernate: delete from ft_participants where seq=?
    Hibernate: delete from ft_participants where seq=?
    Hibernate: delete from ft_participants where seq=?
    Hibernate: delete from ft_participants where seq=?
    Hibernate: delete from ft_participants where seq=?
    Hibernate: delete from ft_participants where seq=?
    Hibernate: delete from ft_participants where seq=?
    Hibernate: delete from ft_participants where seq=?
    Hibernate: delete from ft_participants where seq=?
    Hibernate: delete from ft_participants where seq=?
    Hibernate: delete from ft_participants where seq=?
    Hibernate: delete from ft_participants where seq=?
    Hibernate: delete from ft_participants where seq=?
    Hibernate: delete from ft_participants where seq=?
    Hibernate: delete from ft_participants where seq=?
    Hibernate: delete from ft_participants where seq=?
    Hibernate: delete from ft_participants where seq=?
    Hibernate: delete from ft_participants where seq=?
    Hibernate: delete from ft_participants where seq=?
    Hibernate: delete from ft_participants where seq=?
    Hibernate: delete from ft_participants where seq=?
    Hibernate: delete from ft_participants where seq=?
    Hibernate: delete from ft_participants where seq=?
    Hibernate: delete from ft_participants where seq=?
    Hibernate: delete from ft_participants where seq=?
    Hibernate: delete from ft_participants where seq=?
    Hibernate: delete from ft_participants where seq=?
    Hibernate: delete from ft_participants where seq=?
    Hibernate: delete from ft_participants where seq=?
    Hibernate: delete from ft_participants where seq=?
    Hibernate: delete from ft_participants where seq=?
    Hibernate: delete from ft_participants where seq=?
    Hibernate: delete from ft_participants where seq=?
    Hibernate: delete from ft_participants where seq=?
    Hibernate: delete from ft_participants where seq=?
    Hibernate: delete from ft_participants where seq=?
    Hibernate: delete from ft_participants where seq=?
    Hibernate: delete from ft_participants where seq=?
    Hibernate: delete from ft_participants where seq=?
    Hibernate: delete from ft_participants where seq=?
    Hibernate: delete from ft_participants where seq=?
    Hibernate: delete from ft_participants where seq=?
    Hibernate: delete from ft_participants where seq=?
    Hibernate: delete from ft_participants where seq=?
    Hibernate: delete from ft_participants where seq=?
    Hibernate: delete from ft_participants where seq=?
    Hibernate: delete from ft_participants where seq=?
    Hibernate: delete from ft_participants where seq=?
    Hibernate: delete from ft_participants where seq=?
    Hibernate: delete from ft_participants where seq=?
    Hibernate: delete from ft_participants where seq=?
    Hibernate: delete from ft_participants where seq=?
    Hibernate: delete from ft_participants where seq=?
    Hibernate: delete from ft_participants where seq=?
    Hibernate: delete from ft_participants where seq=?
    Hibernate: delete from ft_participants where seq=?
    Hibernate: delete from ft_participants where seq=?
    Hibernate: delete from ft_participants where seq=?
    Hibernate: delete from ft_participants where seq=?
    Hibernate: delete from ft_participants where seq=?
    Hibernate: delete from ft_participants where seq=?
    Hibernate: delete from ft_participants where seq=?
    Hibernate: delete from ft_participants where seq=?
    Hibernate: delete from ft_participants where seq=?
    Hibernate: delete from ft_participants where seq=?
    Hibernate: delete from ft_participants where seq=?
    Hibernate: delete from ft_participants where seq=?
    Hibernate: delete from ft_participants where seq=?
    Hibernate: delete from ft_participants where seq=?
    Hibernate: delete from ft_participants where seq=?
    Hibernate: delete from ft_participants where seq=?
    Hibernate: delete from ft_participants where seq=?
    Hibernate: delete from ft_participants where seq=?
    Hibernate: delete from ft_participants where seq=?
    Hibernate: delete from ft_participants where seq=?
    Hibernate: delete from ft_participants where seq=?
    Hibernate: delete from ft_participants where seq=?
    Hibernate: delete from ft_participants where seq=?
    Hibernate: delete from ft_participants where seq=?
    Hibernate: delete from ft_participants where seq=?
    Hibernate: delete from ft_participants where seq=?
    Hibernate: delete from ft_participants where seq=?
    Hibernate: delete from ft_participants where seq=?
    Hibernate: delete from ft_participants where seq=?
    Hibernate: delete from ft_participants where seq=?
    Hibernate: delete from ft_participants where seq=?
    Hibernate: delete from ft_participants where seq=?
    Hibernate: delete from ft_participants where seq=?
    Hibernate: delete from ft_participants where seq=?
    Hibernate: delete from ft_participants where seq=?
    Hibernate: delete from ft_participants where seq=?
    Hibernate: delete from ft_participants where seq=?
    Hibernate: delete from ft_participants where seq=?
    Hibernate: delete from ft_participants where seq=?
    Hibernate: delete from ft_participants where seq=?
    Hibernate: delete from ft_participants where seq=?
    Hibernate: delete from ft_participants where seq=?
    Hibernate: delete from ft_participants where seq=?
    Hibernate: delete from ft_participants where seq=?
    Hibernate: delete from ft_participants where seq=?
    Hibernate: delete from ft_participants where seq=?
    Hibernate: delete from ft_participants where seq=?
    Hibernate: delete from ft_participants where seq=?
    Hibernate: delete from ft_participants where seq=?
    Hibernate: delete from ft_participants where seq=?
    Hibernate: delete from ft_participants where seq=?
    Hibernate: delete from ft_participants where seq=?
    Hibernate: delete from ft_participants where seq=?
    Hibernate: delete from ft_participants where seq=?
    Hibernate: delete from ft_participants where seq=?
    Hibernate: delete from ft_participants where seq=?
    Hibernate: delete from ft_participants where seq=?
    Hibernate: delete from ft_participants where seq=?
    Hibernate: delete from ft_participants where seq=?
    Hibernate: delete from ft_participants where seq=?
    Hibernate: delete from ft_participants where seq=?
    Hibernate: delete from ft_participants where seq=?
    Hibernate: delete from ft_participants where seq=?
    Hibernate: delete from ft_participants where seq=?
    Hibernate: delete from ft_participants where seq=?
    Hibernate: delete from ft_participants where seq=?
    Hibernate: delete from ft_participants where seq=?
    Hibernate: delete from ft_participants where seq=?
    Hibernate: delete from ft_participants where seq=?
    Hibernate: delete from ft_participants where seq=?
    Hibernate: delete from ft_participants where seq=?
    Hibernate: delete from ft_participants where seq=?
    Hibernate: delete from ft_participants where seq=?
    Hibernate: delete from ft_participants where seq=?
    Hibernate: delete from ft_participants where seq=?
    Hibernate: delete from ft_participants where seq=?
    Hibernate: delete from ft_participants where seq=?
    Hibernate: delete from ft_participants where seq=?
    Hibernate: delete from ft_participants where seq=?
    Hibernate: delete from ft_participants where seq=?
    Hibernate: delete from ft_participants where seq=?
    Hibernate: delete from ft_participants where seq=?
    Hibernate: delete from ft_participants where seq=?
    Hibernate: delete from ft_participants where seq=?
    Hibernate: delete from ft_participants where seq=?
    Hibernate: delete from ft_participants where seq=?
    Hibernate: delete from ft_participants where seq=?
    Hibernate: delete from ft_participants where seq=?
    Hibernate: delete from ft_participants where seq=?
    Hibernate: delete from ft_participants where seq=?
    Hibernate: delete from ft_participants where seq=?
    Hibernate: delete from ft_participants where seq=?
    Hibernate: delete from ft_participants where seq=?
    Hibernate: delete from ft_participants where seq=?
    Hibernate: delete from ft_participants where seq=?
    Hibernate: delete from ft_participants where seq=?
    Hibernate: delete from ft_participants where seq=?
    Hibernate: delete from ft_participants where seq=?
    Hibernate: delete from ft_participants where seq=?
    Hibernate: delete from ft_participants where seq=?
    Hibernate: delete from ft_participants where seq=?
    Hibernate: delete from ft_participants where seq=?
    Hibernate: delete from ft_participants where seq=?
    Hibernate: delete from ft_participants where seq=?
    Hibernate: delete from ft_participants where seq=?
    Hibernate: delete from ft_participants where seq=?
    Hibernate: delete from ft_participants where seq=?
    Hibernate: delete from ft_participants where seq=?
    Hibernate: delete from ft_participants where seq=?
    Hibernate: delete from ft_participants where seq=?
    Hibernate: delete from ft_participants where seq=?
    Hibernate: delete from ft_participants where seq=?
    Hibernate: delete from ft_participants where seq=?
    Hibernate: delete from ft_participants where seq=?
    Hibernate: delete from ft_participants where seq=?
    Hibernate: delete from ft_participants where seq=?
    Hibernate: delete from ft_participants where seq=?
    Hibernate: delete from ft_participants where seq=?
    Hibernate: delete from ft_participants where seq=?
    Hibernate: delete from ft_participants where seq=?
    Hibernate: delete from ft_participants where seq=?
    Hibernate: delete from ft_participants where seq=?
    Hibernate: delete from ft_participants where seq=?
    Hibernate: delete from ft_participants where seq=?
    Hibernate: delete from ft_participants where seq=?
    Hibernate: delete from ft_participants where seq=?
    Hibernate: delete from ft_participants where seq=?
    Hibernate: delete from ft_participants where seq=?
    Hibernate: delete from ft_participants where seq=?
    Hibernate: delete from ft_participants where seq=?
    Hibernate: delete from ft_participants where seq=?
    Hibernate: delete from ft_participants where seq=?
    Hibernate: delete from ft_participants where seq=?
    Hibernate: delete from ft_participants where seq=?
    Hibernate: delete from ft_participants where seq=?
    Hibernate: delete from ft_participants where seq=?
    Hibernate: delete from ft_participants where seq=?
    Hibernate: delete from ft_participants where seq=?
    Hibernate: delete from ft_participants where seq=?
    Hibernate: delete from ft_participants where seq=?
    Hibernate: delete from ft_participants where seq=?
    Hibernate: delete from ft_participants where seq=?
    Hibernate: delete from ft_participants where seq=?
    Hibernate: delete from ft_participants where seq=?
    Hibernate: delete from ft_participants where seq=?
    Hibernate: delete from ft_participants where seq=?
    Hibernate: delete from ft_participants where seq=?
    Hibernate: delete from ft_participants where seq=?
    Hibernate: delete from ft_participants where seq=?
    Hibernate: delete from ft_participants where seq=?
    Hibernate: delete from ft_participants where seq=?
    Hibernate: delete from ft_participants where seq=?
    Hibernate: delete from ft_participants where seq=?
    Hibernate: delete from ft_participants where seq=?
    Hibernate: delete from ft_participants where seq=?
    Hibernate: delete from ft_participants where seq=?
    Hibernate: delete from ft_participants where seq=?
    Hibernate: delete from ft_participants where seq=?
    Hibernate: delete from ft_participants where seq=?
    Hibernate: delete from ft_participants where seq=?
    Hibernate: delete from ft_participants where seq=?
    Hibernate: delete from ft_participants where seq=?
    Hibernate: delete from ft_participants where seq=?
    Hibernate: delete from ft_participants where seq=?
    Hibernate: delete from ft_participants where seq=?
    Hibernate: delete from ft_participants where seq=?
    Hibernate: delete from ft_participants where seq=?
    Hibernate: delete from ft_participants where seq=?
    Hibernate: delete from ft_participants where seq=?
    Hibernate: delete from ft_participants where seq=?
    Hibernate: delete from ft_participants where seq=?
    Hibernate: delete from ft_participants where seq=?
    Hibernate: delete from ft_participants where seq=?
    Hibernate: delete from ft_participants where seq=?
    Hibernate: delete from ft_participants where seq=?
    Hibernate: delete from ft_participants where seq=?
    Hibernate: delete from ft_participants where seq=?
    Hibernate: delete from ft_participants where seq=?
    Hibernate: delete from ft_participants where seq=?
    Hibernate: delete from ft_participants where seq=?
    Hibernate: delete from ft_participants where seq=?
    Hibernate: delete from ft_participants where seq=?
    Hibernate: delete from ft_participants where seq=?
    Hibernate: delete from ft_participants where seq=?
    Hibernate: delete from ft_participants where seq=?
    Hibernate: delete from ft_participants where seq=?
    Hibernate: delete from ft_participants where seq=?
    Hibernate: delete from ft_participants where seq=?
    Hibernate: delete from ft_participants where seq=?
    Hibernate: delete from ft_participants where seq=?
    Hibernate: delete from ft_participants where seq=?
    Hibernate: delete from ft_participants where seq=?
    Hibernate: delete from ft_participants where seq=?
    Hibernate: delete from ft_participants where seq=?
    Hibernate: delete from ft_participants where seq=?
    Hibernate: delete from ft_participants where seq=?
    Hibernate: delete from ft_participants where seq=?
    Hibernate: delete from ft_participants where seq=?
    Hibernate: delete from ft_participants where seq=?
    Hibernate: delete from ft_participants where seq=?
    Hibernate: delete from ft_participants where seq=?
    Hibernate: delete from ft_participants where seq=?
    Hibernate: delete from ft_participants where seq=?
    Hibernate: delete from ft_participants where seq=?
    Hibernate: delete from ft_participants where seq=?
    Hibernate: delete from ft_participants where seq=?
    Hibernate: delete from ft_participants where seq=?
    Hibernate: delete from ft_participants where seq=?
    Hibernate: delete from ft_participants where seq=?
    Hibernate: delete from ft_participants where seq=?
    Hibernate: delete from ft_participants where seq=?
    Hibernate: delete from ft_participants where seq=?
    Hibernate: delete from ft_participants where seq=?
    Hibernate: delete from ft_participants where seq=?
    Hibernate: delete from ft_participants where seq=?
    Hibernate: delete from ft_participants where seq=?
    Hibernate: delete from ft_participants where seq=?
    Hibernate: delete from ft_participants where seq=?
    Hibernate: delete from ft_participants where seq=?
    Hibernate: delete from ft_participants where seq=?
    Hibernate: delete from ft_participants where seq=?
    Hibernate: delete from ft_participants where seq=?
    Hibernate: delete from ft_participants where seq=?
    Hibernate: delete from ft_participants where seq=?
    Hibernate: delete from ft_participants where seq=?
    Hibernate: delete from ft_participants where seq=?
    Hibernate: delete from ft_participants where seq=?
    Hibernate: delete from ft_participants where seq=?
    Hibernate: delete from ft_participants where seq=?
    Hibernate: delete from ft_participants where seq=?
    Hibernate: delete from ft_participants where seq=?
    Hibernate: delete from ft_participants where seq=?
    Hibernate: delete from ft_participants where seq=?
    Hibernate: delete from ft_participants where seq=?
    Hibernate: delete from ft_participants where seq=?
    Hibernate: delete from ft_participants where seq=?
    Hibernate: delete from ft_participants where seq=?
    Hibernate: delete from ft_participants where seq=?
    Hibernate: delete from ft_participants where seq=?
    Hibernate: delete from ft_participants where seq=?
    Hibernate: delete from ft_participants where seq=?
    Hibernate: delete from ft_participants where seq=?
    Hibernate: delete from ft_participants where seq=?
    Hibernate: delete from ft_participants where seq=?
    Hibernate: delete from ft_participants where seq=?
    Hibernate: delete from ft_participants where seq=?
    Hibernate: delete from ft_participants where seq=?
    Hibernate: delete from ft_participants where seq=?
    Hibernate: delete from ft_participants where seq=?
    Hibernate: delete from ft_participants where seq=?
    Hibernate: delete from ft_participants where seq=?
    Hibernate: delete from ft_participants where seq=?
    Hibernate: delete from ft_participants where seq=?
    Hibernate: delete from ft_participants where seq=?
    Hibernate: delete from ft_participants where seq=?
    Hibernate: delete from ft_participants where seq=?
    Hibernate: delete from ft_participants where seq=?
    Hibernate: delete from ft_participants where seq=?
    Hibernate: delete from ft_participants where seq=?
    Hibernate: delete from ft_participants where seq=?
    Hibernate: delete from ft_participants where seq=?
    Hibernate: delete from ft_participants where seq=?
    Hibernate: delete from ft_participants where seq=?
    Hibernate: delete from ft_participants where seq=?
    Hibernate: delete from ft_participants where seq=?
    Hibernate: delete from ft_participants where seq=?
    Hibernate: delete from ft_participants where seq=?
    Hibernate: delete from ft_participants where seq=?
    Hibernate: delete from ft_participants where seq=?
    Hibernate: delete from ft_participants where seq=?
    Hibernate: delete from ft_participants where seq=?
    Hibernate: delete from ft_participants where seq=?
    Hibernate: delete from ft_participants where seq=?
    Hibernate: delete from ft_participants where seq=?
    Hibernate: delete from ft_participants where seq=?
    Hibernate: delete from ft_participants where seq=?
    Hibernate: delete from ft_participants where seq=?
    Hibernate: delete from ft_participants where seq=?
    Hibernate: delete from ft_participants where seq=?
    Hibernate: delete from ft_participants where seq=?
    Hibernate: delete from ft_participants where seq=?
    Hibernate: delete from ft_participants where seq=?
    Hibernate: delete from ft_participants where seq=?
    Hibernate: delete from ft_participants where seq=?
    Hibernate: delete from ft_participants where seq=?
    Hibernate: delete from ft_participants where seq=?
    Hibernate: delete from ft_participants where seq=?
    Hibernate: delete from ft_participants where seq=?
    Hibernate: delete from ft_participants where seq=?
    Hibernate: delete from ft_participants where seq=?
    Hibernate: delete from ft_participants where seq=?
    Hibernate: delete from ft_participants where seq=?
    Hibernate: delete from ft_participants where seq=?
    Hibernate: delete from ft_participants where seq=?
    Hibernate: delete from ft_participants where seq=?
    Hibernate: delete from ft_participants where seq=?
    Hibernate: delete from ft_participants where seq=?
    Hibernate: delete from ft_participants where seq=?
    Hibernate: delete from ft_participants where seq=?
    Hibernate: delete from ft_participants where seq=?
    Hibernate: delete from ft_participants where seq=?
    Hibernate: delete from ft_participants where seq=?
    Hibernate: delete from ft_participants where seq=?
    Hibernate: delete from ft_participants where seq=?
    Hibernate: delete from ft_participants where seq=?
    Hibernate: delete from ft_participants where seq=?
    Hibernate: delete from ft_participants where seq=?
    Hibernate: delete from ft_participants where seq=?
    Hibernate: delete from ft_participants where seq=?
    Hibernate: delete from ft_participants where seq=?
    Hibernate: delete from ft_participants where seq=?
    Hibernate: delete from ft_participants where seq=?
    Hibernate: delete from ft_participants where seq=?
    Hibernate: delete from ft_participants where seq=?
    Hibernate: delete from ft_participants where seq=?
    Hibernate: delete from ft_participants where seq=?
    Hibernate: delete from ft_participants where seq=?
    Hibernate: delete from ft_participants where seq=?
    Hibernate: delete from ft_participants where seq=?
    Hibernate: delete from ft_participants where seq=?
    Hibernate: delete from ft_participants where seq=?
    Hibernate: delete from ft_participants where seq=?
    Hibernate: delete from ft_participants where seq=?
    Hibernate: delete from ft_participants where seq=?
    Hibernate: delete from ft_participants where seq=?
    Hibernate: delete from ft_participants where seq=?
    Hibernate: delete from ft_participants where seq=?
    Hibernate: delete from ft_participants where seq=?
    Hibernate: delete from ft_participants where seq=?
    Hibernate: delete from ft_participants where seq=?
    Hibernate: delete from ft_participants where seq=?
    Hibernate: delete from ft_participants where seq=?
    Hibernate: delete from ft_participants where seq=?
    Hibernate: delete from ft_participants where seq=?
    Hibernate: delete from ft_participants where seq=?
    Hibernate: delete from ft_participants where seq=?
    Hibernate: delete from ft_participants where seq=?
    Hibernate: delete from ft_participants where seq=?
    Hibernate: delete from ft_participants where seq=?
    Hibernate: delete from ft_participants where seq=?
    Hibernate: delete from ft_participants where seq=?
    Hibernate: delete from ft_participants where seq=?
    Hibernate: delete from ft_participants where seq=?
    Hibernate: delete from ft_participants where seq=?
    Hibernate: delete from ft_participants where seq=?
    Hibernate: delete from ft_participants where seq=?
    Hibernate: delete from ft_participants where seq=?
    Hibernate: delete from ft_participants where seq=?
    Hibernate: delete from ft_participants where seq=?
    Hibernate: delete from ft_participants where seq=?
    Hibernate: delete from ft_participants where seq=?
    Hibernate: delete from ft_participants where seq=?
    Hibernate: delete from ft_participants where seq=?
    Hibernate: delete from ft_participants where seq=?
    Hibernate: delete from ft_participants where seq=?
    Hibernate: delete from ft_participants where seq=?
    Hibernate: delete from ft_participants where seq=?
    Hibernate: delete from ft_participants where seq=?
    Hibernate: delete from ft_participants where seq=?
    Hibernate: delete from ft_participants where seq=?
    Hibernate: delete from ft_participants where seq=?
    Hibernate: delete from ft_participants where seq=?
    Hibernate: delete from ft_participants where seq=?
    Hibernate: delete from ft_participants where seq=?
    Hibernate: delete from ft_participants where seq=?
    Hibernate: delete from ft_participants where seq=?
    Hibernate: delete from ft_participants where seq=?
    Hibernate: delete from ft_participants where seq=?
    Hibernate: delete from ft_participants where seq=?
    Hibernate: delete from ft_participants where seq=?
    Hibernate: delete from ft_participants where seq=?
    Hibernate: delete from ft_participants where seq=?
    Hibernate: delete from ft_participants where seq=?
    Hibernate: delete from ft_participants where seq=?
    Hibernate: delete from ft_participants where seq=?
    Hibernate: delete from ft_participants where seq=?
    Hibernate: delete from ft_participants where seq=?
    Hibernate: delete from ft_participants where seq=?
    Hibernate: delete from ft_participants where seq=?
    Hibernate: delete from ft_participants where seq=?
    Hibernate: delete from ft_participants where seq=?
    Hibernate: delete from ft_participants where seq=?
    Hibernate: delete from ft_participants where seq=?
    Hibernate: delete from ft_participants where seq=?
    Hibernate: delete from ft_participants where seq=?
    Hibernate: delete from ft_participants where seq=?
    Hibernate: delete from ft_participants where seq=?
    Hibernate: delete from ft_participants where seq=?
    Hibernate: delete from ft_participants where seq=?
    Hibernate: delete from ft_participants where seq=?
    Hibernate: delete from ft_participants where seq=?
    Hibernate: delete from ft_participants where seq=?
    Hibernate: delete from ft_participants where seq=?
    Hibernate: delete from ft_participants where seq=?
    Hibernate: delete from ft_participants where seq=?
    Hibernate: delete from ft_participants where seq=?
    Hibernate: delete from ft_participants where seq=?
    Hibernate: delete from ft_participants where seq=?
    Hibernate: delete from ft_participants where seq=?
    Hibernate: delete from ft_participants where seq=?
    Hibernate: delete from ft_participants where seq=?
    Hibernate: delete from ft_participants where seq=?
    Hibernate: delete from ft_participants where seq=?
    Hibernate: delete from ft_participants where seq=?
    Hibernate: delete from ft_participants where seq=?
    Hibernate: delete from ft_participants where seq=?
    Hibernate: delete from ft_participants where seq=?
    Hibernate: delete from ft_participants where seq=?
    Hibernate: delete from ft_participants where seq=?
    Hibernate: delete from ft_participants where seq=?
    Hibernate: delete from ft_participants where seq=?
    Hibernate: delete from ft_participants where seq=?
    Hibernate: delete from ft_participants where seq=?
    Hibernate: delete from ft_participants where seq=?
    Hibernate: delete from ft_participants where seq=?
    Hibernate: delete from ft_participants where seq=?
    Hibernate: delete from ft_participants where seq=?
    Hibernate: delete from ft_participants where seq=?
    Hibernate: delete from ft_participants where seq=?
    Hibernate: delete from ft_participants where seq=?
    Hibernate: delete from ft_participants where seq=?
    Hibernate: delete from ft_participants where seq=?
    Hibernate: delete from ft_participants where seq=?
    Hibernate: delete from ft_participants where seq=?
    Hibernate: delete from ft_participants where seq=?
    Hibernate: delete from ft_participants where seq=?
    Hibernate: delete from ft_participants where seq=?
    Hibernate: delete from ft_participants where seq=?
    Hibernate: delete from ft_participants where seq=?
    Hibernate: delete from ft_participants where seq=?
    Hibernate: delete from ft_participants where seq=?
    Hibernate: delete from ft_participants where seq=?
    Hibernate: delete from ft_participants where seq=?
    Hibernate: delete from ft_participants where seq=?
    Hibernate: delete from ft_participants where seq=?
    Hibernate: delete from ft_participants where seq=?
    Hibernate: delete from ft_participants where seq=?
    Hibernate: delete from ft_participants where seq=?
    Hibernate: delete from ft_participants where seq=?
    Hibernate: delete from ft_participants where seq=?
    Hibernate: delete from ft_participants where seq=?
    Hibernate: delete from ft_participants where seq=?
    Hibernate: delete from ft_participants where seq=?
    Hibernate: delete from ft_participants where seq=?
    Hibernate: delete from ft_participants where seq=?
    Hibernate: delete from ft_participants where seq=?
    Hibernate: delete from ft_participants where seq=?
    Hibernate: delete from ft_participants where seq=?
    Hibernate: delete from ft_participants where seq=?
    Hibernate: delete from ft_participants where seq=?
    Hibernate: delete from ft_participants where seq=?
    Hibernate: delete from ft_participants where seq=?
    Hibernate: delete from ft_participants where seq=?
    Hibernate: delete from ft_participants where seq=?
    Hibernate: delete from ft_participants where seq=?
    Hibernate: delete from ft_participants where seq=?
    Hibernate: delete from ft_participants where seq=?
    Hibernate: delete from ft_participants where seq=?
    Hibernate: delete from ft_participants where seq=?
    Hibernate: delete from ft_participants where seq=?
    Hibernate: delete from ft_participants where seq=?
    Hibernate: delete from ft_participants where seq=?
    Hibernate: delete from ft_participants where seq=?
    Hibernate: delete from ft_participants where seq=?
    Hibernate: delete from ft_participants where seq=?
    Hibernate: delete from ft_participants where seq=?
    Hibernate: delete from ft_participants where seq=?
    Hibernate: delete from ft_participants where seq=?
    Hibernate: delete from ft_participants where seq=?
    Hibernate: delete from ft_participants where seq=?
    Hibernate: delete from ft_participants where seq=?
    Hibernate: delete from ft_participants where seq=?
    Hibernate: delete from ft_participants where seq=?
    Hibernate: delete from ft_participants where seq=?
    Hibernate: delete from ft_participants where seq=?
    Hibernate: delete from ft_participants where seq=?
    Hibernate: delete from ft_participants where seq=?
    Hibernate: delete from ft_participants where seq=?
    Hibernate: delete from ft_participants where seq=?
    Hibernate: delete from ft_participants where seq=?
    Hibernate: delete from ft_participants where seq=?
    Hibernate: delete from ft_participants where seq=?
    Hibernate: delete from ft_participants where seq=?
    Hibernate: delete from ft_participants where seq=?
    Hibernate: delete from ft_participants where seq=?
    Hibernate: delete from ft_participants where seq=?
    Hibernate: delete from ft_participants where seq=?
    Hibernate: delete from ft_participants where seq=?
    Hibernate: delete from ft_participants where seq=?
    Hibernate: delete from ft_participants where seq=?
    Hibernate: delete from ft_participants where seq=?
    Hibernate: delete from ft_participants where seq=?
    Hibernate: delete from ft_participants where seq=?
    Hibernate: delete from ft_participants where seq=?
    Hibernate: delete from ft_participants where seq=?
    Hibernate: delete from ft_participants where seq=?
    Hibernate: delete from ft_participants where seq=?
    Hibernate: delete from ft_participants where seq=?
    Hibernate: delete from ft_participants where seq=?
    Hibernate: delete from ft_participants where seq=?
    Hibernate: delete from ft_participants where seq=?
    Hibernate: delete from ft_participants where seq=?
    Hibernate: delete from ft_participants where seq=?
    Hibernate: delete from ft_participants where seq=?
    Hibernate: delete from ft_participants where seq=?
    Hibernate: delete from ft_participants where seq=?
    Hibernate: delete from ft_participants where seq=?
    Hibernate: delete from ft_participants where seq=?
    Hibernate: delete from ft_participants where seq=?
    Hibernate: delete from ft_participants where seq=?
    Hibernate: delete from ft_participants where seq=?
    Hibernate: delete from ft_participants where seq=?
    Hibernate: delete from ft_participants where seq=?
    Hibernate: delete from ft_participants where seq=?
    Hibernate: delete from ft_participants where seq=?
    Hibernate: delete from ft_participants where seq=?
    Hibernate: delete from ft_participants where seq=?
    Hibernate: delete from ft_participants where seq=?
    Hibernate: delete from ft_participants where seq=?
    Hibernate: delete from ft_participants where seq=?
    Hibernate: delete from ft_participants where seq=?
    Hibernate: delete from ft_participants where seq=?
    Hibernate: delete from ft_participants where seq=?
    Hibernate: delete from ft_participants where seq=?
    Hibernate: delete from ft_participants where seq=?
    Hibernate: delete from ft_participants where seq=?
    Hibernate: delete from ft_participants where seq=?
    Hibernate: delete from ft_participants where seq=?
    Hibernate: delete from ft_participants where seq=?
    Hibernate: delete from ft_participants where seq=?
    Hibernate: delete from ft_participants where seq=?
    Hibernate: delete from ft_participants where seq=?
    Hibernate: delete from ft_participants where seq=?
    Hibernate: delete from ft_participants where seq=?
    Hibernate: delete from ft_participants where seq=?
    Hibernate: delete from ft_participants where seq=?
    Hibernate: delete from ft_participants where seq=?
    Hibernate: delete from ft_participants where seq=?
    Hibernate: delete from ft_participants where seq=?
    Hibernate: delete from ft_participants where seq=?
    Hibernate: delete from ft_participants where seq=?
    Hibernate: delete from ft_participants where seq=?
    Hibernate: delete from ft_participants where seq=?
    Hibernate: delete from ft_participants where seq=?
    Hibernate: delete from ft_participants where seq=?
    Hibernate: delete from ft_participants where seq=?
    Hibernate: delete from ft_participants where seq=?
    Hibernate: delete from ft_participants where seq=?
    Hibernate: delete from ft_participants where seq=?
    Hibernate: delete from ft_participants where seq=?
    Hibernate: delete from ft_participants where seq=?
    Hibernate: delete from ft_participants where seq=?
    Hibernate: delete from ft_participants where seq=?
    Hibernate: delete from ft_participants where seq=?
    Hibernate: delete from ft_participants where seq=?
    Hibernate: delete from ft_participants where seq=?
    Hibernate: delete from ft_participants where seq=?
    Hibernate: delete from ft_participants where seq=?
    Hibernate: delete from ft_participants where seq=?
    Hibernate: delete from ft_participants where seq=?
    Hibernate: delete from ft_participants where seq=?
    Hibernate: delete from ft_participants where seq=?
    Hibernate: delete from ft_participants where seq=?
    Hibernate: delete from ft_participants where seq=?
    Hibernate: delete from ft_participants where seq=?
    Hibernate: delete from ft_participants where seq=?
    Hibernate: delete from ft_participants where seq=?
    Hibernate: delete from ft_participants where seq=?
    Hibernate: delete from ft_participants where seq=?
    Hibernate: delete from ft_participants where seq=?
    Hibernate: delete from ft_participants where seq=?
    Hibernate: delete from ft_participants where seq=?
    Hibernate: delete from ft_participants where seq=?
    Hibernate: delete from ft_participants where seq=?
    Hibernate: delete from ft_participants where seq=?
    Hibernate: delete from ft_participants where seq=?
    Hibernate: delete from ft_participants where seq=?
    Hibernate: select fg1_0.seq,fg1_0.created_at,fg1_0.draft_date,fg1_0.draft_time_limit,fg1_0.game_duration,fg1_0.max_participants,fg1_0.next_pick_deadline,fg1_0.rounds,fg1_0.rule_type,fg1_0.salary_cap,fg1_0.scoring_settings,fg1_0.scoring_type,fg1_0.status,fg1_0.title,fg1_0.use_first_pick_rule,fg1_0.use_team_restriction from ft_games fg1_0
    Hibernate: delete from ft_games where seq=?
    Hibernate: delete from ft_games where seq=?
    Hibernate: delete from ft_games where seq=?
    Hibernate: delete from ft_games where seq=?
    Hibernate: delete from ft_games where seq=?
    Hibernate: delete from ft_games where seq=?
    Hibernate: delete from ft_games where seq=?
    Hibernate: delete from ft_games where seq=?
    Hibernate: delete from ft_games where seq=?
    Hibernate: delete from ft_games where seq=?

FantasyGameServicePerformanceTest > benchmarkFindDraftingGameId() STANDARD_OUT
    Hibernate: select fp1_0.seq,fp1_0.draft_order,fp1_0.fantasy_game_seq,fp1_0.player_id,fp1_0.preferred_team,fp1_0.team_name from ft_participants fp1_0
    Hibernate: select fg1_0.seq,fg1_0.created_at,fg1_0.draft_date,fg1_0.draft_time_limit,fg1_0.game_duration,fg1_0.max_participants,fg1_0.next_pick_deadline,fg1_0.rounds,fg1_0.rule_type,fg1_0.salary_cap,fg1_0.scoring_settings,fg1_0.scoring_type,fg1_0.status,fg1_0.title,fg1_0.use_first_pick_rule,fg1_0.use_team_restriction from ft_games fg1_0
    Hibernate: insert into ft_participants (draft_order,fantasy_game_seq,player_id,preferred_team,team_name,seq) values (?,?,?,?,?,default)
    Hibernate: insert into ft_participants (draft_order,fantasy_game_seq,player_id,preferred_team,team_name,seq) values (?,?,?,?,?,default)
    Hibernate: insert into ft_participants (draft_order,fantasy_game_seq,player_id,preferred_team,team_name,seq) values (?,?,?,?,?,default)
    Hibernate: insert into ft_participants (draft_order,fantasy_game_seq,player_id,preferred_team,team_name,seq) values (?,?,?,?,?,default)
    Hibernate: insert into ft_participants (draft_order,fantasy_game_seq,player_id,preferred_team,team_name,seq) values (?,?,?,?,?,default)
    Hibernate: insert into ft_participants (draft_order,fantasy_game_seq,player_id,preferred_team,team_name,seq) values (?,?,?,?,?,default)
    Hibernate: insert into ft_participants (draft_order,fantasy_game_seq,player_id,preferred_team,team_name,seq) values (?,?,?,?,?,default)
    Hibernate: insert into ft_participants (draft_order,fantasy_game_seq,player_id,preferred_team,team_name,seq) values (?,?,?,?,?,default)
    Hibernate: insert into ft_participants (draft_order,fantasy_game_seq,player_id,preferred_team,team_name,seq) values (?,?,?,?,?,default)
    Hibernate: insert into ft_participants (draft_order,fantasy_game_seq,player_id,preferred_team,team_name,seq) values (?,?,?,?,?,default)
    Hibernate: insert into ft_participants (draft_order,fantasy_game_seq,player_id,preferred_team,team_name,seq) values (?,?,?,?,?,default)
    Hibernate: insert into ft_participants (draft_order,fantasy_game_seq,player_id,preferred_team,team_name,seq) values (?,?,?,?,?,default)
    Hibernate: insert into ft_participants (draft_order,fantasy_game_seq,player_id,preferred_team,team_name,seq) values (?,?,?,?,?,default)
    Hibernate: insert into ft_participants (draft_order,fantasy_game_seq,player_id,preferred_team,team_name,seq) values (?,?,?,?,?,default)
    Hibernate: insert into ft_participants (draft_order,fantasy_game_seq,player_id,preferred_team,team_name,seq) values (?,?,?,?,?,default)
    Hibernate: insert into ft_participants (draft_order,fantasy_game_seq,player_id,preferred_team,team_name,seq) values (?,?,?,?,?,default)
    Hibernate: insert into ft_participants (draft_order,fantasy_game_seq,player_id,preferred_team,team_name,seq) values (?,?,?,?,?,default)
    Hibernate: insert into ft_participants (draft_order,fantasy_game_seq,player_id,preferred_team,team_name,seq) values (?,?,?,?,?,default)
    Hibernate: insert into ft_participants (draft_order,fantasy_game_seq,player_id,preferred_team,team_name,seq) values (?,?,?,?,?,default)
    Hibernate: insert into ft_participants (draft_order,fantasy_game_seq,player_id,preferred_team,team_name,seq) values (?,?,?,?,?,default)
    Hibernate: insert into ft_participants (draft_order,fantasy_game_seq,player_id,preferred_team,team_name,seq) values (?,?,?,?,?,default)
    Hibernate: insert into ft_participants (draft_order,fantasy_game_seq,player_id,preferred_team,team_name,seq) values (?,?,?,?,?,default)
    Hibernate: insert into ft_participants (draft_order,fantasy_game_seq,player_id,preferred_team,team_name,seq) values (?,?,?,?,?,default)
    Hibernate: insert into ft_participants (draft_order,fantasy_game_seq,player_id,preferred_team,team_name,seq) values (?,?,?,?,?,default)
    Hibernate: insert into ft_participants (draft_order,fantasy_game_seq,player_id,preferred_team,team_name,seq) values (?,?,?,?,?,default)
    Hibernate: insert into ft_participants (draft_order,fantasy_game_seq,player_id,preferred_team,team_name,seq) values (?,?,?,?,?,default)
    Hibernate: insert into ft_participants (draft_order,fantasy_game_seq,player_id,preferred_team,team_name,seq) values (?,?,?,?,?,default)
    Hibernate: insert into ft_participants (draft_order,fantasy_game_seq,player_id,preferred_team,team_name,seq) values (?,?,?,?,?,default)
    Hibernate: insert into ft_participants (draft_order,fantasy_game_seq,player_id,preferred_team,team_name,seq) values (?,?,?,?,?,default)
    Hibernate: insert into ft_participants (draft_order,fantasy_game_seq,player_id,preferred_team,team_name,seq) values (?,?,?,?,?,default)
    Hibernate: insert into ft_participants (draft_order,fantasy_game_seq,player_id,preferred_team,team_name,seq) values (?,?,?,?,?,default)
    Hibernate: insert into ft_participants (draft_order,fantasy_game_seq,player_id,preferred_team,team_name,seq) values (?,?,?,?,?,default)
    Hibernate: insert into ft_participants (draft_order,fantasy_game_seq,player_id,preferred_team,team_name,seq) values (?,?,?,?,?,default)
    Hibernate: insert into ft_participants (draft_order,fantasy_game_seq,player_id,preferred_team,team_name,seq) values (?,?,?,?,?,default)
    Hibernate: insert into ft_participants (draft_order,fantasy_game_seq,player_id,preferred_team,team_name,seq) values (?,?,?,?,?,default)
    Hibernate: insert into ft_participants (draft_order,fantasy_game_seq,player_id,preferred_team,team_name,seq) values (?,?,?,?,?,default)
    Hibernate: insert into ft_participants (draft_order,fantasy_game_seq,player_id,preferred_team,team_name,seq) values (?,?,?,?,?,default)
    Hibernate: insert into ft_participants (draft_order,fantasy_game_seq,player_id,preferred_team,team_name,seq) values (?,?,?,?,?,default)
    Hibernate: insert into ft_participants (draft_order,fantasy_game_seq,player_id,preferred_team,team_name,seq) values (?,?,?,?,?,default)
    Hibernate: insert into ft_participants (draft_order,fantasy_game_seq,player_id,preferred_team,team_name,seq) values (?,?,?,?,?,default)
    Hibernate: insert into ft_participants (draft_order,fantasy_game_seq,player_id,preferred_team,team_name,seq) values (?,?,?,?,?,default)
    Hibernate: insert into ft_participants (draft_order,fantasy_game_seq,player_id,preferred_team,team_name,seq) values (?,?,?,?,?,default)
    Hibernate: insert into ft_participants (draft_order,fantasy_game_seq,player_id,preferred_team,team_name,seq) values (?,?,?,?,?,default)
    Hibernate: insert into ft_participants (draft_order,fantasy_game_seq,player_id,preferred_team,team_name,seq) values (?,?,?,?,?,default)
    Hibernate: insert into ft_participants (draft_order,fantasy_game_seq,player_id,preferred_team,team_name,seq) values (?,?,?,?,?,default)
    Hibernate: insert into ft_participants (draft_order,fantasy_game_seq,player_id,preferred_team,team_name,seq) values (?,?,?,?,?,default)
    Hibernate: insert into ft_participants (draft_order,fantasy_game_seq,player_id,preferred_team,team_name,seq) values (?,?,?,?,?,default)
    Hibernate: insert into ft_participants (draft_order,fantasy_game_seq,player_id,preferred_team,team_name,seq) values (?,?,?,?,?,default)
    Hibernate: insert into ft_participants (draft_order,fantasy_game_seq,player_id,preferred_team,team_name,seq) values (?,?,?,?,?,default)
    Hibernate: insert into ft_participants (draft_order,fantasy_game_seq,player_id,preferred_team,team_name,seq) values (?,?,?,?,?,default)
    Hibernate: insert into ft_participants (draft_order,fantasy_game_seq,player_id,preferred_team,team_name,seq) values (?,?,?,?,?,default)
    Hibernate: insert into ft_participants (draft_order,fantasy_game_seq,player_id,preferred_team,team_name,seq) values (?,?,?,?,?,default)
    Hibernate: insert into ft_participants (draft_order,fantasy_game_seq,player_id,preferred_team,team_name,seq) values (?,?,?,?,?,default)
    Hibernate: insert into ft_participants (draft_order,fantasy_game_seq,player_id,preferred_team,team_name,seq) values (?,?,?,?,?,default)
    Hibernate: insert into ft_participants (draft_order,fantasy_game_seq,player_id,preferred_team,team_name,seq) values (?,?,?,?,?,default)
    Hibernate: insert into ft_participants (draft_order,fantasy_game_seq,player_id,preferred_team,team_name,seq) values (?,?,?,?,?,default)
    Hibernate: insert into ft_participants (draft_order,fantasy_game_seq,player_id,preferred_team,team_name,seq) values (?,?,?,?,?,default)
    Hibernate: insert into ft_participants (draft_order,fantasy_game_seq,player_id,preferred_team,team_name,seq) values (?,?,?,?,?,default)
    Hibernate: insert into ft_participants (draft_order,fantasy_game_seq,player_id,preferred_team,team_name,seq) values (?,?,?,?,?,default)
    Hibernate: insert into ft_participants (draft_order,fantasy_game_seq,player_id,preferred_team,team_name,seq) values (?,?,?,?,?,default)
    Hibernate: insert into ft_participants (draft_order,fantasy_game_seq,player_id,preferred_team,team_name,seq) values (?,?,?,?,?,default)
    Hibernate: insert into ft_participants (draft_order,fantasy_game_seq,player_id,preferred_team,team_name,seq) values (?,?,?,?,?,default)
    Hibernate: insert into ft_participants (draft_order,fantasy_game_seq,player_id,preferred_team,team_name,seq) values (?,?,?,?,?,default)
    Hibernate: insert into ft_participants (draft_order,fantasy_game_seq,player_id,preferred_team,team_name,seq) values (?,?,?,?,?,default)
    Hibernate: insert into ft_participants (draft_order,fantasy_game_seq,player_id,preferred_team,team_name,seq) values (?,?,?,?,?,default)
    Hibernate: insert into ft_participants (draft_order,fantasy_game_seq,player_id,preferred_team,team_name,seq) values (?,?,?,?,?,default)
    Hibernate: insert into ft_participants (draft_order,fantasy_game_seq,player_id,preferred_team,team_name,seq) values (?,?,?,?,?,default)
    Hibernate: insert into ft_participants (draft_order,fantasy_game_seq,player_id,preferred_team,team_name,seq) values (?,?,?,?,?,default)
    Hibernate: insert into ft_participants (draft_order,fantasy_game_seq,player_id,preferred_team,team_name,seq) values (?,?,?,?,?,default)
    Hibernate: insert into ft_participants (draft_order,fantasy_game_seq,player_id,preferred_team,team_name,seq) values (?,?,?,?,?,default)
    Hibernate: insert into ft_participants (draft_order,fantasy_game_seq,player_id,preferred_team,team_name,seq) values (?,?,?,?,?,default)
    Hibernate: insert into ft_participants (draft_order,fantasy_game_seq,player_id,preferred_team,team_name,seq) values (?,?,?,?,?,default)
    Hibernate: insert into ft_participants (draft_order,fantasy_game_seq,player_id,preferred_team,team_name,seq) values (?,?,?,?,?,default)
    Hibernate: insert into ft_participants (draft_order,fantasy_game_seq,player_id,preferred_team,team_name,seq) values (?,?,?,?,?,default)
    Hibernate: insert into ft_participants (draft_order,fantasy_game_seq,player_id,preferred_team,team_name,seq) values (?,?,?,?,?,default)
    Hibernate: insert into ft_participants (draft_order,fantasy_game_seq,player_id,preferred_team,team_name,seq) values (?,?,?,?,?,default)
    Hibernate: insert into ft_participants (draft_order,fantasy_game_seq,player_id,preferred_team,team_name,seq) values (?,?,?,?,?,default)
    Hibernate: insert into ft_participants (draft_order,fantasy_game_seq,player_id,preferred_team,team_name,seq) values (?,?,?,?,?,default)
    Hibernate: insert into ft_participants (draft_order,fantasy_game_seq,player_id,preferred_team,team_name,seq) values (?,?,?,?,?,default)
    Hibernate: insert into ft_participants (draft_order,fantasy_game_seq,player_id,preferred_team,team_name,seq) values (?,?,?,?,?,default)
    Hibernate: insert into ft_participants (draft_order,fantasy_game_seq,player_id,preferred_team,team_name,seq) values (?,?,?,?,?,default)
    Hibernate: insert into ft_participants (draft_order,fantasy_game_seq,player_id,preferred_team,team_name,seq) values (?,?,?,?,?,default)
    Hibernate: insert into ft_participants (draft_order,fantasy_game_seq,player_id,preferred_team,team_name,seq) values (?,?,?,?,?,default)
    Hibernate: insert into ft_participants (draft_order,fantasy_game_seq,player_id,preferred_team,team_name,seq) values (?,?,?,?,?,default)
    Hibernate: insert into ft_participants (draft_order,fantasy_game_seq,player_id,preferred_team,team_name,seq) values (?,?,?,?,?,default)
    Hibernate: insert into ft_participants (draft_order,fantasy_game_seq,player_id,preferred_team,team_name,seq) values (?,?,?,?,?,default)
    Hibernate: insert into ft_participants (draft_order,fantasy_game_seq,player_id,preferred_team,team_name,seq) values (?,?,?,?,?,default)
    Hibernate: insert into ft_participants (draft_order,fantasy_game_seq,player_id,preferred_team,team_name,seq) values (?,?,?,?,?,default)
    Hibernate: insert into ft_participants (draft_order,fantasy_game_seq,player_id,preferred_team,team_name,seq) values (?,?,?,?,?,default)
    Hibernate: insert into ft_participants (draft_order,fantasy_game_seq,player_id,preferred_team,team_name,seq) values (?,?,?,?,?,default)
    Hibernate: insert into ft_participants (draft_order,fantasy_game_seq,player_id,preferred_team,team_name,seq) values (?,?,?,?,?,default)
    Hibernate: insert into ft_participants (draft_order,fantasy_game_seq,player_id,preferred_team,team_name,seq) values (?,?,?,?,?,default)
    Hibernate: insert into ft_participants (draft_order,fantasy_game_seq,player_id,preferred_team,team_name,seq) values (?,?,?,?,?,default)
    Hibernate: insert into ft_participants (draft_order,fantasy_game_seq,player_id,preferred_team,team_name,seq) values (?,?,?,?,?,default)
    Hibernate: insert into ft_participants (draft_order,fantasy_game_seq,player_id,preferred_team,team_name,seq) values (?,?,?,?,?,default)
    Hibernate: insert into ft_participants (draft_order,fantasy_game_seq,player_id,preferred_team,team_name,seq) values (?,?,?,?,?,default)
    Hibernate: insert into ft_participants (draft_order,fantasy_game_seq,player_id,preferred_team,team_name,seq) values (?,?,?,?,?,default)
    Hibernate: insert into ft_participants (draft_order,fantasy_game_seq,player_id,preferred_team,team_name,seq) values (?,?,?,?,?,default)
    Hibernate: insert into ft_participants (draft_order,fantasy_game_seq,player_id,preferred_team,team_name,seq) values (?,?,?,?,?,default)
    Hibernate: insert into ft_participants (draft_order,fantasy_game_seq,player_id,preferred_team,team_name,seq) values (?,?,?,?,?,default)
    Hibernate: insert into ft_participants (draft_order,fantasy_game_seq,player_id,preferred_team,team_name,seq) values (?,?,?,?,?,default)
    Hibernate: insert into ft_participants (draft_order,fantasy_game_seq,player_id,preferred_team,team_name,seq) values (?,?,?,?,?,default)
    Hibernate: insert into ft_participants (draft_order,fantasy_game_seq,player_id,preferred_team,team_name,seq) values (?,?,?,?,?,default)
    Hibernate: insert into ft_participants (draft_order,fantasy_game_seq,player_id,preferred_team,team_name,seq) values (?,?,?,?,?,default)
    Hibernate: insert into ft_participants (draft_order,fantasy_game_seq,player_id,preferred_team,team_name,seq) values (?,?,?,?,?,default)
    Hibernate: insert into ft_participants (draft_order,fantasy_game_seq,player_id,preferred_team,team_name,seq) values (?,?,?,?,?,default)
    Hibernate: insert into ft_participants (draft_order,fantasy_game_seq,player_id,preferred_team,team_name,seq) values (?,?,?,?,?,default)
    Hibernate: insert into ft_participants (draft_order,fantasy_game_seq,player_id,preferred_team,team_name,seq) values (?,?,?,?,?,default)
    Hibernate: insert into ft_participants (draft_order,fantasy_game_seq,player_id,preferred_team,team_name,seq) values (?,?,?,?,?,default)
    Hibernate: insert into ft_participants (draft_order,fantasy_game_seq,player_id,preferred_team,team_name,seq) values (?,?,?,?,?,default)
    Hibernate: insert into ft_participants (draft_order,fantasy_game_seq,player_id,preferred_team,team_name,seq) values (?,?,?,?,?,default)
    Hibernate: insert into ft_participants (draft_order,fantasy_game_seq,player_id,preferred_team,team_name,seq) values (?,?,?,?,?,default)
    Hibernate: insert into ft_participants (draft_order,fantasy_game_seq,player_id,preferred_team,team_name,seq) values (?,?,?,?,?,default)
    Hibernate: insert into ft_participants (draft_order,fantasy_game_seq,player_id,preferred_team,team_name,seq) values (?,?,?,?,?,default)
    Hibernate: insert into ft_participants (draft_order,fantasy_game_seq,player_id,preferred_team,team_name,seq) values (?,?,?,?,?,default)
    Hibernate: insert into ft_participants (draft_order,fantasy_game_seq,player_id,preferred_team,team_name,seq) values (?,?,?,?,?,default)
    Hibernate: insert into ft_participants (draft_order,fantasy_game_seq,player_id,preferred_team,team_name,seq) values (?,?,?,?,?,default)
    Hibernate: insert into ft_participants (draft_order,fantasy_game_seq,player_id,preferred_team,team_name,seq) values (?,?,?,?,?,default)
    Hibernate: insert into ft_participants (draft_order,fantasy_game_seq,player_id,preferred_team,team_name,seq) values (?,?,?,?,?,default)
    Hibernate: insert into ft_participants (draft_order,fantasy_game_seq,player_id,preferred_team,team_name,seq) values (?,?,?,?,?,default)
    Hibernate: insert into ft_participants (draft_order,fantasy_game_seq,player_id,preferred_team,team_name,seq) values (?,?,?,?,?,default)
    Hibernate: insert into ft_participants (draft_order,fantasy_game_seq,player_id,preferred_team,team_name,seq) values (?,?,?,?,?,default)
    Hibernate: insert into ft_participants (draft_order,fantasy_game_seq,player_id,preferred_team,team_name,seq) values (?,?,?,?,?,default)
    Hibernate: insert into ft_participants (draft_order,fantasy_game_seq,player_id,preferred_team,team_name,seq) values (?,?,?,?,?,default)
    Hibernate: insert into ft_participants (draft_order,fantasy_game_seq,player_id,preferred_team,team_name,seq) values (?,?,?,?,?,default)
    Hibernate: insert into ft_participants (draft_order,fantasy_game_seq,player_id,preferred_team,team_name,seq) values (?,?,?,?,?,default)
    Hibernate: insert into ft_participants (draft_order,fantasy_game_seq,player_id,preferred_team,team_name,seq) values (?,?,?,?,?,default)
    Hibernate: insert into ft_participants (draft_order,fantasy_game_seq,player_id,preferred_team,team_name,seq) values (?,?,?,?,?,default)
    Hibernate: insert into ft_participants (draft_order,fantasy_game_seq,player_id,preferred_team,team_name,seq) values (?,?,?,?,?,default)
    Hibernate: insert into ft_participants (draft_order,fantasy_game_seq,player_id,preferred_team,team_name,seq) values (?,?,?,?,?,default)
    Hibernate: insert into ft_participants (draft_order,fantasy_game_seq,player_id,preferred_team,team_name,seq) values (?,?,?,?,?,default)
    Hibernate: insert into ft_participants (draft_order,fantasy_game_seq,player_id,preferred_team,team_name,seq) values (?,?,?,?,?,default)
    Hibernate: insert into ft_participants (draft_order,fantasy_game_seq,player_id,preferred_team,team_name,seq) values (?,?,?,?,?,default)
    Hibernate: insert into ft_participants (draft_order,fantasy_game_seq,player_id,preferred_team,team_name,seq) values (?,?,?,?,?,default)
    Hibernate: insert into ft_participants (draft_order,fantasy_game_seq,player_id,preferred_team,team_name,seq) values (?,?,?,?,?,default)
    Hibernate: insert into ft_participants (draft_order,fantasy_game_seq,player_id,preferred_team,team_name,seq) values (?,?,?,?,?,default)
    Hibernate: insert into ft_participants (draft_order,fantasy_game_seq,player_id,preferred_team,team_name,seq) values (?,?,?,?,?,default)
    Hibernate: insert into ft_participants (draft_order,fantasy_game_seq,player_id,preferred_team,team_name,seq) values (?,?,?,?,?,default)
    Hibernate: insert into ft_participants (draft_order,fantasy_game_seq,player_id,preferred_team,team_name,seq) values (?,?,?,?,?,default)
    Hibernate: insert into ft_participants (draft_order,fantasy_game_seq,player_id,preferred_team,team_name,seq) values (?,?,?,?,?,default)
    Hibernate: insert into ft_participants (draft_order,fantasy_game_seq,player_id,preferred_team,team_name,seq) values (?,?,?,?,?,default)
    Hibernate: insert into ft_participants (draft_order,fantasy_game_seq,player_id,preferred_team,team_name,seq) values (?,?,?,?,?,default)
    Hibernate: insert into ft_participants (draft_order,fantasy_game_seq,player_id,preferred_team,team_name,seq) values (?,?,?,?,?,default)
    Hibernate: insert into ft_participants (draft_order,fantasy_game_seq,player_id,preferred_team,team_name,seq) values (?,?,?,?,?,default)
    Hibernate: insert into ft_participants (draft_order,fantasy_game_seq,player_id,preferred_team,team_name,seq) values (?,?,?,?,?,default)
    Hibernate: insert into ft_participants (draft_order,fantasy_game_seq,player_id,preferred_team,team_name,seq) values (?,?,?,?,?,default)
    Hibernate: insert into ft_participants (draft_order,fantasy_game_seq,player_id,preferred_team,team_name,seq) values (?,?,?,?,?,default)
    Hibernate: insert into ft_participants (draft_order,fantasy_game_seq,player_id,preferred_team,team_name,seq) values (?,?,?,?,?,default)
    Hibernate: insert into ft_participants (draft_order,fantasy_game_seq,player_id,preferred_team,team_name,seq) values (?,?,?,?,?,default)
    Hibernate: insert into ft_participants (draft_order,fantasy_game_seq,player_id,preferred_team,team_name,seq) values (?,?,?,?,?,default)
    Hibernate: insert into ft_participants (draft_order,fantasy_game_seq,player_id,preferred_team,team_name,seq) values (?,?,?,?,?,default)
    Hibernate: insert into ft_participants (draft_order,fantasy_game_seq,player_id,preferred_team,team_name,seq) values (?,?,?,?,?,default)
    Hibernate: insert into ft_participants (draft_order,fantasy_game_seq,player_id,preferred_team,team_name,seq) values (?,?,?,?,?,default)
    Hibernate: insert into ft_participants (draft_order,fantasy_game_seq,player_id,preferred_team,team_name,seq) values (?,?,?,?,?,default)
    Hibernate: insert into ft_participants (draft_order,fantasy_game_seq,player_id,preferred_team,team_name,seq) values (?,?,?,?,?,default)
    Hibernate: insert into ft_participants (draft_order,fantasy_game_seq,player_id,preferred_team,team_name,seq) values (?,?,?,?,?,default)
    Hibernate: insert into ft_participants (draft_order,fantasy_game_seq,player_id,preferred_team,team_name,seq) values (?,?,?,?,?,default)
    Hibernate: insert into ft_participants (draft_order,fantasy_game_seq,player_id,preferred_team,team_name,seq) values (?,?,?,?,?,default)
    Hibernate: insert into ft_participants (draft_order,fantasy_game_seq,player_id,preferred_team,team_name,seq) values (?,?,?,?,?,default)
    Hibernate: insert into ft_participants (draft_order,fantasy_game_seq,player_id,preferred_team,team_name,seq) values (?,?,?,?,?,default)
    Hibernate: insert into ft_participants (draft_order,fantasy_game_seq,player_id,preferred_team,team_name,seq) values (?,?,?,?,?,default)
    Hibernate: insert into ft_participants (draft_order,fantasy_game_seq,player_id,preferred_team,team_name,seq) values (?,?,?,?,?,default)
    Hibernate: insert into ft_participants (draft_order,fantasy_game_seq,player_id,preferred_team,team_name,seq) values (?,?,?,?,?,default)
    Hibernate: insert into ft_participants (draft_order,fantasy_game_seq,player_id,preferred_team,team_name,seq) values (?,?,?,?,?,default)
    Hibernate: insert into ft_participants (draft_order,fantasy_game_seq,player_id,preferred_team,team_name,seq) values (?,?,?,?,?,default)
    Hibernate: insert into ft_participants (draft_order,fantasy_game_seq,player_id,preferred_team,team_name,seq) values (?,?,?,?,?,default)
    Hibernate: insert into ft_participants (draft_order,fantasy_game_seq,player_id,preferred_team,team_name,seq) values (?,?,?,?,?,default)
    Hibernate: insert into ft_participants (draft_order,fantasy_game_seq,player_id,preferred_team,team_name,seq) values (?,?,?,?,?,default)
    Hibernate: insert into ft_participants (draft_order,fantasy_game_seq,player_id,preferred_team,team_name,seq) values (?,?,?,?,?,default)
    Hibernate: insert into ft_participants (draft_order,fantasy_game_seq,player_id,preferred_team,team_name,seq) values (?,?,?,?,?,default)
    Hibernate: insert into ft_participants (draft_order,fantasy_game_seq,player_id,preferred_team,team_name,seq) values (?,?,?,?,?,default)
    Hibernate: insert into ft_participants (draft_order,fantasy_game_seq,player_id,preferred_team,team_name,seq) values (?,?,?,?,?,default)
    Hibernate: insert into ft_participants (draft_order,fantasy_game_seq,player_id,preferred_team,team_name,seq) values (?,?,?,?,?,default)
    Hibernate: insert into ft_participants (draft_order,fantasy_game_seq,player_id,preferred_team,team_name,seq) values (?,?,?,?,?,default)
    Hibernate: insert into ft_participants (draft_order,fantasy_game_seq,player_id,preferred_team,team_name,seq) values (?,?,?,?,?,default)
    Hibernate: insert into ft_participants (draft_order,fantasy_game_seq,player_id,preferred_team,team_name,seq) values (?,?,?,?,?,default)
    Hibernate: insert into ft_participants (draft_order,fantasy_game_seq,player_id,preferred_team,team_name,seq) values (?,?,?,?,?,default)
    Hibernate: insert into ft_participants (draft_order,fantasy_game_seq,player_id,preferred_team,team_name,seq) values (?,?,?,?,?,default)
    Hibernate: insert into ft_participants (draft_order,fantasy_game_seq,player_id,preferred_team,team_name,seq) values (?,?,?,?,?,default)
    Hibernate: insert into ft_participants (draft_order,fantasy_game_seq,player_id,preferred_team,team_name,seq) values (?,?,?,?,?,default)
    Hibernate: insert into ft_participants (draft_order,fantasy_game_seq,player_id,preferred_team,team_name,seq) values (?,?,?,?,?,default)
    Hibernate: insert into ft_participants (draft_order,fantasy_game_seq,player_id,preferred_team,team_name,seq) values (?,?,?,?,?,default)
    Hibernate: insert into ft_participants (draft_order,fantasy_game_seq,player_id,preferred_team,team_name,seq) values (?,?,?,?,?,default)
    Hibernate: insert into ft_participants (draft_order,fantasy_game_seq,player_id,preferred_team,team_name,seq) values (?,?,?,?,?,default)
    Hibernate: insert into ft_participants (draft_order,fantasy_game_seq,player_id,preferred_team,team_name,seq) values (?,?,?,?,?,default)
    Hibernate: insert into ft_participants (draft_order,fantasy_game_seq,player_id,preferred_team,team_name,seq) values (?,?,?,?,?,default)
    Hibernate: insert into ft_participants (draft_order,fantasy_game_seq,player_id,preferred_team,team_name,seq) values (?,?,?,?,?,default)
    Hibernate: insert into ft_participants (draft_order,fantasy_game_seq,player_id,preferred_team,team_name,seq) values (?,?,?,?,?,default)
    Hibernate: insert into ft_participants (draft_order,fantasy_game_seq,player_id,preferred_team,team_name,seq) values (?,?,?,?,?,default)
    Hibernate: insert into ft_participants (draft_order,fantasy_game_seq,player_id,preferred_team,team_name,seq) values (?,?,?,?,?,default)
    Hibernate: insert into ft_participants (draft_order,fantasy_game_seq,player_id,preferred_team,team_name,seq) values (?,?,?,?,?,default)
    Hibernate: insert into ft_participants (draft_order,fantasy_game_seq,player_id,preferred_team,team_name,seq) values (?,?,?,?,?,default)
    Hibernate: insert into ft_participants (draft_order,fantasy_game_seq,player_id,preferred_team,team_name,seq) values (?,?,?,?,?,default)
    Hibernate: insert into ft_participants (draft_order,fantasy_game_seq,player_id,preferred_team,team_name,seq) values (?,?,?,?,?,default)
    Hibernate: insert into ft_participants (draft_order,fantasy_game_seq,player_id,preferred_team,team_name,seq) values (?,?,?,?,?,default)
    Hibernate: insert into ft_participants (draft_order,fantasy_game_seq,player_id,preferred_team,team_name,seq) values (?,?,?,?,?,default)
    Hibernate: insert into ft_participants (draft_order,fantasy_game_seq,player_id,preferred_team,team_name,seq) values (?,?,?,?,?,default)
    Hibernate: insert into ft_participants (draft_order,fantasy_game_seq,player_id,preferred_team,team_name,seq) values (?,?,?,?,?,default)
    Hibernate: insert into ft_participants (draft_order,fantasy_game_seq,player_id,preferred_team,team_name,seq) values (?,?,?,?,?,default)
    Hibernate: insert into ft_participants (draft_order,fantasy_game_seq,player_id,preferred_team,team_name,seq) values (?,?,?,?,?,default)
    Hibernate: insert into ft_participants (draft_order,fantasy_game_seq,player_id,preferred_team,team_name,seq) values (?,?,?,?,?,default)
    Hibernate: insert into ft_participants (draft_order,fantasy_game_seq,player_id,preferred_team,team_name,seq) values (?,?,?,?,?,default)
    Hibernate: insert into ft_participants (draft_order,fantasy_game_seq,player_id,preferred_team,team_name,seq) values (?,?,?,?,?,default)
    Hibernate: insert into ft_participants (draft_order,fantasy_game_seq,player_id,preferred_team,team_name,seq) values (?,?,?,?,?,default)
    Hibernate: insert into ft_participants (draft_order,fantasy_game_seq,player_id,preferred_team,team_name,seq) values (?,?,?,?,?,default)
    Hibernate: insert into ft_participants (draft_order,fantasy_game_seq,player_id,preferred_team,team_name,seq) values (?,?,?,?,?,default)
    Hibernate: insert into ft_participants (draft_order,fantasy_game_seq,player_id,preferred_team,team_name,seq) values (?,?,?,?,?,default)
    Hibernate: insert into ft_participants (draft_order,fantasy_game_seq,player_id,preferred_team,team_name,seq) values (?,?,?,?,?,default)
    Hibernate: insert into ft_participants (draft_order,fantasy_game_seq,player_id,preferred_team,team_name,seq) values (?,?,?,?,?,default)
    Hibernate: insert into ft_participants (draft_order,fantasy_game_seq,player_id,preferred_team,team_name,seq) values (?,?,?,?,?,default)
    Hibernate: insert into ft_participants (draft_order,fantasy_game_seq,player_id,preferred_team,team_name,seq) values (?,?,?,?,?,default)
    Hibernate: insert into ft_participants (draft_order,fantasy_game_seq,player_id,preferred_team,team_name,seq) values (?,?,?,?,?,default)
    Hibernate: insert into ft_participants (draft_order,fantasy_game_seq,player_id,preferred_team,team_name,seq) values (?,?,?,?,?,default)
    Hibernate: insert into ft_participants (draft_order,fantasy_game_seq,player_id,preferred_team,team_name,seq) values (?,?,?,?,?,default)
    Hibernate: insert into ft_participants (draft_order,fantasy_game_seq,player_id,preferred_team,team_name,seq) values (?,?,?,?,?,default)
    Hibernate: insert into ft_participants (draft_order,fantasy_game_seq,player_id,preferred_team,team_name,seq) values (?,?,?,?,?,default)
    Hibernate: insert into ft_participants (draft_order,fantasy_game_seq,player_id,preferred_team,team_name,seq) values (?,?,?,?,?,default)
    Hibernate: insert into ft_participants (draft_order,fantasy_game_seq,player_id,preferred_team,team_name,seq) values (?,?,?,?,?,default)
    Hibernate: insert into ft_participants (draft_order,fantasy_game_seq,player_id,preferred_team,team_name,seq) values (?,?,?,?,?,default)
    Hibernate: insert into ft_participants (draft_order,fantasy_game_seq,player_id,preferred_team,team_name,seq) values (?,?,?,?,?,default)
    Hibernate: insert into ft_participants (draft_order,fantasy_game_seq,player_id,preferred_team,team_name,seq) values (?,?,?,?,?,default)
    Hibernate: insert into ft_participants (draft_order,fantasy_game_seq,player_id,preferred_team,team_name,seq) values (?,?,?,?,?,default)
    Hibernate: insert into ft_participants (draft_order,fantasy_game_seq,player_id,preferred_team,team_name,seq) values (?,?,?,?,?,default)
    Hibernate: insert into ft_participants (draft_order,fantasy_game_seq,player_id,preferred_team,team_name,seq) values (?,?,?,?,?,default)
    Hibernate: insert into ft_participants (draft_order,fantasy_game_seq,player_id,preferred_team,team_name,seq) values (?,?,?,?,?,default)
    Hibernate: insert into ft_participants (draft_order,fantasy_game_seq,player_id,preferred_team,team_name,seq) values (?,?,?,?,?,default)
    Hibernate: insert into ft_participants (draft_order,fantasy_game_seq,player_id,preferred_team,team_name,seq) values (?,?,?,?,?,default)
    Hibernate: insert into ft_participants (draft_order,fantasy_game_seq,player_id,preferred_team,team_name,seq) values (?,?,?,?,?,default)
    Hibernate: insert into ft_participants (draft_order,fantasy_game_seq,player_id,preferred_team,team_name,seq) values (?,?,?,?,?,default)
    Hibernate: insert into ft_participants (draft_order,fantasy_game_seq,player_id,preferred_team,team_name,seq) values (?,?,?,?,?,default)
    Hibernate: insert into ft_participants (draft_order,fantasy_game_seq,player_id,preferred_team,team_name,seq) values (?,?,?,?,?,default)
    Hibernate: insert into ft_participants (draft_order,fantasy_game_seq,player_id,preferred_team,team_name,seq) values (?,?,?,?,?,default)
    Hibernate: insert into ft_participants (draft_order,fantasy_game_seq,player_id,preferred_team,team_name,seq) values (?,?,?,?,?,default)
    Hibernate: insert into ft_participants (draft_order,fantasy_game_seq,player_id,preferred_team,team_name,seq) values (?,?,?,?,?,default)
    Hibernate: insert into ft_participants (draft_order,fantasy_game_seq,player_id,preferred_team,team_name,seq) values (?,?,?,?,?,default)
    Hibernate: insert into ft_participants (draft_order,fantasy_game_seq,player_id,preferred_team,team_name,seq) values (?,?,?,?,?,default)
    Hibernate: insert into ft_participants (draft_order,fantasy_game_seq,player_id,preferred_team,team_name,seq) values (?,?,?,?,?,default)
    Hibernate: insert into ft_participants (draft_order,fantasy_game_seq,player_id,preferred_team,team_name,seq) values (?,?,?,?,?,default)
    Hibernate: insert into ft_participants (draft_order,fantasy_game_seq,player_id,preferred_team,team_name,seq) values (?,?,?,?,?,default)
    Hibernate: insert into ft_participants (draft_order,fantasy_game_seq,player_id,preferred_team,team_name,seq) values (?,?,?,?,?,default)
    Hibernate: insert into ft_participants (draft_order,fantasy_game_seq,player_id,preferred_team,team_name,seq) values (?,?,?,?,?,default)
    Hibernate: insert into ft_participants (draft_order,fantasy_game_seq,player_id,preferred_team,team_name,seq) values (?,?,?,?,?,default)
    Hibernate: insert into ft_participants (draft_order,fantasy_game_seq,player_id,preferred_team,team_name,seq) values (?,?,?,?,?,default)
    Hibernate: insert into ft_participants (draft_order,fantasy_game_seq,player_id,preferred_team,team_name,seq) values (?,?,?,?,?,default)
    Hibernate: insert into ft_participants (draft_order,fantasy_game_seq,player_id,preferred_team,team_name,seq) values (?,?,?,?,?,default)
    Hibernate: insert into ft_participants (draft_order,fantasy_game_seq,player_id,preferred_team,team_name,seq) values (?,?,?,?,?,default)
    Hibernate: insert into ft_participants (draft_order,fantasy_game_seq,player_id,preferred_team,team_name,seq) values (?,?,?,?,?,default)
    Hibernate: insert into ft_participants (draft_order,fantasy_game_seq,player_id,preferred_team,team_name,seq) values (?,?,?,?,?,default)
    Hibernate: insert into ft_participants (draft_order,fantasy_game_seq,player_id,preferred_team,team_name,seq) values (?,?,?,?,?,default)
    Hibernate: insert into ft_participants (draft_order,fantasy_game_seq,player_id,preferred_team,team_name,seq) values (?,?,?,?,?,default)
    Hibernate: insert into ft_participants (draft_order,fantasy_game_seq,player_id,preferred_team,team_name,seq) values (?,?,?,?,?,default)
    Hibernate: insert into ft_participants (draft_order,fantasy_game_seq,player_id,preferred_team,team_name,seq) values (?,?,?,?,?,default)
    Hibernate: insert into ft_participants (draft_order,fantasy_game_seq,player_id,preferred_team,team_name,seq) values (?,?,?,?,?,default)
    Hibernate: insert into ft_participants (draft_order,fantasy_game_seq,player_id,preferred_team,team_name,seq) values (?,?,?,?,?,default)
    Hibernate: insert into ft_participants (draft_order,fantasy_game_seq,player_id,preferred_team,team_name,seq) values (?,?,?,?,?,default)
    Hibernate: insert into ft_participants (draft_order,fantasy_game_seq,player_id,preferred_team,team_name,seq) values (?,?,?,?,?,default)
    Hibernate: insert into ft_participants (draft_order,fantasy_game_seq,player_id,preferred_team,team_name,seq) values (?,?,?,?,?,default)
    Hibernate: insert into ft_participants (draft_order,fantasy_game_seq,player_id,preferred_team,team_name,seq) values (?,?,?,?,?,default)
    Hibernate: insert into ft_participants (draft_order,fantasy_game_seq,player_id,preferred_team,team_name,seq) values (?,?,?,?,?,default)
    Hibernate: insert into ft_participants (draft_order,fantasy_game_seq,player_id,preferred_team,team_name,seq) values (?,?,?,?,?,default)
    Hibernate: insert into ft_participants (draft_order,fantasy_game_seq,player_id,preferred_team,team_name,seq) values (?,?,?,?,?,default)
    Hibernate: insert into ft_participants (draft_order,fantasy_game_seq,player_id,preferred_team,team_name,seq) values (?,?,?,?,?,default)
    Hibernate: insert into ft_participants (draft_order,fantasy_game_seq,player_id,preferred_team,team_name,seq) values (?,?,?,?,?,default)
    Hibernate: insert into ft_participants (draft_order,fantasy_game_seq,player_id,preferred_team,team_name,seq) values (?,?,?,?,?,default)
    Hibernate: insert into ft_participants (draft_order,fantasy_game_seq,player_id,preferred_team,team_name,seq) values (?,?,?,?,?,default)
    Hibernate: insert into ft_participants (draft_order,fantasy_game_seq,player_id,preferred_team,team_name,seq) values (?,?,?,?,?,default)
    Hibernate: insert into ft_participants (draft_order,fantasy_game_seq,player_id,preferred_team,team_name,seq) values (?,?,?,?,?,default)
    Hibernate: insert into ft_participants (draft_order,fantasy_game_seq,player_id,preferred_team,team_name,seq) values (?,?,?,?,?,default)
    Hibernate: insert into ft_participants (draft_order,fantasy_game_seq,player_id,preferred_team,team_name,seq) values (?,?,?,?,?,default)
    Hibernate: insert into ft_participants (draft_order,fantasy_game_seq,player_id,preferred_team,team_name,seq) values (?,?,?,?,?,default)
    Hibernate: insert into ft_participants (draft_order,fantasy_game_seq,player_id,preferred_team,team_name,seq) values (?,?,?,?,?,default)
    Hibernate: insert into ft_participants (draft_order,fantasy_game_seq,player_id,preferred_team,team_name,seq) values (?,?,?,?,?,default)
    Hibernate: insert into ft_participants (draft_order,fantasy_game_seq,player_id,preferred_team,team_name,seq) values (?,?,?,?,?,default)
    Hibernate: insert into ft_participants (draft_order,fantasy_game_seq,player_id,preferred_team,team_name,seq) values (?,?,?,?,?,default)
    Hibernate: insert into ft_participants (draft_order,fantasy_game_seq,player_id,preferred_team,team_name,seq) values (?,?,?,?,?,default)
    Hibernate: insert into ft_participants (draft_order,fantasy_game_seq,player_id,preferred_team,team_name,seq) values (?,?,?,?,?,default)
    Hibernate: insert into ft_participants (draft_order,fantasy_game_seq,player_id,preferred_team,team_name,seq) values (?,?,?,?,?,default)
    Hibernate: insert into ft_participants (draft_order,fantasy_game_seq,player_id,preferred_team,team_name,seq) values (?,?,?,?,?,default)
    Hibernate: insert into ft_participants (draft_order,fantasy_game_seq,player_id,preferred_team,team_name,seq) values (?,?,?,?,?,default)
    Hibernate: insert into ft_participants (draft_order,fantasy_game_seq,player_id,preferred_team,team_name,seq) values (?,?,?,?,?,default)
    Hibernate: insert into ft_participants (draft_order,fantasy_game_seq,player_id,preferred_team,team_name,seq) values (?,?,?,?,?,default)
    Hibernate: insert into ft_participants (draft_order,fantasy_game_seq,player_id,preferred_team,team_name,seq) values (?,?,?,?,?,default)
    Hibernate: insert into ft_participants (draft_order,fantasy_game_seq,player_id,preferred_team,team_name,seq) values (?,?,?,?,?,default)
    Hibernate: insert into ft_participants (draft_order,fantasy_game_seq,player_id,preferred_team,team_name,seq) values (?,?,?,?,?,default)
    Hibernate: insert into ft_participants (draft_order,fantasy_game_seq,player_id,preferred_team,team_name,seq) values (?,?,?,?,?,default)
    Hibernate: insert into ft_participants (draft_order,fantasy_game_seq,player_id,preferred_team,team_name,seq) values (?,?,?,?,?,default)
    Hibernate: insert into ft_participants (draft_order,fantasy_game_seq,player_id,preferred_team,team_name,seq) values (?,?,?,?,?,default)
    Hibernate: insert into ft_participants (draft_order,fantasy_game_seq,player_id,preferred_team,team_name,seq) values (?,?,?,?,?,default)
    Hibernate: insert into ft_participants (draft_order,fantasy_game_seq,player_id,preferred_team,team_name,seq) values (?,?,?,?,?,default)
    Hibernate: insert into ft_participants (draft_order,fantasy_game_seq,player_id,preferred_team,team_name,seq) values (?,?,?,?,?,default)
    Hibernate: insert into ft_participants (draft_order,fantasy_game_seq,player_id,preferred_team,team_name,seq) values (?,?,?,?,?,default)
    Hibernate: insert into ft_participants (draft_order,fantasy_game_seq,player_id,preferred_team,team_name,seq) values (?,?,?,?,?,default)
    Hibernate: insert into ft_participants (draft_order,fantasy_game_seq,player_id,preferred_team,team_name,seq) values (?,?,?,?,?,default)
    Hibernate: insert into ft_participants (draft_order,fantasy_game_seq,player_id,preferred_team,team_name,seq) values (?,?,?,?,?,default)
    Hibernate: insert into ft_participants (draft_order,fantasy_game_seq,player_id,preferred_team,team_name,seq) values (?,?,?,?,?,default)
    Hibernate: insert into ft_participants (draft_order,fantasy_game_seq,player_id,preferred_team,team_name,seq) values (?,?,?,?,?,default)
    Hibernate: insert into ft_participants (draft_order,fantasy_game_seq,player_id,preferred_team,team_name,seq) values (?,?,?,?,?,default)
    Hibernate: insert into ft_participants (draft_order,fantasy_game_seq,player_id,preferred_team,team_name,seq) values (?,?,?,?,?,default)
    Hibernate: insert into ft_participants (draft_order,fantasy_game_seq,player_id,preferred_team,team_name,seq) values (?,?,?,?,?,default)
    Hibernate: insert into ft_participants (draft_order,fantasy_game_seq,player_id,preferred_team,team_name,seq) values (?,?,?,?,?,default)
    Hibernate: insert into ft_participants (draft_order,fantasy_game_seq,player_id,preferred_team,team_name,seq) values (?,?,?,?,?,default)
    Hibernate: insert into ft_participants (draft_order,fantasy_game_seq,player_id,preferred_team,team_name,seq) values (?,?,?,?,?,default)
    Hibernate: insert into ft_participants (draft_order,fantasy_game_seq,player_id,preferred_team,team_name,seq) values (?,?,?,?,?,default)
    Hibernate: insert into ft_participants (draft_order,fantasy_game_seq,player_id,preferred_team,team_name,seq) values (?,?,?,?,?,default)
    Hibernate: insert into ft_participants (draft_order,fantasy_game_seq,player_id,preferred_team,team_name,seq) values (?,?,?,?,?,default)
    Hibernate: insert into ft_participants (draft_order,fantasy_game_seq,player_id,preferred_team,team_name,seq) values (?,?,?,?,?,default)
    Hibernate: insert into ft_participants (draft_order,fantasy_game_seq,player_id,preferred_team,team_name,seq) values (?,?,?,?,?,default)
    Hibernate: insert into ft_participants (draft_order,fantasy_game_seq,player_id,preferred_team,team_name,seq) values (?,?,?,?,?,default)
    Hibernate: insert into ft_participants (draft_order,fantasy_game_seq,player_id,preferred_team,team_name,seq) values (?,?,?,?,?,default)
    Hibernate: insert into ft_participants (draft_order,fantasy_game_seq,player_id,preferred_team,team_name,seq) values (?,?,?,?,?,default)
    Hibernate: insert into ft_participants (draft_order,fantasy_game_seq,player_id,preferred_team,team_name,seq) values (?,?,?,?,?,default)
    Hibernate: insert into ft_participants (draft_order,fantasy_game_seq,player_id,preferred_team,team_name,seq) values (?,?,?,?,?,default)
    Hibernate: insert into ft_participants (draft_order,fantasy_game_seq,player_id,preferred_team,team_name,seq) values (?,?,?,?,?,default)
    Hibernate: insert into ft_participants (draft_order,fantasy_game_seq,player_id,preferred_team,team_name,seq) values (?,?,?,?,?,default)
    Hibernate: insert into ft_participants (draft_order,fantasy_game_seq,player_id,preferred_team,team_name,seq) values (?,?,?,?,?,default)
    Hibernate: insert into ft_participants (draft_order,fantasy_game_seq,player_id,preferred_team,team_name,seq) values (?,?,?,?,?,default)
    Hibernate: insert into ft_participants (draft_order,fantasy_game_seq,player_id,preferred_team,team_name,seq) values (?,?,?,?,?,default)
    Hibernate: insert into ft_participants (draft_order,fantasy_game_seq,player_id,preferred_team,team_name,seq) values (?,?,?,?,?,default)
    Hibernate: insert into ft_participants (draft_order,fantasy_game_seq,player_id,preferred_team,team_name,seq) values (?,?,?,?,?,default)
    Hibernate: insert into ft_participants (draft_order,fantasy_game_seq,player_id,preferred_team,team_name,seq) values (?,?,?,?,?,default)
    Hibernate: insert into ft_participants (draft_order,fantasy_game_seq,player_id,preferred_team,team_name,seq) values (?,?,?,?,?,default)
    Hibernate: insert into ft_participants (draft_order,fantasy_game_seq,player_id,preferred_team,team_name,seq) values (?,?,?,?,?,default)
    Hibernate: insert into ft_participants (draft_order,fantasy_game_seq,player_id,preferred_team,team_name,seq) values (?,?,?,?,?,default)
    Hibernate: insert into ft_participants (draft_order,fantasy_game_seq,player_id,preferred_team,team_name,seq) values (?,?,?,?,?,default)
    Hibernate: insert into ft_participants (draft_order,fantasy_game_seq,player_id,preferred_team,team_name,seq) values (?,?,?,?,?,default)
    Hibernate: insert into ft_participants (draft_order,fantasy_game_seq,player_id,preferred_team,team_name,seq) values (?,?,?,?,?,default)
    Hibernate: insert into ft_participants (draft_order,fantasy_game_seq,player_id,preferred_team,team_name,seq) values (?,?,?,?,?,default)
    Hibernate: insert into ft_participants (draft_order,fantasy_game_seq,player_id,preferred_team,team_name,seq) values (?,?,?,?,?,default)
    Hibernate: insert into ft_participants (draft_order,fantasy_game_seq,player_id,preferred_team,team_name,seq) values (?,?,?,?,?,default)
    Hibernate: insert into ft_participants (draft_order,fantasy_game_seq,player_id,preferred_team,team_name,seq) values (?,?,?,?,?,default)
    Hibernate: insert into ft_participants (draft_order,fantasy_game_seq,player_id,preferred_team,team_name,seq) values (?,?,?,?,?,default)
    Hibernate: insert into ft_participants (draft_order,fantasy_game_seq,player_id,preferred_team,team_name,seq) values (?,?,?,?,?,default)
    Hibernate: insert into ft_participants (draft_order,fantasy_game_seq,player_id,preferred_team,team_name,seq) values (?,?,?,?,?,default)
    Hibernate: insert into ft_participants (draft_order,fantasy_game_seq,player_id,preferred_team,team_name,seq) values (?,?,?,?,?,default)
    Hibernate: insert into ft_participants (draft_order,fantasy_game_seq,player_id,preferred_team,team_name,seq) values (?,?,?,?,?,default)
    Hibernate: insert into ft_participants (draft_order,fantasy_game_seq,player_id,preferred_team,team_name,seq) values (?,?,?,?,?,default)
    Hibernate: insert into ft_participants (draft_order,fantasy_game_seq,player_id,preferred_team,team_name,seq) values (?,?,?,?,?,default)
    Hibernate: insert into ft_participants (draft_order,fantasy_game_seq,player_id,preferred_team,team_name,seq) values (?,?,?,?,?,default)
    Hibernate: insert into ft_participants (draft_order,fantasy_game_seq,player_id,preferred_team,team_name,seq) values (?,?,?,?,?,default)
    Hibernate: insert into ft_participants (draft_order,fantasy_game_seq,player_id,preferred_team,team_name,seq) values (?,?,?,?,?,default)
    Hibernate: insert into ft_participants (draft_order,fantasy_game_seq,player_id,preferred_team,team_name,seq) values (?,?,?,?,?,default)
    Hibernate: insert into ft_participants (draft_order,fantasy_game_seq,player_id,preferred_team,team_name,seq) values (?,?,?,?,?,default)
    Hibernate: insert into ft_participants (draft_order,fantasy_game_seq,player_id,preferred_team,team_name,seq) values (?,?,?,?,?,default)
    Hibernate: insert into ft_participants (draft_order,fantasy_game_seq,player_id,preferred_team,team_name,seq) values (?,?,?,?,?,default)
    Hibernate: insert into ft_participants (draft_order,fantasy_game_seq,player_id,preferred_team,team_name,seq) values (?,?,?,?,?,default)
    Hibernate: insert into ft_participants (draft_order,fantasy_game_seq,player_id,preferred_team,team_name,seq) values (?,?,?,?,?,default)
    Hibernate: insert into ft_participants (draft_order,fantasy_game_seq,player_id,preferred_team,team_name,seq) values (?,?,?,?,?,default)
    Hibernate: insert into ft_participants (draft_order,fantasy_game_seq,player_id,preferred_team,team_name,seq) values (?,?,?,?,?,default)
    Hibernate: insert into ft_participants (draft_order,fantasy_game_seq,player_id,preferred_team,team_name,seq) values (?,?,?,?,?,default)
    Hibernate: insert into ft_participants (draft_order,fantasy_game_seq,player_id,preferred_team,team_name,seq) values (?,?,?,?,?,default)
    Hibernate: insert into ft_participants (draft_order,fantasy_game_seq,player_id,preferred_team,team_name,seq) values (?,?,?,?,?,default)
    Hibernate: insert into ft_participants (draft_order,fantasy_game_seq,player_id,preferred_team,team_name,seq) values (?,?,?,?,?,default)
    Hibernate: insert into ft_participants (draft_order,fantasy_game_seq,player_id,preferred_team,team_name,seq) values (?,?,?,?,?,default)
    Hibernate: insert into ft_participants (draft_order,fantasy_game_seq,player_id,preferred_team,team_name,seq) values (?,?,?,?,?,default)
    Hibernate: insert into ft_participants (draft_order,fantasy_game_seq,player_id,preferred_team,team_name,seq) values (?,?,?,?,?,default)
    Hibernate: insert into ft_participants (draft_order,fantasy_game_seq,player_id,preferred_team,team_name,seq) values (?,?,?,?,?,default)
    Hibernate: insert into ft_participants (draft_order,fantasy_game_seq,player_id,preferred_team,team_name,seq) values (?,?,?,?,?,default)
    Hibernate: insert into ft_participants (draft_order,fantasy_game_seq,player_id,preferred_team,team_name,seq) values (?,?,?,?,?,default)
    Hibernate: insert into ft_participants (draft_order,fantasy_game_seq,player_id,preferred_team,team_name,seq) values (?,?,?,?,?,default)
    Hibernate: insert into ft_participants (draft_order,fantasy_game_seq,player_id,preferred_team,team_name,seq) values (?,?,?,?,?,default)
    Hibernate: insert into ft_participants (draft_order,fantasy_game_seq,player_id,preferred_team,team_name,seq) values (?,?,?,?,?,default)
    Hibernate: insert into ft_participants (draft_order,fantasy_game_seq,player_id,preferred_team,team_name,seq) values (?,?,?,?,?,default)
    Hibernate: insert into ft_participants (draft_order,fantasy_game_seq,player_id,preferred_team,team_name,seq) values (?,?,?,?,?,default)
    Hibernate: insert into ft_participants (draft_order,fantasy_game_seq,player_id,preferred_team,team_name,seq) values (?,?,?,?,?,default)
    Hibernate: insert into ft_participants (draft_order,fantasy_game_seq,player_id,preferred_team,team_name,seq) values (?,?,?,?,?,default)
    Hibernate: insert into ft_participants (draft_order,fantasy_game_seq,player_id,preferred_team,team_name,seq) values (?,?,?,?,?,default)
    Hibernate: insert into ft_participants (draft_order,fantasy_game_seq,player_id,preferred_team,team_name,seq) values (?,?,?,?,?,default)
    Hibernate: insert into ft_participants (draft_order,fantasy_game_seq,player_id,preferred_team,team_name,seq) values (?,?,?,?,?,default)
    Hibernate: insert into ft_participants (draft_order,fantasy_game_seq,player_id,preferred_team,team_name,seq) values (?,?,?,?,?,default)
    Hibernate: insert into ft_participants (draft_order,fantasy_game_seq,player_id,preferred_team,team_name,seq) values (?,?,?,?,?,default)
    Hibernate: insert into ft_participants (draft_order,fantasy_game_seq,player_id,preferred_team,team_name,seq) values (?,?,?,?,?,default)
    Hibernate: insert into ft_participants (draft_order,fantasy_game_seq,player_id,preferred_team,team_name,seq) values (?,?,?,?,?,default)
    Hibernate: insert into ft_participants (draft_order,fantasy_game_seq,player_id,preferred_team,team_name,seq) values (?,?,?,?,?,default)
    Hibernate: insert into ft_participants (draft_order,fantasy_game_seq,player_id,preferred_team,team_name,seq) values (?,?,?,?,?,default)
    Hibernate: insert into ft_participants (draft_order,fantasy_game_seq,player_id,preferred_team,team_name,seq) values (?,?,?,?,?,default)
    Hibernate: insert into ft_participants (draft_order,fantasy_game_seq,player_id,preferred_team,team_name,seq) values (?,?,?,?,?,default)
    Hibernate: insert into ft_participants (draft_order,fantasy_game_seq,player_id,preferred_team,team_name,seq) values (?,?,?,?,?,default)
    Hibernate: insert into ft_participants (draft_order,fantasy_game_seq,player_id,preferred_team,team_name,seq) values (?,?,?,?,?,default)
    Hibernate: insert into ft_participants (draft_order,fantasy_game_seq,player_id,preferred_team,team_name,seq) values (?,?,?,?,?,default)
    Hibernate: insert into ft_participants (draft_order,fantasy_game_seq,player_id,preferred_team,team_name,seq) values (?,?,?,?,?,default)
    Hibernate: insert into ft_participants (draft_order,fantasy_game_seq,player_id,preferred_team,team_name,seq) values (?,?,?,?,?,default)
    Hibernate: insert into ft_participants (draft_order,fantasy_game_seq,player_id,preferred_team,team_name,seq) values (?,?,?,?,?,default)
    Hibernate: insert into ft_participants (draft_order,fantasy_game_seq,player_id,preferred_team,team_name,seq) values (?,?,?,?,?,default)
    Hibernate: insert into ft_participants (draft_order,fantasy_game_seq,player_id,preferred_team,team_name,seq) values (?,?,?,?,?,default)
    Hibernate: insert into ft_participants (draft_order,fantasy_game_seq,player_id,preferred_team,team_name,seq) values (?,?,?,?,?,default)
    Hibernate: insert into ft_participants (draft_order,fantasy_game_seq,player_id,preferred_team,team_name,seq) values (?,?,?,?,?,default)
    Hibernate: insert into ft_participants (draft_order,fantasy_game_seq,player_id,preferred_team,team_name,seq) values (?,?,?,?,?,default)
    Hibernate: insert into ft_participants (draft_order,fantasy_game_seq,player_id,preferred_team,team_name,seq) values (?,?,?,?,?,default)
    Hibernate: insert into ft_participants (draft_order,fantasy_game_seq,player_id,preferred_team,team_name,seq) values (?,?,?,?,?,default)
    Hibernate: insert into ft_participants (draft_order,fantasy_game_seq,player_id,preferred_team,team_name,seq) values (?,?,?,?,?,default)
    Hibernate: insert into ft_participants (draft_order,fantasy_game_seq,player_id,preferred_team,team_name,seq) values (?,?,?,?,?,default)
    Hibernate: insert into ft_participants (draft_order,fantasy_game_seq,player_id,preferred_team,team_name,seq) values (?,?,?,?,?,default)
    Hibernate: insert into ft_participants (draft_order,fantasy_game_seq,player_id,preferred_team,team_name,seq) values (?,?,?,?,?,default)
    Hibernate: insert into ft_participants (draft_order,fantasy_game_seq,player_id,preferred_team,team_name,seq) values (?,?,?,?,?,default)
    Hibernate: insert into ft_participants (draft_order,fantasy_game_seq,player_id,preferred_team,team_name,seq) values (?,?,?,?,?,default)
    Hibernate: insert into ft_participants (draft_order,fantasy_game_seq,player_id,preferred_team,team_name,seq) values (?,?,?,?,?,default)
    Hibernate: insert into ft_participants (draft_order,fantasy_game_seq,player_id,preferred_team,team_name,seq) values (?,?,?,?,?,default)
    Hibernate: insert into ft_participants (draft_order,fantasy_game_seq,player_id,preferred_team,team_name,seq) values (?,?,?,?,?,default)
    Hibernate: insert into ft_participants (draft_order,fantasy_game_seq,player_id,preferred_team,team_name,seq) values (?,?,?,?,?,default)
    Hibernate: insert into ft_participants (draft_order,fantasy_game_seq,player_id,preferred_team,team_name,seq) values (?,?,?,?,?,default)
    Hibernate: insert into ft_participants (draft_order,fantasy_game_seq,player_id,preferred_team,team_name,seq) values (?,?,?,?,?,default)
    Hibernate: insert into ft_participants (draft_order,fantasy_game_seq,player_id,preferred_team,team_name,seq) values (?,?,?,?,?,default)
    Hibernate: insert into ft_participants (draft_order,fantasy_game_seq,player_id,preferred_team,team_name,seq) values (?,?,?,?,?,default)
    Hibernate: insert into ft_participants (draft_order,fantasy_game_seq,player_id,preferred_team,team_name,seq) values (?,?,?,?,?,default)
    Hibernate: insert into ft_participants (draft_order,fantasy_game_seq,player_id,preferred_team,team_name,seq) values (?,?,?,?,?,default)
    Hibernate: insert into ft_participants (draft_order,fantasy_game_seq,player_id,preferred_team,team_name,seq) values (?,?,?,?,?,default)
    Hibernate: insert into ft_participants (draft_order,fantasy_game_seq,player_id,preferred_team,team_name,seq) values (?,?,?,?,?,default)
    Hibernate: insert into ft_participants (draft_order,fantasy_game_seq,player_id,preferred_team,team_name,seq) values (?,?,?,?,?,default)
    Hibernate: insert into ft_participants (draft_order,fantasy_game_seq,player_id,preferred_team,team_name,seq) values (?,?,?,?,?,default)
    Hibernate: insert into ft_participants (draft_order,fantasy_game_seq,player_id,preferred_team,team_name,seq) values (?,?,?,?,?,default)
    Hibernate: insert into ft_participants (draft_order,fantasy_game_seq,player_id,preferred_team,team_name,seq) values (?,?,?,?,?,default)
    Hibernate: insert into ft_participants (draft_order,fantasy_game_seq,player_id,preferred_team,team_name,seq) values (?,?,?,?,?,default)
    Hibernate: insert into ft_participants (draft_order,fantasy_game_seq,player_id,preferred_team,team_name,seq) values (?,?,?,?,?,default)
    Hibernate: insert into ft_participants (draft_order,fantasy_game_seq,player_id,preferred_team,team_name,seq) values (?,?,?,?,?,default)
    Hibernate: insert into ft_participants (draft_order,fantasy_game_seq,player_id,preferred_team,team_name,seq) values (?,?,?,?,?,default)
    Hibernate: insert into ft_participants (draft_order,fantasy_game_seq,player_id,preferred_team,team_name,seq) values (?,?,?,?,?,default)
    Hibernate: insert into ft_participants (draft_order,fantasy_game_seq,player_id,preferred_team,team_name,seq) values (?,?,?,?,?,default)
    Hibernate: insert into ft_participants (draft_order,fantasy_game_seq,player_id,preferred_team,team_name,seq) values (?,?,?,?,?,default)
    Hibernate: insert into ft_participants (draft_order,fantasy_game_seq,player_id,preferred_team,team_name,seq) values (?,?,?,?,?,default)
    Hibernate: insert into ft_participants (draft_order,fantasy_game_seq,player_id,preferred_team,team_name,seq) values (?,?,?,?,?,default)
    Hibernate: insert into ft_participants (draft_order,fantasy_game_seq,player_id,preferred_team,team_name,seq) values (?,?,?,?,?,default)
    Hibernate: insert into ft_participants (draft_order,fantasy_game_seq,player_id,preferred_team,team_name,seq) values (?,?,?,?,?,default)
    Hibernate: insert into ft_participants (draft_order,fantasy_game_seq,player_id,preferred_team,team_name,seq) values (?,?,?,?,?,default)
    Hibernate: insert into ft_participants (draft_order,fantasy_game_seq,player_id,preferred_team,team_name,seq) values (?,?,?,?,?,default)
    Hibernate: insert into ft_participants (draft_order,fantasy_game_seq,player_id,preferred_team,team_name,seq) values (?,?,?,?,?,default)
    Hibernate: insert into ft_participants (draft_order,fantasy_game_seq,player_id,preferred_team,team_name,seq) values (?,?,?,?,?,default)
    Hibernate: insert into ft_participants (draft_order,fantasy_game_seq,player_id,preferred_team,team_name,seq) values (?,?,?,?,?,default)
    Hibernate: insert into ft_participants (draft_order,fantasy_game_seq,player_id,preferred_team,team_name,seq) values (?,?,?,?,?,default)
    Hibernate: insert into ft_participants (draft_order,fantasy_game_seq,player_id,preferred_team,team_name,seq) values (?,?,?,?,?,default)
    Hibernate: insert into ft_participants (draft_order,fantasy_game_seq,player_id,preferred_team,team_name,seq) values (?,?,?,?,?,default)
    Hibernate: insert into ft_participants (draft_order,fantasy_game_seq,player_id,preferred_team,team_name,seq) values (?,?,?,?,?,default)
    Hibernate: insert into ft_participants (draft_order,fantasy_game_seq,player_id,preferred_team,team_name,seq) values (?,?,?,?,?,default)
    Hibernate: insert into ft_participants (draft_order,fantasy_game_seq,player_id,preferred_team,team_name,seq) values (?,?,?,?,?,default)
    Hibernate: insert into ft_participants (draft_order,fantasy_game_seq,player_id,preferred_team,team_name,seq) values (?,?,?,?,?,default)
    Hibernate: insert into ft_participants (draft_order,fantasy_game_seq,player_id,preferred_team,team_name,seq) values (?,?,?,?,?,default)
    Hibernate: insert into ft_participants (draft_order,fantasy_game_seq,player_id,preferred_team,team_name,seq) values (?,?,?,?,?,default)
    Hibernate: insert into ft_participants (draft_order,fantasy_game_seq,player_id,preferred_team,team_name,seq) values (?,?,?,?,?,default)
    Hibernate: insert into ft_participants (draft_order,fantasy_game_seq,player_id,preferred_team,team_name,seq) values (?,?,?,?,?,default)
    Hibernate: insert into ft_participants (draft_order,fantasy_game_seq,player_id,preferred_team,team_name,seq) values (?,?,?,?,?,default)
    Hibernate: insert into ft_participants (draft_order,fantasy_game_seq,player_id,preferred_team,team_name,seq) values (?,?,?,?,?,default)
    Hibernate: insert into ft_participants (draft_order,fantasy_game_seq,player_id,preferred_team,team_name,seq) values (?,?,?,?,?,default)
    Hibernate: insert into ft_participants (draft_order,fantasy_game_seq,player_id,preferred_team,team_name,seq) values (?,?,?,?,?,default)
    Hibernate: insert into ft_participants (draft_order,fantasy_game_seq,player_id,preferred_team,team_name,seq) values (?,?,?,?,?,default)
    Hibernate: insert into ft_participants (draft_order,fantasy_game_seq,player_id,preferred_team,team_name,seq) values (?,?,?,?,?,default)
    Hibernate: insert into ft_participants (draft_order,fantasy_game_seq,player_id,preferred_team,team_name,seq) values (?,?,?,?,?,default)
    Hibernate: insert into ft_participants (draft_order,fantasy_game_seq,player_id,preferred_team,team_name,seq) values (?,?,?,?,?,default)
    Hibernate: insert into ft_participants (draft_order,fantasy_game_seq,player_id,preferred_team,team_name,seq) values (?,?,?,?,?,default)
    Hibernate: insert into ft_participants (draft_order,fantasy_game_seq,player_id,preferred_team,team_name,seq) values (?,?,?,?,?,default)
    Hibernate: insert into ft_participants (draft_order,fantasy_game_seq,player_id,preferred_team,team_name,seq) values (?,?,?,?,?,default)
    Hibernate: insert into ft_participants (draft_order,fantasy_game_seq,player_id,preferred_team,team_name,seq) values (?,?,?,?,?,default)
    Hibernate: insert into ft_participants (draft_order,fantasy_game_seq,player_id,preferred_team,team_name,seq) values (?,?,?,?,?,default)
    Hibernate: insert into ft_participants (draft_order,fantasy_game_seq,player_id,preferred_team,team_name,seq) values (?,?,?,?,?,default)
    Hibernate: insert into ft_participants (draft_order,fantasy_game_seq,player_id,preferred_team,team_name,seq) values (?,?,?,?,?,default)
    Hibernate: insert into ft_participants (draft_order,fantasy_game_seq,player_id,preferred_team,team_name,seq) values (?,?,?,?,?,default)
    Hibernate: insert into ft_participants (draft_order,fantasy_game_seq,player_id,preferred_team,team_name,seq) values (?,?,?,?,?,default)
    Hibernate: insert into ft_participants (draft_order,fantasy_game_seq,player_id,preferred_team,team_name,seq) values (?,?,?,?,?,default)
    Hibernate: insert into ft_participants (draft_order,fantasy_game_seq,player_id,preferred_team,team_name,seq) values (?,?,?,?,?,default)
    Hibernate: insert into ft_participants (draft_order,fantasy_game_seq,player_id,preferred_team,team_name,seq) values (?,?,?,?,?,default)
    Hibernate: insert into ft_participants (draft_order,fantasy_game_seq,player_id,preferred_team,team_name,seq) values (?,?,?,?,?,default)
    Hibernate: insert into ft_participants (draft_order,fantasy_game_seq,player_id,preferred_team,team_name,seq) values (?,?,?,?,?,default)
    Hibernate: insert into ft_participants (draft_order,fantasy_game_seq,player_id,preferred_team,team_name,seq) values (?,?,?,?,?,default)
    Hibernate: insert into ft_participants (draft_order,fantasy_game_seq,player_id,preferred_team,team_name,seq) values (?,?,?,?,?,default)
    Hibernate: insert into ft_participants (draft_order,fantasy_game_seq,player_id,preferred_team,team_name,seq) values (?,?,?,?,?,default)
    Hibernate: insert into ft_participants (draft_order,fantasy_game_seq,player_id,preferred_team,team_name,seq) values (?,?,?,?,?,default)
    Hibernate: insert into ft_participants (draft_order,fantasy_game_seq,player_id,preferred_team,team_name,seq) values (?,?,?,?,?,default)
    Hibernate: insert into ft_participants (draft_order,fantasy_game_seq,player_id,preferred_team,team_name,seq) values (?,?,?,?,?,default)
    Hibernate: insert into ft_participants (draft_order,fantasy_game_seq,player_id,preferred_team,team_name,seq) values (?,?,?,?,?,default)
    Hibernate: insert into ft_participants (draft_order,fantasy_game_seq,player_id,preferred_team,team_name,seq) values (?,?,?,?,?,default)
    Hibernate: insert into ft_participants (draft_order,fantasy_game_seq,player_id,preferred_team,team_name,seq) values (?,?,?,?,?,default)
    Hibernate: insert into ft_participants (draft_order,fantasy_game_seq,player_id,preferred_team,team_name,seq) values (?,?,?,?,?,default)
    Hibernate: insert into ft_participants (draft_order,fantasy_game_seq,player_id,preferred_team,team_name,seq) values (?,?,?,?,?,default)
    Hibernate: insert into ft_participants (draft_order,fantasy_game_seq,player_id,preferred_team,team_name,seq) values (?,?,?,?,?,default)
    Hibernate: insert into ft_participants (draft_order,fantasy_game_seq,player_id,preferred_team,team_name,seq) values (?,?,?,?,?,default)
    Hibernate: insert into ft_participants (draft_order,fantasy_game_seq,player_id,preferred_team,team_name,seq) values (?,?,?,?,?,default)
    Hibernate: insert into ft_participants (draft_order,fantasy_game_seq,player_id,preferred_team,team_name,seq) values (?,?,?,?,?,default)
    Hibernate: insert into ft_participants (draft_order,fantasy_game_seq,player_id,preferred_team,team_name,seq) values (?,?,?,?,?,default)
    Hibernate: insert into ft_participants (draft_order,fantasy_game_seq,player_id,preferred_team,team_name,seq) values (?,?,?,?,?,default)
    Hibernate: insert into ft_participants (draft_order,fantasy_game_seq,player_id,preferred_team,team_name,seq) values (?,?,?,?,?,default)
    Hibernate: insert into ft_participants (draft_order,fantasy_game_seq,player_id,preferred_team,team_name,seq) values (?,?,?,?,?,default)
    Hibernate: insert into ft_participants (draft_order,fantasy_game_seq,player_id,preferred_team,team_name,seq) values (?,?,?,?,?,default)
    Hibernate: insert into ft_participants (draft_order,fantasy_game_seq,player_id,preferred_team,team_name,seq) values (?,?,?,?,?,default)
    Hibernate: insert into ft_participants (draft_order,fantasy_game_seq,player_id,preferred_team,team_name,seq) values (?,?,?,?,?,default)
    Hibernate: insert into ft_participants (draft_order,fantasy_game_seq,player_id,preferred_team,team_name,seq) values (?,?,?,?,?,default)
    Hibernate: insert into ft_participants (draft_order,fantasy_game_seq,player_id,preferred_team,team_name,seq) values (?,?,?,?,?,default)
    Hibernate: insert into ft_participants (draft_order,fantasy_game_seq,player_id,preferred_team,team_name,seq) values (?,?,?,?,?,default)
    Hibernate: insert into ft_participants (draft_order,fantasy_game_seq,player_id,preferred_team,team_name,seq) values (?,?,?,?,?,default)
    Hibernate: insert into ft_participants (draft_order,fantasy_game_seq,player_id,preferred_team,team_name,seq) values (?,?,?,?,?,default)
    Hibernate: insert into ft_participants (draft_order,fantasy_game_seq,player_id,preferred_team,team_name,seq) values (?,?,?,?,?,default)
    Hibernate: insert into ft_participants (draft_order,fantasy_game_seq,player_id,preferred_team,team_name,seq) values (?,?,?,?,?,default)
    Hibernate: insert into ft_participants (draft_order,fantasy_game_seq,player_id,preferred_team,team_name,seq) values (?,?,?,?,?,default)
    Hibernate: insert into ft_participants (draft_order,fantasy_game_seq,player_id,preferred_team,team_name,seq) values (?,?,?,?,?,default)
    Hibernate: insert into ft_participants (draft_order,fantasy_game_seq,player_id,preferred_team,team_name,seq) values (?,?,?,?,?,default)
    Hibernate: insert into ft_participants (draft_order,fantasy_game_seq,player_id,preferred_team,team_name,seq) values (?,?,?,?,?,default)
    Hibernate: insert into ft_participants (draft_order,fantasy_game_seq,player_id,preferred_team,team_name,seq) values (?,?,?,?,?,default)
    Hibernate: insert into ft_participants (draft_order,fantasy_game_seq,player_id,preferred_team,team_name,seq) values (?,?,?,?,?,default)
    Hibernate: insert into ft_participants (draft_order,fantasy_game_seq,player_id,preferred_team,team_name,seq) values (?,?,?,?,?,default)
    Hibernate: insert into ft_participants (draft_order,fantasy_game_seq,player_id,preferred_team,team_name,seq) values (?,?,?,?,?,default)
    Hibernate: insert into ft_participants (draft_order,fantasy_game_seq,player_id,preferred_team,team_name,seq) values (?,?,?,?,?,default)
    Hibernate: insert into ft_participants (draft_order,fantasy_game_seq,player_id,preferred_team,team_name,seq) values (?,?,?,?,?,default)
    Hibernate: insert into ft_participants (draft_order,fantasy_game_seq,player_id,preferred_team,team_name,seq) values (?,?,?,?,?,default)
    Hibernate: insert into ft_participants (draft_order,fantasy_game_seq,player_id,preferred_team,team_name,seq) values (?,?,?,?,?,default)
    Hibernate: insert into ft_participants (draft_order,fantasy_game_seq,player_id,preferred_team,team_name,seq) values (?,?,?,?,?,default)
    Hibernate: insert into ft_participants (draft_order,fantasy_game_seq,player_id,preferred_team,team_name,seq) values (?,?,?,?,?,default)
    Hibernate: insert into ft_participants (draft_order,fantasy_game_seq,player_id,preferred_team,team_name,seq) values (?,?,?,?,?,default)
    Hibernate: insert into ft_participants (draft_order,fantasy_game_seq,player_id,preferred_team,team_name,seq) values (?,?,?,?,?,default)
    Hibernate: insert into ft_participants (draft_order,fantasy_game_seq,player_id,preferred_team,team_name,seq) values (?,?,?,?,?,default)
    Hibernate: insert into ft_participants (draft_order,fantasy_game_seq,player_id,preferred_team,team_name,seq) values (?,?,?,?,?,default)
    Hibernate: insert into ft_participants (draft_order,fantasy_game_seq,player_id,preferred_team,team_name,seq) values (?,?,?,?,?,default)
    Hibernate: insert into ft_participants (draft_order,fantasy_game_seq,player_id,preferred_team,team_name,seq) values (?,?,?,?,?,default)
    Hibernate: insert into ft_participants (draft_order,fantasy_game_seq,player_id,preferred_team,team_name,seq) values (?,?,?,?,?,default)
    Hibernate: insert into ft_participants (draft_order,fantasy_game_seq,player_id,preferred_team,team_name,seq) values (?,?,?,?,?,default)
    Hibernate: insert into ft_participants (draft_order,fantasy_game_seq,player_id,preferred_team,team_name,seq) values (?,?,?,?,?,default)
    Hibernate: insert into ft_participants (draft_order,fantasy_game_seq,player_id,preferred_team,team_name,seq) values (?,?,?,?,?,default)
    Hibernate: insert into ft_participants (draft_order,fantasy_game_seq,player_id,preferred_team,team_name,seq) values (?,?,?,?,?,default)
    Hibernate: insert into ft_participants (draft_order,fantasy_game_seq,player_id,preferred_team,team_name,seq) values (?,?,?,?,?,default)
    Hibernate: insert into ft_participants (draft_order,fantasy_game_seq,player_id,preferred_team,team_name,seq) values (?,?,?,?,?,default)
    Hibernate: insert into ft_participants (draft_order,fantasy_game_seq,player_id,preferred_team,team_name,seq) values (?,?,?,?,?,default)
    Hibernate: insert into ft_participants (draft_order,fantasy_game_seq,player_id,preferred_team,team_name,seq) values (?,?,?,?,?,default)
    Hibernate: insert into ft_participants (draft_order,fantasy_game_seq,player_id,preferred_team,team_name,seq) values (?,?,?,?,?,default)
    Hibernate: insert into ft_participants (draft_order,fantasy_game_seq,player_id,preferred_team,team_name,seq) values (?,?,?,?,?,default)
    Hibernate: insert into ft_participants (draft_order,fantasy_game_seq,player_id,preferred_team,team_name,seq) values (?,?,?,?,?,default)
    Hibernate: insert into ft_participants (draft_order,fantasy_game_seq,player_id,preferred_team,team_name,seq) values (?,?,?,?,?,default)
    Hibernate: insert into ft_participants (draft_order,fantasy_game_seq,player_id,preferred_team,team_name,seq) values (?,?,?,?,?,default)
    Hibernate: insert into ft_participants (draft_order,fantasy_game_seq,player_id,preferred_team,team_name,seq) values (?,?,?,?,?,default)
    Hibernate: insert into ft_participants (draft_order,fantasy_game_seq,player_id,preferred_team,team_name,seq) values (?,?,?,?,?,default)
    Hibernate: insert into ft_participants (draft_order,fantasy_game_seq,player_id,preferred_team,team_name,seq) values (?,?,?,?,?,default)
    Hibernate: insert into ft_participants (draft_order,fantasy_game_seq,player_id,preferred_team,team_name,seq) values (?,?,?,?,?,default)
    Hibernate: insert into ft_participants (draft_order,fantasy_game_seq,player_id,preferred_team,team_name,seq) values (?,?,?,?,?,default)
    Hibernate: insert into ft_participants (draft_order,fantasy_game_seq,player_id,preferred_team,team_name,seq) values (?,?,?,?,?,default)
    Hibernate: insert into ft_participants (draft_order,fantasy_game_seq,player_id,preferred_team,team_name,seq) values (?,?,?,?,?,default)
    Hibernate: insert into ft_participants (draft_order,fantasy_game_seq,player_id,preferred_team,team_name,seq) values (?,?,?,?,?,default)
    Hibernate: insert into ft_participants (draft_order,fantasy_game_seq,player_id,preferred_team,team_name,seq) values (?,?,?,?,?,default)
    Hibernate: insert into ft_participants (draft_order,fantasy_game_seq,player_id,preferred_team,team_name,seq) values (?,?,?,?,?,default)
    Hibernate: insert into ft_participants (draft_order,fantasy_game_seq,player_id,preferred_team,team_name,seq) values (?,?,?,?,?,default)
    Hibernate: insert into ft_participants (draft_order,fantasy_game_seq,player_id,preferred_team,team_name,seq) values (?,?,?,?,?,default)
    Hibernate: insert into ft_participants (draft_order,fantasy_game_seq,player_id,preferred_team,team_name,seq) values (?,?,?,?,?,default)
    Hibernate: insert into ft_participants (draft_order,fantasy_game_seq,player_id,preferred_team,team_name,seq) values (?,?,?,?,?,default)
    Hibernate: insert into ft_participants (draft_order,fantasy_game_seq,player_id,preferred_team,team_name,seq) values (?,?,?,?,?,default)
    Hibernate: insert into ft_participants (draft_order,fantasy_game_seq,player_id,preferred_team,team_name,seq) values (?,?,?,?,?,default)
    Hibernate: insert into ft_participants (draft_order,fantasy_game_seq,player_id,preferred_team,team_name,seq) values (?,?,?,?,?,default)
    Hibernate: insert into ft_participants (draft_order,fantasy_game_seq,player_id,preferred_team,team_name,seq) values (?,?,?,?,?,default)
    Hibernate: insert into ft_participants (draft_order,fantasy_game_seq,player_id,preferred_team,team_name,seq) values (?,?,?,?,?,default)
    Hibernate: insert into ft_participants (draft_order,fantasy_game_seq,player_id,preferred_team,team_name,seq) values (?,?,?,?,?,default)
    Hibernate: insert into ft_participants (draft_order,fantasy_game_seq,player_id,preferred_team,team_name,seq) values (?,?,?,?,?,default)
    Hibernate: insert into ft_participants (draft_order,fantasy_game_seq,player_id,preferred_team,team_name,seq) values (?,?,?,?,?,default)
    Hibernate: insert into ft_participants (draft_order,fantasy_game_seq,player_id,preferred_team,team_name,seq) values (?,?,?,?,?,default)
    Hibernate: insert into ft_participants (draft_order,fantasy_game_seq,player_id,preferred_team,team_name,seq) values (?,?,?,?,?,default)
    Hibernate: insert into ft_participants (draft_order,fantasy_game_seq,player_id,preferred_team,team_name,seq) values (?,?,?,?,?,default)
    Hibernate: insert into ft_participants (draft_order,fantasy_game_seq,player_id,preferred_team,team_name,seq) values (?,?,?,?,?,default)
    Hibernate: insert into ft_participants (draft_order,fantasy_game_seq,player_id,preferred_team,team_name,seq) values (?,?,?,?,?,default)
    Hibernate: insert into ft_participants (draft_order,fantasy_game_seq,player_id,preferred_team,team_name,seq) values (?,?,?,?,?,default)
    Hibernate: insert into ft_participants (draft_order,fantasy_game_seq,player_id,preferred_team,team_name,seq) values (?,?,?,?,?,default)
    Hibernate: insert into ft_participants (draft_order,fantasy_game_seq,player_id,preferred_team,team_name,seq) values (?,?,?,?,?,default)
    Hibernate: insert into ft_participants (draft_order,fantasy_game_seq,player_id,preferred_team,team_name,seq) values (?,?,?,?,?,default)
    Hibernate: insert into ft_participants (draft_order,fantasy_game_seq,player_id,preferred_team,team_name,seq) values (?,?,?,?,?,default)
    Hibernate: insert into ft_participants (draft_order,fantasy_game_seq,player_id,preferred_team,team_name,seq) values (?,?,?,?,?,default)
    Hibernate: insert into ft_participants (draft_order,fantasy_game_seq,player_id,preferred_team,team_name,seq) values (?,?,?,?,?,default)
    Hibernate: insert into ft_participants (draft_order,fantasy_game_seq,player_id,preferred_team,team_name,seq) values (?,?,?,?,?,default)
    Hibernate: insert into ft_participants (draft_order,fantasy_game_seq,player_id,preferred_team,team_name,seq) values (?,?,?,?,?,default)
    Hibernate: insert into ft_participants (draft_order,fantasy_game_seq,player_id,preferred_team,team_name,seq) values (?,?,?,?,?,default)
    Hibernate: insert into ft_participants (draft_order,fantasy_game_seq,player_id,preferred_team,team_name,seq) values (?,?,?,?,?,default)
    Hibernate: insert into ft_participants (draft_order,fantasy_game_seq,player_id,preferred_team,team_name,seq) values (?,?,?,?,?,default)
    Hibernate: insert into ft_participants (draft_order,fantasy_game_seq,player_id,preferred_team,team_name,seq) values (?,?,?,?,?,default)
    Hibernate: insert into ft_participants (draft_order,fantasy_game_seq,player_id,preferred_team,team_name,seq) values (?,?,?,?,?,default)
    Hibernate: insert into ft_participants (draft_order,fantasy_game_seq,player_id,preferred_team,team_name,seq) values (?,?,?,?,?,default)
    Hibernate: insert into ft_participants (draft_order,fantasy_game_seq,player_id,preferred_team,team_name,seq) values (?,?,?,?,?,default)
    Hibernate: insert into ft_participants (draft_order,fantasy_game_seq,player_id,preferred_team,team_name,seq) values (?,?,?,?,?,default)
    Hibernate: insert into ft_participants (draft_order,fantasy_game_seq,player_id,preferred_team,team_name,seq) values (?,?,?,?,?,default)
    Hibernate: insert into ft_participants (draft_order,fantasy_game_seq,player_id,preferred_team,team_name,seq) values (?,?,?,?,?,default)
    Hibernate: insert into ft_participants (draft_order,fantasy_game_seq,player_id,preferred_team,team_name,seq) values (?,?,?,?,?,default)
    Hibernate: insert into ft_participants (draft_order,fantasy_game_seq,player_id,preferred_team,team_name,seq) values (?,?,?,?,?,default)
    Hibernate: insert into ft_participants (draft_order,fantasy_game_seq,player_id,preferred_team,team_name,seq) values (?,?,?,?,?,default)
    Hibernate: insert into ft_participants (draft_order,fantasy_game_seq,player_id,preferred_team,team_name,seq) values (?,?,?,?,?,default)
    Hibernate: insert into ft_participants (draft_order,fantasy_game_seq,player_id,preferred_team,team_name,seq) values (?,?,?,?,?,default)
    Hibernate: insert into ft_participants (draft_order,fantasy_game_seq,player_id,preferred_team,team_name,seq) values (?,?,?,?,?,default)
    Hibernate: insert into ft_participants (draft_order,fantasy_game_seq,player_id,preferred_team,team_name,seq) values (?,?,?,?,?,default)
    Hibernate: insert into ft_participants (draft_order,fantasy_game_seq,player_id,preferred_team,team_name,seq) values (?,?,?,?,?,default)
    Hibernate: insert into ft_participants (draft_order,fantasy_game_seq,player_id,preferred_team,team_name,seq) values (?,?,?,?,?,default)
    Hibernate: insert into ft_participants (draft_order,fantasy_game_seq,player_id,preferred_team,team_name,seq) values (?,?,?,?,?,default)
    Hibernate: insert into ft_participants (draft_order,fantasy_game_seq,player_id,preferred_team,team_name,seq) values (?,?,?,?,?,default)
    Hibernate: insert into ft_participants (draft_order,fantasy_game_seq,player_id,preferred_team,team_name,seq) values (?,?,?,?,?,default)
    Hibernate: insert into ft_participants (draft_order,fantasy_game_seq,player_id,preferred_team,team_name,seq) values (?,?,?,?,?,default)
    Hibernate: insert into ft_participants (draft_order,fantasy_game_seq,player_id,preferred_team,team_name,seq) values (?,?,?,?,?,default)
    Hibernate: insert into ft_participants (draft_order,fantasy_game_seq,player_id,preferred_team,team_name,seq) values (?,?,?,?,?,default)
    Hibernate: insert into ft_participants (draft_order,fantasy_game_seq,player_id,preferred_team,team_name,seq) values (?,?,?,?,?,default)
    Hibernate: insert into ft_participants (draft_order,fantasy_game_seq,player_id,preferred_team,team_name,seq) values (?,?,?,?,?,default)
    Hibernate: insert into ft_participants (draft_order,fantasy_game_seq,player_id,preferred_team,team_name,seq) values (?,?,?,?,?,default)
    Hibernate: insert into ft_participants (draft_order,fantasy_game_seq,player_id,preferred_team,team_name,seq) values (?,?,?,?,?,default)
    Hibernate: insert into ft_participants (draft_order,fantasy_game_seq,player_id,preferred_team,team_name,seq) values (?,?,?,?,?,default)
    Hibernate: insert into ft_participants (draft_order,fantasy_game_seq,player_id,preferred_team,team_name,seq) values (?,?,?,?,?,default)
    Hibernate: insert into ft_participants (draft_order,fantasy_game_seq,player_id,preferred_team,team_name,seq) values (?,?,?,?,?,default)
    Hibernate: insert into ft_participants (draft_order,fantasy_game_seq,player_id,preferred_team,team_name,seq) values (?,?,?,?,?,default)
    Hibernate: insert into ft_participants (draft_order,fantasy_game_seq,player_id,preferred_team,team_name,seq) values (?,?,?,?,?,default)
    Hibernate: insert into ft_participants (draft_order,fantasy_game_seq,player_id,preferred_team,team_name,seq) values (?,?,?,?,?,default)
    Hibernate: insert into ft_participants (draft_order,fantasy_game_seq,player_id,preferred_team,team_name,seq) values (?,?,?,?,?,default)
    Hibernate: insert into ft_participants (draft_order,fantasy_game_seq,player_id,preferred_team,team_name,seq) values (?,?,?,?,?,default)
    Hibernate: insert into ft_participants (draft_order,fantasy_game_seq,player_id,preferred_team,team_name,seq) values (?,?,?,?,?,default)
    Hibernate: insert into ft_participants (draft_order,fantasy_game_seq,player_id,preferred_team,team_name,seq) values (?,?,?,?,?,default)
    Hibernate: insert into ft_participants (draft_order,fantasy_game_seq,player_id,preferred_team,team_name,seq) values (?,?,?,?,?,default)
    Hibernate: insert into ft_participants (draft_order,fantasy_game_seq,player_id,preferred_team,team_name,seq) values (?,?,?,?,?,default)
    Hibernate: insert into ft_participants (draft_order,fantasy_game_seq,player_id,preferred_team,team_name,seq) values (?,?,?,?,?,default)
    Hibernate: insert into ft_participants (draft_order,fantasy_game_seq,player_id,preferred_team,team_name,seq) values (?,?,?,?,?,default)
    Hibernate: insert into ft_participants (draft_order,fantasy_game_seq,player_id,preferred_team,team_name,seq) values (?,?,?,?,?,default)
    Hibernate: insert into ft_participants (draft_order,fantasy_game_seq,player_id,preferred_team,team_name,seq) values (?,?,?,?,?,default)
    Hibernate: insert into ft_participants (draft_order,fantasy_game_seq,player_id,preferred_team,team_name,seq) values (?,?,?,?,?,default)
    Hibernate: insert into ft_participants (draft_order,fantasy_game_seq,player_id,preferred_team,team_name,seq) values (?,?,?,?,?,default)
    Hibernate: insert into ft_participants (draft_order,fantasy_game_seq,player_id,preferred_team,team_name,seq) values (?,?,?,?,?,default)
    Hibernate: insert into ft_participants (draft_order,fantasy_game_seq,player_id,preferred_team,team_name,seq) values (?,?,?,?,?,default)
    Hibernate: insert into ft_participants (draft_order,fantasy_game_seq,player_id,preferred_team,team_name,seq) values (?,?,?,?,?,default)
    Hibernate: insert into ft_participants (draft_order,fantasy_game_seq,player_id,preferred_team,team_name,seq) values (?,?,?,?,?,default)
    Hibernate: insert into ft_participants (draft_order,fantasy_game_seq,player_id,preferred_team,team_name,seq) values (?,?,?,?,?,default)
    Hibernate: insert into ft_participants (draft_order,fantasy_game_seq,player_id,preferred_team,team_name,seq) values (?,?,?,?,?,default)
    Hibernate: insert into ft_participants (draft_order,fantasy_game_seq,player_id,preferred_team,team_name,seq) values (?,?,?,?,?,default)
    Hibernate: insert into ft_participants (draft_order,fantasy_game_seq,player_id,preferred_team,team_name,seq) values (?,?,?,?,?,default)
    Hibernate: insert into ft_participants (draft_order,fantasy_game_seq,player_id,preferred_team,team_name,seq) values (?,?,?,?,?,default)
    Hibernate: insert into ft_participants (draft_order,fantasy_game_seq,player_id,preferred_team,team_name,seq) values (?,?,?,?,?,default)
    Hibernate: insert into ft_participants (draft_order,fantasy_game_seq,player_id,preferred_team,team_name,seq) values (?,?,?,?,?,default)
    Hibernate: insert into ft_participants (draft_order,fantasy_game_seq,player_id,preferred_team,team_name,seq) values (?,?,?,?,?,default)
    Hibernate: insert into ft_participants (draft_order,fantasy_game_seq,player_id,preferred_team,team_name,seq) values (?,?,?,?,?,default)
    Hibernate: insert into ft_participants (draft_order,fantasy_game_seq,player_id,preferred_team,team_name,seq) values (?,?,?,?,?,default)
    Hibernate: insert into ft_participants (draft_order,fantasy_game_seq,player_id,preferred_team,team_name,seq) values (?,?,?,?,?,default)
    Hibernate: insert into ft_participants (draft_order,fantasy_game_seq,player_id,preferred_team,team_name,seq) values (?,?,?,?,?,default)
    Hibernate: insert into ft_participants (draft_order,fantasy_game_seq,player_id,preferred_team,team_name,seq) values (?,?,?,?,?,default)
    Hibernate: insert into ft_participants (draft_order,fantasy_game_seq,player_id,preferred_team,team_name,seq) values (?,?,?,?,?,default)
    Hibernate: insert into ft_participants (draft_order,fantasy_game_seq,player_id,preferred_team,team_name,seq) values (?,?,?,?,?,default)
    Hibernate: insert into ft_participants (draft_order,fantasy_game_seq,player_id,preferred_team,team_name,seq) values (?,?,?,?,?,default)
    Hibernate: insert into ft_participants (draft_order,fantasy_game_seq,player_id,preferred_team,team_name,seq) values (?,?,?,?,?,default)
    Hibernate: insert into ft_participants (draft_order,fantasy_game_seq,player_id,preferred_team,team_name,seq) values (?,?,?,?,?,default)
    Hibernate: insert into ft_participants (draft_order,fantasy_game_seq,player_id,preferred_team,team_name,seq) values (?,?,?,?,?,default)
    Hibernate: insert into ft_participants (draft_order,fantasy_game_seq,player_id,preferred_team,team_name,seq) values (?,?,?,?,?,default)
    Hibernate: insert into ft_participants (draft_order,fantasy_game_seq,player_id,preferred_team,team_name,seq) values (?,?,?,?,?,default)
    Hibernate: insert into ft_participants (draft_order,fantasy_game_seq,player_id,preferred_team,team_name,seq) values (?,?,?,?,?,default)
    Hibernate: insert into ft_participants (draft_order,fantasy_game_seq,player_id,preferred_team,team_name,seq) values (?,?,?,?,?,default)
    Hibernate: insert into ft_participants (draft_order,fantasy_game_seq,player_id,preferred_team,team_name,seq) values (?,?,?,?,?,default)
    Hibernate: insert into ft_participants (draft_order,fantasy_game_seq,player_id,preferred_team,team_name,seq) values (?,?,?,?,?,default)
    Hibernate: insert into ft_participants (draft_order,fantasy_game_seq,player_id,preferred_team,team_name,seq) values (?,?,?,?,?,default)
    Hibernate: insert into ft_participants (draft_order,fantasy_game_seq,player_id,preferred_team,team_name,seq) values (?,?,?,?,?,default)
    Hibernate: insert into ft_participants (draft_order,fantasy_game_seq,player_id,preferred_team,team_name,seq) values (?,?,?,?,?,default)
    Hibernate: insert into ft_participants (draft_order,fantasy_game_seq,player_id,preferred_team,team_name,seq) values (?,?,?,?,?,default)
    Hibernate: insert into ft_participants (draft_order,fantasy_game_seq,player_id,preferred_team,team_name,seq) values (?,?,?,?,?,default)
    Hibernate: insert into ft_participants (draft_order,fantasy_game_seq,player_id,preferred_team,team_name,seq) values (?,?,?,?,?,default)
    Hibernate: insert into ft_participants (draft_order,fantasy_game_seq,player_id,preferred_team,team_name,seq) values (?,?,?,?,?,default)
    Hibernate: insert into ft_participants (draft_order,fantasy_game_seq,player_id,preferred_team,team_name,seq) values (?,?,?,?,?,default)
    Hibernate: insert into ft_participants (draft_order,fantasy_game_seq,player_id,preferred_team,team_name,seq) values (?,?,?,?,?,default)
    Hibernate: insert into ft_participants (draft_order,fantasy_game_seq,player_id,preferred_team,team_name,seq) values (?,?,?,?,?,default)
    Hibernate: insert into ft_participants (draft_order,fantasy_game_seq,player_id,preferred_team,team_name,seq) values (?,?,?,?,?,default)
    Hibernate: insert into ft_participants (draft_order,fantasy_game_seq,player_id,preferred_team,team_name,seq) values (?,?,?,?,?,default)
    Hibernate: insert into ft_participants (draft_order,fantasy_game_seq,player_id,preferred_team,team_name,seq) values (?,?,?,?,?,default)
    Hibernate: insert into ft_participants (draft_order,fantasy_game_seq,player_id,preferred_team,team_name,seq) values (?,?,?,?,?,default)
    Hibernate: insert into ft_participants (draft_order,fantasy_game_seq,player_id,preferred_team,team_name,seq) values (?,?,?,?,?,default)
    Hibernate: insert into ft_participants (draft_order,fantasy_game_seq,player_id,preferred_team,team_name,seq) values (?,?,?,?,?,default)
    Hibernate: insert into ft_participants (draft_order,fantasy_game_seq,player_id,preferred_team,team_name,seq) values (?,?,?,?,?,default)
    Hibernate: insert into ft_participants (draft_order,fantasy_game_seq,player_id,preferred_team,team_name,seq) values (?,?,?,?,?,default)
    Hibernate: insert into ft_participants (draft_order,fantasy_game_seq,player_id,preferred_team,team_name,seq) values (?,?,?,?,?,default)
    Hibernate: insert into ft_participants (draft_order,fantasy_game_seq,player_id,preferred_team,team_name,seq) values (?,?,?,?,?,default)
    Hibernate: insert into ft_participants (draft_order,fantasy_game_seq,player_id,preferred_team,team_name,seq) values (?,?,?,?,?,default)
    Hibernate: insert into ft_participants (draft_order,fantasy_game_seq,player_id,preferred_team,team_name,seq) values (?,?,?,?,?,default)
    Hibernate: insert into ft_participants (draft_order,fantasy_game_seq,player_id,preferred_team,team_name,seq) values (?,?,?,?,?,default)
    Hibernate: insert into ft_participants (draft_order,fantasy_game_seq,player_id,preferred_team,team_name,seq) values (?,?,?,?,?,default)
    Hibernate: insert into ft_participants (draft_order,fantasy_game_seq,player_id,preferred_team,team_name,seq) values (?,?,?,?,?,default)
    Hibernate: insert into ft_participants (draft_order,fantasy_game_seq,player_id,preferred_team,team_name,seq) values (?,?,?,?,?,default)
    Hibernate: insert into ft_participants (draft_order,fantasy_game_seq,player_id,preferred_team,team_name,seq) values (?,?,?,?,?,default)
    Hibernate: insert into ft_participants (draft_order,fantasy_game_seq,player_id,preferred_team,team_name,seq) values (?,?,?,?,?,default)
    Hibernate: insert into ft_participants (draft_order,fantasy_game_seq,player_id,preferred_team,team_name,seq) values (?,?,?,?,?,default)
    Hibernate: insert into ft_participants (draft_order,fantasy_game_seq,player_id,preferred_team,team_name,seq) values (?,?,?,?,?,default)
    Hibernate: insert into ft_participants (draft_order,fantasy_game_seq,player_id,preferred_team,team_name,seq) values (?,?,?,?,?,default)
    Hibernate: insert into ft_participants (draft_order,fantasy_game_seq,player_id,preferred_team,team_name,seq) values (?,?,?,?,?,default)
    Hibernate: insert into ft_participants (draft_order,fantasy_game_seq,player_id,preferred_team,team_name,seq) values (?,?,?,?,?,default)
    Hibernate: insert into ft_participants (draft_order,fantasy_game_seq,player_id,preferred_team,team_name,seq) values (?,?,?,?,?,default)
    Hibernate: insert into ft_participants (draft_order,fantasy_game_seq,player_id,preferred_team,team_name,seq) values (?,?,?,?,?,default)
    Hibernate: insert into ft_participants (draft_order,fantasy_game_seq,player_id,preferred_team,team_name,seq) values (?,?,?,?,?,default)
    Hibernate: insert into ft_participants (draft_order,fantasy_game_seq,player_id,preferred_team,team_name,seq) values (?,?,?,?,?,default)
    Hibernate: insert into ft_participants (draft_order,fantasy_game_seq,player_id,preferred_team,team_name,seq) values (?,?,?,?,?,default)
    Hibernate: insert into ft_participants (draft_order,fantasy_game_seq,player_id,preferred_team,team_name,seq) values (?,?,?,?,?,default)
    Hibernate: insert into ft_participants (draft_order,fantasy_game_seq,player_id,preferred_team,team_name,seq) values (?,?,?,?,?,default)
    Hibernate: insert into ft_participants (draft_order,fantasy_game_seq,player_id,preferred_team,team_name,seq) values (?,?,?,?,?,default)
    Hibernate: insert into ft_participants (draft_order,fantasy_game_seq,player_id,preferred_team,team_name,seq) values (?,?,?,?,?,default)
    Hibernate: insert into ft_participants (draft_order,fantasy_game_seq,player_id,preferred_team,team_name,seq) values (?,?,?,?,?,default)
    Hibernate: insert into ft_participants (draft_order,fantasy_game_seq,player_id,preferred_team,team_name,seq) values (?,?,?,?,?,default)
    Hibernate: insert into ft_participants (draft_order,fantasy_game_seq,player_id,preferred_team,team_name,seq) values (?,?,?,?,?,default)
    Hibernate: insert into ft_participants (draft_order,fantasy_game_seq,player_id,preferred_team,team_name,seq) values (?,?,?,?,?,default)
    Hibernate: insert into ft_participants (draft_order,fantasy_game_seq,player_id,preferred_team,team_name,seq) values (?,?,?,?,?,default)
    Hibernate: insert into ft_participants (draft_order,fantasy_game_seq,player_id,preferred_team,team_name,seq) values (?,?,?,?,?,default)
    Hibernate: insert into ft_participants (draft_order,fantasy_game_seq,player_id,preferred_team,team_name,seq) values (?,?,?,?,?,default)
    Hibernate: insert into ft_participants (draft_order,fantasy_game_seq,player_id,preferred_team,team_name,seq) values (?,?,?,?,?,default)
    Hibernate: insert into ft_participants (draft_order,fantasy_game_seq,player_id,preferred_team,team_name,seq) values (?,?,?,?,?,default)
    Hibernate: insert into ft_participants (draft_order,fantasy_game_seq,player_id,preferred_team,team_name,seq) values (?,?,?,?,?,default)
    Hibernate: insert into ft_participants (draft_order,fantasy_game_seq,player_id,preferred_team,team_name,seq) values (?,?,?,?,?,default)
    Hibernate: insert into ft_participants (draft_order,fantasy_game_seq,player_id,preferred_team,team_name,seq) values (?,?,?,?,?,default)
    Hibernate: insert into ft_participants (draft_order,fantasy_game_seq,player_id,preferred_team,team_name,seq) values (?,?,?,?,?,default)
    Hibernate: insert into ft_participants (draft_order,fantasy_game_seq,player_id,preferred_team,team_name,seq) values (?,?,?,?,?,default)
    Hibernate: insert into ft_participants (draft_order,fantasy_game_seq,player_id,preferred_team,team_name,seq) values (?,?,?,?,?,default)
    Hibernate: insert into ft_participants (draft_order,fantasy_game_seq,player_id,preferred_team,team_name,seq) values (?,?,?,?,?,default)
    Hibernate: insert into ft_participants (draft_order,fantasy_game_seq,player_id,preferred_team,team_name,seq) values (?,?,?,?,?,default)
    Hibernate: insert into ft_participants (draft_order,fantasy_game_seq,player_id,preferred_team,team_name,seq) values (?,?,?,?,?,default)
    Hibernate: insert into ft_participants (draft_order,fantasy_game_seq,player_id,preferred_team,team_name,seq) values (?,?,?,?,?,default)
    Hibernate: insert into ft_participants (draft_order,fantasy_game_seq,player_id,preferred_team,team_name,seq) values (?,?,?,?,?,default)
    Hibernate: insert into ft_participants (draft_order,fantasy_game_seq,player_id,preferred_team,team_name,seq) values (?,?,?,?,?,default)
    Hibernate: insert into ft_participants (draft_order,fantasy_game_seq,player_id,preferred_team,team_name,seq) values (?,?,?,?,?,default)
    Hibernate: insert into ft_participants (draft_order,fantasy_game_seq,player_id,preferred_team,team_name,seq) values (?,?,?,?,?,default)
    Hibernate: insert into ft_participants (draft_order,fantasy_game_seq,player_id,preferred_team,team_name,seq) values (?,?,?,?,?,default)
    Hibernate: insert into ft_participants (draft_order,fantasy_game_seq,player_id,preferred_team,team_name,seq) values (?,?,?,?,?,default)
    Hibernate: insert into ft_participants (draft_order,fantasy_game_seq,player_id,preferred_team,team_name,seq) values (?,?,?,?,?,default)
    Hibernate: insert into ft_participants (draft_order,fantasy_game_seq,player_id,preferred_team,team_name,seq) values (?,?,?,?,?,default)
    Hibernate: insert into ft_participants (draft_order,fantasy_game_seq,player_id,preferred_team,team_name,seq) values (?,?,?,?,?,default)
    Hibernate: insert into ft_participants (draft_order,fantasy_game_seq,player_id,preferred_team,team_name,seq) values (?,?,?,?,?,default)
    Hibernate: insert into ft_participants (draft_order,fantasy_game_seq,player_id,preferred_team,team_name,seq) values (?,?,?,?,?,default)
    Hibernate: insert into ft_participants (draft_order,fantasy_game_seq,player_id,preferred_team,team_name,seq) values (?,?,?,?,?,default)
    Hibernate: insert into ft_participants (draft_order,fantasy_game_seq,player_id,preferred_team,team_name,seq) values (?,?,?,?,?,default)
    Hibernate: insert into ft_participants (draft_order,fantasy_game_seq,player_id,preferred_team,team_name,seq) values (?,?,?,?,?,default)
    Hibernate: insert into ft_participants (draft_order,fantasy_game_seq,player_id,preferred_team,team_name,seq) values (?,?,?,?,?,default)
    Hibernate: insert into ft_participants (draft_order,fantasy_game_seq,player_id,preferred_team,team_name,seq) values (?,?,?,?,?,default)
    Hibernate: insert into ft_participants (draft_order,fantasy_game_seq,player_id,preferred_team,team_name,seq) values (?,?,?,?,?,default)
    Hibernate: insert into ft_participants (draft_order,fantasy_game_seq,player_id,preferred_team,team_name,seq) values (?,?,?,?,?,default)
    Hibernate: insert into ft_participants (draft_order,fantasy_game_seq,player_id,preferred_team,team_name,seq) values (?,?,?,?,?,default)
    Hibernate: insert into ft_participants (draft_order,fantasy_game_seq,player_id,preferred_team,team_name,seq) values (?,?,?,?,?,default)
    Hibernate: insert into ft_participants (draft_order,fantasy_game_seq,player_id,preferred_team,team_name,seq) values (?,?,?,?,?,default)
    Hibernate: insert into ft_participants (draft_order,fantasy_game_seq,player_id,preferred_team,team_name,seq) values (?,?,?,?,?,default)
    Hibernate: insert into ft_participants (draft_order,fantasy_game_seq,player_id,preferred_team,team_name,seq) values (?,?,?,?,?,default)
    Hibernate: insert into ft_participants (draft_order,fantasy_game_seq,player_id,preferred_team,team_name,seq) values (?,?,?,?,?,default)
    Hibernate: insert into ft_participants (draft_order,fantasy_game_seq,player_id,preferred_team,team_name,seq) values (?,?,?,?,?,default)
    Hibernate: insert into ft_participants (draft_order,fantasy_game_seq,player_id,preferred_team,team_name,seq) values (?,?,?,?,?,default)
    Hibernate: insert into ft_participants (draft_order,fantasy_game_seq,player_id,preferred_team,team_name,seq) values (?,?,?,?,?,default)
    Hibernate: insert into ft_participants (draft_order,fantasy_game_seq,player_id,preferred_team,team_name,seq) values (?,?,?,?,?,default)
    Hibernate: insert into ft_participants (draft_order,fantasy_game_seq,player_id,preferred_team,team_name,seq) values (?,?,?,?,?,default)
    Hibernate: insert into ft_participants (draft_order,fantasy_game_seq,player_id,preferred_team,team_name,seq) values (?,?,?,?,?,default)
    Hibernate: insert into ft_participants (draft_order,fantasy_game_seq,player_id,preferred_team,team_name,seq) values (?,?,?,?,?,default)
    Hibernate: insert into ft_participants (draft_order,fantasy_game_seq,player_id,preferred_team,team_name,seq) values (?,?,?,?,?,default)
    Hibernate: insert into ft_participants (draft_order,fantasy_game_seq,player_id,preferred_team,team_name,seq) values (?,?,?,?,?,default)
    Hibernate: insert into ft_participants (draft_order,fantasy_game_seq,player_id,preferred_team,team_name,seq) values (?,?,?,?,?,default)
    Hibernate: insert into ft_participants (draft_order,fantasy_game_seq,player_id,preferred_team,team_name,seq) values (?,?,?,?,?,default)
    Hibernate: insert into ft_participants (draft_order,fantasy_game_seq,player_id,preferred_team,team_name,seq) values (?,?,?,?,?,default)
    Hibernate: insert into ft_participants (draft_order,fantasy_game_seq,player_id,preferred_team,team_name,seq) values (?,?,?,?,?,default)
    Hibernate: insert into ft_participants (draft_order,fantasy_game_seq,player_id,preferred_team,team_name,seq) values (?,?,?,?,?,default)
    Hibernate: insert into ft_participants (draft_order,fantasy_game_seq,player_id,preferred_team,team_name,seq) values (?,?,?,?,?,default)
    Hibernate: insert into ft_participants (draft_order,fantasy_game_seq,player_id,preferred_team,team_name,seq) values (?,?,?,?,?,default)
    Hibernate: insert into ft_participants (draft_order,fantasy_game_seq,player_id,preferred_team,team_name,seq) values (?,?,?,?,?,default)
    Hibernate: insert into ft_participants (draft_order,fantasy_game_seq,player_id,preferred_team,team_name,seq) values (?,?,?,?,?,default)
    Hibernate: insert into ft_participants (draft_order,fantasy_game_seq,player_id,preferred_team,team_name,seq) values (?,?,?,?,?,default)
    Hibernate: insert into ft_participants (draft_order,fantasy_game_seq,player_id,preferred_team,team_name,seq) values (?,?,?,?,?,default)
    Hibernate: insert into ft_participants (draft_order,fantasy_game_seq,player_id,preferred_team,team_name,seq) values (?,?,?,?,?,default)
    Hibernate: insert into ft_participants (draft_order,fantasy_game_seq,player_id,preferred_team,team_name,seq) values (?,?,?,?,?,default)
    Hibernate: insert into ft_participants (draft_order,fantasy_game_seq,player_id,preferred_team,team_name,seq) values (?,?,?,?,?,default)
    Hibernate: insert into ft_participants (draft_order,fantasy_game_seq,player_id,preferred_team,team_name,seq) values (?,?,?,?,?,default)
    Hibernate: insert into ft_participants (draft_order,fantasy_game_seq,player_id,preferred_team,team_name,seq) values (?,?,?,?,?,default)
    Hibernate: insert into ft_participants (draft_order,fantasy_game_seq,player_id,preferred_team,team_name,seq) values (?,?,?,?,?,default)
    Hibernate: insert into ft_participants (draft_order,fantasy_game_seq,player_id,preferred_team,team_name,seq) values (?,?,?,?,?,default)
    Hibernate: insert into ft_participants (draft_order,fantasy_game_seq,player_id,preferred_team,team_name,seq) values (?,?,?,?,?,default)
    Hibernate: insert into ft_participants (draft_order,fantasy_game_seq,player_id,preferred_team,team_name,seq) values (?,?,?,?,?,default)
    Hibernate: insert into ft_participants (draft_order,fantasy_game_seq,player_id,preferred_team,team_name,seq) values (?,?,?,?,?,default)
    Hibernate: insert into ft_participants (draft_order,fantasy_game_seq,player_id,preferred_team,team_name,seq) values (?,?,?,?,?,default)
    Hibernate: insert into ft_participants (draft_order,fantasy_game_seq,player_id,preferred_team,team_name,seq) values (?,?,?,?,?,default)
    Hibernate: insert into ft_participants (draft_order,fantasy_game_seq,player_id,preferred_team,team_name,seq) values (?,?,?,?,?,default)
    Hibernate: insert into ft_participants (draft_order,fantasy_game_seq,player_id,preferred_team,team_name,seq) values (?,?,?,?,?,default)
    Hibernate: insert into ft_participants (draft_order,fantasy_game_seq,player_id,preferred_team,team_name,seq) values (?,?,?,?,?,default)
    Hibernate: insert into ft_participants (draft_order,fantasy_game_seq,player_id,preferred_team,team_name,seq) values (?,?,?,?,?,default)
    Hibernate: insert into ft_participants (draft_order,fantasy_game_seq,player_id,preferred_team,team_name,seq) values (?,?,?,?,?,default)
    Hibernate: insert into ft_participants (draft_order,fantasy_game_seq,player_id,preferred_team,team_name,seq) values (?,?,?,?,?,default)
    Hibernate: insert into ft_participants (draft_order,fantasy_game_seq,player_id,preferred_team,team_name,seq) values (?,?,?,?,?,default)
    Hibernate: insert into ft_participants (draft_order,fantasy_game_seq,player_id,preferred_team,team_name,seq) values (?,?,?,?,?,default)
    Hibernate: insert into ft_participants (draft_order,fantasy_game_seq,player_id,preferred_team,team_name,seq) values (?,?,?,?,?,default)
    Hibernate: insert into ft_participants (draft_order,fantasy_game_seq,player_id,preferred_team,team_name,seq) values (?,?,?,?,?,default)
    Hibernate: insert into ft_participants (draft_order,fantasy_game_seq,player_id,preferred_team,team_name,seq) values (?,?,?,?,?,default)
    Hibernate: insert into ft_participants (draft_order,fantasy_game_seq,player_id,preferred_team,team_name,seq) values (?,?,?,?,?,default)
    Hibernate: insert into ft_participants (draft_order,fantasy_game_seq,player_id,preferred_team,team_name,seq) values (?,?,?,?,?,default)
    Hibernate: insert into ft_participants (draft_order,fantasy_game_seq,player_id,preferred_team,team_name,seq) values (?,?,?,?,?,default)
    Hibernate: insert into ft_participants (draft_order,fantasy_game_seq,player_id,preferred_team,team_name,seq) values (?,?,?,?,?,default)
    Hibernate: insert into ft_participants (draft_order,fantasy_game_seq,player_id,preferred_team,team_name,seq) values (?,?,?,?,?,default)
    Hibernate: insert into ft_participants (draft_order,fantasy_game_seq,player_id,preferred_team,team_name,seq) values (?,?,?,?,?,default)
    Hibernate: insert into ft_participants (draft_order,fantasy_game_seq,player_id,preferred_team,team_name,seq) values (?,?,?,?,?,default)
    Hibernate: insert into ft_participants (draft_order,fantasy_game_seq,player_id,preferred_team,team_name,seq) values (?,?,?,?,?,default)
    Hibernate: insert into ft_participants (draft_order,fantasy_game_seq,player_id,preferred_team,team_name,seq) values (?,?,?,?,?,default)
    Hibernate: insert into ft_participants (draft_order,fantasy_game_seq,player_id,preferred_team,team_name,seq) values (?,?,?,?,?,default)
    Hibernate: insert into ft_participants (draft_order,fantasy_game_seq,player_id,preferred_team,team_name,seq) values (?,?,?,?,?,default)
    Hibernate: insert into ft_participants (draft_order,fantasy_game_seq,player_id,preferred_team,team_name,seq) values (?,?,?,?,?,default)
    Hibernate: insert into ft_participants (draft_order,fantasy_game_seq,player_id,preferred_team,team_name,seq) values (?,?,?,?,?,default)
    Hibernate: insert into ft_participants (draft_order,fantasy_game_seq,player_id,preferred_team,team_name,seq) values (?,?,?,?,?,default)
    Hibernate: insert into ft_participants (draft_order,fantasy_game_seq,player_id,preferred_team,team_name,seq) values (?,?,?,?,?,default)
    Hibernate: insert into ft_participants (draft_order,fantasy_game_seq,player_id,preferred_team,team_name,seq) values (?,?,?,?,?,default)
    Hibernate: insert into ft_participants (draft_order,fantasy_game_seq,player_id,preferred_team,team_name,seq) values (?,?,?,?,?,default)
    Hibernate: insert into ft_participants (draft_order,fantasy_game_seq,player_id,preferred_team,team_name,seq) values (?,?,?,?,?,default)
    Hibernate: insert into ft_participants (draft_order,fantasy_game_seq,player_id,preferred_team,team_name,seq) values (?,?,?,?,?,default)
    Hibernate: insert into ft_participants (draft_order,fantasy_game_seq,player_id,preferred_team,team_name,seq) values (?,?,?,?,?,default)
    Hibernate: insert into ft_participants (draft_order,fantasy_game_seq,player_id,preferred_team,team_name,seq) values (?,?,?,?,?,default)
    Hibernate: insert into ft_participants (draft_order,fantasy_game_seq,player_id,preferred_team,team_name,seq) values (?,?,?,?,?,default)
    Hibernate: insert into ft_participants (draft_order,fantasy_game_seq,player_id,preferred_team,team_name,seq) values (?,?,?,?,?,default)
    Hibernate: insert into ft_participants (draft_order,fantasy_game_seq,player_id,preferred_team,team_name,seq) values (?,?,?,?,?,default)
    Hibernate: insert into ft_participants (draft_order,fantasy_game_seq,player_id,preferred_team,team_name,seq) values (?,?,?,?,?,default)
    Hibernate: insert into ft_participants (draft_order,fantasy_game_seq,player_id,preferred_team,team_name,seq) values (?,?,?,?,?,default)
    Hibernate: insert into ft_participants (draft_order,fantasy_game_seq,player_id,preferred_team,team_name,seq) values (?,?,?,?,?,default)
    Hibernate: insert into ft_participants (draft_order,fantasy_game_seq,player_id,preferred_team,team_name,seq) values (?,?,?,?,?,default)
    Hibernate: insert into ft_participants (draft_order,fantasy_game_seq,player_id,preferred_team,team_name,seq) values (?,?,?,?,?,default)
    Hibernate: insert into ft_participants (draft_order,fantasy_game_seq,player_id,preferred_team,team_name,seq) values (?,?,?,?,?,default)
    Hibernate: insert into ft_participants (draft_order,fantasy_game_seq,player_id,preferred_team,team_name,seq) values (?,?,?,?,?,default)
    Hibernate: insert into ft_participants (draft_order,fantasy_game_seq,player_id,preferred_team,team_name,seq) values (?,?,?,?,?,default)
    Hibernate: insert into ft_participants (draft_order,fantasy_game_seq,player_id,preferred_team,team_name,seq) values (?,?,?,?,?,default)
    Hibernate: insert into ft_participants (draft_order,fantasy_game_seq,player_id,preferred_team,team_name,seq) values (?,?,?,?,?,default)
    Hibernate: insert into ft_participants (draft_order,fantasy_game_seq,player_id,preferred_team,team_name,seq) values (?,?,?,?,?,default)
    Hibernate: insert into ft_participants (draft_order,fantasy_game_seq,player_id,preferred_team,team_name,seq) values (?,?,?,?,?,default)
    Hibernate: insert into ft_participants (draft_order,fantasy_game_seq,player_id,preferred_team,team_name,seq) values (?,?,?,?,?,default)
    Hibernate: insert into ft_participants (draft_order,fantasy_game_seq,player_id,preferred_team,team_name,seq) values (?,?,?,?,?,default)
    Hibernate: insert into ft_participants (draft_order,fantasy_game_seq,player_id,preferred_team,team_name,seq) values (?,?,?,?,?,default)
    Hibernate: insert into ft_participants (draft_order,fantasy_game_seq,player_id,preferred_team,team_name,seq) values (?,?,?,?,?,default)
    Hibernate: insert into ft_participants (draft_order,fantasy_game_seq,player_id,preferred_team,team_name,seq) values (?,?,?,?,?,default)
    Hibernate: insert into ft_participants (draft_order,fantasy_game_seq,player_id,preferred_team,team_name,seq) values (?,?,?,?,?,default)
    Hibernate: insert into ft_participants (draft_order,fantasy_game_seq,player_id,preferred_team,team_name,seq) values (?,?,?,?,?,default)
    Hibernate: insert into ft_participants (draft_order,fantasy_game_seq,player_id,preferred_team,team_name,seq) values (?,?,?,?,?,default)
    Hibernate: insert into ft_participants (draft_order,fantasy_game_seq,player_id,preferred_team,team_name,seq) values (?,?,?,?,?,default)
    Hibernate: insert into ft_participants (draft_order,fantasy_game_seq,player_id,preferred_team,team_name,seq) values (?,?,?,?,?,default)
    Hibernate: insert into ft_participants (draft_order,fantasy_game_seq,player_id,preferred_team,team_name,seq) values (?,?,?,?,?,default)
    Hibernate: insert into ft_participants (draft_order,fantasy_game_seq,player_id,preferred_team,team_name,seq) values (?,?,?,?,?,default)
    Hibernate: insert into ft_participants (draft_order,fantasy_game_seq,player_id,preferred_team,team_name,seq) values (?,?,?,?,?,default)
    Hibernate: insert into ft_participants (draft_order,fantasy_game_seq,player_id,preferred_team,team_name,seq) values (?,?,?,?,?,default)
    Hibernate: insert into ft_participants (draft_order,fantasy_game_seq,player_id,preferred_team,team_name,seq) values (?,?,?,?,?,default)
    Hibernate: insert into ft_participants (draft_order,fantasy_game_seq,player_id,preferred_team,team_name,seq) values (?,?,?,?,?,default)
    Hibernate: insert into ft_participants (draft_order,fantasy_game_seq,player_id,preferred_team,team_name,seq) values (?,?,?,?,?,default)
    Hibernate: insert into ft_participants (draft_order,fantasy_game_seq,player_id,preferred_team,team_name,seq) values (?,?,?,?,?,default)
    Hibernate: insert into ft_participants (draft_order,fantasy_game_seq,player_id,preferred_team,team_name,seq) values (?,?,?,?,?,default)
    Hibernate: insert into ft_participants (draft_order,fantasy_game_seq,player_id,preferred_team,team_name,seq) values (?,?,?,?,?,default)
    Hibernate: insert into ft_participants (draft_order,fantasy_game_seq,player_id,preferred_team,team_name,seq) values (?,?,?,?,?,default)
    Hibernate: insert into ft_participants (draft_order,fantasy_game_seq,player_id,preferred_team,team_name,seq) values (?,?,?,?,?,default)
    Hibernate: insert into ft_participants (draft_order,fantasy_game_seq,player_id,preferred_team,team_name,seq) values (?,?,?,?,?,default)
    Hibernate: insert into ft_participants (draft_order,fantasy_game_seq,player_id,preferred_team,team_name,seq) values (?,?,?,?,?,default)
    Hibernate: insert into ft_participants (draft_order,fantasy_game_seq,player_id,preferred_team,team_name,seq) values (?,?,?,?,?,default)
    Hibernate: insert into ft_participants (draft_order,fantasy_game_seq,player_id,preferred_team,team_name,seq) values (?,?,?,?,?,default)
    Hibernate: insert into ft_participants (draft_order,fantasy_game_seq,player_id,preferred_team,team_name,seq) values (?,?,?,?,?,default)
    Hibernate: insert into ft_participants (draft_order,fantasy_game_seq,player_id,preferred_team,team_name,seq) values (?,?,?,?,?,default)
    Hibernate: insert into ft_participants (draft_order,fantasy_game_seq,player_id,preferred_team,team_name,seq) values (?,?,?,?,?,default)
    Hibernate: insert into ft_participants (draft_order,fantasy_game_seq,player_id,preferred_team,team_name,seq) values (?,?,?,?,?,default)
    Hibernate: insert into ft_participants (draft_order,fantasy_game_seq,player_id,preferred_team,team_name,seq) values (?,?,?,?,?,default)
    Hibernate: insert into ft_participants (draft_order,fantasy_game_seq,player_id,preferred_team,team_name,seq) values (?,?,?,?,?,default)
    Hibernate: insert into ft_participants (draft_order,fantasy_game_seq,player_id,preferred_team,team_name,seq) values (?,?,?,?,?,default)
    Hibernate: insert into ft_participants (draft_order,fantasy_game_seq,player_id,preferred_team,team_name,seq) values (?,?,?,?,?,default)
    Hibernate: insert into ft_participants (draft_order,fantasy_game_seq,player_id,preferred_team,team_name,seq) values (?,?,?,?,?,default)
    Hibernate: insert into ft_participants (draft_order,fantasy_game_seq,player_id,preferred_team,team_name,seq) values (?,?,?,?,?,default)
    Hibernate: insert into ft_participants (draft_order,fantasy_game_seq,player_id,preferred_team,team_name,seq) values (?,?,?,?,?,default)
    Hibernate: insert into ft_participants (draft_order,fantasy_game_seq,player_id,preferred_team,team_name,seq) values (?,?,?,?,?,default)
    Hibernate: insert into ft_participants (draft_order,fantasy_game_seq,player_id,preferred_team,team_name,seq) values (?,?,?,?,?,default)
    Hibernate: insert into ft_participants (draft_order,fantasy_game_seq,player_id,preferred_team,team_name,seq) values (?,?,?,?,?,default)
    Hibernate: insert into ft_participants (draft_order,fantasy_game_seq,player_id,preferred_team,team_name,seq) values (?,?,?,?,?,default)
    Hibernate: insert into ft_participants (draft_order,fantasy_game_seq,player_id,preferred_team,team_name,seq) values (?,?,?,?,?,default)
    Hibernate: insert into ft_participants (draft_order,fantasy_game_seq,player_id,preferred_team,team_name,seq) values (?,?,?,?,?,default)
    Hibernate: insert into ft_participants (draft_order,fantasy_game_seq,player_id,preferred_team,team_name,seq) values (?,?,?,?,?,default)
    Hibernate: insert into ft_participants (draft_order,fantasy_game_seq,player_id,preferred_team,team_name,seq) values (?,?,?,?,?,default)
    Hibernate: insert into ft_participants (draft_order,fantasy_game_seq,player_id,preferred_team,team_name,seq) values (?,?,?,?,?,default)
    Hibernate: insert into ft_participants (draft_order,fantasy_game_seq,player_id,preferred_team,team_name,seq) values (?,?,?,?,?,default)
    Hibernate: insert into ft_participants (draft_order,fantasy_game_seq,player_id,preferred_team,team_name,seq) values (?,?,?,?,?,default)
    Hibernate: insert into ft_participants (draft_order,fantasy_game_seq,player_id,preferred_team,team_name,seq) values (?,?,?,?,?,default)
    Hibernate: insert into ft_participants (draft_order,fantasy_game_seq,player_id,preferred_team,team_name,seq) values (?,?,?,?,?,default)
    Hibernate: insert into ft_participants (draft_order,fantasy_game_seq,player_id,preferred_team,team_name,seq) values (?,?,?,?,?,default)
    Hibernate: insert into ft_participants (draft_order,fantasy_game_seq,player_id,preferred_team,team_name,seq) values (?,?,?,?,?,default)
    Hibernate: insert into ft_participants (draft_order,fantasy_game_seq,player_id,preferred_team,team_name,seq) values (?,?,?,?,?,default)
    Hibernate: insert into ft_participants (draft_order,fantasy_game_seq,player_id,preferred_team,team_name,seq) values (?,?,?,?,?,default)
    Hibernate: insert into ft_participants (draft_order,fantasy_game_seq,player_id,preferred_team,team_name,seq) values (?,?,?,?,?,default)
    Hibernate: insert into ft_participants (draft_order,fantasy_game_seq,player_id,preferred_team,team_name,seq) values (?,?,?,?,?,default)
    Hibernate: insert into ft_participants (draft_order,fantasy_game_seq,player_id,preferred_team,team_name,seq) values (?,?,?,?,?,default)
    Hibernate: insert into ft_participants (draft_order,fantasy_game_seq,player_id,preferred_team,team_name,seq) values (?,?,?,?,?,default)
    Hibernate: insert into ft_participants (draft_order,fantasy_game_seq,player_id,preferred_team,team_name,seq) values (?,?,?,?,?,default)
    Hibernate: insert into ft_participants (draft_order,fantasy_game_seq,player_id,preferred_team,team_name,seq) values (?,?,?,?,?,default)
    Hibernate: insert into ft_participants (draft_order,fantasy_game_seq,player_id,preferred_team,team_name,seq) values (?,?,?,?,?,default)
    Hibernate: insert into ft_participants (draft_order,fantasy_game_seq,player_id,preferred_team,team_name,seq) values (?,?,?,?,?,default)
    Hibernate: insert into ft_participants (draft_order,fantasy_game_seq,player_id,preferred_team,team_name,seq) values (?,?,?,?,?,default)
    Hibernate: insert into ft_participants (draft_order,fantasy_game_seq,player_id,preferred_team,team_name,seq) values (?,?,?,?,?,default)
    Hibernate: insert into ft_participants (draft_order,fantasy_game_seq,player_id,preferred_team,team_name,seq) values (?,?,?,?,?,default)
    Hibernate: insert into ft_participants (draft_order,fantasy_game_seq,player_id,preferred_team,team_name,seq) values (?,?,?,?,?,default)
    Hibernate: insert into ft_participants (draft_order,fantasy_game_seq,player_id,preferred_team,team_name,seq) values (?,?,?,?,?,default)
    Hibernate: insert into ft_participants (draft_order,fantasy_game_seq,player_id,preferred_team,team_name,seq) values (?,?,?,?,?,default)
    Hibernate: insert into ft_participants (draft_order,fantasy_game_seq,player_id,preferred_team,team_name,seq) values (?,?,?,?,?,default)
    Hibernate: insert into ft_participants (draft_order,fantasy_game_seq,player_id,preferred_team,team_name,seq) values (?,?,?,?,?,default)
    Hibernate: insert into ft_participants (draft_order,fantasy_game_seq,player_id,preferred_team,team_name,seq) values (?,?,?,?,?,default)
    Hibernate: insert into ft_participants (draft_order,fantasy_game_seq,player_id,preferred_team,team_name,seq) values (?,?,?,?,?,default)
    Hibernate: insert into ft_participants (draft_order,fantasy_game_seq,player_id,preferred_team,team_name,seq) values (?,?,?,?,?,default)
    Hibernate: insert into ft_participants (draft_order,fantasy_game_seq,player_id,preferred_team,team_name,seq) values (?,?,?,?,?,default)
    Hibernate: insert into ft_participants (draft_order,fantasy_game_seq,player_id,preferred_team,team_name,seq) values (?,?,?,?,?,default)
    Hibernate: insert into ft_participants (draft_order,fantasy_game_seq,player_id,preferred_team,team_name,seq) values (?,?,?,?,?,default)
    Hibernate: insert into ft_participants (draft_order,fantasy_game_seq,player_id,preferred_team,team_name,seq) values (?,?,?,?,?,default)
    Hibernate: insert into ft_participants (draft_order,fantasy_game_seq,player_id,preferred_team,team_name,seq) values (?,?,?,?,?,default)
    Hibernate: insert into ft_participants (draft_order,fantasy_game_seq,player_id,preferred_team,team_name,seq) values (?,?,?,?,?,default)
    Hibernate: insert into ft_participants (draft_order,fantasy_game_seq,player_id,preferred_team,team_name,seq) values (?,?,?,?,?,default)
    Hibernate: insert into ft_participants (draft_order,fantasy_game_seq,player_id,preferred_team,team_name,seq) values (?,?,?,?,?,default)
    Hibernate: insert into ft_participants (draft_order,fantasy_game_seq,player_id,preferred_team,team_name,seq) values (?,?,?,?,?,default)
    Hibernate: insert into ft_participants (draft_order,fantasy_game_seq,player_id,preferred_team,team_name,seq) values (?,?,?,?,?,default)
    Hibernate: insert into ft_participants (draft_order,fantasy_game_seq,player_id,preferred_team,team_name,seq) values (?,?,?,?,?,default)
    Hibernate: insert into ft_participants (draft_order,fantasy_game_seq,player_id,preferred_team,team_name,seq) values (?,?,?,?,?,default)
    Hibernate: insert into ft_participants (draft_order,fantasy_game_seq,player_id,preferred_team,team_name,seq) values (?,?,?,?,?,default)
    Hibernate: insert into ft_participants (draft_order,fantasy_game_seq,player_id,preferred_team,team_name,seq) values (?,?,?,?,?,default)
    Hibernate: insert into ft_participants (draft_order,fantasy_game_seq,player_id,preferred_team,team_name,seq) values (?,?,?,?,?,default)
    Hibernate: insert into ft_participants (draft_order,fantasy_game_seq,player_id,preferred_team,team_name,seq) values (?,?,?,?,?,default)
    Hibernate: insert into ft_participants (draft_order,fantasy_game_seq,player_id,preferred_team,team_name,seq) values (?,?,?,?,?,default)
    Hibernate: insert into ft_participants (draft_order,fantasy_game_seq,player_id,preferred_team,team_name,seq) values (?,?,?,?,?,default)
    Hibernate: insert into ft_participants (draft_order,fantasy_game_seq,player_id,preferred_team,team_name,seq) values (?,?,?,?,?,default)
    Hibernate: insert into ft_participants (draft_order,fantasy_game_seq,player_id,preferred_team,team_name,seq) values (?,?,?,?,?,default)
    Hibernate: insert into ft_participants (draft_order,fantasy_game_seq,player_id,preferred_team,team_name,seq) values (?,?,?,?,?,default)
    Hibernate: insert into ft_participants (draft_order,fantasy_game_seq,player_id,preferred_team,team_name,seq) values (?,?,?,?,?,default)
    Hibernate: insert into ft_participants (draft_order,fantasy_game_seq,player_id,preferred_team,team_name,seq) values (?,?,?,?,?,default)
    Hibernate: insert into ft_participants (draft_order,fantasy_game_seq,player_id,preferred_team,team_name,seq) values (?,?,?,?,?,default)
    Hibernate: insert into ft_participants (draft_order,fantasy_game_seq,player_id,preferred_team,team_name,seq) values (?,?,?,?,?,default)
    Hibernate: insert into ft_participants (draft_order,fantasy_game_seq,player_id,preferred_team,team_name,seq) values (?,?,?,?,?,default)
    Hibernate: insert into ft_participants (draft_order,fantasy_game_seq,player_id,preferred_team,team_name,seq) values (?,?,?,?,?,default)
    Hibernate: insert into ft_participants (draft_order,fantasy_game_seq,player_id,preferred_team,team_name,seq) values (?,?,?,?,?,default)
    Hibernate: insert into ft_participants (draft_order,fantasy_game_seq,player_id,preferred_team,team_name,seq) values (?,?,?,?,?,default)
    Hibernate: insert into ft_participants (draft_order,fantasy_game_seq,player_id,preferred_team,team_name,seq) values (?,?,?,?,?,default)
    Hibernate: insert into ft_participants (draft_order,fantasy_game_seq,player_id,preferred_team,team_name,seq) values (?,?,?,?,?,default)
    Hibernate: insert into ft_participants (draft_order,fantasy_game_seq,player_id,preferred_team,team_name,seq) values (?,?,?,?,?,default)
    Hibernate: insert into ft_participants (draft_order,fantasy_game_seq,player_id,preferred_team,team_name,seq) values (?,?,?,?,?,default)
    Hibernate: insert into ft_participants (draft_order,fantasy_game_seq,player_id,preferred_team,team_name,seq) values (?,?,?,?,?,default)
    Hibernate: insert into ft_participants (draft_order,fantasy_game_seq,player_id,preferred_team,team_name,seq) values (?,?,?,?,?,default)
    Hibernate: insert into ft_participants (draft_order,fantasy_game_seq,player_id,preferred_team,team_name,seq) values (?,?,?,?,?,default)
    Hibernate: insert into ft_participants (draft_order,fantasy_game_seq,player_id,preferred_team,team_name,seq) values (?,?,?,?,?,default)
    Hibernate: insert into ft_participants (draft_order,fantasy_game_seq,player_id,preferred_team,team_name,seq) values (?,?,?,?,?,default)
    Hibernate: insert into ft_participants (draft_order,fantasy_game_seq,player_id,preferred_team,team_name,seq) values (?,?,?,?,?,default)
    Hibernate: insert into ft_participants (draft_order,fantasy_game_seq,player_id,preferred_team,team_name,seq) values (?,?,?,?,?,default)
    Hibernate: insert into ft_participants (draft_order,fantasy_game_seq,player_id,preferred_team,team_name,seq) values (?,?,?,?,?,default)
    Hibernate: insert into ft_participants (draft_order,fantasy_game_seq,player_id,preferred_team,team_name,seq) values (?,?,?,?,?,default)
    Hibernate: insert into ft_participants (draft_order,fantasy_game_seq,player_id,preferred_team,team_name,seq) values (?,?,?,?,?,default)
    Hibernate: insert into ft_participants (draft_order,fantasy_game_seq,player_id,preferred_team,team_name,seq) values (?,?,?,?,?,default)
    Hibernate: insert into ft_participants (draft_order,fantasy_game_seq,player_id,preferred_team,team_name,seq) values (?,?,?,?,?,default)
    Hibernate: insert into ft_participants (draft_order,fantasy_game_seq,player_id,preferred_team,team_name,seq) values (?,?,?,?,?,default)
    Hibernate: insert into ft_participants (draft_order,fantasy_game_seq,player_id,preferred_team,team_name,seq) values (?,?,?,?,?,default)
    Hibernate: insert into ft_participants (draft_order,fantasy_game_seq,player_id,preferred_team,team_name,seq) values (?,?,?,?,?,default)
    Hibernate: insert into ft_participants (draft_order,fantasy_game_seq,player_id,preferred_team,team_name,seq) values (?,?,?,?,?,default)
    Hibernate: insert into ft_participants (draft_order,fantasy_game_seq,player_id,preferred_team,team_name,seq) values (?,?,?,?,?,default)
    Hibernate: insert into ft_participants (draft_order,fantasy_game_seq,player_id,preferred_team,team_name,seq) values (?,?,?,?,?,default)
    Hibernate: insert into ft_participants (draft_order,fantasy_game_seq,player_id,preferred_team,team_name,seq) values (?,?,?,?,?,default)
    Hibernate: insert into ft_participants (draft_order,fantasy_game_seq,player_id,preferred_team,team_name,seq) values (?,?,?,?,?,default)
    Hibernate: insert into ft_participants (draft_order,fantasy_game_seq,player_id,preferred_team,team_name,seq) values (?,?,?,?,?,default)
    Hibernate: insert into ft_participants (draft_order,fantasy_game_seq,player_id,preferred_team,team_name,seq) values (?,?,?,?,?,default)
    Hibernate: insert into ft_participants (draft_order,fantasy_game_seq,player_id,preferred_team,team_name,seq) values (?,?,?,?,?,default)
    Hibernate: insert into ft_participants (draft_order,fantasy_game_seq,player_id,preferred_team,team_name,seq) values (?,?,?,?,?,default)
    Hibernate: insert into ft_participants (draft_order,fantasy_game_seq,player_id,preferred_team,team_name,seq) values (?,?,?,?,?,default)
    Hibernate: insert into ft_participants (draft_order,fantasy_game_seq,player_id,preferred_team,team_name,seq) values (?,?,?,?,?,default)
    Hibernate: insert into ft_participants (draft_order,fantasy_game_seq,player_id,preferred_team,team_name,seq) values (?,?,?,?,?,default)
    Hibernate: insert into ft_participants (draft_order,fantasy_game_seq,player_id,preferred_team,team_name,seq) values (?,?,?,?,?,default)
    Hibernate: insert into ft_participants (draft_order,fantasy_game_seq,player_id,preferred_team,team_name,seq) values (?,?,?,?,?,default)
    Hibernate: insert into ft_participants (draft_order,fantasy_game_seq,player_id,preferred_team,team_name,seq) values (?,?,?,?,?,default)
    Hibernate: insert into ft_participants (draft_order,fantasy_game_seq,player_id,preferred_team,team_name,seq) values (?,?,?,?,?,default)
    Hibernate: insert into ft_participants (draft_order,fantasy_game_seq,player_id,preferred_team,team_name,seq) values (?,?,?,?,?,default)
    Hibernate: insert into ft_participants (draft_order,fantasy_game_seq,player_id,preferred_team,team_name,seq) values (?,?,?,?,?,default)
    Hibernate: insert into ft_participants (draft_order,fantasy_game_seq,player_id,preferred_team,team_name,seq) values (?,?,?,?,?,default)
    Hibernate: insert into ft_participants (draft_order,fantasy_game_seq,player_id,preferred_team,team_name,seq) values (?,?,?,?,?,default)
    Hibernate: insert into ft_participants (draft_order,fantasy_game_seq,player_id,preferred_team,team_name,seq) values (?,?,?,?,?,default)
    Hibernate: insert into ft_participants (draft_order,fantasy_game_seq,player_id,preferred_team,team_name,seq) values (?,?,?,?,?,default)
    Hibernate: insert into ft_participants (draft_order,fantasy_game_seq,player_id,preferred_team,team_name,seq) values (?,?,?,?,?,default)
    Hibernate: insert into ft_participants (draft_order,fantasy_game_seq,player_id,preferred_team,team_name,seq) values (?,?,?,?,?,default)
    Hibernate: insert into ft_participants (draft_order,fantasy_game_seq,player_id,preferred_team,team_name,seq) values (?,?,?,?,?,default)
    Hibernate: insert into ft_participants (draft_order,fantasy_game_seq,player_id,preferred_team,team_name,seq) values (?,?,?,?,?,default)
    Hibernate: insert into ft_participants (draft_order,fantasy_game_seq,player_id,preferred_team,team_name,seq) values (?,?,?,?,?,default)
    Hibernate: insert into ft_participants (draft_order,fantasy_game_seq,player_id,preferred_team,team_name,seq) values (?,?,?,?,?,default)
    Hibernate: insert into ft_participants (draft_order,fantasy_game_seq,player_id,preferred_team,team_name,seq) values (?,?,?,?,?,default)
    Hibernate: insert into ft_participants (draft_order,fantasy_game_seq,player_id,preferred_team,team_name,seq) values (?,?,?,?,?,default)
    Hibernate: insert into ft_participants (draft_order,fantasy_game_seq,player_id,preferred_team,team_name,seq) values (?,?,?,?,?,default)
    Hibernate: insert into ft_participants (draft_order,fantasy_game_seq,player_id,preferred_team,team_name,seq) values (?,?,?,?,?,default)
    Hibernate: insert into ft_participants (draft_order,fantasy_game_seq,player_id,preferred_team,team_name,seq) values (?,?,?,?,?,default)
    Hibernate: insert into ft_participants (draft_order,fantasy_game_seq,player_id,preferred_team,team_name,seq) values (?,?,?,?,?,default)
    Hibernate: insert into ft_participants (draft_order,fantasy_game_seq,player_id,preferred_team,team_name,seq) values (?,?,?,?,?,default)
    Hibernate: insert into ft_participants (draft_order,fantasy_game_seq,player_id,preferred_team,team_name,seq) values (?,?,?,?,?,default)
    Hibernate: insert into ft_participants (draft_order,fantasy_game_seq,player_id,preferred_team,team_name,seq) values (?,?,?,?,?,default)
    Hibernate: insert into ft_participants (draft_order,fantasy_game_seq,player_id,preferred_team,team_name,seq) values (?,?,?,?,?,default)
    Hibernate: insert into ft_participants (draft_order,fantasy_game_seq,player_id,preferred_team,team_name,seq) values (?,?,?,?,?,default)
    Hibernate: insert into ft_participants (draft_order,fantasy_game_seq,player_id,preferred_team,team_name,seq) values (?,?,?,?,?,default)
    Hibernate: insert into ft_participants (draft_order,fantasy_game_seq,player_id,preferred_team,team_name,seq) values (?,?,?,?,?,default)
    Hibernate: insert into ft_participants (draft_order,fantasy_game_seq,player_id,preferred_team,team_name,seq) values (?,?,?,?,?,default)
    Hibernate: insert into ft_participants (draft_order,fantasy_game_seq,player_id,preferred_team,team_name,seq) values (?,?,?,?,?,default)
    Hibernate: insert into ft_participants (draft_order,fantasy_game_seq,player_id,preferred_team,team_name,seq) values (?,?,?,?,?,default)
    Hibernate: insert into ft_participants (draft_order,fantasy_game_seq,player_id,preferred_team,team_name,seq) values (?,?,?,?,?,default)
    Hibernate: insert into ft_participants (draft_order,fantasy_game_seq,player_id,preferred_team,team_name,seq) values (?,?,?,?,?,default)
    Hibernate: insert into ft_participants (draft_order,fantasy_game_seq,player_id,preferred_team,team_name,seq) values (?,?,?,?,?,default)
    Hibernate: insert into ft_participants (draft_order,fantasy_game_seq,player_id,preferred_team,team_name,seq) values (?,?,?,?,?,default)
    Hibernate: insert into ft_participants (draft_order,fantasy_game_seq,player_id,preferred_team,team_name,seq) values (?,?,?,?,?,default)
    Hibernate: insert into ft_participants (draft_order,fantasy_game_seq,player_id,preferred_team,team_name,seq) values (?,?,?,?,?,default)
    Hibernate: insert into ft_participants (draft_order,fantasy_game_seq,player_id,preferred_team,team_name,seq) values (?,?,?,?,?,default)
    Hibernate: insert into ft_participants (draft_order,fantasy_game_seq,player_id,preferred_team,team_name,seq) values (?,?,?,?,?,default)
    Hibernate: insert into ft_participants (draft_order,fantasy_game_seq,player_id,preferred_team,team_name,seq) values (?,?,?,?,?,default)
    Hibernate: insert into ft_participants (draft_order,fantasy_game_seq,player_id,preferred_team,team_name,seq) values (?,?,?,?,?,default)
    Hibernate: insert into ft_participants (draft_order,fantasy_game_seq,player_id,preferred_team,team_name,seq) values (?,?,?,?,?,default)
    Hibernate: insert into ft_participants (draft_order,fantasy_game_seq,player_id,preferred_team,team_name,seq) values (?,?,?,?,?,default)
    Hibernate: insert into ft_participants (draft_order,fantasy_game_seq,player_id,preferred_team,team_name,seq) values (?,?,?,?,?,default)
    Hibernate: insert into ft_participants (draft_order,fantasy_game_seq,player_id,preferred_team,team_name,seq) values (?,?,?,?,?,default)
    Hibernate: insert into ft_participants (draft_order,fantasy_game_seq,player_id,preferred_team,team_name,seq) values (?,?,?,?,?,default)
    Hibernate: insert into ft_participants (draft_order,fantasy_game_seq,player_id,preferred_team,team_name,seq) values (?,?,?,?,?,default)
    Hibernate: insert into ft_participants (draft_order,fantasy_game_seq,player_id,preferred_team,team_name,seq) values (?,?,?,?,?,default)
    Hibernate: insert into ft_participants (draft_order,fantasy_game_seq,player_id,preferred_team,team_name,seq) values (?,?,?,?,?,default)
    Hibernate: insert into ft_participants (draft_order,fantasy_game_seq,player_id,preferred_team,team_name,seq) values (?,?,?,?,?,default)
    Hibernate: insert into ft_participants (draft_order,fantasy_game_seq,player_id,preferred_team,team_name,seq) values (?,?,?,?,?,default)
    Hibernate: insert into ft_participants (draft_order,fantasy_game_seq,player_id,preferred_team,team_name,seq) values (?,?,?,?,?,default)
    Hibernate: insert into ft_participants (draft_order,fantasy_game_seq,player_id,preferred_team,team_name,seq) values (?,?,?,?,?,default)
    Hibernate: insert into ft_participants (draft_order,fantasy_game_seq,player_id,preferred_team,team_name,seq) values (?,?,?,?,?,default)
    Hibernate: insert into ft_participants (draft_order,fantasy_game_seq,player_id,preferred_team,team_name,seq) values (?,?,?,?,?,default)
    Hibernate: insert into ft_participants (draft_order,fantasy_game_seq,player_id,preferred_team,team_name,seq) values (?,?,?,?,?,default)
    Hibernate: insert into ft_participants (draft_order,fantasy_game_seq,player_id,preferred_team,team_name,seq) values (?,?,?,?,?,default)
    Hibernate: insert into ft_participants (draft_order,fantasy_game_seq,player_id,preferred_team,team_name,seq) values (?,?,?,?,?,default)
    Hibernate: insert into ft_participants (draft_order,fantasy_game_seq,player_id,preferred_team,team_name,seq) values (?,?,?,?,?,default)
    Hibernate: insert into ft_participants (draft_order,fantasy_game_seq,player_id,preferred_team,team_name,seq) values (?,?,?,?,?,default)
    Hibernate: insert into ft_participants (draft_order,fantasy_game_seq,player_id,preferred_team,team_name,seq) values (?,?,?,?,?,default)
    Hibernate: insert into ft_participants (draft_order,fantasy_game_seq,player_id,preferred_team,team_name,seq) values (?,?,?,?,?,default)
    Hibernate: insert into ft_participants (draft_order,fantasy_game_seq,player_id,preferred_team,team_name,seq) values (?,?,?,?,?,default)
    Hibernate: insert into ft_participants (draft_order,fantasy_game_seq,player_id,preferred_team,team_name,seq) values (?,?,?,?,?,default)
    Hibernate: insert into ft_participants (draft_order,fantasy_game_seq,player_id,preferred_team,team_name,seq) values (?,?,?,?,?,default)
    Hibernate: insert into ft_participants (draft_order,fantasy_game_seq,player_id,preferred_team,team_name,seq) values (?,?,?,?,?,default)
    Hibernate: insert into ft_participants (draft_order,fantasy_game_seq,player_id,preferred_team,team_name,seq) values (?,?,?,?,?,default)
    Hibernate: insert into ft_participants (draft_order,fantasy_game_seq,player_id,preferred_team,team_name,seq) values (?,?,?,?,?,default)
    Hibernate: insert into ft_participants (draft_order,fantasy_game_seq,player_id,preferred_team,team_name,seq) values (?,?,?,?,?,default)
    Hibernate: insert into ft_participants (draft_order,fantasy_game_seq,player_id,preferred_team,team_name,seq) values (?,?,?,?,?,default)
    Hibernate: insert into ft_participants (draft_order,fantasy_game_seq,player_id,preferred_team,team_name,seq) values (?,?,?,?,?,default)
    Hibernate: insert into ft_participants (draft_order,fantasy_game_seq,player_id,preferred_team,team_name,seq) values (?,?,?,?,?,default)
    Hibernate: insert into ft_participants (draft_order,fantasy_game_seq,player_id,preferred_team,team_name,seq) values (?,?,?,?,?,default)
    Hibernate: insert into ft_participants (draft_order,fantasy_game_seq,player_id,preferred_team,team_name,seq) values (?,?,?,?,?,default)
    Hibernate: insert into ft_participants (draft_order,fantasy_game_seq,player_id,preferred_team,team_name,seq) values (?,?,?,?,?,default)
    Hibernate: insert into ft_participants (draft_order,fantasy_game_seq,player_id,preferred_team,team_name,seq) values (?,?,?,?,?,default)
    Hibernate: insert into ft_participants (draft_order,fantasy_game_seq,player_id,preferred_team,team_name,seq) values (?,?,?,?,?,default)
    Hibernate: insert into ft_participants (draft_order,fantasy_game_seq,player_id,preferred_team,team_name,seq) values (?,?,?,?,?,default)
    Hibernate: insert into ft_participants (draft_order,fantasy_game_seq,player_id,preferred_team,team_name,seq) values (?,?,?,?,?,default)
    Hibernate: insert into ft_participants (draft_order,fantasy_game_seq,player_id,preferred_team,team_name,seq) values (?,?,?,?,?,default)
    Hibernate: insert into ft_participants (draft_order,fantasy_game_seq,player_id,preferred_team,team_name,seq) values (?,?,?,?,?,default)
    Hibernate: insert into ft_participants (draft_order,fantasy_game_seq,player_id,preferred_team,team_name,seq) values (?,?,?,?,?,default)
    Hibernate: insert into ft_participants (draft_order,fantasy_game_seq,player_id,preferred_team,team_name,seq) values (?,?,?,?,?,default)
    Hibernate: insert into ft_participants (draft_order,fantasy_game_seq,player_id,preferred_team,team_name,seq) values (?,?,?,?,?,default)
    Hibernate: insert into ft_participants (draft_order,fantasy_game_seq,player_id,preferred_team,team_name,seq) values (?,?,?,?,?,default)
    Hibernate: insert into ft_participants (draft_order,fantasy_game_seq,player_id,preferred_team,team_name,seq) values (?,?,?,?,?,default)
    Hibernate: insert into ft_participants (draft_order,fantasy_game_seq,player_id,preferred_team,team_name,seq) values (?,?,?,?,?,default)
    Hibernate: insert into ft_participants (draft_order,fantasy_game_seq,player_id,preferred_team,team_name,seq) values (?,?,?,?,?,default)
    Hibernate: insert into ft_participants (draft_order,fantasy_game_seq,player_id,preferred_team,team_name,seq) values (?,?,?,?,?,default)
    Hibernate: insert into ft_participants (draft_order,fantasy_game_seq,player_id,preferred_team,team_name,seq) values (?,?,?,?,?,default)
    Hibernate: insert into ft_participants (draft_order,fantasy_game_seq,player_id,preferred_team,team_name,seq) values (?,?,?,?,?,default)
    Hibernate: insert into ft_participants (draft_order,fantasy_game_seq,player_id,preferred_team,team_name,seq) values (?,?,?,?,?,default)
    Hibernate: insert into ft_participants (draft_order,fantasy_game_seq,player_id,preferred_team,team_name,seq) values (?,?,?,?,?,default)
    Hibernate: insert into ft_participants (draft_order,fantasy_game_seq,player_id,preferred_team,team_name,seq) values (?,?,?,?,?,default)
    Hibernate: insert into ft_participants (draft_order,fantasy_game_seq,player_id,preferred_team,team_name,seq) values (?,?,?,?,?,default)
    Hibernate: insert into ft_participants (draft_order,fantasy_game_seq,player_id,preferred_team,team_name,seq) values (?,?,?,?,?,default)
    Hibernate: insert into ft_participants (draft_order,fantasy_game_seq,player_id,preferred_team,team_name,seq) values (?,?,?,?,?,default)
    Hibernate: insert into ft_participants (draft_order,fantasy_game_seq,player_id,preferred_team,team_name,seq) values (?,?,?,?,?,default)
    Hibernate: insert into ft_participants (draft_order,fantasy_game_seq,player_id,preferred_team,team_name,seq) values (?,?,?,?,?,default)
    Hibernate: insert into ft_participants (draft_order,fantasy_game_seq,player_id,preferred_team,team_name,seq) values (?,?,?,?,?,default)
    Hibernate: insert into ft_participants (draft_order,fantasy_game_seq,player_id,preferred_team,team_name,seq) values (?,?,?,?,?,default)
    Hibernate: insert into ft_participants (draft_order,fantasy_game_seq,player_id,preferred_team,team_name,seq) values (?,?,?,?,?,default)
    Hibernate: insert into ft_participants (draft_order,fantasy_game_seq,player_id,preferred_team,team_name,seq) values (?,?,?,?,?,default)
    Hibernate: insert into ft_participants (draft_order,fantasy_game_seq,player_id,preferred_team,team_name,seq) values (?,?,?,?,?,default)
    Hibernate: insert into ft_participants (draft_order,fantasy_game_seq,player_id,preferred_team,team_name,seq) values (?,?,?,?,?,default)
    Hibernate: insert into ft_participants (draft_order,fantasy_game_seq,player_id,preferred_team,team_name,seq) values (?,?,?,?,?,default)
    Hibernate: insert into ft_participants (draft_order,fantasy_game_seq,player_id,preferred_team,team_name,seq) values (?,?,?,?,?,default)
    Hibernate: insert into ft_participants (draft_order,fantasy_game_seq,player_id,preferred_team,team_name,seq) values (?,?,?,?,?,default)
    Hibernate: insert into ft_participants (draft_order,fantasy_game_seq,player_id,preferred_team,team_name,seq) values (?,?,?,?,?,default)
    Hibernate: insert into ft_participants (draft_order,fantasy_game_seq,player_id,preferred_team,team_name,seq) values (?,?,?,?,?,default)
    Hibernate: insert into ft_participants (draft_order,fantasy_game_seq,player_id,preferred_team,team_name,seq) values (?,?,?,?,?,default)
    Hibernate: insert into ft_participants (draft_order,fantasy_game_seq,player_id,preferred_team,team_name,seq) values (?,?,?,?,?,default)
    Hibernate: insert into ft_participants (draft_order,fantasy_game_seq,player_id,preferred_team,team_name,seq) values (?,?,?,?,?,default)
    Hibernate: insert into ft_participants (draft_order,fantasy_game_seq,player_id,preferred_team,team_name,seq) values (?,?,?,?,?,default)
    Hibernate: insert into ft_participants (draft_order,fantasy_game_seq,player_id,preferred_team,team_name,seq) values (?,?,?,?,?,default)
    Hibernate: insert into ft_participants (draft_order,fantasy_game_seq,player_id,preferred_team,team_name,seq) values (?,?,?,?,?,default)
    Hibernate: insert into ft_participants (draft_order,fantasy_game_seq,player_id,preferred_team,team_name,seq) values (?,?,?,?,?,default)
    Hibernate: insert into ft_participants (draft_order,fantasy_game_seq,player_id,preferred_team,team_name,seq) values (?,?,?,?,?,default)
    Hibernate: insert into ft_participants (draft_order,fantasy_game_seq,player_id,preferred_team,team_name,seq) values (?,?,?,?,?,default)
    Hibernate: insert into ft_participants (draft_order,fantasy_game_seq,player_id,preferred_team,team_name,seq) values (?,?,?,?,?,default)
    Hibernate: insert into ft_participants (draft_order,fantasy_game_seq,player_id,preferred_team,team_name,seq) values (?,?,?,?,?,default)
    Hibernate: insert into ft_participants (draft_order,fantasy_game_seq,player_id,preferred_team,team_name,seq) values (?,?,?,?,?,default)
    Hibernate: insert into ft_participants (draft_order,fantasy_game_seq,player_id,preferred_team,team_name,seq) values (?,?,?,?,?,default)
    Hibernate: insert into ft_participants (draft_order,fantasy_game_seq,player_id,preferred_team,team_name,seq) values (?,?,?,?,?,default)
    Hibernate: insert into ft_participants (draft_order,fantasy_game_seq,player_id,preferred_team,team_name,seq) values (?,?,?,?,?,default)
    Hibernate: insert into ft_participants (draft_order,fantasy_game_seq,player_id,preferred_team,team_name,seq) values (?,?,?,?,?,default)
    Hibernate: insert into ft_participants (draft_order,fantasy_game_seq,player_id,preferred_team,team_name,seq) values (?,?,?,?,?,default)
    Hibernate: insert into ft_participants (draft_order,fantasy_game_seq,player_id,preferred_team,team_name,seq) values (?,?,?,?,?,default)
    Hibernate: insert into ft_participants (draft_order,fantasy_game_seq,player_id,preferred_team,team_name,seq) values (?,?,?,?,?,default)
    Hibernate: insert into ft_participants (draft_order,fantasy_game_seq,player_id,preferred_team,team_name,seq) values (?,?,?,?,?,default)
    Hibernate: insert into ft_participants (draft_order,fantasy_game_seq,player_id,preferred_team,team_name,seq) values (?,?,?,?,?,default)
    Hibernate: insert into ft_participants (draft_order,fantasy_game_seq,player_id,preferred_team,team_name,seq) values (?,?,?,?,?,default)
    Hibernate: insert into ft_participants (draft_order,fantasy_game_seq,player_id,preferred_team,team_name,seq) values (?,?,?,?,?,default)
    Hibernate: insert into ft_participants (draft_order,fantasy_game_seq,player_id,preferred_team,team_name,seq) values (?,?,?,?,?,default)
    Hibernate: insert into ft_participants (draft_order,fantasy_game_seq,player_id,preferred_team,team_name,seq) values (?,?,?,?,?,default)
    Hibernate: insert into ft_participants (draft_order,fantasy_game_seq,player_id,preferred_team,team_name,seq) values (?,?,?,?,?,default)
    Hibernate: insert into ft_participants (draft_order,fantasy_game_seq,player_id,preferred_team,team_name,seq) values (?,?,?,?,?,default)
    Hibernate: insert into ft_participants (draft_order,fantasy_game_seq,player_id,preferred_team,team_name,seq) values (?,?,?,?,?,default)
    Hibernate: insert into ft_participants (draft_order,fantasy_game_seq,player_id,preferred_team,team_name,seq) values (?,?,?,?,?,default)
    Hibernate: insert into ft_participants (draft_order,fantasy_game_seq,player_id,preferred_team,team_name,seq) values (?,?,?,?,?,default)
    Hibernate: insert into ft_participants (draft_order,fantasy_game_seq,player_id,preferred_team,team_name,seq) values (?,?,?,?,?,default)
    Hibernate: insert into ft_participants (draft_order,fantasy_game_seq,player_id,preferred_team,team_name,seq) values (?,?,?,?,?,default)
    Hibernate: insert into ft_participants (draft_order,fantasy_game_seq,player_id,preferred_team,team_name,seq) values (?,?,?,?,?,default)
    Hibernate: insert into ft_participants (draft_order,fantasy_game_seq,player_id,preferred_team,team_name,seq) values (?,?,?,?,?,default)
    Hibernate: insert into ft_participants (draft_order,fantasy_game_seq,player_id,preferred_team,team_name,seq) values (?,?,?,?,?,default)
    Hibernate: insert into ft_participants (draft_order,fantasy_game_seq,player_id,preferred_team,team_name,seq) values (?,?,?,?,?,default)
    Hibernate: insert into ft_participants (draft_order,fantasy_game_seq,player_id,preferred_team,team_name,seq) values (?,?,?,?,?,default)
    Hibernate: insert into ft_participants (draft_order,fantasy_game_seq,player_id,preferred_team,team_name,seq) values (?,?,?,?,?,default)
    Hibernate: insert into ft_participants (draft_order,fantasy_game_seq,player_id,preferred_team,team_name,seq) values (?,?,?,?,?,default)
    Hibernate: insert into ft_participants (draft_order,fantasy_game_seq,player_id,preferred_team,team_name,seq) values (?,?,?,?,?,default)
    Hibernate: insert into ft_participants (draft_order,fantasy_game_seq,player_id,preferred_team,team_name,seq) values (?,?,?,?,?,default)
    Hibernate: insert into ft_participants (draft_order,fantasy_game_seq,player_id,preferred_team,team_name,seq) values (?,?,?,?,?,default)
    Hibernate: insert into ft_participants (draft_order,fantasy_game_seq,player_id,preferred_team,team_name,seq) values (?,?,?,?,?,default)
    Hibernate: insert into ft_participants (draft_order,fantasy_game_seq,player_id,preferred_team,team_name,seq) values (?,?,?,?,?,default)
    Hibernate: insert into ft_participants (draft_order,fantasy_game_seq,player_id,preferred_team,team_name,seq) values (?,?,?,?,?,default)
    Hibernate: insert into ft_participants (draft_order,fantasy_game_seq,player_id,preferred_team,team_name,seq) values (?,?,?,?,?,default)
    Hibernate: insert into ft_participants (draft_order,fantasy_game_seq,player_id,preferred_team,team_name,seq) values (?,?,?,?,?,default)
    Hibernate: insert into ft_participants (draft_order,fantasy_game_seq,player_id,preferred_team,team_name,seq) values (?,?,?,?,?,default)
    Hibernate: insert into ft_participants (draft_order,fantasy_game_seq,player_id,preferred_team,team_name,seq) values (?,?,?,?,?,default)
    Hibernate: insert into ft_participants (draft_order,fantasy_game_seq,player_id,preferred_team,team_name,seq) values (?,?,?,?,?,default)
    Hibernate: insert into ft_participants (draft_order,fantasy_game_seq,player_id,preferred_team,team_name,seq) values (?,?,?,?,?,default)
    Hibernate: insert into ft_participants (draft_order,fantasy_game_seq,player_id,preferred_team,team_name,seq) values (?,?,?,?,?,default)
    Hibernate: insert into ft_participants (draft_order,fantasy_game_seq,player_id,preferred_team,team_name,seq) values (?,?,?,?,?,default)
    Hibernate: insert into ft_participants (draft_order,fantasy_game_seq,player_id,preferred_team,team_name,seq) values (?,?,?,?,?,default)
    Hibernate: insert into ft_participants (draft_order,fantasy_game_seq,player_id,preferred_team,team_name,seq) values (?,?,?,?,?,default)
    Hibernate: insert into ft_participants (draft_order,fantasy_game_seq,player_id,preferred_team,team_name,seq) values (?,?,?,?,?,default)
    Hibernate: insert into ft_participants (draft_order,fantasy_game_seq,player_id,preferred_team,team_name,seq) values (?,?,?,?,?,default)
    Hibernate: insert into ft_participants (draft_order,fantasy_game_seq,player_id,preferred_team,team_name,seq) values (?,?,?,?,?,default)
    Hibernate: insert into ft_participants (draft_order,fantasy_game_seq,player_id,preferred_team,team_name,seq) values (?,?,?,?,?,default)
    Hibernate: insert into ft_participants (draft_order,fantasy_game_seq,player_id,preferred_team,team_name,seq) values (?,?,?,?,?,default)
    Hibernate: insert into ft_participants (draft_order,fantasy_game_seq,player_id,preferred_team,team_name,seq) values (?,?,?,?,?,default)
    Hibernate: insert into ft_participants (draft_order,fantasy_game_seq,player_id,preferred_team,team_name,seq) values (?,?,?,?,?,default)
    Hibernate: insert into ft_participants (draft_order,fantasy_game_seq,player_id,preferred_team,team_name,seq) values (?,?,?,?,?,default)
    Hibernate: insert into ft_participants (draft_order,fantasy_game_seq,player_id,preferred_team,team_name,seq) values (?,?,?,?,?,default)
    Hibernate: insert into ft_participants (draft_order,fantasy_game_seq,player_id,preferred_team,team_name,seq) values (?,?,?,?,?,default)
    Hibernate: insert into ft_participants (draft_order,fantasy_game_seq,player_id,preferred_team,team_name,seq) values (?,?,?,?,?,default)
    Hibernate: insert into ft_participants (draft_order,fantasy_game_seq,player_id,preferred_team,team_name,seq) values (?,?,?,?,?,default)
    Hibernate: insert into ft_participants (draft_order,fantasy_game_seq,player_id,preferred_team,team_name,seq) values (?,?,?,?,?,default)
    Hibernate: insert into ft_participants (draft_order,fantasy_game_seq,player_id,preferred_team,team_name,seq) values (?,?,?,?,?,default)
    Hibernate: insert into ft_participants (draft_order,fantasy_game_seq,player_id,preferred_team,team_name,seq) values (?,?,?,?,?,default)
    Hibernate: insert into ft_participants (draft_order,fantasy_game_seq,player_id,preferred_team,team_name,seq) values (?,?,?,?,?,default)
    Hibernate: insert into ft_participants (draft_order,fantasy_game_seq,player_id,preferred_team,team_name,seq) values (?,?,?,?,?,default)
    Hibernate: insert into ft_participants (draft_order,fantasy_game_seq,player_id,preferred_team,team_name,seq) values (?,?,?,?,?,default)
    Hibernate: insert into ft_participants (draft_order,fantasy_game_seq,player_id,preferred_team,team_name,seq) values (?,?,?,?,?,default)
    Hibernate: insert into ft_participants (draft_order,fantasy_game_seq,player_id,preferred_team,team_name,seq) values (?,?,?,?,?,default)
    Hibernate: insert into ft_participants (draft_order,fantasy_game_seq,player_id,preferred_team,team_name,seq) values (?,?,?,?,?,default)
    Hibernate: insert into ft_participants (draft_order,fantasy_game_seq,player_id,preferred_team,team_name,seq) values (?,?,?,?,?,default)
    Hibernate: insert into ft_participants (draft_order,fantasy_game_seq,player_id,preferred_team,team_name,seq) values (?,?,?,?,?,default)
    Hibernate: insert into ft_participants (draft_order,fantasy_game_seq,player_id,preferred_team,team_name,seq) values (?,?,?,?,?,default)
    Hibernate: insert into ft_participants (draft_order,fantasy_game_seq,player_id,preferred_team,team_name,seq) values (?,?,?,?,?,default)
    Hibernate: insert into ft_participants (draft_order,fantasy_game_seq,player_id,preferred_team,team_name,seq) values (?,?,?,?,?,default)
    Hibernate: insert into ft_participants (draft_order,fantasy_game_seq,player_id,preferred_team,team_name,seq) values (?,?,?,?,?,default)
    Hibernate: insert into ft_participants (draft_order,fantasy_game_seq,player_id,preferred_team,team_name,seq) values (?,?,?,?,?,default)
    Hibernate: insert into ft_participants (draft_order,fantasy_game_seq,player_id,preferred_team,team_name,seq) values (?,?,?,?,?,default)
    Hibernate: insert into ft_participants (draft_order,fantasy_game_seq,player_id,preferred_team,team_name,seq) values (?,?,?,?,?,default)
    Hibernate: insert into ft_participants (draft_order,fantasy_game_seq,player_id,preferred_team,team_name,seq) values (?,?,?,?,?,default)
    Hibernate: insert into ft_participants (draft_order,fantasy_game_seq,player_id,preferred_team,team_name,seq) values (?,?,?,?,?,default)
    Hibernate: insert into ft_participants (draft_order,fantasy_game_seq,player_id,preferred_team,team_name,seq) values (?,?,?,?,?,default)
    Hibernate: insert into ft_participants (draft_order,fantasy_game_seq,player_id,preferred_team,team_name,seq) values (?,?,?,?,?,default)
    Hibernate: insert into ft_participants (draft_order,fantasy_game_seq,player_id,preferred_team,team_name,seq) values (?,?,?,?,?,default)
    Hibernate: insert into ft_participants (draft_order,fantasy_game_seq,player_id,preferred_team,team_name,seq) values (?,?,?,?,?,default)
    Hibernate: insert into ft_participants (draft_order,fantasy_game_seq,player_id,preferred_team,team_name,seq) values (?,?,?,?,?,default)
    Hibernate: insert into ft_participants (draft_order,fantasy_game_seq,player_id,preferred_team,team_name,seq) values (?,?,?,?,?,default)
    Hibernate: insert into ft_participants (draft_order,fantasy_game_seq,player_id,preferred_team,team_name,seq) values (?,?,?,?,?,default)
    Hibernate: insert into ft_participants (draft_order,fantasy_game_seq,player_id,preferred_team,team_name,seq) values (?,?,?,?,?,default)
    Hibernate: insert into ft_participants (draft_order,fantasy_game_seq,player_id,preferred_team,team_name,seq) values (?,?,?,?,?,default)
    Hibernate: insert into ft_participants (draft_order,fantasy_game_seq,player_id,preferred_team,team_name,seq) values (?,?,?,?,?,default)
    Hibernate: insert into ft_participants (draft_order,fantasy_game_seq,player_id,preferred_team,team_name,seq) values (?,?,?,?,?,default)
    Hibernate: insert into ft_participants (draft_order,fantasy_game_seq,player_id,preferred_team,team_name,seq) values (?,?,?,?,?,default)
    Hibernate: insert into ft_participants (draft_order,fantasy_game_seq,player_id,preferred_team,team_name,seq) values (?,?,?,?,?,default)
    Hibernate: insert into ft_participants (draft_order,fantasy_game_seq,player_id,preferred_team,team_name,seq) values (?,?,?,?,?,default)
    Hibernate: insert into ft_participants (draft_order,fantasy_game_seq,player_id,preferred_team,team_name,seq) values (?,?,?,?,?,default)
    Hibernate: insert into ft_participants (draft_order,fantasy_game_seq,player_id,preferred_team,team_name,seq) values (?,?,?,?,?,default)
    Hibernate: insert into ft_participants (draft_order,fantasy_game_seq,player_id,preferred_team,team_name,seq) values (?,?,?,?,?,default)
    Hibernate: insert into ft_participants (draft_order,fantasy_game_seq,player_id,preferred_team,team_name,seq) values (?,?,?,?,?,default)
    Hibernate: insert into ft_participants (draft_order,fantasy_game_seq,player_id,preferred_team,team_name,seq) values (?,?,?,?,?,default)
    Hibernate: insert into ft_participants (draft_order,fantasy_game_seq,player_id,preferred_team,team_name,seq) values (?,?,?,?,?,default)
    Hibernate: insert into ft_participants (draft_order,fantasy_game_seq,player_id,preferred_team,team_name,seq) values (?,?,?,?,?,default)
    Hibernate: insert into ft_participants (draft_order,fantasy_game_seq,player_id,preferred_team,team_name,seq) values (?,?,?,?,?,default)
    Hibernate: insert into ft_participants (draft_order,fantasy_game_seq,player_id,preferred_team,team_name,seq) values (?,?,?,?,?,default)
    Hibernate: insert into ft_participants (draft_order,fantasy_game_seq,player_id,preferred_team,team_name,seq) values (?,?,?,?,?,default)
    Hibernate: insert into ft_participants (draft_order,fantasy_game_seq,player_id,preferred_team,team_name,seq) values (?,?,?,?,?,default)
    Hibernate: insert into ft_participants (draft_order,fantasy_game_seq,player_id,preferred_team,team_name,seq) values (?,?,?,?,?,default)
    Hibernate: insert into ft_participants (draft_order,fantasy_game_seq,player_id,preferred_team,team_name,seq) values (?,?,?,?,?,default)
    Hibernate: insert into ft_participants (draft_order,fantasy_game_seq,player_id,preferred_team,team_name,seq) values (?,?,?,?,?,default)
    Hibernate: insert into ft_participants (draft_order,fantasy_game_seq,player_id,preferred_team,team_name,seq) values (?,?,?,?,?,default)
    Hibernate: insert into ft_participants (draft_order,fantasy_game_seq,player_id,preferred_team,team_name,seq) values (?,?,?,?,?,default)
    Hibernate: insert into ft_participants (draft_order,fantasy_game_seq,player_id,preferred_team,team_name,seq) values (?,?,?,?,?,default)
    Hibernate: insert into ft_participants (draft_order,fantasy_game_seq,player_id,preferred_team,team_name,seq) values (?,?,?,?,?,default)
    Hibernate: insert into ft_participants (draft_order,fantasy_game_seq,player_id,preferred_team,team_name,seq) values (?,?,?,?,?,default)
    Hibernate: insert into ft_participants (draft_order,fantasy_game_seq,player_id,preferred_team,team_name,seq) values (?,?,?,?,?,default)
    Hibernate: insert into ft_participants (draft_order,fantasy_game_seq,player_id,preferred_team,team_name,seq) values (?,?,?,?,?,default)
    Hibernate: insert into ft_participants (draft_order,fantasy_game_seq,player_id,preferred_team,team_name,seq) values (?,?,?,?,?,default)
    Hibernate: insert into ft_participants (draft_order,fantasy_game_seq,player_id,preferred_team,team_name,seq) values (?,?,?,?,?,default)
    Hibernate: insert into ft_participants (draft_order,fantasy_game_seq,player_id,preferred_team,team_name,seq) values (?,?,?,?,?,default)
    Hibernate: insert into ft_participants (draft_order,fantasy_game_seq,player_id,preferred_team,team_name,seq) values (?,?,?,?,?,default)
    Hibernate: insert into ft_participants (draft_order,fantasy_game_seq,player_id,preferred_team,team_name,seq) values (?,?,?,?,?,default)
    Hibernate: insert into ft_participants (draft_order,fantasy_game_seq,player_id,preferred_team,team_name,seq) values (?,?,?,?,?,default)
    Hibernate: insert into ft_participants (draft_order,fantasy_game_seq,player_id,preferred_team,team_name,seq) values (?,?,?,?,?,default)
    Hibernate: insert into ft_participants (draft_order,fantasy_game_seq,player_id,preferred_team,team_name,seq) values (?,?,?,?,?,default)
    Hibernate: insert into ft_participants (draft_order,fantasy_game_seq,player_id,preferred_team,team_name,seq) values (?,?,?,?,?,default)
    Hibernate: insert into ft_participants (draft_order,fantasy_game_seq,player_id,preferred_team,team_name,seq) values (?,?,?,?,?,default)
    Hibernate: insert into ft_participants (draft_order,fantasy_game_seq,player_id,preferred_team,team_name,seq) values (?,?,?,?,?,default)
    Hibernate: insert into ft_participants (draft_order,fantasy_game_seq,player_id,preferred_team,team_name,seq) values (?,?,?,?,?,default)
    Hibernate: insert into ft_participants (draft_order,fantasy_game_seq,player_id,preferred_team,team_name,seq) values (?,?,?,?,?,default)
    Hibernate: insert into ft_participants (draft_order,fantasy_game_seq,player_id,preferred_team,team_name,seq) values (?,?,?,?,?,default)
    Hibernate: insert into ft_participants (draft_order,fantasy_game_seq,player_id,preferred_team,team_name,seq) values (?,?,?,?,?,default)
    Hibernate: insert into ft_participants (draft_order,fantasy_game_seq,player_id,preferred_team,team_name,seq) values (?,?,?,?,?,default)
    Hibernate: insert into ft_participants (draft_order,fantasy_game_seq,player_id,preferred_team,team_name,seq) values (?,?,?,?,?,default)
    Hibernate: insert into ft_participants (draft_order,fantasy_game_seq,player_id,preferred_team,team_name,seq) values (?,?,?,?,?,default)
    Hibernate: insert into ft_participants (draft_order,fantasy_game_seq,player_id,preferred_team,team_name,seq) values (?,?,?,?,?,default)
    Hibernate: insert into ft_participants (draft_order,fantasy_game_seq,player_id,preferred_team,team_name,seq) values (?,?,?,?,?,default)
    Hibernate: insert into ft_participants (draft_order,fantasy_game_seq,player_id,preferred_team,team_name,seq) values (?,?,?,?,?,default)
    Hibernate: insert into ft_participants (draft_order,fantasy_game_seq,player_id,preferred_team,team_name,seq) values (?,?,?,?,?,default)
    Hibernate: insert into ft_participants (draft_order,fantasy_game_seq,player_id,preferred_team,team_name,seq) values (?,?,?,?,?,default)
    Hibernate: insert into ft_participants (draft_order,fantasy_game_seq,player_id,preferred_team,team_name,seq) values (?,?,?,?,?,default)
    Hibernate: insert into ft_participants (draft_order,fantasy_game_seq,player_id,preferred_team,team_name,seq) values (?,?,?,?,?,default)
    Hibernate: insert into ft_participants (draft_order,fantasy_game_seq,player_id,preferred_team,team_name,seq) values (?,?,?,?,?,default)
    Hibernate: insert into ft_participants (draft_order,fantasy_game_seq,player_id,preferred_team,team_name,seq) values (?,?,?,?,?,default)
    Hibernate: insert into ft_participants (draft_order,fantasy_game_seq,player_id,preferred_team,team_name,seq) values (?,?,?,?,?,default)
    Hibernate: insert into ft_participants (draft_order,fantasy_game_seq,player_id,preferred_team,team_name,seq) values (?,?,?,?,?,default)
    Hibernate: insert into ft_participants (draft_order,fantasy_game_seq,player_id,preferred_team,team_name,seq) values (?,?,?,?,?,default)
    Hibernate: insert into ft_participants (draft_order,fantasy_game_seq,player_id,preferred_team,team_name,seq) values (?,?,?,?,?,default)
    Hibernate: insert into ft_participants (draft_order,fantasy_game_seq,player_id,preferred_team,team_name,seq) values (?,?,?,?,?,default)
    Hibernate: insert into ft_participants (draft_order,fantasy_game_seq,player_id,preferred_team,team_name,seq) values (?,?,?,?,?,default)
    Hibernate: insert into ft_participants (draft_order,fantasy_game_seq,player_id,preferred_team,team_name,seq) values (?,?,?,?,?,default)
    Hibernate: insert into ft_participants (draft_order,fantasy_game_seq,player_id,preferred_team,team_name,seq) values (?,?,?,?,?,default)
    Hibernate: insert into ft_participants (draft_order,fantasy_game_seq,player_id,preferred_team,team_name,seq) values (?,?,?,?,?,default)
    Hibernate: insert into ft_participants (draft_order,fantasy_game_seq,player_id,preferred_team,team_name,seq) values (?,?,?,?,?,default)
    Hibernate: insert into ft_participants (draft_order,fantasy_game_seq,player_id,preferred_team,team_name,seq) values (?,?,?,?,?,default)
    Hibernate: insert into ft_participants (draft_order,fantasy_game_seq,player_id,preferred_team,team_name,seq) values (?,?,?,?,?,default)
    Hibernate: insert into ft_participants (draft_order,fantasy_game_seq,player_id,preferred_team,team_name,seq) values (?,?,?,?,?,default)
    Hibernate: insert into ft_participants (draft_order,fantasy_game_seq,player_id,preferred_team,team_name,seq) values (?,?,?,?,?,default)
    Hibernate: insert into ft_participants (draft_order,fantasy_game_seq,player_id,preferred_team,team_name,seq) values (?,?,?,?,?,default)
    Hibernate: insert into ft_participants (draft_order,fantasy_game_seq,player_id,preferred_team,team_name,seq) values (?,?,?,?,?,default)
    Hibernate: insert into ft_participants (draft_order,fantasy_game_seq,player_id,preferred_team,team_name,seq) values (?,?,?,?,?,default)
    Hibernate: insert into ft_participants (draft_order,fantasy_game_seq,player_id,preferred_team,team_name,seq) values (?,?,?,?,?,default)
    Hibernate: insert into ft_participants (draft_order,fantasy_game_seq,player_id,preferred_team,team_name,seq) values (?,?,?,?,?,default)
    Hibernate: insert into ft_participants (draft_order,fantasy_game_seq,player_id,preferred_team,team_name,seq) values (?,?,?,?,?,default)
    Hibernate: insert into ft_participants (draft_order,fantasy_game_seq,player_id,preferred_team,team_name,seq) values (?,?,?,?,?,default)
    Hibernate: insert into ft_participants (draft_order,fantasy_game_seq,player_id,preferred_team,team_name,seq) values (?,?,?,?,?,default)
    Hibernate: insert into ft_participants (draft_order,fantasy_game_seq,player_id,preferred_team,team_name,seq) values (?,?,?,?,?,default)
    Hibernate: insert into ft_participants (draft_order,fantasy_game_seq,player_id,preferred_team,team_name,seq) values (?,?,?,?,?,default)
    Hibernate: insert into ft_participants (draft_order,fantasy_game_seq,player_id,preferred_team,team_name,seq) values (?,?,?,?,?,default)
    Hibernate: insert into ft_participants (draft_order,fantasy_game_seq,player_id,preferred_team,team_name,seq) values (?,?,?,?,?,default)
    Hibernate: insert into ft_participants (draft_order,fantasy_game_seq,player_id,preferred_team,team_name,seq) values (?,?,?,?,?,default)
    Hibernate: insert into ft_participants (draft_order,fantasy_game_seq,player_id,preferred_team,team_name,seq) values (?,?,?,?,?,default)
    Hibernate: insert into ft_participants (draft_order,fantasy_game_seq,player_id,preferred_team,team_name,seq) values (?,?,?,?,?,default)
    Hibernate: insert into ft_participants (draft_order,fantasy_game_seq,player_id,preferred_team,team_name,seq) values (?,?,?,?,?,default)
    Hibernate: insert into ft_participants (draft_order,fantasy_game_seq,player_id,preferred_team,team_name,seq) values (?,?,?,?,?,default)
    Hibernate: insert into ft_participants (draft_order,fantasy_game_seq,player_id,preferred_team,team_name,seq) values (?,?,?,?,?,default)
    Hibernate: insert into ft_participants (draft_order,fantasy_game_seq,player_id,preferred_team,team_name,seq) values (?,?,?,?,?,default)
    Hibernate: insert into ft_participants (draft_order,fantasy_game_seq,player_id,preferred_team,team_name,seq) values (?,?,?,?,?,default)
    Hibernate: insert into ft_participants (draft_order,fantasy_game_seq,player_id,preferred_team,team_name,seq) values (?,?,?,?,?,default)
    Hibernate: insert into ft_participants (draft_order,fantasy_game_seq,player_id,preferred_team,team_name,seq) values (?,?,?,?,?,default)
    Hibernate: insert into ft_participants (draft_order,fantasy_game_seq,player_id,preferred_team,team_name,seq) values (?,?,?,?,?,default)
    Hibernate: insert into ft_participants (draft_order,fantasy_game_seq,player_id,preferred_team,team_name,seq) values (?,?,?,?,?,default)
    Hibernate: insert into ft_participants (draft_order,fantasy_game_seq,player_id,preferred_team,team_name,seq) values (?,?,?,?,?,default)
    Hibernate: insert into ft_participants (draft_order,fantasy_game_seq,player_id,preferred_team,team_name,seq) values (?,?,?,?,?,default)
    Hibernate: insert into ft_participants (draft_order,fantasy_game_seq,player_id,preferred_team,team_name,seq) values (?,?,?,?,?,default)
    Hibernate: insert into ft_participants (draft_order,fantasy_game_seq,player_id,preferred_team,team_name,seq) values (?,?,?,?,?,default)
    Hibernate: insert into ft_participants (draft_order,fantasy_game_seq,player_id,preferred_team,team_name,seq) values (?,?,?,?,?,default)
    Hibernate: insert into ft_participants (draft_order,fantasy_game_seq,player_id,preferred_team,team_name,seq) values (?,?,?,?,?,default)
    Hibernate: insert into ft_participants (draft_order,fantasy_game_seq,player_id,preferred_team,team_name,seq) values (?,?,?,?,?,default)
    Hibernate: insert into ft_participants (draft_order,fantasy_game_seq,player_id,preferred_team,team_name,seq) values (?,?,?,?,?,default)
    Hibernate: insert into ft_participants (draft_order,fantasy_game_seq,player_id,preferred_team,team_name,seq) values (?,?,?,?,?,default)
    Hibernate: insert into ft_participants (draft_order,fantasy_game_seq,player_id,preferred_team,team_name,seq) values (?,?,?,?,?,default)
    Hibernate: insert into ft_participants (draft_order,fantasy_game_seq,player_id,preferred_team,team_name,seq) values (?,?,?,?,?,default)
    Hibernate: insert into ft_participants (draft_order,fantasy_game_seq,player_id,preferred_team,team_name,seq) values (?,?,?,?,?,default)
    Hibernate: insert into ft_participants (draft_order,fantasy_game_seq,player_id,preferred_team,team_name,seq) values (?,?,?,?,?,default)
    Hibernate: insert into ft_participants (draft_order,fantasy_game_seq,player_id,preferred_team,team_name,seq) values (?,?,?,?,?,default)
    Hibernate: insert into ft_participants (draft_order,fantasy_game_seq,player_id,preferred_team,team_name,seq) values (?,?,?,?,?,default)
    Hibernate: insert into ft_participants (draft_order,fantasy_game_seq,player_id,preferred_team,team_name,seq) values (?,?,?,?,?,default)
    Hibernate: insert into ft_participants (draft_order,fantasy_game_seq,player_id,preferred_team,team_name,seq) values (?,?,?,?,?,default)
    Hibernate: insert into ft_participants (draft_order,fantasy_game_seq,player_id,preferred_team,team_name,seq) values (?,?,?,?,?,default)
    Hibernate: insert into ft_participants (draft_order,fantasy_game_seq,player_id,preferred_team,team_name,seq) values (?,?,?,?,?,default)
    Hibernate: insert into ft_participants (draft_order,fantasy_game_seq,player_id,preferred_team,team_name,seq) values (?,?,?,?,?,default)
    Hibernate: insert into ft_participants (draft_order,fantasy_game_seq,player_id,preferred_team,team_name,seq) values (?,?,?,?,?,default)
    Hibernate: insert into ft_participants (draft_order,fantasy_game_seq,player_id,preferred_team,team_name,seq) values (?,?,?,?,?,default)
    Hibernate: insert into ft_participants (draft_order,fantasy_game_seq,player_id,preferred_team,team_name,seq) values (?,?,?,?,?,default)
    Hibernate: insert into ft_participants (draft_order,fantasy_game_seq,player_id,preferred_team,team_name,seq) values (?,?,?,?,?,default)
    Hibernate: insert into ft_participants (draft_order,fantasy_game_seq,player_id,preferred_team,team_name,seq) values (?,?,?,?,?,default)
    Hibernate: insert into ft_participants (draft_order,fantasy_game_seq,player_id,preferred_team,team_name,seq) values (?,?,?,?,?,default)
    Hibernate: insert into ft_participants (draft_order,fantasy_game_seq,player_id,preferred_team,team_name,seq) values (?,?,?,?,?,default)
    Hibernate: insert into ft_participants (draft_order,fantasy_game_seq,player_id,preferred_team,team_name,seq) values (?,?,?,?,?,default)
    Hibernate: insert into ft_participants (draft_order,fantasy_game_seq,player_id,preferred_team,team_name,seq) values (?,?,?,?,?,default)
    Hibernate: insert into ft_participants (draft_order,fantasy_game_seq,player_id,preferred_team,team_name,seq) values (?,?,?,?,?,default)
    Hibernate: insert into ft_participants (draft_order,fantasy_game_seq,player_id,preferred_team,team_name,seq) values (?,?,?,?,?,default)
    Hibernate: insert into ft_participants (draft_order,fantasy_game_seq,player_id,preferred_team,team_name,seq) values (?,?,?,?,?,default)
    Hibernate: insert into ft_participants (draft_order,fantasy_game_seq,player_id,preferred_team,team_name,seq) values (?,?,?,?,?,default)
    Hibernate: insert into ft_participants (draft_order,fantasy_game_seq,player_id,preferred_team,team_name,seq) values (?,?,?,?,?,default)
    Hibernate: insert into ft_participants (draft_order,fantasy_game_seq,player_id,preferred_team,team_name,seq) values (?,?,?,?,?,default)
    Hibernate: insert into ft_participants (draft_order,fantasy_game_seq,player_id,preferred_team,team_name,seq) values (?,?,?,?,?,default)
    Hibernate: insert into ft_participants (draft_order,fantasy_game_seq,player_id,preferred_team,team_name,seq) values (?,?,?,?,?,default)
    Hibernate: insert into ft_participants (draft_order,fantasy_game_seq,player_id,preferred_team,team_name,seq) values (?,?,?,?,?,default)
    Hibernate: insert into ft_participants (draft_order,fantasy_game_seq,player_id,preferred_team,team_name,seq) values (?,?,?,?,?,default)
    Hibernate: insert into ft_participants (draft_order,fantasy_game_seq,player_id,preferred_team,team_name,seq) values (?,?,?,?,?,default)
    Hibernate: insert into ft_participants (draft_order,fantasy_game_seq,player_id,preferred_team,team_name,seq) values (?,?,?,?,?,default)
    Hibernate: insert into ft_participants (draft_order,fantasy_game_seq,player_id,preferred_team,team_name,seq) values (?,?,?,?,?,default)
    Hibernate: insert into ft_participants (draft_order,fantasy_game_seq,player_id,preferred_team,team_name,seq) values (?,?,?,?,?,default)
    Hibernate: insert into ft_participants (draft_order,fantasy_game_seq,player_id,preferred_team,team_name,seq) values (?,?,?,?,?,default)
    Hibernate: insert into ft_participants (draft_order,fantasy_game_seq,player_id,preferred_team,team_name,seq) values (?,?,?,?,?,default)
    Hibernate: insert into ft_participants (draft_order,fantasy_game_seq,player_id,preferred_team,team_name,seq) values (?,?,?,?,?,default)
    Hibernate: insert into ft_participants (draft_order,fantasy_game_seq,player_id,preferred_team,team_name,seq) values (?,?,?,?,?,default)
    Hibernate: insert into ft_participants (draft_order,fantasy_game_seq,player_id,preferred_team,team_name,seq) values (?,?,?,?,?,default)
    Hibernate: insert into ft_participants (draft_order,fantasy_game_seq,player_id,preferred_team,team_name,seq) values (?,?,?,?,?,default)
    Hibernate: insert into ft_participants (draft_order,fantasy_game_seq,player_id,preferred_team,team_name,seq) values (?,?,?,?,?,default)
    Hibernate: insert into ft_participants (draft_order,fantasy_game_seq,player_id,preferred_team,team_name,seq) values (?,?,?,?,?,default)
    Hibernate: insert into ft_participants (draft_order,fantasy_game_seq,player_id,preferred_team,team_name,seq) values (?,?,?,?,?,default)
    Hibernate: insert into ft_participants (draft_order,fantasy_game_seq,player_id,preferred_team,team_name,seq) values (?,?,?,?,?,default)
    Hibernate: insert into ft_participants (draft_order,fantasy_game_seq,player_id,preferred_team,team_name,seq) values (?,?,?,?,?,default)
    Hibernate: insert into ft_participants (draft_order,fantasy_game_seq,player_id,preferred_team,team_name,seq) values (?,?,?,?,?,default)
    Hibernate: insert into ft_participants (draft_order,fantasy_game_seq,player_id,preferred_team,team_name,seq) values (?,?,?,?,?,default)
    Hibernate: insert into ft_participants (draft_order,fantasy_game_seq,player_id,preferred_team,team_name,seq) values (?,?,?,?,?,default)
    Hibernate: insert into ft_participants (draft_order,fantasy_game_seq,player_id,preferred_team,team_name,seq) values (?,?,?,?,?,default)
    Hibernate: insert into ft_participants (draft_order,fantasy_game_seq,player_id,preferred_team,team_name,seq) values (?,?,?,?,?,default)
    Hibernate: insert into ft_participants (draft_order,fantasy_game_seq,player_id,preferred_team,team_name,seq) values (?,?,?,?,?,default)
    Hibernate: insert into ft_participants (draft_order,fantasy_game_seq,player_id,preferred_team,team_name,seq) values (?,?,?,?,?,default)
    Hibernate: insert into ft_participants (draft_order,fantasy_game_seq,player_id,preferred_team,team_name,seq) values (?,?,?,?,?,default)
    Hibernate: insert into ft_participants (draft_order,fantasy_game_seq,player_id,preferred_team,team_name,seq) values (?,?,?,?,?,default)
    Hibernate: insert into ft_participants (draft_order,fantasy_game_seq,player_id,preferred_team,team_name,seq) values (?,?,?,?,?,default)
    Hibernate: insert into ft_participants (draft_order,fantasy_game_seq,player_id,preferred_team,team_name,seq) values (?,?,?,?,?,default)
    Hibernate: insert into ft_participants (draft_order,fantasy_game_seq,player_id,preferred_team,team_name,seq) values (?,?,?,?,?,default)
    Hibernate: insert into ft_participants (draft_order,fantasy_game_seq,player_id,preferred_team,team_name,seq) values (?,?,?,?,?,default)
    Hibernate: insert into ft_participants (draft_order,fantasy_game_seq,player_id,preferred_team,team_name,seq) values (?,?,?,?,?,default)
    Hibernate: insert into ft_participants (draft_order,fantasy_game_seq,player_id,preferred_team,team_name,seq) values (?,?,?,?,?,default)
    Hibernate: insert into ft_participants (draft_order,fantasy_game_seq,player_id,preferred_team,team_name,seq) values (?,?,?,?,?,default)
    Hibernate: insert into ft_participants (draft_order,fantasy_game_seq,player_id,preferred_team,team_name,seq) values (?,?,?,?,?,default)
    Hibernate: insert into ft_participants (draft_order,fantasy_game_seq,player_id,preferred_team,team_name,seq) values (?,?,?,?,?,default)
    Hibernate: insert into ft_participants (draft_order,fantasy_game_seq,player_id,preferred_team,team_name,seq) values (?,?,?,?,?,default)
    Hibernate: insert into ft_participants (draft_order,fantasy_game_seq,player_id,preferred_team,team_name,seq) values (?,?,?,?,?,default)
    Hibernate: insert into ft_participants (draft_order,fantasy_game_seq,player_id,preferred_team,team_name,seq) values (?,?,?,?,?,default)
    Hibernate: insert into ft_participants (draft_order,fantasy_game_seq,player_id,preferred_team,team_name,seq) values (?,?,?,?,?,default)
    Hibernate: insert into ft_participants (draft_order,fantasy_game_seq,player_id,preferred_team,team_name,seq) values (?,?,?,?,?,default)
    Hibernate: insert into ft_participants (draft_order,fantasy_game_seq,player_id,preferred_team,team_name,seq) values (?,?,?,?,?,default)
    Hibernate: insert into ft_participants (draft_order,fantasy_game_seq,player_id,preferred_team,team_name,seq) values (?,?,?,?,?,default)
    Hibernate: insert into ft_participants (draft_order,fantasy_game_seq,player_id,preferred_team,team_name,seq) values (?,?,?,?,?,default)
    Hibernate: insert into ft_participants (draft_order,fantasy_game_seq,player_id,preferred_team,team_name,seq) values (?,?,?,?,?,default)
    Hibernate: insert into ft_participants (draft_order,fantasy_game_seq,player_id,preferred_team,team_name,seq) values (?,?,?,?,?,default)
    Hibernate: insert into ft_participants (draft_order,fantasy_game_seq,player_id,preferred_team,team_name,seq) values (?,?,?,?,?,default)
    Hibernate: insert into ft_participants (draft_order,fantasy_game_seq,player_id,preferred_team,team_name,seq) values (?,?,?,?,?,default)
    Hibernate: insert into ft_participants (draft_order,fantasy_game_seq,player_id,preferred_team,team_name,seq) values (?,?,?,?,?,default)
    Hibernate: insert into ft_participants (draft_order,fantasy_game_seq,player_id,preferred_team,team_name,seq) values (?,?,?,?,?,default)
    Hibernate: insert into ft_participants (draft_order,fantasy_game_seq,player_id,preferred_team,team_name,seq) values (?,?,?,?,?,default)
    Hibernate: insert into ft_participants (draft_order,fantasy_game_seq,player_id,preferred_team,team_name,seq) values (?,?,?,?,?,default)
    Hibernate: insert into ft_participants (draft_order,fantasy_game_seq,player_id,preferred_team,team_name,seq) values (?,?,?,?,?,default)
    Hibernate: insert into ft_participants (draft_order,fantasy_game_seq,player_id,preferred_team,team_name,seq) values (?,?,?,?,?,default)
    Hibernate: insert into ft_participants (draft_order,fantasy_game_seq,player_id,preferred_team,team_name,seq) values (?,?,?,?,?,default)
    Hibernate: insert into ft_participants (draft_order,fantasy_game_seq,player_id,preferred_team,team_name,seq) values (?,?,?,?,?,default)
    Hibernate: insert into ft_participants (draft_order,fantasy_game_seq,player_id,preferred_team,team_name,seq) values (?,?,?,?,?,default)
    Hibernate: insert into ft_participants (draft_order,fantasy_game_seq,player_id,preferred_team,team_name,seq) values (?,?,?,?,?,default)
    Hibernate: insert into ft_participants (draft_order,fantasy_game_seq,player_id,preferred_team,team_name,seq) values (?,?,?,?,?,default)
    Hibernate: insert into ft_participants (draft_order,fantasy_game_seq,player_id,preferred_team,team_name,seq) values (?,?,?,?,?,default)
    Hibernate: insert into ft_participants (draft_order,fantasy_game_seq,player_id,preferred_team,team_name,seq) values (?,?,?,?,?,default)
    Hibernate: insert into ft_participants (draft_order,fantasy_game_seq,player_id,preferred_team,team_name,seq) values (?,?,?,?,?,default)
    Hibernate: insert into ft_participants (draft_order,fantasy_game_seq,player_id,preferred_team,team_name,seq) values (?,?,?,?,?,default)
    Hibernate: insert into ft_participants (draft_order,fantasy_game_seq,player_id,preferred_team,team_name,seq) values (?,?,?,?,?,default)
    Hibernate: insert into ft_participants (draft_order,fantasy_game_seq,player_id,preferred_team,team_name,seq) values (?,?,?,?,?,default)
    Hibernate: insert into ft_participants (draft_order,fantasy_game_seq,player_id,preferred_team,team_name,seq) values (?,?,?,?,?,default)
    Hibernate: insert into ft_participants (draft_order,fantasy_game_seq,player_id,preferred_team,team_name,seq) values (?,?,?,?,?,default)
    Hibernate: insert into ft_participants (draft_order,fantasy_game_seq,player_id,preferred_team,team_name,seq) values (?,?,?,?,?,default)
    Hibernate: insert into ft_participants (draft_order,fantasy_game_seq,player_id,preferred_team,team_name,seq) values (?,?,?,?,?,default)
    Hibernate: insert into ft_participants (draft_order,fantasy_game_seq,player_id,preferred_team,team_name,seq) values (?,?,?,?,?,default)
    Hibernate: insert into ft_participants (draft_order,fantasy_game_seq,player_id,preferred_team,team_name,seq) values (?,?,?,?,?,default)
    Hibernate: insert into ft_participants (draft_order,fantasy_game_seq,player_id,preferred_team,team_name,seq) values (?,?,?,?,?,default)
    Hibernate: insert into ft_participants (draft_order,fantasy_game_seq,player_id,preferred_team,team_name,seq) values (?,?,?,?,?,default)
    Hibernate: insert into ft_participants (draft_order,fantasy_game_seq,player_id,preferred_team,team_name,seq) values (?,?,?,?,?,default)
    Hibernate: insert into ft_participants (draft_order,fantasy_game_seq,player_id,preferred_team,team_name,seq) values (?,?,?,?,?,default)
    Hibernate: insert into ft_participants (draft_order,fantasy_game_seq,player_id,preferred_team,team_name,seq) values (?,?,?,?,?,default)
    Hibernate: insert into ft_participants (draft_order,fantasy_game_seq,player_id,preferred_team,team_name,seq) values (?,?,?,?,?,default)
    Hibernate: insert into ft_participants (draft_order,fantasy_game_seq,player_id,preferred_team,team_name,seq) values (?,?,?,?,?,default)
    Hibernate: insert into ft_participants (draft_order,fantasy_game_seq,player_id,preferred_team,team_name,seq) values (?,?,?,?,?,default)
    Hibernate: insert into ft_participants (draft_order,fantasy_game_seq,player_id,preferred_team,team_name,seq) values (?,?,?,?,?,default)
    Hibernate: insert into ft_participants (draft_order,fantasy_game_seq,player_id,preferred_team,team_name,seq) values (?,?,?,?,?,default)
    Hibernate: insert into ft_participants (draft_order,fantasy_game_seq,player_id,preferred_team,team_name,seq) values (?,?,?,?,?,default)
    Hibernate: insert into ft_participants (draft_order,fantasy_game_seq,player_id,preferred_team,team_name,seq) values (?,?,?,?,?,default)
    Hibernate: insert into ft_participants (draft_order,fantasy_game_seq,player_id,preferred_team,team_name,seq) values (?,?,?,?,?,default)
    Hibernate: insert into ft_participants (draft_order,fantasy_game_seq,player_id,preferred_team,team_name,seq) values (?,?,?,?,?,default)
    Hibernate: insert into ft_participants (draft_order,fantasy_game_seq,player_id,preferred_team,team_name,seq) values (?,?,?,?,?,default)
    Hibernate: insert into ft_participants (draft_order,fantasy_game_seq,player_id,preferred_team,team_name,seq) values (?,?,?,?,?,default)
    Hibernate: insert into ft_participants (draft_order,fantasy_game_seq,player_id,preferred_team,team_name,seq) values (?,?,?,?,?,default)
    Hibernate: insert into ft_participants (draft_order,fantasy_game_seq,player_id,preferred_team,team_name,seq) values (?,?,?,?,?,default)
    Hibernate: insert into ft_participants (draft_order,fantasy_game_seq,player_id,preferred_team,team_name,seq) values (?,?,?,?,?,default)
    Hibernate: insert into ft_participants (draft_order,fantasy_game_seq,player_id,preferred_team,team_name,seq) values (?,?,?,?,?,default)
    Hibernate: insert into ft_participants (draft_order,fantasy_game_seq,player_id,preferred_team,team_name,seq) values (?,?,?,?,?,default)
    Hibernate: insert into ft_participants (draft_order,fantasy_game_seq,player_id,preferred_team,team_name,seq) values (?,?,?,?,?,default)
    Hibernate: insert into ft_participants (draft_order,fantasy_game_seq,player_id,preferred_team,team_name,seq) values (?,?,?,?,?,default)
    Hibernate: insert into ft_participants (draft_order,fantasy_game_seq,player_id,preferred_team,team_name,seq) values (?,?,?,?,?,default)
    Hibernate: insert into ft_participants (draft_order,fantasy_game_seq,player_id,preferred_team,team_name,seq) values (?,?,?,?,?,default)
    Hibernate: insert into ft_participants (draft_order,fantasy_game_seq,player_id,preferred_team,team_name,seq) values (?,?,?,?,?,default)
    Hibernate: insert into ft_participants (draft_order,fantasy_game_seq,player_id,preferred_team,team_name,seq) values (?,?,?,?,?,default)
    Hibernate: insert into ft_participants (draft_order,fantasy_game_seq,player_id,preferred_team,team_name,seq) values (?,?,?,?,?,default)
    Hibernate: insert into ft_participants (draft_order,fantasy_game_seq,player_id,preferred_team,team_name,seq) values (?,?,?,?,?,default)
    Hibernate: insert into ft_participants (draft_order,fantasy_game_seq,player_id,preferred_team,team_name,seq) values (?,?,?,?,?,default)
    Hibernate: insert into ft_participants (draft_order,fantasy_game_seq,player_id,preferred_team,team_name,seq) values (?,?,?,?,?,default)
    Hibernate: insert into ft_participants (draft_order,fantasy_game_seq,player_id,preferred_team,team_name,seq) values (?,?,?,?,?,default)
    Hibernate: insert into ft_participants (draft_order,fantasy_game_seq,player_id,preferred_team,team_name,seq) values (?,?,?,?,?,default)
    Hibernate: insert into ft_participants (draft_order,fantasy_game_seq,player_id,preferred_team,team_name,seq) values (?,?,?,?,?,default)
    Hibernate: insert into ft_participants (draft_order,fantasy_game_seq,player_id,preferred_team,team_name,seq) values (?,?,?,?,?,default)
    Hibernate: insert into ft_participants (draft_order,fantasy_game_seq,player_id,preferred_team,team_name,seq) values (?,?,?,?,?,default)
    Hibernate: insert into ft_participants (draft_order,fantasy_game_seq,player_id,preferred_team,team_name,seq) values (?,?,?,?,?,default)
    Hibernate: insert into ft_participants (draft_order,fantasy_game_seq,player_id,preferred_team,team_name,seq) values (?,?,?,?,?,default)
    Hibernate: insert into ft_participants (draft_order,fantasy_game_seq,player_id,preferred_team,team_name,seq) values (?,?,?,?,?,default)
    Hibernate: insert into ft_participants (draft_order,fantasy_game_seq,player_id,preferred_team,team_name,seq) values (?,?,?,?,?,default)
    Hibernate: insert into ft_participants (draft_order,fantasy_game_seq,player_id,preferred_team,team_name,seq) values (?,?,?,?,?,default)
    Hibernate: insert into ft_participants (draft_order,fantasy_game_seq,player_id,preferred_team,team_name,seq) values (?,?,?,?,?,default)
    Hibernate: insert into ft_participants (draft_order,fantasy_game_seq,player_id,preferred_team,team_name,seq) values (?,?,?,?,?,default)
    Hibernate: insert into ft_participants (draft_order,fantasy_game_seq,player_id,preferred_team,team_name,seq) values (?,?,?,?,?,default)
    Hibernate: insert into ft_participants (draft_order,fantasy_game_seq,player_id,preferred_team,team_name,seq) values (?,?,?,?,?,default)
    Hibernate: insert into ft_participants (draft_order,fantasy_game_seq,player_id,preferred_team,team_name,seq) values (?,?,?,?,?,default)
    Hibernate: insert into ft_participants (draft_order,fantasy_game_seq,player_id,preferred_team,team_name,seq) values (?,?,?,?,?,default)
    Hibernate: insert into ft_participants (draft_order,fantasy_game_seq,player_id,preferred_team,team_name,seq) values (?,?,?,?,?,default)
    Hibernate: insert into ft_participants (draft_order,fantasy_game_seq,player_id,preferred_team,team_name,seq) values (?,?,?,?,?,default)
    Hibernate: insert into ft_participants (draft_order,fantasy_game_seq,player_id,preferred_team,team_name,seq) values (?,?,?,?,?,default)
    Hibernate: insert into ft_participants (draft_order,fantasy_game_seq,player_id,preferred_team,team_name,seq) values (?,?,?,?,?,default)
    Hibernate: insert into ft_participants (draft_order,fantasy_game_seq,player_id,preferred_team,team_name,seq) values (?,?,?,?,?,default)
    Hibernate: insert into ft_participants (draft_order,fantasy_game_seq,player_id,preferred_team,team_name,seq) values (?,?,?,?,?,default)
    Hibernate: insert into ft_participants (draft_order,fantasy_game_seq,player_id,preferred_team,team_name,seq) values (?,?,?,?,?,default)
    Hibernate: insert into ft_participants (draft_order,fantasy_game_seq,player_id,preferred_team,team_name,seq) values (?,?,?,?,?,default)
    Hibernate: insert into ft_participants (draft_order,fantasy_game_seq,player_id,preferred_team,team_name,seq) values (?,?,?,?,?,default)
    Hibernate: insert into ft_participants (draft_order,fantasy_game_seq,player_id,preferred_team,team_name,seq) values (?,?,?,?,?,default)
    Hibernate: insert into ft_participants (draft_order,fantasy_game_seq,player_id,preferred_team,team_name,seq) values (?,?,?,?,?,default)
    Hibernate: insert into ft_participants (draft_order,fantasy_game_seq,player_id,preferred_team,team_name,seq) values (?,?,?,?,?,default)
    Hibernate: insert into ft_participants (draft_order,fantasy_game_seq,player_id,preferred_team,team_name,seq) values (?,?,?,?,?,default)
    Hibernate: insert into ft_participants (draft_order,fantasy_game_seq,player_id,preferred_team,team_name,seq) values (?,?,?,?,?,default)
    Hibernate: insert into ft_participants (draft_order,fantasy_game_seq,player_id,preferred_team,team_name,seq) values (?,?,?,?,?,default)
    Hibernate: insert into ft_participants (draft_order,fantasy_game_seq,player_id,preferred_team,team_name,seq) values (?,?,?,?,?,default)
    Hibernate: insert into ft_participants (draft_order,fantasy_game_seq,player_id,preferred_team,team_name,seq) values (?,?,?,?,?,default)
    Hibernate: insert into ft_participants (draft_order,fantasy_game_seq,player_id,preferred_team,team_name,seq) values (?,?,?,?,?,default)
    Hibernate: insert into ft_participants (draft_order,fantasy_game_seq,player_id,preferred_team,team_name,seq) values (?,?,?,?,?,default)
    Hibernate: insert into ft_participants (draft_order,fantasy_game_seq,player_id,preferred_team,team_name,seq) values (?,?,?,?,?,default)
    Hibernate: insert into ft_participants (draft_order,fantasy_game_seq,player_id,preferred_team,team_name,seq) values (?,?,?,?,?,default)
    Hibernate: insert into ft_participants (draft_order,fantasy_game_seq,player_id,preferred_team,team_name,seq) values (?,?,?,?,?,default)
    Hibernate: insert into ft_participants (draft_order,fantasy_game_seq,player_id,preferred_team,team_name,seq) values (?,?,?,?,?,default)
    Hibernate: insert into ft_participants (draft_order,fantasy_game_seq,player_id,preferred_team,team_name,seq) values (?,?,?,?,?,default)
    Hibernate: insert into ft_participants (draft_order,fantasy_game_seq,player_id,preferred_team,team_name,seq) values (?,?,?,?,?,default)
    Hibernate: insert into ft_participants (draft_order,fantasy_game_seq,player_id,preferred_team,team_name,seq) values (?,?,?,?,?,default)
    Hibernate: insert into ft_participants (draft_order,fantasy_game_seq,player_id,preferred_team,team_name,seq) values (?,?,?,?,?,default)
    Hibernate: insert into ft_participants (draft_order,fantasy_game_seq,player_id,preferred_team,team_name,seq) values (?,?,?,?,?,default)
    Hibernate: insert into ft_participants (draft_order,fantasy_game_seq,player_id,preferred_team,team_name,seq) values (?,?,?,?,?,default)
    Hibernate: insert into ft_participants (draft_order,fantasy_game_seq,player_id,preferred_team,team_name,seq) values (?,?,?,?,?,default)
    Hibernate: insert into ft_participants (draft_order,fantasy_game_seq,player_id,preferred_team,team_name,seq) values (?,?,?,?,?,default)
    Hibernate: insert into ft_participants (draft_order,fantasy_game_seq,player_id,preferred_team,team_name,seq) values (?,?,?,?,?,default)
    Hibernate: insert into ft_participants (draft_order,fantasy_game_seq,player_id,preferred_team,team_name,seq) values (?,?,?,?,?,default)
    Hibernate: insert into ft_participants (draft_order,fantasy_game_seq,player_id,preferred_team,team_name,seq) values (?,?,?,?,?,default)
    Hibernate: insert into ft_participants (draft_order,fantasy_game_seq,player_id,preferred_team,team_name,seq) values (?,?,?,?,?,default)
    Hibernate: insert into ft_participants (draft_order,fantasy_game_seq,player_id,preferred_team,team_name,seq) values (?,?,?,?,?,default)
    Hibernate: insert into ft_participants (draft_order,fantasy_game_seq,player_id,preferred_team,team_name,seq) values (?,?,?,?,?,default)
    Hibernate: insert into ft_participants (draft_order,fantasy_game_seq,player_id,preferred_team,team_name,seq) values (?,?,?,?,?,default)
    Hibernate: insert into ft_participants (draft_order,fantasy_game_seq,player_id,preferred_team,team_name,seq) values (?,?,?,?,?,default)
    Hibernate: insert into ft_participants (draft_order,fantasy_game_seq,player_id,preferred_team,team_name,seq) values (?,?,?,?,?,default)
    Hibernate: insert into ft_participants (draft_order,fantasy_game_seq,player_id,preferred_team,team_name,seq) values (?,?,?,?,?,default)
    Hibernate: insert into ft_participants (draft_order,fantasy_game_seq,player_id,preferred_team,team_name,seq) values (?,?,?,?,?,default)
    Hibernate: insert into ft_participants (draft_order,fantasy_game_seq,player_id,preferred_team,team_name,seq) values (?,?,?,?,?,default)
    Hibernate: insert into ft_participants (draft_order,fantasy_game_seq,player_id,preferred_team,team_name,seq) values (?,?,?,?,?,default)
    Hibernate: insert into ft_participants (draft_order,fantasy_game_seq,player_id,preferred_team,team_name,seq) values (?,?,?,?,?,default)
    Hibernate: insert into ft_participants (draft_order,fantasy_game_seq,player_id,preferred_team,team_name,seq) values (?,?,?,?,?,default)
    Hibernate: insert into ft_participants (draft_order,fantasy_game_seq,player_id,preferred_team,team_name,seq) values (?,?,?,?,?,default)
    Hibernate: insert into ft_participants (draft_order,fantasy_game_seq,player_id,preferred_team,team_name,seq) values (?,?,?,?,?,default)
    Hibernate: insert into ft_participants (draft_order,fantasy_game_seq,player_id,preferred_team,team_name,seq) values (?,?,?,?,?,default)
    Hibernate: insert into ft_participants (draft_order,fantasy_game_seq,player_id,preferred_team,team_name,seq) values (?,?,?,?,?,default)
    Hibernate: insert into ft_participants (draft_order,fantasy_game_seq,player_id,preferred_team,team_name,seq) values (?,?,?,?,?,default)
    Hibernate: insert into ft_participants (draft_order,fantasy_game_seq,player_id,preferred_team,team_name,seq) values (?,?,?,?,?,default)
    Hibernate: insert into ft_participants (draft_order,fantasy_game_seq,player_id,preferred_team,team_name,seq) values (?,?,?,?,?,default)
    Hibernate: insert into ft_participants (draft_order,fantasy_game_seq,player_id,preferred_team,team_name,seq) values (?,?,?,?,?,default)
    Hibernate: insert into ft_participants (draft_order,fantasy_game_seq,player_id,preferred_team,team_name,seq) values (?,?,?,?,?,default)
    Hibernate: insert into ft_participants (draft_order,fantasy_game_seq,player_id,preferred_team,team_name,seq) values (?,?,?,?,?,default)
    Hibernate: insert into ft_participants (draft_order,fantasy_game_seq,player_id,preferred_team,team_name,seq) values (?,?,?,?,?,default)
    Hibernate: insert into ft_participants (draft_order,fantasy_game_seq,player_id,preferred_team,team_name,seq) values (?,?,?,?,?,default)
    Hibernate: insert into ft_participants (draft_order,fantasy_game_seq,player_id,preferred_team,team_name,seq) values (?,?,?,?,?,default)
    Hibernate: insert into ft_participants (draft_order,fantasy_game_seq,player_id,preferred_team,team_name,seq) values (?,?,?,?,?,default)
    Hibernate: insert into ft_participants (draft_order,fantasy_game_seq,player_id,preferred_team,team_name,seq) values (?,?,?,?,?,default)
    Hibernate: insert into ft_participants (draft_order,fantasy_game_seq,player_id,preferred_team,team_name,seq) values (?,?,?,?,?,default)
    Hibernate: insert into ft_participants (draft_order,fantasy_game_seq,player_id,preferred_team,team_name,seq) values (?,?,?,?,?,default)
    Hibernate: insert into ft_participants (draft_order,fantasy_game_seq,player_id,preferred_team,team_name,seq) values (?,?,?,?,?,default)
    Hibernate: insert into ft_participants (draft_order,fantasy_game_seq,player_id,preferred_team,team_name,seq) values (?,?,?,?,?,default)
    Hibernate: insert into ft_participants (draft_order,fantasy_game_seq,player_id,preferred_team,team_name,seq) values (?,?,?,?,?,default)
    Hibernate: insert into ft_participants (draft_order,fantasy_game_seq,player_id,preferred_team,team_name,seq) values (?,?,?,?,?,default)
    Hibernate: insert into ft_participants (draft_order,fantasy_game_seq,player_id,preferred_team,team_name,seq) values (?,?,?,?,?,default)
    Hibernate: insert into ft_participants (draft_order,fantasy_game_seq,player_id,preferred_team,team_name,seq) values (?,?,?,?,?,default)
    Hibernate: insert into ft_participants (draft_order,fantasy_game_seq,player_id,preferred_team,team_name,seq) values (?,?,?,?,?,default)
    Hibernate: insert into ft_participants (draft_order,fantasy_game_seq,player_id,preferred_team,team_name,seq) values (?,?,?,?,?,default)
    Hibernate: insert into ft_participants (draft_order,fantasy_game_seq,player_id,preferred_team,team_name,seq) values (?,?,?,?,?,default)
    Hibernate: insert into ft_participants (draft_order,fantasy_game_seq,player_id,preferred_team,team_name,seq) values (?,?,?,?,?,default)
    Hibernate: insert into ft_participants (draft_order,fantasy_game_seq,player_id,preferred_team,team_name,seq) values (?,?,?,?,?,default)
    Hibernate: insert into ft_participants (draft_order,fantasy_game_seq,player_id,preferred_team,team_name,seq) values (?,?,?,?,?,default)
    Hibernate: insert into ft_participants (draft_order,fantasy_game_seq,player_id,preferred_team,team_name,seq) values (?,?,?,?,?,default)
    Hibernate: insert into ft_participants (draft_order,fantasy_game_seq,player_id,preferred_team,team_name,seq) values (?,?,?,?,?,default)
    Hibernate: insert into ft_participants (draft_order,fantasy_game_seq,player_id,preferred_team,team_name,seq) values (?,?,?,?,?,default)
    Hibernate: insert into ft_participants (draft_order,fantasy_game_seq,player_id,preferred_team,team_name,seq) values (?,?,?,?,?,default)
    Hibernate: insert into ft_participants (draft_order,fantasy_game_seq,player_id,preferred_team,team_name,seq) values (?,?,?,?,?,default)
    Hibernate: insert into ft_participants (draft_order,fantasy_game_seq,player_id,preferred_team,team_name,seq) values (?,?,?,?,?,default)
    Hibernate: insert into ft_participants (draft_order,fantasy_game_seq,player_id,preferred_team,team_name,seq) values (?,?,?,?,?,default)
    Hibernate: insert into ft_participants (draft_order,fantasy_game_seq,player_id,preferred_team,team_name,seq) values (?,?,?,?,?,default)
    Hibernate: insert into ft_participants (draft_order,fantasy_game_seq,player_id,preferred_team,team_name,seq) values (?,?,?,?,?,default)
    Hibernate: insert into ft_participants (draft_order,fantasy_game_seq,player_id,preferred_team,team_name,seq) values (?,?,?,?,?,default)
    Hibernate: insert into ft_participants (draft_order,fantasy_game_seq,player_id,preferred_team,team_name,seq) values (?,?,?,?,?,default)
    Hibernate: insert into ft_participants (draft_order,fantasy_game_seq,player_id,preferred_team,team_name,seq) values (?,?,?,?,?,default)
    Hibernate: insert into ft_participants (draft_order,fantasy_game_seq,player_id,preferred_team,team_name,seq) values (?,?,?,?,?,default)
    Hibernate: insert into ft_participants (draft_order,fantasy_game_seq,player_id,preferred_team,team_name,seq) values (?,?,?,?,?,default)
    Hibernate: insert into ft_participants (draft_order,fantasy_game_seq,player_id,preferred_team,team_name,seq) values (?,?,?,?,?,default)
    Hibernate: insert into ft_participants (draft_order,fantasy_game_seq,player_id,preferred_team,team_name,seq) values (?,?,?,?,?,default)
    Hibernate: insert into ft_participants (draft_order,fantasy_game_seq,player_id,preferred_team,team_name,seq) values (?,?,?,?,?,default)
    Hibernate: insert into ft_participants (draft_order,fantasy_game_seq,player_id,preferred_team,team_name,seq) values (?,?,?,?,?,default)
    Hibernate: insert into ft_participants (draft_order,fantasy_game_seq,player_id,preferred_team,team_name,seq) values (?,?,?,?,?,default)
    Hibernate: insert into ft_participants (draft_order,fantasy_game_seq,player_id,preferred_team,team_name,seq) values (?,?,?,?,?,default)
    Hibernate: insert into ft_participants (draft_order,fantasy_game_seq,player_id,preferred_team,team_name,seq) values (?,?,?,?,?,default)
    Hibernate: insert into ft_participants (draft_order,fantasy_game_seq,player_id,preferred_team,team_name,seq) values (?,?,?,?,?,default)
    Hibernate: insert into ft_participants (draft_order,fantasy_game_seq,player_id,preferred_team,team_name,seq) values (?,?,?,?,?,default)
    Hibernate: insert into ft_participants (draft_order,fantasy_game_seq,player_id,preferred_team,team_name,seq) values (?,?,?,?,?,default)
    Hibernate: insert into ft_participants (draft_order,fantasy_game_seq,player_id,preferred_team,team_name,seq) values (?,?,?,?,?,default)
    Hibernate: insert into ft_participants (draft_order,fantasy_game_seq,player_id,preferred_team,team_name,seq) values (?,?,?,?,?,default)
    Hibernate: insert into ft_participants (draft_order,fantasy_game_seq,player_id,preferred_team,team_name,seq) values (?,?,?,?,?,default)
    Hibernate: insert into ft_participants (draft_order,fantasy_game_seq,player_id,preferred_team,team_name,seq) values (?,?,?,?,?,default)
    Hibernate: insert into ft_participants (draft_order,fantasy_game_seq,player_id,preferred_team,team_name,seq) values (?,?,?,?,?,default)
    Hibernate: insert into ft_participants (draft_order,fantasy_game_seq,player_id,preferred_team,team_name,seq) values (?,?,?,?,?,default)
    Hibernate: insert into ft_participants (draft_order,fantasy_game_seq,player_id,preferred_team,team_name,seq) values (?,?,?,?,?,default)
    Hibernate: insert into ft_participants (draft_order,fantasy_game_seq,player_id,preferred_team,team_name,seq) values (?,?,?,?,?,default)
    Hibernate: insert into ft_participants (draft_order,fantasy_game_seq,player_id,preferred_team,team_name,seq) values (?,?,?,?,?,default)
    Hibernate: insert into ft_participants (draft_order,fantasy_game_seq,player_id,preferred_team,team_name,seq) values (?,?,?,?,?,default)
    Hibernate: insert into ft_participants (draft_order,fantasy_game_seq,player_id,preferred_team,team_name,seq) values (?,?,?,?,?,default)
    Hibernate: insert into ft_participants (draft_order,fantasy_game_seq,player_id,preferred_team,team_name,seq) values (?,?,?,?,?,default)
    Hibernate: insert into ft_participants (draft_order,fantasy_game_seq,player_id,preferred_team,team_name,seq) values (?,?,?,?,?,default)
    Hibernate: insert into ft_participants (draft_order,fantasy_game_seq,player_id,preferred_team,team_name,seq) values (?,?,?,?,?,default)
    Hibernate: insert into ft_participants (draft_order,fantasy_game_seq,player_id,preferred_team,team_name,seq) values (?,?,?,?,?,default)
    Hibernate: insert into ft_participants (draft_order,fantasy_game_seq,player_id,preferred_team,team_name,seq) values (?,?,?,?,?,default)
    Hibernate: insert into ft_participants (draft_order,fantasy_game_seq,player_id,preferred_team,team_name,seq) values (?,?,?,?,?,default)
    Hibernate: insert into ft_participants (draft_order,fantasy_game_seq,player_id,preferred_team,team_name,seq) values (?,?,?,?,?,default)
    Hibernate: insert into ft_participants (draft_order,fantasy_game_seq,player_id,preferred_team,team_name,seq) values (?,?,?,?,?,default)
    Hibernate: insert into ft_participants (draft_order,fantasy_game_seq,player_id,preferred_team,team_name,seq) values (?,?,?,?,?,default)
    Hibernate: insert into ft_participants (draft_order,fantasy_game_seq,player_id,preferred_team,team_name,seq) values (?,?,?,?,?,default)
    Hibernate: insert into ft_participants (draft_order,fantasy_game_seq,player_id,preferred_team,team_name,seq) values (?,?,?,?,?,default)
    Hibernate: insert into ft_participants (draft_order,fantasy_game_seq,player_id,preferred_team,team_name,seq) values (?,?,?,?,?,default)
    Hibernate: insert into ft_participants (draft_order,fantasy_game_seq,player_id,preferred_team,team_name,seq) values (?,?,?,?,?,default)
    Hibernate: insert into ft_participants (draft_order,fantasy_game_seq,player_id,preferred_team,team_name,seq) values (?,?,?,?,?,default)
    Hibernate: insert into ft_participants (draft_order,fantasy_game_seq,player_id,preferred_team,team_name,seq) values (?,?,?,?,?,default)
    Hibernate: insert into ft_participants (draft_order,fantasy_game_seq,player_id,preferred_team,team_name,seq) values (?,?,?,?,?,default)
    Hibernate: insert into ft_participants (draft_order,fantasy_game_seq,player_id,preferred_team,team_name,seq) values (?,?,?,?,?,default)
    Hibernate: insert into ft_participants (draft_order,fantasy_game_seq,player_id,preferred_team,team_name,seq) values (?,?,?,?,?,default)
    Hibernate: insert into ft_participants (draft_order,fantasy_game_seq,player_id,preferred_team,team_name,seq) values (?,?,?,?,?,default)
    Hibernate: insert into ft_participants (draft_order,fantasy_game_seq,player_id,preferred_team,team_name,seq) values (?,?,?,?,?,default)
    Hibernate: insert into ft_participants (draft_order,fantasy_game_seq,player_id,preferred_team,team_name,seq) values (?,?,?,?,?,default)
    Hibernate: insert into ft_participants (draft_order,fantasy_game_seq,player_id,preferred_team,team_name,seq) values (?,?,?,?,?,default)
    Hibernate: insert into ft_participants (draft_order,fantasy_game_seq,player_id,preferred_team,team_name,seq) values (?,?,?,?,?,default)
    Hibernate: insert into ft_participants (draft_order,fantasy_game_seq,player_id,preferred_team,team_name,seq) values (?,?,?,?,?,default)
    Hibernate: insert into ft_participants (draft_order,fantasy_game_seq,player_id,preferred_team,team_name,seq) values (?,?,?,?,?,default)
    Hibernate: insert into ft_participants (draft_order,fantasy_game_seq,player_id,preferred_team,team_name,seq) values (?,?,?,?,?,default)
    Hibernate: insert into ft_participants (draft_order,fantasy_game_seq,player_id,preferred_team,team_name,seq) values (?,?,?,?,?,default)
    Hibernate: insert into ft_participants (draft_order,fantasy_game_seq,player_id,preferred_team,team_name,seq) values (?,?,?,?,?,default)
    Hibernate: insert into ft_participants (draft_order,fantasy_game_seq,player_id,preferred_team,team_name,seq) values (?,?,?,?,?,default)
    Hibernate: insert into ft_participants (draft_order,fantasy_game_seq,player_id,preferred_team,team_name,seq) values (?,?,?,?,?,default)
    Hibernate: insert into ft_participants (draft_order,fantasy_game_seq,player_id,preferred_team,team_name,seq) values (?,?,?,?,?,default)
    Hibernate: insert into ft_participants (draft_order,fantasy_game_seq,player_id,preferred_team,team_name,seq) values (?,?,?,?,?,default)
    Hibernate: insert into ft_participants (draft_order,fantasy_game_seq,player_id,preferred_team,team_name,seq) values (?,?,?,?,?,default)
    Hibernate: insert into ft_participants (draft_order,fantasy_game_seq,player_id,preferred_team,team_name,seq) values (?,?,?,?,?,default)
    Hibernate: insert into ft_participants (draft_order,fantasy_game_seq,player_id,preferred_team,team_name,seq) values (?,?,?,?,?,default)
    Hibernate: insert into ft_participants (draft_order,fantasy_game_seq,player_id,preferred_team,team_name,seq) values (?,?,?,?,?,default)
    Hibernate: insert into ft_participants (draft_order,fantasy_game_seq,player_id,preferred_team,team_name,seq) values (?,?,?,?,?,default)
    Hibernate: insert into ft_participants (draft_order,fantasy_game_seq,player_id,preferred_team,team_name,seq) values (?,?,?,?,?,default)
    Hibernate: insert into ft_participants (draft_order,fantasy_game_seq,player_id,preferred_team,team_name,seq) values (?,?,?,?,?,default)
    Hibernate: insert into ft_participants (draft_order,fantasy_game_seq,player_id,preferred_team,team_name,seq) values (?,?,?,?,?,default)
    Hibernate: insert into ft_participants (draft_order,fantasy_game_seq,player_id,preferred_team,team_name,seq) values (?,?,?,?,?,default)
    Hibernate: insert into ft_participants (draft_order,fantasy_game_seq,player_id,preferred_team,team_name,seq) values (?,?,?,?,?,default)
    Hibernate: insert into ft_participants (draft_order,fantasy_game_seq,player_id,preferred_team,team_name,seq) values (?,?,?,?,?,default)
    Hibernate: insert into ft_participants (draft_order,fantasy_game_seq,player_id,preferred_team,team_name,seq) values (?,?,?,?,?,default)
    Hibernate: insert into ft_participants (draft_order,fantasy_game_seq,player_id,preferred_team,team_name,seq) values (?,?,?,?,?,default)
    Hibernate: insert into ft_participants (draft_order,fantasy_game_seq,player_id,preferred_team,team_name,seq) values (?,?,?,?,?,default)
    Hibernate: insert into ft_participants (draft_order,fantasy_game_seq,player_id,preferred_team,team_name,seq) values (?,?,?,?,?,default)
    Hibernate: insert into ft_participants (draft_order,fantasy_game_seq,player_id,preferred_team,team_name,seq) values (?,?,?,?,?,default)
    Hibernate: insert into ft_participants (draft_order,fantasy_game_seq,player_id,preferred_team,team_name,seq) values (?,?,?,?,?,default)
    Hibernate: insert into ft_participants (draft_order,fantasy_game_seq,player_id,preferred_team,team_name,seq) values (?,?,?,?,?,default)
    Hibernate: insert into ft_participants (draft_order,fantasy_game_seq,player_id,preferred_team,team_name,seq) values (?,?,?,?,?,default)
    Hibernate: insert into ft_participants (draft_order,fantasy_game_seq,player_id,preferred_team,team_name,seq) values (?,?,?,?,?,default)
    Hibernate: insert into ft_participants (draft_order,fantasy_game_seq,player_id,preferred_team,team_name,seq) values (?,?,?,?,?,default)
    Hibernate: insert into ft_participants (draft_order,fantasy_game_seq,player_id,preferred_team,team_name,seq) values (?,?,?,?,?,default)
    Hibernate: insert into ft_participants (draft_order,fantasy_game_seq,player_id,preferred_team,team_name,seq) values (?,?,?,?,?,default)
    Hibernate: insert into ft_participants (draft_order,fantasy_game_seq,player_id,preferred_team,team_name,seq) values (?,?,?,?,?,default)
    Hibernate: insert into ft_participants (draft_order,fantasy_game_seq,player_id,preferred_team,team_name,seq) values (?,?,?,?,?,default)
    Hibernate: insert into ft_participants (draft_order,fantasy_game_seq,player_id,preferred_team,team_name,seq) values (?,?,?,?,?,default)
    Hibernate: insert into ft_participants (draft_order,fantasy_game_seq,player_id,preferred_team,team_name,seq) values (?,?,?,?,?,default)
    Hibernate: insert into ft_participants (draft_order,fantasy_game_seq,player_id,preferred_team,team_name,seq) values (?,?,?,?,?,default)
    Hibernate: insert into ft_participants (draft_order,fantasy_game_seq,player_id,preferred_team,team_name,seq) values (?,?,?,?,?,default)
    Hibernate: insert into ft_participants (draft_order,fantasy_game_seq,player_id,preferred_team,team_name,seq) values (?,?,?,?,?,default)
    Hibernate: insert into ft_participants (draft_order,fantasy_game_seq,player_id,preferred_team,team_name,seq) values (?,?,?,?,?,default)
    Hibernate: insert into ft_participants (draft_order,fantasy_game_seq,player_id,preferred_team,team_name,seq) values (?,?,?,?,?,default)
    Hibernate: insert into ft_participants (draft_order,fantasy_game_seq,player_id,preferred_team,team_name,seq) values (?,?,?,?,?,default)
    Hibernate: insert into ft_participants (draft_order,fantasy_game_seq,player_id,preferred_team,team_name,seq) values (?,?,?,?,?,default)
    Hibernate: insert into ft_participants (draft_order,fantasy_game_seq,player_id,preferred_team,team_name,seq) values (?,?,?,?,?,default)
    Hibernate: insert into ft_participants (draft_order,fantasy_game_seq,player_id,preferred_team,team_name,seq) values (?,?,?,?,?,default)
    Hibernate: insert into ft_participants (draft_order,fantasy_game_seq,player_id,preferred_team,team_name,seq) values (?,?,?,?,?,default)
    Hibernate: insert into ft_participants (draft_order,fantasy_game_seq,player_id,preferred_team,team_name,seq) values (?,?,?,?,?,default)
    Hibernate: insert into ft_participants (draft_order,fantasy_game_seq,player_id,preferred_team,team_name,seq) values (?,?,?,?,?,default)
    Hibernate: insert into ft_participants (draft_order,fantasy_game_seq,player_id,preferred_team,team_name,seq) values (?,?,?,?,?,default)
    Hibernate: insert into ft_participants (draft_order,fantasy_game_seq,player_id,preferred_team,team_name,seq) values (?,?,?,?,?,default)
    Hibernate: insert into ft_participants (draft_order,fantasy_game_seq,player_id,preferred_team,team_name,seq) values (?,?,?,?,?,default)
    Hibernate: insert into ft_participants (draft_order,fantasy_game_seq,player_id,preferred_team,team_name,seq) values (?,?,?,?,?,default)
    Hibernate: insert into ft_participants (draft_order,fantasy_game_seq,player_id,preferred_team,team_name,seq) values (?,?,?,?,?,default)
    Hibernate: insert into ft_participants (draft_order,fantasy_game_seq,player_id,preferred_team,team_name,seq) values (?,?,?,?,?,default)
    Hibernate: insert into ft_participants (draft_order,fantasy_game_seq,player_id,preferred_team,team_name,seq) values (?,?,?,?,?,default)
    Hibernate: insert into ft_participants (draft_order,fantasy_game_seq,player_id,preferred_team,team_name,seq) values (?,?,?,?,?,default)
    Hibernate: insert into ft_participants (draft_order,fantasy_game_seq,player_id,preferred_team,team_name,seq) values (?,?,?,?,?,default)
    Hibernate: insert into ft_participants (draft_order,fantasy_game_seq,player_id,preferred_team,team_name,seq) values (?,?,?,?,?,default)
    Hibernate: insert into ft_participants (draft_order,fantasy_game_seq,player_id,preferred_team,team_name,seq) values (?,?,?,?,?,default)
    Hibernate: insert into ft_participants (draft_order,fantasy_game_seq,player_id,preferred_team,team_name,seq) values (?,?,?,?,?,default)
    Hibernate: insert into ft_participants (draft_order,fantasy_game_seq,player_id,preferred_team,team_name,seq) values (?,?,?,?,?,default)
    Hibernate: insert into ft_participants (draft_order,fantasy_game_seq,player_id,preferred_team,team_name,seq) values (?,?,?,?,?,default)
    Hibernate: insert into ft_participants (draft_order,fantasy_game_seq,player_id,preferred_team,team_name,seq) values (?,?,?,?,?,default)
    Hibernate: insert into ft_participants (draft_order,fantasy_game_seq,player_id,preferred_team,team_name,seq) values (?,?,?,?,?,default)
    Hibernate: insert into ft_participants (draft_order,fantasy_game_seq,player_id,preferred_team,team_name,seq) values (?,?,?,?,?,default)
    Hibernate: insert into ft_participants (draft_order,fantasy_game_seq,player_id,preferred_team,team_name,seq) values (?,?,?,?,?,default)
    Hibernate: insert into ft_participants (draft_order,fantasy_game_seq,player_id,preferred_team,team_name,seq) values (?,?,?,?,?,default)
    Hibernate: insert into ft_participants (draft_order,fantasy_game_seq,player_id,preferred_team,team_name,seq) values (?,?,?,?,?,default)
    Hibernate: insert into ft_participants (draft_order,fantasy_game_seq,player_id,preferred_team,team_name,seq) values (?,?,?,?,?,default)
    Hibernate: insert into ft_participants (draft_order,fantasy_game_seq,player_id,preferred_team,team_name,seq) values (?,?,?,?,?,default)
    Hibernate: insert into ft_participants (draft_order,fantasy_game_seq,player_id,preferred_team,team_name,seq) values (?,?,?,?,?,default)
    Hibernate: insert into ft_participants (draft_order,fantasy_game_seq,player_id,preferred_team,team_name,seq) values (?,?,?,?,?,default)
    Hibernate: insert into ft_participants (draft_order,fantasy_game_seq,player_id,preferred_team,team_name,seq) values (?,?,?,?,?,default)
    Hibernate: insert into ft_participants (draft_order,fantasy_game_seq,player_id,preferred_team,team_name,seq) values (?,?,?,?,?,default)
    Hibernate: insert into ft_participants (draft_order,fantasy_game_seq,player_id,preferred_team,team_name,seq) values (?,?,?,?,?,default)
    Hibernate: insert into ft_participants (draft_order,fantasy_game_seq,player_id,preferred_team,team_name,seq) values (?,?,?,?,?,default)
    Hibernate: insert into ft_participants (draft_order,fantasy_game_seq,player_id,preferred_team,team_name,seq) values (?,?,?,?,?,default)
    Hibernate: insert into ft_participants (draft_order,fantasy_game_seq,player_id,preferred_team,team_name,seq) values (?,?,?,?,?,default)
    Hibernate: insert into ft_participants (draft_order,fantasy_game_seq,player_id,preferred_team,team_name,seq) values (?,?,?,?,?,default)
    Hibernate: insert into ft_participants (draft_order,fantasy_game_seq,player_id,preferred_team,team_name,seq) values (?,?,?,?,?,default)
    Hibernate: insert into ft_participants (draft_order,fantasy_game_seq,player_id,preferred_team,team_name,seq) values (?,?,?,?,?,default)
    Hibernate: insert into ft_participants (draft_order,fantasy_game_seq,player_id,preferred_team,team_name,seq) values (?,?,?,?,?,default)
    Hibernate: insert into ft_participants (draft_order,fantasy_game_seq,player_id,preferred_team,team_name,seq) values (?,?,?,?,?,default)
    Hibernate: insert into ft_participants (draft_order,fantasy_game_seq,player_id,preferred_team,team_name,seq) values (?,?,?,?,?,default)
    Hibernate: insert into ft_participants (draft_order,fantasy_game_seq,player_id,preferred_team,team_name,seq) values (?,?,?,?,?,default)
    Hibernate: insert into ft_participants (draft_order,fantasy_game_seq,player_id,preferred_team,team_name,seq) values (?,?,?,?,?,default)
    Hibernate: insert into ft_participants (draft_order,fantasy_game_seq,player_id,preferred_team,team_name,seq) values (?,?,?,?,?,default)
    Hibernate: insert into ft_participants (draft_order,fantasy_game_seq,player_id,preferred_team,team_name,seq) values (?,?,?,?,?,default)
    Hibernate: insert into ft_participants (draft_order,fantasy_game_seq,player_id,preferred_team,team_name,seq) values (?,?,?,?,?,default)
    Hibernate: insert into ft_participants (draft_order,fantasy_game_seq,player_id,preferred_team,team_name,seq) values (?,?,?,?,?,default)
    Hibernate: insert into ft_participants (draft_order,fantasy_game_seq,player_id,preferred_team,team_name,seq) values (?,?,?,?,?,default)
    Hibernate: insert into ft_participants (draft_order,fantasy_game_seq,player_id,preferred_team,team_name,seq) values (?,?,?,?,?,default)
    Hibernate: insert into ft_participants (draft_order,fantasy_game_seq,player_id,preferred_team,team_name,seq) values (?,?,?,?,?,default)
    Hibernate: insert into ft_participants (draft_order,fantasy_game_seq,player_id,preferred_team,team_name,seq) values (?,?,?,?,?,default)
    Hibernate: insert into ft_participants (draft_order,fantasy_game_seq,player_id,preferred_team,team_name,seq) values (?,?,?,?,?,default)
    Hibernate: insert into ft_participants (draft_order,fantasy_game_seq,player_id,preferred_team,team_name,seq) values (?,?,?,?,?,default)
    Hibernate: insert into ft_participants (draft_order,fantasy_game_seq,player_id,preferred_team,team_name,seq) values (?,?,?,?,?,default)
    Hibernate: insert into ft_participants (draft_order,fantasy_game_seq,player_id,preferred_team,team_name,seq) values (?,?,?,?,?,default)
    Hibernate: insert into ft_participants (draft_order,fantasy_game_seq,player_id,preferred_team,team_name,seq) values (?,?,?,?,?,default)
    Hibernate: insert into ft_participants (draft_order,fantasy_game_seq,player_id,preferred_team,team_name,seq) values (?,?,?,?,?,default)
    Hibernate: insert into ft_participants (draft_order,fantasy_game_seq,player_id,preferred_team,team_name,seq) values (?,?,?,?,?,default)
    Hibernate: insert into ft_participants (draft_order,fantasy_game_seq,player_id,preferred_team,team_name,seq) values (?,?,?,?,?,default)
    Hibernate: insert into ft_participants (draft_order,fantasy_game_seq,player_id,preferred_team,team_name,seq) values (?,?,?,?,?,default)
    Hibernate: insert into ft_participants (draft_order,fantasy_game_seq,player_id,preferred_team,team_name,seq) values (?,?,?,?,?,default)
    Hibernate: insert into ft_participants (draft_order,fantasy_game_seq,player_id,preferred_team,team_name,seq) values (?,?,?,?,?,default)
    Hibernate: insert into ft_participants (draft_order,fantasy_game_seq,player_id,preferred_team,team_name,seq) values (?,?,?,?,?,default)
    Hibernate: insert into ft_participants (draft_order,fantasy_game_seq,player_id,preferred_team,team_name,seq) values (?,?,?,?,?,default)
    Hibernate: insert into ft_participants (draft_order,fantasy_game_seq,player_id,preferred_team,team_name,seq) values (?,?,?,?,?,default)
    Hibernate: insert into ft_participants (draft_order,fantasy_game_seq,player_id,preferred_team,team_name,seq) values (?,?,?,?,?,default)
    Hibernate: insert into ft_participants (draft_order,fantasy_game_seq,player_id,preferred_team,team_name,seq) values (?,?,?,?,?,default)
    Hibernate: insert into ft_participants (draft_order,fantasy_game_seq,player_id,preferred_team,team_name,seq) values (?,?,?,?,?,default)
    Hibernate: insert into ft_participants (draft_order,fantasy_game_seq,player_id,preferred_team,team_name,seq) values (?,?,?,?,?,default)
    Hibernate: insert into ft_participants (draft_order,fantasy_game_seq,player_id,preferred_team,team_name,seq) values (?,?,?,?,?,default)
    Hibernate: insert into ft_participants (draft_order,fantasy_game_seq,player_id,preferred_team,team_name,seq) values (?,?,?,?,?,default)
    Hibernate: insert into ft_participants (draft_order,fantasy_game_seq,player_id,preferred_team,team_name,seq) values (?,?,?,?,?,default)
    Hibernate: insert into ft_participants (draft_order,fantasy_game_seq,player_id,preferred_team,team_name,seq) values (?,?,?,?,?,default)
    Hibernate: insert into ft_participants (draft_order,fantasy_game_seq,player_id,preferred_team,team_name,seq) values (?,?,?,?,?,default)
    Hibernate: insert into ft_participants (draft_order,fantasy_game_seq,player_id,preferred_team,team_name,seq) values (?,?,?,?,?,default)
    Hibernate: insert into ft_participants (draft_order,fantasy_game_seq,player_id,preferred_team,team_name,seq) values (?,?,?,?,?,default)
    Hibernate: insert into ft_participants (draft_order,fantasy_game_seq,player_id,preferred_team,team_name,seq) values (?,?,?,?,?,default)
    Hibernate: insert into ft_participants (draft_order,fantasy_game_seq,player_id,preferred_team,team_name,seq) values (?,?,?,?,?,default)
    Hibernate: insert into ft_participants (draft_order,fantasy_game_seq,player_id,preferred_team,team_name,seq) values (?,?,?,?,?,default)
    Hibernate: insert into ft_participants (draft_order,fantasy_game_seq,player_id,preferred_team,team_name,seq) values (?,?,?,?,?,default)
    Hibernate: insert into ft_participants (draft_order,fantasy_game_seq,player_id,preferred_team,team_name,seq) values (?,?,?,?,?,default)
    Hibernate: insert into ft_participants (draft_order,fantasy_game_seq,player_id,preferred_team,team_name,seq) values (?,?,?,?,?,default)
    Hibernate: insert into ft_participants (draft_order,fantasy_game_seq,player_id,preferred_team,team_name,seq) values (?,?,?,?,?,default)
    Hibernate: insert into ft_participants (draft_order,fantasy_game_seq,player_id,preferred_team,team_name,seq) values (?,?,?,?,?,default)
    Hibernate: insert into ft_participants (draft_order,fantasy_game_seq,player_id,preferred_team,team_name,seq) values (?,?,?,?,?,default)
    Hibernate: insert into ft_participants (draft_order,fantasy_game_seq,player_id,preferred_team,team_name,seq) values (?,?,?,?,?,default)
    Hibernate: insert into ft_participants (draft_order,fantasy_game_seq,player_id,preferred_team,team_name,seq) values (?,?,?,?,?,default)
    Hibernate: insert into ft_participants (draft_order,fantasy_game_seq,player_id,preferred_team,team_name,seq) values (?,?,?,?,?,default)
    Hibernate: insert into ft_participants (draft_order,fantasy_game_seq,player_id,preferred_team,team_name,seq) values (?,?,?,?,?,default)
    Hibernate: insert into ft_participants (draft_order,fantasy_game_seq,player_id,preferred_team,team_name,seq) values (?,?,?,?,?,default)
    Hibernate: insert into ft_participants (draft_order,fantasy_game_seq,player_id,preferred_team,team_name,seq) values (?,?,?,?,?,default)
    Hibernate: insert into ft_participants (draft_order,fantasy_game_seq,player_id,preferred_team,team_name,seq) values (?,?,?,?,?,default)
    Hibernate: insert into ft_participants (draft_order,fantasy_game_seq,player_id,preferred_team,team_name,seq) values (?,?,?,?,?,default)
    Hibernate: insert into ft_participants (draft_order,fantasy_game_seq,player_id,preferred_team,team_name,seq) values (?,?,?,?,?,default)
    Hibernate: insert into ft_participants (draft_order,fantasy_game_seq,player_id,preferred_team,team_name,seq) values (?,?,?,?,?,default)
    Hibernate: insert into ft_participants (draft_order,fantasy_game_seq,player_id,preferred_team,team_name,seq) values (?,?,?,?,?,default)
    Hibernate: insert into ft_participants (draft_order,fantasy_game_seq,player_id,preferred_team,team_name,seq) values (?,?,?,?,?,default)
    Hibernate: insert into ft_participants (draft_order,fantasy_game_seq,player_id,preferred_team,team_name,seq) values (?,?,?,?,?,default)
    Hibernate: insert into ft_participants (draft_order,fantasy_game_seq,player_id,preferred_team,team_name,seq) values (?,?,?,?,?,default)
    Hibernate: insert into ft_participants (draft_order,fantasy_game_seq,player_id,preferred_team,team_name,seq) values (?,?,?,?,?,default)
    Hibernate: insert into ft_participants (draft_order,fantasy_game_seq,player_id,preferred_team,team_name,seq) values (?,?,?,?,?,default)
    Hibernate: insert into ft_participants (draft_order,fantasy_game_seq,player_id,preferred_team,team_name,seq) values (?,?,?,?,?,default)
    Hibernate: insert into ft_participants (draft_order,fantasy_game_seq,player_id,preferred_team,team_name,seq) values (?,?,?,?,?,default)
    Hibernate: insert into ft_participants (draft_order,fantasy_game_seq,player_id,preferred_team,team_name,seq) values (?,?,?,?,?,default)
    Hibernate: insert into ft_participants (draft_order,fantasy_game_seq,player_id,preferred_team,team_name,seq) values (?,?,?,?,?,default)
    Hibernate: insert into ft_participants (draft_order,fantasy_game_seq,player_id,preferred_team,team_name,seq) values (?,?,?,?,?,default)
    Hibernate: insert into ft_participants (draft_order,fantasy_game_seq,player_id,preferred_team,team_name,seq) values (?,?,?,?,?,default)
    Hibernate: insert into ft_participants (draft_order,fantasy_game_seq,player_id,preferred_team,team_name,seq) values (?,?,?,?,?,default)
    Hibernate: insert into ft_participants (draft_order,fantasy_game_seq,player_id,preferred_team,team_name,seq) values (?,?,?,?,?,default)
    Hibernate: insert into ft_participants (draft_order,fantasy_game_seq,player_id,preferred_team,team_name,seq) values (?,?,?,?,?,default)
    Hibernate: insert into ft_participants (draft_order,fantasy_game_seq,player_id,preferred_team,team_name,seq) values (?,?,?,?,?,default)
    Hibernate: insert into ft_participants (draft_order,fantasy_game_seq,player_id,preferred_team,team_name,seq) values (?,?,?,?,?,default)
    Hibernate: insert into ft_participants (draft_order,fantasy_game_seq,player_id,preferred_team,team_name,seq) values (?,?,?,?,?,default)
    Hibernate: insert into ft_participants (draft_order,fantasy_game_seq,player_id,preferred_team,team_name,seq) values (?,?,?,?,?,default)
    Hibernate: insert into ft_participants (draft_order,fantasy_game_seq,player_id,preferred_team,team_name,seq) values (?,?,?,?,?,default)
    Hibernate: insert into ft_participants (draft_order,fantasy_game_seq,player_id,preferred_team,team_name,seq) values (?,?,?,?,?,default)
    Hibernate: insert into ft_participants (draft_order,fantasy_game_seq,player_id,preferred_team,team_name,seq) values (?,?,?,?,?,default)
    Hibernate: insert into ft_participants (draft_order,fantasy_game_seq,player_id,preferred_team,team_name,seq) values (?,?,?,?,?,default)
    Hibernate: insert into ft_participants (draft_order,fantasy_game_seq,player_id,preferred_team,team_name,seq) values (?,?,?,?,?,default)
    Hibernate: insert into ft_participants (draft_order,fantasy_game_seq,player_id,preferred_team,team_name,seq) values (?,?,?,?,?,default)
    Hibernate: insert into ft_participants (draft_order,fantasy_game_seq,player_id,preferred_team,team_name,seq) values (?,?,?,?,?,default)
    Hibernate: insert into ft_participants (draft_order,fantasy_game_seq,player_id,preferred_team,team_name,seq) values (?,?,?,?,?,default)
    Hibernate: insert into ft_participants (draft_order,fantasy_game_seq,player_id,preferred_team,team_name,seq) values (?,?,?,?,?,default)
    Hibernate: insert into ft_participants (draft_order,fantasy_game_seq,player_id,preferred_team,team_name,seq) values (?,?,?,?,?,default)
    Hibernate: insert into ft_participants (draft_order,fantasy_game_seq,player_id,preferred_team,team_name,seq) values (?,?,?,?,?,default)
    Hibernate: insert into ft_participants (draft_order,fantasy_game_seq,player_id,preferred_team,team_name,seq) values (?,?,?,?,?,default)
    Hibernate: insert into ft_participants (draft_order,fantasy_game_seq,player_id,preferred_team,team_name,seq) values (?,?,?,?,?,default)
    Hibernate: insert into ft_participants (draft_order,fantasy_game_seq,player_id,preferred_team,team_name,seq) values (?,?,?,?,?,default)
    Hibernate: insert into ft_participants (draft_order,fantasy_game_seq,player_id,preferred_team,team_name,seq) values (?,?,?,?,?,default)
    Hibernate: insert into ft_participants (draft_order,fantasy_game_seq,player_id,preferred_team,team_name,seq) values (?,?,?,?,?,default)
    Hibernate: insert into ft_participants (draft_order,fantasy_game_seq,player_id,preferred_team,team_name,seq) values (?,?,?,?,?,default)
    Hibernate: insert into ft_participants (draft_order,fantasy_game_seq,player_id,preferred_team,team_name,seq) values (?,?,?,?,?,default)
    Hibernate: insert into ft_participants (draft_order,fantasy_game_seq,player_id,preferred_team,team_name,seq) values (?,?,?,?,?,default)
    Hibernate: insert into ft_participants (draft_order,fantasy_game_seq,player_id,preferred_team,team_name,seq) values (?,?,?,?,?,default)
    Hibernate: insert into ft_participants (draft_order,fantasy_game_seq,player_id,preferred_team,team_name,seq) values (?,?,?,?,?,default)
    Hibernate: insert into ft_participants (draft_order,fantasy_game_seq,player_id,preferred_team,team_name,seq) values (?,?,?,?,?,default)
    Hibernate: insert into ft_participants (draft_order,fantasy_game_seq,player_id,preferred_team,team_name,seq) values (?,?,?,?,?,default)
    Hibernate: insert into ft_participants (draft_order,fantasy_game_seq,player_id,preferred_team,team_name,seq) values (?,?,?,?,?,default)
    Hibernate: insert into ft_participants (draft_order,fantasy_game_seq,player_id,preferred_team,team_name,seq) values (?,?,?,?,?,default)
    Hibernate: insert into ft_participants (draft_order,fantasy_game_seq,player_id,preferred_team,team_name,seq) values (?,?,?,?,?,default)
    Hibernate: insert into ft_participants (draft_order,fantasy_game_seq,player_id,preferred_team,team_name,seq) values (?,?,?,?,?,default)
    Hibernate: insert into ft_participants (draft_order,fantasy_game_seq,player_id,preferred_team,team_name,seq) values (?,?,?,?,?,default)
    Hibernate: insert into ft_participants (draft_order,fantasy_game_seq,player_id,preferred_team,team_name,seq) values (?,?,?,?,?,default)
    Hibernate: insert into ft_participants (draft_order,fantasy_game_seq,player_id,preferred_team,team_name,seq) values (?,?,?,?,?,default)
    Hibernate: insert into ft_participants (draft_order,fantasy_game_seq,player_id,preferred_team,team_name,seq) values (?,?,?,?,?,default)
    Hibernate: insert into ft_participants (draft_order,fantasy_game_seq,player_id,preferred_team,team_name,seq) values (?,?,?,?,?,default)
    Hibernate: insert into ft_participants (draft_order,fantasy_game_seq,player_id,preferred_team,team_name,seq) values (?,?,?,?,?,default)
    Hibernate: insert into ft_participants (draft_order,fantasy_game_seq,player_id,preferred_team,team_name,seq) values (?,?,?,?,?,default)
    Hibernate: insert into ft_participants (draft_order,fantasy_game_seq,player_id,preferred_team,team_name,seq) values (?,?,?,?,?,default)
    Hibernate: insert into ft_participants (draft_order,fantasy_game_seq,player_id,preferred_team,team_name,seq) values (?,?,?,?,?,default)
    Hibernate: insert into ft_participants (draft_order,fantasy_game_seq,player_id,preferred_team,team_name,seq) values (?,?,?,?,?,default)
    Hibernate: insert into ft_participants (draft_order,fantasy_game_seq,player_id,preferred_team,team_name,seq) values (?,?,?,?,?,default)
    Hibernate: insert into ft_participants (draft_order,fantasy_game_seq,player_id,preferred_team,team_name,seq) values (?,?,?,?,?,default)
    Hibernate: insert into ft_participants (draft_order,fantasy_game_seq,player_id,preferred_team,team_name,seq) values (?,?,?,?,?,default)
    Hibernate: insert into ft_participants (draft_order,fantasy_game_seq,player_id,preferred_team,team_name,seq) values (?,?,?,?,?,default)
    Hibernate: insert into ft_participants (draft_order,fantasy_game_seq,player_id,preferred_team,team_name,seq) values (?,?,?,?,?,default)
    Hibernate: insert into ft_participants (draft_order,fantasy_game_seq,player_id,preferred_team,team_name,seq) values (?,?,?,?,?,default)
    Hibernate: insert into ft_participants (draft_order,fantasy_game_seq,player_id,preferred_team,team_name,seq) values (?,?,?,?,?,default)
    Hibernate: insert into ft_participants (draft_order,fantasy_game_seq,player_id,preferred_team,team_name,seq) values (?,?,?,?,?,default)
    Hibernate: insert into ft_participants (draft_order,fantasy_game_seq,player_id,preferred_team,team_name,seq) values (?,?,?,?,?,default)
    Hibernate: insert into ft_participants (draft_order,fantasy_game_seq,player_id,preferred_team,team_name,seq) values (?,?,?,?,?,default)
    Hibernate: insert into ft_participants (draft_order,fantasy_game_seq,player_id,preferred_team,team_name,seq) values (?,?,?,?,?,default)
    Hibernate: insert into ft_participants (draft_order,fantasy_game_seq,player_id,preferred_team,team_name,seq) values (?,?,?,?,?,default)
    Hibernate: insert into ft_participants (draft_order,fantasy_game_seq,player_id,preferred_team,team_name,seq) values (?,?,?,?,?,default)
    Hibernate: insert into ft_participants (draft_order,fantasy_game_seq,player_id,preferred_team,team_name,seq) values (?,?,?,?,?,default)
    Hibernate: insert into ft_participants (draft_order,fantasy_game_seq,player_id,preferred_team,team_name,seq) values (?,?,?,?,?,default)
    Hibernate: insert into ft_participants (draft_order,fantasy_game_seq,player_id,preferred_team,team_name,seq) values (?,?,?,?,?,default)
    Hibernate: insert into ft_participants (draft_order,fantasy_game_seq,player_id,preferred_team,team_name,seq) values (?,?,?,?,?,default)
    Hibernate: insert into ft_participants (draft_order,fantasy_game_seq,player_id,preferred_team,team_name,seq) values (?,?,?,?,?,default)
    Hibernate: insert into ft_participants (draft_order,fantasy_game_seq,player_id,preferred_team,team_name,seq) values (?,?,?,?,?,default)
    Hibernate: insert into ft_participants (draft_order,fantasy_game_seq,player_id,preferred_team,team_name,seq) values (?,?,?,?,?,default)
    Hibernate: insert into ft_participants (draft_order,fantasy_game_seq,player_id,preferred_team,team_name,seq) values (?,?,?,?,?,default)
    Hibernate: insert into ft_participants (draft_order,fantasy_game_seq,player_id,preferred_team,team_name,seq) values (?,?,?,?,?,default)
    Hibernate: insert into ft_participants (draft_order,fantasy_game_seq,player_id,preferred_team,team_name,seq) values (?,?,?,?,?,default)
    Hibernate: insert into ft_participants (draft_order,fantasy_game_seq,player_id,preferred_team,team_name,seq) values (?,?,?,?,?,default)
    Hibernate: insert into ft_participants (draft_order,fantasy_game_seq,player_id,preferred_team,team_name,seq) values (?,?,?,?,?,default)
    Hibernate: insert into ft_participants (draft_order,fantasy_game_seq,player_id,preferred_team,team_name,seq) values (?,?,?,?,?,default)
    Hibernate: insert into ft_participants (draft_order,fantasy_game_seq,player_id,preferred_team,team_name,seq) values (?,?,?,?,?,default)
    Hibernate: insert into ft_participants (draft_order,fantasy_game_seq,player_id,preferred_team,team_name,seq) values (?,?,?,?,?,default)
    Hibernate: insert into ft_participants (draft_order,fantasy_game_seq,player_id,preferred_team,team_name,seq) values (?,?,?,?,?,default)
    Hibernate: insert into ft_participants (draft_order,fantasy_game_seq,player_id,preferred_team,team_name,seq) values (?,?,?,?,?,default)
    Hibernate: insert into ft_participants (draft_order,fantasy_game_seq,player_id,preferred_team,team_name,seq) values (?,?,?,?,?,default)
    Hibernate: insert into ft_participants (draft_order,fantasy_game_seq,player_id,preferred_team,team_name,seq) values (?,?,?,?,?,default)
    Hibernate: insert into ft_participants (draft_order,fantasy_game_seq,player_id,preferred_team,team_name,seq) values (?,?,?,?,?,default)
    Hibernate: insert into ft_participants (draft_order,fantasy_game_seq,player_id,preferred_team,team_name,seq) values (?,?,?,?,?,default)
    Hibernate: insert into ft_participants (draft_order,fantasy_game_seq,player_id,preferred_team,team_name,seq) values (?,?,?,?,?,default)
    Hibernate: insert into ft_participants (draft_order,fantasy_game_seq,player_id,preferred_team,team_name,seq) values (?,?,?,?,?,default)
    Hibernate: insert into ft_participants (draft_order,fantasy_game_seq,player_id,preferred_team,team_name,seq) values (?,?,?,?,?,default)
    Hibernate: insert into ft_participants (draft_order,fantasy_game_seq,player_id,preferred_team,team_name,seq) values (?,?,?,?,?,default)
    Hibernate: insert into ft_participants (draft_order,fantasy_game_seq,player_id,preferred_team,team_name,seq) values (?,?,?,?,?,default)
    Hibernate: insert into ft_participants (draft_order,fantasy_game_seq,player_id,preferred_team,team_name,seq) values (?,?,?,?,?,default)
    Hibernate: insert into ft_participants (draft_order,fantasy_game_seq,player_id,preferred_team,team_name,seq) values (?,?,?,?,?,default)
    Hibernate: insert into ft_participants (draft_order,fantasy_game_seq,player_id,preferred_team,team_name,seq) values (?,?,?,?,?,default)
    Hibernate: insert into ft_participants (draft_order,fantasy_game_seq,player_id,preferred_team,team_name,seq) values (?,?,?,?,?,default)
    Hibernate: insert into ft_participants (draft_order,fantasy_game_seq,player_id,preferred_team,team_name,seq) values (?,?,?,?,?,default)
    Hibernate: insert into ft_participants (draft_order,fantasy_game_seq,player_id,preferred_team,team_name,seq) values (?,?,?,?,?,default)
    Hibernate: insert into ft_participants (draft_order,fantasy_game_seq,player_id,preferred_team,team_name,seq) values (?,?,?,?,?,default)
    Hibernate: insert into ft_participants (draft_order,fantasy_game_seq,player_id,preferred_team,team_name,seq) values (?,?,?,?,?,default)
    Hibernate: insert into ft_participants (draft_order,fantasy_game_seq,player_id,preferred_team,team_name,seq) values (?,?,?,?,?,default)
    Hibernate: insert into ft_participants (draft_order,fantasy_game_seq,player_id,preferred_team,team_name,seq) values (?,?,?,?,?,default)
    Hibernate: insert into ft_participants (draft_order,fantasy_game_seq,player_id,preferred_team,team_name,seq) values (?,?,?,?,?,default)
    Hibernate: insert into ft_participants (draft_order,fantasy_game_seq,player_id,preferred_team,team_name,seq) values (?,?,?,?,?,default)
    Hibernate: insert into ft_participants (draft_order,fantasy_game_seq,player_id,preferred_team,team_name,seq) values (?,?,?,?,?,default)
    Hibernate: insert into ft_participants (draft_order,fantasy_game_seq,player_id,preferred_team,team_name,seq) values (?,?,?,?,?,default)
    Hibernate: insert into ft_participants (draft_order,fantasy_game_seq,player_id,preferred_team,team_name,seq) values (?,?,?,?,?,default)
    Hibernate: insert into ft_participants (draft_order,fantasy_game_seq,player_id,preferred_team,team_name,seq) values (?,?,?,?,?,default)
    Hibernate: insert into ft_participants (draft_order,fantasy_game_seq,player_id,preferred_team,team_name,seq) values (?,?,?,?,?,default)
    Hibernate: insert into ft_participants (draft_order,fantasy_game_seq,player_id,preferred_team,team_name,seq) values (?,?,?,?,?,default)
    Hibernate: insert into ft_participants (draft_order,fantasy_game_seq,player_id,preferred_team,team_name,seq) values (?,?,?,?,?,default)
    Hibernate: insert into ft_participants (draft_order,fantasy_game_seq,player_id,preferred_team,team_name,seq) values (?,?,?,?,?,default)
    Hibernate: insert into ft_participants (draft_order,fantasy_game_seq,player_id,preferred_team,team_name,seq) values (?,?,?,?,?,default)
    Hibernate: insert into ft_participants (draft_order,fantasy_game_seq,player_id,preferred_team,team_name,seq) values (?,?,?,?,?,default)
    Hibernate: insert into ft_participants (draft_order,fantasy_game_seq,player_id,preferred_team,team_name,seq) values (?,?,?,?,?,default)
    Hibernate: insert into ft_participants (draft_order,fantasy_game_seq,player_id,preferred_team,team_name,seq) values (?,?,?,?,?,default)
    Hibernate: insert into ft_participants (draft_order,fantasy_game_seq,player_id,preferred_team,team_name,seq) values (?,?,?,?,?,default)
    Hibernate: insert into ft_participants (draft_order,fantasy_game_seq,player_id,preferred_team,team_name,seq) values (?,?,?,?,?,default)
    Hibernate: insert into ft_participants (draft_order,fantasy_game_seq,player_id,preferred_team,team_name,seq) values (?,?,?,?,?,default)
    Hibernate: insert into ft_participants (draft_order,fantasy_game_seq,player_id,preferred_team,team_name,seq) values (?,?,?,?,?,default)
    Hibernate: insert into ft_participants (draft_order,fantasy_game_seq,player_id,preferred_team,team_name,seq) values (?,?,?,?,?,default)
    Hibernate: insert into ft_participants (draft_order,fantasy_game_seq,player_id,preferred_team,team_name,seq) values (?,?,?,?,?,default)
    Hibernate: insert into ft_participants (draft_order,fantasy_game_seq,player_id,preferred_team,team_name,seq) values (?,?,?,?,?,default)
    Hibernate: insert into ft_participants (draft_order,fantasy_game_seq,player_id,preferred_team,team_name,seq) values (?,?,?,?,?,default)
    Hibernate: insert into ft_participants (draft_order,fantasy_game_seq,player_id,preferred_team,team_name,seq) values (?,?,?,?,?,default)
    Hibernate: insert into ft_participants (draft_order,fantasy_game_seq,player_id,preferred_team,team_name,seq) values (?,?,?,?,?,default)
    Hibernate: insert into ft_participants (draft_order,fantasy_game_seq,player_id,preferred_team,team_name,seq) values (?,?,?,?,?,default)
    Hibernate: insert into ft_participants (draft_order,fantasy_game_seq,player_id,preferred_team,team_name,seq) values (?,?,?,?,?,default)
    Hibernate: insert into ft_participants (draft_order,fantasy_game_seq,player_id,preferred_team,team_name,seq) values (?,?,?,?,?,default)
    Hibernate: insert into ft_participants (draft_order,fantasy_game_seq,player_id,preferred_team,team_name,seq) values (?,?,?,?,?,default)
    Hibernate: insert into ft_participants (draft_order,fantasy_game_seq,player_id,preferred_team,team_name,seq) values (?,?,?,?,?,default)
    Hibernate: insert into ft_participants (draft_order,fantasy_game_seq,player_id,preferred_team,team_name,seq) values (?,?,?,?,?,default)
    Hibernate: insert into ft_participants (draft_order,fantasy_game_seq,player_id,preferred_team,team_name,seq) values (?,?,?,?,?,default)
    Hibernate: insert into ft_participants (draft_order,fantasy_game_seq,player_id,preferred_team,team_name,seq) values (?,?,?,?,?,default)
    Hibernate: insert into ft_participants (draft_order,fantasy_game_seq,player_id,preferred_team,team_name,seq) values (?,?,?,?,?,default)
    Hibernate: insert into ft_participants (draft_order,fantasy_game_seq,player_id,preferred_team,team_name,seq) values (?,?,?,?,?,default)
    Hibernate: insert into ft_participants (draft_order,fantasy_game_seq,player_id,preferred_team,team_name,seq) values (?,?,?,?,?,default)
    Hibernate: insert into ft_participants (draft_order,fantasy_game_seq,player_id,preferred_team,team_name,seq) values (?,?,?,?,?,default)
    Hibernate: insert into ft_participants (draft_order,fantasy_game_seq,player_id,preferred_team,team_name,seq) values (?,?,?,?,?,default)
    Hibernate: insert into ft_participants (draft_order,fantasy_game_seq,player_id,preferred_team,team_name,seq) values (?,?,?,?,?,default)
    Hibernate: insert into ft_participants (draft_order,fantasy_game_seq,player_id,preferred_team,team_name,seq) values (?,?,?,?,?,default)
    Hibernate: insert into ft_participants (draft_order,fantasy_game_seq,player_id,preferred_team,team_name,seq) values (?,?,?,?,?,default)
    Hibernate: insert into ft_participants (draft_order,fantasy_game_seq,player_id,preferred_team,team_name,seq) values (?,?,?,?,?,default)
    Hibernate: insert into ft_participants (draft_order,fantasy_game_seq,player_id,preferred_team,team_name,seq) values (?,?,?,?,?,default)
    Hibernate: insert into ft_participants (draft_order,fantasy_game_seq,player_id,preferred_team,team_name,seq) values (?,?,?,?,?,default)
    Hibernate: insert into ft_participants (draft_order,fantasy_game_seq,player_id,preferred_team,team_name,seq) values (?,?,?,?,?,default)
    Hibernate: insert into ft_participants (draft_order,fantasy_game_seq,player_id,preferred_team,team_name,seq) values (?,?,?,?,?,default)
    Hibernate: insert into ft_participants (draft_order,fantasy_game_seq,player_id,preferred_team,team_name,seq) values (?,?,?,?,?,default)
    Hibernate: insert into ft_participants (draft_order,fantasy_game_seq,player_id,preferred_team,team_name,seq) values (?,?,?,?,?,default)
    Hibernate: insert into ft_participants (draft_order,fantasy_game_seq,player_id,preferred_team,team_name,seq) values (?,?,?,?,?,default)
    Hibernate: insert into ft_participants (draft_order,fantasy_game_seq,player_id,preferred_team,team_name,seq) values (?,?,?,?,?,default)
    Hibernate: insert into ft_participants (draft_order,fantasy_game_seq,player_id,preferred_team,team_name,seq) values (?,?,?,?,?,default)
    Hibernate: insert into ft_participants (draft_order,fantasy_game_seq,player_id,preferred_team,team_name,seq) values (?,?,?,?,?,default)
    Hibernate: insert into ft_participants (draft_order,fantasy_game_seq,player_id,preferred_team,team_name,seq) values (?,?,?,?,?,default)
    Hibernate: insert into ft_participants (draft_order,fantasy_game_seq,player_id,preferred_team,team_name,seq) values (?,?,?,?,?,default)
    Hibernate: insert into ft_participants (draft_order,fantasy_game_seq,player_id,preferred_team,team_name,seq) values (?,?,?,?,?,default)
    Hibernate: insert into ft_participants (draft_order,fantasy_game_seq,player_id,preferred_team,team_name,seq) values (?,?,?,?,?,default)
    Hibernate: insert into ft_participants (draft_order,fantasy_game_seq,player_id,preferred_team,team_name,seq) values (?,?,?,?,?,default)
    Hibernate: insert into ft_participants (draft_order,fantasy_game_seq,player_id,preferred_team,team_name,seq) values (?,?,?,?,?,default)
    Hibernate: insert into ft_participants (draft_order,fantasy_game_seq,player_id,preferred_team,team_name,seq) values (?,?,?,?,?,default)
    Hibernate: insert into ft_participants (draft_order,fantasy_game_seq,player_id,preferred_team,team_name,seq) values (?,?,?,?,?,default)
    Hibernate: insert into ft_participants (draft_order,fantasy_game_seq,player_id,preferred_team,team_name,seq) values (?,?,?,?,?,default)
    Hibernate: insert into ft_participants (draft_order,fantasy_game_seq,player_id,preferred_team,team_name,seq) values (?,?,?,?,?,default)
    Hibernate: insert into ft_participants (draft_order,fantasy_game_seq,player_id,preferred_team,team_name,seq) values (?,?,?,?,?,default)
    Hibernate: insert into ft_participants (draft_order,fantasy_game_seq,player_id,preferred_team,team_name,seq) values (?,?,?,?,?,default)
    Hibernate: insert into ft_participants (draft_order,fantasy_game_seq,player_id,preferred_team,team_name,seq) values (?,?,?,?,?,default)
    Hibernate: insert into ft_participants (draft_order,fantasy_game_seq,player_id,preferred_team,team_name,seq) values (?,?,?,?,?,default)
    Hibernate: insert into ft_participants (draft_order,fantasy_game_seq,player_id,preferred_team,team_name,seq) values (?,?,?,?,?,default)
    Hibernate: insert into ft_participants (draft_order,fantasy_game_seq,player_id,preferred_team,team_name,seq) values (?,?,?,?,?,default)
    Hibernate: insert into ft_participants (draft_order,fantasy_game_seq,player_id,preferred_team,team_name,seq) values (?,?,?,?,?,default)
    Hibernate: insert into ft_participants (draft_order,fantasy_game_seq,player_id,preferred_team,team_name,seq) values (?,?,?,?,?,default)
    Hibernate: insert into ft_participants (draft_order,fantasy_game_seq,player_id,preferred_team,team_name,seq) values (?,?,?,?,?,default)
    Hibernate: insert into ft_participants (draft_order,fantasy_game_seq,player_id,preferred_team,team_name,seq) values (?,?,?,?,?,default)
    Hibernate: insert into ft_participants (draft_order,fantasy_game_seq,player_id,preferred_team,team_name,seq) values (?,?,?,?,?,default)
    Hibernate: insert into ft_participants (draft_order,fantasy_game_seq,player_id,preferred_team,team_name,seq) values (?,?,?,?,?,default)
    Hibernate: insert into ft_participants (draft_order,fantasy_game_seq,player_id,preferred_team,team_name,seq) values (?,?,?,?,?,default)
    Hibernate: insert into ft_participants (draft_order,fantasy_game_seq,player_id,preferred_team,team_name,seq) values (?,?,?,?,?,default)
    Hibernate: insert into ft_participants (draft_order,fantasy_game_seq,player_id,preferred_team,team_name,seq) values (?,?,?,?,?,default)
    Hibernate: insert into ft_participants (draft_order,fantasy_game_seq,player_id,preferred_team,team_name,seq) values (?,?,?,?,?,default)
    Hibernate: insert into ft_participants (draft_order,fantasy_game_seq,player_id,preferred_team,team_name,seq) values (?,?,?,?,?,default)
    Hibernate: insert into ft_participants (draft_order,fantasy_game_seq,player_id,preferred_team,team_name,seq) values (?,?,?,?,?,default)
    Hibernate: insert into ft_participants (draft_order,fantasy_game_seq,player_id,preferred_team,team_name,seq) values (?,?,?,?,?,default)
    Hibernate: insert into ft_participants (draft_order,fantasy_game_seq,player_id,preferred_team,team_name,seq) values (?,?,?,?,?,default)
    Hibernate: insert into ft_participants (draft_order,fantasy_game_seq,player_id,preferred_team,team_name,seq) values (?,?,?,?,?,default)
    Hibernate: insert into ft_participants (draft_order,fantasy_game_seq,player_id,preferred_team,team_name,seq) values (?,?,?,?,?,default)
    Hibernate: insert into ft_participants (draft_order,fantasy_game_seq,player_id,preferred_team,team_name,seq) values (?,?,?,?,?,default)
    Hibernate: insert into ft_participants (draft_order,fantasy_game_seq,player_id,preferred_team,team_name,seq) values (?,?,?,?,?,default)
    Hibernate: insert into ft_participants (draft_order,fantasy_game_seq,player_id,preferred_team,team_name,seq) values (?,?,?,?,?,default)
    Hibernate: insert into ft_participants (draft_order,fantasy_game_seq,player_id,preferred_team,team_name,seq) values (?,?,?,?,?,default)
    Hibernate: insert into ft_participants (draft_order,fantasy_game_seq,player_id,preferred_team,team_name,seq) values (?,?,?,?,?,default)
    Hibernate: insert into ft_participants (draft_order,fantasy_game_seq,player_id,preferred_team,team_name,seq) values (?,?,?,?,?,default)
    Hibernate: insert into ft_participants (draft_order,fantasy_game_seq,player_id,preferred_team,team_name,seq) values (?,?,?,?,?,default)
    Hibernate: insert into ft_participants (draft_order,fantasy_game_seq,player_id,preferred_team,team_name,seq) values (?,?,?,?,?,default)
    Hibernate: insert into ft_participants (draft_order,fantasy_game_seq,player_id,preferred_team,team_name,seq) values (?,?,?,?,?,default)
    Hibernate: insert into ft_participants (draft_order,fantasy_game_seq,player_id,preferred_team,team_name,seq) values (?,?,?,?,?,default)
    Hibernate: insert into ft_participants (draft_order,fantasy_game_seq,player_id,preferred_team,team_name,seq) values (?,?,?,?,?,default)
    Hibernate: insert into ft_participants (draft_order,fantasy_game_seq,player_id,preferred_team,team_name,seq) values (?,?,?,?,?,default)
    Hibernate: insert into ft_participants (draft_order,fantasy_game_seq,player_id,preferred_team,team_name,seq) values (?,?,?,?,?,default)
    Hibernate: insert into ft_participants (draft_order,fantasy_game_seq,player_id,preferred_team,team_name,seq) values (?,?,?,?,?,default)
    Hibernate: insert into ft_participants (draft_order,fantasy_game_seq,player_id,preferred_team,team_name,seq) values (?,?,?,?,?,default)
    Hibernate: insert into ft_participants (draft_order,fantasy_game_seq,player_id,preferred_team,team_name,seq) values (?,?,?,?,?,default)
    Hibernate: insert into ft_participants (draft_order,fantasy_game_seq,player_id,preferred_team,team_name,seq) values (?,?,?,?,?,default)
    Hibernate: insert into ft_participants (draft_order,fantasy_game_seq,player_id,preferred_team,team_name,seq) values (?,?,?,?,?,default)
    Hibernate: insert into ft_participants (draft_order,fantasy_game_seq,player_id,preferred_team,team_name,seq) values (?,?,?,?,?,default)
    Hibernate: insert into ft_participants (draft_order,fantasy_game_seq,player_id,preferred_team,team_name,seq) values (?,?,?,?,?,default)
    Hibernate: insert into ft_participants (draft_order,fantasy_game_seq,player_id,preferred_team,team_name,seq) values (?,?,?,?,?,default)
    Hibernate: insert into ft_participants (draft_order,fantasy_game_seq,player_id,preferred_team,team_name,seq) values (?,?,?,?,?,default)
    Hibernate: insert into ft_participants (draft_order,fantasy_game_seq,player_id,preferred_team,team_name,seq) values (?,?,?,?,?,default)
    Hibernate: insert into ft_participants (draft_order,fantasy_game_seq,player_id,preferred_team,team_name,seq) values (?,?,?,?,?,default)
    Hibernate: insert into ft_participants (draft_order,fantasy_game_seq,player_id,preferred_team,team_name,seq) values (?,?,?,?,?,default)
    Hibernate: insert into ft_participants (draft_order,fantasy_game_seq,player_id,preferred_team,team_name,seq) values (?,?,?,?,?,default)
    Hibernate: insert into ft_participants (draft_order,fantasy_game_seq,player_id,preferred_team,team_name,seq) values (?,?,?,?,?,default)
    Hibernate: insert into ft_participants (draft_order,fantasy_game_seq,player_id,preferred_team,team_name,seq) values (?,?,?,?,?,default)
    Hibernate: insert into ft_participants (draft_order,fantasy_game_seq,player_id,preferred_team,team_name,seq) values (?,?,?,?,?,default)
    Hibernate: insert into ft_participants (draft_order,fantasy_game_seq,player_id,preferred_team,team_name,seq) values (?,?,?,?,?,default)
    Hibernate: insert into ft_participants (draft_order,fantasy_game_seq,player_id,preferred_team,team_name,seq) values (?,?,?,?,?,default)
    Hibernate: insert into ft_participants (draft_order,fantasy_game_seq,player_id,preferred_team,team_name,seq) values (?,?,?,?,?,default)
    Hibernate: insert into ft_participants (draft_order,fantasy_game_seq,player_id,preferred_team,team_name,seq) values (?,?,?,?,?,default)
    Hibernate: insert into ft_participants (draft_order,fantasy_game_seq,player_id,preferred_team,team_name,seq) values (?,?,?,?,?,default)
    Hibernate: insert into ft_participants (draft_order,fantasy_game_seq,player_id,preferred_team,team_name,seq) values (?,?,?,?,?,default)
    Hibernate: insert into ft_participants (draft_order,fantasy_game_seq,player_id,preferred_team,team_name,seq) values (?,?,?,?,?,default)
    Hibernate: insert into ft_participants (draft_order,fantasy_game_seq,player_id,preferred_team,team_name,seq) values (?,?,?,?,?,default)
    Hibernate: insert into ft_participants (draft_order,fantasy_game_seq,player_id,preferred_team,team_name,seq) values (?,?,?,?,?,default)
    Hibernate: insert into ft_participants (draft_order,fantasy_game_seq,player_id,preferred_team,team_name,seq) values (?,?,?,?,?,default)
    Hibernate: insert into ft_participants (draft_order,fantasy_game_seq,player_id,preferred_team,team_name,seq) values (?,?,?,?,?,default)
    Hibernate: insert into ft_participants (draft_order,fantasy_game_seq,player_id,preferred_team,team_name,seq) values (?,?,?,?,?,default)
    Hibernate: insert into ft_participants (draft_order,fantasy_game_seq,player_id,preferred_team,team_name,seq) values (?,?,?,?,?,default)
    Hibernate: insert into ft_participants (draft_order,fantasy_game_seq,player_id,preferred_team,team_name,seq) values (?,?,?,?,?,default)
    Hibernate: insert into ft_participants (draft_order,fantasy_game_seq,player_id,preferred_team,team_name,seq) values (?,?,?,?,?,default)
    Hibernate: insert into ft_participants (draft_order,fantasy_game_seq,player_id,preferred_team,team_name,seq) values (?,?,?,?,?,default)
    Hibernate: insert into ft_participants (draft_order,fantasy_game_seq,player_id,preferred_team,team_name,seq) values (?,?,?,?,?,default)
    Hibernate: insert into ft_participants (draft_order,fantasy_game_seq,player_id,preferred_team,team_name,seq) values (?,?,?,?,?,default)
    Hibernate: insert into ft_participants (draft_order,fantasy_game_seq,player_id,preferred_team,team_name,seq) values (?,?,?,?,?,default)
    Hibernate: insert into ft_participants (draft_order,fantasy_game_seq,player_id,preferred_team,team_name,seq) values (?,?,?,?,?,default)
    Hibernate: insert into ft_participants (draft_order,fantasy_game_seq,player_id,preferred_team,team_name,seq) values (?,?,?,?,?,default)
    Hibernate: insert into ft_participants (draft_order,fantasy_game_seq,player_id,preferred_team,team_name,seq) values (?,?,?,?,?,default)
    Hibernate: insert into ft_participants (draft_order,fantasy_game_seq,player_id,preferred_team,team_name,seq) values (?,?,?,?,?,default)
    Hibernate: insert into ft_participants (draft_order,fantasy_game_seq,player_id,preferred_team,team_name,seq) values (?,?,?,?,?,default)
    Hibernate: insert into ft_participants (draft_order,fantasy_game_seq,player_id,preferred_team,team_name,seq) values (?,?,?,?,?,default)
    Hibernate: insert into ft_participants (draft_order,fantasy_game_seq,player_id,preferred_team,team_name,seq) values (?,?,?,?,?,default)
    Hibernate: insert into ft_participants (draft_order,fantasy_game_seq,player_id,preferred_team,team_name,seq) values (?,?,?,?,?,default)
    Hibernate: insert into ft_participants (draft_order,fantasy_game_seq,player_id,preferred_team,team_name,seq) values (?,?,?,?,?,default)
    Hibernate: insert into ft_participants (draft_order,fantasy_game_seq,player_id,preferred_team,team_name,seq) values (?,?,?,?,?,default)
    Hibernate: insert into ft_participants (draft_order,fantasy_game_seq,player_id,preferred_team,team_name,seq) values (?,?,?,?,?,default)
    Hibernate: insert into ft_participants (draft_order,fantasy_game_seq,player_id,preferred_team,team_name,seq) values (?,?,?,?,?,default)
    Hibernate: insert into ft_participants (draft_order,fantasy_game_seq,player_id,preferred_team,team_name,seq) values (?,?,?,?,?,default)
    Hibernate: insert into ft_participants (draft_order,fantasy_game_seq,player_id,preferred_team,team_name,seq) values (?,?,?,?,?,default)
    Hibernate: insert into ft_participants (draft_order,fantasy_game_seq,player_id,preferred_team,team_name,seq) values (?,?,?,?,?,default)
    Hibernate: insert into ft_participants (draft_order,fantasy_game_seq,player_id,preferred_team,team_name,seq) values (?,?,?,?,?,default)
    Hibernate: insert into ft_participants (draft_order,fantasy_game_seq,player_id,preferred_team,team_name,seq) values (?,?,?,?,?,default)
    Hibernate: insert into ft_participants (draft_order,fantasy_game_seq,player_id,preferred_team,team_name,seq) values (?,?,?,?,?,default)
    Hibernate: insert into ft_participants (draft_order,fantasy_game_seq,player_id,preferred_team,team_name,seq) values (?,?,?,?,?,default)
    Hibernate: insert into ft_participants (draft_order,fantasy_game_seq,player_id,preferred_team,team_name,seq) values (?,?,?,?,?,default)
    Hibernate: insert into ft_participants (draft_order,fantasy_game_seq,player_id,preferred_team,team_name,seq) values (?,?,?,?,?,default)
    Hibernate: insert into ft_participants (draft_order,fantasy_game_seq,player_id,preferred_team,team_name,seq) values (?,?,?,?,?,default)
    Hibernate: insert into ft_participants (draft_order,fantasy_game_seq,player_id,preferred_team,team_name,seq) values (?,?,?,?,?,default)
    Hibernate: insert into ft_participants (draft_order,fantasy_game_seq,player_id,preferred_team,team_name,seq) values (?,?,?,?,?,default)
    Hibernate: insert into ft_participants (draft_order,fantasy_game_seq,player_id,preferred_team,team_name,seq) values (?,?,?,?,?,default)
    Hibernate: insert into ft_participants (draft_order,fantasy_game_seq,player_id,preferred_team,team_name,seq) values (?,?,?,?,?,default)
    Hibernate: insert into ft_participants (draft_order,fantasy_game_seq,player_id,preferred_team,team_name,seq) values (?,?,?,?,?,default)
    Hibernate: insert into ft_participants (draft_order,fantasy_game_seq,player_id,preferred_team,team_name,seq) values (?,?,?,?,?,default)
    Hibernate: insert into ft_participants (draft_order,fantasy_game_seq,player_id,preferred_team,team_name,seq) values (?,?,?,?,?,default)
    Hibernate: insert into ft_participants (draft_order,fantasy_game_seq,player_id,preferred_team,team_name,seq) values (?,?,?,?,?,default)
    Hibernate: insert into ft_participants (draft_order,fantasy_game_seq,player_id,preferred_team,team_name,seq) values (?,?,?,?,?,default)
    Hibernate: insert into ft_participants (draft_order,fantasy_game_seq,player_id,preferred_team,team_name,seq) values (?,?,?,?,?,default)
    Hibernate: insert into ft_participants (draft_order,fantasy_game_seq,player_id,preferred_team,team_name,seq) values (?,?,?,?,?,default)
    Hibernate: insert into ft_participants (draft_order,fantasy_game_seq,player_id,preferred_team,team_name,seq) values (?,?,?,?,?,default)
    Hibernate: insert into ft_participants (draft_order,fantasy_game_seq,player_id,preferred_team,team_name,seq) values (?,?,?,?,?,default)
    Hibernate: insert into ft_participants (draft_order,fantasy_game_seq,player_id,preferred_team,team_name,seq) values (?,?,?,?,?,default)
    Hibernate: insert into ft_participants (draft_order,fantasy_game_seq,player_id,preferred_team,team_name,seq) values (?,?,?,?,?,default)
    Hibernate: insert into ft_participants (draft_order,fantasy_game_seq,player_id,preferred_team,team_name,seq) values (?,?,?,?,?,default)
    Hibernate: insert into ft_participants (draft_order,fantasy_game_seq,player_id,preferred_team,team_name,seq) values (?,?,?,?,?,default)
    Hibernate: insert into ft_participants (draft_order,fantasy_game_seq,player_id,preferred_team,team_name,seq) values (?,?,?,?,?,default)
    Hibernate: insert into ft_participants (draft_order,fantasy_game_seq,player_id,preferred_team,team_name,seq) values (?,?,?,?,?,default)
    Hibernate: insert into ft_participants (draft_order,fantasy_game_seq,player_id,preferred_team,team_name,seq) values (?,?,?,?,?,default)
    Hibernate: insert into ft_participants (draft_order,fantasy_game_seq,player_id,preferred_team,team_name,seq) values (?,?,?,?,?,default)
    Hibernate: insert into ft_participants (draft_order,fantasy_game_seq,player_id,preferred_team,team_name,seq) values (?,?,?,?,?,default)
    Hibernate: insert into ft_participants (draft_order,fantasy_game_seq,player_id,preferred_team,team_name,seq) values (?,?,?,?,?,default)
    Hibernate: insert into ft_participants (draft_order,fantasy_game_seq,player_id,preferred_team,team_name,seq) values (?,?,?,?,?,default)
    Hibernate: insert into ft_participants (draft_order,fantasy_game_seq,player_id,preferred_team,team_name,seq) values (?,?,?,?,?,default)
    Hibernate: insert into ft_participants (draft_order,fantasy_game_seq,player_id,preferred_team,team_name,seq) values (?,?,?,?,?,default)
    Hibernate: insert into ft_participants (draft_order,fantasy_game_seq,player_id,preferred_team,team_name,seq) values (?,?,?,?,?,default)
    Hibernate: insert into ft_participants (draft_order,fantasy_game_seq,player_id,preferred_team,team_name,seq) values (?,?,?,?,?,default)
    Hibernate: insert into ft_participants (draft_order,fantasy_game_seq,player_id,preferred_team,team_name,seq) values (?,?,?,?,?,default)
    Hibernate: insert into ft_participants (draft_order,fantasy_game_seq,player_id,preferred_team,team_name,seq) values (?,?,?,?,?,default)
    Hibernate: insert into ft_participants (draft_order,fantasy_game_seq,player_id,preferred_team,team_name,seq) values (?,?,?,?,?,default)
    Hibernate: insert into ft_participants (draft_order,fantasy_game_seq,player_id,preferred_team,team_name,seq) values (?,?,?,?,?,default)
    Hibernate: insert into ft_participants (draft_order,fantasy_game_seq,player_id,preferred_team,team_name,seq) values (?,?,?,?,?,default)
    Hibernate: insert into ft_participants (draft_order,fantasy_game_seq,player_id,preferred_team,team_name,seq) values (?,?,?,?,?,default)
    Hibernate: insert into ft_participants (draft_order,fantasy_game_seq,player_id,preferred_team,team_name,seq) values (?,?,?,?,?,default)
    Hibernate: insert into ft_participants (draft_order,fantasy_game_seq,player_id,preferred_team,team_name,seq) values (?,?,?,?,?,default)
    Hibernate: insert into ft_participants (draft_order,fantasy_game_seq,player_id,preferred_team,team_name,seq) values (?,?,?,?,?,default)
    Hibernate: insert into ft_participants (draft_order,fantasy_game_seq,player_id,preferred_team,team_name,seq) values (?,?,?,?,?,default)
    Hibernate: insert into ft_participants (draft_order,fantasy_game_seq,player_id,preferred_team,team_name,seq) values (?,?,?,?,?,default)
    Hibernate: insert into ft_participants (draft_order,fantasy_game_seq,player_id,preferred_team,team_name,seq) values (?,?,?,?,?,default)
    Hibernate: insert into ft_participants (draft_order,fantasy_game_seq,player_id,preferred_team,team_name,seq) values (?,?,?,?,?,default)
    Hibernate: insert into ft_participants (draft_order,fantasy_game_seq,player_id,preferred_team,team_name,seq) values (?,?,?,?,?,default)
    Hibernate: insert into ft_participants (draft_order,fantasy_game_seq,player_id,preferred_team,team_name,seq) values (?,?,?,?,?,default)
    Hibernate: insert into ft_participants (draft_order,fantasy_game_seq,player_id,preferred_team,team_name,seq) values (?,?,?,?,?,default)
    Hibernate: insert into ft_participants (draft_order,fantasy_game_seq,player_id,preferred_team,team_name,seq) values (?,?,?,?,?,default)
    Hibernate: insert into ft_participants (draft_order,fantasy_game_seq,player_id,preferred_team,team_name,seq) values (?,?,?,?,?,default)
    Hibernate: insert into ft_participants (draft_order,fantasy_game_seq,player_id,preferred_team,team_name,seq) values (?,?,?,?,?,default)
    Hibernate: insert into ft_participants (draft_order,fantasy_game_seq,player_id,preferred_team,team_name,seq) values (?,?,?,?,?,default)
    Hibernate: insert into ft_participants (draft_order,fantasy_game_seq,player_id,preferred_team,team_name,seq) values (?,?,?,?,?,default)
    Hibernate: insert into ft_participants (draft_order,fantasy_game_seq,player_id,preferred_team,team_name,seq) values (?,?,?,?,?,default)
    Hibernate: insert into ft_participants (draft_order,fantasy_game_seq,player_id,preferred_team,team_name,seq) values (?,?,?,?,?,default)
    Hibernate: insert into ft_participants (draft_order,fantasy_game_seq,player_id,preferred_team,team_name,seq) values (?,?,?,?,?,default)
    Hibernate: insert into ft_participants (draft_order,fantasy_game_seq,player_id,preferred_team,team_name,seq) values (?,?,?,?,?,default)
    Hibernate: insert into ft_participants (draft_order,fantasy_game_seq,player_id,preferred_team,team_name,seq) values (?,?,?,?,?,default)
    Hibernate: insert into ft_participants (draft_order,fantasy_game_seq,player_id,preferred_team,team_name,seq) values (?,?,?,?,?,default)
    Hibernate: insert into ft_participants (draft_order,fantasy_game_seq,player_id,preferred_team,team_name,seq) values (?,?,?,?,?,default)
    Hibernate: insert into ft_participants (draft_order,fantasy_game_seq,player_id,preferred_team,team_name,seq) values (?,?,?,?,?,default)
    Hibernate: insert into ft_participants (draft_order,fantasy_game_seq,player_id,preferred_team,team_name,seq) values (?,?,?,?,?,default)
    Hibernate: insert into ft_participants (draft_order,fantasy_game_seq,player_id,preferred_team,team_name,seq) values (?,?,?,?,?,default)
    Hibernate: insert into ft_participants (draft_order,fantasy_game_seq,player_id,preferred_team,team_name,seq) values (?,?,?,?,?,default)
    Hibernate: insert into ft_participants (draft_order,fantasy_game_seq,player_id,preferred_team,team_name,seq) values (?,?,?,?,?,default)
    Hibernate: insert into ft_participants (draft_order,fantasy_game_seq,player_id,preferred_team,team_name,seq) values (?,?,?,?,?,default)
    Hibernate: insert into ft_participants (draft_order,fantasy_game_seq,player_id,preferred_team,team_name,seq) values (?,?,?,?,?,default)
    Hibernate: insert into ft_participants (draft_order,fantasy_game_seq,player_id,preferred_team,team_name,seq) values (?,?,?,?,?,default)
    Hibernate: insert into ft_participants (draft_order,fantasy_game_seq,player_id,preferred_team,team_name,seq) values (?,?,?,?,?,default)
    Hibernate: insert into ft_participants (draft_order,fantasy_game_seq,player_id,preferred_team,team_name,seq) values (?,?,?,?,?,default)
    Hibernate: insert into ft_participants (draft_order,fantasy_game_seq,player_id,preferred_team,team_name,seq) values (?,?,?,?,?,default)
    Hibernate: insert into ft_participants (draft_order,fantasy_game_seq,player_id,preferred_team,team_name,seq) values (?,?,?,?,?,default)
    Hibernate: insert into ft_participants (draft_order,fantasy_game_seq,player_id,preferred_team,team_name,seq) values (?,?,?,?,?,default)
    Hibernate: insert into ft_participants (draft_order,fantasy_game_seq,player_id,preferred_team,team_name,seq) values (?,?,?,?,?,default)
    Hibernate: insert into ft_participants (draft_order,fantasy_game_seq,player_id,preferred_team,team_name,seq) values (?,?,?,?,?,default)
    Hibernate: insert into ft_participants (draft_order,fantasy_game_seq,player_id,preferred_team,team_name,seq) values (?,?,?,?,?,default)
    Hibernate: insert into ft_participants (draft_order,fantasy_game_seq,player_id,preferred_team,team_name,seq) values (?,?,?,?,?,default)
    Hibernate: insert into ft_participants (draft_order,fantasy_game_seq,player_id,preferred_team,team_name,seq) values (?,?,?,?,?,default)
    Hibernate: insert into ft_participants (draft_order,fantasy_game_seq,player_id,preferred_team,team_name,seq) values (?,?,?,?,?,default)
    Hibernate: insert into ft_participants (draft_order,fantasy_game_seq,player_id,preferred_team,team_name,seq) values (?,?,?,?,?,default)
    Hibernate: insert into ft_participants (draft_order,fantasy_game_seq,player_id,preferred_team,team_name,seq) values (?,?,?,?,?,default)
    Hibernate: insert into ft_participants (draft_order,fantasy_game_seq,player_id,preferred_team,team_name,seq) values (?,?,?,?,?,default)
    Hibernate: insert into ft_participants (draft_order,fantasy_game_seq,player_id,preferred_team,team_name,seq) values (?,?,?,?,?,default)
    Hibernate: insert into ft_participants (draft_order,fantasy_game_seq,player_id,preferred_team,team_name,seq) values (?,?,?,?,?,default)
    Hibernate: insert into ft_participants (draft_order,fantasy_game_seq,player_id,preferred_team,team_name,seq) values (?,?,?,?,?,default)
    Hibernate: insert into ft_participants (draft_order,fantasy_game_seq,player_id,preferred_team,team_name,seq) values (?,?,?,?,?,default)
    Hibernate: insert into ft_participants (draft_order,fantasy_game_seq,player_id,preferred_team,team_name,seq) values (?,?,?,?,?,default)
    Hibernate: insert into ft_participants (draft_order,fantasy_game_seq,player_id,preferred_team,team_name,seq) values (?,?,?,?,?,default)
    Hibernate: insert into ft_participants (draft_order,fantasy_game_seq,player_id,preferred_team,team_name,seq) values (?,?,?,?,?,default)
    Hibernate: insert into ft_participants (draft_order,fantasy_game_seq,player_id,preferred_team,team_name,seq) values (?,?,?,?,?,default)
    Hibernate: insert into ft_participants (draft_order,fantasy_game_seq,player_id,preferred_team,team_name,seq) values (?,?,?,?,?,default)
    Hibernate: insert into ft_participants (draft_order,fantasy_game_seq,player_id,preferred_team,team_name,seq) values (?,?,?,?,?,default)
    Hibernate: insert into ft_participants (draft_order,fantasy_game_seq,player_id,preferred_team,team_name,seq) values (?,?,?,?,?,default)
    Hibernate: insert into ft_participants (draft_order,fantasy_game_seq,player_id,preferred_team,team_name,seq) values (?,?,?,?,?,default)
    Hibernate: insert into ft_participants (draft_order,fantasy_game_seq,player_id,preferred_team,team_name,seq) values (?,?,?,?,?,default)
    Hibernate: insert into ft_participants (draft_order,fantasy_game_seq,player_id,preferred_team,team_name,seq) values (?,?,?,?,?,default)
    Hibernate: insert into ft_participants (draft_order,fantasy_game_seq,player_id,preferred_team,team_name,seq) values (?,?,?,?,?,default)
    Hibernate: insert into ft_participants (draft_order,fantasy_game_seq,player_id,preferred_team,team_name,seq) values (?,?,?,?,?,default)
    Hibernate: insert into ft_participants (draft_order,fantasy_game_seq,player_id,preferred_team,team_name,seq) values (?,?,?,?,?,default)
    Hibernate: insert into ft_participants (draft_order,fantasy_game_seq,player_id,preferred_team,team_name,seq) values (?,?,?,?,?,default)
    Hibernate: insert into ft_participants (draft_order,fantasy_game_seq,player_id,preferred_team,team_name,seq) values (?,?,?,?,?,default)
    Hibernate: insert into ft_participants (draft_order,fantasy_game_seq,player_id,preferred_team,team_name,seq) values (?,?,?,?,?,default)
    Hibernate: insert into ft_participants (draft_order,fantasy_game_seq,player_id,preferred_team,team_name,seq) values (?,?,?,?,?,default)
    Hibernate: insert into ft_participants (draft_order,fantasy_game_seq,player_id,preferred_team,team_name,seq) values (?,?,?,?,?,default)
    Hibernate: insert into ft_participants (draft_order,fantasy_game_seq,player_id,preferred_team,team_name,seq) values (?,?,?,?,?,default)
    Hibernate: insert into ft_participants (draft_order,fantasy_game_seq,player_id,preferred_team,team_name,seq) values (?,?,?,?,?,default)
    Hibernate: insert into ft_participants (draft_order,fantasy_game_seq,player_id,preferred_team,team_name,seq) values (?,?,?,?,?,default)
    Hibernate: insert into ft_participants (draft_order,fantasy_game_seq,player_id,preferred_team,team_name,seq) values (?,?,?,?,?,default)
    Hibernate: insert into ft_participants (draft_order,fantasy_game_seq,player_id,preferred_team,team_name,seq) values (?,?,?,?,?,default)
    Hibernate: insert into ft_participants (draft_order,fantasy_game_seq,player_id,preferred_team,team_name,seq) values (?,?,?,?,?,default)
    Hibernate: insert into ft_participants (draft_order,fantasy_game_seq,player_id,preferred_team,team_name,seq) values (?,?,?,?,?,default)
    Hibernate: insert into ft_participants (draft_order,fantasy_game_seq,player_id,preferred_team,team_name,seq) values (?,?,?,?,?,default)
    Hibernate: insert into ft_participants (draft_order,fantasy_game_seq,player_id,preferred_team,team_name,seq) values (?,?,?,?,?,default)
    Hibernate: insert into ft_participants (draft_order,fantasy_game_seq,player_id,preferred_team,team_name,seq) values (?,?,?,?,?,default)
    Hibernate: insert into ft_participants (draft_order,fantasy_game_seq,player_id,preferred_team,team_name,seq) values (?,?,?,?,?,default)
    Hibernate: insert into ft_participants (draft_order,fantasy_game_seq,player_id,preferred_team,team_name,seq) values (?,?,?,?,?,default)
    Hibernate: insert into ft_participants (draft_order,fantasy_game_seq,player_id,preferred_team,team_name,seq) values (?,?,?,?,?,default)
    Hibernate: insert into ft_participants (draft_order,fantasy_game_seq,player_id,preferred_team,team_name,seq) values (?,?,?,?,?,default)
    Hibernate: insert into ft_participants (draft_order,fantasy_game_seq,player_id,preferred_team,team_name,seq) values (?,?,?,?,?,default)
    Hibernate: insert into ft_participants (draft_order,fantasy_game_seq,player_id,preferred_team,team_name,seq) values (?,?,?,?,?,default)
    Hibernate: insert into ft_participants (draft_order,fantasy_game_seq,player_id,preferred_team,team_name,seq) values (?,?,?,?,?,default)
    Hibernate: insert into ft_participants (draft_order,fantasy_game_seq,player_id,preferred_team,team_name,seq) values (?,?,?,?,?,default)
    Hibernate: insert into ft_participants (draft_order,fantasy_game_seq,player_id,preferred_team,team_name,seq) values (?,?,?,?,?,default)
    Hibernate: insert into ft_participants (draft_order,fantasy_game_seq,player_id,preferred_team,team_name,seq) values (?,?,?,?,?,default)
    Hibernate: insert into ft_participants (draft_order,fantasy_game_seq,player_id,preferred_team,team_name,seq) values (?,?,?,?,?,default)
    Hibernate: insert into ft_participants (draft_order,fantasy_game_seq,player_id,preferred_team,team_name,seq) values (?,?,?,?,?,default)
    Hibernate: insert into ft_participants (draft_order,fantasy_game_seq,player_id,preferred_team,team_name,seq) values (?,?,?,?,?,default)
    Hibernate: insert into ft_participants (draft_order,fantasy_game_seq,player_id,preferred_team,team_name,seq) values (?,?,?,?,?,default)
    Hibernate: insert into ft_participants (draft_order,fantasy_game_seq,player_id,preferred_team,team_name,seq) values (?,?,?,?,?,default)
    Hibernate: insert into ft_participants (draft_order,fantasy_game_seq,player_id,preferred_team,team_name,seq) values (?,?,?,?,?,default)
    Hibernate: insert into ft_participants (draft_order,fantasy_game_seq,player_id,preferred_team,team_name,seq) values (?,?,?,?,?,default)
    Hibernate: insert into ft_participants (draft_order,fantasy_game_seq,player_id,preferred_team,team_name,seq) values (?,?,?,?,?,default)
    Hibernate: insert into ft_participants (draft_order,fantasy_game_seq,player_id,preferred_team,team_name,seq) values (?,?,?,?,?,default)
    Hibernate: insert into ft_participants (draft_order,fantasy_game_seq,player_id,preferred_team,team_name,seq) values (?,?,?,?,?,default)
    Hibernate: insert into ft_participants (draft_order,fantasy_game_seq,player_id,preferred_team,team_name,seq) values (?,?,?,?,?,default)
    Hibernate: insert into ft_participants (draft_order,fantasy_game_seq,player_id,preferred_team,team_name,seq) values (?,?,?,?,?,default)
    Hibernate: insert into ft_participants (draft_order,fantasy_game_seq,player_id,preferred_team,team_name,seq) values (?,?,?,?,?,default)
    Hibernate: insert into ft_participants (draft_order,fantasy_game_seq,player_id,preferred_team,team_name,seq) values (?,?,?,?,?,default)
    Hibernate: insert into ft_participants (draft_order,fantasy_game_seq,player_id,preferred_team,team_name,seq) values (?,?,?,?,?,default)
    Hibernate: insert into ft_participants (draft_order,fantasy_game_seq,player_id,preferred_team,team_name,seq) values (?,?,?,?,?,default)
    Hibernate: insert into ft_participants (draft_order,fantasy_game_seq,player_id,preferred_team,team_name,seq) values (?,?,?,?,?,default)
    Hibernate: insert into ft_participants (draft_order,fantasy_game_seq,player_id,preferred_team,team_name,seq) values (?,?,?,?,?,default)
    Hibernate: insert into ft_participants (draft_order,fantasy_game_seq,player_id,preferred_team,team_name,seq) values (?,?,?,?,?,default)
    Hibernate: insert into ft_participants (draft_order,fantasy_game_seq,player_id,preferred_team,team_name,seq) values (?,?,?,?,?,default)
    Hibernate: insert into ft_participants (draft_order,fantasy_game_seq,player_id,preferred_team,team_name,seq) values (?,?,?,?,?,default)
    Hibernate: insert into ft_participants (draft_order,fantasy_game_seq,player_id,preferred_team,team_name,seq) values (?,?,?,?,?,default)
    Hibernate: insert into ft_participants (draft_order,fantasy_game_seq,player_id,preferred_team,team_name,seq) values (?,?,?,?,?,default)
    Hibernate: insert into ft_participants (draft_order,fantasy_game_seq,player_id,preferred_team,team_name,seq) values (?,?,?,?,?,default)
    Hibernate: insert into ft_participants (draft_order,fantasy_game_seq,player_id,preferred_team,team_name,seq) values (?,?,?,?,?,default)
    Hibernate: insert into ft_participants (draft_order,fantasy_game_seq,player_id,preferred_team,team_name,seq) values (?,?,?,?,?,default)
    Hibernate: insert into ft_participants (draft_order,fantasy_game_seq,player_id,preferred_team,team_name,seq) values (?,?,?,?,?,default)
    Hibernate: insert into ft_participants (draft_order,fantasy_game_seq,player_id,preferred_team,team_name,seq) values (?,?,?,?,?,default)
    Hibernate: insert into ft_participants (draft_order,fantasy_game_seq,player_id,preferred_team,team_name,seq) values (?,?,?,?,?,default)
    Hibernate: insert into ft_participants (draft_order,fantasy_game_seq,player_id,preferred_team,team_name,seq) values (?,?,?,?,?,default)
    Hibernate: insert into ft_participants (draft_order,fantasy_game_seq,player_id,preferred_team,team_name,seq) values (?,?,?,?,?,default)
    Hibernate: insert into ft_participants (draft_order,fantasy_game_seq,player_id,preferred_team,team_name,seq) values (?,?,?,?,?,default)
    Hibernate: insert into ft_participants (draft_order,fantasy_game_seq,player_id,preferred_team,team_name,seq) values (?,?,?,?,?,default)
    Hibernate: insert into ft_participants (draft_order,fantasy_game_seq,player_id,preferred_team,team_name,seq) values (?,?,?,?,?,default)
    Hibernate: insert into ft_participants (draft_order,fantasy_game_seq,player_id,preferred_team,team_name,seq) values (?,?,?,?,?,default)
    Hibernate: insert into ft_participants (draft_order,fantasy_game_seq,player_id,preferred_team,team_name,seq) values (?,?,?,?,?,default)
    Hibernate: insert into ft_participants (draft_order,fantasy_game_seq,player_id,preferred_team,team_name,seq) values (?,?,?,?,?,default)
    Hibernate: insert into ft_participants (draft_order,fantasy_game_seq,player_id,preferred_team,team_name,seq) values (?,?,?,?,?,default)
    Hibernate: insert into ft_participants (draft_order,fantasy_game_seq,player_id,preferred_team,team_name,seq) values (?,?,?,?,?,default)
    Hibernate: insert into ft_participants (draft_order,fantasy_game_seq,player_id,preferred_team,team_name,seq) values (?,?,?,?,?,default)
    Hibernate: insert into ft_participants (draft_order,fantasy_game_seq,player_id,preferred_team,team_name,seq) values (?,?,?,?,?,default)
    Hibernate: insert into ft_participants (draft_order,fantasy_game_seq,player_id,preferred_team,team_name,seq) values (?,?,?,?,?,default)
    Hibernate: insert into ft_participants (draft_order,fantasy_game_seq,player_id,preferred_team,team_name,seq) values (?,?,?,?,?,default)
    Hibernate: insert into ft_participants (draft_order,fantasy_game_seq,player_id,preferred_team,team_name,seq) values (?,?,?,?,?,default)
    Hibernate: insert into ft_participants (draft_order,fantasy_game_seq,player_id,preferred_team,team_name,seq) values (?,?,?,?,?,default)
    Hibernate: insert into ft_participants (draft_order,fantasy_game_seq,player_id,preferred_team,team_name,seq) values (?,?,?,?,?,default)
    Hibernate: insert into ft_participants (draft_order,fantasy_game_seq,player_id,preferred_team,team_name,seq) values (?,?,?,?,?,default)
    Hibernate: insert into ft_participants (draft_order,fantasy_game_seq,player_id,preferred_team,team_name,seq) values (?,?,?,?,?,default)
    Hibernate: insert into ft_participants (draft_order,fantasy_game_seq,player_id,preferred_team,team_name,seq) values (?,?,?,?,?,default)
    Hibernate: insert into ft_participants (draft_order,fantasy_game_seq,player_id,preferred_team,team_name,seq) values (?,?,?,?,?,default)
    Hibernate: insert into ft_participants (draft_order,fantasy_game_seq,player_id,preferred_team,team_name,seq) values (?,?,?,?,?,default)
    Hibernate: insert into ft_participants (draft_order,fantasy_game_seq,player_id,preferred_team,team_name,seq) values (?,?,?,?,?,default)
    Hibernate: insert into ft_participants (draft_order,fantasy_game_seq,player_id,preferred_team,team_name,seq) values (?,?,?,?,?,default)
    Hibernate: insert into ft_participants (draft_order,fantasy_game_seq,player_id,preferred_team,team_name,seq) values (?,?,?,?,?,default)
    Hibernate: insert into ft_participants (draft_order,fantasy_game_seq,player_id,preferred_team,team_name,seq) values (?,?,?,?,?,default)
    Hibernate: insert into ft_participants (draft_order,fantasy_game_seq,player_id,preferred_team,team_name,seq) values (?,?,?,?,?,default)
    Hibernate: insert into ft_participants (draft_order,fantasy_game_seq,player_id,preferred_team,team_name,seq) values (?,?,?,?,?,default)
    Hibernate: insert into ft_participants (draft_order,fantasy_game_seq,player_id,preferred_team,team_name,seq) values (?,?,?,?,?,default)
    Hibernate: insert into ft_participants (draft_order,fantasy_game_seq,player_id,preferred_team,team_name,seq) values (?,?,?,?,?,default)
    Hibernate: insert into ft_participants (draft_order,fantasy_game_seq,player_id,preferred_team,team_name,seq) values (?,?,?,?,?,default)
    Hibernate: insert into ft_participants (draft_order,fantasy_game_seq,player_id,preferred_team,team_name,seq) values (?,?,?,?,?,default)
    Hibernate: insert into ft_participants (draft_order,fantasy_game_seq,player_id,preferred_team,team_name,seq) values (?,?,?,?,?,default)
    Hibernate: insert into ft_participants (draft_order,fantasy_game_seq,player_id,preferred_team,team_name,seq) values (?,?,?,?,?,default)
    Hibernate: insert into ft_participants (draft_order,fantasy_game_seq,player_id,preferred_team,team_name,seq) values (?,?,?,?,?,default)
    Hibernate: insert into ft_participants (draft_order,fantasy_game_seq,player_id,preferred_team,team_name,seq) values (?,?,?,?,?,default)
    Hibernate: insert into ft_participants (draft_order,fantasy_game_seq,player_id,preferred_team,team_name,seq) values (?,?,?,?,?,default)
    Hibernate: insert into ft_participants (draft_order,fantasy_game_seq,player_id,preferred_team,team_name,seq) values (?,?,?,?,?,default)
    Hibernate: insert into ft_participants (draft_order,fantasy_game_seq,player_id,preferred_team,team_name,seq) values (?,?,?,?,?,default)
    Hibernate: insert into ft_participants (draft_order,fantasy_game_seq,player_id,preferred_team,team_name,seq) values (?,?,?,?,?,default)
    Hibernate: insert into ft_participants (draft_order,fantasy_game_seq,player_id,preferred_team,team_name,seq) values (?,?,?,?,?,default)
    Hibernate: insert into ft_participants (draft_order,fantasy_game_seq,player_id,preferred_team,team_name,seq) values (?,?,?,?,?,default)
    Hibernate: insert into ft_participants (draft_order,fantasy_game_seq,player_id,preferred_team,team_name,seq) values (?,?,?,?,?,default)
    Hibernate: insert into ft_participants (draft_order,fantasy_game_seq,player_id,preferred_team,team_name,seq) values (?,?,?,?,?,default)
    Hibernate: insert into ft_participants (draft_order,fantasy_game_seq,player_id,preferred_team,team_name,seq) values (?,?,?,?,?,default)
    Hibernate: insert into ft_participants (draft_order,fantasy_game_seq,player_id,preferred_team,team_name,seq) values (?,?,?,?,?,default)
    Hibernate: insert into ft_participants (draft_order,fantasy_game_seq,player_id,preferred_team,team_name,seq) values (?,?,?,?,?,default)
    Hibernate: insert into ft_participants (draft_order,fantasy_game_seq,player_id,preferred_team,team_name,seq) values (?,?,?,?,?,default)
    Hibernate: insert into ft_participants (draft_order,fantasy_game_seq,player_id,preferred_team,team_name,seq) values (?,?,?,?,?,default)
    Hibernate: insert into ft_participants (draft_order,fantasy_game_seq,player_id,preferred_team,team_name,seq) values (?,?,?,?,?,default)
    Hibernate: insert into ft_participants (draft_order,fantasy_game_seq,player_id,preferred_team,team_name,seq) values (?,?,?,?,?,default)
    Hibernate: insert into ft_participants (draft_order,fantasy_game_seq,player_id,preferred_team,team_name,seq) values (?,?,?,?,?,default)
    Hibernate: insert into ft_participants (draft_order,fantasy_game_seq,player_id,preferred_team,team_name,seq) values (?,?,?,?,?,default)
    Hibernate: insert into ft_participants (draft_order,fantasy_game_seq,player_id,preferred_team,team_name,seq) values (?,?,?,?,?,default)
    Hibernate: insert into ft_participants (draft_order,fantasy_game_seq,player_id,preferred_team,team_name,seq) values (?,?,?,?,?,default)
    Hibernate: insert into ft_participants (draft_order,fantasy_game_seq,player_id,preferred_team,team_name,seq) values (?,?,?,?,?,default)
    Hibernate: insert into ft_participants (draft_order,fantasy_game_seq,player_id,preferred_team,team_name,seq) values (?,?,?,?,?,default)
    Hibernate: insert into ft_participants (draft_order,fantasy_game_seq,player_id,preferred_team,team_name,seq) values (?,?,?,?,?,default)
    Hibernate: insert into ft_participants (draft_order,fantasy_game_seq,player_id,preferred_team,team_name,seq) values (?,?,?,?,?,default)
    Hibernate: insert into ft_participants (draft_order,fantasy_game_seq,player_id,preferred_team,team_name,seq) values (?,?,?,?,?,default)
    Hibernate: insert into ft_participants (draft_order,fantasy_game_seq,player_id,preferred_team,team_name,seq) values (?,?,?,?,?,default)
    Hibernate: insert into ft_participants (draft_order,fantasy_game_seq,player_id,preferred_team,team_name,seq) values (?,?,?,?,?,default)
    Hibernate: insert into ft_participants (draft_order,fantasy_game_seq,player_id,preferred_team,team_name,seq) values (?,?,?,?,?,default)
    Hibernate: insert into ft_participants (draft_order,fantasy_game_seq,player_id,preferred_team,team_name,seq) values (?,?,?,?,?,default)
    Hibernate: insert into ft_participants (draft_order,fantasy_game_seq,player_id,preferred_team,team_name,seq) values (?,?,?,?,?,default)
    Hibernate: insert into ft_participants (draft_order,fantasy_game_seq,player_id,preferred_team,team_name,seq) values (?,?,?,?,?,default)
    Hibernate: insert into ft_participants (draft_order,fantasy_game_seq,player_id,preferred_team,team_name,seq) values (?,?,?,?,?,default)
    Hibernate: insert into ft_participants (draft_order,fantasy_game_seq,player_id,preferred_team,team_name,seq) values (?,?,?,?,?,default)
    Hibernate: insert into ft_participants (draft_order,fantasy_game_seq,player_id,preferred_team,team_name,seq) values (?,?,?,?,?,default)
    Hibernate: insert into ft_participants (draft_order,fantasy_game_seq,player_id,preferred_team,team_name,seq) values (?,?,?,?,?,default)
    Hibernate: insert into ft_participants (draft_order,fantasy_game_seq,player_id,preferred_team,team_name,seq) values (?,?,?,?,?,default)
    Hibernate: insert into ft_participants (draft_order,fantasy_game_seq,player_id,preferred_team,team_name,seq) values (?,?,?,?,?,default)
    Hibernate: insert into ft_participants (draft_order,fantasy_game_seq,player_id,preferred_team,team_name,seq) values (?,?,?,?,?,default)
    Hibernate: insert into ft_participants (draft_order,fantasy_game_seq,player_id,preferred_team,team_name,seq) values (?,?,?,?,?,default)
    Hibernate: insert into ft_participants (draft_order,fantasy_game_seq,player_id,preferred_team,team_name,seq) values (?,?,?,?,?,default)
    Hibernate: insert into ft_participants (draft_order,fantasy_game_seq,player_id,preferred_team,team_name,seq) values (?,?,?,?,?,default)
    Hibernate: insert into ft_participants (draft_order,fantasy_game_seq,player_id,preferred_team,team_name,seq) values (?,?,?,?,?,default)
    Hibernate: insert into ft_participants (draft_order,fantasy_game_seq,player_id,preferred_team,team_name,seq) values (?,?,?,?,?,default)
    Hibernate: insert into ft_participants (draft_order,fantasy_game_seq,player_id,preferred_team,team_name,seq) values (?,?,?,?,?,default)
    Hibernate: insert into ft_participants (draft_order,fantasy_game_seq,player_id,preferred_team,team_name,seq) values (?,?,?,?,?,default)
    Hibernate: insert into ft_participants (draft_order,fantasy_game_seq,player_id,preferred_team,team_name,seq) values (?,?,?,?,?,default)
    Hibernate: insert into ft_participants (draft_order,fantasy_game_seq,player_id,preferred_team,team_name,seq) values (?,?,?,?,?,default)
    Hibernate: insert into ft_participants (draft_order,fantasy_game_seq,player_id,preferred_team,team_name,seq) values (?,?,?,?,?,default)
    Hibernate: insert into ft_participants (draft_order,fantasy_game_seq,player_id,preferred_team,team_name,seq) values (?,?,?,?,?,default)
    Hibernate: insert into ft_participants (draft_order,fantasy_game_seq,player_id,preferred_team,team_name,seq) values (?,?,?,?,?,default)
    Hibernate: insert into ft_participants (draft_order,fantasy_game_seq,player_id,preferred_team,team_name,seq) values (?,?,?,?,?,default)
    Hibernate: insert into ft_participants (draft_order,fantasy_game_seq,player_id,preferred_team,team_name,seq) values (?,?,?,?,?,default)
    Hibernate: insert into ft_participants (draft_order,fantasy_game_seq,player_id,preferred_team,team_name,seq) values (?,?,?,?,?,default)
    Hibernate: insert into ft_participants (draft_order,fantasy_game_seq,player_id,preferred_team,team_name,seq) values (?,?,?,?,?,default)
    Hibernate: insert into ft_participants (draft_order,fantasy_game_seq,player_id,preferred_team,team_name,seq) values (?,?,?,?,?,default)
    Hibernate: insert into ft_participants (draft_order,fantasy_game_seq,player_id,preferred_team,team_name,seq) values (?,?,?,?,?,default)
    Hibernate: insert into ft_participants (draft_order,fantasy_game_seq,player_id,preferred_team,team_name,seq) values (?,?,?,?,?,default)
    Hibernate: insert into ft_participants (draft_order,fantasy_game_seq,player_id,preferred_team,team_name,seq) values (?,?,?,?,?,default)
    Hibernate: insert into ft_participants (draft_order,fantasy_game_seq,player_id,preferred_team,team_name,seq) values (?,?,?,?,?,default)
    Hibernate: insert into ft_participants (draft_order,fantasy_game_seq,player_id,preferred_team,team_name,seq) values (?,?,?,?,?,default)
    Hibernate: insert into ft_participants (draft_order,fantasy_game_seq,player_id,preferred_team,team_name,seq) values (?,?,?,?,?,default)
    Hibernate: insert into ft_participants (draft_order,fantasy_game_seq,player_id,preferred_team,team_name,seq) values (?,?,?,?,?,default)
    Hibernate: insert into ft_participants (draft_order,fantasy_game_seq,player_id,preferred_team,team_name,seq) values (?,?,?,?,?,default)
    Hibernate: insert into ft_participants (draft_order,fantasy_game_seq,player_id,preferred_team,team_name,seq) values (?,?,?,?,?,default)
    Hibernate: insert into ft_participants (draft_order,fantasy_game_seq,player_id,preferred_team,team_name,seq) values (?,?,?,?,?,default)
    Hibernate: insert into ft_participants (draft_order,fantasy_game_seq,player_id,preferred_team,team_name,seq) values (?,?,?,?,?,default)
    Hibernate: insert into ft_participants (draft_order,fantasy_game_seq,player_id,preferred_team,team_name,seq) values (?,?,?,?,?,default)
    Hibernate: insert into ft_participants (draft_order,fantasy_game_seq,player_id,preferred_team,team_name,seq) values (?,?,?,?,?,default)
    Hibernate: insert into ft_participants (draft_order,fantasy_game_seq,player_id,preferred_team,team_name,seq) values (?,?,?,?,?,default)
    Hibernate: insert into ft_participants (draft_order,fantasy_game_seq,player_id,preferred_team,team_name,seq) values (?,?,?,?,?,default)
    Hibernate: insert into ft_participants (draft_order,fantasy_game_seq,player_id,preferred_team,team_name,seq) values (?,?,?,?,?,default)
    Hibernate: insert into ft_participants (draft_order,fantasy_game_seq,player_id,preferred_team,team_name,seq) values (?,?,?,?,?,default)
    Hibernate: insert into ft_participants (draft_order,fantasy_game_seq,player_id,preferred_team,team_name,seq) values (?,?,?,?,?,default)
    Hibernate: insert into ft_participants (draft_order,fantasy_game_seq,player_id,preferred_team,team_name,seq) values (?,?,?,?,?,default)
    Hibernate: insert into ft_participants (draft_order,fantasy_game_seq,player_id,preferred_team,team_name,seq) values (?,?,?,?,?,default)
    Hibernate: insert into ft_participants (draft_order,fantasy_game_seq,player_id,preferred_team,team_name,seq) values (?,?,?,?,?,default)
    Hibernate: insert into ft_participants (draft_order,fantasy_game_seq,player_id,preferred_team,team_name,seq) values (?,?,?,?,?,default)
    Hibernate: insert into ft_participants (draft_order,fantasy_game_seq,player_id,preferred_team,team_name,seq) values (?,?,?,?,?,default)
    Hibernate: insert into ft_participants (draft_order,fantasy_game_seq,player_id,preferred_team,team_name,seq) values (?,?,?,?,?,default)
    Hibernate: insert into ft_participants (draft_order,fantasy_game_seq,player_id,preferred_team,team_name,seq) values (?,?,?,?,?,default)
    Hibernate: insert into ft_participants (draft_order,fantasy_game_seq,player_id,preferred_team,team_name,seq) values (?,?,?,?,?,default)
    Hibernate: insert into ft_participants (draft_order,fantasy_game_seq,player_id,preferred_team,team_name,seq) values (?,?,?,?,?,default)
    Hibernate: insert into ft_participants (draft_order,fantasy_game_seq,player_id,preferred_team,team_name,seq) values (?,?,?,?,?,default)
    Hibernate: insert into ft_participants (draft_order,fantasy_game_seq,player_id,preferred_team,team_name,seq) values (?,?,?,?,?,default)
    Hibernate: insert into ft_participants (draft_order,fantasy_game_seq,player_id,preferred_team,team_name,seq) values (?,?,?,?,?,default)
    Hibernate: insert into ft_participants (draft_order,fantasy_game_seq,player_id,preferred_team,team_name,seq) values (?,?,?,?,?,default)
    Hibernate: insert into ft_participants (draft_order,fantasy_game_seq,player_id,preferred_team,team_name,seq) values (?,?,?,?,?,default)
    Hibernate: insert into ft_participants (draft_order,fantasy_game_seq,player_id,preferred_team,team_name,seq) values (?,?,?,?,?,default)
    Hibernate: insert into ft_participants (draft_order,fantasy_game_seq,player_id,preferred_team,team_name,seq) values (?,?,?,?,?,default)
    Hibernate: insert into ft_participants (draft_order,fantasy_game_seq,player_id,preferred_team,team_name,seq) values (?,?,?,?,?,default)
    Hibernate: insert into ft_participants (draft_order,fantasy_game_seq,player_id,preferred_team,team_name,seq) values (?,?,?,?,?,default)
    Hibernate: insert into ft_participants (draft_order,fantasy_game_seq,player_id,preferred_team,team_name,seq) values (?,?,?,?,?,default)
    Hibernate: insert into ft_participants (draft_order,fantasy_game_seq,player_id,preferred_team,team_name,seq) values (?,?,?,?,?,default)
    Hibernate: insert into ft_participants (draft_order,fantasy_game_seq,player_id,preferred_team,team_name,seq) values (?,?,?,?,?,default)
    Hibernate: insert into ft_participants (draft_order,fantasy_game_seq,player_id,preferred_team,team_name,seq) values (?,?,?,?,?,default)
    Hibernate: insert into ft_participants (draft_order,fantasy_game_seq,player_id,preferred_team,team_name,seq) values (?,?,?,?,?,default)
    Hibernate: insert into ft_participants (draft_order,fantasy_game_seq,player_id,preferred_team,team_name,seq) values (?,?,?,?,?,default)
    Hibernate: insert into ft_participants (draft_order,fantasy_game_seq,player_id,preferred_team,team_name,seq) values (?,?,?,?,?,default)
    Hibernate: insert into ft_participants (draft_order,fantasy_game_seq,player_id,preferred_team,team_name,seq) values (?,?,?,?,?,default)
    Hibernate: insert into ft_participants (draft_order,fantasy_game_seq,player_id,preferred_team,team_name,seq) values (?,?,?,?,?,default)
    Hibernate: insert into ft_participants (draft_order,fantasy_game_seq,player_id,preferred_team,team_name,seq) values (?,?,?,?,?,default)
    Hibernate: insert into ft_participants (draft_order,fantasy_game_seq,player_id,preferred_team,team_name,seq) values (?,?,?,?,?,default)
    Hibernate: insert into ft_participants (draft_order,fantasy_game_seq,player_id,preferred_team,team_name,seq) values (?,?,?,?,?,default)
    Hibernate: insert into ft_participants (draft_order,fantasy_game_seq,player_id,preferred_team,team_name,seq) values (?,?,?,?,?,default)
    Hibernate: insert into ft_participants (draft_order,fantasy_game_seq,player_id,preferred_team,team_name,seq) values (?,?,?,?,?,default)
    Hibernate: insert into ft_participants (draft_order,fantasy_game_seq,player_id,preferred_team,team_name,seq) values (?,?,?,?,?,default)
    Hibernate: insert into ft_participants (draft_order,fantasy_game_seq,player_id,preferred_team,team_name,seq) values (?,?,?,?,?,default)
    Hibernate: insert into ft_participants (draft_order,fantasy_game_seq,player_id,preferred_team,team_name,seq) values (?,?,?,?,?,default)
    Hibernate: insert into ft_participants (draft_order,fantasy_game_seq,player_id,preferred_team,team_name,seq) values (?,?,?,?,?,default)
    Hibernate: insert into ft_participants (draft_order,fantasy_game_seq,player_id,preferred_team,team_name,seq) values (?,?,?,?,?,default)
    Hibernate: insert into ft_participants (draft_order,fantasy_game_seq,player_id,preferred_team,team_name,seq) values (?,?,?,?,?,default)
    Hibernate: insert into ft_participants (draft_order,fantasy_game_seq,player_id,preferred_team,team_name,seq) values (?,?,?,?,?,default)
    Hibernate: insert into ft_participants (draft_order,fantasy_game_seq,player_id,preferred_team,team_name,seq) values (?,?,?,?,?,default)
    Hibernate: insert into ft_participants (draft_order,fantasy_game_seq,player_id,preferred_team,team_name,seq) values (?,?,?,?,?,default)
    Hibernate: insert into ft_participants (draft_order,fantasy_game_seq,player_id,preferred_team,team_name,seq) values (?,?,?,?,?,default)
    Hibernate: insert into ft_participants (draft_order,fantasy_game_seq,player_id,preferred_team,team_name,seq) values (?,?,?,?,?,default)
    Hibernate: insert into ft_participants (draft_order,fantasy_game_seq,player_id,preferred_team,team_name,seq) values (?,?,?,?,?,default)
    Hibernate: insert into ft_participants (draft_order,fantasy_game_seq,player_id,preferred_team,team_name,seq) values (?,?,?,?,?,default)
    Hibernate: insert into ft_participants (draft_order,fantasy_game_seq,player_id,preferred_team,team_name,seq) values (?,?,?,?,?,default)
    Hibernate: insert into ft_participants (draft_order,fantasy_game_seq,player_id,preferred_team,team_name,seq) values (?,?,?,?,?,default)
    Hibernate: insert into ft_participants (draft_order,fantasy_game_seq,player_id,preferred_team,team_name,seq) values (?,?,?,?,?,default)
    Hibernate: insert into ft_participants (draft_order,fantasy_game_seq,player_id,preferred_team,team_name,seq) values (?,?,?,?,?,default)
    Hibernate: insert into ft_participants (draft_order,fantasy_game_seq,player_id,preferred_team,team_name,seq) values (?,?,?,?,?,default)
    Hibernate: insert into ft_participants (draft_order,fantasy_game_seq,player_id,preferred_team,team_name,seq) values (?,?,?,?,?,default)
    Hibernate: insert into ft_participants (draft_order,fantasy_game_seq,player_id,preferred_team,team_name,seq) values (?,?,?,?,?,default)
    Hibernate: insert into ft_participants (draft_order,fantasy_game_seq,player_id,preferred_team,team_name,seq) values (?,?,?,?,?,default)
    Hibernate: insert into ft_participants (draft_order,fantasy_game_seq,player_id,preferred_team,team_name,seq) values (?,?,?,?,?,default)
    Hibernate: insert into ft_participants (draft_order,fantasy_game_seq,player_id,preferred_team,team_name,seq) values (?,?,?,?,?,default)
    Hibernate: insert into ft_participants (draft_order,fantasy_game_seq,player_id,preferred_team,team_name,seq) values (?,?,?,?,?,default)
    Hibernate: insert into ft_participants (draft_order,fantasy_game_seq,player_id,preferred_team,team_name,seq) values (?,?,?,?,?,default)
    Hibernate: insert into ft_participants (draft_order,fantasy_game_seq,player_id,preferred_team,team_name,seq) values (?,?,?,?,?,default)
    Hibernate: insert into ft_participants (draft_order,fantasy_game_seq,player_id,preferred_team,team_name,seq) values (?,?,?,?,?,default)
    Hibernate: insert into ft_participants (draft_order,fantasy_game_seq,player_id,preferred_team,team_name,seq) values (?,?,?,?,?,default)
    Hibernate: insert into ft_participants (draft_order,fantasy_game_seq,player_id,preferred_team,team_name,seq) values (?,?,?,?,?,default)
    Hibernate: insert into ft_participants (draft_order,fantasy_game_seq,player_id,preferred_team,team_name,seq) values (?,?,?,?,?,default)
    Hibernate: insert into ft_participants (draft_order,fantasy_game_seq,player_id,preferred_team,team_name,seq) values (?,?,?,?,?,default)
    Hibernate: insert into ft_participants (draft_order,fantasy_game_seq,player_id,preferred_team,team_name,seq) values (?,?,?,?,?,default)
    Hibernate: insert into ft_participants (draft_order,fantasy_game_seq,player_id,preferred_team,team_name,seq) values (?,?,?,?,?,default)
    Hibernate: insert into ft_participants (draft_order,fantasy_game_seq,player_id,preferred_team,team_name,seq) values (?,?,?,?,?,default)
    Hibernate: insert into ft_participants (draft_order,fantasy_game_seq,player_id,preferred_team,team_name,seq) values (?,?,?,?,?,default)
    Hibernate: insert into ft_participants (draft_order,fantasy_game_seq,player_id,preferred_team,team_name,seq) values (?,?,?,?,?,default)
    Hibernate: insert into ft_participants (draft_order,fantasy_game_seq,player_id,preferred_team,team_name,seq) values (?,?,?,?,?,default)
    Hibernate: insert into ft_participants (draft_order,fantasy_game_seq,player_id,preferred_team,team_name,seq) values (?,?,?,?,?,default)
    Hibernate: insert into ft_participants (draft_order,fantasy_game_seq,player_id,preferred_team,team_name,seq) values (?,?,?,?,?,default)
    Hibernate: insert into ft_participants (draft_order,fantasy_game_seq,player_id,preferred_team,team_name,seq) values (?,?,?,?,?,default)
    Hibernate: insert into ft_participants (draft_order,fantasy_game_seq,player_id,preferred_team,team_name,seq) values (?,?,?,?,?,default)
    Hibernate: insert into ft_participants (draft_order,fantasy_game_seq,player_id,preferred_team,team_name,seq) values (?,?,?,?,?,default)
    Hibernate: insert into ft_participants (draft_order,fantasy_game_seq,player_id,preferred_team,team_name,seq) values (?,?,?,?,?,default)
    Hibernate: insert into ft_participants (draft_order,fantasy_game_seq,player_id,preferred_team,team_name,seq) values (?,?,?,?,?,default)
    Hibernate: insert into ft_participants (draft_order,fantasy_game_seq,player_id,preferred_team,team_name,seq) values (?,?,?,?,?,default)
    Hibernate: insert into ft_participants (draft_order,fantasy_game_seq,player_id,preferred_team,team_name,seq) values (?,?,?,?,?,default)
    Hibernate: insert into ft_participants (draft_order,fantasy_game_seq,player_id,preferred_team,team_name,seq) values (?,?,?,?,?,default)
    Hibernate: insert into ft_participants (draft_order,fantasy_game_seq,player_id,preferred_team,team_name,seq) values (?,?,?,?,?,default)
    Hibernate: insert into ft_participants (draft_order,fantasy_game_seq,player_id,preferred_team,team_name,seq) values (?,?,?,?,?,default)
    Hibernate: insert into ft_participants (draft_order,fantasy_game_seq,player_id,preferred_team,team_name,seq) values (?,?,?,?,?,default)
    Hibernate: insert into ft_participants (draft_order,fantasy_game_seq,player_id,preferred_team,team_name,seq) values (?,?,?,?,?,default)
    Hibernate: insert into ft_participants (draft_order,fantasy_game_seq,player_id,preferred_team,team_name,seq) values (?,?,?,?,?,default)
    Hibernate: insert into ft_participants (draft_order,fantasy_game_seq,player_id,preferred_team,team_name,seq) values (?,?,?,?,?,default)
    Hibernate: insert into ft_participants (draft_order,fantasy_game_seq,player_id,preferred_team,team_name,seq) values (?,?,?,?,?,default)
    Hibernate: insert into ft_participants (draft_order,fantasy_game_seq,player_id,preferred_team,team_name,seq) values (?,?,?,?,?,default)
    Hibernate: insert into ft_participants (draft_order,fantasy_game_seq,player_id,preferred_team,team_name,seq) values (?,?,?,?,?,default)
    Hibernate: insert into ft_participants (draft_order,fantasy_game_seq,player_id,preferred_team,team_name,seq) values (?,?,?,?,?,default)
    Hibernate: insert into ft_participants (draft_order,fantasy_game_seq,player_id,preferred_team,team_name,seq) values (?,?,?,?,?,default)
    Hibernate: insert into ft_participants (draft_order,fantasy_game_seq,player_id,preferred_team,team_name,seq) values (?,?,?,?,?,default)
    Hibernate: insert into ft_participants (draft_order,fantasy_game_seq,player_id,preferred_team,team_name,seq) values (?,?,?,?,?,default)
    Hibernate: insert into ft_participants (draft_order,fantasy_game_seq,player_id,preferred_team,team_name,seq) values (?,?,?,?,?,default)
    Hibernate: insert into ft_participants (draft_order,fantasy_game_seq,player_id,preferred_team,team_name,seq) values (?,?,?,?,?,default)
    Hibernate: insert into ft_participants (draft_order,fantasy_game_seq,player_id,preferred_team,team_name,seq) values (?,?,?,?,?,default)
    Hibernate: insert into ft_participants (draft_order,fantasy_game_seq,player_id,preferred_team,team_name,seq) values (?,?,?,?,?,default)
    Hibernate: insert into ft_participants (draft_order,fantasy_game_seq,player_id,preferred_team,team_name,seq) values (?,?,?,?,?,default)
    Hibernate: insert into ft_participants (draft_order,fantasy_game_seq,player_id,preferred_team,team_name,seq) values (?,?,?,?,?,default)
    Hibernate: insert into ft_participants (draft_order,fantasy_game_seq,player_id,preferred_team,team_name,seq) values (?,?,?,?,?,default)
    Hibernate: insert into ft_participants (draft_order,fantasy_game_seq,player_id,preferred_team,team_name,seq) values (?,?,?,?,?,default)
    Hibernate: insert into ft_participants (draft_order,fantasy_game_seq,player_id,preferred_team,team_name,seq) values (?,?,?,?,?,default)
    Hibernate: insert into ft_participants (draft_order,fantasy_game_seq,player_id,preferred_team,team_name,seq) values (?,?,?,?,?,default)
    Hibernate: insert into ft_participants (draft_order,fantasy_game_seq,player_id,preferred_team,team_name,seq) values (?,?,?,?,?,default)
    Hibernate: insert into ft_participants (draft_order,fantasy_game_seq,player_id,preferred_team,team_name,seq) values (?,?,?,?,?,default)
    Hibernate: insert into ft_participants (draft_order,fantasy_game_seq,player_id,preferred_team,team_name,seq) values (?,?,?,?,?,default)
    Hibernate: insert into ft_participants (draft_order,fantasy_game_seq,player_id,preferred_team,team_name,seq) values (?,?,?,?,?,default)
    Hibernate: insert into ft_participants (draft_order,fantasy_game_seq,player_id,preferred_team,team_name,seq) values (?,?,?,?,?,default)
    Hibernate: insert into ft_participants (draft_order,fantasy_game_seq,player_id,preferred_team,team_name,seq) values (?,?,?,?,?,default)
    Hibernate: insert into ft_participants (draft_order,fantasy_game_seq,player_id,preferred_team,team_name,seq) values (?,?,?,?,?,default)
    Hibernate: insert into ft_participants (draft_order,fantasy_game_seq,player_id,preferred_team,team_name,seq) values (?,?,?,?,?,default)
    Hibernate: insert into ft_participants (draft_order,fantasy_game_seq,player_id,preferred_team,team_name,seq) values (?,?,?,?,?,default)
    Hibernate: insert into ft_participants (draft_order,fantasy_game_seq,player_id,preferred_team,team_name,seq) values (?,?,?,?,?,default)
    Hibernate: insert into ft_participants (draft_order,fantasy_game_seq,player_id,preferred_team,team_name,seq) values (?,?,?,?,?,default)
    Hibernate: insert into ft_participants (draft_order,fantasy_game_seq,player_id,preferred_team,team_name,seq) values (?,?,?,?,?,default)
    Hibernate: insert into ft_participants (draft_order,fantasy_game_seq,player_id,preferred_team,team_name,seq) values (?,?,?,?,?,default)
    Hibernate: insert into ft_participants (draft_order,fantasy_game_seq,player_id,preferred_team,team_name,seq) values (?,?,?,?,?,default)
    Hibernate: insert into ft_participants (draft_order,fantasy_game_seq,player_id,preferred_team,team_name,seq) values (?,?,?,?,?,default)
    Hibernate: insert into ft_participants (draft_order,fantasy_game_seq,player_id,preferred_team,team_name,seq) values (?,?,?,?,?,default)
    Hibernate: insert into ft_participants (draft_order,fantasy_game_seq,player_id,preferred_team,team_name,seq) values (?,?,?,?,?,default)
    Hibernate: insert into ft_participants (draft_order,fantasy_game_seq,player_id,preferred_team,team_name,seq) values (?,?,?,?,?,default)
    Hibernate: insert into ft_participants (draft_order,fantasy_game_seq,player_id,preferred_team,team_name,seq) values (?,?,?,?,?,default)
    Hibernate: insert into ft_participants (draft_order,fantasy_game_seq,player_id,preferred_team,team_name,seq) values (?,?,?,?,?,default)
    Hibernate: insert into ft_participants (draft_order,fantasy_game_seq,player_id,preferred_team,team_name,seq) values (?,?,?,?,?,default)
    Hibernate: insert into ft_participants (draft_order,fantasy_game_seq,player_id,preferred_team,team_name,seq) values (?,?,?,?,?,default)
    Hibernate: insert into ft_participants (draft_order,fantasy_game_seq,player_id,preferred_team,team_name,seq) values (?,?,?,?,?,default)
    Hibernate: insert into ft_participants (draft_order,fantasy_game_seq,player_id,preferred_team,team_name,seq) values (?,?,?,?,?,default)
    Hibernate: insert into ft_participants (draft_order,fantasy_game_seq,player_id,preferred_team,team_name,seq) values (?,?,?,?,?,default)
    Hibernate: insert into ft_participants (draft_order,fantasy_game_seq,player_id,preferred_team,team_name,seq) values (?,?,?,?,?,default)
    Hibernate: insert into ft_participants (draft_order,fantasy_game_seq,player_id,preferred_team,team_name,seq) values (?,?,?,?,?,default)
    Hibernate: insert into ft_participants (draft_order,fantasy_game_seq,player_id,preferred_team,team_name,seq) values (?,?,?,?,?,default)
    Hibernate: insert into ft_participants (draft_order,fantasy_game_seq,player_id,preferred_team,team_name,seq) values (?,?,?,?,?,default)
    Hibernate: insert into ft_participants (draft_order,fantasy_game_seq,player_id,preferred_team,team_name,seq) values (?,?,?,?,?,default)
    Hibernate: insert into ft_participants (draft_order,fantasy_game_seq,player_id,preferred_team,team_name,seq) values (?,?,?,?,?,default)
    Hibernate: insert into ft_participants (draft_order,fantasy_game_seq,player_id,preferred_team,team_name,seq) values (?,?,?,?,?,default)
    Hibernate: insert into ft_participants (draft_order,fantasy_game_seq,player_id,preferred_team,team_name,seq) values (?,?,?,?,?,default)
    Hibernate: insert into ft_participants (draft_order,fantasy_game_seq,player_id,preferred_team,team_name,seq) values (?,?,?,?,?,default)
    Hibernate: insert into ft_participants (draft_order,fantasy_game_seq,player_id,preferred_team,team_name,seq) values (?,?,?,?,?,default)
    Hibernate: insert into ft_participants (draft_order,fantasy_game_seq,player_id,preferred_team,team_name,seq) values (?,?,?,?,?,default)
    Hibernate: insert into ft_participants (draft_order,fantasy_game_seq,player_id,preferred_team,team_name,seq) values (?,?,?,?,?,default)
    Hibernate: insert into ft_participants (draft_order,fantasy_game_seq,player_id,preferred_team,team_name,seq) values (?,?,?,?,?,default)
    Hibernate: insert into ft_participants (draft_order,fantasy_game_seq,player_id,preferred_team,team_name,seq) values (?,?,?,?,?,default)
    Hibernate: insert into ft_participants (draft_order,fantasy_game_seq,player_id,preferred_team,team_name,seq) values (?,?,?,?,?,default)
    Hibernate: insert into ft_participants (draft_order,fantasy_game_seq,player_id,preferred_team,team_name,seq) values (?,?,?,?,?,default)
    Hibernate: insert into ft_participants (draft_order,fantasy_game_seq,player_id,preferred_team,team_name,seq) values (?,?,?,?,?,default)
    Hibernate: insert into ft_participants (draft_order,fantasy_game_seq,player_id,preferred_team,team_name,seq) values (?,?,?,?,?,default)
    Hibernate: insert into ft_participants (draft_order,fantasy_game_seq,player_id,preferred_team,team_name,seq) values (?,?,?,?,?,default)
    Hibernate: insert into ft_participants (draft_order,fantasy_game_seq,player_id,preferred_team,team_name,seq) values (?,?,?,?,?,default)
    Hibernate: insert into ft_participants (draft_order,fantasy_game_seq,player_id,preferred_team,team_name,seq) values (?,?,?,?,?,default)
    Hibernate: insert into ft_participants (draft_order,fantasy_game_seq,player_id,preferred_team,team_name,seq) values (?,?,?,?,?,default)
    Hibernate: insert into ft_participants (draft_order,fantasy_game_seq,player_id,preferred_team,team_name,seq) values (?,?,?,?,?,default)
    Hibernate: insert into ft_participants (draft_order,fantasy_game_seq,player_id,preferred_team,team_name,seq) values (?,?,?,?,?,default)
    Hibernate: insert into ft_participants (draft_order,fantasy_game_seq,player_id,preferred_team,team_name,seq) values (?,?,?,?,?,default)
    Hibernate: insert into ft_participants (draft_order,fantasy_game_seq,player_id,preferred_team,team_name,seq) values (?,?,?,?,?,default)
    Hibernate: insert into ft_participants (draft_order,fantasy_game_seq,player_id,preferred_team,team_name,seq) values (?,?,?,?,?,default)
    Hibernate: insert into ft_participants (draft_order,fantasy_game_seq,player_id,preferred_team,team_name,seq) values (?,?,?,?,?,default)
    Hibernate: insert into ft_participants (draft_order,fantasy_game_seq,player_id,preferred_team,team_name,seq) values (?,?,?,?,?,default)
    Hibernate: insert into ft_participants (draft_order,fantasy_game_seq,player_id,preferred_team,team_name,seq) values (?,?,?,?,?,default)
    Hibernate: insert into ft_participants (draft_order,fantasy_game_seq,player_id,preferred_team,team_name,seq) values (?,?,?,?,?,default)
    Hibernate: insert into ft_participants (draft_order,fantasy_game_seq,player_id,preferred_team,team_name,seq) values (?,?,?,?,?,default)
    Hibernate: insert into ft_participants (draft_order,fantasy_game_seq,player_id,preferred_team,team_name,seq) values (?,?,?,?,?,default)
    Hibernate: insert into ft_participants (draft_order,fantasy_game_seq,player_id,preferred_team,team_name,seq) values (?,?,?,?,?,default)
    Hibernate: insert into ft_participants (draft_order,fantasy_game_seq,player_id,preferred_team,team_name,seq) values (?,?,?,?,?,default)
    Hibernate: insert into ft_participants (draft_order,fantasy_game_seq,player_id,preferred_team,team_name,seq) values (?,?,?,?,?,default)
    Hibernate: insert into ft_participants (draft_order,fantasy_game_seq,player_id,preferred_team,team_name,seq) values (?,?,?,?,?,default)
    Hibernate: insert into ft_participants (draft_order,fantasy_game_seq,player_id,preferred_team,team_name,seq) values (?,?,?,?,?,default)
    Hibernate: insert into ft_participants (draft_order,fantasy_game_seq,player_id,preferred_team,team_name,seq) values (?,?,?,?,?,default)
    Hibernate: insert into ft_participants (draft_order,fantasy_game_seq,player_id,preferred_team,team_name,seq) values (?,?,?,?,?,default)
    Hibernate: insert into ft_participants (draft_order,fantasy_game_seq,player_id,preferred_team,team_name,seq) values (?,?,?,?,?,default)
    Hibernate: insert into ft_participants (draft_order,fantasy_game_seq,player_id,preferred_team,team_name,seq) values (?,?,?,?,?,default)
    Hibernate: insert into ft_participants (draft_order,fantasy_game_seq,player_id,preferred_team,team_name,seq) values (?,?,?,?,?,default)
    Hibernate: insert into ft_participants (draft_order,fantasy_game_seq,player_id,preferred_team,team_name,seq) values (?,?,?,?,?,default)
    Hibernate: insert into ft_participants (draft_order,fantasy_game_seq,player_id,preferred_team,team_name,seq) values (?,?,?,?,?,default)
    Hibernate: insert into ft_participants (draft_order,fantasy_game_seq,player_id,preferred_team,team_name,seq) values (?,?,?,?,?,default)
    Hibernate: insert into ft_participants (draft_order,fantasy_game_seq,player_id,preferred_team,team_name,seq) values (?,?,?,?,?,default)
    Hibernate: insert into ft_participants (draft_order,fantasy_game_seq,player_id,preferred_team,team_name,seq) values (?,?,?,?,?,default)
    Hibernate: insert into ft_participants (draft_order,fantasy_game_seq,player_id,preferred_team,team_name,seq) values (?,?,?,?,?,default)
    Hibernate: insert into ft_participants (draft_order,fantasy_game_seq,player_id,preferred_team,team_name,seq) values (?,?,?,?,?,default)
    Hibernate: insert into ft_participants (draft_order,fantasy_game_seq,player_id,preferred_team,team_name,seq) values (?,?,?,?,?,default)
    Hibernate: insert into ft_participants (draft_order,fantasy_game_seq,player_id,preferred_team,team_name,seq) values (?,?,?,?,?,default)
    Hibernate: insert into ft_participants (draft_order,fantasy_game_seq,player_id,preferred_team,team_name,seq) values (?,?,?,?,?,default)
    Hibernate: insert into ft_participants (draft_order,fantasy_game_seq,player_id,preferred_team,team_name,seq) values (?,?,?,?,?,default)
    Hibernate: insert into ft_participants (draft_order,fantasy_game_seq,player_id,preferred_team,team_name,seq) values (?,?,?,?,?,default)
    Hibernate: insert into ft_participants (draft_order,fantasy_game_seq,player_id,preferred_team,team_name,seq) values (?,?,?,?,?,default)
    Hibernate: insert into ft_participants (draft_order,fantasy_game_seq,player_id,preferred_team,team_name,seq) values (?,?,?,?,?,default)
    Hibernate: insert into ft_participants (draft_order,fantasy_game_seq,player_id,preferred_team,team_name,seq) values (?,?,?,?,?,default)
    Hibernate: insert into ft_participants (draft_order,fantasy_game_seq,player_id,preferred_team,team_name,seq) values (?,?,?,?,?,default)
    Hibernate: insert into ft_participants (draft_order,fantasy_game_seq,player_id,preferred_team,team_name,seq) values (?,?,?,?,?,default)
    Hibernate: insert into ft_participants (draft_order,fantasy_game_seq,player_id,preferred_team,team_name,seq) values (?,?,?,?,?,default)
    Hibernate: insert into ft_participants (draft_order,fantasy_game_seq,player_id,preferred_team,team_name,seq) values (?,?,?,?,?,default)
    Hibernate: insert into ft_participants (draft_order,fantasy_game_seq,player_id,preferred_team,team_name,seq) values (?,?,?,?,?,default)
    Hibernate: insert into ft_participants (draft_order,fantasy_game_seq,player_id,preferred_team,team_name,seq) values (?,?,?,?,?,default)
    Hibernate: insert into ft_participants (draft_order,fantasy_game_seq,player_id,preferred_team,team_name,seq) values (?,?,?,?,?,default)
    Hibernate: insert into ft_participants (draft_order,fantasy_game_seq,player_id,preferred_team,team_name,seq) values (?,?,?,?,?,default)
    Hibernate: insert into ft_participants (draft_order,fantasy_game_seq,player_id,preferred_team,team_name,seq) values (?,?,?,?,?,default)
    Hibernate: insert into ft_participants (draft_order,fantasy_game_seq,player_id,preferred_team,team_name,seq) values (?,?,?,?,?,default)
    Hibernate: insert into ft_participants (draft_order,fantasy_game_seq,player_id,preferred_team,team_name,seq) values (?,?,?,?,?,default)
    Hibernate: insert into ft_participants (draft_order,fantasy_game_seq,player_id,preferred_team,team_name,seq) values (?,?,?,?,?,default)
    Hibernate: insert into ft_participants (draft_order,fantasy_game_seq,player_id,preferred_team,team_name,seq) values (?,?,?,?,?,default)
    Hibernate: insert into ft_participants (draft_order,fantasy_game_seq,player_id,preferred_team,team_name,seq) values (?,?,?,?,?,default)
    Hibernate: insert into ft_participants (draft_order,fantasy_game_seq,player_id,preferred_team,team_name,seq) values (?,?,?,?,?,default)
    Hibernate: insert into ft_participants (draft_order,fantasy_game_seq,player_id,preferred_team,team_name,seq) values (?,?,?,?,?,default)
    Hibernate: insert into ft_participants (draft_order,fantasy_game_seq,player_id,preferred_team,team_name,seq) values (?,?,?,?,?,default)
    Hibernate: insert into ft_participants (draft_order,fantasy_game_seq,player_id,preferred_team,team_name,seq) values (?,?,?,?,?,default)
    Hibernate: insert into ft_participants (draft_order,fantasy_game_seq,player_id,preferred_team,team_name,seq) values (?,?,?,?,?,default)
    Hibernate: insert into ft_participants (draft_order,fantasy_game_seq,player_id,preferred_team,team_name,seq) values (?,?,?,?,?,default)
    Hibernate: insert into ft_participants (draft_order,fantasy_game_seq,player_id,preferred_team,team_name,seq) values (?,?,?,?,?,default)
    Hibernate: insert into ft_participants (draft_order,fantasy_game_seq,player_id,preferred_team,team_name,seq) values (?,?,?,?,?,default)
    Hibernate: insert into ft_participants (draft_order,fantasy_game_seq,player_id,preferred_team,team_name,seq) values (?,?,?,?,?,default)
    Hibernate: insert into ft_participants (draft_order,fantasy_game_seq,player_id,preferred_team,team_name,seq) values (?,?,?,?,?,default)
    Hibernate: insert into ft_participants (draft_order,fantasy_game_seq,player_id,preferred_team,team_name,seq) values (?,?,?,?,?,default)
    Hibernate: insert into ft_participants (draft_order,fantasy_game_seq,player_id,preferred_team,team_name,seq) values (?,?,?,?,?,default)
    Hibernate: insert into ft_participants (draft_order,fantasy_game_seq,player_id,preferred_team,team_name,seq) values (?,?,?,?,?,default)
    Hibernate: insert into ft_participants (draft_order,fantasy_game_seq,player_id,preferred_team,team_name,seq) values (?,?,?,?,?,default)
    Hibernate: insert into ft_participants (draft_order,fantasy_game_seq,player_id,preferred_team,team_name,seq) values (?,?,?,?,?,default)
    Hibernate: insert into ft_participants (draft_order,fantasy_game_seq,player_id,preferred_team,team_name,seq) values (?,?,?,?,?,default)
    Hibernate: insert into ft_participants (draft_order,fantasy_game_seq,player_id,preferred_team,team_name,seq) values (?,?,?,?,?,default)
    Hibernate: insert into ft_participants (draft_order,fantasy_game_seq,player_id,preferred_team,team_name,seq) values (?,?,?,?,?,default)
    Hibernate: insert into ft_participants (draft_order,fantasy_game_seq,player_id,preferred_team,team_name,seq) values (?,?,?,?,?,default)
    Hibernate: insert into ft_participants (draft_order,fantasy_game_seq,player_id,preferred_team,team_name,seq) values (?,?,?,?,?,default)
    Hibernate: insert into ft_participants (draft_order,fantasy_game_seq,player_id,preferred_team,team_name,seq) values (?,?,?,?,?,default)
    Hibernate: insert into ft_participants (draft_order,fantasy_game_seq,player_id,preferred_team,team_name,seq) values (?,?,?,?,?,default)
    Hibernate: insert into ft_participants (draft_order,fantasy_game_seq,player_id,preferred_team,team_name,seq) values (?,?,?,?,?,default)
    Hibernate: insert into ft_participants (draft_order,fantasy_game_seq,player_id,preferred_team,team_name,seq) values (?,?,?,?,?,default)
    Hibernate: insert into ft_participants (draft_order,fantasy_game_seq,player_id,preferred_team,team_name,seq) values (?,?,?,?,?,default)
    Hibernate: insert into ft_participants (draft_order,fantasy_game_seq,player_id,preferred_team,team_name,seq) values (?,?,?,?,?,default)
    Hibernate: insert into ft_participants (draft_order,fantasy_game_seq,player_id,preferred_team,team_name,seq) values (?,?,?,?,?,default)
    Hibernate: insert into ft_participants (draft_order,fantasy_game_seq,player_id,preferred_team,team_name,seq) values (?,?,?,?,?,default)
    Hibernate: insert into ft_participants (draft_order,fantasy_game_seq,player_id,preferred_team,team_name,seq) values (?,?,?,?,?,default)
    Hibernate: insert into ft_participants (draft_order,fantasy_game_seq,player_id,preferred_team,team_name,seq) values (?,?,?,?,?,default)
    Hibernate: insert into ft_participants (draft_order,fantasy_game_seq,player_id,preferred_team,team_name,seq) values (?,?,?,?,?,default)
    Hibernate: insert into ft_participants (draft_order,fantasy_game_seq,player_id,preferred_team,team_name,seq) values (?,?,?,?,?,default)
    Hibernate: insert into ft_participants (draft_order,fantasy_game_seq,player_id,preferred_team,team_name,seq) values (?,?,?,?,?,default)
    Hibernate: insert into ft_participants (draft_order,fantasy_game_seq,player_id,preferred_team,team_name,seq) values (?,?,?,?,?,default)
    Hibernate: insert into ft_participants (draft_order,fantasy_game_seq,player_id,preferred_team,team_name,seq) values (?,?,?,?,?,default)
    Hibernate: insert into ft_participants (draft_order,fantasy_game_seq,player_id,preferred_team,team_name,seq) values (?,?,?,?,?,default)
    Hibernate: insert into ft_participants (draft_order,fantasy_game_seq,player_id,preferred_team,team_name,seq) values (?,?,?,?,?,default)
    Hibernate: insert into ft_participants (draft_order,fantasy_game_seq,player_id,preferred_team,team_name,seq) values (?,?,?,?,?,default)
    Hibernate: insert into ft_participants (draft_order,fantasy_game_seq,player_id,preferred_team,team_name,seq) values (?,?,?,?,?,default)
    Hibernate: insert into ft_participants (draft_order,fantasy_game_seq,player_id,preferred_team,team_name,seq) values (?,?,?,?,?,default)
    Hibernate: insert into ft_participants (draft_order,fantasy_game_seq,player_id,preferred_team,team_name,seq) values (?,?,?,?,?,default)
    Hibernate: insert into ft_participants (draft_order,fantasy_game_seq,player_id,preferred_team,team_name,seq) values (?,?,?,?,?,default)
    Hibernate: insert into ft_participants (draft_order,fantasy_game_seq,player_id,preferred_team,team_name,seq) values (?,?,?,?,?,default)
    Hibernate: insert into ft_participants (draft_order,fantasy_game_seq,player_id,preferred_team,team_name,seq) values (?,?,?,?,?,default)
    Hibernate: insert into ft_participants (draft_order,fantasy_game_seq,player_id,preferred_team,team_name,seq) values (?,?,?,?,?,default)
    Hibernate: insert into ft_participants (draft_order,fantasy_game_seq,player_id,preferred_team,team_name,seq) values (?,?,?,?,?,default)
    Hibernate: insert into ft_participants (draft_order,fantasy_game_seq,player_id,preferred_team,team_name,seq) values (?,?,?,?,?,default)
    Hibernate: insert into ft_participants (draft_order,fantasy_game_seq,player_id,preferred_team,team_name,seq) values (?,?,?,?,?,default)
    Hibernate: insert into ft_participants (draft_order,fantasy_game_seq,player_id,preferred_team,team_name,seq) values (?,?,?,?,?,default)
    Hibernate: insert into ft_participants (draft_order,fantasy_game_seq,player_id,preferred_team,team_name,seq) values (?,?,?,?,?,default)
    Hibernate: insert into ft_participants (draft_order,fantasy_game_seq,player_id,preferred_team,team_name,seq) values (?,?,?,?,?,default)
    Hibernate: insert into ft_participants (draft_order,fantasy_game_seq,player_id,preferred_team,team_name,seq) values (?,?,?,?,?,default)
    Hibernate: insert into ft_participants (draft_order,fantasy_game_seq,player_id,preferred_team,team_name,seq) values (?,?,?,?,?,default)
    Hibernate: insert into ft_participants (draft_order,fantasy_game_seq,player_id,preferred_team,team_name,seq) values (?,?,?,?,?,default)
    Hibernate: insert into ft_participants (draft_order,fantasy_game_seq,player_id,preferred_team,team_name,seq) values (?,?,?,?,?,default)
    Hibernate: insert into ft_participants (draft_order,fantasy_game_seq,player_id,preferred_team,team_name,seq) values (?,?,?,?,?,default)
    Hibernate: insert into ft_participants (draft_order,fantasy_game_seq,player_id,preferred_team,team_name,seq) values (?,?,?,?,?,default)
    Hibernate: insert into ft_participants (draft_order,fantasy_game_seq,player_id,preferred_team,team_name,seq) values (?,?,?,?,?,default)
    Hibernate: insert into ft_participants (draft_order,fantasy_game_seq,player_id,preferred_team,team_name,seq) values (?,?,?,?,?,default)
    Hibernate: insert into ft_participants (draft_order,fantasy_game_seq,player_id,preferred_team,team_name,seq) values (?,?,?,?,?,default)
    Hibernate: insert into ft_participants (draft_order,fantasy_game_seq,player_id,preferred_team,team_name,seq) values (?,?,?,?,?,default)
    Hibernate: insert into ft_participants (draft_order,fantasy_game_seq,player_id,preferred_team,team_name,seq) values (?,?,?,?,?,default)
    Hibernate: insert into ft_participants (draft_order,fantasy_game_seq,player_id,preferred_team,team_name,seq) values (?,?,?,?,?,default)
    Hibernate: insert into ft_participants (draft_order,fantasy_game_seq,player_id,preferred_team,team_name,seq) values (?,?,?,?,?,default)
    Hibernate: insert into ft_participants (draft_order,fantasy_game_seq,player_id,preferred_team,team_name,seq) values (?,?,?,?,?,default)
    Hibernate: insert into ft_participants (draft_order,fantasy_game_seq,player_id,preferred_team,team_name,seq) values (?,?,?,?,?,default)
    Hibernate: insert into ft_participants (draft_order,fantasy_game_seq,player_id,preferred_team,team_name,seq) values (?,?,?,?,?,default)
    Hibernate: insert into ft_participants (draft_order,fantasy_game_seq,player_id,preferred_team,team_name,seq) values (?,?,?,?,?,default)
    Hibernate: insert into ft_participants (draft_order,fantasy_game_seq,player_id,preferred_team,team_name,seq) values (?,?,?,?,?,default)
    Hibernate: insert into ft_participants (draft_order,fantasy_game_seq,player_id,preferred_team,team_name,seq) values (?,?,?,?,?,default)
    Hibernate: insert into ft_participants (draft_order,fantasy_game_seq,player_id,preferred_team,team_name,seq) values (?,?,?,?,?,default)
    Hibernate: insert into ft_participants (draft_order,fantasy_game_seq,player_id,preferred_team,team_name,seq) values (?,?,?,?,?,default)
    Hibernate: insert into ft_participants (draft_order,fantasy_game_seq,player_id,preferred_team,team_name,seq) values (?,?,?,?,?,default)
    Hibernate: insert into ft_participants (draft_order,fantasy_game_seq,player_id,preferred_team,team_name,seq) values (?,?,?,?,?,default)
    Hibernate: insert into ft_participants (draft_order,fantasy_game_seq,player_id,preferred_team,team_name,seq) values (?,?,?,?,?,default)
    Hibernate: insert into ft_participants (draft_order,fantasy_game_seq,player_id,preferred_team,team_name,seq) values (?,?,?,?,?,default)
    Hibernate: insert into ft_participants (draft_order,fantasy_game_seq,player_id,preferred_team,team_name,seq) values (?,?,?,?,?,default)
    Hibernate: insert into ft_participants (draft_order,fantasy_game_seq,player_id,preferred_team,team_name,seq) values (?,?,?,?,?,default)
    Hibernate: insert into ft_participants (draft_order,fantasy_game_seq,player_id,preferred_team,team_name,seq) values (?,?,?,?,?,default)
    Hibernate: insert into ft_participants (draft_order,fantasy_game_seq,player_id,preferred_team,team_name,seq) values (?,?,?,?,?,default)
    Hibernate: insert into ft_participants (draft_order,fantasy_game_seq,player_id,preferred_team,team_name,seq) values (?,?,?,?,?,default)
    Hibernate: insert into ft_participants (draft_order,fantasy_game_seq,player_id,preferred_team,team_name,seq) values (?,?,?,?,?,default)
    Hibernate: insert into ft_participants (draft_order,fantasy_game_seq,player_id,preferred_team,team_name,seq) values (?,?,?,?,?,default)
    Hibernate: insert into ft_participants (draft_order,fantasy_game_seq,player_id,preferred_team,team_name,seq) values (?,?,?,?,?,default)
    Hibernate: insert into ft_participants (draft_order,fantasy_game_seq,player_id,preferred_team,team_name,seq) values (?,?,?,?,?,default)
    Hibernate: insert into ft_participants (draft_order,fantasy_game_seq,player_id,preferred_team,team_name,seq) values (?,?,?,?,?,default)
    Hibernate: insert into ft_participants (draft_order,fantasy_game_seq,player_id,preferred_team,team_name,seq) values (?,?,?,?,?,default)
    Hibernate: insert into ft_participants (draft_order,fantasy_game_seq,player_id,preferred_team,team_name,seq) values (?,?,?,?,?,default)
    Hibernate: insert into ft_participants (draft_order,fantasy_game_seq,player_id,preferred_team,team_name,seq) values (?,?,?,?,?,default)
    Hibernate: insert into ft_participants (draft_order,fantasy_game_seq,player_id,preferred_team,team_name,seq) values (?,?,?,?,?,default)
    Hibernate: insert into ft_participants (draft_order,fantasy_game_seq,player_id,preferred_team,team_name,seq) values (?,?,?,?,?,default)
    Hibernate: insert into ft_participants (draft_order,fantasy_game_seq,player_id,preferred_team,team_name,seq) values (?,?,?,?,?,default)
    Hibernate: insert into ft_participants (draft_order,fantasy_game_seq,player_id,preferred_team,team_name,seq) values (?,?,?,?,?,default)
    Hibernate: insert into ft_participants (draft_order,fantasy_game_seq,player_id,preferred_team,team_name,seq) values (?,?,?,?,?,default)
    Hibernate: insert into ft_participants (draft_order,fantasy_game_seq,player_id,preferred_team,team_name,seq) values (?,?,?,?,?,default)
    Hibernate: insert into ft_participants (draft_order,fantasy_game_seq,player_id,preferred_team,team_name,seq) values (?,?,?,?,?,default)
    Hibernate: insert into ft_participants (draft_order,fantasy_game_seq,player_id,preferred_team,team_name,seq) values (?,?,?,?,?,default)
    Hibernate: insert into ft_participants (draft_order,fantasy_game_seq,player_id,preferred_team,team_name,seq) values (?,?,?,?,?,default)
    Hibernate: insert into ft_participants (draft_order,fantasy_game_seq,player_id,preferred_team,team_name,seq) values (?,?,?,?,?,default)
    Hibernate: insert into ft_participants (draft_order,fantasy_game_seq,player_id,preferred_team,team_name,seq) values (?,?,?,?,?,default)
    Hibernate: insert into ft_participants (draft_order,fantasy_game_seq,player_id,preferred_team,team_name,seq) values (?,?,?,?,?,default)
    Hibernate: insert into ft_participants (draft_order,fantasy_game_seq,player_id,preferred_team,team_name,seq) values (?,?,?,?,?,default)
    Hibernate: insert into ft_participants (draft_order,fantasy_game_seq,player_id,preferred_team,team_name,seq) values (?,?,?,?,?,default)
    Hibernate: insert into ft_participants (draft_order,fantasy_game_seq,player_id,preferred_team,team_name,seq) values (?,?,?,?,?,default)
    Hibernate: insert into ft_participants (draft_order,fantasy_game_seq,player_id,preferred_team,team_name,seq) values (?,?,?,?,?,default)
    Hibernate: insert into ft_participants (draft_order,fantasy_game_seq,player_id,preferred_team,team_name,seq) values (?,?,?,?,?,default)
    Hibernate: insert into ft_participants (draft_order,fantasy_game_seq,player_id,preferred_team,team_name,seq) values (?,?,?,?,?,default)
    Hibernate: insert into ft_participants (draft_order,fantasy_game_seq,player_id,preferred_team,team_name,seq) values (?,?,?,?,?,default)
    Hibernate: insert into ft_participants (draft_order,fantasy_game_seq,player_id,preferred_team,team_name,seq) values (?,?,?,?,?,default)
    Hibernate: insert into ft_participants (draft_order,fantasy_game_seq,player_id,preferred_team,team_name,seq) values (?,?,?,?,?,default)
    Hibernate: insert into ft_participants (draft_order,fantasy_game_seq,player_id,preferred_team,team_name,seq) values (?,?,?,?,?,default)
    Hibernate: insert into ft_participants (draft_order,fantasy_game_seq,player_id,preferred_team,team_name,seq) values (?,?,?,?,?,default)
    Hibernate: insert into ft_participants (draft_order,fantasy_game_seq,player_id,preferred_team,team_name,seq) values (?,?,?,?,?,default)
    Hibernate: insert into ft_participants (draft_order,fantasy_game_seq,player_id,preferred_team,team_name,seq) values (?,?,?,?,?,default)
    Hibernate: insert into ft_participants (draft_order,fantasy_game_seq,player_id,preferred_team,team_name,seq) values (?,?,?,?,?,default)
    Hibernate: insert into ft_participants (draft_order,fantasy_game_seq,player_id,preferred_team,team_name,seq) values (?,?,?,?,?,default)
    Hibernate: insert into ft_participants (draft_order,fantasy_game_seq,player_id,preferred_team,team_name,seq) values (?,?,?,?,?,default)
    Hibernate: insert into ft_participants (draft_order,fantasy_game_seq,player_id,preferred_team,team_name,seq) values (?,?,?,?,?,default)
    Hibernate: insert into ft_participants (draft_order,fantasy_game_seq,player_id,preferred_team,team_name,seq) values (?,?,?,?,?,default)
    Hibernate: insert into ft_participants (draft_order,fantasy_game_seq,player_id,preferred_team,team_name,seq) values (?,?,?,?,?,default)
    Hibernate: insert into ft_participants (draft_order,fantasy_game_seq,player_id,preferred_team,team_name,seq) values (?,?,?,?,?,default)
    Hibernate: insert into ft_participants (draft_order,fantasy_game_seq,player_id,preferred_team,team_name,seq) values (?,?,?,?,?,default)
    Hibernate: insert into ft_participants (draft_order,fantasy_game_seq,player_id,preferred_team,team_name,seq) values (?,?,?,?,?,default)
    Hibernate: insert into ft_participants (draft_order,fantasy_game_seq,player_id,preferred_team,team_name,seq) values (?,?,?,?,?,default)
    Hibernate: insert into ft_participants (draft_order,fantasy_game_seq,player_id,preferred_team,team_name,seq) values (?,?,?,?,?,default)
    Hibernate: insert into ft_participants (draft_order,fantasy_game_seq,player_id,preferred_team,team_name,seq) values (?,?,?,?,?,default)
    Hibernate: insert into ft_participants (draft_order,fantasy_game_seq,player_id,preferred_team,team_name,seq) values (?,?,?,?,?,default)
    Hibernate: insert into ft_participants (draft_order,fantasy_game_seq,player_id,preferred_team,team_name,seq) values (?,?,?,?,?,default)
    Hibernate: insert into ft_participants (draft_order,fantasy_game_seq,player_id,preferred_team,team_name,seq) values (?,?,?,?,?,default)
    Hibernate: insert into ft_participants (draft_order,fantasy_game_seq,player_id,preferred_team,team_name,seq) values (?,?,?,?,?,default)
    Hibernate: insert into ft_participants (draft_order,fantasy_game_seq,player_id,preferred_team,team_name,seq) values (?,?,?,?,?,default)
    Hibernate: insert into ft_participants (draft_order,fantasy_game_seq,player_id,preferred_team,team_name,seq) values (?,?,?,?,?,default)
    Hibernate: insert into ft_participants (draft_order,fantasy_game_seq,player_id,preferred_team,team_name,seq) values (?,?,?,?,?,default)
    Hibernate: insert into ft_participants (draft_order,fantasy_game_seq,player_id,preferred_team,team_name,seq) values (?,?,?,?,?,default)
    Hibernate: insert into ft_participants (draft_order,fantasy_game_seq,player_id,preferred_team,team_name,seq) values (?,?,?,?,?,default)
    Hibernate: insert into ft_participants (draft_order,fantasy_game_seq,player_id,preferred_team,team_name,seq) values (?,?,?,?,?,default)
    Hibernate: insert into ft_participants (draft_order,fantasy_game_seq,player_id,preferred_team,team_name,seq) values (?,?,?,?,?,default)
    Hibernate: insert into ft_participants (draft_order,fantasy_game_seq,player_id,preferred_team,team_name,seq) values (?,?,?,?,?,default)
    Hibernate: insert into ft_participants (draft_order,fantasy_game_seq,player_id,preferred_team,team_name,seq) values (?,?,?,?,?,default)
    Hibernate: insert into ft_participants (draft_order,fantasy_game_seq,player_id,preferred_team,team_name,seq) values (?,?,?,?,?,default)
    Hibernate: insert into ft_participants (draft_order,fantasy_game_seq,player_id,preferred_team,team_name,seq) values (?,?,?,?,?,default)
    Hibernate: insert into ft_participants (draft_order,fantasy_game_seq,player_id,preferred_team,team_name,seq) values (?,?,?,?,?,default)
    Hibernate: insert into ft_participants (draft_order,fantasy_game_seq,player_id,preferred_team,team_name,seq) values (?,?,?,?,?,default)
    Hibernate: insert into ft_participants (draft_order,fantasy_game_seq,player_id,preferred_team,team_name,seq) values (?,?,?,?,?,default)
    Hibernate: insert into ft_participants (draft_order,fantasy_game_seq,player_id,preferred_team,team_name,seq) values (?,?,?,?,?,default)
    Hibernate: insert into ft_participants (draft_order,fantasy_game_seq,player_id,preferred_team,team_name,seq) values (?,?,?,?,?,default)
    Hibernate: insert into ft_participants (draft_order,fantasy_game_seq,player_id,preferred_team,team_name,seq) values (?,?,?,?,?,default)
    Hibernate: insert into ft_participants (draft_order,fantasy_game_seq,player_id,preferred_team,team_name,seq) values (?,?,?,?,?,default)
    Hibernate: insert into ft_participants (draft_order,fantasy_game_seq,player_id,preferred_team,team_name,seq) values (?,?,?,?,?,default)
    Hibernate: insert into ft_participants (draft_order,fantasy_game_seq,player_id,preferred_team,team_name,seq) values (?,?,?,?,?,default)
    Hibernate: insert into ft_participants (draft_order,fantasy_game_seq,player_id,preferred_team,team_name,seq) values (?,?,?,?,?,default)
    Hibernate: insert into ft_participants (draft_order,fantasy_game_seq,player_id,preferred_team,team_name,seq) values (?,?,?,?,?,default)
    Hibernate: insert into ft_participants (draft_order,fantasy_game_seq,player_id,preferred_team,team_name,seq) values (?,?,?,?,?,default)
    Hibernate: insert into ft_participants (draft_order,fantasy_game_seq,player_id,preferred_team,team_name,seq) values (?,?,?,?,?,default)
    Hibernate: insert into ft_participants (draft_order,fantasy_game_seq,player_id,preferred_team,team_name,seq) values (?,?,?,?,?,default)
    Hibernate: insert into ft_participants (draft_order,fantasy_game_seq,player_id,preferred_team,team_name,seq) values (?,?,?,?,?,default)
    Hibernate: insert into ft_participants (draft_order,fantasy_game_seq,player_id,preferred_team,team_name,seq) values (?,?,?,?,?,default)
    Hibernate: insert into ft_participants (draft_order,fantasy_game_seq,player_id,preferred_team,team_name,seq) values (?,?,?,?,?,default)
    Hibernate: insert into ft_participants (draft_order,fantasy_game_seq,player_id,preferred_team,team_name,seq) values (?,?,?,?,?,default)
    Hibernate: insert into ft_participants (draft_order,fantasy_game_seq,player_id,preferred_team,team_name,seq) values (?,?,?,?,?,default)
    Hibernate: insert into ft_participants (draft_order,fantasy_game_seq,player_id,preferred_team,team_name,seq) values (?,?,?,?,?,default)
    Hibernate: insert into ft_participants (draft_order,fantasy_game_seq,player_id,preferred_team,team_name,seq) values (?,?,?,?,?,default)
    Hibernate: insert into ft_participants (draft_order,fantasy_game_seq,player_id,preferred_team,team_name,seq) values (?,?,?,?,?,default)
    Hibernate: insert into ft_participants (draft_order,fantasy_game_seq,player_id,preferred_team,team_name,seq) values (?,?,?,?,?,default)
    Hibernate: insert into ft_participants (draft_order,fantasy_game_seq,player_id,preferred_team,team_name,seq) values (?,?,?,?,?,default)
    Hibernate: insert into ft_participants (draft_order,fantasy_game_seq,player_id,preferred_team,team_name,seq) values (?,?,?,?,?,default)
    Hibernate: insert into ft_participants (draft_order,fantasy_game_seq,player_id,preferred_team,team_name,seq) values (?,?,?,?,?,default)
    Hibernate: insert into ft_participants (draft_order,fantasy_game_seq,player_id,preferred_team,team_name,seq) values (?,?,?,?,?,default)
    Hibernate: insert into ft_participants (draft_order,fantasy_game_seq,player_id,preferred_team,team_name,seq) values (?,?,?,?,?,default)
    Hibernate: insert into ft_participants (draft_order,fantasy_game_seq,player_id,preferred_team,team_name,seq) values (?,?,?,?,?,default)
    Hibernate: insert into ft_participants (draft_order,fantasy_game_seq,player_id,preferred_team,team_name,seq) values (?,?,?,?,?,default)
    Hibernate: insert into ft_participants (draft_order,fantasy_game_seq,player_id,preferred_team,team_name,seq) values (?,?,?,?,?,default)
    Hibernate: insert into ft_participants (draft_order,fantasy_game_seq,player_id,preferred_team,team_name,seq) values (?,?,?,?,?,default)
    Hibernate: insert into ft_participants (draft_order,fantasy_game_seq,player_id,preferred_team,team_name,seq) values (?,?,?,?,?,default)
    Hibernate: insert into ft_participants (draft_order,fantasy_game_seq,player_id,preferred_team,team_name,seq) values (?,?,?,?,?,default)
    Hibernate: insert into ft_participants (draft_order,fantasy_game_seq,player_id,preferred_team,team_name,seq) values (?,?,?,?,?,default)
    Hibernate: insert into ft_participants (draft_order,fantasy_game_seq,player_id,preferred_team,team_name,seq) values (?,?,?,?,?,default)
    Hibernate: insert into ft_participants (draft_order,fantasy_game_seq,player_id,preferred_team,team_name,seq) values (?,?,?,?,?,default)
    Hibernate: insert into ft_participants (draft_order,fantasy_game_seq,player_id,preferred_team,team_name,seq) values (?,?,?,?,?,default)
    Hibernate: insert into ft_participants (draft_order,fantasy_game_seq,player_id,preferred_team,team_name,seq) values (?,?,?,?,?,default)
    Hibernate: insert into ft_participants (draft_order,fantasy_game_seq,player_id,preferred_team,team_name,seq) values (?,?,?,?,?,default)
    Hibernate: insert into ft_participants (draft_order,fantasy_game_seq,player_id,preferred_team,team_name,seq) values (?,?,?,?,?,default)
    Hibernate: insert into ft_participants (draft_order,fantasy_game_seq,player_id,preferred_team,team_name,seq) values (?,?,?,?,?,default)
    Hibernate: insert into ft_participants (draft_order,fantasy_game_seq,player_id,preferred_team,team_name,seq) values (?,?,?,?,?,default)
    Hibernate: insert into ft_participants (draft_order,fantasy_game_seq,player_id,preferred_team,team_name,seq) values (?,?,?,?,?,default)
    Hibernate: insert into ft_participants (draft_order,fantasy_game_seq,player_id,preferred_team,team_name,seq) values (?,?,?,?,?,default)
    Hibernate: insert into ft_participants (draft_order,fantasy_game_seq,player_id,preferred_team,team_name,seq) values (?,?,?,?,?,default)
    Hibernate: insert into ft_participants (draft_order,fantasy_game_seq,player_id,preferred_team,team_name,seq) values (?,?,?,?,?,default)
    Hibernate: insert into ft_participants (draft_order,fantasy_game_seq,player_id,preferred_team,team_name,seq) values (?,?,?,?,?,default)
    Hibernate: insert into ft_participants (draft_order,fantasy_game_seq,player_id,preferred_team,team_name,seq) values (?,?,?,?,?,default)
    Hibernate: insert into ft_participants (draft_order,fantasy_game_seq,player_id,preferred_team,team_name,seq) values (?,?,?,?,?,default)
    Hibernate: insert into ft_participants (draft_order,fantasy_game_seq,player_id,preferred_team,team_name,seq) values (?,?,?,?,?,default)
    Hibernate: insert into ft_participants (draft_order,fantasy_game_seq,player_id,preferred_team,team_name,seq) values (?,?,?,?,?,default)
    Hibernate: insert into ft_participants (draft_order,fantasy_game_seq,player_id,preferred_team,team_name,seq) values (?,?,?,?,?,default)
    Hibernate: insert into ft_participants (draft_order,fantasy_game_seq,player_id,preferred_team,team_name,seq) values (?,?,?,?,?,default)
    Hibernate: insert into ft_participants (draft_order,fantasy_game_seq,player_id,preferred_team,team_name,seq) values (?,?,?,?,?,default)
    Hibernate: insert into ft_participants (draft_order,fantasy_game_seq,player_id,preferred_team,team_name,seq) values (?,?,?,?,?,default)
    Hibernate: insert into ft_participants (draft_order,fantasy_game_seq,player_id,preferred_team,team_name,seq) values (?,?,?,?,?,default)
    Hibernate: insert into ft_participants (draft_order,fantasy_game_seq,player_id,preferred_team,team_name,seq) values (?,?,?,?,?,default)
    Hibernate: insert into ft_participants (draft_order,fantasy_game_seq,player_id,preferred_team,team_name,seq) values (?,?,?,?,?,default)
    Hibernate: insert into ft_participants (draft_order,fantasy_game_seq,player_id,preferred_team,team_name,seq) values (?,?,?,?,?,default)
    Hibernate: insert into ft_participants (draft_order,fantasy_game_seq,player_id,preferred_team,team_name,seq) values (?,?,?,?,?,default)
    Hibernate: insert into ft_participants (draft_order,fantasy_game_seq,player_id,preferred_team,team_name,seq) values (?,?,?,?,?,default)
    Hibernate: insert into ft_participants (draft_order,fantasy_game_seq,player_id,preferred_team,team_name,seq) values (?,?,?,?,?,default)
    Hibernate: insert into ft_participants (draft_order,fantasy_game_seq,player_id,preferred_team,team_name,seq) values (?,?,?,?,?,default)
    Hibernate: insert into ft_participants (draft_order,fantasy_game_seq,player_id,preferred_team,team_name,seq) values (?,?,?,?,?,default)
    Hibernate: insert into ft_participants (draft_order,fantasy_game_seq,player_id,preferred_team,team_name,seq) values (?,?,?,?,?,default)
    Hibernate: insert into ft_participants (draft_order,fantasy_game_seq,player_id,preferred_team,team_name,seq) values (?,?,?,?,?,default)
    Hibernate: insert into ft_participants (draft_order,fantasy_game_seq,player_id,preferred_team,team_name,seq) values (?,?,?,?,?,default)
    Hibernate: insert into ft_participants (draft_order,fantasy_game_seq,player_id,preferred_team,team_name,seq) values (?,?,?,?,?,default)
    Hibernate: insert into ft_participants (draft_order,fantasy_game_seq,player_id,preferred_team,team_name,seq) values (?,?,?,?,?,default)
    Hibernate: insert into ft_participants (draft_order,fantasy_game_seq,player_id,preferred_team,team_name,seq) values (?,?,?,?,?,default)
    Hibernate: insert into ft_participants (draft_order,fantasy_game_seq,player_id,preferred_team,team_name,seq) values (?,?,?,?,?,default)
    Hibernate: insert into ft_participants (draft_order,fantasy_game_seq,player_id,preferred_team,team_name,seq) values (?,?,?,?,?,default)
    Hibernate: insert into ft_participants (draft_order,fantasy_game_seq,player_id,preferred_team,team_name,seq) values (?,?,?,?,?,default)
    Hibernate: insert into ft_participants (draft_order,fantasy_game_seq,player_id,preferred_team,team_name,seq) values (?,?,?,?,?,default)
    Hibernate: insert into ft_participants (draft_order,fantasy_game_seq,player_id,preferred_team,team_name,seq) values (?,?,?,?,?,default)
    Hibernate: insert into ft_participants (draft_order,fantasy_game_seq,player_id,preferred_team,team_name,seq) values (?,?,?,?,?,default)
    Hibernate: insert into ft_participants (draft_order,fantasy_game_seq,player_id,preferred_team,team_name,seq) values (?,?,?,?,?,default)
    Hibernate: insert into ft_participants (draft_order,fantasy_game_seq,player_id,preferred_team,team_name,seq) values (?,?,?,?,?,default)
    Hibernate: insert into ft_participants (draft_order,fantasy_game_seq,player_id,preferred_team,team_name,seq) values (?,?,?,?,?,default)
    Hibernate: insert into ft_participants (draft_order,fantasy_game_seq,player_id,preferred_team,team_name,seq) values (?,?,?,?,?,default)
    Hibernate: insert into ft_participants (draft_order,fantasy_game_seq,player_id,preferred_team,team_name,seq) values (?,?,?,?,?,default)
    Hibernate: insert into ft_participants (draft_order,fantasy_game_seq,player_id,preferred_team,team_name,seq) values (?,?,?,?,?,default)
    Hibernate: insert into ft_participants (draft_order,fantasy_game_seq,player_id,preferred_team,team_name,seq) values (?,?,?,?,?,default)
    Hibernate: insert into ft_participants (draft_order,fantasy_game_seq,player_id,preferred_team,team_name,seq) values (?,?,?,?,?,default)
    Hibernate: insert into ft_participants (draft_order,fantasy_game_seq,player_id,preferred_team,team_name,seq) values (?,?,?,?,?,default)
    Hibernate: insert into ft_participants (draft_order,fantasy_game_seq,player_id,preferred_team,team_name,seq) values (?,?,?,?,?,default)
    Hibernate: insert into ft_participants (draft_order,fantasy_game_seq,player_id,preferred_team,team_name,seq) values (?,?,?,?,?,default)
    Hibernate: insert into ft_participants (draft_order,fantasy_game_seq,player_id,preferred_team,team_name,seq) values (?,?,?,?,?,default)
    Hibernate: insert into ft_participants (draft_order,fantasy_game_seq,player_id,preferred_team,team_name,seq) values (?,?,?,?,?,default)
    Hibernate: insert into ft_participants (draft_order,fantasy_game_seq,player_id,preferred_team,team_name,seq) values (?,?,?,?,?,default)
    Hibernate: insert into ft_participants (draft_order,fantasy_game_seq,player_id,preferred_team,team_name,seq) values (?,?,?,?,?,default)
    Hibernate: insert into ft_participants (draft_order,fantasy_game_seq,player_id,preferred_team,team_name,seq) values (?,?,?,?,?,default)
    Hibernate: insert into ft_participants (draft_order,fantasy_game_seq,player_id,preferred_team,team_name,seq) values (?,?,?,?,?,default)
    Hibernate: insert into ft_participants (draft_order,fantasy_game_seq,player_id,preferred_team,team_name,seq) values (?,?,?,?,?,default)
    Hibernate: insert into ft_participants (draft_order,fantasy_game_seq,player_id,preferred_team,team_name,seq) values (?,?,?,?,?,default)
    Hibernate: insert into ft_participants (draft_order,fantasy_game_seq,player_id,preferred_team,team_name,seq) values (?,?,?,?,?,default)
    Hibernate: insert into ft_participants (draft_order,fantasy_game_seq,player_id,preferred_team,team_name,seq) values (?,?,?,?,?,default)
    Hibernate: insert into ft_participants (draft_order,fantasy_game_seq,player_id,preferred_team,team_name,seq) values (?,?,?,?,?,default)
    Hibernate: insert into ft_participants (draft_order,fantasy_game_seq,player_id,preferred_team,team_name,seq) values (?,?,?,?,?,default)
    Hibernate: insert into ft_participants (draft_order,fantasy_game_seq,player_id,preferred_team,team_name,seq) values (?,?,?,?,?,default)
    Hibernate: insert into ft_participants (draft_order,fantasy_game_seq,player_id,preferred_team,team_name,seq) values (?,?,?,?,?,default)
    Hibernate: insert into ft_participants (draft_order,fantasy_game_seq,player_id,preferred_team,team_name,seq) values (?,?,?,?,?,default)
    Hibernate: insert into ft_participants (draft_order,fantasy_game_seq,player_id,preferred_team,team_name,seq) values (?,?,?,?,?,default)
    Hibernate: insert into ft_participants (draft_order,fantasy_game_seq,player_id,preferred_team,team_name,seq) values (?,?,?,?,?,default)
    Hibernate: insert into ft_participants (draft_order,fantasy_game_seq,player_id,preferred_team,team_name,seq) values (?,?,?,?,?,default)
    Hibernate: insert into ft_participants (draft_order,fantasy_game_seq,player_id,preferred_team,team_name,seq) values (?,?,?,?,?,default)
    Hibernate: insert into ft_participants (draft_order,fantasy_game_seq,player_id,preferred_team,team_name,seq) values (?,?,?,?,?,default)
    Hibernate: insert into ft_participants (draft_order,fantasy_game_seq,player_id,preferred_team,team_name,seq) values (?,?,?,?,?,default)
    Hibernate: insert into ft_participants (draft_order,fantasy_game_seq,player_id,preferred_team,team_name,seq) values (?,?,?,?,?,default)
    Hibernate: insert into ft_participants (draft_order,fantasy_game_seq,player_id,preferred_team,team_name,seq) values (?,?,?,?,?,default)
    Hibernate: insert into ft_participants (draft_order,fantasy_game_seq,player_id,preferred_team,team_name,seq) values (?,?,?,?,?,default)
    Hibernate: insert into ft_participants (draft_order,fantasy_game_seq,player_id,preferred_team,team_name,seq) values (?,?,?,?,?,default)
    Hibernate: insert into ft_participants (draft_order,fantasy_game_seq,player_id,preferred_team,team_name,seq) values (?,?,?,?,?,default)
    Hibernate: insert into ft_participants (draft_order,fantasy_game_seq,player_id,preferred_team,team_name,seq) values (?,?,?,?,?,default)
    Hibernate: insert into ft_participants (draft_order,fantasy_game_seq,player_id,preferred_team,team_name,seq) values (?,?,?,?,?,default)
    Hibernate: insert into ft_participants (draft_order,fantasy_game_seq,player_id,preferred_team,team_name,seq) values (?,?,?,?,?,default)
    Hibernate: insert into ft_participants (draft_order,fantasy_game_seq,player_id,preferred_team,team_name,seq) values (?,?,?,?,?,default)
    Hibernate: insert into ft_participants (draft_order,fantasy_game_seq,player_id,preferred_team,team_name,seq) values (?,?,?,?,?,default)
    Hibernate: insert into ft_participants (draft_order,fantasy_game_seq,player_id,preferred_team,team_name,seq) values (?,?,?,?,?,default)
    Hibernate: insert into ft_participants (draft_order,fantasy_game_seq,player_id,preferred_team,team_name,seq) values (?,?,?,?,?,default)
    Hibernate: insert into ft_participants (draft_order,fantasy_game_seq,player_id,preferred_team,team_name,seq) values (?,?,?,?,?,default)
    Hibernate: insert into ft_participants (draft_order,fantasy_game_seq,player_id,preferred_team,team_name,seq) values (?,?,?,?,?,default)
    Hibernate: insert into ft_participants (draft_order,fantasy_game_seq,player_id,preferred_team,team_name,seq) values (?,?,?,?,?,default)
    Hibernate: insert into ft_participants (draft_order,fantasy_game_seq,player_id,preferred_team,team_name,seq) values (?,?,?,?,?,default)
    Hibernate: insert into ft_participants (draft_order,fantasy_game_seq,player_id,preferred_team,team_name,seq) values (?,?,?,?,?,default)
    Hibernate: insert into ft_participants (draft_order,fantasy_game_seq,player_id,preferred_team,team_name,seq) values (?,?,?,?,?,default)
    Hibernate: insert into ft_participants (draft_order,fantasy_game_seq,player_id,preferred_team,team_name,seq) values (?,?,?,?,?,default)
    Hibernate: insert into ft_participants (draft_order,fantasy_game_seq,player_id,preferred_team,team_name,seq) values (?,?,?,?,?,default)
    Hibernate: insert into ft_participants (draft_order,fantasy_game_seq,player_id,preferred_team,team_name,seq) values (?,?,?,?,?,default)
    Hibernate: insert into ft_participants (draft_order,fantasy_game_seq,player_id,preferred_team,team_name,seq) values (?,?,?,?,?,default)
    Hibernate: insert into ft_participants (draft_order,fantasy_game_seq,player_id,preferred_team,team_name,seq) values (?,?,?,?,?,default)
    Hibernate: insert into ft_participants (draft_order,fantasy_game_seq,player_id,preferred_team,team_name,seq) values (?,?,?,?,?,default)
    Hibernate: insert into ft_participants (draft_order,fantasy_game_seq,player_id,preferred_team,team_name,seq) values (?,?,?,?,?,default)
    Hibernate: insert into ft_participants (draft_order,fantasy_game_seq,player_id,preferred_team,team_name,seq) values (?,?,?,?,?,default)
    Hibernate: insert into ft_participants (draft_order,fantasy_game_seq,player_id,preferred_team,team_name,seq) values (?,?,?,?,?,default)
    Hibernate: insert into ft_participants (draft_order,fantasy_game_seq,player_id,preferred_team,team_name,seq) values (?,?,?,?,?,default)
    Hibernate: insert into ft_participants (draft_order,fantasy_game_seq,player_id,preferred_team,team_name,seq) values (?,?,?,?,?,default)
    Hibernate: insert into ft_participants (draft_order,fantasy_game_seq,player_id,preferred_team,team_name,seq) values (?,?,?,?,?,default)
    Hibernate: insert into ft_participants (draft_order,fantasy_game_seq,player_id,preferred_team,team_name,seq) values (?,?,?,?,?,default)
    Hibernate: insert into ft_participants (draft_order,fantasy_game_seq,player_id,preferred_team,team_name,seq) values (?,?,?,?,?,default)
    Hibernate: insert into ft_participants (draft_order,fantasy_game_seq,player_id,preferred_team,team_name,seq) values (?,?,?,?,?,default)
    Hibernate: insert into ft_participants (draft_order,fantasy_game_seq,player_id,preferred_team,team_name,seq) values (?,?,?,?,?,default)
    Hibernate: insert into ft_participants (draft_order,fantasy_game_seq,player_id,preferred_team,team_name,seq) values (?,?,?,?,?,default)
    Hibernate: insert into ft_participants (draft_order,fantasy_game_seq,player_id,preferred_team,team_name,seq) values (?,?,?,?,?,default)
    Hibernate: insert into ft_participants (draft_order,fantasy_game_seq,player_id,preferred_team,team_name,seq) values (?,?,?,?,?,default)
    Hibernate: insert into ft_participants (draft_order,fantasy_game_seq,player_id,preferred_team,team_name,seq) values (?,?,?,?,?,default)
    Hibernate: insert into ft_participants (draft_order,fantasy_game_seq,player_id,preferred_team,team_name,seq) values (?,?,?,?,?,default)
    Hibernate: insert into ft_participants (draft_order,fantasy_game_seq,player_id,preferred_team,team_name,seq) values (?,?,?,?,?,default)
    Hibernate: insert into ft_participants (draft_order,fantasy_game_seq,player_id,preferred_team,team_name,seq) values (?,?,?,?,?,default)
    Hibernate: insert into ft_participants (draft_order,fantasy_game_seq,player_id,preferred_team,team_name,seq) values (?,?,?,?,?,default)
    Hibernate: insert into ft_participants (draft_order,fantasy_game_seq,player_id,preferred_team,team_name,seq) values (?,?,?,?,?,default)
    Hibernate: insert into ft_participants (draft_order,fantasy_game_seq,player_id,preferred_team,team_name,seq) values (?,?,?,?,?,default)
    Hibernate: insert into ft_participants (draft_order,fantasy_game_seq,player_id,preferred_team,team_name,seq) values (?,?,?,?,?,default)
    Hibernate: insert into ft_participants (draft_order,fantasy_game_seq,player_id,preferred_team,team_name,seq) values (?,?,?,?,?,default)
    Hibernate: insert into ft_participants (draft_order,fantasy_game_seq,player_id,preferred_team,team_name,seq) values (?,?,?,?,?,default)
    Hibernate: insert into ft_participants (draft_order,fantasy_game_seq,player_id,preferred_team,team_name,seq) values (?,?,?,?,?,default)
    Hibernate: insert into ft_participants (draft_order,fantasy_game_seq,player_id,preferred_team,team_name,seq) values (?,?,?,?,?,default)
    Hibernate: insert into ft_participants (draft_order,fantasy_game_seq,player_id,preferred_team,team_name,seq) values (?,?,?,?,?,default)
    Hibernate: insert into ft_participants (draft_order,fantasy_game_seq,player_id,preferred_team,team_name,seq) values (?,?,?,?,?,default)
    Hibernate: insert into ft_participants (draft_order,fantasy_game_seq,player_id,preferred_team,team_name,seq) values (?,?,?,?,?,default)
    Hibernate: insert into ft_participants (draft_order,fantasy_game_seq,player_id,preferred_team,team_name,seq) values (?,?,?,?,?,default)
    Hibernate: insert into ft_participants (draft_order,fantasy_game_seq,player_id,preferred_team,team_name,seq) values (?,?,?,?,?,default)
    Hibernate: insert into ft_participants (draft_order,fantasy_game_seq,player_id,preferred_team,team_name,seq) values (?,?,?,?,?,default)
    Hibernate: insert into ft_participants (draft_order,fantasy_game_seq,player_id,preferred_team,team_name,seq) values (?,?,?,?,?,default)
    Hibernate: insert into ft_participants (draft_order,fantasy_game_seq,player_id,preferred_team,team_name,seq) values (?,?,?,?,?,default)
    Hibernate: insert into ft_participants (draft_order,fantasy_game_seq,player_id,preferred_team,team_name,seq) values (?,?,?,?,?,default)
    Hibernate: insert into ft_participants (draft_order,fantasy_game_seq,player_id,preferred_team,team_name,seq) values (?,?,?,?,?,default)
    Hibernate: insert into ft_participants (draft_order,fantasy_game_seq,player_id,preferred_team,team_name,seq) values (?,?,?,?,?,default)
    Hibernate: insert into ft_participants (draft_order,fantasy_game_seq,player_id,preferred_team,team_name,seq) values (?,?,?,?,?,default)
    Hibernate: insert into ft_participants (draft_order,fantasy_game_seq,player_id,preferred_team,team_name,seq) values (?,?,?,?,?,default)
    Hibernate: insert into ft_participants (draft_order,fantasy_game_seq,player_id,preferred_team,team_name,seq) values (?,?,?,?,?,default)
    Hibernate: insert into ft_participants (draft_order,fantasy_game_seq,player_id,preferred_team,team_name,seq) values (?,?,?,?,?,default)
    Hibernate: insert into ft_participants (draft_order,fantasy_game_seq,player_id,preferred_team,team_name,seq) values (?,?,?,?,?,default)
    Hibernate: insert into ft_participants (draft_order,fantasy_game_seq,player_id,preferred_team,team_name,seq) values (?,?,?,?,?,default)
    Hibernate: insert into ft_participants (draft_order,fantasy_game_seq,player_id,preferred_team,team_name,seq) values (?,?,?,?,?,default)
    Hibernate: insert into ft_participants (draft_order,fantasy_game_seq,player_id,preferred_team,team_name,seq) values (?,?,?,?,?,default)
    Hibernate: insert into ft_participants (draft_order,fantasy_game_seq,player_id,preferred_team,team_name,seq) values (?,?,?,?,?,default)
    Hibernate: insert into ft_participants (draft_order,fantasy_game_seq,player_id,preferred_team,team_name,seq) values (?,?,?,?,?,default)
    Hibernate: insert into ft_participants (draft_order,fantasy_game_seq,player_id,preferred_team,team_name,seq) values (?,?,?,?,?,default)
    Hibernate: insert into ft_participants (draft_order,fantasy_game_seq,player_id,preferred_team,team_name,seq) values (?,?,?,?,?,default)
    Hibernate: insert into ft_participants (draft_order,fantasy_game_seq,player_id,preferred_team,team_name,seq) values (?,?,?,?,?,default)
    Hibernate: insert into ft_participants (draft_order,fantasy_game_seq,player_id,preferred_team,team_name,seq) values (?,?,?,?,?,default)
    Hibernate: insert into ft_participants (draft_order,fantasy_game_seq,player_id,preferred_team,team_name,seq) values (?,?,?,?,?,default)
    Hibernate: insert into ft_participants (draft_order,fantasy_game_seq,player_id,preferred_team,team_name,seq) values (?,?,?,?,?,default)
    Hibernate: insert into ft_participants (draft_order,fantasy_game_seq,player_id,preferred_team,team_name,seq) values (?,?,?,?,?,default)
    Hibernate: insert into ft_participants (draft_order,fantasy_game_seq,player_id,preferred_team,team_name,seq) values (?,?,?,?,?,default)
    Hibernate: insert into ft_participants (draft_order,fantasy_game_seq,player_id,preferred_team,team_name,seq) values (?,?,?,?,?,default)
    Hibernate: insert into ft_participants (draft_order,fantasy_game_seq,player_id,preferred_team,team_name,seq) values (?,?,?,?,?,default)
    Hibernate: insert into ft_participants (draft_order,fantasy_game_seq,player_id,preferred_team,team_name,seq) values (?,?,?,?,?,default)
    Hibernate: insert into ft_participants (draft_order,fantasy_game_seq,player_id,preferred_team,team_name,seq) values (?,?,?,?,?,default)
    Hibernate: insert into ft_participants (draft_order,fantasy_game_seq,player_id,preferred_team,team_name,seq) values (?,?,?,?,?,default)
    Hibernate: insert into ft_participants (draft_order,fantasy_game_seq,player_id,preferred_team,team_name,seq) values (?,?,?,?,?,default)
    Hibernate: insert into ft_participants (draft_order,fantasy_game_seq,player_id,preferred_team,team_name,seq) values (?,?,?,?,?,default)
    Hibernate: insert into ft_participants (draft_order,fantasy_game_seq,player_id,preferred_team,team_name,seq) values (?,?,?,?,?,default)
    Hibernate: insert into ft_participants (draft_order,fantasy_game_seq,player_id,preferred_team,team_name,seq) values (?,?,?,?,?,default)
    Hibernate: insert into ft_participants (draft_order,fantasy_game_seq,player_id,preferred_team,team_name,seq) values (?,?,?,?,?,default)
    Hibernate: insert into ft_participants (draft_order,fantasy_game_seq,player_id,preferred_team,team_name,seq) values (?,?,?,?,?,default)
    Hibernate: insert into ft_participants (draft_order,fantasy_game_seq,player_id,preferred_team,team_name,seq) values (?,?,?,?,?,default)
    Hibernate: insert into ft_participants (draft_order,fantasy_game_seq,player_id,preferred_team,team_name,seq) values (?,?,?,?,?,default)
    Hibernate: insert into ft_participants (draft_order,fantasy_game_seq,player_id,preferred_team,team_name,seq) values (?,?,?,?,?,default)
    Hibernate: insert into ft_participants (draft_order,fantasy_game_seq,player_id,preferred_team,team_name,seq) values (?,?,?,?,?,default)
    Hibernate: insert into ft_participants (draft_order,fantasy_game_seq,player_id,preferred_team,team_name,seq) values (?,?,?,?,?,default)
    Hibernate: insert into ft_participants (draft_order,fantasy_game_seq,player_id,preferred_team,team_name,seq) values (?,?,?,?,?,default)
    Hibernate: insert into ft_participants (draft_order,fantasy_game_seq,player_id,preferred_team,team_name,seq) values (?,?,?,?,?,default)
    Hibernate: insert into ft_participants (draft_order,fantasy_game_seq,player_id,preferred_team,team_name,seq) values (?,?,?,?,?,default)
    Hibernate: insert into ft_participants (draft_order,fantasy_game_seq,player_id,preferred_team,team_name,seq) values (?,?,?,?,?,default)
    Hibernate: insert into ft_participants (draft_order,fantasy_game_seq,player_id,preferred_team,team_name,seq) values (?,?,?,?,?,default)
    Hibernate: insert into ft_participants (draft_order,fantasy_game_seq,player_id,preferred_team,team_name,seq) values (?,?,?,?,?,default)
    Hibernate: insert into ft_participants (draft_order,fantasy_game_seq,player_id,preferred_team,team_name,seq) values (?,?,?,?,?,default)
    Hibernate: insert into ft_participants (draft_order,fantasy_game_seq,player_id,preferred_team,team_name,seq) values (?,?,?,?,?,default)
    Hibernate: insert into ft_participants (draft_order,fantasy_game_seq,player_id,preferred_team,team_name,seq) values (?,?,?,?,?,default)
    Hibernate: insert into ft_participants (draft_order,fantasy_game_seq,player_id,preferred_team,team_name,seq) values (?,?,?,?,?,default)
    Hibernate: insert into ft_participants (draft_order,fantasy_game_seq,player_id,preferred_team,team_name,seq) values (?,?,?,?,?,default)
    Hibernate: insert into ft_participants (draft_order,fantasy_game_seq,player_id,preferred_team,team_name,seq) values (?,?,?,?,?,default)
    Hibernate: insert into ft_participants (draft_order,fantasy_game_seq,player_id,preferred_team,team_name,seq) values (?,?,?,?,?,default)
    Hibernate: insert into ft_participants (draft_order,fantasy_game_seq,player_id,preferred_team,team_name,seq) values (?,?,?,?,?,default)
    Hibernate: insert into ft_participants (draft_order,fantasy_game_seq,player_id,preferred_team,team_name,seq) values (?,?,?,?,?,default)
    Hibernate: insert into ft_participants (draft_order,fantasy_game_seq,player_id,preferred_team,team_name,seq) values (?,?,?,?,?,default)
    Hibernate: insert into ft_participants (draft_order,fantasy_game_seq,player_id,preferred_team,team_name,seq) values (?,?,?,?,?,default)
    Hibernate: insert into ft_participants (draft_order,fantasy_game_seq,player_id,preferred_team,team_name,seq) values (?,?,?,?,?,default)
    Hibernate: insert into ft_participants (draft_order,fantasy_game_seq,player_id,preferred_team,team_name,seq) values (?,?,?,?,?,default)
    Hibernate: insert into ft_participants (draft_order,fantasy_game_seq,player_id,preferred_team,team_name,seq) values (?,?,?,?,?,default)
    Hibernate: insert into ft_participants (draft_order,fantasy_game_seq,player_id,preferred_team,team_name,seq) values (?,?,?,?,?,default)
    Hibernate: insert into ft_participants (draft_order,fantasy_game_seq,player_id,preferred_team,team_name,seq) values (?,?,?,?,?,default)
    Hibernate: insert into ft_participants (draft_order,fantasy_game_seq,player_id,preferred_team,team_name,seq) values (?,?,?,?,?,default)
    Hibernate: insert into ft_participants (draft_order,fantasy_game_seq,player_id,preferred_team,team_name,seq) values (?,?,?,?,?,default)
    Hibernate: insert into ft_participants (draft_order,fantasy_game_seq,player_id,preferred_team,team_name,seq) values (?,?,?,?,?,default)
    Hibernate: insert into ft_participants (draft_order,fantasy_game_seq,player_id,preferred_team,team_name,seq) values (?,?,?,?,?,default)
    Hibernate: insert into ft_participants (draft_order,fantasy_game_seq,player_id,preferred_team,team_name,seq) values (?,?,?,?,?,default)
    Hibernate: insert into ft_participants (draft_order,fantasy_game_seq,player_id,preferred_team,team_name,seq) values (?,?,?,?,?,default)
    Hibernate: insert into ft_participants (draft_order,fantasy_game_seq,player_id,preferred_team,team_name,seq) values (?,?,?,?,?,default)
    Hibernate: insert into ft_participants (draft_order,fantasy_game_seq,player_id,preferred_team,team_name,seq) values (?,?,?,?,?,default)
    Hibernate: insert into ft_participants (draft_order,fantasy_game_seq,player_id,preferred_team,team_name,seq) values (?,?,?,?,?,default)
    Hibernate: insert into ft_participants (draft_order,fantasy_game_seq,player_id,preferred_team,team_name,seq) values (?,?,?,?,?,default)
    Hibernate: insert into ft_participants (draft_order,fantasy_game_seq,player_id,preferred_team,team_name,seq) values (?,?,?,?,?,default)
    Hibernate: insert into ft_participants (draft_order,fantasy_game_seq,player_id,preferred_team,team_name,seq) values (?,?,?,?,?,default)
    Hibernate: insert into ft_participants (draft_order,fantasy_game_seq,player_id,preferred_team,team_name,seq) values (?,?,?,?,?,default)
    Hibernate: insert into ft_participants (draft_order,fantasy_game_seq,player_id,preferred_team,team_name,seq) values (?,?,?,?,?,default)
    Hibernate: insert into ft_participants (draft_order,fantasy_game_seq,player_id,preferred_team,team_name,seq) values (?,?,?,?,?,default)
    Hibernate: insert into ft_participants (draft_order,fantasy_game_seq,player_id,preferred_team,team_name,seq) values (?,?,?,?,?,default)
    Hibernate: insert into ft_participants (draft_order,fantasy_game_seq,player_id,preferred_team,team_name,seq) values (?,?,?,?,?,default)
    Hibernate: insert into ft_participants (draft_order,fantasy_game_seq,player_id,preferred_team,team_name,seq) values (?,?,?,?,?,default)
    Hibernate: insert into ft_participants (draft_order,fantasy_game_seq,player_id,preferred_team,team_name,seq) values (?,?,?,?,?,default)
    Hibernate: insert into ft_participants (draft_order,fantasy_game_seq,player_id,preferred_team,team_name,seq) values (?,?,?,?,?,default)
    Hibernate: insert into ft_participants (draft_order,fantasy_game_seq,player_id,preferred_team,team_name,seq) values (?,?,?,?,?,default)
    Hibernate: insert into ft_participants (draft_order,fantasy_game_seq,player_id,preferred_team,team_name,seq) values (?,?,?,?,?,default)
    Hibernate: insert into ft_participants (draft_order,fantasy_game_seq,player_id,preferred_team,team_name,seq) values (?,?,?,?,?,default)
    Hibernate: insert into ft_participants (draft_order,fantasy_game_seq,player_id,preferred_team,team_name,seq) values (?,?,?,?,?,default)
    Hibernate: insert into ft_participants (draft_order,fantasy_game_seq,player_id,preferred_team,team_name,seq) values (?,?,?,?,?,default)
    Hibernate: insert into ft_participants (draft_order,fantasy_game_seq,player_id,preferred_team,team_name,seq) values (?,?,?,?,?,default)
    Hibernate: insert into ft_participants (draft_order,fantasy_game_seq,player_id,preferred_team,team_name,seq) values (?,?,?,?,?,default)
    Hibernate: insert into ft_participants (draft_order,fantasy_game_seq,player_id,preferred_team,team_name,seq) values (?,?,?,?,?,default)
    Hibernate: insert into ft_participants (draft_order,fantasy_game_seq,player_id,preferred_team,team_name,seq) values (?,?,?,?,?,default)
    Hibernate: insert into ft_participants (draft_order,fantasy_game_seq,player_id,preferred_team,team_name,seq) values (?,?,?,?,?,default)
    Hibernate: insert into ft_participants (draft_order,fantasy_game_seq,player_id,preferred_team,team_name,seq) values (?,?,?,?,?,default)
    Hibernate: insert into ft_participants (draft_order,fantasy_game_seq,player_id,preferred_team,team_name,seq) values (?,?,?,?,?,default)
    Hibernate: insert into ft_participants (draft_order,fantasy_game_seq,player_id,preferred_team,team_name,seq) values (?,?,?,?,?,default)
    Hibernate: insert into ft_participants (draft_order,fantasy_game_seq,player_id,preferred_team,team_name,seq) values (?,?,?,?,?,default)
    Hibernate: insert into ft_participants (draft_order,fantasy_game_seq,player_id,preferred_team,team_name,seq) values (?,?,?,?,?,default)
    Hibernate: insert into ft_participants (draft_order,fantasy_game_seq,player_id,preferred_team,team_name,seq) values (?,?,?,?,?,default)
    Hibernate: insert into ft_participants (draft_order,fantasy_game_seq,player_id,preferred_team,team_name,seq) values (?,?,?,?,?,default)
    Hibernate: insert into ft_participants (draft_order,fantasy_game_seq,player_id,preferred_team,team_name,seq) values (?,?,?,?,?,default)
    Hibernate: insert into ft_participants (draft_order,fantasy_game_seq,player_id,preferred_team,team_name,seq) values (?,?,?,?,?,default)
    Hibernate: insert into ft_participants (draft_order,fantasy_game_seq,player_id,preferred_team,team_name,seq) values (?,?,?,?,?,default)
    Hibernate: insert into ft_participants (draft_order,fantasy_game_seq,player_id,preferred_team,team_name,seq) values (?,?,?,?,?,default)
    Hibernate: insert into ft_participants (draft_order,fantasy_game_seq,player_id,preferred_team,team_name,seq) values (?,?,?,?,?,default)
    Hibernate: insert into ft_participants (draft_order,fantasy_game_seq,player_id,preferred_team,team_name,seq) values (?,?,?,?,?,default)
    Hibernate: insert into ft_participants (draft_order,fantasy_game_seq,player_id,preferred_team,team_name,seq) values (?,?,?,?,?,default)
    Hibernate: insert into ft_participants (draft_order,fantasy_game_seq,player_id,preferred_team,team_name,seq) values (?,?,?,?,?,default)
    Hibernate: insert into ft_participants (draft_order,fantasy_game_seq,player_id,preferred_team,team_name,seq) values (?,?,?,?,?,default)
    Hibernate: insert into ft_participants (draft_order,fantasy_game_seq,player_id,preferred_team,team_name,seq) values (?,?,?,?,?,default)
    Hibernate: insert into ft_participants (draft_order,fantasy_game_seq,player_id,preferred_team,team_name,seq) values (?,?,?,?,?,default)
    Hibernate: insert into ft_participants (draft_order,fantasy_game_seq,player_id,preferred_team,team_name,seq) values (?,?,?,?,?,default)
    Hibernate: insert into ft_participants (draft_order,fantasy_game_seq,player_id,preferred_team,team_name,seq) values (?,?,?,?,?,default)
    Hibernate: insert into ft_participants (draft_order,fantasy_game_seq,player_id,preferred_team,team_name,seq) values (?,?,?,?,?,default)
    Hibernate: insert into ft_participants (draft_order,fantasy_game_seq,player_id,preferred_team,team_name,seq) values (?,?,?,?,?,default)
    Hibernate: insert into ft_participants (draft_order,fantasy_game_seq,player_id,preferred_team,team_name,seq) values (?,?,?,?,?,default)
    Hibernate: insert into ft_participants (draft_order,fantasy_game_seq,player_id,preferred_team,team_name,seq) values (?,?,?,?,?,default)
    Hibernate: insert into ft_participants (draft_order,fantasy_game_seq,player_id,preferred_team,team_name,seq) values (?,?,?,?,?,default)
    Hibernate: insert into ft_participants (draft_order,fantasy_game_seq,player_id,preferred_team,team_name,seq) values (?,?,?,?,?,default)
    Hibernate: insert into ft_participants (draft_order,fantasy_game_seq,player_id,preferred_team,team_name,seq) values (?,?,?,?,?,default)
    Hibernate: insert into ft_participants (draft_order,fantasy_game_seq,player_id,preferred_team,team_name,seq) values (?,?,?,?,?,default)
    Hibernate: insert into ft_participants (draft_order,fantasy_game_seq,player_id,preferred_team,team_name,seq) values (?,?,?,?,?,default)
    Hibernate: insert into ft_participants (draft_order,fantasy_game_seq,player_id,preferred_team,team_name,seq) values (?,?,?,?,?,default)
    Hibernate: insert into ft_participants (draft_order,fantasy_game_seq,player_id,preferred_team,team_name,seq) values (?,?,?,?,?,default)
    Hibernate: insert into ft_participants (draft_order,fantasy_game_seq,player_id,preferred_team,team_name,seq) values (?,?,?,?,?,default)
    Hibernate: insert into ft_participants (draft_order,fantasy_game_seq,player_id,preferred_team,team_name,seq) values (?,?,?,?,?,default)
    Hibernate: insert into ft_participants (draft_order,fantasy_game_seq,player_id,preferred_team,team_name,seq) values (?,?,?,?,?,default)
    Hibernate: insert into ft_participants (draft_order,fantasy_game_seq,player_id,preferred_team,team_name,seq) values (?,?,?,?,?,default)
    Hibernate: insert into ft_participants (draft_order,fantasy_game_seq,player_id,preferred_team,team_name,seq) values (?,?,?,?,?,default)
    Hibernate: insert into ft_participants (draft_order,fantasy_game_seq,player_id,preferred_team,team_name,seq) values (?,?,?,?,?,default)
    Hibernate: insert into ft_participants (draft_order,fantasy_game_seq,player_id,preferred_team,team_name,seq) values (?,?,?,?,?,default)
    Hibernate: insert into ft_participants (draft_order,fantasy_game_seq,player_id,preferred_team,team_name,seq) values (?,?,?,?,?,default)
    Hibernate: insert into ft_participants (draft_order,fantasy_game_seq,player_id,preferred_team,team_name,seq) values (?,?,?,?,?,default)
    Hibernate: insert into ft_participants (draft_order,fantasy_game_seq,player_id,preferred_team,team_name,seq) values (?,?,?,?,?,default)
    Hibernate: insert into ft_participants (draft_order,fantasy_game_seq,player_id,preferred_team,team_name,seq) values (?,?,?,?,?,default)
    Hibernate: insert into ft_participants (draft_order,fantasy_game_seq,player_id,preferred_team,team_name,seq) values (?,?,?,?,?,default)
    Hibernate: insert into ft_participants (draft_order,fantasy_game_seq,player_id,preferred_team,team_name,seq) values (?,?,?,?,?,default)
    Hibernate: insert into ft_participants (draft_order,fantasy_game_seq,player_id,preferred_team,team_name,seq) values (?,?,?,?,?,default)
    Hibernate: insert into ft_participants (draft_order,fantasy_game_seq,player_id,preferred_team,team_name,seq) values (?,?,?,?,?,default)
    Hibernate: insert into ft_participants (draft_order,fantasy_game_seq,player_id,preferred_team,team_name,seq) values (?,?,?,?,?,default)
    Hibernate: insert into ft_participants (draft_order,fantasy_game_seq,player_id,preferred_team,team_name,seq) values (?,?,?,?,?,default)
    Hibernate: insert into ft_participants (draft_order,fantasy_game_seq,player_id,preferred_team,team_name,seq) values (?,?,?,?,?,default)
    Hibernate: insert into ft_participants (draft_order,fantasy_game_seq,player_id,preferred_team,team_name,seq) values (?,?,?,?,?,default)
    Hibernate: insert into ft_participants (draft_order,fantasy_game_seq,player_id,preferred_team,team_name,seq) values (?,?,?,?,?,default)
    Hibernate: insert into ft_participants (draft_order,fantasy_game_seq,player_id,preferred_team,team_name,seq) values (?,?,?,?,?,default)
    Hibernate: insert into ft_participants (draft_order,fantasy_game_seq,player_id,preferred_team,team_name,seq) values (?,?,?,?,?,default)
    Hibernate: insert into ft_participants (draft_order,fantasy_game_seq,player_id,preferred_team,team_name,seq) values (?,?,?,?,?,default)
    Hibernate: insert into ft_participants (draft_order,fantasy_game_seq,player_id,preferred_team,team_name,seq) values (?,?,?,?,?,default)
    Hibernate: insert into ft_participants (draft_order,fantasy_game_seq,player_id,preferred_team,team_name,seq) values (?,?,?,?,?,default)
    Hibernate: insert into ft_participants (draft_order,fantasy_game_seq,player_id,preferred_team,team_name,seq) values (?,?,?,?,?,default)
    Hibernate: insert into ft_participants (draft_order,fantasy_game_seq,player_id,preferred_team,team_name,seq) values (?,?,?,?,?,default)
    Hibernate: insert into ft_participants (draft_order,fantasy_game_seq,player_id,preferred_team,team_name,seq) values (?,?,?,?,?,default)
    Hibernate: insert into ft_participants (draft_order,fantasy_game_seq,player_id,preferred_team,team_name,seq) values (?,?,?,?,?,default)
    Hibernate: insert into ft_participants (draft_order,fantasy_game_seq,player_id,preferred_team,team_name,seq) values (?,?,?,?,?,default)
    Hibernate: insert into ft_participants (draft_order,fantasy_game_seq,player_id,preferred_team,team_name,seq) values (?,?,?,?,?,default)
    Hibernate: insert into ft_participants (draft_order,fantasy_game_seq,player_id,preferred_team,team_name,seq) values (?,?,?,?,?,default)
    Hibernate: insert into ft_participants (draft_order,fantasy_game_seq,player_id,preferred_team,team_name,seq) values (?,?,?,?,?,default)
    Hibernate: insert into ft_participants (draft_order,fantasy_game_seq,player_id,preferred_team,team_name,seq) values (?,?,?,?,?,default)
    Hibernate: insert into ft_participants (draft_order,fantasy_game_seq,player_id,preferred_team,team_name,seq) values (?,?,?,?,?,default)
    Hibernate: insert into ft_participants (draft_order,fantasy_game_seq,player_id,preferred_team,team_name,seq) values (?,?,?,?,?,default)
    Hibernate: insert into ft_participants (draft_order,fantasy_game_seq,player_id,preferred_team,team_name,seq) values (?,?,?,?,?,default)
    Hibernate: insert into ft_participants (draft_order,fantasy_game_seq,player_id,preferred_team,team_name,seq) values (?,?,?,?,?,default)
    Hibernate: insert into ft_participants (draft_order,fantasy_game_seq,player_id,preferred_team,team_name,seq) values (?,?,?,?,?,default)
    Hibernate: insert into ft_participants (draft_order,fantasy_game_seq,player_id,preferred_team,team_name,seq) values (?,?,?,?,?,default)
    Hibernate: insert into ft_participants (draft_order,fantasy_game_seq,player_id,preferred_team,team_name,seq) values (?,?,?,?,?,default)
    Hibernate: insert into ft_participants (draft_order,fantasy_game_seq,player_id,preferred_team,team_name,seq) values (?,?,?,?,?,default)
    Hibernate: insert into ft_participants (draft_order,fantasy_game_seq,player_id,preferred_team,team_name,seq) values (?,?,?,?,?,default)
    Hibernate: insert into ft_participants (draft_order,fantasy_game_seq,player_id,preferred_team,team_name,seq) values (?,?,?,?,?,default)
    Hibernate: insert into ft_participants (draft_order,fantasy_game_seq,player_id,preferred_team,team_name,seq) values (?,?,?,?,?,default)
    Hibernate: insert into ft_participants (draft_order,fantasy_game_seq,player_id,preferred_team,team_name,seq) values (?,?,?,?,?,default)
    Hibernate: insert into ft_participants (draft_order,fantasy_game_seq,player_id,preferred_team,team_name,seq) values (?,?,?,?,?,default)
    Hibernate: insert into ft_participants (draft_order,fantasy_game_seq,player_id,preferred_team,team_name,seq) values (?,?,?,?,?,default)
    Hibernate: insert into ft_participants (draft_order,fantasy_game_seq,player_id,preferred_team,team_name,seq) values (?,?,?,?,?,default)
    Hibernate: insert into ft_participants (draft_order,fantasy_game_seq,player_id,preferred_team,team_name,seq) values (?,?,?,?,?,default)
    Hibernate: insert into ft_participants (draft_order,fantasy_game_seq,player_id,preferred_team,team_name,seq) values (?,?,?,?,?,default)
    Hibernate: insert into ft_participants (draft_order,fantasy_game_seq,player_id,preferred_team,team_name,seq) values (?,?,?,?,?,default)
    Hibernate: insert into ft_participants (draft_order,fantasy_game_seq,player_id,preferred_team,team_name,seq) values (?,?,?,?,?,default)
    Hibernate: insert into ft_participants (draft_order,fantasy_game_seq,player_id,preferred_team,team_name,seq) values (?,?,?,?,?,default)
    Hibernate: insert into ft_participants (draft_order,fantasy_game_seq,player_id,preferred_team,team_name,seq) values (?,?,?,?,?,default)
    Hibernate: insert into ft_participants (draft_order,fantasy_game_seq,player_id,preferred_team,team_name,seq) values (?,?,?,?,?,default)
    Hibernate: insert into ft_participants (draft_order,fantasy_game_seq,player_id,preferred_team,team_name,seq) values (?,?,?,?,?,default)
    Hibernate: insert into ft_participants (draft_order,fantasy_game_seq,player_id,preferred_team,team_name,seq) values (?,?,?,?,?,default)
    Hibernate: insert into ft_participants (draft_order,fantasy_game_seq,player_id,preferred_team,team_name,seq) values (?,?,?,?,?,default)
    Hibernate: insert into ft_participants (draft_order,fantasy_game_seq,player_id,preferred_team,team_name,seq) values (?,?,?,?,?,default)
    Hibernate: insert into ft_participants (draft_order,fantasy_game_seq,player_id,preferred_team,team_name,seq) values (?,?,?,?,?,default)
    Hibernate: insert into ft_participants (draft_order,fantasy_game_seq,player_id,preferred_team,team_name,seq) values (?,?,?,?,?,default)
    Hibernate: insert into ft_participants (draft_order,fantasy_game_seq,player_id,preferred_team,team_name,seq) values (?,?,?,?,?,default)
    Hibernate: insert into ft_participants (draft_order,fantasy_game_seq,player_id,preferred_team,team_name,seq) values (?,?,?,?,?,default)
    Hibernate: insert into ft_participants (draft_order,fantasy_game_seq,player_id,preferred_team,team_name,seq) values (?,?,?,?,?,default)
    Hibernate: insert into ft_participants (draft_order,fantasy_game_seq,player_id,preferred_team,team_name,seq) values (?,?,?,?,?,default)
    Hibernate: insert into ft_participants (draft_order,fantasy_game_seq,player_id,preferred_team,team_name,seq) values (?,?,?,?,?,default)
    Hibernate: insert into ft_participants (draft_order,fantasy_game_seq,player_id,preferred_team,team_name,seq) values (?,?,?,?,?,default)
    Hibernate: insert into ft_participants (draft_order,fantasy_game_seq,player_id,preferred_team,team_name,seq) values (?,?,?,?,?,default)
    Hibernate: insert into ft_participants (draft_order,fantasy_game_seq,player_id,preferred_team,team_name,seq) values (?,?,?,?,?,default)
    Hibernate: insert into ft_participants (draft_order,fantasy_game_seq,player_id,preferred_team,team_name,seq) values (?,?,?,?,?,default)
    Hibernate: insert into ft_participants (draft_order,fantasy_game_seq,player_id,preferred_team,team_name,seq) values (?,?,?,?,?,default)
    Hibernate: insert into ft_participants (draft_order,fantasy_game_seq,player_id,preferred_team,team_name,seq) values (?,?,?,?,?,default)
    Hibernate: insert into ft_participants (draft_order,fantasy_game_seq,player_id,preferred_team,team_name,seq) values (?,?,?,?,?,default)
    Hibernate: insert into ft_participants (draft_order,fantasy_game_seq,player_id,preferred_team,team_name,seq) values (?,?,?,?,?,default)
    Hibernate: insert into ft_participants (draft_order,fantasy_game_seq,player_id,preferred_team,team_name,seq) values (?,?,?,?,?,default)
    Hibernate: insert into ft_participants (draft_order,fantasy_game_seq,player_id,preferred_team,team_name,seq) values (?,?,?,?,?,default)
    Hibernate: insert into ft_participants (draft_order,fantasy_game_seq,player_id,preferred_team,team_name,seq) values (?,?,?,?,?,default)
    Hibernate: insert into ft_participants (draft_order,fantasy_game_seq,player_id,preferred_team,team_name,seq) values (?,?,?,?,?,default)
    Hibernate: insert into ft_participants (draft_order,fantasy_game_seq,player_id,preferred_team,team_name,seq) values (?,?,?,?,?,default)
    Hibernate: insert into ft_participants (draft_order,fantasy_game_seq,player_id,preferred_team,team_name,seq) values (?,?,?,?,?,default)
    Hibernate: insert into ft_participants (draft_order,fantasy_game_seq,player_id,preferred_team,team_name,seq) values (?,?,?,?,?,default)
    Hibernate: insert into ft_participants (draft_order,fantasy_game_seq,player_id,preferred_team,team_name,seq) values (?,?,?,?,?,default)
    Hibernate: insert into ft_participants (draft_order,fantasy_game_seq,player_id,preferred_team,team_name,seq) values (?,?,?,?,?,default)
    Hibernate: insert into ft_participants (draft_order,fantasy_game_seq,player_id,preferred_team,team_name,seq) values (?,?,?,?,?,default)
    Hibernate: insert into ft_participants (draft_order,fantasy_game_seq,player_id,preferred_team,team_name,seq) values (?,?,?,?,?,default)
    Hibernate: insert into ft_participants (draft_order,fantasy_game_seq,player_id,preferred_team,team_name,seq) values (?,?,?,?,?,default)
    Hibernate: insert into ft_participants (draft_order,fantasy_game_seq,player_id,preferred_team,team_name,seq) values (?,?,?,?,?,default)
    Hibernate: insert into ft_participants (draft_order,fantasy_game_seq,player_id,preferred_team,team_name,seq) values (?,?,?,?,?,default)
    Hibernate: insert into ft_participants (draft_order,fantasy_game_seq,player_id,preferred_team,team_name,seq) values (?,?,?,?,?,default)
    Hibernate: insert into ft_participants (draft_order,fantasy_game_seq,player_id,preferred_team,team_name,seq) values (?,?,?,?,?,default)
    Hibernate: insert into ft_participants (draft_order,fantasy_game_seq,player_id,preferred_team,team_name,seq) values (?,?,?,?,?,default)
    Hibernate: insert into ft_participants (draft_order,fantasy_game_seq,player_id,preferred_team,team_name,seq) values (?,?,?,?,?,default)
    Hibernate: insert into ft_participants (draft_order,fantasy_game_seq,player_id,preferred_team,team_name,seq) values (?,?,?,?,?,default)
    Hibernate: insert into ft_participants (draft_order,fantasy_game_seq,player_id,preferred_team,team_name,seq) values (?,?,?,?,?,default)
    Hibernate: insert into ft_participants (draft_order,fantasy_game_seq,player_id,preferred_team,team_name,seq) values (?,?,?,?,?,default)
    Hibernate: insert into ft_participants (draft_order,fantasy_game_seq,player_id,preferred_team,team_name,seq) values (?,?,?,?,?,default)
    Hibernate: insert into ft_participants (draft_order,fantasy_game_seq,player_id,preferred_team,team_name,seq) values (?,?,?,?,?,default)
    Hibernate: insert into ft_participants (draft_order,fantasy_game_seq,player_id,preferred_team,team_name,seq) values (?,?,?,?,?,default)
    Hibernate: insert into ft_participants (draft_order,fantasy_game_seq,player_id,preferred_team,team_name,seq) values (?,?,?,?,?,default)
    Hibernate: insert into ft_participants (draft_order,fantasy_game_seq,player_id,preferred_team,team_name,seq) values (?,?,?,?,?,default)
    Hibernate: insert into ft_participants (draft_order,fantasy_game_seq,player_id,preferred_team,team_name,seq) values (?,?,?,?,?,default)
    Hibernate: insert into ft_participants (draft_order,fantasy_game_seq,player_id,preferred_team,team_name,seq) values (?,?,?,?,?,default)
    Hibernate: insert into ft_participants (draft_order,fantasy_game_seq,player_id,preferred_team,team_name,seq) values (?,?,?,?,?,default)
    Hibernate: insert into ft_participants (draft_order,fantasy_game_seq,player_id,preferred_team,team_name,seq) values (?,?,?,?,?,default)
    Hibernate: insert into ft_participants (draft_order,fantasy_game_seq,player_id,preferred_team,team_name,seq) values (?,?,?,?,?,default)
    Hibernate: insert into ft_participants (draft_order,fantasy_game_seq,player_id,preferred_team,team_name,seq) values (?,?,?,?,?,default)
    Hibernate: insert into ft_participants (draft_order,fantasy_game_seq,player_id,preferred_team,team_name,seq) values (?,?,?,?,?,default)
    Hibernate: insert into ft_participants (draft_order,fantasy_game_seq,player_id,preferred_team,team_name,seq) values (?,?,?,?,?,default)
    Hibernate: insert into ft_participants (draft_order,fantasy_game_seq,player_id,preferred_team,team_name,seq) values (?,?,?,?,?,default)
    Hibernate: insert into ft_participants (draft_order,fantasy_game_seq,player_id,preferred_team,team_name,seq) values (?,?,?,?,?,default)
    Hibernate: insert into ft_participants (draft_order,fantasy_game_seq,player_id,preferred_team,team_name,seq) values (?,?,?,?,?,default)
    Hibernate: insert into ft_participants (draft_order,fantasy_game_seq,player_id,preferred_team,team_name,seq) values (?,?,?,?,?,default)
    Hibernate: insert into ft_participants (draft_order,fantasy_game_seq,player_id,preferred_team,team_name,seq) values (?,?,?,?,?,default)
    Hibernate: insert into ft_participants (draft_order,fantasy_game_seq,player_id,preferred_team,team_name,seq) values (?,?,?,?,?,default)
    Hibernate: insert into ft_participants (draft_order,fantasy_game_seq,player_id,preferred_team,team_name,seq) values (?,?,?,?,?,default)
    Hibernate: insert into ft_participants (draft_order,fantasy_game_seq,player_id,preferred_team,team_name,seq) values (?,?,?,?,?,default)
    Hibernate: insert into ft_participants (draft_order,fantasy_game_seq,player_id,preferred_team,team_name,seq) values (?,?,?,?,?,default)
    Hibernate: insert into ft_participants (draft_order,fantasy_game_seq,player_id,preferred_team,team_name,seq) values (?,?,?,?,?,default)
    Hibernate: insert into ft_participants (draft_order,fantasy_game_seq,player_id,preferred_team,team_name,seq) values (?,?,?,?,?,default)
    Hibernate: insert into ft_participants (draft_order,fantasy_game_seq,player_id,preferred_team,team_name,seq) values (?,?,?,?,?,default)
    Hibernate: insert into ft_participants (draft_order,fantasy_game_seq,player_id,preferred_team,team_name,seq) values (?,?,?,?,?,default)
    Hibernate: insert into ft_participants (draft_order,fantasy_game_seq,player_id,preferred_team,team_name,seq) values (?,?,?,?,?,default)
    Hibernate: insert into ft_participants (draft_order,fantasy_game_seq,player_id,preferred_team,team_name,seq) values (?,?,?,?,?,default)
    Hibernate: insert into ft_participants (draft_order,fantasy_game_seq,player_id,preferred_team,team_name,seq) values (?,?,?,?,?,default)
    Hibernate: insert into ft_participants (draft_order,fantasy_game_seq,player_id,preferred_team,team_name,seq) values (?,?,?,?,?,default)
    Hibernate: insert into ft_participants (draft_order,fantasy_game_seq,player_id,preferred_team,team_name,seq) values (?,?,?,?,?,default)
    Hibernate: insert into ft_participants (draft_order,fantasy_game_seq,player_id,preferred_team,team_name,seq) values (?,?,?,?,?,default)
    Hibernate: insert into ft_participants (draft_order,fantasy_game_seq,player_id,preferred_team,team_name,seq) values (?,?,?,?,?,default)
    Hibernate: insert into ft_participants (draft_order,fantasy_game_seq,player_id,preferred_team,team_name,seq) values (?,?,?,?,?,default)
    Hibernate: insert into ft_participants (draft_order,fantasy_game_seq,player_id,preferred_team,team_name,seq) values (?,?,?,?,?,default)
    Hibernate: insert into ft_participants (draft_order,fantasy_game_seq,player_id,preferred_team,team_name,seq) values (?,?,?,?,?,default)
    Hibernate: insert into ft_participants (draft_order,fantasy_game_seq,player_id,preferred_team,team_name,seq) values (?,?,?,?,?,default)
    Hibernate: insert into ft_participants (draft_order,fantasy_game_seq,player_id,preferred_team,team_name,seq) values (?,?,?,?,?,default)
    Hibernate: insert into ft_participants (draft_order,fantasy_game_seq,player_id,preferred_team,team_name,seq) values (?,?,?,?,?,default)
    Hibernate: insert into ft_participants (draft_order,fantasy_game_seq,player_id,preferred_team,team_name,seq) values (?,?,?,?,?,default)
    Hibernate: insert into ft_participants (draft_order,fantasy_game_seq,player_id,preferred_team,team_name,seq) values (?,?,?,?,?,default)
    Hibernate: insert into ft_participants (draft_order,fantasy_game_seq,player_id,preferred_team,team_name,seq) values (?,?,?,?,?,default)
    Hibernate: insert into ft_participants (draft_order,fantasy_game_seq,player_id,preferred_team,team_name,seq) values (?,?,?,?,?,default)
    Hibernate: insert into ft_participants (draft_order,fantasy_game_seq,player_id,preferred_team,team_name,seq) values (?,?,?,?,?,default)
    Hibernate: insert into ft_participants (draft_order,fantasy_game_seq,player_id,preferred_team,team_name,seq) values (?,?,?,?,?,default)
    Hibernate: insert into ft_participants (draft_order,fantasy_game_seq,player_id,preferred_team,team_name,seq) values (?,?,?,?,?,default)
    Hibernate: insert into ft_participants (draft_order,fantasy_game_seq,player_id,preferred_team,team_name,seq) values (?,?,?,?,?,default)
    Hibernate: insert into ft_participants (draft_order,fantasy_game_seq,player_id,preferred_team,team_name,seq) values (?,?,?,?,?,default)
    Hibernate: insert into ft_participants (draft_order,fantasy_game_seq,player_id,preferred_team,team_name,seq) values (?,?,?,?,?,default)
    Hibernate: insert into ft_participants (draft_order,fantasy_game_seq,player_id,preferred_team,team_name,seq) values (?,?,?,?,?,default)
    Hibernate: insert into ft_participants (draft_order,fantasy_game_seq,player_id,preferred_team,team_name,seq) values (?,?,?,?,?,default)
    Hibernate: insert into ft_participants (draft_order,fantasy_game_seq,player_id,preferred_team,team_name,seq) values (?,?,?,?,?,default)
    Hibernate: insert into ft_participants (draft_order,fantasy_game_seq,player_id,preferred_team,team_name,seq) values (?,?,?,?,?,default)
    Hibernate: insert into ft_participants (draft_order,fantasy_game_seq,player_id,preferred_team,team_name,seq) values (?,?,?,?,?,default)
    Hibernate: insert into ft_participants (draft_order,fantasy_game_seq,player_id,preferred_team,team_name,seq) values (?,?,?,?,?,default)
    Hibernate: insert into ft_participants (draft_order,fantasy_game_seq,player_id,preferred_team,team_name,seq) values (?,?,?,?,?,default)
    Hibernate: insert into ft_participants (draft_order,fantasy_game_seq,player_id,preferred_team,team_name,seq) values (?,?,?,?,?,default)
    Hibernate: insert into ft_participants (draft_order,fantasy_game_seq,player_id,preferred_team,team_name,seq) values (?,?,?,?,?,default)
    Hibernate: insert into ft_participants (draft_order,fantasy_game_seq,player_id,preferred_team,team_name,seq) values (?,?,?,?,?,default)
    Hibernate: insert into ft_participants (draft_order,fantasy_game_seq,player_id,preferred_team,team_name,seq) values (?,?,?,?,?,default)
    Hibernate: insert into ft_participants (draft_order,fantasy_game_seq,player_id,preferred_team,team_name,seq) values (?,?,?,?,?,default)
    Hibernate: insert into ft_participants (draft_order,fantasy_game_seq,player_id,preferred_team,team_name,seq) values (?,?,?,?,?,default)
    Hibernate: insert into ft_participants (draft_order,fantasy_game_seq,player_id,preferred_team,team_name,seq) values (?,?,?,?,?,default)
    Hibernate: insert into ft_participants (draft_order,fantasy_game_seq,player_id,preferred_team,team_name,seq) values (?,?,?,?,?,default)
    Hibernate: insert into ft_participants (draft_order,fantasy_game_seq,player_id,preferred_team,team_name,seq) values (?,?,?,?,?,default)
    Hibernate: insert into ft_participants (draft_order,fantasy_game_seq,player_id,preferred_team,team_name,seq) values (?,?,?,?,?,default)
    Hibernate: insert into ft_participants (draft_order,fantasy_game_seq,player_id,preferred_team,team_name,seq) values (?,?,?,?,?,default)
    Hibernate: insert into ft_participants (draft_order,fantasy_game_seq,player_id,preferred_team,team_name,seq) values (?,?,?,?,?,default)
    Hibernate: insert into ft_participants (draft_order,fantasy_game_seq,player_id,preferred_team,team_name,seq) values (?,?,?,?,?,default)
    Hibernate: insert into ft_participants (draft_order,fantasy_game_seq,player_id,preferred_team,team_name,seq) values (?,?,?,?,?,default)
    Hibernate: insert into ft_participants (draft_order,fantasy_game_seq,player_id,preferred_team,team_name,seq) values (?,?,?,?,?,default)
    Hibernate: insert into ft_participants (draft_order,fantasy_game_seq,player_id,preferred_team,team_name,seq) values (?,?,?,?,?,default)
    Hibernate: insert into ft_participants (draft_order,fantasy_game_seq,player_id,preferred_team,team_name,seq) values (?,?,?,?,?,default)
    Hibernate: insert into ft_participants (draft_order,fantasy_game_seq,player_id,preferred_team,team_name,seq) values (?,?,?,?,?,default)
    Hibernate: insert into ft_participants (draft_order,fantasy_game_seq,player_id,preferred_team,team_name,seq) values (?,?,?,?,?,default)
    Hibernate: insert into ft_participants (draft_order,fantasy_game_seq,player_id,preferred_team,team_name,seq) values (?,?,?,?,?,default)
    Hibernate: insert into ft_participants (draft_order,fantasy_game_seq,player_id,preferred_team,team_name,seq) values (?,?,?,?,?,default)
    Hibernate: insert into ft_participants (draft_order,fantasy_game_seq,player_id,preferred_team,team_name,seq) values (?,?,?,?,?,default)
    Hibernate: insert into ft_participants (draft_order,fantasy_game_seq,player_id,preferred_team,team_name,seq) values (?,?,?,?,?,default)
    Hibernate: insert into ft_participants (draft_order,fantasy_game_seq,player_id,preferred_team,team_name,seq) values (?,?,?,?,?,default)
    Hibernate: insert into ft_participants (draft_order,fantasy_game_seq,player_id,preferred_team,team_name,seq) values (?,?,?,?,?,default)
    Hibernate: insert into ft_participants (draft_order,fantasy_game_seq,player_id,preferred_team,team_name,seq) values (?,?,?,?,?,default)
    Hibernate: insert into ft_participants (draft_order,fantasy_game_seq,player_id,preferred_team,team_name,seq) values (?,?,?,?,?,default)
    Hibernate: insert into ft_participants (draft_order,fantasy_game_seq,player_id,preferred_team,team_name,seq) values (?,?,?,?,?,default)
    Hibernate: insert into ft_participants (draft_order,fantasy_game_seq,player_id,preferred_team,team_name,seq) values (?,?,?,?,?,default)
    Hibernate: insert into ft_participants (draft_order,fantasy_game_seq,player_id,preferred_team,team_name,seq) values (?,?,?,?,?,default)
    Hibernate: insert into ft_participants (draft_order,fantasy_game_seq,player_id,preferred_team,team_name,seq) values (?,?,?,?,?,default)
    Hibernate: insert into ft_participants (draft_order,fantasy_game_seq,player_id,preferred_team,team_name,seq) values (?,?,?,?,?,default)
    Hibernate: insert into ft_participants (draft_order,fantasy_game_seq,player_id,preferred_team,team_name,seq) values (?,?,?,?,?,default)
    Hibernate: insert into ft_participants (draft_order,fantasy_game_seq,player_id,preferred_team,team_name,seq) values (?,?,?,?,?,default)
    Hibernate: insert into ft_participants (draft_order,fantasy_game_seq,player_id,preferred_team,team_name,seq) values (?,?,?,?,?,default)
    Hibernate: insert into ft_participants (draft_order,fantasy_game_seq,player_id,preferred_team,team_name,seq) values (?,?,?,?,?,default)
    Hibernate: insert into ft_participants (draft_order,fantasy_game_seq,player_id,preferred_team,team_name,seq) values (?,?,?,?,?,default)
    Hibernate: insert into ft_participants (draft_order,fantasy_game_seq,player_id,preferred_team,team_name,seq) values (?,?,?,?,?,default)
    Hibernate: insert into ft_participants (draft_order,fantasy_game_seq,player_id,preferred_team,team_name,seq) values (?,?,?,?,?,default)
    Hibernate: insert into ft_participants (draft_order,fantasy_game_seq,player_id,preferred_team,team_name,seq) values (?,?,?,?,?,default)
    Hibernate: insert into ft_participants (draft_order,fantasy_game_seq,player_id,preferred_team,team_name,seq) values (?,?,?,?,?,default)
    Hibernate: insert into ft_participants (draft_order,fantasy_game_seq,player_id,preferred_team,team_name,seq) values (?,?,?,?,?,default)
    Hibernate: insert into ft_participants (draft_order,fantasy_game_seq,player_id,preferred_team,team_name,seq) values (?,?,?,?,?,default)
    Hibernate: insert into ft_participants (draft_order,fantasy_game_seq,player_id,preferred_team,team_name,seq) values (?,?,?,?,?,default)
    Hibernate: insert into ft_participants (draft_order,fantasy_game_seq,player_id,preferred_team,team_name,seq) values (?,?,?,?,?,default)
    Hibernate: insert into ft_participants (draft_order,fantasy_game_seq,player_id,preferred_team,team_name,seq) values (?,?,?,?,?,default)
    Hibernate: insert into ft_participants (draft_order,fantasy_game_seq,player_id,preferred_team,team_name,seq) values (?,?,?,?,?,default)
    Hibernate: insert into ft_participants (draft_order,fantasy_game_seq,player_id,preferred_team,team_name,seq) values (?,?,?,?,?,default)
    Hibernate: insert into ft_participants (draft_order,fantasy_game_seq,player_id,preferred_team,team_name,seq) values (?,?,?,?,?,default)
    Hibernate: insert into ft_participants (draft_order,fantasy_game_seq,player_id,preferred_team,team_name,seq) values (?,?,?,?,?,default)
    Hibernate: insert into ft_participants (draft_order,fantasy_game_seq,player_id,preferred_team,team_name,seq) values (?,?,?,?,?,default)
    Hibernate: insert into ft_participants (draft_order,fantasy_game_seq,player_id,preferred_team,team_name,seq) values (?,?,?,?,?,default)
    Hibernate: insert into ft_participants (draft_order,fantasy_game_seq,player_id,preferred_team,team_name,seq) values (?,?,?,?,?,default)
    Hibernate: insert into ft_participants (draft_order,fantasy_game_seq,player_id,preferred_team,team_name,seq) values (?,?,?,?,?,default)
    Hibernate: insert into ft_participants (draft_order,fantasy_game_seq,player_id,preferred_team,team_name,seq) values (?,?,?,?,?,default)
    Hibernate: insert into ft_participants (draft_order,fantasy_game_seq,player_id,preferred_team,team_name,seq) values (?,?,?,?,?,default)
    Hibernate: insert into ft_participants (draft_order,fantasy_game_seq,player_id,preferred_team,team_name,seq) values (?,?,?,?,?,default)
    Hibernate: insert into ft_participants (draft_order,fantasy_game_seq,player_id,preferred_team,team_name,seq) values (?,?,?,?,?,default)
    Hibernate: insert into ft_participants (draft_order,fantasy_game_seq,player_id,preferred_team,team_name,seq) values (?,?,?,?,?,default)
    Hibernate: insert into ft_participants (draft_order,fantasy_game_seq,player_id,preferred_team,team_name,seq) values (?,?,?,?,?,default)
    Hibernate: insert into ft_participants (draft_order,fantasy_game_seq,player_id,preferred_team,team_name,seq) values (?,?,?,?,?,default)
    Hibernate: insert into ft_participants (draft_order,fantasy_game_seq,player_id,preferred_team,team_name,seq) values (?,?,?,?,?,default)
    Hibernate: insert into ft_participants (draft_order,fantasy_game_seq,player_id,preferred_team,team_name,seq) values (?,?,?,?,?,default)
    Hibernate: insert into ft_participants (draft_order,fantasy_game_seq,player_id,preferred_team,team_name,seq) values (?,?,?,?,?,default)
    Hibernate: insert into ft_participants (draft_order,fantasy_game_seq,player_id,preferred_team,team_name,seq) values (?,?,?,?,?,default)
    Hibernate: insert into ft_participants (draft_order,fantasy_game_seq,player_id,preferred_team,team_name,seq) values (?,?,?,?,?,default)
    Hibernate: insert into ft_participants (draft_order,fantasy_game_seq,player_id,preferred_team,team_name,seq) values (?,?,?,?,?,default)
    Hibernate: insert into ft_participants (draft_order,fantasy_game_seq,player_id,preferred_team,team_name,seq) values (?,?,?,?,?,default)
    Hibernate: insert into ft_participants (draft_order,fantasy_game_seq,player_id,preferred_team,team_name,seq) values (?,?,?,?,?,default)
    Hibernate: insert into ft_participants (draft_order,fantasy_game_seq,player_id,preferred_team,team_name,seq) values (?,?,?,?,?,default)
    Hibernate: insert into ft_participants (draft_order,fantasy_game_seq,player_id,preferred_team,team_name,seq) values (?,?,?,?,?,default)
    Hibernate: insert into ft_participants (draft_order,fantasy_game_seq,player_id,preferred_team,team_name,seq) values (?,?,?,?,?,default)
    Hibernate: insert into ft_participants (draft_order,fantasy_game_seq,player_id,preferred_team,team_name,seq) values (?,?,?,?,?,default)
    Hibernate: insert into ft_participants (draft_order,fantasy_game_seq,player_id,preferred_team,team_name,seq) values (?,?,?,?,?,default)
    Hibernate: insert into ft_participants (draft_order,fantasy_game_seq,player_id,preferred_team,team_name,seq) values (?,?,?,?,?,default)
    Hibernate: insert into ft_participants (draft_order,fantasy_game_seq,player_id,preferred_team,team_name,seq) values (?,?,?,?,?,default)
    Hibernate: insert into ft_participants (draft_order,fantasy_game_seq,player_id,preferred_team,team_name,seq) values (?,?,?,?,?,default)
    Hibernate: insert into ft_participants (draft_order,fantasy_game_seq,player_id,preferred_team,team_name,seq) values (?,?,?,?,?,default)
    Hibernate: insert into ft_participants (draft_order,fantasy_game_seq,player_id,preferred_team,team_name,seq) values (?,?,?,?,?,default)
    Hibernate: insert into ft_participants (draft_order,fantasy_game_seq,player_id,preferred_team,team_name,seq) values (?,?,?,?,?,default)
    Hibernate: insert into ft_participants (draft_order,fantasy_game_seq,player_id,preferred_team,team_name,seq) values (?,?,?,?,?,default)
    Hibernate: insert into ft_participants (draft_order,fantasy_game_seq,player_id,preferred_team,team_name,seq) values (?,?,?,?,?,default)
    Hibernate: insert into ft_participants (draft_order,fantasy_game_seq,player_id,preferred_team,team_name,seq) values (?,?,?,?,?,default)
    Hibernate: insert into ft_participants (draft_order,fantasy_game_seq,player_id,preferred_team,team_name,seq) values (?,?,?,?,?,default)
    Hibernate: insert into ft_participants (draft_order,fantasy_game_seq,player_id,preferred_team,team_name,seq) values (?,?,?,?,?,default)
    Hibernate: insert into ft_participants (draft_order,fantasy_game_seq,player_id,preferred_team,team_name,seq) values (?,?,?,?,?,default)
    Hibernate: insert into ft_participants (draft_order,fantasy_game_seq,player_id,preferred_team,team_name,seq) values (?,?,?,?,?,default)
    Hibernate: insert into ft_participants (draft_order,fantasy_game_seq,player_id,preferred_team,team_name,seq) values (?,?,?,?,?,default)
    Hibernate: insert into ft_participants (draft_order,fantasy_game_seq,player_id,preferred_team,team_name,seq) values (?,?,?,?,?,default)
    Hibernate: insert into ft_participants (draft_order,fantasy_game_seq,player_id,preferred_team,team_name,seq) values (?,?,?,?,?,default)
    Hibernate: insert into ft_participants (draft_order,fantasy_game_seq,player_id,preferred_team,team_name,seq) values (?,?,?,?,?,default)
    Hibernate: insert into ft_participants (draft_order,fantasy_game_seq,player_id,preferred_team,team_name,seq) values (?,?,?,?,?,default)
    Hibernate: insert into ft_participants (draft_order,fantasy_game_seq,player_id,preferred_team,team_name,seq) values (?,?,?,?,?,default)
    Hibernate: insert into ft_participants (draft_order,fantasy_game_seq,player_id,preferred_team,team_name,seq) values (?,?,?,?,?,default)
    Hibernate: insert into ft_participants (draft_order,fantasy_game_seq,player_id,preferred_team,team_name,seq) values (?,?,?,?,?,default)
    Hibernate: insert into ft_participants (draft_order,fantasy_game_seq,player_id,preferred_team,team_name,seq) values (?,?,?,?,?,default)
    Hibernate: insert into ft_participants (draft_order,fantasy_game_seq,player_id,preferred_team,team_name,seq) values (?,?,?,?,?,default)
    Hibernate: insert into ft_participants (draft_order,fantasy_game_seq,player_id,preferred_team,team_name,seq) values (?,?,?,?,?,default)
    Hibernate: insert into ft_participants (draft_order,fantasy_game_seq,player_id,preferred_team,team_name,seq) values (?,?,?,?,?,default)
    Hibernate: insert into ft_participants (draft_order,fantasy_game_seq,player_id,preferred_team,team_name,seq) values (?,?,?,?,?,default)
    Hibernate: insert into ft_participants (draft_order,fantasy_game_seq,player_id,preferred_team,team_name,seq) values (?,?,?,?,?,default)
    Hibernate: insert into ft_participants (draft_order,fantasy_game_seq,player_id,preferred_team,team_name,seq) values (?,?,?,?,?,default)
    Hibernate: insert into ft_participants (draft_order,fantasy_game_seq,player_id,preferred_team,team_name,seq) values (?,?,?,?,?,default)
    Hibernate: insert into ft_participants (draft_order,fantasy_game_seq,player_id,preferred_team,team_name,seq) values (?,?,?,?,?,default)
    Hibernate: insert into ft_participants (draft_order,fantasy_game_seq,player_id,preferred_team,team_name,seq) values (?,?,?,?,?,default)
    Hibernate: insert into ft_participants (draft_order,fantasy_game_seq,player_id,preferred_team,team_name,seq) values (?,?,?,?,?,default)
    Hibernate: insert into ft_participants (draft_order,fantasy_game_seq,player_id,preferred_team,team_name,seq) values (?,?,?,?,?,default)
    Hibernate: insert into ft_participants (draft_order,fantasy_game_seq,player_id,preferred_team,team_name,seq) values (?,?,?,?,?,default)
    Hibernate: insert into ft_participants (draft_order,fantasy_game_seq,player_id,preferred_team,team_name,seq) values (?,?,?,?,?,default)
    Hibernate: insert into ft_participants (draft_order,fantasy_game_seq,player_id,preferred_team,team_name,seq) values (?,?,?,?,?,default)
    Hibernate: insert into ft_participants (draft_order,fantasy_game_seq,player_id,preferred_team,team_name,seq) values (?,?,?,?,?,default)
    Hibernate: insert into ft_participants (draft_order,fantasy_game_seq,player_id,preferred_team,team_name,seq) values (?,?,?,?,?,default)
    Hibernate: insert into ft_participants (draft_order,fantasy_game_seq,player_id,preferred_team,team_name,seq) values (?,?,?,?,?,default)
    Hibernate: insert into ft_participants (draft_order,fantasy_game_seq,player_id,preferred_team,team_name,seq) values (?,?,?,?,?,default)
    Hibernate: insert into ft_participants (draft_order,fantasy_game_seq,player_id,preferred_team,team_name,seq) values (?,?,?,?,?,default)
    Hibernate: insert into ft_participants (draft_order,fantasy_game_seq,player_id,preferred_team,team_name,seq) values (?,?,?,?,?,default)
    Hibernate: insert into ft_participants (draft_order,fantasy_game_seq,player_id,preferred_team,team_name,seq) values (?,?,?,?,?,default)
    Hibernate: insert into ft_participants (draft_order,fantasy_game_seq,player_id,preferred_team,team_name,seq) values (?,?,?,?,?,default)
    Hibernate: insert into ft_participants (draft_order,fantasy_game_seq,player_id,preferred_team,team_name,seq) values (?,?,?,?,?,default)
    Hibernate: insert into ft_participants (draft_order,fantasy_game_seq,player_id,preferred_team,team_name,seq) values (?,?,?,?,?,default)
    Hibernate: insert into ft_participants (draft_order,fantasy_game_seq,player_id,preferred_team,team_name,seq) values (?,?,?,?,?,default)
    Hibernate: insert into ft_participants (draft_order,fantasy_game_seq,player_id,preferred_team,team_name,seq) values (?,?,?,?,?,default)
    Hibernate: insert into ft_participants (draft_order,fantasy_game_seq,player_id,preferred_team,team_name,seq) values (?,?,?,?,?,default)
    Hibernate: insert into ft_participants (draft_order,fantasy_game_seq,player_id,preferred_team,team_name,seq) values (?,?,?,?,?,default)
    Hibernate: insert into ft_participants (draft_order,fantasy_game_seq,player_id,preferred_team,team_name,seq) values (?,?,?,?,?,default)
    Hibernate: insert into ft_participants (draft_order,fantasy_game_seq,player_id,preferred_team,team_name,seq) values (?,?,?,?,?,default)
    Hibernate: insert into ft_participants (draft_order,fantasy_game_seq,player_id,preferred_team,team_name,seq) values (?,?,?,?,?,default)
    Hibernate: insert into ft_participants (draft_order,fantasy_game_seq,player_id,preferred_team,team_name,seq) values (?,?,?,?,?,default)
    Hibernate: insert into ft_participants (draft_order,fantasy_game_seq,player_id,preferred_team,team_name,seq) values (?,?,?,?,?,default)
    Hibernate: insert into ft_participants (draft_order,fantasy_game_seq,player_id,preferred_team,team_name,seq) values (?,?,?,?,?,default)
    Hibernate: insert into ft_participants (draft_order,fantasy_game_seq,player_id,preferred_team,team_name,seq) values (?,?,?,?,?,default)
    Hibernate: insert into ft_participants (draft_order,fantasy_game_seq,player_id,preferred_team,team_name,seq) values (?,?,?,?,?,default)
    Hibernate: insert into ft_participants (draft_order,fantasy_game_seq,player_id,preferred_team,team_name,seq) values (?,?,?,?,?,default)
    Hibernate: insert into ft_participants (draft_order,fantasy_game_seq,player_id,preferred_team,team_name,seq) values (?,?,?,?,?,default)
    Hibernate: insert into ft_participants (draft_order,fantasy_game_seq,player_id,preferred_team,team_name,seq) values (?,?,?,?,?,default)
    Hibernate: insert into ft_participants (draft_order,fantasy_game_seq,player_id,preferred_team,team_name,seq) values (?,?,?,?,?,default)
    Hibernate: insert into ft_participants (draft_order,fantasy_game_seq,player_id,preferred_team,team_name,seq) values (?,?,?,?,?,default)
    Hibernate: insert into ft_participants (draft_order,fantasy_game_seq,player_id,preferred_team,team_name,seq) values (?,?,?,?,?,default)
    Hibernate: insert into ft_participants (draft_order,fantasy_game_seq,player_id,preferred_team,team_name,seq) values (?,?,?,?,?,default)
    Hibernate: insert into ft_participants (draft_order,fantasy_game_seq,player_id,preferred_team,team_name,seq) values (?,?,?,?,?,default)
    Hibernate: insert into ft_participants (draft_order,fantasy_game_seq,player_id,preferred_team,team_name,seq) values (?,?,?,?,?,default)
    Hibernate: insert into ft_participants (draft_order,fantasy_game_seq,player_id,preferred_team,team_name,seq) values (?,?,?,?,?,default)
    Hibernate: insert into ft_participants (draft_order,fantasy_game_seq,player_id,preferred_team,team_name,seq) values (?,?,?,?,?,default)
    Hibernate: insert into ft_participants (draft_order,fantasy_game_seq,player_id,preferred_team,team_name,seq) values (?,?,?,?,?,default)
    Hibernate: insert into ft_participants (draft_order,fantasy_game_seq,player_id,preferred_team,team_name,seq) values (?,?,?,?,?,default)
    Hibernate: insert into ft_participants (draft_order,fantasy_game_seq,player_id,preferred_team,team_name,seq) values (?,?,?,?,?,default)
    Hibernate: insert into ft_participants (draft_order,fantasy_game_seq,player_id,preferred_team,team_name,seq) values (?,?,?,?,?,default)
    Hibernate: insert into ft_participants (draft_order,fantasy_game_seq,player_id,preferred_team,team_name,seq) values (?,?,?,?,?,default)
    Hibernate: insert into ft_participants (draft_order,fantasy_game_seq,player_id,preferred_team,team_name,seq) values (?,?,?,?,?,default)
    Hibernate: insert into ft_participants (draft_order,fantasy_game_seq,player_id,preferred_team,team_name,seq) values (?,?,?,?,?,default)
    Hibernate: insert into ft_participants (draft_order,fantasy_game_seq,player_id,preferred_team,team_name,seq) values (?,?,?,?,?,default)
    Hibernate: insert into ft_participants (draft_order,fantasy_game_seq,player_id,preferred_team,team_name,seq) values (?,?,?,?,?,default)
    Hibernate: insert into ft_participants (draft_order,fantasy_game_seq,player_id,preferred_team,team_name,seq) values (?,?,?,?,?,default)
    Hibernate: insert into ft_participants (draft_order,fantasy_game_seq,player_id,preferred_team,team_name,seq) values (?,?,?,?,?,default)
    Hibernate: insert into ft_participants (draft_order,fantasy_game_seq,player_id,preferred_team,team_name,seq) values (?,?,?,?,?,default)
    Hibernate: insert into ft_participants (draft_order,fantasy_game_seq,player_id,preferred_team,team_name,seq) values (?,?,?,?,?,default)
    Hibernate: insert into ft_participants (draft_order,fantasy_game_seq,player_id,preferred_team,team_name,seq) values (?,?,?,?,?,default)
    Hibernate: insert into ft_participants (draft_order,fantasy_game_seq,player_id,preferred_team,team_name,seq) values (?,?,?,?,?,default)
    Hibernate: insert into ft_participants (draft_order,fantasy_game_seq,player_id,preferred_team,team_name,seq) values (?,?,?,?,?,default)
    Hibernate: insert into ft_participants (draft_order,fantasy_game_seq,player_id,preferred_team,team_name,seq) values (?,?,?,?,?,default)
    Hibernate: insert into ft_participants (draft_order,fantasy_game_seq,player_id,preferred_team,team_name,seq) values (?,?,?,?,?,default)
    Hibernate: insert into ft_participants (draft_order,fantasy_game_seq,player_id,preferred_team,team_name,seq) values (?,?,?,?,?,default)
    Hibernate: insert into ft_participants (draft_order,fantasy_game_seq,player_id,preferred_team,team_name,seq) values (?,?,?,?,?,default)
    Hibernate: insert into ft_participants (draft_order,fantasy_game_seq,player_id,preferred_team,team_name,seq) values (?,?,?,?,?,default)
    Hibernate: insert into ft_participants (draft_order,fantasy_game_seq,player_id,preferred_team,team_name,seq) values (?,?,?,?,?,default)
    Hibernate: insert into ft_participants (draft_order,fantasy_game_seq,player_id,preferred_team,team_name,seq) values (?,?,?,?,?,default)
    Hibernate: insert into ft_participants (draft_order,fantasy_game_seq,player_id,preferred_team,team_name,seq) values (?,?,?,?,?,default)
    Hibernate: insert into ft_participants (draft_order,fantasy_game_seq,player_id,preferred_team,team_name,seq) values (?,?,?,?,?,default)
    Hibernate: insert into ft_participants (draft_order,fantasy_game_seq,player_id,preferred_team,team_name,seq) values (?,?,?,?,?,default)
    Hibernate: insert into ft_participants (draft_order,fantasy_game_seq,player_id,preferred_team,team_name,seq) values (?,?,?,?,?,default)
    Hibernate: insert into ft_participants (draft_order,fantasy_game_seq,player_id,preferred_team,team_name,seq) values (?,?,?,?,?,default)
    Hibernate: insert into ft_participants (draft_order,fantasy_game_seq,player_id,preferred_team,team_name,seq) values (?,?,?,?,?,default)
    Hibernate: insert into ft_participants (draft_order,fantasy_game_seq,player_id,preferred_team,team_name,seq) values (?,?,?,?,?,default)
    Hibernate: insert into ft_participants (draft_order,fantasy_game_seq,player_id,preferred_team,team_name,seq) values (?,?,?,?,?,default)
    Hibernate: insert into ft_participants (draft_order,fantasy_game_seq,player_id,preferred_team,team_name,seq) values (?,?,?,?,?,default)
    Hibernate: insert into ft_participants (draft_order,fantasy_game_seq,player_id,preferred_team,team_name,seq) values (?,?,?,?,?,default)
    Hibernate: insert into ft_participants (draft_order,fantasy_game_seq,player_id,preferred_team,team_name,seq) values (?,?,?,?,?,default)
    Hibernate: insert into ft_participants (draft_order,fantasy_game_seq,player_id,preferred_team,team_name,seq) values (?,?,?,?,?,default)
    Hibernate: insert into ft_participants (draft_order,fantasy_game_seq,player_id,preferred_team,team_name,seq) values (?,?,?,?,?,default)
    Hibernate: insert into ft_participants (draft_order,fantasy_game_seq,player_id,preferred_team,team_name,seq) values (?,?,?,?,?,default)
    Hibernate: insert into ft_participants (draft_order,fantasy_game_seq,player_id,preferred_team,team_name,seq) values (?,?,?,?,?,default)
    Hibernate: insert into ft_participants (draft_order,fantasy_game_seq,player_id,preferred_team,team_name,seq) values (?,?,?,?,?,default)
    Hibernate: insert into ft_participants (draft_order,fantasy_game_seq,player_id,preferred_team,team_name,seq) values (?,?,?,?,?,default)
    Hibernate: insert into ft_participants (draft_order,fantasy_game_seq,player_id,preferred_team,team_name,seq) values (?,?,?,?,?,default)
    Hibernate: insert into ft_participants (draft_order,fantasy_game_seq,player_id,preferred_team,team_name,seq) values (?,?,?,?,?,default)
    Hibernate: insert into ft_participants (draft_order,fantasy_game_seq,player_id,preferred_team,team_name,seq) values (?,?,?,?,?,default)
    Hibernate: insert into ft_participants (draft_order,fantasy_game_seq,player_id,preferred_team,team_name,seq) values (?,?,?,?,?,default)
    Hibernate: insert into ft_participants (draft_order,fantasy_game_seq,player_id,preferred_team,team_name,seq) values (?,?,?,?,?,default)
    Hibernate: insert into ft_participants (draft_order,fantasy_game_seq,player_id,preferred_team,team_name,seq) values (?,?,?,?,?,default)
    Hibernate: insert into ft_participants (draft_order,fantasy_game_seq,player_id,preferred_team,team_name,seq) values (?,?,?,?,?,default)
    Hibernate: insert into ft_participants (draft_order,fantasy_game_seq,player_id,preferred_team,team_name,seq) values (?,?,?,?,?,default)
    Hibernate: insert into ft_participants (draft_order,fantasy_game_seq,player_id,preferred_team,team_name,seq) values (?,?,?,?,?,default)
    Hibernate: insert into ft_participants (draft_order,fantasy_game_seq,player_id,preferred_team,team_name,seq) values (?,?,?,?,?,default)
    Hibernate: insert into ft_participants (draft_order,fantasy_game_seq,player_id,preferred_team,team_name,seq) values (?,?,?,?,?,default)
    Hibernate: insert into ft_participants (draft_order,fantasy_game_seq,player_id,preferred_team,team_name,seq) values (?,?,?,?,?,default)
    Hibernate: insert into ft_participants (draft_order,fantasy_game_seq,player_id,preferred_team,team_name,seq) values (?,?,?,?,?,default)
    Hibernate: insert into ft_participants (draft_order,fantasy_game_seq,player_id,preferred_team,team_name,seq) values (?,?,?,?,?,default)
    Hibernate: insert into ft_participants (draft_order,fantasy_game_seq,player_id,preferred_team,team_name,seq) values (?,?,?,?,?,default)
    Hibernate: insert into ft_participants (draft_order,fantasy_game_seq,player_id,preferred_team,team_name,seq) values (?,?,?,?,?,default)
    Hibernate: insert into ft_participants (draft_order,fantasy_game_seq,player_id,preferred_team,team_name,seq) values (?,?,?,?,?,default)
    Hibernate: insert into ft_participants (draft_order,fantasy_game_seq,player_id,preferred_team,team_name,seq) values (?,?,?,?,?,default)
    Hibernate: insert into ft_participants (draft_order,fantasy_game_seq,player_id,preferred_team,team_name,seq) values (?,?,?,?,?,default)
    Hibernate: insert into ft_participants (draft_order,fantasy_game_seq,player_id,preferred_team,team_name,seq) values (?,?,?,?,?,default)
    Hibernate: insert into ft_participants (draft_order,fantasy_game_seq,player_id,preferred_team,team_name,seq) values (?,?,?,?,?,default)
    Hibernate: insert into ft_participants (draft_order,fantasy_game_seq,player_id,preferred_team,team_name,seq) values (?,?,?,?,?,default)
    Hibernate: insert into ft_participants (draft_order,fantasy_game_seq,player_id,preferred_team,team_name,seq) values (?,?,?,?,?,default)
    Hibernate: insert into ft_participants (draft_order,fantasy_game_seq,player_id,preferred_team,team_name,seq) values (?,?,?,?,?,default)
    Hibernate: insert into ft_participants (draft_order,fantasy_game_seq,player_id,preferred_team,team_name,seq) values (?,?,?,?,?,default)
    Hibernate: insert into ft_participants (draft_order,fantasy_game_seq,player_id,preferred_team,team_name,seq) values (?,?,?,?,?,default)
    Hibernate: insert into ft_participants (draft_order,fantasy_game_seq,player_id,preferred_team,team_name,seq) values (?,?,?,?,?,default)
    Hibernate: insert into ft_participants (draft_order,fantasy_game_seq,player_id,preferred_team,team_name,seq) values (?,?,?,?,?,default)
    Hibernate: insert into ft_participants (draft_order,fantasy_game_seq,player_id,preferred_team,team_name,seq) values (?,?,?,?,?,default)
    Hibernate: insert into ft_participants (draft_order,fantasy_game_seq,player_id,preferred_team,team_name,seq) values (?,?,?,?,?,default)
    Hibernate: insert into ft_participants (draft_order,fantasy_game_seq,player_id,preferred_team,team_name,seq) values (?,?,?,?,?,default)
    Hibernate: insert into ft_participants (draft_order,fantasy_game_seq,player_id,preferred_team,team_name,seq) values (?,?,?,?,?,default)
    Hibernate: insert into ft_participants (draft_order,fantasy_game_seq,player_id,preferred_team,team_name,seq) values (?,?,?,?,?,default)
    Hibernate: insert into ft_participants (draft_order,fantasy_game_seq,player_id,preferred_team,team_name,seq) values (?,?,?,?,?,default)
    Hibernate: insert into ft_participants (draft_order,fantasy_game_seq,player_id,preferred_team,team_name,seq) values (?,?,?,?,?,default)
    Hibernate: insert into ft_participants (draft_order,fantasy_game_seq,player_id,preferred_team,team_name,seq) values (?,?,?,?,?,default)
    Hibernate: insert into ft_participants (draft_order,fantasy_game_seq,player_id,preferred_team,team_name,seq) values (?,?,?,?,?,default)
    Hibernate: insert into ft_participants (draft_order,fantasy_game_seq,player_id,preferred_team,team_name,seq) values (?,?,?,?,?,default)
    Hibernate: insert into ft_participants (draft_order,fantasy_game_seq,player_id,preferred_team,team_name,seq) values (?,?,?,?,?,default)
    Hibernate: insert into ft_participants (draft_order,fantasy_game_seq,player_id,preferred_team,team_name,seq) values (?,?,?,?,?,default)
    Hibernate: insert into ft_participants (draft_order,fantasy_game_seq,player_id,preferred_team,team_name,seq) values (?,?,?,?,?,default)
    Hibernate: insert into ft_participants (draft_order,fantasy_game_seq,player_id,preferred_team,team_name,seq) values (?,?,?,?,?,default)
    Hibernate: insert into ft_participants (draft_order,fantasy_game_seq,player_id,preferred_team,team_name,seq) values (?,?,?,?,?,default)
    Hibernate: insert into ft_participants (draft_order,fantasy_game_seq,player_id,preferred_team,team_name,seq) values (?,?,?,?,?,default)
    Hibernate: insert into ft_participants (draft_order,fantasy_game_seq,player_id,preferred_team,team_name,seq) values (?,?,?,?,?,default)
    Hibernate: insert into ft_participants (draft_order,fantasy_game_seq,player_id,preferred_team,team_name,seq) values (?,?,?,?,?,default)
    Hibernate: insert into ft_participants (draft_order,fantasy_game_seq,player_id,preferred_team,team_name,seq) values (?,?,?,?,?,default)
    Hibernate: insert into ft_participants (draft_order,fantasy_game_seq,player_id,preferred_team,team_name,seq) values (?,?,?,?,?,default)
    Hibernate: insert into ft_participants (draft_order,fantasy_game_seq,player_id,preferred_team,team_name,seq) values (?,?,?,?,?,default)
    Hibernate: insert into ft_participants (draft_order,fantasy_game_seq,player_id,preferred_team,team_name,seq) values (?,?,?,?,?,default)
    Hibernate: insert into ft_participants (draft_order,fantasy_game_seq,player_id,preferred_team,team_name,seq) values (?,?,?,?,?,default)
    Hibernate: insert into ft_participants (draft_order,fantasy_game_seq,player_id,preferred_team,team_name,seq) values (?,?,?,?,?,default)
    Hibernate: insert into ft_participants (draft_order,fantasy_game_seq,player_id,preferred_team,team_name,seq) values (?,?,?,?,?,default)
    Hibernate: insert into ft_participants (draft_order,fantasy_game_seq,player_id,preferred_team,team_name,seq) values (?,?,?,?,?,default)
    Hibernate: insert into ft_participants (draft_order,fantasy_game_seq,player_id,preferred_team,team_name,seq) values (?,?,?,?,?,default)
    Hibernate: insert into ft_participants (draft_order,fantasy_game_seq,player_id,preferred_team,team_name,seq) values (?,?,?,?,?,default)
    Hibernate: insert into ft_participants (draft_order,fantasy_game_seq,player_id,preferred_team,team_name,seq) values (?,?,?,?,?,default)
    Hibernate: insert into ft_participants (draft_order,fantasy_game_seq,player_id,preferred_team,team_name,seq) values (?,?,?,?,?,default)
    Hibernate: insert into ft_participants (draft_order,fantasy_game_seq,player_id,preferred_team,team_name,seq) values (?,?,?,?,?,default)
    Hibernate: insert into ft_participants (draft_order,fantasy_game_seq,player_id,preferred_team,team_name,seq) values (?,?,?,?,?,default)
    Hibernate: insert into ft_participants (draft_order,fantasy_game_seq,player_id,preferred_team,team_name,seq) values (?,?,?,?,?,default)
    Hibernate: insert into ft_participants (draft_order,fantasy_game_seq,player_id,preferred_team,team_name,seq) values (?,?,?,?,?,default)
    Hibernate: insert into ft_participants (draft_order,fantasy_game_seq,player_id,preferred_team,team_name,seq) values (?,?,?,?,?,default)
    Hibernate: insert into ft_participants (draft_order,fantasy_game_seq,player_id,preferred_team,team_name,seq) values (?,?,?,?,?,default)
    Hibernate: insert into ft_participants (draft_order,fantasy_game_seq,player_id,preferred_team,team_name,seq) values (?,?,?,?,?,default)
    Hibernate: insert into ft_participants (draft_order,fantasy_game_seq,player_id,preferred_team,team_name,seq) values (?,?,?,?,?,default)
    Hibernate: insert into ft_participants (draft_order,fantasy_game_seq,player_id,preferred_team,team_name,seq) values (?,?,?,?,?,default)
    Hibernate: insert into ft_participants (draft_order,fantasy_game_seq,player_id,preferred_team,team_name,seq) values (?,?,?,?,?,default)
    Hibernate: insert into ft_participants (draft_order,fantasy_game_seq,player_id,preferred_team,team_name,seq) values (?,?,?,?,?,default)
    Hibernate: insert into ft_participants (draft_order,fantasy_game_seq,player_id,preferred_team,team_name,seq) values (?,?,?,?,?,default)
    Hibernate: insert into ft_participants (draft_order,fantasy_game_seq,player_id,preferred_team,team_name,seq) values (?,?,?,?,?,default)
    Hibernate: insert into ft_participants (draft_order,fantasy_game_seq,player_id,preferred_team,team_name,seq) values (?,?,?,?,?,default)
    Hibernate: insert into ft_participants (draft_order,fantasy_game_seq,player_id,preferred_team,team_name,seq) values (?,?,?,?,?,default)
    Hibernate: insert into ft_participants (draft_order,fantasy_game_seq,player_id,preferred_team,team_name,seq) values (?,?,?,?,?,default)
    Hibernate: insert into ft_participants (draft_order,fantasy_game_seq,player_id,preferred_team,team_name,seq) values (?,?,?,?,?,default)
    Hibernate: insert into ft_participants (draft_order,fantasy_game_seq,player_id,preferred_team,team_name,seq) values (?,?,?,?,?,default)
    Hibernate: insert into ft_participants (draft_order,fantasy_game_seq,player_id,preferred_team,team_name,seq) values (?,?,?,?,?,default)
    Hibernate: insert into ft_participants (draft_order,fantasy_game_seq,player_id,preferred_team,team_name,seq) values (?,?,?,?,?,default)
    Hibernate: insert into ft_participants (draft_order,fantasy_game_seq,player_id,preferred_team,team_name,seq) values (?,?,?,?,?,default)
    Hibernate: insert into ft_participants (draft_order,fantasy_game_seq,player_id,preferred_team,team_name,seq) values (?,?,?,?,?,default)
    Hibernate: insert into ft_participants (draft_order,fantasy_game_seq,player_id,preferred_team,team_name,seq) values (?,?,?,?,?,default)
    Hibernate: insert into ft_participants (draft_order,fantasy_game_seq,player_id,preferred_team,team_name,seq) values (?,?,?,?,?,default)
    Hibernate: insert into ft_participants (draft_order,fantasy_game_seq,player_id,preferred_team,team_name,seq) values (?,?,?,?,?,default)
    Hibernate: insert into ft_participants (draft_order,fantasy_game_seq,player_id,preferred_team,team_name,seq) values (?,?,?,?,?,default)
    Hibernate: insert into ft_participants (draft_order,fantasy_game_seq,player_id,preferred_team,team_name,seq) values (?,?,?,?,?,default)
    Hibernate: insert into ft_participants (draft_order,fantasy_game_seq,player_id,preferred_team,team_name,seq) values (?,?,?,?,?,default)
    Hibernate: insert into ft_participants (draft_order,fantasy_game_seq,player_id,preferred_team,team_name,seq) values (?,?,?,?,?,default)
    Hibernate: insert into ft_participants (draft_order,fantasy_game_seq,player_id,preferred_team,team_name,seq) values (?,?,?,?,?,default)
    Hibernate: insert into ft_participants (draft_order,fantasy_game_seq,player_id,preferred_team,team_name,seq) values (?,?,?,?,?,default)
    Hibernate: insert into ft_participants (draft_order,fantasy_game_seq,player_id,preferred_team,team_name,seq) values (?,?,?,?,?,default)
    Hibernate: insert into ft_participants (draft_order,fantasy_game_seq,player_id,preferred_team,team_name,seq) values (?,?,?,?,?,default)
    Hibernate: insert into ft_participants (draft_order,fantasy_game_seq,player_id,preferred_team,team_name,seq) values (?,?,?,?,?,default)
    Hibernate: insert into ft_participants (draft_order,fantasy_game_seq,player_id,preferred_team,team_name,seq) values (?,?,?,?,?,default)
    Hibernate: insert into ft_participants (draft_order,fantasy_game_seq,player_id,preferred_team,team_name,seq) values (?,?,?,?,?,default)
    Hibernate: insert into ft_participants (draft_order,fantasy_game_seq,player_id,preferred_team,team_name,seq) values (?,?,?,?,?,default)
    Hibernate: insert into ft_participants (draft_order,fantasy_game_seq,player_id,preferred_team,team_name,seq) values (?,?,?,?,?,default)
    Hibernate: insert into ft_participants (draft_order,fantasy_game_seq,player_id,preferred_team,team_name,seq) values (?,?,?,?,?,default)
    Hibernate: insert into ft_participants (draft_order,fantasy_game_seq,player_id,preferred_team,team_name,seq) values (?,?,?,?,?,default)
    Hibernate: insert into ft_participants (draft_order,fantasy_game_seq,player_id,preferred_team,team_name,seq) values (?,?,?,?,?,default)
    Hibernate: insert into ft_participants (draft_order,fantasy_game_seq,player_id,preferred_team,team_name,seq) values (?,?,?,?,?,default)
    Hibernate: insert into ft_participants (draft_order,fantasy_game_seq,player_id,preferred_team,team_name,seq) values (?,?,?,?,?,default)
    Hibernate: insert into ft_participants (draft_order,fantasy_game_seq,player_id,preferred_team,team_name,seq) values (?,?,?,?,?,default)
    Hibernate: insert into ft_participants (draft_order,fantasy_game_seq,player_id,preferred_team,team_name,seq) values (?,?,?,?,?,default)
    Hibernate: insert into ft_participants (draft_order,fantasy_game_seq,player_id,preferred_team,team_name,seq) values (?,?,?,?,?,default)
    Hibernate: insert into ft_participants (draft_order,fantasy_game_seq,player_id,preferred_team,team_name,seq) values (?,?,?,?,?,default)
    Hibernate: insert into ft_participants (draft_order,fantasy_game_seq,player_id,preferred_team,team_name,seq) values (?,?,?,?,?,default)
    Hibernate: insert into ft_participants (draft_order,fantasy_game_seq,player_id,preferred_team,team_name,seq) values (?,?,?,?,?,default)
    Hibernate: insert into ft_participants (draft_order,fantasy_game_seq,player_id,preferred_team,team_name,seq) values (?,?,?,?,?,default)
    Hibernate: insert into ft_participants (draft_order,fantasy_game_seq,player_id,preferred_team,team_name,seq) values (?,?,?,?,?,default)
    Hibernate: insert into ft_participants (draft_order,fantasy_game_seq,player_id,preferred_team,team_name,seq) values (?,?,?,?,?,default)
    Hibernate: insert into ft_participants (draft_order,fantasy_game_seq,player_id,preferred_team,team_name,seq) values (?,?,?,?,?,default)
    Hibernate: insert into ft_participants (draft_order,fantasy_game_seq,player_id,preferred_team,team_name,seq) values (?,?,?,?,?,default)
    Hibernate: insert into ft_participants (draft_order,fantasy_game_seq,player_id,preferred_team,team_name,seq) values (?,?,?,?,?,default)
    Hibernate: insert into ft_participants (draft_order,fantasy_game_seq,player_id,preferred_team,team_name,seq) values (?,?,?,?,?,default)
    Hibernate: insert into ft_participants (draft_order,fantasy_game_seq,player_id,preferred_team,team_name,seq) values (?,?,?,?,?,default)
    Hibernate: insert into ft_participants (draft_order,fantasy_game_seq,player_id,preferred_team,team_name,seq) values (?,?,?,?,?,default)
    Hibernate: insert into ft_participants (draft_order,fantasy_game_seq,player_id,preferred_team,team_name,seq) values (?,?,?,?,?,default)
    Hibernate: insert into ft_participants (draft_order,fantasy_game_seq,player_id,preferred_team,team_name,seq) values (?,?,?,?,?,default)
    Hibernate: insert into ft_participants (draft_order,fantasy_game_seq,player_id,preferred_team,team_name,seq) values (?,?,?,?,?,default)
    Hibernate: insert into ft_participants (draft_order,fantasy_game_seq,player_id,preferred_team,team_name,seq) values (?,?,?,?,?,default)
    Hibernate: insert into ft_participants (draft_order,fantasy_game_seq,player_id,preferred_team,team_name,seq) values (?,?,?,?,?,default)
    Hibernate: insert into ft_participants (draft_order,fantasy_game_seq,player_id,preferred_team,team_name,seq) values (?,?,?,?,?,default)
    Hibernate: insert into ft_participants (draft_order,fantasy_game_seq,player_id,preferred_team,team_name,seq) values (?,?,?,?,?,default)
    Hibernate: insert into ft_participants (draft_order,fantasy_game_seq,player_id,preferred_team,team_name,seq) values (?,?,?,?,?,default)
    Hibernate: insert into ft_participants (draft_order,fantasy_game_seq,player_id,preferred_team,team_name,seq) values (?,?,?,?,?,default)
    Hibernate: insert into ft_participants (draft_order,fantasy_game_seq,player_id,preferred_team,team_name,seq) values (?,?,?,?,?,default)
    Hibernate: insert into ft_participants (draft_order,fantasy_game_seq,player_id,preferred_team,team_name,seq) values (?,?,?,?,?,default)
    Hibernate: insert into ft_participants (draft_order,fantasy_game_seq,player_id,preferred_team,team_name,seq) values (?,?,?,?,?,default)
    Hibernate: insert into ft_participants (draft_order,fantasy_game_seq,player_id,preferred_team,team_name,seq) values (?,?,?,?,?,default)
    Hibernate: insert into ft_participants (draft_order,fantasy_game_seq,player_id,preferred_team,team_name,seq) values (?,?,?,?,?,default)
    Hibernate: insert into ft_participants (draft_order,fantasy_game_seq,player_id,preferred_team,team_name,seq) values (?,?,?,?,?,default)
    Hibernate: insert into ft_participants (draft_order,fantasy_game_seq,player_id,preferred_team,team_name,seq) values (?,?,?,?,?,default)
    Hibernate: insert into ft_participants (draft_order,fantasy_game_seq,player_id,preferred_team,team_name,seq) values (?,?,?,?,?,default)
    Hibernate: insert into ft_participants (draft_order,fantasy_game_seq,player_id,preferred_team,team_name,seq) values (?,?,?,?,?,default)
    Hibernate: insert into ft_participants (draft_order,fantasy_game_seq,player_id,preferred_team,team_name,seq) values (?,?,?,?,?,default)
    Hibernate: insert into ft_participants (draft_order,fantasy_game_seq,player_id,preferred_team,team_name,seq) values (?,?,?,?,?,default)
    Hibernate: insert into ft_participants (draft_order,fantasy_game_seq,player_id,preferred_team,team_name,seq) values (?,?,?,?,?,default)
    Hibernate: insert into ft_participants (draft_order,fantasy_game_seq,player_id,preferred_team,team_name,seq) values (?,?,?,?,?,default)
    Hibernate: insert into ft_participants (draft_order,fantasy_game_seq,player_id,preferred_team,team_name,seq) values (?,?,?,?,?,default)
    Hibernate: insert into ft_participants (draft_order,fantasy_game_seq,player_id,preferred_team,team_name,seq) values (?,?,?,?,?,default)
    Hibernate: insert into ft_participants (draft_order,fantasy_game_seq,player_id,preferred_team,team_name,seq) values (?,?,?,?,?,default)
    Hibernate: insert into ft_participants (draft_order,fantasy_game_seq,player_id,preferred_team,team_name,seq) values (?,?,?,?,?,default)
    Hibernate: insert into ft_participants (draft_order,fantasy_game_seq,player_id,preferred_team,team_name,seq) values (?,?,?,?,?,default)
    Hibernate: insert into ft_participants (draft_order,fantasy_game_seq,player_id,preferred_team,team_name,seq) values (?,?,?,?,?,default)
    Hibernate: insert into ft_participants (draft_order,fantasy_game_seq,player_id,preferred_team,team_name,seq) values (?,?,?,?,?,default)
    Hibernate: insert into ft_participants (draft_order,fantasy_game_seq,player_id,preferred_team,team_name,seq) values (?,?,?,?,?,default)
    Hibernate: insert into ft_participants (draft_order,fantasy_game_seq,player_id,preferred_team,team_name,seq) values (?,?,?,?,?,default)
    Hibernate: insert into ft_participants (draft_order,fantasy_game_seq,player_id,preferred_team,team_name,seq) values (?,?,?,?,?,default)
    Hibernate: insert into ft_participants (draft_order,fantasy_game_seq,player_id,preferred_team,team_name,seq) values (?,?,?,?,?,default)
    Hibernate: insert into ft_participants (draft_order,fantasy_game_seq,player_id,preferred_team,team_name,seq) values (?,?,?,?,?,default)
    Hibernate: insert into ft_participants (draft_order,fantasy_game_seq,player_id,preferred_team,team_name,seq) values (?,?,?,?,?,default)
    Hibernate: insert into ft_participants (draft_order,fantasy_game_seq,player_id,preferred_team,team_name,seq) values (?,?,?,?,?,default)
    Hibernate: insert into ft_participants (draft_order,fantasy_game_seq,player_id,preferred_team,team_name,seq) values (?,?,?,?,?,default)
    Hibernate: insert into ft_participants (draft_order,fantasy_game_seq,player_id,preferred_team,team_name,seq) values (?,?,?,?,?,default)
    Hibernate: insert into ft_participants (draft_order,fantasy_game_seq,player_id,preferred_team,team_name,seq) values (?,?,?,?,?,default)
    Hibernate: insert into ft_participants (draft_order,fantasy_game_seq,player_id,preferred_team,team_name,seq) values (?,?,?,?,?,default)
    Hibernate: insert into ft_participants (draft_order,fantasy_game_seq,player_id,preferred_team,team_name,seq) values (?,?,?,?,?,default)
    Hibernate: insert into ft_participants (draft_order,fantasy_game_seq,player_id,preferred_team,team_name,seq) values (?,?,?,?,?,default)
    Hibernate: insert into ft_participants (draft_order,fantasy_game_seq,player_id,preferred_team,team_name,seq) values (?,?,?,?,?,default)
    Hibernate: insert into ft_participants (draft_order,fantasy_game_seq,player_id,preferred_team,team_name,seq) values (?,?,?,?,?,default)
    Hibernate: insert into ft_participants (draft_order,fantasy_game_seq,player_id,preferred_team,team_name,seq) values (?,?,?,?,?,default)
    Hibernate: insert into ft_participants (draft_order,fantasy_game_seq,player_id,preferred_team,team_name,seq) values (?,?,?,?,?,default)
    Hibernate: insert into ft_participants (draft_order,fantasy_game_seq,player_id,preferred_team,team_name,seq) values (?,?,?,?,?,default)
    Hibernate: insert into ft_participants (draft_order,fantasy_game_seq,player_id,preferred_team,team_name,seq) values (?,?,?,?,?,default)
    Hibernate: insert into ft_participants (draft_order,fantasy_game_seq,player_id,preferred_team,team_name,seq) values (?,?,?,?,?,default)
    Hibernate: insert into ft_participants (draft_order,fantasy_game_seq,player_id,preferred_team,team_name,seq) values (?,?,?,?,?,default)
    Hibernate: insert into ft_participants (draft_order,fantasy_game_seq,player_id,preferred_team,team_name,seq) values (?,?,?,?,?,default)
    Hibernate: insert into ft_participants (draft_order,fantasy_game_seq,player_id,preferred_team,team_name,seq) values (?,?,?,?,?,default)
    Hibernate: insert into ft_participants (draft_order,fantasy_game_seq,player_id,preferred_team,team_name,seq) values (?,?,?,?,?,default)
    Hibernate: insert into ft_participants (draft_order,fantasy_game_seq,player_id,preferred_team,team_name,seq) values (?,?,?,?,?,default)
    Hibernate: insert into ft_participants (draft_order,fantasy_game_seq,player_id,preferred_team,team_name,seq) values (?,?,?,?,?,default)
    Hibernate: insert into ft_participants (draft_order,fantasy_game_seq,player_id,preferred_team,team_name,seq) values (?,?,?,?,?,default)
    Hibernate: insert into ft_participants (draft_order,fantasy_game_seq,player_id,preferred_team,team_name,seq) values (?,?,?,?,?,default)
    Hibernate: insert into ft_participants (draft_order,fantasy_game_seq,player_id,preferred_team,team_name,seq) values (?,?,?,?,?,default)
    Hibernate: insert into ft_participants (draft_order,fantasy_game_seq,player_id,preferred_team,team_name,seq) values (?,?,?,?,?,default)
    Hibernate: insert into ft_participants (draft_order,fantasy_game_seq,player_id,preferred_team,team_name,seq) values (?,?,?,?,?,default)
    Hibernate: insert into ft_participants (draft_order,fantasy_game_seq,player_id,preferred_team,team_name,seq) values (?,?,?,?,?,default)
    Hibernate: insert into ft_participants (draft_order,fantasy_game_seq,player_id,preferred_team,team_name,seq) values (?,?,?,?,?,default)
    Hibernate: insert into ft_participants (draft_order,fantasy_game_seq,player_id,preferred_team,team_name,seq) values (?,?,?,?,?,default)
    Hibernate: insert into ft_participants (draft_order,fantasy_game_seq,player_id,preferred_team,team_name,seq) values (?,?,?,?,?,default)
    Hibernate: insert into ft_participants (draft_order,fantasy_game_seq,player_id,preferred_team,team_name,seq) values (?,?,?,?,?,default)
    Hibernate: insert into ft_participants (draft_order,fantasy_game_seq,player_id,preferred_team,team_name,seq) values (?,?,?,?,?,default)
    Hibernate: insert into ft_participants (draft_order,fantasy_game_seq,player_id,preferred_team,team_name,seq) values (?,?,?,?,?,default)
    Hibernate: insert into ft_participants (draft_order,fantasy_game_seq,player_id,preferred_team,team_name,seq) values (?,?,?,?,?,default)
    Hibernate: insert into ft_participants (draft_order,fantasy_game_seq,player_id,preferred_team,team_name,seq) values (?,?,?,?,?,default)
    Hibernate: insert into ft_participants (draft_order,fantasy_game_seq,player_id,preferred_team,team_name,seq) values (?,?,?,?,?,default)
    Hibernate: insert into ft_participants (draft_order,fantasy_game_seq,player_id,preferred_team,team_name,seq) values (?,?,?,?,?,default)
    Hibernate: insert into ft_participants (draft_order,fantasy_game_seq,player_id,preferred_team,team_name,seq) values (?,?,?,?,?,default)
    Hibernate: insert into ft_participants (draft_order,fantasy_game_seq,player_id,preferred_team,team_name,seq) values (?,?,?,?,?,default)
    Hibernate: insert into ft_participants (draft_order,fantasy_game_seq,player_id,preferred_team,team_name,seq) values (?,?,?,?,?,default)
    Hibernate: insert into ft_participants (draft_order,fantasy_game_seq,player_id,preferred_team,team_name,seq) values (?,?,?,?,?,default)
    Hibernate: insert into ft_participants (draft_order,fantasy_game_seq,player_id,preferred_team,team_name,seq) values (?,?,?,?,?,default)
    Hibernate: insert into ft_participants (draft_order,fantasy_game_seq,player_id,preferred_team,team_name,seq) values (?,?,?,?,?,default)
    Hibernate: insert into ft_participants (draft_order,fantasy_game_seq,player_id,preferred_team,team_name,seq) values (?,?,?,?,?,default)
    Hibernate: insert into ft_participants (draft_order,fantasy_game_seq,player_id,preferred_team,team_name,seq) values (?,?,?,?,?,default)
    Hibernate: insert into ft_participants (draft_order,fantasy_game_seq,player_id,preferred_team,team_name,seq) values (?,?,?,?,?,default)
    Hibernate: insert into ft_participants (draft_order,fantasy_game_seq,player_id,preferred_team,team_name,seq) values (?,?,?,?,?,default)
    Hibernate: insert into ft_participants (draft_order,fantasy_game_seq,player_id,preferred_team,team_name,seq) values (?,?,?,?,?,default)
    Hibernate: insert into ft_participants (draft_order,fantasy_game_seq,player_id,preferred_team,team_name,seq) values (?,?,?,?,?,default)
    Hibernate: insert into ft_participants (draft_order,fantasy_game_seq,player_id,preferred_team,team_name,seq) values (?,?,?,?,?,default)
    Hibernate: insert into ft_participants (draft_order,fantasy_game_seq,player_id,preferred_team,team_name,seq) values (?,?,?,?,?,default)
    Hibernate: insert into ft_participants (draft_order,fantasy_game_seq,player_id,preferred_team,team_name,seq) values (?,?,?,?,?,default)
    Hibernate: insert into ft_participants (draft_order,fantasy_game_seq,player_id,preferred_team,team_name,seq) values (?,?,?,?,?,default)
    Hibernate: insert into ft_participants (draft_order,fantasy_game_seq,player_id,preferred_team,team_name,seq) values (?,?,?,?,?,default)
    Hibernate: insert into ft_participants (draft_order,fantasy_game_seq,player_id,preferred_team,team_name,seq) values (?,?,?,?,?,default)
    Hibernate: insert into ft_participants (draft_order,fantasy_game_seq,player_id,preferred_team,team_name,seq) values (?,?,?,?,?,default)
    Hibernate: insert into ft_participants (draft_order,fantasy_game_seq,player_id,preferred_team,team_name,seq) values (?,?,?,?,?,default)
    Hibernate: insert into ft_participants (draft_order,fantasy_game_seq,player_id,preferred_team,team_name,seq) values (?,?,?,?,?,default)
    Hibernate: insert into ft_participants (draft_order,fantasy_game_seq,player_id,preferred_team,team_name,seq) values (?,?,?,?,?,default)
    Hibernate: insert into ft_participants (draft_order,fantasy_game_seq,player_id,preferred_team,team_name,seq) values (?,?,?,?,?,default)
    Hibernate: insert into ft_participants (draft_order,fantasy_game_seq,player_id,preferred_team,team_name,seq) values (?,?,?,?,?,default)
    Hibernate: insert into ft_participants (draft_order,fantasy_game_seq,player_id,preferred_team,team_name,seq) values (?,?,?,?,?,default)
    Hibernate: insert into ft_participants (draft_order,fantasy_game_seq,player_id,preferred_team,team_name,seq) values (?,?,?,?,?,default)
    Hibernate: insert into ft_participants (draft_order,fantasy_game_seq,player_id,preferred_team,team_name,seq) values (?,?,?,?,?,default)
    Hibernate: insert into ft_participants (draft_order,fantasy_game_seq,player_id,preferred_team,team_name,seq) values (?,?,?,?,?,default)
    Hibernate: insert into ft_participants (draft_order,fantasy_game_seq,player_id,preferred_team,team_name,seq) values (?,?,?,?,?,default)
    Hibernate: insert into ft_participants (draft_order,fantasy_game_seq,player_id,preferred_team,team_name,seq) values (?,?,?,?,?,default)
    Hibernate: insert into ft_participants (draft_order,fantasy_game_seq,player_id,preferred_team,team_name,seq) values (?,?,?,?,?,default)
    Hibernate: insert into ft_participants (draft_order,fantasy_game_seq,player_id,preferred_team,team_name,seq) values (?,?,?,?,?,default)
    Hibernate: insert into ft_participants (draft_order,fantasy_game_seq,player_id,preferred_team,team_name,seq) values (?,?,?,?,?,default)
    Hibernate: insert into ft_participants (draft_order,fantasy_game_seq,player_id,preferred_team,team_name,seq) values (?,?,?,?,?,default)
    Hibernate: insert into ft_participants (draft_order,fantasy_game_seq,player_id,preferred_team,team_name,seq) values (?,?,?,?,?,default)
    Hibernate: insert into ft_participants (draft_order,fantasy_game_seq,player_id,preferred_team,team_name,seq) values (?,?,?,?,?,default)
    Hibernate: insert into ft_participants (draft_order,fantasy_game_seq,player_id,preferred_team,team_name,seq) values (?,?,?,?,?,default)
    Hibernate: insert into ft_participants (draft_order,fantasy_game_seq,player_id,preferred_team,team_name,seq) values (?,?,?,?,?,default)
    Hibernate: insert into ft_participants (draft_order,fantasy_game_seq,player_id,preferred_team,team_name,seq) values (?,?,?,?,?,default)
    Hibernate: insert into ft_participants (draft_order,fantasy_game_seq,player_id,preferred_team,team_name,seq) values (?,?,?,?,?,default)
    Hibernate: insert into ft_participants (draft_order,fantasy_game_seq,player_id,preferred_team,team_name,seq) values (?,?,?,?,?,default)
    Hibernate: insert into ft_participants (draft_order,fantasy_game_seq,player_id,preferred_team,team_name,seq) values (?,?,?,?,?,default)
    Hibernate: insert into ft_participants (draft_order,fantasy_game_seq,player_id,preferred_team,team_name,seq) values (?,?,?,?,?,default)
    Hibernate: insert into ft_participants (draft_order,fantasy_game_seq,player_id,preferred_team,team_name,seq) values (?,?,?,?,?,default)
    Hibernate: insert into ft_participants (draft_order,fantasy_game_seq,player_id,preferred_team,team_name,seq) values (?,?,?,?,?,default)
    Hibernate: insert into ft_participants (draft_order,fantasy_game_seq,player_id,preferred_team,team_name,seq) values (?,?,?,?,?,default)
    Hibernate: insert into ft_participants (draft_order,fantasy_game_seq,player_id,preferred_team,team_name,seq) values (?,?,?,?,?,default)
    Hibernate: insert into ft_participants (draft_order,fantasy_game_seq,player_id,preferred_team,team_name,seq) values (?,?,?,?,?,default)
    Hibernate: insert into ft_participants (draft_order,fantasy_game_seq,player_id,preferred_team,team_name,seq) values (?,?,?,?,?,default)
    Hibernate: insert into ft_participants (draft_order,fantasy_game_seq,player_id,preferred_team,team_name,seq) values (?,?,?,?,?,default)
    Hibernate: insert into ft_participants (draft_order,fantasy_game_seq,player_id,preferred_team,team_name,seq) values (?,?,?,?,?,default)
    Hibernate: insert into ft_participants (draft_order,fantasy_game_seq,player_id,preferred_team,team_name,seq) values (?,?,?,?,?,default)
    Hibernate: insert into ft_participants (draft_order,fantasy_game_seq,player_id,preferred_team,team_name,seq) values (?,?,?,?,?,default)
    Hibernate: insert into ft_participants (draft_order,fantasy_game_seq,player_id,preferred_team,team_name,seq) values (?,?,?,?,?,default)
    Hibernate: insert into ft_participants (draft_order,fantasy_game_seq,player_id,preferred_team,team_name,seq) values (?,?,?,?,?,default)
    Hibernate: insert into ft_participants (draft_order,fantasy_game_seq,player_id,preferred_team,team_name,seq) values (?,?,?,?,?,default)
    Hibernate: insert into ft_participants (draft_order,fantasy_game_seq,player_id,preferred_team,team_name,seq) values (?,?,?,?,?,default)
    Hibernate: insert into ft_participants (draft_order,fantasy_game_seq,player_id,preferred_team,team_name,seq) values (?,?,?,?,?,default)
    Hibernate: insert into ft_participants (draft_order,fantasy_game_seq,player_id,preferred_team,team_name,seq) values (?,?,?,?,?,default)
    Hibernate: insert into ft_participants (draft_order,fantasy_game_seq,player_id,preferred_team,team_name,seq) values (?,?,?,?,?,default)
    Hibernate: insert into ft_participants (draft_order,fantasy_game_seq,player_id,preferred_team,team_name,seq) values (?,?,?,?,?,default)
    Hibernate: insert into ft_participants (draft_order,fantasy_game_seq,player_id,preferred_team,team_name,seq) values (?,?,?,?,?,default)
    Hibernate: insert into ft_participants (draft_order,fantasy_game_seq,player_id,preferred_team,team_name,seq) values (?,?,?,?,?,default)
    Hibernate: insert into ft_participants (draft_order,fantasy_game_seq,player_id,preferred_team,team_name,seq) values (?,?,?,?,?,default)
    Hibernate: insert into ft_participants (draft_order,fantasy_game_seq,player_id,preferred_team,team_name,seq) values (?,?,?,?,?,default)
    Hibernate: insert into ft_participants (draft_order,fantasy_game_seq,player_id,preferred_team,team_name,seq) values (?,?,?,?,?,default)
    Hibernate: insert into ft_participants (draft_order,fantasy_game_seq,player_id,preferred_team,team_name,seq) values (?,?,?,?,?,default)
    Hibernate: insert into ft_participants (draft_order,fantasy_game_seq,player_id,preferred_team,team_name,seq) values (?,?,?,?,?,default)
    Hibernate: insert into ft_participants (draft_order,fantasy_game_seq,player_id,preferred_team,team_name,seq) values (?,?,?,?,?,default)
    Hibernate: insert into ft_participants (draft_order,fantasy_game_seq,player_id,preferred_team,team_name,seq) values (?,?,?,?,?,default)
    Hibernate: insert into ft_participants (draft_order,fantasy_game_seq,player_id,preferred_team,team_name,seq) values (?,?,?,?,?,default)
    Hibernate: insert into ft_participants (draft_order,fantasy_game_seq,player_id,preferred_team,team_name,seq) values (?,?,?,?,?,default)
    Hibernate: insert into ft_participants (draft_order,fantasy_game_seq,player_id,preferred_team,team_name,seq) values (?,?,?,?,?,default)
    Hibernate: insert into ft_participants (draft_order,fantasy_game_seq,player_id,preferred_team,team_name,seq) values (?,?,?,?,?,default)
    Hibernate: insert into ft_participants (draft_order,fantasy_game_seq,player_id,preferred_team,team_name,seq) values (?,?,?,?,?,default)
    Hibernate: insert into ft_participants (draft_order,fantasy_game_seq,player_id,preferred_team,team_name,seq) values (?,?,?,?,?,default)
    Hibernate: insert into ft_participants (draft_order,fantasy_game_seq,player_id,preferred_team,team_name,seq) values (?,?,?,?,?,default)
    Hibernate: insert into ft_participants (draft_order,fantasy_game_seq,player_id,preferred_team,team_name,seq) values (?,?,?,?,?,default)
    Hibernate: insert into ft_participants (draft_order,fantasy_game_seq,player_id,preferred_team,team_name,seq) values (?,?,?,?,?,default)
    Hibernate: insert into ft_participants (draft_order,fantasy_game_seq,player_id,preferred_team,team_name,seq) values (?,?,?,?,?,default)
    Hibernate: insert into ft_participants (draft_order,fantasy_game_seq,player_id,preferred_team,team_name,seq) values (?,?,?,?,?,default)
    Hibernate: insert into ft_participants (draft_order,fantasy_game_seq,player_id,preferred_team,team_name,seq) values (?,?,?,?,?,default)
    Hibernate: insert into ft_participants (draft_order,fantasy_game_seq,player_id,preferred_team,team_name,seq) values (?,?,?,?,?,default)
    Hibernate: insert into ft_participants (draft_order,fantasy_game_seq,player_id,preferred_team,team_name,seq) values (?,?,?,?,?,default)
    Hibernate: insert into ft_participants (draft_order,fantasy_game_seq,player_id,preferred_team,team_name,seq) values (?,?,?,?,?,default)
    Hibernate: insert into ft_participants (draft_order,fantasy_game_seq,player_id,preferred_team,team_name,seq) values (?,?,?,?,?,default)
    Hibernate: insert into ft_participants (draft_order,fantasy_game_seq,player_id,preferred_team,team_name,seq) values (?,?,?,?,?,default)
    Hibernate: insert into ft_participants (draft_order,fantasy_game_seq,player_id,preferred_team,team_name,seq) values (?,?,?,?,?,default)
    Hibernate: insert into ft_participants (draft_order,fantasy_game_seq,player_id,preferred_team,team_name,seq) values (?,?,?,?,?,default)
    Hibernate: insert into ft_participants (draft_order,fantasy_game_seq,player_id,preferred_team,team_name,seq) values (?,?,?,?,?,default)
    Hibernate: insert into ft_participants (draft_order,fantasy_game_seq,player_id,preferred_team,team_name,seq) values (?,?,?,?,?,default)
    Hibernate: insert into ft_participants (draft_order,fantasy_game_seq,player_id,preferred_team,team_name,seq) values (?,?,?,?,?,default)
    Hibernate: insert into ft_participants (draft_order,fantasy_game_seq,player_id,preferred_team,team_name,seq) values (?,?,?,?,?,default)
    Hibernate: insert into ft_participants (draft_order,fantasy_game_seq,player_id,preferred_team,team_name,seq) values (?,?,?,?,?,default)
    Hibernate: insert into ft_participants (draft_order,fantasy_game_seq,player_id,preferred_team,team_name,seq) values (?,?,?,?,?,default)
    Hibernate: insert into ft_participants (draft_order,fantasy_game_seq,player_id,preferred_team,team_name,seq) values (?,?,?,?,?,default)
    Hibernate: insert into ft_participants (draft_order,fantasy_game_seq,player_id,preferred_team,team_name,seq) values (?,?,?,?,?,default)
    Hibernate: insert into ft_participants (draft_order,fantasy_game_seq,player_id,preferred_team,team_name,seq) values (?,?,?,?,?,default)
    Hibernate: insert into ft_participants (draft_order,fantasy_game_seq,player_id,preferred_team,team_name,seq) values (?,?,?,?,?,default)
    Hibernate: insert into ft_participants (draft_order,fantasy_game_seq,player_id,preferred_team,team_name,seq) values (?,?,?,?,?,default)
    Hibernate: insert into ft_participants (draft_order,fantasy_game_seq,player_id,preferred_team,team_name,seq) values (?,?,?,?,?,default)
    Hibernate: insert into ft_participants (draft_order,fantasy_game_seq,player_id,preferred_team,team_name,seq) values (?,?,?,?,?,default)
    Hibernate: insert into ft_participants (draft_order,fantasy_game_seq,player_id,preferred_team,team_name,seq) values (?,?,?,?,?,default)
    Hibernate: insert into ft_participants (draft_order,fantasy_game_seq,player_id,preferred_team,team_name,seq) values (?,?,?,?,?,default)
    Hibernate: insert into ft_participants (draft_order,fantasy_game_seq,player_id,preferred_team,team_name,seq) values (?,?,?,?,?,default)
    Hibernate: insert into ft_participants (draft_order,fantasy_game_seq,player_id,preferred_team,team_name,seq) values (?,?,?,?,?,default)
    Hibernate: insert into ft_participants (draft_order,fantasy_game_seq,player_id,preferred_team,team_name,seq) values (?,?,?,?,?,default)
    Hibernate: insert into ft_participants (draft_order,fantasy_game_seq,player_id,preferred_team,team_name,seq) values (?,?,?,?,?,default)
    Hibernate: insert into ft_participants (draft_order,fantasy_game_seq,player_id,preferred_team,team_name,seq) values (?,?,?,?,?,default)
    Hibernate: insert into ft_participants (draft_order,fantasy_game_seq,player_id,preferred_team,team_name,seq) values (?,?,?,?,?,default)
    Hibernate: insert into ft_participants (draft_order,fantasy_game_seq,player_id,preferred_team,team_name,seq) values (?,?,?,?,?,default)
    Hibernate: insert into ft_participants (draft_order,fantasy_game_seq,player_id,preferred_team,team_name,seq) values (?,?,?,?,?,default)
    Hibernate: insert into ft_participants (draft_order,fantasy_game_seq,player_id,preferred_team,team_name,seq) values (?,?,?,?,?,default)
    Hibernate: insert into ft_participants (draft_order,fantasy_game_seq,player_id,preferred_team,team_name,seq) values (?,?,?,?,?,default)
    Hibernate: insert into ft_participants (draft_order,fantasy_game_seq,player_id,preferred_team,team_name,seq) values (?,?,?,?,?,default)
    Hibernate: insert into ft_participants (draft_order,fantasy_game_seq,player_id,preferred_team,team_name,seq) values (?,?,?,?,?,default)
    Hibernate: insert into ft_participants (draft_order,fantasy_game_seq,player_id,preferred_team,team_name,seq) values (?,?,?,?,?,default)
    Hibernate: insert into ft_participants (draft_order,fantasy_game_seq,player_id,preferred_team,team_name,seq) values (?,?,?,?,?,default)
    Hibernate: insert into ft_participants (draft_order,fantasy_game_seq,player_id,preferred_team,team_name,seq) values (?,?,?,?,?,default)
    Hibernate: insert into ft_participants (draft_order,fantasy_game_seq,player_id,preferred_team,team_name,seq) values (?,?,?,?,?,default)
    Hibernate: insert into ft_participants (draft_order,fantasy_game_seq,player_id,preferred_team,team_name,seq) values (?,?,?,?,?,default)
    Hibernate: insert into ft_participants (draft_order,fantasy_game_seq,player_id,preferred_team,team_name,seq) values (?,?,?,?,?,default)
    Hibernate: insert into ft_participants (draft_order,fantasy_game_seq,player_id,preferred_team,team_name,seq) values (?,?,?,?,?,default)
    Hibernate: insert into ft_participants (draft_order,fantasy_game_seq,player_id,preferred_team,team_name,seq) values (?,?,?,?,?,default)
    Hibernate: insert into ft_participants (draft_order,fantasy_game_seq,player_id,preferred_team,team_name,seq) values (?,?,?,?,?,default)
    Hibernate: insert into ft_participants (draft_order,fantasy_game_seq,player_id,preferred_team,team_name,seq) values (?,?,?,?,?,default)
    Hibernate: insert into ft_participants (draft_order,fantasy_game_seq,player_id,preferred_team,team_name,seq) values (?,?,?,?,?,default)
    Hibernate: insert into ft_participants (draft_order,fantasy_game_seq,player_id,preferred_team,team_name,seq) values (?,?,?,?,?,default)
    Hibernate: insert into ft_participants (draft_order,fantasy_game_seq,player_id,preferred_team,team_name,seq) values (?,?,?,?,?,default)
    Hibernate: insert into ft_participants (draft_order,fantasy_game_seq,player_id,preferred_team,team_name,seq) values (?,?,?,?,?,default)
    Hibernate: insert into ft_participants (draft_order,fantasy_game_seq,player_id,preferred_team,team_name,seq) values (?,?,?,?,?,default)
    Hibernate: insert into ft_participants (draft_order,fantasy_game_seq,player_id,preferred_team,team_name,seq) values (?,?,?,?,?,default)
    Hibernate: insert into ft_participants (draft_order,fantasy_game_seq,player_id,preferred_team,team_name,seq) values (?,?,?,?,?,default)
    Hibernate: insert into ft_participants (draft_order,fantasy_game_seq,player_id,preferred_team,team_name,seq) values (?,?,?,?,?,default)
    Hibernate: insert into ft_participants (draft_order,fantasy_game_seq,player_id,preferred_team,team_name,seq) values (?,?,?,?,?,default)
    Hibernate: insert into ft_participants (draft_order,fantasy_game_seq,player_id,preferred_team,team_name,seq) values (?,?,?,?,?,default)
    Hibernate: insert into ft_participants (draft_order,fantasy_game_seq,player_id,preferred_team,team_name,seq) values (?,?,?,?,?,default)
    Hibernate: insert into ft_participants (draft_order,fantasy_game_seq,player_id,preferred_team,team_name,seq) values (?,?,?,?,?,default)
    Hibernate: insert into ft_participants (draft_order,fantasy_game_seq,player_id,preferred_team,team_name,seq) values (?,?,?,?,?,default)
    Hibernate: insert into ft_participants (draft_order,fantasy_game_seq,player_id,preferred_team,team_name,seq) values (?,?,?,?,?,default)
    Hibernate: insert into ft_participants (draft_order,fantasy_game_seq,player_id,preferred_team,team_name,seq) values (?,?,?,?,?,default)
    Hibernate: insert into ft_participants (draft_order,fantasy_game_seq,player_id,preferred_team,team_name,seq) values (?,?,?,?,?,default)
    Hibernate: insert into ft_participants (draft_order,fantasy_game_seq,player_id,preferred_team,team_name,seq) values (?,?,?,?,?,default)
    Hibernate: insert into ft_participants (draft_order,fantasy_game_seq,player_id,preferred_team,team_name,seq) values (?,?,?,?,?,default)
    Hibernate: insert into ft_participants (draft_order,fantasy_game_seq,player_id,preferred_team,team_name,seq) values (?,?,?,?,?,default)
    Hibernate: insert into ft_participants (draft_order,fantasy_game_seq,player_id,preferred_team,team_name,seq) values (?,?,?,?,?,default)
    Hibernate: insert into ft_participants (draft_order,fantasy_game_seq,player_id,preferred_team,team_name,seq) values (?,?,?,?,?,default)
    Hibernate: insert into ft_participants (draft_order,fantasy_game_seq,player_id,preferred_team,team_name,seq) values (?,?,?,?,?,default)
    Hibernate: insert into ft_participants (draft_order,fantasy_game_seq,player_id,preferred_team,team_name,seq) values (?,?,?,?,?,default)
    Hibernate: insert into ft_participants (draft_order,fantasy_game_seq,player_id,preferred_team,team_name,seq) values (?,?,?,?,?,default)
    Hibernate: insert into ft_participants (draft_order,fantasy_game_seq,player_id,preferred_team,team_name,seq) values (?,?,?,?,?,default)
    Hibernate: insert into ft_participants (draft_order,fantasy_game_seq,player_id,preferred_team,team_name,seq) values (?,?,?,?,?,default)
    Hibernate: insert into ft_participants (draft_order,fantasy_game_seq,player_id,preferred_team,team_name,seq) values (?,?,?,?,?,default)
    Hibernate: insert into ft_participants (draft_order,fantasy_game_seq,player_id,preferred_team,team_name,seq) values (?,?,?,?,?,default)
    Hibernate: insert into ft_participants (draft_order,fantasy_game_seq,player_id,preferred_team,team_name,seq) values (?,?,?,?,?,default)
    Hibernate: insert into ft_participants (draft_order,fantasy_game_seq,player_id,preferred_team,team_name,seq) values (?,?,?,?,?,default)
    Hibernate: insert into ft_participants (draft_order,fantasy_game_seq,player_id,preferred_team,team_name,seq) values (?,?,?,?,?,default)
    Hibernate: insert into ft_participants (draft_order,fantasy_game_seq,player_id,preferred_team,team_name,seq) values (?,?,?,?,?,default)
    Hibernate: insert into ft_participants (draft_order,fantasy_game_seq,player_id,preferred_team,team_name,seq) values (?,?,?,?,?,default)
    Hibernate: insert into ft_participants (draft_order,fantasy_game_seq,player_id,preferred_team,team_name,seq) values (?,?,?,?,?,default)
    Hibernate: insert into ft_participants (draft_order,fantasy_game_seq,player_id,preferred_team,team_name,seq) values (?,?,?,?,?,default)
    Hibernate: insert into ft_participants (draft_order,fantasy_game_seq,player_id,preferred_team,team_name,seq) values (?,?,?,?,?,default)
    Hibernate: insert into ft_participants (draft_order,fantasy_game_seq,player_id,preferred_team,team_name,seq) values (?,?,?,?,?,default)
    Hibernate: insert into ft_participants (draft_order,fantasy_game_seq,player_id,preferred_team,team_name,seq) values (?,?,?,?,?,default)
    Hibernate: insert into ft_participants (draft_order,fantasy_game_seq,player_id,preferred_team,team_name,seq) values (?,?,?,?,?,default)
    Hibernate: insert into ft_participants (draft_order,fantasy_game_seq,player_id,preferred_team,team_name,seq) values (?,?,?,?,?,default)
    Hibernate: insert into ft_participants (draft_order,fantasy_game_seq,player_id,preferred_team,team_name,seq) values (?,?,?,?,?,default)
    Hibernate: insert into ft_participants (draft_order,fantasy_game_seq,player_id,preferred_team,team_name,seq) values (?,?,?,?,?,default)
    Hibernate: insert into ft_participants (draft_order,fantasy_game_seq,player_id,preferred_team,team_name,seq) values (?,?,?,?,?,default)
    Hibernate: insert into ft_participants (draft_order,fantasy_game_seq,player_id,preferred_team,team_name,seq) values (?,?,?,?,?,default)
    Hibernate: insert into ft_participants (draft_order,fantasy_game_seq,player_id,preferred_team,team_name,seq) values (?,?,?,?,?,default)
    Hibernate: insert into ft_participants (draft_order,fantasy_game_seq,player_id,preferred_team,team_name,seq) values (?,?,?,?,?,default)
    Hibernate: insert into ft_participants (draft_order,fantasy_game_seq,player_id,preferred_team,team_name,seq) values (?,?,?,?,?,default)
    Hibernate: insert into ft_participants (draft_order,fantasy_game_seq,player_id,preferred_team,team_name,seq) values (?,?,?,?,?,default)
    Hibernate: insert into ft_participants (draft_order,fantasy_game_seq,player_id,preferred_team,team_name,seq) values (?,?,?,?,?,default)
    Hibernate: insert into ft_participants (draft_order,fantasy_game_seq,player_id,preferred_team,team_name,seq) values (?,?,?,?,?,default)
    Hibernate: insert into ft_participants (draft_order,fantasy_game_seq,player_id,preferred_team,team_name,seq) values (?,?,?,?,?,default)
    Hibernate: insert into ft_participants (draft_order,fantasy_game_seq,player_id,preferred_team,team_name,seq) values (?,?,?,?,?,default)
    Hibernate: insert into ft_participants (draft_order,fantasy_game_seq,player_id,preferred_team,team_name,seq) values (?,?,?,?,?,default)
    Hibernate: insert into ft_participants (draft_order,fantasy_game_seq,player_id,preferred_team,team_name,seq) values (?,?,?,?,?,default)
    Hibernate: insert into ft_participants (draft_order,fantasy_game_seq,player_id,preferred_team,team_name,seq) values (?,?,?,?,?,default)
    Hibernate: insert into ft_participants (draft_order,fantasy_game_seq,player_id,preferred_team,team_name,seq) values (?,?,?,?,?,default)
    Hibernate: insert into ft_participants (draft_order,fantasy_game_seq,player_id,preferred_team,team_name,seq) values (?,?,?,?,?,default)
    Hibernate: insert into ft_participants (draft_order,fantasy_game_seq,player_id,preferred_team,team_name,seq) values (?,?,?,?,?,default)
    Hibernate: insert into ft_participants (draft_order,fantasy_game_seq,player_id,preferred_team,team_name,seq) values (?,?,?,?,?,default)
    Hibernate: insert into ft_participants (draft_order,fantasy_game_seq,player_id,preferred_team,team_name,seq) values (?,?,?,?,?,default)
    Hibernate: insert into ft_participants (draft_order,fantasy_game_seq,player_id,preferred_team,team_name,seq) values (?,?,?,?,?,default)
    Hibernate: insert into ft_participants (draft_order,fantasy_game_seq,player_id,preferred_team,team_name,seq) values (?,?,?,?,?,default)
    Hibernate: insert into ft_participants (draft_order,fantasy_game_seq,player_id,preferred_team,team_name,seq) values (?,?,?,?,?,default)
    Hibernate: insert into ft_participants (draft_order,fantasy_game_seq,player_id,preferred_team,team_name,seq) values (?,?,?,?,?,default)
    Hibernate: insert into ft_participants (draft_order,fantasy_game_seq,player_id,preferred_team,team_name,seq) values (?,?,?,?,?,default)
    Hibernate: insert into ft_participants (draft_order,fantasy_game_seq,player_id,preferred_team,team_name,seq) values (?,?,?,?,?,default)
    Hibernate: insert into ft_participants (draft_order,fantasy_game_seq,player_id,preferred_team,team_name,seq) values (?,?,?,?,?,default)
    Hibernate: insert into ft_participants (draft_order,fantasy_game_seq,player_id,preferred_team,team_name,seq) values (?,?,?,?,?,default)
    Hibernate: insert into ft_participants (draft_order,fantasy_game_seq,player_id,preferred_team,team_name,seq) values (?,?,?,?,?,default)
    Hibernate: insert into ft_participants (draft_order,fantasy_game_seq,player_id,preferred_team,team_name,seq) values (?,?,?,?,?,default)
    Hibernate: insert into ft_participants (draft_order,fantasy_game_seq,player_id,preferred_team,team_name,seq) values (?,?,?,?,?,default)
    Hibernate: insert into ft_participants (draft_order,fantasy_game_seq,player_id,preferred_team,team_name,seq) values (?,?,?,?,?,default)
    Hibernate: insert into ft_participants (draft_order,fantasy_game_seq,player_id,preferred_team,team_name,seq) values (?,?,?,?,?,default)
    Hibernate: insert into ft_participants (draft_order,fantasy_game_seq,player_id,preferred_team,team_name,seq) values (?,?,?,?,?,default)
    Hibernate: insert into ft_participants (draft_order,fantasy_game_seq,player_id,preferred_team,team_name,seq) values (?,?,?,?,?,default)
    Hibernate: insert into ft_participants (draft_order,fantasy_game_seq,player_id,preferred_team,team_name,seq) values (?,?,?,?,?,default)
    Hibernate: insert into ft_participants (draft_order,fantasy_game_seq,player_id,preferred_team,team_name,seq) values (?,?,?,?,?,default)
    Hibernate: insert into ft_participants (draft_order,fantasy_game_seq,player_id,preferred_team,team_name,seq) values (?,?,?,?,?,default)
    Hibernate: insert into ft_participants (draft_order,fantasy_game_seq,player_id,preferred_team,team_name,seq) values (?,?,?,?,?,default)
    Hibernate: insert into ft_participants (draft_order,fantasy_game_seq,player_id,preferred_team,team_name,seq) values (?,?,?,?,?,default)
    Hibernate: insert into ft_participants (draft_order,fantasy_game_seq,player_id,preferred_team,team_name,seq) values (?,?,?,?,?,default)
    Hibernate: insert into ft_participants (draft_order,fantasy_game_seq,player_id,preferred_team,team_name,seq) values (?,?,?,?,?,default)
    Hibernate: insert into ft_participants (draft_order,fantasy_game_seq,player_id,preferred_team,team_name,seq) values (?,?,?,?,?,default)
    Hibernate: insert into ft_participants (draft_order,fantasy_game_seq,player_id,preferred_team,team_name,seq) values (?,?,?,?,?,default)
    Hibernate: insert into ft_participants (draft_order,fantasy_game_seq,player_id,preferred_team,team_name,seq) values (?,?,?,?,?,default)
    Hibernate: insert into ft_participants (draft_order,fantasy_game_seq,player_id,preferred_team,team_name,seq) values (?,?,?,?,?,default)
    Hibernate: insert into ft_participants (draft_order,fantasy_game_seq,player_id,preferred_team,team_name,seq) values (?,?,?,?,?,default)
    Hibernate: insert into ft_participants (draft_order,fantasy_game_seq,player_id,preferred_team,team_name,seq) values (?,?,?,?,?,default)
    Hibernate: insert into ft_participants (draft_order,fantasy_game_seq,player_id,preferred_team,team_name,seq) values (?,?,?,?,?,default)
    Hibernate: insert into ft_participants (draft_order,fantasy_game_seq,player_id,preferred_team,team_name,seq) values (?,?,?,?,?,default)
    Hibernate: insert into ft_participants (draft_order,fantasy_game_seq,player_id,preferred_team,team_name,seq) values (?,?,?,?,?,default)
    Hibernate: insert into ft_participants (draft_order,fantasy_game_seq,player_id,preferred_team,team_name,seq) values (?,?,?,?,?,default)
    Hibernate: insert into ft_participants (draft_order,fantasy_game_seq,player_id,preferred_team,team_name,seq) values (?,?,?,?,?,default)
    Hibernate: insert into ft_participants (draft_order,fantasy_game_seq,player_id,preferred_team,team_name,seq) values (?,?,?,?,?,default)
    Hibernate: insert into ft_participants (draft_order,fantasy_game_seq,player_id,preferred_team,team_name,seq) values (?,?,?,?,?,default)
    Hibernate: insert into ft_participants (draft_order,fantasy_game_seq,player_id,preferred_team,team_name,seq) values (?,?,?,?,?,default)
    Hibernate: insert into ft_participants (draft_order,fantasy_game_seq,player_id,preferred_team,team_name,seq) values (?,?,?,?,?,default)
    Hibernate: insert into ft_participants (draft_order,fantasy_game_seq,player_id,preferred_team,team_name,seq) values (?,?,?,?,?,default)
    Hibernate: insert into ft_participants (draft_order,fantasy_game_seq,player_id,preferred_team,team_name,seq) values (?,?,?,?,?,default)
    Hibernate: insert into ft_participants (draft_order,fantasy_game_seq,player_id,preferred_team,team_name,seq) values (?,?,?,?,?,default)
    Hibernate: insert into ft_participants (draft_order,fantasy_game_seq,player_id,preferred_team,team_name,seq) values (?,?,?,?,?,default)
    Hibernate: insert into ft_participants (draft_order,fantasy_game_seq,player_id,preferred_team,team_name,seq) values (?,?,?,?,?,default)
    Hibernate: insert into ft_participants (draft_order,fantasy_game_seq,player_id,preferred_team,team_name,seq) values (?,?,?,?,?,default)
    Hibernate: insert into ft_participants (draft_order,fantasy_game_seq,player_id,preferred_team,team_name,seq) values (?,?,?,?,?,default)
    Hibernate: insert into ft_participants (draft_order,fantasy_game_seq,player_id,preferred_team,team_name,seq) values (?,?,?,?,?,default)
    Hibernate: insert into ft_participants (draft_order,fantasy_game_seq,player_id,preferred_team,team_name,seq) values (?,?,?,?,?,default)
    Hibernate: insert into ft_participants (draft_order,fantasy_game_seq,player_id,preferred_team,team_name,seq) values (?,?,?,?,?,default)
    Hibernate: insert into ft_participants (draft_order,fantasy_game_seq,player_id,preferred_team,team_name,seq) values (?,?,?,?,?,default)
    Hibernate: insert into ft_participants (draft_order,fantasy_game_seq,player_id,preferred_team,team_name,seq) values (?,?,?,?,?,default)
    Hibernate: insert into ft_participants (draft_order,fantasy_game_seq,player_id,preferred_team,team_name,seq) values (?,?,?,?,?,default)
    Hibernate: insert into ft_participants (draft_order,fantasy_game_seq,player_id,preferred_team,team_name,seq) values (?,?,?,?,?,default)
    Hibernate: insert into ft_participants (draft_order,fantasy_game_seq,player_id,preferred_team,team_name,seq) values (?,?,?,?,?,default)
    Hibernate: insert into ft_participants (draft_order,fantasy_game_seq,player_id,preferred_team,team_name,seq) values (?,?,?,?,?,default)
    Hibernate: insert into ft_participants (draft_order,fantasy_game_seq,player_id,preferred_team,team_name,seq) values (?,?,?,?,?,default)
    Hibernate: insert into ft_participants (draft_order,fantasy_game_seq,player_id,preferred_team,team_name,seq) values (?,?,?,?,?,default)
    Hibernate: insert into ft_participants (draft_order,fantasy_game_seq,player_id,preferred_team,team_name,seq) values (?,?,?,?,?,default)
    Hibernate: insert into ft_participants (draft_order,fantasy_game_seq,player_id,preferred_team,team_name,seq) values (?,?,?,?,?,default)
    Hibernate: insert into ft_participants (draft_order,fantasy_game_seq,player_id,preferred_team,team_name,seq) values (?,?,?,?,?,default)
    Hibernate: insert into ft_participants (draft_order,fantasy_game_seq,player_id,preferred_team,team_name,seq) values (?,?,?,?,?,default)
    Hibernate: insert into ft_participants (draft_order,fantasy_game_seq,player_id,preferred_team,team_name,seq) values (?,?,?,?,?,default)
    Hibernate: insert into ft_participants (draft_order,fantasy_game_seq,player_id,preferred_team,team_name,seq) values (?,?,?,?,?,default)
    Hibernate: insert into ft_participants (draft_order,fantasy_game_seq,player_id,preferred_team,team_name,seq) values (?,?,?,?,?,default)
    Hibernate: insert into ft_participants (draft_order,fantasy_game_seq,player_id,preferred_team,team_name,seq) values (?,?,?,?,?,default)
    Hibernate: insert into ft_participants (draft_order,fantasy_game_seq,player_id,preferred_team,team_name,seq) values (?,?,?,?,?,default)
    Hibernate: insert into ft_participants (draft_order,fantasy_game_seq,player_id,preferred_team,team_name,seq) values (?,?,?,?,?,default)
    Hibernate: insert into ft_participants (draft_order,fantasy_game_seq,player_id,preferred_team,team_name,seq) values (?,?,?,?,?,default)
    Hibernate: insert into ft_participants (draft_order,fantasy_game_seq,player_id,preferred_team,team_name,seq) values (?,?,?,?,?,default)
    Hibernate: insert into ft_participants (draft_order,fantasy_game_seq,player_id,preferred_team,team_name,seq) values (?,?,?,?,?,default)
    Hibernate: insert into ft_participants (draft_order,fantasy_game_seq,player_id,preferred_team,team_name,seq) values (?,?,?,?,?,default)
    Hibernate: insert into ft_participants (draft_order,fantasy_game_seq,player_id,preferred_team,team_name,seq) values (?,?,?,?,?,default)
    Hibernate: insert into ft_participants (draft_order,fantasy_game_seq,player_id,preferred_team,team_name,seq) values (?,?,?,?,?,default)
    Hibernate: insert into ft_participants (draft_order,fantasy_game_seq,player_id,preferred_team,team_name,seq) values (?,?,?,?,?,default)
    Hibernate: insert into ft_participants (draft_order,fantasy_game_seq,player_id,preferred_team,team_name,seq) values (?,?,?,?,?,default)
    Hibernate: insert into ft_participants (draft_order,fantasy_game_seq,player_id,preferred_team,team_name,seq) values (?,?,?,?,?,default)
    Hibernate: insert into ft_participants (draft_order,fantasy_game_seq,player_id,preferred_team,team_name,seq) values (?,?,?,?,?,default)
    Hibernate: insert into ft_participants (draft_order,fantasy_game_seq,player_id,preferred_team,team_name,seq) values (?,?,?,?,?,default)
    Hibernate: insert into ft_participants (draft_order,fantasy_game_seq,player_id,preferred_team,team_name,seq) values (?,?,?,?,?,default)
    Hibernate: insert into ft_participants (draft_order,fantasy_game_seq,player_id,preferred_team,team_name,seq) values (?,?,?,?,?,default)
    Hibernate: insert into ft_participants (draft_order,fantasy_game_seq,player_id,preferred_team,team_name,seq) values (?,?,?,?,?,default)
    Hibernate: insert into ft_participants (draft_order,fantasy_game_seq,player_id,preferred_team,team_name,seq) values (?,?,?,?,?,default)
    Hibernate: insert into ft_participants (draft_order,fantasy_game_seq,player_id,preferred_team,team_name,seq) values (?,?,?,?,?,default)
    Hibernate: insert into ft_participants (draft_order,fantasy_game_seq,player_id,preferred_team,team_name,seq) values (?,?,?,?,?,default)
    Hibernate: insert into ft_participants (draft_order,fantasy_game_seq,player_id,preferred_team,team_name,seq) values (?,?,?,?,?,default)
    Hibernate: insert into ft_participants (draft_order,fantasy_game_seq,player_id,preferred_team,team_name,seq) values (?,?,?,?,?,default)
    Hibernate: insert into ft_participants (draft_order,fantasy_game_seq,player_id,preferred_team,team_name,seq) values (?,?,?,?,?,default)
    Hibernate: insert into ft_participants (draft_order,fantasy_game_seq,player_id,preferred_team,team_name,seq) values (?,?,?,?,?,default)
    Hibernate: insert into ft_participants (draft_order,fantasy_game_seq,player_id,preferred_team,team_name,seq) values (?,?,?,?,?,default)
    Hibernate: insert into ft_participants (draft_order,fantasy_game_seq,player_id,preferred_team,team_name,seq) values (?,?,?,?,?,default)
    Hibernate: insert into ft_participants (draft_order,fantasy_game_seq,player_id,preferred_team,team_name,seq) values (?,?,?,?,?,default)
    Hibernate: insert into ft_participants (draft_order,fantasy_game_seq,player_id,preferred_team,team_name,seq) values (?,?,?,?,?,default)
    Hibernate: insert into ft_participants (draft_order,fantasy_game_seq,player_id,preferred_team,team_name,seq) values (?,?,?,?,?,default)
    Hibernate: insert into ft_participants (draft_order,fantasy_game_seq,player_id,preferred_team,team_name,seq) values (?,?,?,?,?,default)
    Hibernate: insert into ft_participants (draft_order,fantasy_game_seq,player_id,preferred_team,team_name,seq) values (?,?,?,?,?,default)
    Hibernate: insert into ft_participants (draft_order,fantasy_game_seq,player_id,preferred_team,team_name,seq) values (?,?,?,?,?,default)
    Hibernate: insert into ft_participants (draft_order,fantasy_game_seq,player_id,preferred_team,team_name,seq) values (?,?,?,?,?,default)
    Hibernate: insert into ft_participants (draft_order,fantasy_game_seq,player_id,preferred_team,team_name,seq) values (?,?,?,?,?,default)
    Hibernate: insert into ft_participants (draft_order,fantasy_game_seq,player_id,preferred_team,team_name,seq) values (?,?,?,?,?,default)
    Hibernate: insert into ft_participants (draft_order,fantasy_game_seq,player_id,preferred_team,team_name,seq) values (?,?,?,?,?,default)
    Hibernate: insert into ft_participants (draft_order,fantasy_game_seq,player_id,preferred_team,team_name,seq) values (?,?,?,?,?,default)
    Hibernate: insert into ft_participants (draft_order,fantasy_game_seq,player_id,preferred_team,team_name,seq) values (?,?,?,?,?,default)
    Hibernate: insert into ft_participants (draft_order,fantasy_game_seq,player_id,preferred_team,team_name,seq) values (?,?,?,?,?,default)
    Hibernate: insert into ft_participants (draft_order,fantasy_game_seq,player_id,preferred_team,team_name,seq) values (?,?,?,?,?,default)
    Hibernate: insert into ft_participants (draft_order,fantasy_game_seq,player_id,preferred_team,team_name,seq) values (?,?,?,?,?,default)
    Hibernate: insert into ft_participants (draft_order,fantasy_game_seq,player_id,preferred_team,team_name,seq) values (?,?,?,?,?,default)
    Hibernate: insert into ft_participants (draft_order,fantasy_game_seq,player_id,preferred_team,team_name,seq) values (?,?,?,?,?,default)
    Hibernate: insert into ft_participants (draft_order,fantasy_game_seq,player_id,preferred_team,team_name,seq) values (?,?,?,?,?,default)
    Hibernate: insert into ft_participants (draft_order,fantasy_game_seq,player_id,preferred_team,team_name,seq) values (?,?,?,?,?,default)
    Hibernate: insert into ft_participants (draft_order,fantasy_game_seq,player_id,preferred_team,team_name,seq) values (?,?,?,?,?,default)
    Hibernate: insert into ft_participants (draft_order,fantasy_game_seq,player_id,preferred_team,team_name,seq) values (?,?,?,?,?,default)
    Hibernate: insert into ft_participants (draft_order,fantasy_game_seq,player_id,preferred_team,team_name,seq) values (?,?,?,?,?,default)
    Hibernate: insert into ft_participants (draft_order,fantasy_game_seq,player_id,preferred_team,team_name,seq) values (?,?,?,?,?,default)
    Hibernate: insert into ft_participants (draft_order,fantasy_game_seq,player_id,preferred_team,team_name,seq) values (?,?,?,?,?,default)
    Hibernate: insert into ft_participants (draft_order,fantasy_game_seq,player_id,preferred_team,team_name,seq) values (?,?,?,?,?,default)
    Hibernate: insert into ft_participants (draft_order,fantasy_game_seq,player_id,preferred_team,team_name,seq) values (?,?,?,?,?,default)
    Hibernate: insert into ft_participants (draft_order,fantasy_game_seq,player_id,preferred_team,team_name,seq) values (?,?,?,?,?,default)
    Hibernate: insert into ft_participants (draft_order,fantasy_game_seq,player_id,preferred_team,team_name,seq) values (?,?,?,?,?,default)
    Hibernate: insert into ft_participants (draft_order,fantasy_game_seq,player_id,preferred_team,team_name,seq) values (?,?,?,?,?,default)
    Hibernate: insert into ft_participants (draft_order,fantasy_game_seq,player_id,preferred_team,team_name,seq) values (?,?,?,?,?,default)
    Hibernate: insert into ft_participants (draft_order,fantasy_game_seq,player_id,preferred_team,team_name,seq) values (?,?,?,?,?,default)
    Hibernate: insert into ft_participants (draft_order,fantasy_game_seq,player_id,preferred_team,team_name,seq) values (?,?,?,?,?,default)
    Hibernate: insert into ft_participants (draft_order,fantasy_game_seq,player_id,preferred_team,team_name,seq) values (?,?,?,?,?,default)
    Hibernate: insert into ft_participants (draft_order,fantasy_game_seq,player_id,preferred_team,team_name,seq) values (?,?,?,?,?,default)
    Hibernate: insert into ft_participants (draft_order,fantasy_game_seq,player_id,preferred_team,team_name,seq) values (?,?,?,?,?,default)
    Hibernate: insert into ft_participants (draft_order,fantasy_game_seq,player_id,preferred_team,team_name,seq) values (?,?,?,?,?,default)
    Hibernate: insert into ft_participants (draft_order,fantasy_game_seq,player_id,preferred_team,team_name,seq) values (?,?,?,?,?,default)
    Hibernate: insert into ft_participants (draft_order,fantasy_game_seq,player_id,preferred_team,team_name,seq) values (?,?,?,?,?,default)
    Hibernate: insert into ft_participants (draft_order,fantasy_game_seq,player_id,preferred_team,team_name,seq) values (?,?,?,?,?,default)
    Hibernate: insert into ft_participants (draft_order,fantasy_game_seq,player_id,preferred_team,team_name,seq) values (?,?,?,?,?,default)
    Hibernate: insert into ft_participants (draft_order,fantasy_game_seq,player_id,preferred_team,team_name,seq) values (?,?,?,?,?,default)
    Hibernate: insert into ft_participants (draft_order,fantasy_game_seq,player_id,preferred_team,team_name,seq) values (?,?,?,?,?,default)
    Hibernate: insert into ft_participants (draft_order,fantasy_game_seq,player_id,preferred_team,team_name,seq) values (?,?,?,?,?,default)
    Hibernate: insert into ft_participants (draft_order,fantasy_game_seq,player_id,preferred_team,team_name,seq) values (?,?,?,?,?,default)
    Hibernate: insert into ft_participants (draft_order,fantasy_game_seq,player_id,preferred_team,team_name,seq) values (?,?,?,?,?,default)
    Hibernate: insert into ft_participants (draft_order,fantasy_game_seq,player_id,preferred_team,team_name,seq) values (?,?,?,?,?,default)
    Hibernate: insert into ft_participants (draft_order,fantasy_game_seq,player_id,preferred_team,team_name,seq) values (?,?,?,?,?,default)
    Hibernate: insert into ft_participants (draft_order,fantasy_game_seq,player_id,preferred_team,team_name,seq) values (?,?,?,?,?,default)
    Hibernate: insert into ft_participants (draft_order,fantasy_game_seq,player_id,preferred_team,team_name,seq) values (?,?,?,?,?,default)
    Hibernate: insert into ft_participants (draft_order,fantasy_game_seq,player_id,preferred_team,team_name,seq) values (?,?,?,?,?,default)
    Hibernate: insert into ft_participants (draft_order,fantasy_game_seq,player_id,preferred_team,team_name,seq) values (?,?,?,?,?,default)
    Hibernate: insert into ft_participants (draft_order,fantasy_game_seq,player_id,preferred_team,team_name,seq) values (?,?,?,?,?,default)
    Hibernate: insert into ft_participants (draft_order,fantasy_game_seq,player_id,preferred_team,team_name,seq) values (?,?,?,?,?,default)
    Hibernate: insert into ft_participants (draft_order,fantasy_game_seq,player_id,preferred_team,team_name,seq) values (?,?,?,?,?,default)
    Hibernate: insert into ft_participants (draft_order,fantasy_game_seq,player_id,preferred_team,team_name,seq) values (?,?,?,?,?,default)
    Hibernate: insert into ft_participants (draft_order,fantasy_game_seq,player_id,preferred_team,team_name,seq) values (?,?,?,?,?,default)
    Hibernate: insert into ft_participants (draft_order,fantasy_game_seq,player_id,preferred_team,team_name,seq) values (?,?,?,?,?,default)
    Hibernate: insert into ft_participants (draft_order,fantasy_game_seq,player_id,preferred_team,team_name,seq) values (?,?,?,?,?,default)
    Hibernate: insert into ft_participants (draft_order,fantasy_game_seq,player_id,preferred_team,team_name,seq) values (?,?,?,?,?,default)
    Hibernate: insert into ft_participants (draft_order,fantasy_game_seq,player_id,preferred_team,team_name,seq) values (?,?,?,?,?,default)
    Hibernate: insert into ft_participants (draft_order,fantasy_game_seq,player_id,preferred_team,team_name,seq) values (?,?,?,?,?,default)
    Hibernate: insert into ft_participants (draft_order,fantasy_game_seq,player_id,preferred_team,team_name,seq) values (?,?,?,?,?,default)
    Hibernate: insert into ft_participants (draft_order,fantasy_game_seq,player_id,preferred_team,team_name,seq) values (?,?,?,?,?,default)
    Hibernate: insert into ft_participants (draft_order,fantasy_game_seq,player_id,preferred_team,team_name,seq) values (?,?,?,?,?,default)
    Hibernate: insert into ft_participants (draft_order,fantasy_game_seq,player_id,preferred_team,team_name,seq) values (?,?,?,?,?,default)
    Hibernate: insert into ft_participants (draft_order,fantasy_game_seq,player_id,preferred_team,team_name,seq) values (?,?,?,?,?,default)
    Hibernate: insert into ft_participants (draft_order,fantasy_game_seq,player_id,preferred_team,team_name,seq) values (?,?,?,?,?,default)
    Hibernate: insert into ft_participants (draft_order,fantasy_game_seq,player_id,preferred_team,team_name,seq) values (?,?,?,?,?,default)
    Hibernate: insert into ft_participants (draft_order,fantasy_game_seq,player_id,preferred_team,team_name,seq) values (?,?,?,?,?,default)
    Hibernate: insert into ft_participants (draft_order,fantasy_game_seq,player_id,preferred_team,team_name,seq) values (?,?,?,?,?,default)
    Hibernate: insert into ft_participants (draft_order,fantasy_game_seq,player_id,preferred_team,team_name,seq) values (?,?,?,?,?,default)
    Hibernate: insert into ft_participants (draft_order,fantasy_game_seq,player_id,preferred_team,team_name,seq) values (?,?,?,?,?,default)
    Hibernate: insert into ft_participants (draft_order,fantasy_game_seq,player_id,preferred_team,team_name,seq) values (?,?,?,?,?,default)
    Hibernate: insert into ft_participants (draft_order,fantasy_game_seq,player_id,preferred_team,team_name,seq) values (?,?,?,?,?,default)
    Hibernate: insert into ft_participants (draft_order,fantasy_game_seq,player_id,preferred_team,team_name,seq) values (?,?,?,?,?,default)
    Hibernate: insert into ft_participants (draft_order,fantasy_game_seq,player_id,preferred_team,team_name,seq) values (?,?,?,?,?,default)
    Hibernate: insert into ft_participants (draft_order,fantasy_game_seq,player_id,preferred_team,team_name,seq) values (?,?,?,?,?,default)
    Hibernate: insert into ft_participants (draft_order,fantasy_game_seq,player_id,preferred_team,team_name,seq) values (?,?,?,?,?,default)
    Hibernate: insert into ft_participants (draft_order,fantasy_game_seq,player_id,preferred_team,team_name,seq) values (?,?,?,?,?,default)
    Hibernate: insert into ft_participants (draft_order,fantasy_game_seq,player_id,preferred_team,team_name,seq) values (?,?,?,?,?,default)
    Hibernate: insert into ft_participants (draft_order,fantasy_game_seq,player_id,preferred_team,team_name,seq) values (?,?,?,?,?,default)
    Hibernate: insert into ft_participants (draft_order,fantasy_game_seq,player_id,preferred_team,team_name,seq) values (?,?,?,?,?,default)
    Hibernate: insert into ft_participants (draft_order,fantasy_game_seq,player_id,preferred_team,team_name,seq) values (?,?,?,?,?,default)
    Hibernate: insert into ft_participants (draft_order,fantasy_game_seq,player_id,preferred_team,team_name,seq) values (?,?,?,?,?,default)
    Hibernate: insert into ft_participants (draft_order,fantasy_game_seq,player_id,preferred_team,team_name,seq) values (?,?,?,?,?,default)
    Hibernate: insert into ft_participants (draft_order,fantasy_game_seq,player_id,preferred_team,team_name,seq) values (?,?,?,?,?,default)
    Hibernate: insert into ft_participants (draft_order,fantasy_game_seq,player_id,preferred_team,team_name,seq) values (?,?,?,?,?,default)
    Hibernate: insert into ft_participants (draft_order,fantasy_game_seq,player_id,preferred_team,team_name,seq) values (?,?,?,?,?,default)
    Hibernate: insert into ft_participants (draft_order,fantasy_game_seq,player_id,preferred_team,team_name,seq) values (?,?,?,?,?,default)
    Hibernate: insert into ft_participants (draft_order,fantasy_game_seq,player_id,preferred_team,team_name,seq) values (?,?,?,?,?,default)
    Hibernate: insert into ft_participants (draft_order,fantasy_game_seq,player_id,preferred_team,team_name,seq) values (?,?,?,?,?,default)
    Hibernate: insert into ft_participants (draft_order,fantasy_game_seq,player_id,preferred_team,team_name,seq) values (?,?,?,?,?,default)
    Hibernate: insert into ft_participants (draft_order,fantasy_game_seq,player_id,preferred_team,team_name,seq) values (?,?,?,?,?,default)
    Hibernate: insert into ft_participants (draft_order,fantasy_game_seq,player_id,preferred_team,team_name,seq) values (?,?,?,?,?,default)
    Hibernate: insert into ft_participants (draft_order,fantasy_game_seq,player_id,preferred_team,team_name,seq) values (?,?,?,?,?,default)
    Hibernate: insert into ft_participants (draft_order,fantasy_game_seq,player_id,preferred_team,team_name,seq) values (?,?,?,?,?,default)
    Hibernate: insert into ft_participants (draft_order,fantasy_game_seq,player_id,preferred_team,team_name,seq) values (?,?,?,?,?,default)
    Hibernate: insert into ft_participants (draft_order,fantasy_game_seq,player_id,preferred_team,team_name,seq) values (?,?,?,?,?,default)
    Hibernate: insert into ft_participants (draft_order,fantasy_game_seq,player_id,preferred_team,team_name,seq) values (?,?,?,?,?,default)
    Hibernate: insert into ft_participants (draft_order,fantasy_game_seq,player_id,preferred_team,team_name,seq) values (?,?,?,?,?,default)
    Hibernate: insert into ft_participants (draft_order,fantasy_game_seq,player_id,preferred_team,team_name,seq) values (?,?,?,?,?,default)
    Hibernate: insert into ft_participants (draft_order,fantasy_game_seq,player_id,preferred_team,team_name,seq) values (?,?,?,?,?,default)
    Hibernate: insert into ft_participants (draft_order,fantasy_game_seq,player_id,preferred_team,team_name,seq) values (?,?,?,?,?,default)
    Hibernate: insert into ft_participants (draft_order,fantasy_game_seq,player_id,preferred_team,team_name,seq) values (?,?,?,?,?,default)
    Hibernate: insert into ft_participants (draft_order,fantasy_game_seq,player_id,preferred_team,team_name,seq) values (?,?,?,?,?,default)
    Hibernate: insert into ft_participants (draft_order,fantasy_game_seq,player_id,preferred_team,team_name,seq) values (?,?,?,?,?,default)
    Hibernate: insert into ft_participants (draft_order,fantasy_game_seq,player_id,preferred_team,team_name,seq) values (?,?,?,?,?,default)
    Hibernate: insert into ft_participants (draft_order,fantasy_game_seq,player_id,preferred_team,team_name,seq) values (?,?,?,?,?,default)
    Hibernate: insert into ft_participants (draft_order,fantasy_game_seq,player_id,preferred_team,team_name,seq) values (?,?,?,?,?,default)
    Hibernate: insert into ft_participants (draft_order,fantasy_game_seq,player_id,preferred_team,team_name,seq) values (?,?,?,?,?,default)
    Hibernate: insert into ft_participants (draft_order,fantasy_game_seq,player_id,preferred_team,team_name,seq) values (?,?,?,?,?,default)
    Hibernate: insert into ft_participants (draft_order,fantasy_game_seq,player_id,preferred_team,team_name,seq) values (?,?,?,?,?,default)
    Hibernate: insert into ft_participants (draft_order,fantasy_game_seq,player_id,preferred_team,team_name,seq) values (?,?,?,?,?,default)
    Hibernate: insert into ft_participants (draft_order,fantasy_game_seq,player_id,preferred_team,team_name,seq) values (?,?,?,?,?,default)
    Hibernate: insert into ft_participants (draft_order,fantasy_game_seq,player_id,preferred_team,team_name,seq) values (?,?,?,?,?,default)
    Hibernate: insert into ft_participants (draft_order,fantasy_game_seq,player_id,preferred_team,team_name,seq) values (?,?,?,?,?,default)
    Hibernate: insert into ft_participants (draft_order,fantasy_game_seq,player_id,preferred_team,team_name,seq) values (?,?,?,?,?,default)
    Hibernate: insert into ft_participants (draft_order,fantasy_game_seq,player_id,preferred_team,team_name,seq) values (?,?,?,?,?,default)
    Hibernate: insert into ft_participants (draft_order,fantasy_game_seq,player_id,preferred_team,team_name,seq) values (?,?,?,?,?,default)
    Hibernate: insert into ft_participants (draft_order,fantasy_game_seq,player_id,preferred_team,team_name,seq) values (?,?,?,?,?,default)
    Hibernate: insert into ft_participants (draft_order,fantasy_game_seq,player_id,preferred_team,team_name,seq) values (?,?,?,?,?,default)
    Hibernate: insert into ft_participants (draft_order,fantasy_game_seq,player_id,preferred_team,team_name,seq) values (?,?,?,?,?,default)
    Hibernate: insert into ft_participants (draft_order,fantasy_game_seq,player_id,preferred_team,team_name,seq) values (?,?,?,?,?,default)
    Hibernate: insert into ft_participants (draft_order,fantasy_game_seq,player_id,preferred_team,team_name,seq) values (?,?,?,?,?,default)
    Hibernate: insert into ft_participants (draft_order,fantasy_game_seq,player_id,preferred_team,team_name,seq) values (?,?,?,?,?,default)
    Hibernate: insert into ft_participants (draft_order,fantasy_game_seq,player_id,preferred_team,team_name,seq) values (?,?,?,?,?,default)
    Hibernate: insert into ft_participants (draft_order,fantasy_game_seq,player_id,preferred_team,team_name,seq) values (?,?,?,?,?,default)
    Hibernate: insert into ft_participants (draft_order,fantasy_game_seq,player_id,preferred_team,team_name,seq) values (?,?,?,?,?,default)
    Hibernate: insert into ft_participants (draft_order,fantasy_game_seq,player_id,preferred_team,team_name,seq) values (?,?,?,?,?,default)
    Hibernate: insert into ft_participants (draft_order,fantasy_game_seq,player_id,preferred_team,team_name,seq) values (?,?,?,?,?,default)
    Hibernate: insert into ft_participants (draft_order,fantasy_game_seq,player_id,preferred_team,team_name,seq) values (?,?,?,?,?,default)
    Hibernate: insert into ft_participants (draft_order,fantasy_game_seq,player_id,preferred_team,team_name,seq) values (?,?,?,?,?,default)
    Hibernate: insert into ft_participants (draft_order,fantasy_game_seq,player_id,preferred_team,team_name,seq) values (?,?,?,?,?,default)
    Hibernate: insert into ft_participants (draft_order,fantasy_game_seq,player_id,preferred_team,team_name,seq) values (?,?,?,?,?,default)
    Hibernate: insert into ft_participants (draft_order,fantasy_game_seq,player_id,preferred_team,team_name,seq) values (?,?,?,?,?,default)
    Hibernate: insert into ft_participants (draft_order,fantasy_game_seq,player_id,preferred_team,team_name,seq) values (?,?,?,?,?,default)
    Hibernate: insert into ft_participants (draft_order,fantasy_game_seq,player_id,preferred_team,team_name,seq) values (?,?,?,?,?,default)
    Hibernate: insert into ft_participants (draft_order,fantasy_game_seq,player_id,preferred_team,team_name,seq) values (?,?,?,?,?,default)
    Hibernate: insert into ft_participants (draft_order,fantasy_game_seq,player_id,preferred_team,team_name,seq) values (?,?,?,?,?,default)
    Hibernate: insert into ft_participants (draft_order,fantasy_game_seq,player_id,preferred_team,team_name,seq) values (?,?,?,?,?,default)
    Hibernate: insert into ft_participants (draft_order,fantasy_game_seq,player_id,preferred_team,team_name,seq) values (?,?,?,?,?,default)
    Hibernate: insert into ft_participants (draft_order,fantasy_game_seq,player_id,preferred_team,team_name,seq) values (?,?,?,?,?,default)
    Hibernate: insert into ft_participants (draft_order,fantasy_game_seq,player_id,preferred_team,team_name,seq) values (?,?,?,?,?,default)
    Hibernate: insert into ft_participants (draft_order,fantasy_game_seq,player_id,preferred_team,team_name,seq) values (?,?,?,?,?,default)
    Hibernate: insert into ft_participants (draft_order,fantasy_game_seq,player_id,preferred_team,team_name,seq) values (?,?,?,?,?,default)
    Hibernate: insert into ft_participants (draft_order,fantasy_game_seq,player_id,preferred_team,team_name,seq) values (?,?,?,?,?,default)
    Hibernate: insert into ft_participants (draft_order,fantasy_game_seq,player_id,preferred_team,team_name,seq) values (?,?,?,?,?,default)
    Hibernate: insert into ft_participants (draft_order,fantasy_game_seq,player_id,preferred_team,team_name,seq) values (?,?,?,?,?,default)
    Hibernate: insert into ft_participants (draft_order,fantasy_game_seq,player_id,preferred_team,team_name,seq) values (?,?,?,?,?,default)
    Hibernate: insert into ft_participants (draft_order,fantasy_game_seq,player_id,preferred_team,team_name,seq) values (?,?,?,?,?,default)
    Hibernate: insert into ft_participants (draft_order,fantasy_game_seq,player_id,preferred_team,team_name,seq) values (?,?,?,?,?,default)
    Hibernate: insert into ft_participants (draft_order,fantasy_game_seq,player_id,preferred_team,team_name,seq) values (?,?,?,?,?,default)
    Hibernate: insert into ft_participants (draft_order,fantasy_game_seq,player_id,preferred_team,team_name,seq) values (?,?,?,?,?,default)
    Hibernate: insert into ft_participants (draft_order,fantasy_game_seq,player_id,preferred_team,team_name,seq) values (?,?,?,?,?,default)
    Hibernate: insert into ft_participants (draft_order,fantasy_game_seq,player_id,preferred_team,team_name,seq) values (?,?,?,?,?,default)
    Hibernate: insert into ft_participants (draft_order,fantasy_game_seq,player_id,preferred_team,team_name,seq) values (?,?,?,?,?,default)
    Hibernate: insert into ft_participants (draft_order,fantasy_game_seq,player_id,preferred_team,team_name,seq) values (?,?,?,?,?,default)
    Hibernate: insert into ft_participants (draft_order,fantasy_game_seq,player_id,preferred_team,team_name,seq) values (?,?,?,?,?,default)
    Hibernate: insert into ft_participants (draft_order,fantasy_game_seq,player_id,preferred_team,team_name,seq) values (?,?,?,?,?,default)
    Hibernate: insert into ft_participants (draft_order,fantasy_game_seq,player_id,preferred_team,team_name,seq) values (?,?,?,?,?,default)
    Hibernate: insert into ft_participants (draft_order,fantasy_game_seq,player_id,preferred_team,team_name,seq) values (?,?,?,?,?,default)
    Hibernate: insert into ft_participants (draft_order,fantasy_game_seq,player_id,preferred_team,team_name,seq) values (?,?,?,?,?,default)
    Hibernate: insert into ft_participants (draft_order,fantasy_game_seq,player_id,preferred_team,team_name,seq) values (?,?,?,?,?,default)
    Hibernate: insert into ft_participants (draft_order,fantasy_game_seq,player_id,preferred_team,team_name,seq) values (?,?,?,?,?,default)
    Hibernate: insert into ft_participants (draft_order,fantasy_game_seq,player_id,preferred_team,team_name,seq) values (?,?,?,?,?,default)
    Hibernate: insert into ft_participants (draft_order,fantasy_game_seq,player_id,preferred_team,team_name,seq) values (?,?,?,?,?,default)
    Hibernate: insert into ft_participants (draft_order,fantasy_game_seq,player_id,preferred_team,team_name,seq) values (?,?,?,?,?,default)
    Hibernate: insert into ft_participants (draft_order,fantasy_game_seq,player_id,preferred_team,team_name,seq) values (?,?,?,?,?,default)
    Hibernate: insert into ft_participants (draft_order,fantasy_game_seq,player_id,preferred_team,team_name,seq) values (?,?,?,?,?,default)
    Hibernate: insert into ft_participants (draft_order,fantasy_game_seq,player_id,preferred_team,team_name,seq) values (?,?,?,?,?,default)
    Hibernate: insert into ft_participants (draft_order,fantasy_game_seq,player_id,preferred_team,team_name,seq) values (?,?,?,?,?,default)
    Hibernate: insert into ft_participants (draft_order,fantasy_game_seq,player_id,preferred_team,team_name,seq) values (?,?,?,?,?,default)
    Hibernate: insert into ft_participants (draft_order,fantasy_game_seq,player_id,preferred_team,team_name,seq) values (?,?,?,?,?,default)
    Hibernate: insert into ft_participants (draft_order,fantasy_game_seq,player_id,preferred_team,team_name,seq) values (?,?,?,?,?,default)
    Hibernate: insert into ft_participants (draft_order,fantasy_game_seq,player_id,preferred_team,team_name,seq) values (?,?,?,?,?,default)
    Hibernate: insert into ft_participants (draft_order,fantasy_game_seq,player_id,preferred_team,team_name,seq) values (?,?,?,?,?,default)
    Hibernate: insert into ft_participants (draft_order,fantasy_game_seq,player_id,preferred_team,team_name,seq) values (?,?,?,?,?,default)
    Hibernate: insert into ft_participants (draft_order,fantasy_game_seq,player_id,preferred_team,team_name,seq) values (?,?,?,?,?,default)
    Hibernate: insert into ft_participants (draft_order,fantasy_game_seq,player_id,preferred_team,team_name,seq) values (?,?,?,?,?,default)
    Hibernate: insert into ft_participants (draft_order,fantasy_game_seq,player_id,preferred_team,team_name,seq) values (?,?,?,?,?,default)
    Hibernate: insert into ft_participants (draft_order,fantasy_game_seq,player_id,preferred_team,team_name,seq) values (?,?,?,?,?,default)
    Hibernate: insert into ft_participants (draft_order,fantasy_game_seq,player_id,preferred_team,team_name,seq) values (?,?,?,?,?,default)
    Hibernate: insert into ft_participants (draft_order,fantasy_game_seq,player_id,preferred_team,team_name,seq) values (?,?,?,?,?,default)
    Hibernate: insert into ft_participants (draft_order,fantasy_game_seq,player_id,preferred_team,team_name,seq) values (?,?,?,?,?,default)
    Hibernate: insert into ft_participants (draft_order,fantasy_game_seq,player_id,preferred_team,team_name,seq) values (?,?,?,?,?,default)
    Hibernate: insert into ft_participants (draft_order,fantasy_game_seq,player_id,preferred_team,team_name,seq) values (?,?,?,?,?,default)
    Hibernate: insert into ft_participants (draft_order,fantasy_game_seq,player_id,preferred_team,team_name,seq) values (?,?,?,?,?,default)
    Hibernate: insert into ft_participants (draft_order,fantasy_game_seq,player_id,preferred_team,team_name,seq) values (?,?,?,?,?,default)
    Hibernate: insert into ft_participants (draft_order,fantasy_game_seq,player_id,preferred_team,team_name,seq) values (?,?,?,?,?,default)
    Hibernate: insert into ft_participants (draft_order,fantasy_game_seq,player_id,preferred_team,team_name,seq) values (?,?,?,?,?,default)
    Hibernate: insert into ft_participants (draft_order,fantasy_game_seq,player_id,preferred_team,team_name,seq) values (?,?,?,?,?,default)
    Hibernate: insert into ft_participants (draft_order,fantasy_game_seq,player_id,preferred_team,team_name,seq) values (?,?,?,?,?,default)
    Hibernate: insert into ft_participants (draft_order,fantasy_game_seq,player_id,preferred_team,team_name,seq) values (?,?,?,?,?,default)
    Hibernate: insert into ft_participants (draft_order,fantasy_game_seq,player_id,preferred_team,team_name,seq) values (?,?,?,?,?,default)
    Hibernate: insert into ft_participants (draft_order,fantasy_game_seq,player_id,preferred_team,team_name,seq) values (?,?,?,?,?,default)
    Hibernate: insert into ft_participants (draft_order,fantasy_game_seq,player_id,preferred_team,team_name,seq) values (?,?,?,?,?,default)
    Hibernate: insert into ft_participants (draft_order,fantasy_game_seq,player_id,preferred_team,team_name,seq) values (?,?,?,?,?,default)
    Hibernate: insert into ft_participants (draft_order,fantasy_game_seq,player_id,preferred_team,team_name,seq) values (?,?,?,?,?,default)
    Hibernate: insert into ft_participants (draft_order,fantasy_game_seq,player_id,preferred_team,team_name,seq) values (?,?,?,?,?,default)
    Hibernate: insert into ft_participants (draft_order,fantasy_game_seq,player_id,preferred_team,team_name,seq) values (?,?,?,?,?,default)
    Hibernate: insert into ft_participants (draft_order,fantasy_game_seq,player_id,preferred_team,team_name,seq) values (?,?,?,?,?,default)
    Hibernate: insert into ft_participants (draft_order,fantasy_game_seq,player_id,preferred_team,team_name,seq) values (?,?,?,?,?,default)
    Hibernate: insert into ft_participants (draft_order,fantasy_game_seq,player_id,preferred_team,team_name,seq) values (?,?,?,?,?,default)
    Hibernate: insert into ft_participants (draft_order,fantasy_game_seq,player_id,preferred_team,team_name,seq) values (?,?,?,?,?,default)
    Hibernate: insert into ft_participants (draft_order,fantasy_game_seq,player_id,preferred_team,team_name,seq) values (?,?,?,?,?,default)
    Hibernate: insert into ft_participants (draft_order,fantasy_game_seq,player_id,preferred_team,team_name,seq) values (?,?,?,?,?,default)
    Hibernate: insert into ft_participants (draft_order,fantasy_game_seq,player_id,preferred_team,team_name,seq) values (?,?,?,?,?,default)
    Hibernate: insert into ft_participants (draft_order,fantasy_game_seq,player_id,preferred_team,team_name,seq) values (?,?,?,?,?,default)
    Hibernate: insert into ft_participants (draft_order,fantasy_game_seq,player_id,preferred_team,team_name,seq) values (?,?,?,?,?,default)
    Hibernate: insert into ft_participants (draft_order,fantasy_game_seq,player_id,preferred_team,team_name,seq) values (?,?,?,?,?,default)
    Hibernate: insert into ft_participants (draft_order,fantasy_game_seq,player_id,preferred_team,team_name,seq) values (?,?,?,?,?,default)
    Hibernate: insert into ft_participants (draft_order,fantasy_game_seq,player_id,preferred_team,team_name,seq) values (?,?,?,?,?,default)
    Hibernate: insert into ft_participants (draft_order,fantasy_game_seq,player_id,preferred_team,team_name,seq) values (?,?,?,?,?,default)
    Hibernate: insert into ft_participants (draft_order,fantasy_game_seq,player_id,preferred_team,team_name,seq) values (?,?,?,?,?,default)
    Hibernate: insert into ft_participants (draft_order,fantasy_game_seq,player_id,preferred_team,team_name,seq) values (?,?,?,?,?,default)
    Hibernate: insert into ft_participants (draft_order,fantasy_game_seq,player_id,preferred_team,team_name,seq) values (?,?,?,?,?,default)
    Hibernate: insert into ft_participants (draft_order,fantasy_game_seq,player_id,preferred_team,team_name,seq) values (?,?,?,?,?,default)
    Hibernate: insert into ft_participants (draft_order,fantasy_game_seq,player_id,preferred_team,team_name,seq) values (?,?,?,?,?,default)
    Hibernate: insert into ft_participants (draft_order,fantasy_game_seq,player_id,preferred_team,team_name,seq) values (?,?,?,?,?,default)
    Hibernate: insert into ft_participants (draft_order,fantasy_game_seq,player_id,preferred_team,team_name,seq) values (?,?,?,?,?,default)
    Hibernate: insert into ft_participants (draft_order,fantasy_game_seq,player_id,preferred_team,team_name,seq) values (?,?,?,?,?,default)
    Hibernate: insert into ft_participants (draft_order,fantasy_game_seq,player_id,preferred_team,team_name,seq) values (?,?,?,?,?,default)
    Hibernate: insert into ft_participants (draft_order,fantasy_game_seq,player_id,preferred_team,team_name,seq) values (?,?,?,?,?,default)
    Hibernate: insert into ft_participants (draft_order,fantasy_game_seq,player_id,preferred_team,team_name,seq) values (?,?,?,?,?,default)
    Hibernate: insert into ft_participants (draft_order,fantasy_game_seq,player_id,preferred_team,team_name,seq) values (?,?,?,?,?,default)
    Hibernate: insert into ft_participants (draft_order,fantasy_game_seq,player_id,preferred_team,team_name,seq) values (?,?,?,?,?,default)
    Hibernate: insert into ft_participants (draft_order,fantasy_game_seq,player_id,preferred_team,team_name,seq) values (?,?,?,?,?,default)
    Hibernate: insert into ft_participants (draft_order,fantasy_game_seq,player_id,preferred_team,team_name,seq) values (?,?,?,?,?,default)
    Hibernate: insert into ft_participants (draft_order,fantasy_game_seq,player_id,preferred_team,team_name,seq) values (?,?,?,?,?,default)
    Hibernate: insert into ft_participants (draft_order,fantasy_game_seq,player_id,preferred_team,team_name,seq) values (?,?,?,?,?,default)
    Hibernate: insert into ft_participants (draft_order,fantasy_game_seq,player_id,preferred_team,team_name,seq) values (?,?,?,?,?,default)
    Hibernate: insert into ft_participants (draft_order,fantasy_game_seq,player_id,preferred_team,team_name,seq) values (?,?,?,?,?,default)
    Hibernate: insert into ft_participants (draft_order,fantasy_game_seq,player_id,preferred_team,team_name,seq) values (?,?,?,?,?,default)
    Hibernate: insert into ft_participants (draft_order,fantasy_game_seq,player_id,preferred_team,team_name,seq) values (?,?,?,?,?,default)
    Hibernate: insert into ft_participants (draft_order,fantasy_game_seq,player_id,preferred_team,team_name,seq) values (?,?,?,?,?,default)
    Hibernate: insert into ft_participants (draft_order,fantasy_game_seq,player_id,preferred_team,team_name,seq) values (?,?,?,?,?,default)
    Hibernate: insert into ft_participants (draft_order,fantasy_game_seq,player_id,preferred_team,team_name,seq) values (?,?,?,?,?,default)
    Hibernate: insert into ft_participants (draft_order,fantasy_game_seq,player_id,preferred_team,team_name,seq) values (?,?,?,?,?,default)
    Hibernate: insert into ft_participants (draft_order,fantasy_game_seq,player_id,preferred_team,team_name,seq) values (?,?,?,?,?,default)
    Hibernate: insert into ft_participants (draft_order,fantasy_game_seq,player_id,preferred_team,team_name,seq) values (?,?,?,?,?,default)
    Hibernate: insert into ft_participants (draft_order,fantasy_game_seq,player_id,preferred_team,team_name,seq) values (?,?,?,?,?,default)
    Hibernate: insert into ft_participants (draft_order,fantasy_game_seq,player_id,preferred_team,team_name,seq) values (?,?,?,?,?,default)
    Hibernate: insert into ft_participants (draft_order,fantasy_game_seq,player_id,preferred_team,team_name,seq) values (?,?,?,?,?,default)
    Hibernate: insert into ft_participants (draft_order,fantasy_game_seq,player_id,preferred_team,team_name,seq) values (?,?,?,?,?,default)
    Hibernate: insert into ft_participants (draft_order,fantasy_game_seq,player_id,preferred_team,team_name,seq) values (?,?,?,?,?,default)
    Hibernate: insert into ft_participants (draft_order,fantasy_game_seq,player_id,preferred_team,team_name,seq) values (?,?,?,?,?,default)
    Hibernate: insert into ft_participants (draft_order,fantasy_game_seq,player_id,preferred_team,team_name,seq) values (?,?,?,?,?,default)
    Hibernate: insert into ft_participants (draft_order,fantasy_game_seq,player_id,preferred_team,team_name,seq) values (?,?,?,?,?,default)
    Hibernate: insert into ft_participants (draft_order,fantasy_game_seq,player_id,preferred_team,team_name,seq) values (?,?,?,?,?,default)
    Hibernate: insert into ft_participants (draft_order,fantasy_game_seq,player_id,preferred_team,team_name,seq) values (?,?,?,?,?,default)
    Hibernate: insert into ft_participants (draft_order,fantasy_game_seq,player_id,preferred_team,team_name,seq) values (?,?,?,?,?,default)
    Hibernate: insert into ft_participants (draft_order,fantasy_game_seq,player_id,preferred_team,team_name,seq) values (?,?,?,?,?,default)
    Hibernate: insert into ft_participants (draft_order,fantasy_game_seq,player_id,preferred_team,team_name,seq) values (?,?,?,?,?,default)
    Hibernate: insert into ft_participants (draft_order,fantasy_game_seq,player_id,preferred_team,team_name,seq) values (?,?,?,?,?,default)
    Hibernate: insert into ft_participants (draft_order,fantasy_game_seq,player_id,preferred_team,team_name,seq) values (?,?,?,?,?,default)
    Hibernate: insert into ft_participants (draft_order,fantasy_game_seq,player_id,preferred_team,team_name,seq) values (?,?,?,?,?,default)
    Hibernate: insert into ft_participants (draft_order,fantasy_game_seq,player_id,preferred_team,team_name,seq) values (?,?,?,?,?,default)
    Hibernate: insert into ft_participants (draft_order,fantasy_game_seq,player_id,preferred_team,team_name,seq) values (?,?,?,?,?,default)
    Hibernate: insert into ft_participants (draft_order,fantasy_game_seq,player_id,preferred_team,team_name,seq) values (?,?,?,?,?,default)
    Hibernate: insert into ft_participants (draft_order,fantasy_game_seq,player_id,preferred_team,team_name,seq) values (?,?,?,?,?,default)
    Hibernate: insert into ft_participants (draft_order,fantasy_game_seq,player_id,preferred_team,team_name,seq) values (?,?,?,?,?,default)
    Hibernate: insert into ft_participants (draft_order,fantasy_game_seq,player_id,preferred_team,team_name,seq) values (?,?,?,?,?,default)
    Hibernate: insert into ft_participants (draft_order,fantasy_game_seq,player_id,preferred_team,team_name,seq) values (?,?,?,?,?,default)
    Hibernate: insert into ft_participants (draft_order,fantasy_game_seq,player_id,preferred_team,team_name,seq) values (?,?,?,?,?,default)
    Hibernate: insert into ft_participants (draft_order,fantasy_game_seq,player_id,preferred_team,team_name,seq) values (?,?,?,?,?,default)
    Hibernate: insert into ft_participants (draft_order,fantasy_game_seq,player_id,preferred_team,team_name,seq) values (?,?,?,?,?,default)
    Hibernate: insert into ft_participants (draft_order,fantasy_game_seq,player_id,preferred_team,team_name,seq) values (?,?,?,?,?,default)
    Hibernate: insert into ft_participants (draft_order,fantasy_game_seq,player_id,preferred_team,team_name,seq) values (?,?,?,?,?,default)
    Hibernate: insert into ft_participants (draft_order,fantasy_game_seq,player_id,preferred_team,team_name,seq) values (?,?,?,?,?,default)
    Hibernate: insert into ft_participants (draft_order,fantasy_game_seq,player_id,preferred_team,team_name,seq) values (?,?,?,?,?,default)
    Hibernate: insert into ft_participants (draft_order,fantasy_game_seq,player_id,preferred_team,team_name,seq) values (?,?,?,?,?,default)
    Hibernate: insert into ft_participants (draft_order,fantasy_game_seq,player_id,preferred_team,team_name,seq) values (?,?,?,?,?,default)
    Hibernate: insert into ft_participants (draft_order,fantasy_game_seq,player_id,preferred_team,team_name,seq) values (?,?,?,?,?,default)
    Hibernate: insert into ft_participants (draft_order,fantasy_game_seq,player_id,preferred_team,team_name,seq) values (?,?,?,?,?,default)
    Hibernate: insert into ft_participants (draft_order,fantasy_game_seq,player_id,preferred_team,team_name,seq) values (?,?,?,?,?,default)
    Hibernate: insert into ft_participants (draft_order,fantasy_game_seq,player_id,preferred_team,team_name,seq) values (?,?,?,?,?,default)
    Hibernate: insert into ft_participants (draft_order,fantasy_game_seq,player_id,preferred_team,team_name,seq) values (?,?,?,?,?,default)
    Hibernate: insert into ft_participants (draft_order,fantasy_game_seq,player_id,preferred_team,team_name,seq) values (?,?,?,?,?,default)
    Hibernate: insert into ft_participants (draft_order,fantasy_game_seq,player_id,preferred_team,team_name,seq) values (?,?,?,?,?,default)
    Hibernate: insert into ft_participants (draft_order,fantasy_game_seq,player_id,preferred_team,team_name,seq) values (?,?,?,?,?,default)
    Hibernate: insert into ft_participants (draft_order,fantasy_game_seq,player_id,preferred_team,team_name,seq) values (?,?,?,?,?,default)
    Hibernate: insert into ft_participants (draft_order,fantasy_game_seq,player_id,preferred_team,team_name,seq) values (?,?,?,?,?,default)
    Hibernate: insert into ft_participants (draft_order,fantasy_game_seq,player_id,preferred_team,team_name,seq) values (?,?,?,?,?,default)
    Hibernate: insert into ft_participants (draft_order,fantasy_game_seq,player_id,preferred_team,team_name,seq) values (?,?,?,?,?,default)
    Hibernate: insert into ft_participants (draft_order,fantasy_game_seq,player_id,preferred_team,team_name,seq) values (?,?,?,?,?,default)
    Hibernate: insert into ft_participants (draft_order,fantasy_game_seq,player_id,preferred_team,team_name,seq) values (?,?,?,?,?,default)
    Hibernate: insert into ft_participants (draft_order,fantasy_game_seq,player_id,preferred_team,team_name,seq) values (?,?,?,?,?,default)
    Hibernate: insert into ft_participants (draft_order,fantasy_game_seq,player_id,preferred_team,team_name,seq) values (?,?,?,?,?,default)
    Hibernate: insert into ft_participants (draft_order,fantasy_game_seq,player_id,preferred_team,team_name,seq) values (?,?,?,?,?,default)
    Hibernate: insert into ft_participants (draft_order,fantasy_game_seq,player_id,preferred_team,team_name,seq) values (?,?,?,?,?,default)
    Hibernate: insert into ft_participants (draft_order,fantasy_game_seq,player_id,preferred_team,team_name,seq) values (?,?,?,?,?,default)
    Hibernate: insert into ft_participants (draft_order,fantasy_game_seq,player_id,preferred_team,team_name,seq) values (?,?,?,?,?,default)
    Hibernate: insert into ft_participants (draft_order,fantasy_game_seq,player_id,preferred_team,team_name,seq) values (?,?,?,?,?,default)
    Hibernate: insert into ft_participants (draft_order,fantasy_game_seq,player_id,preferred_team,team_name,seq) values (?,?,?,?,?,default)
    Hibernate: insert into ft_participants (draft_order,fantasy_game_seq,player_id,preferred_team,team_name,seq) values (?,?,?,?,?,default)
    Hibernate: insert into ft_participants (draft_order,fantasy_game_seq,player_id,preferred_team,team_name,seq) values (?,?,?,?,?,default)
    Hibernate: insert into ft_participants (draft_order,fantasy_game_seq,player_id,preferred_team,team_name,seq) values (?,?,?,?,?,default)
    Hibernate: insert into ft_participants (draft_order,fantasy_game_seq,player_id,preferred_team,team_name,seq) values (?,?,?,?,?,default)
    Hibernate: insert into ft_participants (draft_order,fantasy_game_seq,player_id,preferred_team,team_name,seq) values (?,?,?,?,?,default)
    Hibernate: insert into ft_participants (draft_order,fantasy_game_seq,player_id,preferred_team,team_name,seq) values (?,?,?,?,?,default)
    Hibernate: insert into ft_participants (draft_order,fantasy_game_seq,player_id,preferred_team,team_name,seq) values (?,?,?,?,?,default)
    Hibernate: insert into ft_participants (draft_order,fantasy_game_seq,player_id,preferred_team,team_name,seq) values (?,?,?,?,?,default)
    Hibernate: insert into ft_participants (draft_order,fantasy_game_seq,player_id,preferred_team,team_name,seq) values (?,?,?,?,?,default)
    Hibernate: insert into ft_participants (draft_order,fantasy_game_seq,player_id,preferred_team,team_name,seq) values (?,?,?,?,?,default)
    Hibernate: insert into ft_participants (draft_order,fantasy_game_seq,player_id,preferred_team,team_name,seq) values (?,?,?,?,?,default)
    Hibernate: insert into ft_participants (draft_order,fantasy_game_seq,player_id,preferred_team,team_name,seq) values (?,?,?,?,?,default)
    Hibernate: insert into ft_participants (draft_order,fantasy_game_seq,player_id,preferred_team,team_name,seq) values (?,?,?,?,?,default)
    Hibernate: insert into ft_participants (draft_order,fantasy_game_seq,player_id,preferred_team,team_name,seq) values (?,?,?,?,?,default)
    Hibernate: insert into ft_participants (draft_order,fantasy_game_seq,player_id,preferred_team,team_name,seq) values (?,?,?,?,?,default)
    Hibernate: insert into ft_participants (draft_order,fantasy_game_seq,player_id,preferred_team,team_name,seq) values (?,?,?,?,?,default)
    Hibernate: insert into ft_participants (draft_order,fantasy_game_seq,player_id,preferred_team,team_name,seq) values (?,?,?,?,?,default)
    Hibernate: insert into ft_participants (draft_order,fantasy_game_seq,player_id,preferred_team,team_name,seq) values (?,?,?,?,?,default)
    Hibernate: insert into ft_participants (draft_order,fantasy_game_seq,player_id,preferred_team,team_name,seq) values (?,?,?,?,?,default)
    Hibernate: insert into ft_participants (draft_order,fantasy_game_seq,player_id,preferred_team,team_name,seq) values (?,?,?,?,?,default)
    Hibernate: insert into ft_participants (draft_order,fantasy_game_seq,player_id,preferred_team,team_name,seq) values (?,?,?,?,?,default)
    Hibernate: insert into ft_participants (draft_order,fantasy_game_seq,player_id,preferred_team,team_name,seq) values (?,?,?,?,?,default)
    Hibernate: insert into ft_participants (draft_order,fantasy_game_seq,player_id,preferred_team,team_name,seq) values (?,?,?,?,?,default)
    Hibernate: insert into ft_participants (draft_order,fantasy_game_seq,player_id,preferred_team,team_name,seq) values (?,?,?,?,?,default)
    Hibernate: insert into ft_participants (draft_order,fantasy_game_seq,player_id,preferred_team,team_name,seq) values (?,?,?,?,?,default)
    Hibernate: insert into ft_participants (draft_order,fantasy_game_seq,player_id,preferred_team,team_name,seq) values (?,?,?,?,?,default)
    Hibernate: insert into ft_participants (draft_order,fantasy_game_seq,player_id,preferred_team,team_name,seq) values (?,?,?,?,?,default)
    Hibernate: insert into ft_participants (draft_order,fantasy_game_seq,player_id,preferred_team,team_name,seq) values (?,?,?,?,?,default)
    Hibernate: insert into ft_participants (draft_order,fantasy_game_seq,player_id,preferred_team,team_name,seq) values (?,?,?,?,?,default)
    Hibernate: insert into ft_participants (draft_order,fantasy_game_seq,player_id,preferred_team,team_name,seq) values (?,?,?,?,?,default)
    Hibernate: insert into ft_participants (draft_order,fantasy_game_seq,player_id,preferred_team,team_name,seq) values (?,?,?,?,?,default)
    Hibernate: insert into ft_participants (draft_order,fantasy_game_seq,player_id,preferred_team,team_name,seq) values (?,?,?,?,?,default)
    Hibernate: insert into ft_participants (draft_order,fantasy_game_seq,player_id,preferred_team,team_name,seq) values (?,?,?,?,?,default)
    Hibernate: insert into ft_participants (draft_order,fantasy_game_seq,player_id,preferred_team,team_name,seq) values (?,?,?,?,?,default)
    Hibernate: insert into ft_participants (draft_order,fantasy_game_seq,player_id,preferred_team,team_name,seq) values (?,?,?,?,?,default)
    Hibernate: insert into ft_participants (draft_order,fantasy_game_seq,player_id,preferred_team,team_name,seq) values (?,?,?,?,?,default)
    Hibernate: insert into ft_participants (draft_order,fantasy_game_seq,player_id,preferred_team,team_name,seq) values (?,?,?,?,?,default)
    Hibernate: insert into ft_participants (draft_order,fantasy_game_seq,player_id,preferred_team,team_name,seq) values (?,?,?,?,?,default)
    Hibernate: insert into ft_participants (draft_order,fantasy_game_seq,player_id,preferred_team,team_name,seq) values (?,?,?,?,?,default)
    Hibernate: insert into ft_participants (draft_order,fantasy_game_seq,player_id,preferred_team,team_name,seq) values (?,?,?,?,?,default)
    Hibernate: insert into ft_participants (draft_order,fantasy_game_seq,player_id,preferred_team,team_name,seq) values (?,?,?,?,?,default)
    Hibernate: insert into ft_participants (draft_order,fantasy_game_seq,player_id,preferred_team,team_name,seq) values (?,?,?,?,?,default)
    Hibernate: insert into ft_participants (draft_order,fantasy_game_seq,player_id,preferred_team,team_name,seq) values (?,?,?,?,?,default)
    Hibernate: insert into ft_participants (draft_order,fantasy_game_seq,player_id,preferred_team,team_name,seq) values (?,?,?,?,?,default)
    Hibernate: insert into ft_participants (draft_order,fantasy_game_seq,player_id,preferred_team,team_name,seq) values (?,?,?,?,?,default)
    Hibernate: insert into ft_participants (draft_order,fantasy_game_seq,player_id,preferred_team,team_name,seq) values (?,?,?,?,?,default)
    Hibernate: insert into ft_participants (draft_order,fantasy_game_seq,player_id,preferred_team,team_name,seq) values (?,?,?,?,?,default)
    Hibernate: insert into ft_participants (draft_order,fantasy_game_seq,player_id,preferred_team,team_name,seq) values (?,?,?,?,?,default)
    Hibernate: insert into ft_participants (draft_order,fantasy_game_seq,player_id,preferred_team,team_name,seq) values (?,?,?,?,?,default)
    Hibernate: insert into ft_participants (draft_order,fantasy_game_seq,player_id,preferred_team,team_name,seq) values (?,?,?,?,?,default)
    Hibernate: insert into ft_participants (draft_order,fantasy_game_seq,player_id,preferred_team,team_name,seq) values (?,?,?,?,?,default)
    Hibernate: insert into ft_participants (draft_order,fantasy_game_seq,player_id,preferred_team,team_name,seq) values (?,?,?,?,?,default)
    Hibernate: insert into ft_participants (draft_order,fantasy_game_seq,player_id,preferred_team,team_name,seq) values (?,?,?,?,?,default)
    Hibernate: insert into ft_participants (draft_order,fantasy_game_seq,player_id,preferred_team,team_name,seq) values (?,?,?,?,?,default)
    Hibernate: insert into ft_participants (draft_order,fantasy_game_seq,player_id,preferred_team,team_name,seq) values (?,?,?,?,?,default)
    Hibernate: insert into ft_participants (draft_order,fantasy_game_seq,player_id,preferred_team,team_name,seq) values (?,?,?,?,?,default)
    Hibernate: insert into ft_participants (draft_order,fantasy_game_seq,player_id,preferred_team,team_name,seq) values (?,?,?,?,?,default)
    Hibernate: insert into ft_participants (draft_order,fantasy_game_seq,player_id,preferred_team,team_name,seq) values (?,?,?,?,?,default)
    Hibernate: insert into ft_participants (draft_order,fantasy_game_seq,player_id,preferred_team,team_name,seq) values (?,?,?,?,?,default)
    Hibernate: insert into ft_participants (draft_order,fantasy_game_seq,player_id,preferred_team,team_name,seq) values (?,?,?,?,?,default)
    Hibernate: insert into ft_participants (draft_order,fantasy_game_seq,player_id,preferred_team,team_name,seq) values (?,?,?,?,?,default)
    Hibernate: insert into ft_participants (draft_order,fantasy_game_seq,player_id,preferred_team,team_name,seq) values (?,?,?,?,?,default)
    Hibernate: insert into ft_participants (draft_order,fantasy_game_seq,player_id,preferred_team,team_name,seq) values (?,?,?,?,?,default)
    Hibernate: insert into ft_participants (draft_order,fantasy_game_seq,player_id,preferred_team,team_name,seq) values (?,?,?,?,?,default)
    Hibernate: insert into ft_participants (draft_order,fantasy_game_seq,player_id,preferred_team,team_name,seq) values (?,?,?,?,?,default)
    Hibernate: insert into ft_participants (draft_order,fantasy_game_seq,player_id,preferred_team,team_name,seq) values (?,?,?,?,?,default)
    Hibernate: insert into ft_participants (draft_order,fantasy_game_seq,player_id,preferred_team,team_name,seq) values (?,?,?,?,?,default)
    Hibernate: insert into ft_participants (draft_order,fantasy_game_seq,player_id,preferred_team,team_name,seq) values (?,?,?,?,?,default)
    Hibernate: insert into ft_participants (draft_order,fantasy_game_seq,player_id,preferred_team,team_name,seq) values (?,?,?,?,?,default)
    Hibernate: insert into ft_participants (draft_order,fantasy_game_seq,player_id,preferred_team,team_name,seq) values (?,?,?,?,?,default)
    Hibernate: insert into ft_participants (draft_order,fantasy_game_seq,player_id,preferred_team,team_name,seq) values (?,?,?,?,?,default)
    Hibernate: insert into ft_participants (draft_order,fantasy_game_seq,player_id,preferred_team,team_name,seq) values (?,?,?,?,?,default)
    Hibernate: insert into ft_participants (draft_order,fantasy_game_seq,player_id,preferred_team,team_name,seq) values (?,?,?,?,?,default)
    Hibernate: insert into ft_participants (draft_order,fantasy_game_seq,player_id,preferred_team,team_name,seq) values (?,?,?,?,?,default)
    Hibernate: insert into ft_participants (draft_order,fantasy_game_seq,player_id,preferred_team,team_name,seq) values (?,?,?,?,?,default)
    Hibernate: insert into ft_participants (draft_order,fantasy_game_seq,player_id,preferred_team,team_name,seq) values (?,?,?,?,?,default)
    Hibernate: insert into ft_participants (draft_order,fantasy_game_seq,player_id,preferred_team,team_name,seq) values (?,?,?,?,?,default)
    Hibernate: insert into ft_participants (draft_order,fantasy_game_seq,player_id,preferred_team,team_name,seq) values (?,?,?,?,?,default)
    Hibernate: insert into ft_participants (draft_order,fantasy_game_seq,player_id,preferred_team,team_name,seq) values (?,?,?,?,?,default)
    Hibernate: insert into ft_participants (draft_order,fantasy_game_seq,player_id,preferred_team,team_name,seq) values (?,?,?,?,?,default)
    Hibernate: insert into ft_participants (draft_order,fantasy_game_seq,player_id,preferred_team,team_name,seq) values (?,?,?,?,?,default)
    Hibernate: insert into ft_participants (draft_order,fantasy_game_seq,player_id,preferred_team,team_name,seq) values (?,?,?,?,?,default)
    Hibernate: insert into ft_participants (draft_order,fantasy_game_seq,player_id,preferred_team,team_name,seq) values (?,?,?,?,?,default)
    Hibernate: insert into ft_participants (draft_order,fantasy_game_seq,player_id,preferred_team,team_name,seq) values (?,?,?,?,?,default)
    Hibernate: insert into ft_participants (draft_order,fantasy_game_seq,player_id,preferred_team,team_name,seq) values (?,?,?,?,?,default)
    Hibernate: insert into ft_participants (draft_order,fantasy_game_seq,player_id,preferred_team,team_name,seq) values (?,?,?,?,?,default)
    Hibernate: insert into ft_participants (draft_order,fantasy_game_seq,player_id,preferred_team,team_name,seq) values (?,?,?,?,?,default)
    Hibernate: insert into ft_participants (draft_order,fantasy_game_seq,player_id,preferred_team,team_name,seq) values (?,?,?,?,?,default)
    Hibernate: insert into ft_participants (draft_order,fantasy_game_seq,player_id,preferred_team,team_name,seq) values (?,?,?,?,?,default)
    Hibernate: insert into ft_participants (draft_order,fantasy_game_seq,player_id,preferred_team,team_name,seq) values (?,?,?,?,?,default)
    Hibernate: insert into ft_participants (draft_order,fantasy_game_seq,player_id,preferred_team,team_name,seq) values (?,?,?,?,?,default)
    Hibernate: insert into ft_participants (draft_order,fantasy_game_seq,player_id,preferred_team,team_name,seq) values (?,?,?,?,?,default)
    Hibernate: insert into ft_participants (draft_order,fantasy_game_seq,player_id,preferred_team,team_name,seq) values (?,?,?,?,?,default)
    Hibernate: insert into ft_participants (draft_order,fantasy_game_seq,player_id,preferred_team,team_name,seq) values (?,?,?,?,?,default)
    Hibernate: insert into ft_participants (draft_order,fantasy_game_seq,player_id,preferred_team,team_name,seq) values (?,?,?,?,?,default)
    Hibernate: insert into ft_participants (draft_order,fantasy_game_seq,player_id,preferred_team,team_name,seq) values (?,?,?,?,?,default)
    Hibernate: insert into ft_participants (draft_order,fantasy_game_seq,player_id,preferred_team,team_name,seq) values (?,?,?,?,?,default)
    Hibernate: insert into ft_participants (draft_order,fantasy_game_seq,player_id,preferred_team,team_name,seq) values (?,?,?,?,?,default)
    Hibernate: insert into ft_participants (draft_order,fantasy_game_seq,player_id,preferred_team,team_name,seq) values (?,?,?,?,?,default)
    Hibernate: insert into ft_participants (draft_order,fantasy_game_seq,player_id,preferred_team,team_name,seq) values (?,?,?,?,?,default)
    Hibernate: insert into ft_participants (draft_order,fantasy_game_seq,player_id,preferred_team,team_name,seq) values (?,?,?,?,?,default)
    Hibernate: insert into ft_participants (draft_order,fantasy_game_seq,player_id,preferred_team,team_name,seq) values (?,?,?,?,?,default)
    Hibernate: insert into ft_participants (draft_order,fantasy_game_seq,player_id,preferred_team,team_name,seq) values (?,?,?,?,?,default)
    Hibernate: insert into ft_participants (draft_order,fantasy_game_seq,player_id,preferred_team,team_name,seq) values (?,?,?,?,?,default)
    Hibernate: insert into ft_participants (draft_order,fantasy_game_seq,player_id,preferred_team,team_name,seq) values (?,?,?,?,?,default)
    Hibernate: insert into ft_participants (draft_order,fantasy_game_seq,player_id,preferred_team,team_name,seq) values (?,?,?,?,?,default)
    Hibernate: insert into ft_participants (draft_order,fantasy_game_seq,player_id,preferred_team,team_name,seq) values (?,?,?,?,?,default)
    Hibernate: insert into ft_participants (draft_order,fantasy_game_seq,player_id,preferred_team,team_name,seq) values (?,?,?,?,?,default)
    Hibernate: insert into ft_participants (draft_order,fantasy_game_seq,player_id,preferred_team,team_name,seq) values (?,?,?,?,?,default)
    Hibernate: insert into ft_participants (draft_order,fantasy_game_seq,player_id,preferred_team,team_name,seq) values (?,?,?,?,?,default)
    Hibernate: insert into ft_participants (draft_order,fantasy_game_seq,player_id,preferred_team,team_name,seq) values (?,?,?,?,?,default)
    Hibernate: insert into ft_participants (draft_order,fantasy_game_seq,player_id,preferred_team,team_name,seq) values (?,?,?,?,?,default)
    Hibernate: insert into ft_participants (draft_order,fantasy_game_seq,player_id,preferred_team,team_name,seq) values (?,?,?,?,?,default)
    Hibernate: insert into ft_participants (draft_order,fantasy_game_seq,player_id,preferred_team,team_name,seq) values (?,?,?,?,?,default)
    Hibernate: insert into ft_participants (draft_order,fantasy_game_seq,player_id,preferred_team,team_name,seq) values (?,?,?,?,?,default)
    Hibernate: insert into ft_participants (draft_order,fantasy_game_seq,player_id,preferred_team,team_name,seq) values (?,?,?,?,?,default)
    Hibernate: insert into ft_participants (draft_order,fantasy_game_seq,player_id,preferred_team,team_name,seq) values (?,?,?,?,?,default)
    Hibernate: insert into ft_participants (draft_order,fantasy_game_seq,player_id,preferred_team,team_name,seq) values (?,?,?,?,?,default)
    Hibernate: insert into ft_participants (draft_order,fantasy_game_seq,player_id,preferred_team,team_name,seq) values (?,?,?,?,?,default)
    Hibernate: insert into ft_participants (draft_order,fantasy_game_seq,player_id,preferred_team,team_name,seq) values (?,?,?,?,?,default)
    Hibernate: insert into ft_participants (draft_order,fantasy_game_seq,player_id,preferred_team,team_name,seq) values (?,?,?,?,?,default)
    Hibernate: insert into ft_participants (draft_order,fantasy_game_seq,player_id,preferred_team,team_name,seq) values (?,?,?,?,?,default)
    Hibernate: insert into ft_participants (draft_order,fantasy_game_seq,player_id,preferred_team,team_name,seq) values (?,?,?,?,?,default)
    Hibernate: insert into ft_participants (draft_order,fantasy_game_seq,player_id,preferred_team,team_name,seq) values (?,?,?,?,?,default)
    Hibernate: insert into ft_participants (draft_order,fantasy_game_seq,player_id,preferred_team,team_name,seq) values (?,?,?,?,?,default)
    Hibernate: insert into ft_participants (draft_order,fantasy_game_seq,player_id,preferred_team,team_name,seq) values (?,?,?,?,?,default)
    Hibernate: insert into ft_participants (draft_order,fantasy_game_seq,player_id,preferred_team,team_name,seq) values (?,?,?,?,?,default)
    Hibernate: insert into ft_participants (draft_order,fantasy_game_seq,player_id,preferred_team,team_name,seq) values (?,?,?,?,?,default)
    Hibernate: insert into ft_participants (draft_order,fantasy_game_seq,player_id,preferred_team,team_name,seq) values (?,?,?,?,?,default)
    Hibernate: insert into ft_participants (draft_order,fantasy_game_seq,player_id,preferred_team,team_name,seq) values (?,?,?,?,?,default)
    Hibernate: insert into ft_participants (draft_order,fantasy_game_seq,player_id,preferred_team,team_name,seq) values (?,?,?,?,?,default)
    Hibernate: insert into ft_participants (draft_order,fantasy_game_seq,player_id,preferred_team,team_name,seq) values (?,?,?,?,?,default)
    Hibernate: insert into ft_participants (draft_order,fantasy_game_seq,player_id,preferred_team,team_name,seq) values (?,?,?,?,?,default)
    Hibernate: insert into ft_participants (draft_order,fantasy_game_seq,player_id,preferred_team,team_name,seq) values (?,?,?,?,?,default)
    Hibernate: insert into ft_participants (draft_order,fantasy_game_seq,player_id,preferred_team,team_name,seq) values (?,?,?,?,?,default)
    Hibernate: insert into ft_participants (draft_order,fantasy_game_seq,player_id,preferred_team,team_name,seq) values (?,?,?,?,?,default)
    Hibernate: insert into ft_participants (draft_order,fantasy_game_seq,player_id,preferred_team,team_name,seq) values (?,?,?,?,?,default)
    Hibernate: insert into ft_participants (draft_order,fantasy_game_seq,player_id,preferred_team,team_name,seq) values (?,?,?,?,?,default)
    Hibernate: insert into ft_participants (draft_order,fantasy_game_seq,player_id,preferred_team,team_name,seq) values (?,?,?,?,?,default)
    Hibernate: insert into ft_participants (draft_order,fantasy_game_seq,player_id,preferred_team,team_name,seq) values (?,?,?,?,?,default)
    Hibernate: insert into ft_participants (draft_order,fantasy_game_seq,player_id,preferred_team,team_name,seq) values (?,?,?,?,?,default)
    Hibernate: insert into ft_participants (draft_order,fantasy_game_seq,player_id,preferred_team,team_name,seq) values (?,?,?,?,?,default)
    Hibernate: insert into ft_participants (draft_order,fantasy_game_seq,player_id,preferred_team,team_name,seq) values (?,?,?,?,?,default)
    Hibernate: insert into ft_participants (draft_order,fantasy_game_seq,player_id,preferred_team,team_name,seq) values (?,?,?,?,?,default)
    Hibernate: insert into ft_participants (draft_order,fantasy_game_seq,player_id,preferred_team,team_name,seq) values (?,?,?,?,?,default)
    Hibernate: insert into ft_participants (draft_order,fantasy_game_seq,player_id,preferred_team,team_name,seq) values (?,?,?,?,?,default)
    Hibernate: insert into ft_participants (draft_order,fantasy_game_seq,player_id,preferred_team,team_name,seq) values (?,?,?,?,?,default)
    Hibernate: insert into ft_participants (draft_order,fantasy_game_seq,player_id,preferred_team,team_name,seq) values (?,?,?,?,?,default)
    Hibernate: insert into ft_participants (draft_order,fantasy_game_seq,player_id,preferred_team,team_name,seq) values (?,?,?,?,?,default)
    Hibernate: insert into ft_participants (draft_order,fantasy_game_seq,player_id,preferred_team,team_name,seq) values (?,?,?,?,?,default)
    Hibernate: insert into ft_participants (draft_order,fantasy_game_seq,player_id,preferred_team,team_name,seq) values (?,?,?,?,?,default)
    Hibernate: insert into ft_participants (draft_order,fantasy_game_seq,player_id,preferred_team,team_name,seq) values (?,?,?,?,?,default)
    Hibernate: insert into ft_participants (draft_order,fantasy_game_seq,player_id,preferred_team,team_name,seq) values (?,?,?,?,?,default)
    Hibernate: insert into ft_participants (draft_order,fantasy_game_seq,player_id,preferred_team,team_name,seq) values (?,?,?,?,?,default)
    Hibernate: insert into ft_participants (draft_order,fantasy_game_seq,player_id,preferred_team,team_name,seq) values (?,?,?,?,?,default)
    Hibernate: insert into ft_participants (draft_order,fantasy_game_seq,player_id,preferred_team,team_name,seq) values (?,?,?,?,?,default)
    Hibernate: insert into ft_participants (draft_order,fantasy_game_seq,player_id,preferred_team,team_name,seq) values (?,?,?,?,?,default)
    Hibernate: insert into ft_participants (draft_order,fantasy_game_seq,player_id,preferred_team,team_name,seq) values (?,?,?,?,?,default)
    Hibernate: insert into ft_participants (draft_order,fantasy_game_seq,player_id,preferred_team,team_name,seq) values (?,?,?,?,?,default)
    Hibernate: insert into ft_participants (draft_order,fantasy_game_seq,player_id,preferred_team,team_name,seq) values (?,?,?,?,?,default)
    Hibernate: insert into ft_participants (draft_order,fantasy_game_seq,player_id,preferred_team,team_name,seq) values (?,?,?,?,?,default)
    Hibernate: insert into ft_participants (draft_order,fantasy_game_seq,player_id,preferred_team,team_name,seq) values (?,?,?,?,?,default)
    Hibernate: insert into ft_participants (draft_order,fantasy_game_seq,player_id,preferred_team,team_name,seq) values (?,?,?,?,?,default)
    Hibernate: insert into ft_participants (draft_order,fantasy_game_seq,player_id,preferred_team,team_name,seq) values (?,?,?,?,?,default)
    Hibernate: insert into ft_participants (draft_order,fantasy_game_seq,player_id,preferred_team,team_name,seq) values (?,?,?,?,?,default)
    Hibernate: insert into ft_participants (draft_order,fantasy_game_seq,player_id,preferred_team,team_name,seq) values (?,?,?,?,?,default)
    Hibernate: insert into ft_participants (draft_order,fantasy_game_seq,player_id,preferred_team,team_name,seq) values (?,?,?,?,?,default)
    Hibernate: insert into ft_participants (draft_order,fantasy_game_seq,player_id,preferred_team,team_name,seq) values (?,?,?,?,?,default)
    Hibernate: insert into ft_participants (draft_order,fantasy_game_seq,player_id,preferred_team,team_name,seq) values (?,?,?,?,?,default)
    Hibernate: insert into ft_participants (draft_order,fantasy_game_seq,player_id,preferred_team,team_name,seq) values (?,?,?,?,?,default)
    Hibernate: insert into ft_participants (draft_order,fantasy_game_seq,player_id,preferred_team,team_name,seq) values (?,?,?,?,?,default)
    Hibernate: insert into ft_participants (draft_order,fantasy_game_seq,player_id,preferred_team,team_name,seq) values (?,?,?,?,?,default)
    Hibernate: insert into ft_participants (draft_order,fantasy_game_seq,player_id,preferred_team,team_name,seq) values (?,?,?,?,?,default)
    Hibernate: insert into ft_participants (draft_order,fantasy_game_seq,player_id,preferred_team,team_name,seq) values (?,?,?,?,?,default)
    Hibernate: insert into ft_participants (draft_order,fantasy_game_seq,player_id,preferred_team,team_name,seq) values (?,?,?,?,?,default)
    Hibernate: insert into ft_participants (draft_order,fantasy_game_seq,player_id,preferred_team,team_name,seq) values (?,?,?,?,?,default)
    Hibernate: insert into ft_participants (draft_order,fantasy_game_seq,player_id,preferred_team,team_name,seq) values (?,?,?,?,?,default)
    Hibernate: insert into ft_participants (draft_order,fantasy_game_seq,player_id,preferred_team,team_name,seq) values (?,?,?,?,?,default)
    Hibernate: insert into ft_participants (draft_order,fantasy_game_seq,player_id,preferred_team,team_name,seq) values (?,?,?,?,?,default)
    Hibernate: insert into ft_participants (draft_order,fantasy_game_seq,player_id,preferred_team,team_name,seq) values (?,?,?,?,?,default)
    Hibernate: insert into ft_participants (draft_order,fantasy_game_seq,player_id,preferred_team,team_name,seq) values (?,?,?,?,?,default)
    Hibernate: insert into ft_participants (draft_order,fantasy_game_seq,player_id,preferred_team,team_name,seq) values (?,?,?,?,?,default)
    Hibernate: insert into ft_participants (draft_order,fantasy_game_seq,player_id,preferred_team,team_name,seq) values (?,?,?,?,?,default)
    Hibernate: insert into ft_participants (draft_order,fantasy_game_seq,player_id,preferred_team,team_name,seq) values (?,?,?,?,?,default)
    Hibernate: insert into ft_participants (draft_order,fantasy_game_seq,player_id,preferred_team,team_name,seq) values (?,?,?,?,?,default)
    Hibernate: insert into ft_participants (draft_order,fantasy_game_seq,player_id,preferred_team,team_name,seq) values (?,?,?,?,?,default)
    Hibernate: insert into ft_participants (draft_order,fantasy_game_seq,player_id,preferred_team,team_name,seq) values (?,?,?,?,?,default)
    Hibernate: insert into ft_participants (draft_order,fantasy_game_seq,player_id,preferred_team,team_name,seq) values (?,?,?,?,?,default)
    Hibernate: insert into ft_participants (draft_order,fantasy_game_seq,player_id,preferred_team,team_name,seq) values (?,?,?,?,?,default)
    Hibernate: insert into ft_participants (draft_order,fantasy_game_seq,player_id,preferred_team,team_name,seq) values (?,?,?,?,?,default)
    Hibernate: insert into ft_participants (draft_order,fantasy_game_seq,player_id,preferred_team,team_name,seq) values (?,?,?,?,?,default)
    Hibernate: insert into ft_participants (draft_order,fantasy_game_seq,player_id,preferred_team,team_name,seq) values (?,?,?,?,?,default)
    Hibernate: insert into ft_participants (draft_order,fantasy_game_seq,player_id,preferred_team,team_name,seq) values (?,?,?,?,?,default)
    Hibernate: insert into ft_participants (draft_order,fantasy_game_seq,player_id,preferred_team,team_name,seq) values (?,?,?,?,?,default)
    Hibernate: insert into ft_participants (draft_order,fantasy_game_seq,player_id,preferred_team,team_name,seq) values (?,?,?,?,?,default)
    Hibernate: insert into ft_participants (draft_order,fantasy_game_seq,player_id,preferred_team,team_name,seq) values (?,?,?,?,?,default)
    Hibernate: insert into ft_participants (draft_order,fantasy_game_seq,player_id,preferred_team,team_name,seq) values (?,?,?,?,?,default)
    Hibernate: insert into ft_participants (draft_order,fantasy_game_seq,player_id,preferred_team,team_name,seq) values (?,?,?,?,?,default)
    Hibernate: insert into ft_participants (draft_order,fantasy_game_seq,player_id,preferred_team,team_name,seq) values (?,?,?,?,?,default)
    Hibernate: insert into ft_participants (draft_order,fantasy_game_seq,player_id,preferred_team,team_name,seq) values (?,?,?,?,?,default)
    Hibernate: insert into ft_participants (draft_order,fantasy_game_seq,player_id,preferred_team,team_name,seq) values (?,?,?,?,?,default)
    Hibernate: insert into ft_participants (draft_order,fantasy_game_seq,player_id,preferred_team,team_name,seq) values (?,?,?,?,?,default)
    Hibernate: insert into ft_participants (draft_order,fantasy_game_seq,player_id,preferred_team,team_name,seq) values (?,?,?,?,?,default)
    Hibernate: insert into ft_participants (draft_order,fantasy_game_seq,player_id,preferred_team,team_name,seq) values (?,?,?,?,?,default)
    Hibernate: insert into ft_participants (draft_order,fantasy_game_seq,player_id,preferred_team,team_name,seq) values (?,?,?,?,?,default)
    Hibernate: insert into ft_participants (draft_order,fantasy_game_seq,player_id,preferred_team,team_name,seq) values (?,?,?,?,?,default)
    Hibernate: insert into ft_participants (draft_order,fantasy_game_seq,player_id,preferred_team,team_name,seq) values (?,?,?,?,?,default)
    Hibernate: insert into ft_participants (draft_order,fantasy_game_seq,player_id,preferred_team,team_name,seq) values (?,?,?,?,?,default)
    Hibernate: insert into ft_participants (draft_order,fantasy_game_seq,player_id,preferred_team,team_name,seq) values (?,?,?,?,?,default)
    Hibernate: insert into ft_participants (draft_order,fantasy_game_seq,player_id,preferred_team,team_name,seq) values (?,?,?,?,?,default)
    Hibernate: insert into ft_participants (draft_order,fantasy_game_seq,player_id,preferred_team,team_name,seq) values (?,?,?,?,?,default)
    Hibernate: insert into ft_participants (draft_order,fantasy_game_seq,player_id,preferred_team,team_name,seq) values (?,?,?,?,?,default)
    Hibernate: insert into ft_participants (draft_order,fantasy_game_seq,player_id,preferred_team,team_name,seq) values (?,?,?,?,?,default)
    Hibernate: insert into ft_participants (draft_order,fantasy_game_seq,player_id,preferred_team,team_name,seq) values (?,?,?,?,?,default)
    Hibernate: insert into ft_participants (draft_order,fantasy_game_seq,player_id,preferred_team,team_name,seq) values (?,?,?,?,?,default)
    Hibernate: insert into ft_participants (draft_order,fantasy_game_seq,player_id,preferred_team,team_name,seq) values (?,?,?,?,?,default)
    Hibernate: insert into ft_participants (draft_order,fantasy_game_seq,player_id,preferred_team,team_name,seq) values (?,?,?,?,?,default)
    Hibernate: insert into ft_participants (draft_order,fantasy_game_seq,player_id,preferred_team,team_name,seq) values (?,?,?,?,?,default)
    Hibernate: insert into ft_participants (draft_order,fantasy_game_seq,player_id,preferred_team,team_name,seq) values (?,?,?,?,?,default)
    Hibernate: insert into ft_participants (draft_order,fantasy_game_seq,player_id,preferred_team,team_name,seq) values (?,?,?,?,?,default)
    Hibernate: insert into ft_participants (draft_order,fantasy_game_seq,player_id,preferred_team,team_name,seq) values (?,?,?,?,?,default)
    Hibernate: insert into ft_participants (draft_order,fantasy_game_seq,player_id,preferred_team,team_name,seq) values (?,?,?,?,?,default)
    Hibernate: insert into ft_participants (draft_order,fantasy_game_seq,player_id,preferred_team,team_name,seq) values (?,?,?,?,?,default)
    Hibernate: insert into ft_participants (draft_order,fantasy_game_seq,player_id,preferred_team,team_name,seq) values (?,?,?,?,?,default)
    Hibernate: insert into ft_participants (draft_order,fantasy_game_seq,player_id,preferred_team,team_name,seq) values (?,?,?,?,?,default)
    Hibernate: insert into ft_participants (draft_order,fantasy_game_seq,player_id,preferred_team,team_name,seq) values (?,?,?,?,?,default)
    Hibernate: insert into ft_participants (draft_order,fantasy_game_seq,player_id,preferred_team,team_name,seq) values (?,?,?,?,?,default)
    Hibernate: insert into ft_participants (draft_order,fantasy_game_seq,player_id,preferred_team,team_name,seq) values (?,?,?,?,?,default)
    Hibernate: insert into ft_participants (draft_order,fantasy_game_seq,player_id,preferred_team,team_name,seq) values (?,?,?,?,?,default)
    Hibernate: insert into ft_participants (draft_order,fantasy_game_seq,player_id,preferred_team,team_name,seq) values (?,?,?,?,?,default)
    Hibernate: insert into ft_participants (draft_order,fantasy_game_seq,player_id,preferred_team,team_name,seq) values (?,?,?,?,?,default)
    Hibernate: insert into ft_participants (draft_order,fantasy_game_seq,player_id,preferred_team,team_name,seq) values (?,?,?,?,?,default)
    Hibernate: insert into ft_participants (draft_order,fantasy_game_seq,player_id,preferred_team,team_name,seq) values (?,?,?,?,?,default)
    Hibernate: insert into ft_participants (draft_order,fantasy_game_seq,player_id,preferred_team,team_name,seq) values (?,?,?,?,?,default)
    Hibernate: insert into ft_participants (draft_order,fantasy_game_seq,player_id,preferred_team,team_name,seq) values (?,?,?,?,?,default)
    Hibernate: insert into ft_participants (draft_order,fantasy_game_seq,player_id,preferred_team,team_name,seq) values (?,?,?,?,?,default)
    Hibernate: insert into ft_participants (draft_order,fantasy_game_seq,player_id,preferred_team,team_name,seq) values (?,?,?,?,?,default)
    Hibernate: insert into ft_participants (draft_order,fantasy_game_seq,player_id,preferred_team,team_name,seq) values (?,?,?,?,?,default)
    Hibernate: insert into ft_participants (draft_order,fantasy_game_seq,player_id,preferred_team,team_name,seq) values (?,?,?,?,?,default)
    Hibernate: insert into ft_participants (draft_order,fantasy_game_seq,player_id,preferred_team,team_name,seq) values (?,?,?,?,?,default)
    Hibernate: insert into ft_participants (draft_order,fantasy_game_seq,player_id,preferred_team,team_name,seq) values (?,?,?,?,?,default)
    Hibernate: insert into ft_participants (draft_order,fantasy_game_seq,player_id,preferred_team,team_name,seq) values (?,?,?,?,?,default)
    Hibernate: insert into ft_participants (draft_order,fantasy_game_seq,player_id,preferred_team,team_name,seq) values (?,?,?,?,?,default)
    Hibernate: insert into ft_participants (draft_order,fantasy_game_seq,player_id,preferred_team,team_name,seq) values (?,?,?,?,?,default)
    Hibernate: insert into ft_participants (draft_order,fantasy_game_seq,player_id,preferred_team,team_name,seq) values (?,?,?,?,?,default)
    Hibernate: insert into ft_participants (draft_order,fantasy_game_seq,player_id,preferred_team,team_name,seq) values (?,?,?,?,?,default)
    Hibernate: insert into ft_participants (draft_order,fantasy_game_seq,player_id,preferred_team,team_name,seq) values (?,?,?,?,?,default)
    Hibernate: insert into ft_participants (draft_order,fantasy_game_seq,player_id,preferred_team,team_name,seq) values (?,?,?,?,?,default)
    Hibernate: insert into ft_participants (draft_order,fantasy_game_seq,player_id,preferred_team,team_name,seq) values (?,?,?,?,?,default)
    Hibernate: insert into ft_participants (draft_order,fantasy_game_seq,player_id,preferred_team,team_name,seq) values (?,?,?,?,?,default)
    Hibernate: insert into ft_participants (draft_order,fantasy_game_seq,player_id,preferred_team,team_name,seq) values (?,?,?,?,?,default)
    Hibernate: insert into ft_participants (draft_order,fantasy_game_seq,player_id,preferred_team,team_name,seq) values (?,?,?,?,?,default)
    Hibernate: insert into ft_participants (draft_order,fantasy_game_seq,player_id,preferred_team,team_name,seq) values (?,?,?,?,?,default)
    Hibernate: insert into ft_participants (draft_order,fantasy_game_seq,player_id,preferred_team,team_name,seq) values (?,?,?,?,?,default)
    Hibernate: insert into ft_participants (draft_order,fantasy_game_seq,player_id,preferred_team,team_name,seq) values (?,?,?,?,?,default)
    Hibernate: insert into ft_participants (draft_order,fantasy_game_seq,player_id,preferred_team,team_name,seq) values (?,?,?,?,?,default)
    Hibernate: insert into ft_participants (draft_order,fantasy_game_seq,player_id,preferred_team,team_name,seq) values (?,?,?,?,?,default)
    Hibernate: insert into ft_participants (draft_order,fantasy_game_seq,player_id,preferred_team,team_name,seq) values (?,?,?,?,?,default)
    Hibernate: insert into ft_participants (draft_order,fantasy_game_seq,player_id,preferred_team,team_name,seq) values (?,?,?,?,?,default)
    Hibernate: insert into ft_participants (draft_order,fantasy_game_seq,player_id,preferred_team,team_name,seq) values (?,?,?,?,?,default)
    Hibernate: insert into ft_participants (draft_order,fantasy_game_seq,player_id,preferred_team,team_name,seq) values (?,?,?,?,?,default)
    Hibernate: insert into ft_participants (draft_order,fantasy_game_seq,player_id,preferred_team,team_name,seq) values (?,?,?,?,?,default)
    Hibernate: insert into ft_participants (draft_order,fantasy_game_seq,player_id,preferred_team,team_name,seq) values (?,?,?,?,?,default)
    Hibernate: insert into ft_participants (draft_order,fantasy_game_seq,player_id,preferred_team,team_name,seq) values (?,?,?,?,?,default)
    Hibernate: insert into ft_participants (draft_order,fantasy_game_seq,player_id,preferred_team,team_name,seq) values (?,?,?,?,?,default)
    Hibernate: insert into ft_participants (draft_order,fantasy_game_seq,player_id,preferred_team,team_name,seq) values (?,?,?,?,?,default)
    Hibernate: insert into ft_participants (draft_order,fantasy_game_seq,player_id,preferred_team,team_name,seq) values (?,?,?,?,?,default)
    Hibernate: insert into ft_participants (draft_order,fantasy_game_seq,player_id,preferred_team,team_name,seq) values (?,?,?,?,?,default)
    Hibernate: insert into ft_participants (draft_order,fantasy_game_seq,player_id,preferred_team,team_name,seq) values (?,?,?,?,?,default)
    Hibernate: insert into ft_participants (draft_order,fantasy_game_seq,player_id,preferred_team,team_name,seq) values (?,?,?,?,?,default)
    Hibernate: insert into ft_participants (draft_order,fantasy_game_seq,player_id,preferred_team,team_name,seq) values (?,?,?,?,?,default)
    Hibernate: insert into ft_participants (draft_order,fantasy_game_seq,player_id,preferred_team,team_name,seq) values (?,?,?,?,?,default)
    Hibernate: insert into ft_participants (draft_order,fantasy_game_seq,player_id,preferred_team,team_name,seq) values (?,?,?,?,?,default)
    Hibernate: insert into ft_participants (draft_order,fantasy_game_seq,player_id,preferred_team,team_name,seq) values (?,?,?,?,?,default)
    Hibernate: insert into ft_participants (draft_order,fantasy_game_seq,player_id,preferred_team,team_name,seq) values (?,?,?,?,?,default)
    Hibernate: insert into ft_participants (draft_order,fantasy_game_seq,player_id,preferred_team,team_name,seq) values (?,?,?,?,?,default)
    Hibernate: insert into ft_participants (draft_order,fantasy_game_seq,player_id,preferred_team,team_name,seq) values (?,?,?,?,?,default)
    Hibernate: insert into ft_participants (draft_order,fantasy_game_seq,player_id,preferred_team,team_name,seq) values (?,?,?,?,?,default)
    Hibernate: insert into ft_participants (draft_order,fantasy_game_seq,player_id,preferred_team,team_name,seq) values (?,?,?,?,?,default)
    Hibernate: insert into ft_participants (draft_order,fantasy_game_seq,player_id,preferred_team,team_name,seq) values (?,?,?,?,?,default)
    Hibernate: insert into ft_participants (draft_order,fantasy_game_seq,player_id,preferred_team,team_name,seq) values (?,?,?,?,?,default)
    Hibernate: insert into ft_participants (draft_order,fantasy_game_seq,player_id,preferred_team,team_name,seq) values (?,?,?,?,?,default)
    Hibernate: insert into ft_participants (draft_order,fantasy_game_seq,player_id,preferred_team,team_name,seq) values (?,?,?,?,?,default)
    Hibernate: insert into ft_participants (draft_order,fantasy_game_seq,player_id,preferred_team,team_name,seq) values (?,?,?,?,?,default)
    Hibernate: insert into ft_participants (draft_order,fantasy_game_seq,player_id,preferred_team,team_name,seq) values (?,?,?,?,?,default)
    Hibernate: insert into ft_participants (draft_order,fantasy_game_seq,player_id,preferred_team,team_name,seq) values (?,?,?,?,?,default)
    Hibernate: insert into ft_participants (draft_order,fantasy_game_seq,player_id,preferred_team,team_name,seq) values (?,?,?,?,?,default)
    Hibernate: insert into ft_participants (draft_order,fantasy_game_seq,player_id,preferred_team,team_name,seq) values (?,?,?,?,?,default)
    Hibernate: insert into ft_participants (draft_order,fantasy_game_seq,player_id,preferred_team,team_name,seq) values (?,?,?,?,?,default)
    Hibernate: insert into ft_participants (draft_order,fantasy_game_seq,player_id,preferred_team,team_name,seq) values (?,?,?,?,?,default)
    Hibernate: insert into ft_participants (draft_order,fantasy_game_seq,player_id,preferred_team,team_name,seq) values (?,?,?,?,?,default)
    Hibernate: insert into ft_participants (draft_order,fantasy_game_seq,player_id,preferred_team,team_name,seq) values (?,?,?,?,?,default)
    Hibernate: insert into ft_participants (draft_order,fantasy_game_seq,player_id,preferred_team,team_name,seq) values (?,?,?,?,?,default)
    Hibernate: insert into ft_participants (draft_order,fantasy_game_seq,player_id,preferred_team,team_name,seq) values (?,?,?,?,?,default)
    Hibernate: insert into ft_participants (draft_order,fantasy_game_seq,player_id,preferred_team,team_name,seq) values (?,?,?,?,?,default)
    Hibernate: insert into ft_participants (draft_order,fantasy_game_seq,player_id,preferred_team,team_name,seq) values (?,?,?,?,?,default)
    Hibernate: insert into ft_participants (draft_order,fantasy_game_seq,player_id,preferred_team,team_name,seq) values (?,?,?,?,?,default)
    Hibernate: insert into ft_participants (draft_order,fantasy_game_seq,player_id,preferred_team,team_name,seq) values (?,?,?,?,?,default)
    Hibernate: insert into ft_participants (draft_order,fantasy_game_seq,player_id,preferred_team,team_name,seq) values (?,?,?,?,?,default)
    Hibernate: insert into ft_participants (draft_order,fantasy_game_seq,player_id,preferred_team,team_name,seq) values (?,?,?,?,?,default)
    Hibernate: insert into ft_participants (draft_order,fantasy_game_seq,player_id,preferred_team,team_name,seq) values (?,?,?,?,?,default)
    Hibernate: insert into ft_participants (draft_order,fantasy_game_seq,player_id,preferred_team,team_name,seq) values (?,?,?,?,?,default)
    Hibernate: insert into ft_participants (draft_order,fantasy_game_seq,player_id,preferred_team,team_name,seq) values (?,?,?,?,?,default)
    Hibernate: insert into ft_participants (draft_order,fantasy_game_seq,player_id,preferred_team,team_name,seq) values (?,?,?,?,?,default)
    Hibernate: insert into ft_participants (draft_order,fantasy_game_seq,player_id,preferred_team,team_name,seq) values (?,?,?,?,?,default)
    Hibernate: insert into ft_participants (draft_order,fantasy_game_seq,player_id,preferred_team,team_name,seq) values (?,?,?,?,?,default)
    Hibernate: insert into ft_participants (draft_order,fantasy_game_seq,player_id,preferred_team,team_name,seq) values (?,?,?,?,?,default)
    Hibernate: insert into ft_participants (draft_order,fantasy_game_seq,player_id,preferred_team,team_name,seq) values (?,?,?,?,?,default)
    Hibernate: insert into ft_participants (draft_order,fantasy_game_seq,player_id,preferred_team,team_name,seq) values (?,?,?,?,?,default)
    Hibernate: insert into ft_participants (draft_order,fantasy_game_seq,player_id,preferred_team,team_name,seq) values (?,?,?,?,?,default)
    Hibernate: insert into ft_participants (draft_order,fantasy_game_seq,player_id,preferred_team,team_name,seq) values (?,?,?,?,?,default)
    Hibernate: insert into ft_participants (draft_order,fantasy_game_seq,player_id,preferred_team,team_name,seq) values (?,?,?,?,?,default)
    Hibernate: insert into ft_participants (draft_order,fantasy_game_seq,player_id,preferred_team,team_name,seq) values (?,?,?,?,?,default)
    Hibernate: insert into ft_participants (draft_order,fantasy_game_seq,player_id,preferred_team,team_name,seq) values (?,?,?,?,?,default)
    Hibernate: insert into ft_participants (draft_order,fantasy_game_seq,player_id,preferred_team,team_name,seq) values (?,?,?,?,?,default)
    Hibernate: insert into ft_participants (draft_order,fantasy_game_seq,player_id,preferred_team,team_name,seq) values (?,?,?,?,?,default)
    Hibernate: insert into ft_participants (draft_order,fantasy_game_seq,player_id,preferred_team,team_name,seq) values (?,?,?,?,?,default)
    Hibernate: insert into ft_participants (draft_order,fantasy_game_seq,player_id,preferred_team,team_name,seq) values (?,?,?,?,?,default)
    Hibernate: insert into ft_participants (draft_order,fantasy_game_seq,player_id,preferred_team,team_name,seq) values (?,?,?,?,?,default)
    Hibernate: insert into ft_participants (draft_order,fantasy_game_seq,player_id,preferred_team,team_name,seq) values (?,?,?,?,?,default)
    Hibernate: insert into ft_participants (draft_order,fantasy_game_seq,player_id,preferred_team,team_name,seq) values (?,?,?,?,?,default)
    Hibernate: insert into ft_participants (draft_order,fantasy_game_seq,player_id,preferred_team,team_name,seq) values (?,?,?,?,?,default)
    Hibernate: insert into ft_participants (draft_order,fantasy_game_seq,player_id,preferred_team,team_name,seq) values (?,?,?,?,?,default)
    Hibernate: insert into ft_participants (draft_order,fantasy_game_seq,player_id,preferred_team,team_name,seq) values (?,?,?,?,?,default)
    Hibernate: insert into ft_participants (draft_order,fantasy_game_seq,player_id,preferred_team,team_name,seq) values (?,?,?,?,?,default)
    Hibernate: insert into ft_participants (draft_order,fantasy_game_seq,player_id,preferred_team,team_name,seq) values (?,?,?,?,?,default)
    Hibernate: insert into ft_participants (draft_order,fantasy_game_seq,player_id,preferred_team,team_name,seq) values (?,?,?,?,?,default)
    Hibernate: insert into ft_participants (draft_order,fantasy_game_seq,player_id,preferred_team,team_name,seq) values (?,?,?,?,?,default)
    Hibernate: insert into ft_participants (draft_order,fantasy_game_seq,player_id,preferred_team,team_name,seq) values (?,?,?,?,?,default)
    Hibernate: insert into ft_participants (draft_order,fantasy_game_seq,player_id,preferred_team,team_name,seq) values (?,?,?,?,?,default)
    Hibernate: insert into ft_participants (draft_order,fantasy_game_seq,player_id,preferred_team,team_name,seq) values (?,?,?,?,?,default)
    Hibernate: insert into ft_participants (draft_order,fantasy_game_seq,player_id,preferred_team,team_name,seq) values (?,?,?,?,?,default)
    Hibernate: insert into ft_participants (draft_order,fantasy_game_seq,player_id,preferred_team,team_name,seq) values (?,?,?,?,?,default)
    Hibernate: insert into ft_participants (draft_order,fantasy_game_seq,player_id,preferred_team,team_name,seq) values (?,?,?,?,?,default)
    Hibernate: insert into ft_participants (draft_order,fantasy_game_seq,player_id,preferred_team,team_name,seq) values (?,?,?,?,?,default)
    Hibernate: insert into ft_participants (draft_order,fantasy_game_seq,player_id,preferred_team,team_name,seq) values (?,?,?,?,?,default)
    Hibernate: insert into ft_participants (draft_order,fantasy_game_seq,player_id,preferred_team,team_name,seq) values (?,?,?,?,?,default)
    Hibernate: insert into ft_participants (draft_order,fantasy_game_seq,player_id,preferred_team,team_name,seq) values (?,?,?,?,?,default)
    Hibernate: insert into ft_participants (draft_order,fantasy_game_seq,player_id,preferred_team,team_name,seq) values (?,?,?,?,?,default)
    Hibernate: insert into ft_participants (draft_order,fantasy_game_seq,player_id,preferred_team,team_name,seq) values (?,?,?,?,?,default)
    Hibernate: insert into ft_participants (draft_order,fantasy_game_seq,player_id,preferred_team,team_name,seq) values (?,?,?,?,?,default)
    Hibernate: insert into ft_participants (draft_order,fantasy_game_seq,player_id,preferred_team,team_name,seq) values (?,?,?,?,?,default)
    Hibernate: insert into ft_participants (draft_order,fantasy_game_seq,player_id,preferred_team,team_name,seq) values (?,?,?,?,?,default)
    Hibernate: insert into ft_participants (draft_order,fantasy_game_seq,player_id,preferred_team,team_name,seq) values (?,?,?,?,?,default)
    Hibernate: insert into ft_participants (draft_order,fantasy_game_seq,player_id,preferred_team,team_name,seq) values (?,?,?,?,?,default)
    Hibernate: insert into ft_participants (draft_order,fantasy_game_seq,player_id,preferred_team,team_name,seq) values (?,?,?,?,?,default)
    Hibernate: insert into ft_participants (draft_order,fantasy_game_seq,player_id,preferred_team,team_name,seq) values (?,?,?,?,?,default)
    Hibernate: insert into ft_participants (draft_order,fantasy_game_seq,player_id,preferred_team,team_name,seq) values (?,?,?,?,?,default)
    Hibernate: insert into ft_participants (draft_order,fantasy_game_seq,player_id,preferred_team,team_name,seq) values (?,?,?,?,?,default)
    Hibernate: insert into ft_participants (draft_order,fantasy_game_seq,player_id,preferred_team,team_name,seq) values (?,?,?,?,?,default)
    Hibernate: insert into ft_participants (draft_order,fantasy_game_seq,player_id,preferred_team,team_name,seq) values (?,?,?,?,?,default)
    Hibernate: insert into ft_participants (draft_order,fantasy_game_seq,player_id,preferred_team,team_name,seq) values (?,?,?,?,?,default)
    Hibernate: insert into ft_participants (draft_order,fantasy_game_seq,player_id,preferred_team,team_name,seq) values (?,?,?,?,?,default)
    Hibernate: insert into ft_participants (draft_order,fantasy_game_seq,player_id,preferred_team,team_name,seq) values (?,?,?,?,?,default)
    Hibernate: insert into ft_participants (draft_order,fantasy_game_seq,player_id,preferred_team,team_name,seq) values (?,?,?,?,?,default)
    Hibernate: insert into ft_participants (draft_order,fantasy_game_seq,player_id,preferred_team,team_name,seq) values (?,?,?,?,?,default)
    Hibernate: insert into ft_participants (draft_order,fantasy_game_seq,player_id,preferred_team,team_name,seq) values (?,?,?,?,?,default)
    Hibernate: insert into ft_participants (draft_order,fantasy_game_seq,player_id,preferred_team,team_name,seq) values (?,?,?,?,?,default)
    Hibernate: insert into ft_participants (draft_order,fantasy_game_seq,player_id,preferred_team,team_name,seq) values (?,?,?,?,?,default)
    Hibernate: insert into ft_participants (draft_order,fantasy_game_seq,player_id,preferred_team,team_name,seq) values (?,?,?,?,?,default)
    Hibernate: insert into ft_participants (draft_order,fantasy_game_seq,player_id,preferred_team,team_name,seq) values (?,?,?,?,?,default)
    Hibernate: insert into ft_participants (draft_order,fantasy_game_seq,player_id,preferred_team,team_name,seq) values (?,?,?,?,?,default)
    Hibernate: insert into ft_participants (draft_order,fantasy_game_seq,player_id,preferred_team,team_name,seq) values (?,?,?,?,?,default)
    Hibernate: insert into ft_participants (draft_order,fantasy_game_seq,player_id,preferred_team,team_name,seq) values (?,?,?,?,?,default)
    Hibernate: insert into ft_participants (draft_order,fantasy_game_seq,player_id,preferred_team,team_name,seq) values (?,?,?,?,?,default)
    Hibernate: insert into ft_participants (draft_order,fantasy_game_seq,player_id,preferred_team,team_name,seq) values (?,?,?,?,?,default)
    Hibernate: insert into ft_participants (draft_order,fantasy_game_seq,player_id,preferred_team,team_name,seq) values (?,?,?,?,?,default)
    Hibernate: insert into ft_participants (draft_order,fantasy_game_seq,player_id,preferred_team,team_name,seq) values (?,?,?,?,?,default)
    Hibernate: insert into ft_participants (draft_order,fantasy_game_seq,player_id,preferred_team,team_name,seq) values (?,?,?,?,?,default)
    Hibernate: insert into ft_participants (draft_order,fantasy_game_seq,player_id,preferred_team,team_name,seq) values (?,?,?,?,?,default)
    Hibernate: insert into ft_participants (draft_order,fantasy_game_seq,player_id,preferred_team,team_name,seq) values (?,?,?,?,?,default)
    Hibernate: insert into ft_participants (draft_order,fantasy_game_seq,player_id,preferred_team,team_name,seq) values (?,?,?,?,?,default)
    Hibernate: insert into ft_participants (draft_order,fantasy_game_seq,player_id,preferred_team,team_name,seq) values (?,?,?,?,?,default)
    Hibernate: insert into ft_participants (draft_order,fantasy_game_seq,player_id,preferred_team,team_name,seq) values (?,?,?,?,?,default)
    Hibernate: insert into ft_participants (draft_order,fantasy_game_seq,player_id,preferred_team,team_name,seq) values (?,?,?,?,?,default)
    Hibernate: insert into ft_participants (draft_order,fantasy_game_seq,player_id,preferred_team,team_name,seq) values (?,?,?,?,?,default)
    Hibernate: insert into ft_participants (draft_order,fantasy_game_seq,player_id,preferred_team,team_name,seq) values (?,?,?,?,?,default)
    Hibernate: insert into ft_participants (draft_order,fantasy_game_seq,player_id,preferred_team,team_name,seq) values (?,?,?,?,?,default)
    Hibernate: insert into ft_participants (draft_order,fantasy_game_seq,player_id,preferred_team,team_name,seq) values (?,?,?,?,?,default)
    Hibernate: insert into ft_participants (draft_order,fantasy_game_seq,player_id,preferred_team,team_name,seq) values (?,?,?,?,?,default)
    Hibernate: insert into ft_participants (draft_order,fantasy_game_seq,player_id,preferred_team,team_name,seq) values (?,?,?,?,?,default)
    Hibernate: insert into ft_participants (draft_order,fantasy_game_seq,player_id,preferred_team,team_name,seq) values (?,?,?,?,?,default)
    Hibernate: insert into ft_participants (draft_order,fantasy_game_seq,player_id,preferred_team,team_name,seq) values (?,?,?,?,?,default)
    Hibernate: insert into ft_participants (draft_order,fantasy_game_seq,player_id,preferred_team,team_name,seq) values (?,?,?,?,?,default)
    Hibernate: insert into ft_participants (draft_order,fantasy_game_seq,player_id,preferred_team,team_name,seq) values (?,?,?,?,?,default)
    Hibernate: insert into ft_participants (draft_order,fantasy_game_seq,player_id,preferred_team,team_name,seq) values (?,?,?,?,?,default)
    Hibernate: insert into ft_participants (draft_order,fantasy_game_seq,player_id,preferred_team,team_name,seq) values (?,?,?,?,?,default)
    Hibernate: insert into ft_participants (draft_order,fantasy_game_seq,player_id,preferred_team,team_name,seq) values (?,?,?,?,?,default)
    Hibernate: insert into ft_participants (draft_order,fantasy_game_seq,player_id,preferred_team,team_name,seq) values (?,?,?,?,?,default)
    Hibernate: insert into ft_participants (draft_order,fantasy_game_seq,player_id,preferred_team,team_name,seq) values (?,?,?,?,?,default)
    Hibernate: insert into ft_participants (draft_order,fantasy_game_seq,player_id,preferred_team,team_name,seq) values (?,?,?,?,?,default)
    Hibernate: insert into ft_participants (draft_order,fantasy_game_seq,player_id,preferred_team,team_name,seq) values (?,?,?,?,?,default)
    Hibernate: insert into ft_participants (draft_order,fantasy_game_seq,player_id,preferred_team,team_name,seq) values (?,?,?,?,?,default)
    Hibernate: insert into ft_participants (draft_order,fantasy_game_seq,player_id,preferred_team,team_name,seq) values (?,?,?,?,?,default)
    Hibernate: insert into ft_participants (draft_order,fantasy_game_seq,player_id,preferred_team,team_name,seq) values (?,?,?,?,?,default)
    Hibernate: insert into ft_participants (draft_order,fantasy_game_seq,player_id,preferred_team,team_name,seq) values (?,?,?,?,?,default)
    Hibernate: insert into ft_participants (draft_order,fantasy_game_seq,player_id,preferred_team,team_name,seq) values (?,?,?,?,?,default)
    Hibernate: insert into ft_participants (draft_order,fantasy_game_seq,player_id,preferred_team,team_name,seq) values (?,?,?,?,?,default)
    Hibernate: insert into ft_participants (draft_order,fantasy_game_seq,player_id,preferred_team,team_name,seq) values (?,?,?,?,?,default)
    Hibernate: insert into ft_participants (draft_order,fantasy_game_seq,player_id,preferred_team,team_name,seq) values (?,?,?,?,?,default)
    Hibernate: insert into ft_participants (draft_order,fantasy_game_seq,player_id,preferred_team,team_name,seq) values (?,?,?,?,?,default)
    Hibernate: insert into ft_participants (draft_order,fantasy_game_seq,player_id,preferred_team,team_name,seq) values (?,?,?,?,?,default)
    Hibernate: insert into ft_participants (draft_order,fantasy_game_seq,player_id,preferred_team,team_name,seq) values (?,?,?,?,?,default)
    Hibernate: insert into ft_participants (draft_order,fantasy_game_seq,player_id,preferred_team,team_name,seq) values (?,?,?,?,?,default)
    Hibernate: insert into ft_participants (draft_order,fantasy_game_seq,player_id,preferred_team,team_name,seq) values (?,?,?,?,?,default)
    Hibernate: insert into ft_participants (draft_order,fantasy_game_seq,player_id,preferred_team,team_name,seq) values (?,?,?,?,?,default)
    Hibernate: insert into ft_participants (draft_order,fantasy_game_seq,player_id,preferred_team,team_name,seq) values (?,?,?,?,?,default)
    Hibernate: insert into ft_participants (draft_order,fantasy_game_seq,player_id,preferred_team,team_name,seq) values (?,?,?,?,?,default)
    Hibernate: insert into ft_participants (draft_order,fantasy_game_seq,player_id,preferred_team,team_name,seq) values (?,?,?,?,?,default)
    Hibernate: insert into ft_participants (draft_order,fantasy_game_seq,player_id,preferred_team,team_name,seq) values (?,?,?,?,?,default)
    Hibernate: insert into ft_participants (draft_order,fantasy_game_seq,player_id,preferred_team,team_name,seq) values (?,?,?,?,?,default)
    Hibernate: insert into ft_participants (draft_order,fantasy_game_seq,player_id,preferred_team,team_name,seq) values (?,?,?,?,?,default)
    Hibernate: insert into ft_participants (draft_order,fantasy_game_seq,player_id,preferred_team,team_name,seq) values (?,?,?,?,?,default)
    Hibernate: insert into ft_participants (draft_order,fantasy_game_seq,player_id,preferred_team,team_name,seq) values (?,?,?,?,?,default)
    Hibernate: insert into ft_participants (draft_order,fantasy_game_seq,player_id,preferred_team,team_name,seq) values (?,?,?,?,?,default)
    Hibernate: insert into ft_participants (draft_order,fantasy_game_seq,player_id,preferred_team,team_name,seq) values (?,?,?,?,?,default)
    Hibernate: insert into ft_participants (draft_order,fantasy_game_seq,player_id,preferred_team,team_name,seq) values (?,?,?,?,?,default)
    Hibernate: insert into ft_participants (draft_order,fantasy_game_seq,player_id,preferred_team,team_name,seq) values (?,?,?,?,?,default)
    Hibernate: insert into ft_participants (draft_order,fantasy_game_seq,player_id,preferred_team,team_name,seq) values (?,?,?,?,?,default)
    Hibernate: insert into ft_participants (draft_order,fantasy_game_seq,player_id,preferred_team,team_name,seq) values (?,?,?,?,?,default)
    Hibernate: insert into ft_participants (draft_order,fantasy_game_seq,player_id,preferred_team,team_name,seq) values (?,?,?,?,?,default)
    Hibernate: insert into ft_participants (draft_order,fantasy_game_seq,player_id,preferred_team,team_name,seq) values (?,?,?,?,?,default)
    Hibernate: insert into ft_participants (draft_order,fantasy_game_seq,player_id,preferred_team,team_name,seq) values (?,?,?,?,?,default)
    Hibernate: insert into ft_participants (draft_order,fantasy_game_seq,player_id,preferred_team,team_name,seq) values (?,?,?,?,?,default)
    Hibernate: insert into ft_participants (draft_order,fantasy_game_seq,player_id,preferred_team,team_name,seq) values (?,?,?,?,?,default)
    Hibernate: insert into ft_participants (draft_order,fantasy_game_seq,player_id,preferred_team,team_name,seq) values (?,?,?,?,?,default)
    Hibernate: insert into ft_participants (draft_order,fantasy_game_seq,player_id,preferred_team,team_name,seq) values (?,?,?,?,?,default)
    Hibernate: insert into ft_participants (draft_order,fantasy_game_seq,player_id,preferred_team,team_name,seq) values (?,?,?,?,?,default)
    Hibernate: insert into ft_participants (draft_order,fantasy_game_seq,player_id,preferred_team,team_name,seq) values (?,?,?,?,?,default)
    Hibernate: insert into ft_participants (draft_order,fantasy_game_seq,player_id,preferred_team,team_name,seq) values (?,?,?,?,?,default)
    Hibernate: insert into ft_participants (draft_order,fantasy_game_seq,player_id,preferred_team,team_name,seq) values (?,?,?,?,?,default)
    Hibernate: insert into ft_participants (draft_order,fantasy_game_seq,player_id,preferred_team,team_name,seq) values (?,?,?,?,?,default)
    Hibernate: insert into ft_participants (draft_order,fantasy_game_seq,player_id,preferred_team,team_name,seq) values (?,?,?,?,?,default)
    Hibernate: insert into ft_participants (draft_order,fantasy_game_seq,player_id,preferred_team,team_name,seq) values (?,?,?,?,?,default)
    Hibernate: insert into ft_participants (draft_order,fantasy_game_seq,player_id,preferred_team,team_name,seq) values (?,?,?,?,?,default)
    Hibernate: insert into ft_participants (draft_order,fantasy_game_seq,player_id,preferred_team,team_name,seq) values (?,?,?,?,?,default)
    Hibernate: insert into ft_participants (draft_order,fantasy_game_seq,player_id,preferred_team,team_name,seq) values (?,?,?,?,?,default)
    Hibernate: insert into ft_participants (draft_order,fantasy_game_seq,player_id,preferred_team,team_name,seq) values (?,?,?,?,?,default)
    Hibernate: insert into ft_participants (draft_order,fantasy_game_seq,player_id,preferred_team,team_name,seq) values (?,?,?,?,?,default)
    Hibernate: insert into ft_participants (draft_order,fantasy_game_seq,player_id,preferred_team,team_name,seq) values (?,?,?,?,?,default)
    Hibernate: insert into ft_participants (draft_order,fantasy_game_seq,player_id,preferred_team,team_name,seq) values (?,?,?,?,?,default)
    Hibernate: insert into ft_participants (draft_order,fantasy_game_seq,player_id,preferred_team,team_name,seq) values (?,?,?,?,?,default)
    Hibernate: insert into ft_participants (draft_order,fantasy_game_seq,player_id,preferred_team,team_name,seq) values (?,?,?,?,?,default)
    Hibernate: insert into ft_participants (draft_order,fantasy_game_seq,player_id,preferred_team,team_name,seq) values (?,?,?,?,?,default)
    Hibernate: insert into ft_participants (draft_order,fantasy_game_seq,player_id,preferred_team,team_name,seq) values (?,?,?,?,?,default)
    Hibernate: insert into ft_participants (draft_order,fantasy_game_seq,player_id,preferred_team,team_name,seq) values (?,?,?,?,?,default)
    Hibernate: insert into ft_participants (draft_order,fantasy_game_seq,player_id,preferred_team,team_name,seq) values (?,?,?,?,?,default)
    Hibernate: insert into ft_participants (draft_order,fantasy_game_seq,player_id,preferred_team,team_name,seq) values (?,?,?,?,?,default)
    Hibernate: insert into ft_participants (draft_order,fantasy_game_seq,player_id,preferred_team,team_name,seq) values (?,?,?,?,?,default)
    Hibernate: insert into ft_participants (draft_order,fantasy_game_seq,player_id,preferred_team,team_name,seq) values (?,?,?,?,?,default)
    Hibernate: insert into ft_participants (draft_order,fantasy_game_seq,player_id,preferred_team,team_name,seq) values (?,?,?,?,?,default)
    Hibernate: insert into ft_participants (draft_order,fantasy_game_seq,player_id,preferred_team,team_name,seq) values (?,?,?,?,?,default)
    Hibernate: insert into ft_participants (draft_order,fantasy_game_seq,player_id,preferred_team,team_name,seq) values (?,?,?,?,?,default)
    Hibernate: insert into ft_participants (draft_order,fantasy_game_seq,player_id,preferred_team,team_name,seq) values (?,?,?,?,?,default)
    Hibernate: insert into ft_participants (draft_order,fantasy_game_seq,player_id,preferred_team,team_name,seq) values (?,?,?,?,?,default)
    Hibernate: insert into ft_participants (draft_order,fantasy_game_seq,player_id,preferred_team,team_name,seq) values (?,?,?,?,?,default)
    Hibernate: insert into ft_participants (draft_order,fantasy_game_seq,player_id,preferred_team,team_name,seq) values (?,?,?,?,?,default)
    Hibernate: insert into ft_participants (draft_order,fantasy_game_seq,player_id,preferred_team,team_name,seq) values (?,?,?,?,?,default)
    Hibernate: insert into ft_participants (draft_order,fantasy_game_seq,player_id,preferred_team,team_name,seq) values (?,?,?,?,?,default)
    Hibernate: insert into ft_participants (draft_order,fantasy_game_seq,player_id,preferred_team,team_name,seq) values (?,?,?,?,?,default)
    Hibernate: insert into ft_participants (draft_order,fantasy_game_seq,player_id,preferred_team,team_name,seq) values (?,?,?,?,?,default)
    Hibernate: insert into ft_participants (draft_order,fantasy_game_seq,player_id,preferred_team,team_name,seq) values (?,?,?,?,?,default)
    Hibernate: insert into ft_participants (draft_order,fantasy_game_seq,player_id,preferred_team,team_name,seq) values (?,?,?,?,?,default)
    Hibernate: insert into ft_participants (draft_order,fantasy_game_seq,player_id,preferred_team,team_name,seq) values (?,?,?,?,?,default)
    Hibernate: insert into ft_participants (draft_order,fantasy_game_seq,player_id,preferred_team,team_name,seq) values (?,?,?,?,?,default)
    Hibernate: insert into ft_participants (draft_order,fantasy_game_seq,player_id,preferred_team,team_name,seq) values (?,?,?,?,?,default)
    Hibernate: insert into ft_participants (draft_order,fantasy_game_seq,player_id,preferred_team,team_name,seq) values (?,?,?,?,?,default)
    Hibernate: insert into ft_participants (draft_order,fantasy_game_seq,player_id,preferred_team,team_name,seq) values (?,?,?,?,?,default)
    Hibernate: insert into ft_participants (draft_order,fantasy_game_seq,player_id,preferred_team,team_name,seq) values (?,?,?,?,?,default)
    Hibernate: insert into ft_participants (draft_order,fantasy_game_seq,player_id,preferred_team,team_name,seq) values (?,?,?,?,?,default)
    Hibernate: insert into ft_participants (draft_order,fantasy_game_seq,player_id,preferred_team,team_name,seq) values (?,?,?,?,?,default)
    Hibernate: insert into ft_participants (draft_order,fantasy_game_seq,player_id,preferred_team,team_name,seq) values (?,?,?,?,?,default)
    Hibernate: insert into ft_participants (draft_order,fantasy_game_seq,player_id,preferred_team,team_name,seq) values (?,?,?,?,?,default)
    Hibernate: insert into ft_participants (draft_order,fantasy_game_seq,player_id,preferred_team,team_name,seq) values (?,?,?,?,?,default)
    Hibernate: insert into ft_participants (draft_order,fantasy_game_seq,player_id,preferred_team,team_name,seq) values (?,?,?,?,?,default)
    Hibernate: insert into ft_participants (draft_order,fantasy_game_seq,player_id,preferred_team,team_name,seq) values (?,?,?,?,?,default)
    Hibernate: insert into ft_participants (draft_order,fantasy_game_seq,player_id,preferred_team,team_name,seq) values (?,?,?,?,?,default)
    Hibernate: insert into ft_participants (draft_order,fantasy_game_seq,player_id,preferred_team,team_name,seq) values (?,?,?,?,?,default)
    Hibernate: insert into ft_participants (draft_order,fantasy_game_seq,player_id,preferred_team,team_name,seq) values (?,?,?,?,?,default)
    Hibernate: insert into ft_participants (draft_order,fantasy_game_seq,player_id,preferred_team,team_name,seq) values (?,?,?,?,?,default)
    Hibernate: insert into ft_participants (draft_order,fantasy_game_seq,player_id,preferred_team,team_name,seq) values (?,?,?,?,?,default)
    Hibernate: insert into ft_participants (draft_order,fantasy_game_seq,player_id,preferred_team,team_name,seq) values (?,?,?,?,?,default)
    Hibernate: insert into ft_participants (draft_order,fantasy_game_seq,player_id,preferred_team,team_name,seq) values (?,?,?,?,?,default)
    Hibernate: insert into ft_participants (draft_order,fantasy_game_seq,player_id,preferred_team,team_name,seq) values (?,?,?,?,?,default)
    Hibernate: insert into ft_participants (draft_order,fantasy_game_seq,player_id,preferred_team,team_name,seq) values (?,?,?,?,?,default)
    Hibernate: insert into ft_participants (draft_order,fantasy_game_seq,player_id,preferred_team,team_name,seq) values (?,?,?,?,?,default)
    Hibernate: insert into ft_participants (draft_order,fantasy_game_seq,player_id,preferred_team,team_name,seq) values (?,?,?,?,?,default)
    Hibernate: insert into ft_participants (draft_order,fantasy_game_seq,player_id,preferred_team,team_name,seq) values (?,?,?,?,?,default)
    Hibernate: insert into ft_participants (draft_order,fantasy_game_seq,player_id,preferred_team,team_name,seq) values (?,?,?,?,?,default)
    Hibernate: insert into ft_participants (draft_order,fantasy_game_seq,player_id,preferred_team,team_name,seq) values (?,?,?,?,?,default)
    Hibernate: insert into ft_participants (draft_order,fantasy_game_seq,player_id,preferred_team,team_name,seq) values (?,?,?,?,?,default)
    Hibernate: insert into ft_participants (draft_order,fantasy_game_seq,player_id,preferred_team,team_name,seq) values (?,?,?,?,?,default)
    Hibernate: insert into ft_participants (draft_order,fantasy_game_seq,player_id,preferred_team,team_name,seq) values (?,?,?,?,?,default)
    Hibernate: insert into ft_participants (draft_order,fantasy_game_seq,player_id,preferred_team,team_name,seq) values (?,?,?,?,?,default)
    Hibernate: insert into ft_participants (draft_order,fantasy_game_seq,player_id,preferred_team,team_name,seq) values (?,?,?,?,?,default)
    Hibernate: insert into ft_participants (draft_order,fantasy_game_seq,player_id,preferred_team,team_name,seq) values (?,?,?,?,?,default)
    Hibernate: insert into ft_participants (draft_order,fantasy_game_seq,player_id,preferred_team,team_name,seq) values (?,?,?,?,?,default)
    Hibernate: insert into ft_participants (draft_order,fantasy_game_seq,player_id,preferred_team,team_name,seq) values (?,?,?,?,?,default)
    Hibernate: insert into ft_participants (draft_order,fantasy_game_seq,player_id,preferred_team,team_name,seq) values (?,?,?,?,?,default)
    Hibernate: insert into ft_participants (draft_order,fantasy_game_seq,player_id,preferred_team,team_name,seq) values (?,?,?,?,?,default)
    Hibernate: insert into ft_participants (draft_order,fantasy_game_seq,player_id,preferred_team,team_name,seq) values (?,?,?,?,?,default)
    Hibernate: insert into ft_participants (draft_order,fantasy_game_seq,player_id,preferred_team,team_name,seq) values (?,?,?,?,?,default)
    Hibernate: insert into ft_participants (draft_order,fantasy_game_seq,player_id,preferred_team,team_name,seq) values (?,?,?,?,?,default)
    Hibernate: insert into ft_participants (draft_order,fantasy_game_seq,player_id,preferred_team,team_name,seq) values (?,?,?,?,?,default)
    Hibernate: insert into ft_participants (draft_order,fantasy_game_seq,player_id,preferred_team,team_name,seq) values (?,?,?,?,?,default)
    Hibernate: insert into ft_participants (draft_order,fantasy_game_seq,player_id,preferred_team,team_name,seq) values (?,?,?,?,?,default)
    Hibernate: insert into ft_participants (draft_order,fantasy_game_seq,player_id,preferred_team,team_name,seq) values (?,?,?,?,?,default)
    Hibernate: insert into ft_participants (draft_order,fantasy_game_seq,player_id,preferred_team,team_name,seq) values (?,?,?,?,?,default)
    Hibernate: insert into ft_participants (draft_order,fantasy_game_seq,player_id,preferred_team,team_name,seq) values (?,?,?,?,?,default)
    Hibernate: insert into ft_participants (draft_order,fantasy_game_seq,player_id,preferred_team,team_name,seq) values (?,?,?,?,?,default)
    Hibernate: insert into ft_participants (draft_order,fantasy_game_seq,player_id,preferred_team,team_name,seq) values (?,?,?,?,?,default)
    Hibernate: insert into ft_participants (draft_order,fantasy_game_seq,player_id,preferred_team,team_name,seq) values (?,?,?,?,?,default)
    Hibernate: insert into ft_participants (draft_order,fantasy_game_seq,player_id,preferred_team,team_name,seq) values (?,?,?,?,?,default)
    Hibernate: insert into ft_participants (draft_order,fantasy_game_seq,player_id,preferred_team,team_name,seq) values (?,?,?,?,?,default)
    Hibernate: insert into ft_participants (draft_order,fantasy_game_seq,player_id,preferred_team,team_name,seq) values (?,?,?,?,?,default)
    Hibernate: insert into ft_participants (draft_order,fantasy_game_seq,player_id,preferred_team,team_name,seq) values (?,?,?,?,?,default)
    Hibernate: insert into ft_participants (draft_order,fantasy_game_seq,player_id,preferred_team,team_name,seq) values (?,?,?,?,?,default)
    Hibernate: insert into ft_participants (draft_order,fantasy_game_seq,player_id,preferred_team,team_name,seq) values (?,?,?,?,?,default)
    Hibernate: insert into ft_participants (draft_order,fantasy_game_seq,player_id,preferred_team,team_name,seq) values (?,?,?,?,?,default)
    Hibernate: insert into ft_participants (draft_order,fantasy_game_seq,player_id,preferred_team,team_name,seq) values (?,?,?,?,?,default)
    Hibernate: insert into ft_participants (draft_order,fantasy_game_seq,player_id,preferred_team,team_name,seq) values (?,?,?,?,?,default)
    Hibernate: insert into ft_participants (draft_order,fantasy_game_seq,player_id,preferred_team,team_name,seq) values (?,?,?,?,?,default)
    Hibernate: insert into ft_participants (draft_order,fantasy_game_seq,player_id,preferred_team,team_name,seq) values (?,?,?,?,?,default)
    Hibernate: insert into ft_participants (draft_order,fantasy_game_seq,player_id,preferred_team,team_name,seq) values (?,?,?,?,?,default)
    Hibernate: insert into ft_participants (draft_order,fantasy_game_seq,player_id,preferred_team,team_name,seq) values (?,?,?,?,?,default)
    Hibernate: insert into ft_participants (draft_order,fantasy_game_seq,player_id,preferred_team,team_name,seq) values (?,?,?,?,?,default)
    Hibernate: insert into ft_participants (draft_order,fantasy_game_seq,player_id,preferred_team,team_name,seq) values (?,?,?,?,?,default)
    Hibernate: insert into ft_participants (draft_order,fantasy_game_seq,player_id,preferred_team,team_name,seq) values (?,?,?,?,?,default)
    Hibernate: insert into ft_participants (draft_order,fantasy_game_seq,player_id,preferred_team,team_name,seq) values (?,?,?,?,?,default)
    Hibernate: insert into ft_participants (draft_order,fantasy_game_seq,player_id,preferred_team,team_name,seq) values (?,?,?,?,?,default)
    Hibernate: insert into ft_participants (draft_order,fantasy_game_seq,player_id,preferred_team,team_name,seq) values (?,?,?,?,?,default)
    Hibernate: insert into ft_participants (draft_order,fantasy_game_seq,player_id,preferred_team,team_name,seq) values (?,?,?,?,?,default)
    Hibernate: insert into ft_participants (draft_order,fantasy_game_seq,player_id,preferred_team,team_name,seq) values (?,?,?,?,?,default)
    Hibernate: insert into ft_participants (draft_order,fantasy_game_seq,player_id,preferred_team,team_name,seq) values (?,?,?,?,?,default)
    Hibernate: insert into ft_participants (draft_order,fantasy_game_seq,player_id,preferred_team,team_name,seq) values (?,?,?,?,?,default)
    Hibernate: insert into ft_participants (draft_order,fantasy_game_seq,player_id,preferred_team,team_name,seq) values (?,?,?,?,?,default)
    Hibernate: insert into ft_participants (draft_order,fantasy_game_seq,player_id,preferred_team,team_name,seq) values (?,?,?,?,?,default)
    Hibernate: insert into ft_participants (draft_order,fantasy_game_seq,player_id,preferred_team,team_name,seq) values (?,?,?,?,?,default)
    Hibernate: insert into ft_participants (draft_order,fantasy_game_seq,player_id,preferred_team,team_name,seq) values (?,?,?,?,?,default)
    Hibernate: insert into ft_participants (draft_order,fantasy_game_seq,player_id,preferred_team,team_name,seq) values (?,?,?,?,?,default)
    Hibernate: insert into ft_participants (draft_order,fantasy_game_seq,player_id,preferred_team,team_name,seq) values (?,?,?,?,?,default)
    Hibernate: insert into ft_participants (draft_order,fantasy_game_seq,player_id,preferred_team,team_name,seq) values (?,?,?,?,?,default)
    Hibernate: insert into ft_participants (draft_order,fantasy_game_seq,player_id,preferred_team,team_name,seq) values (?,?,?,?,?,default)
    Hibernate: insert into ft_participants (draft_order,fantasy_game_seq,player_id,preferred_team,team_name,seq) values (?,?,?,?,?,default)
    Hibernate: insert into ft_participants (draft_order,fantasy_game_seq,player_id,preferred_team,team_name,seq) values (?,?,?,?,?,default)
    Hibernate: insert into ft_participants (draft_order,fantasy_game_seq,player_id,preferred_team,team_name,seq) values (?,?,?,?,?,default)
    Hibernate: insert into ft_participants (draft_order,fantasy_game_seq,player_id,preferred_team,team_name,seq) values (?,?,?,?,?,default)
    Hibernate: insert into ft_participants (draft_order,fantasy_game_seq,player_id,preferred_team,team_name,seq) values (?,?,?,?,?,default)
    Hibernate: insert into ft_participants (draft_order,fantasy_game_seq,player_id,preferred_team,team_name,seq) values (?,?,?,?,?,default)
    Hibernate: insert into ft_participants (draft_order,fantasy_game_seq,player_id,preferred_team,team_name,seq) values (?,?,?,?,?,default)
    Hibernate: insert into ft_participants (draft_order,fantasy_game_seq,player_id,preferred_team,team_name,seq) values (?,?,?,?,?,default)
    Hibernate: insert into ft_participants (draft_order,fantasy_game_seq,player_id,preferred_team,team_name,seq) values (?,?,?,?,?,default)
    Hibernate: insert into ft_participants (draft_order,fantasy_game_seq,player_id,preferred_team,team_name,seq) values (?,?,?,?,?,default)
    Hibernate: insert into ft_participants (draft_order,fantasy_game_seq,player_id,preferred_team,team_name,seq) values (?,?,?,?,?,default)
    Hibernate: insert into ft_participants (draft_order,fantasy_game_seq,player_id,preferred_team,team_name,seq) values (?,?,?,?,?,default)
    Hibernate: insert into ft_participants (draft_order,fantasy_game_seq,player_id,preferred_team,team_name,seq) values (?,?,?,?,?,default)
    Hibernate: insert into ft_participants (draft_order,fantasy_game_seq,player_id,preferred_team,team_name,seq) values (?,?,?,?,?,default)
    Hibernate: insert into ft_participants (draft_order,fantasy_game_seq,player_id,preferred_team,team_name,seq) values (?,?,?,?,?,default)
    Hibernate: insert into ft_participants (draft_order,fantasy_game_seq,player_id,preferred_team,team_name,seq) values (?,?,?,?,?,default)
    Hibernate: insert into ft_participants (draft_order,fantasy_game_seq,player_id,preferred_team,team_name,seq) values (?,?,?,?,?,default)
    Hibernate: insert into ft_participants (draft_order,fantasy_game_seq,player_id,preferred_team,team_name,seq) values (?,?,?,?,?,default)
    Hibernate: insert into ft_participants (draft_order,fantasy_game_seq,player_id,preferred_team,team_name,seq) values (?,?,?,?,?,default)
    Hibernate: insert into ft_participants (draft_order,fantasy_game_seq,player_id,preferred_team,team_name,seq) values (?,?,?,?,?,default)
    Hibernate: insert into ft_participants (draft_order,fantasy_game_seq,player_id,preferred_team,team_name,seq) values (?,?,?,?,?,default)
    Hibernate: insert into ft_participants (draft_order,fantasy_game_seq,player_id,preferred_team,team_name,seq) values (?,?,?,?,?,default)
    Hibernate: insert into ft_participants (draft_order,fantasy_game_seq,player_id,preferred_team,team_name,seq) values (?,?,?,?,?,default)
    Hibernate: insert into ft_participants (draft_order,fantasy_game_seq,player_id,preferred_team,team_name,seq) values (?,?,?,?,?,default)
    Hibernate: insert into ft_participants (draft_order,fantasy_game_seq,player_id,preferred_team,team_name,seq) values (?,?,?,?,?,default)
    Hibernate: insert into ft_participants (draft_order,fantasy_game_seq,player_id,preferred_team,team_name,seq) values (?,?,?,?,?,default)
    Hibernate: insert into ft_participants (draft_order,fantasy_game_seq,player_id,preferred_team,team_name,seq) values (?,?,?,?,?,default)
    Hibernate: insert into ft_participants (draft_order,fantasy_game_seq,player_id,preferred_team,team_name,seq) values (?,?,?,?,?,default)
    Hibernate: insert into ft_participants (draft_order,fantasy_game_seq,player_id,preferred_team,team_name,seq) values (?,?,?,?,?,default)
    Hibernate: insert into ft_participants (draft_order,fantasy_game_seq,player_id,preferred_team,team_name,seq) values (?,?,?,?,?,default)
    Hibernate: insert into ft_participants (draft_order,fantasy_game_seq,player_id,preferred_team,team_name,seq) values (?,?,?,?,?,default)
    Hibernate: insert into ft_participants (draft_order,fantasy_game_seq,player_id,preferred_team,team_name,seq) values (?,?,?,?,?,default)
    Hibernate: insert into ft_participants (draft_order,fantasy_game_seq,player_id,preferred_team,team_name,seq) values (?,?,?,?,?,default)
    Hibernate: insert into ft_participants (draft_order,fantasy_game_seq,player_id,preferred_team,team_name,seq) values (?,?,?,?,?,default)
    Hibernate: insert into ft_participants (draft_order,fantasy_game_seq,player_id,preferred_team,team_name,seq) values (?,?,?,?,?,default)
    Hibernate: insert into ft_participants (draft_order,fantasy_game_seq,player_id,preferred_team,team_name,seq) values (?,?,?,?,?,default)
    Hibernate: insert into ft_participants (draft_order,fantasy_game_seq,player_id,preferred_team,team_name,seq) values (?,?,?,?,?,default)
    Hibernate: insert into ft_participants (draft_order,fantasy_game_seq,player_id,preferred_team,team_name,seq) values (?,?,?,?,?,default)
    Hibernate: insert into ft_participants (draft_order,fantasy_game_seq,player_id,preferred_team,team_name,seq) values (?,?,?,?,?,default)
    Hibernate: insert into ft_participants (draft_order,fantasy_game_seq,player_id,preferred_team,team_name,seq) values (?,?,?,?,?,default)
    Hibernate: insert into ft_participants (draft_order,fantasy_game_seq,player_id,preferred_team,team_name,seq) values (?,?,?,?,?,default)
    Hibernate: insert into ft_participants (draft_order,fantasy_game_seq,player_id,preferred_team,team_name,seq) values (?,?,?,?,?,default)
    Hibernate: insert into ft_participants (draft_order,fantasy_game_seq,player_id,preferred_team,team_name,seq) values (?,?,?,?,?,default)
    Hibernate: insert into ft_participants (draft_order,fantasy_game_seq,player_id,preferred_team,team_name,seq) values (?,?,?,?,?,default)
    Hibernate: insert into ft_participants (draft_order,fantasy_game_seq,player_id,preferred_team,team_name,seq) values (?,?,?,?,?,default)
    Hibernate: insert into ft_participants (draft_order,fantasy_game_seq,player_id,preferred_team,team_name,seq) values (?,?,?,?,?,default)
    Hibernate: insert into ft_participants (draft_order,fantasy_game_seq,player_id,preferred_team,team_name,seq) values (?,?,?,?,?,default)
    Hibernate: insert into ft_participants (draft_order,fantasy_game_seq,player_id,preferred_team,team_name,seq) values (?,?,?,?,?,default)
    Hibernate: insert into ft_participants (draft_order,fantasy_game_seq,player_id,preferred_team,team_name,seq) values (?,?,?,?,?,default)
    Hibernate: insert into ft_participants (draft_order,fantasy_game_seq,player_id,preferred_team,team_name,seq) values (?,?,?,?,?,default)
    Hibernate: insert into ft_participants (draft_order,fantasy_game_seq,player_id,preferred_team,team_name,seq) values (?,?,?,?,?,default)
    Hibernate: insert into ft_participants (draft_order,fantasy_game_seq,player_id,preferred_team,team_name,seq) values (?,?,?,?,?,default)
    Hibernate: insert into ft_participants (draft_order,fantasy_game_seq,player_id,preferred_team,team_name,seq) values (?,?,?,?,?,default)
    Hibernate: insert into ft_participants (draft_order,fantasy_game_seq,player_id,preferred_team,team_name,seq) values (?,?,?,?,?,default)
    Hibernate: insert into ft_participants (draft_order,fantasy_game_seq,player_id,preferred_team,team_name,seq) values (?,?,?,?,?,default)
    Hibernate: insert into ft_participants (draft_order,fantasy_game_seq,player_id,preferred_team,team_name,seq) values (?,?,?,?,?,default)
    Hibernate: insert into ft_participants (draft_order,fantasy_game_seq,player_id,preferred_team,team_name,seq) values (?,?,?,?,?,default)
    Hibernate: insert into ft_participants (draft_order,fantasy_game_seq,player_id,preferred_team,team_name,seq) values (?,?,?,?,?,default)
    Hibernate: insert into ft_participants (draft_order,fantasy_game_seq,player_id,preferred_team,team_name,seq) values (?,?,?,?,?,default)
    Hibernate: insert into ft_participants (draft_order,fantasy_game_seq,player_id,preferred_team,team_name,seq) values (?,?,?,?,?,default)
    Hibernate: insert into ft_participants (draft_order,fantasy_game_seq,player_id,preferred_team,team_name,seq) values (?,?,?,?,?,default)
    Hibernate: insert into ft_participants (draft_order,fantasy_game_seq,player_id,preferred_team,team_name,seq) values (?,?,?,?,?,default)
    Hibernate: insert into ft_participants (draft_order,fantasy_game_seq,player_id,preferred_team,team_name,seq) values (?,?,?,?,?,default)
    Hibernate: insert into ft_participants (draft_order,fantasy_game_seq,player_id,preferred_team,team_name,seq) values (?,?,?,?,?,default)
    Hibernate: insert into ft_participants (draft_order,fantasy_game_seq,player_id,preferred_team,team_name,seq) values (?,?,?,?,?,default)
    Hibernate: insert into ft_participants (draft_order,fantasy_game_seq,player_id,preferred_team,team_name,seq) values (?,?,?,?,?,default)
    Hibernate: insert into ft_participants (draft_order,fantasy_game_seq,player_id,preferred_team,team_name,seq) values (?,?,?,?,?,default)
    Hibernate: insert into ft_participants (draft_order,fantasy_game_seq,player_id,preferred_team,team_name,seq) values (?,?,?,?,?,default)
    Hibernate: insert into ft_participants (draft_order,fantasy_game_seq,player_id,preferred_team,team_name,seq) values (?,?,?,?,?,default)
    Hibernate: insert into ft_participants (draft_order,fantasy_game_seq,player_id,preferred_team,team_name,seq) values (?,?,?,?,?,default)
    Hibernate: insert into ft_participants (draft_order,fantasy_game_seq,player_id,preferred_team,team_name,seq) values (?,?,?,?,?,default)
    Hibernate: insert into ft_participants (draft_order,fantasy_game_seq,player_id,preferred_team,team_name,seq) values (?,?,?,?,?,default)
    Hibernate: insert into ft_participants (draft_order,fantasy_game_seq,player_id,preferred_team,team_name,seq) values (?,?,?,?,?,default)
    Hibernate: insert into ft_participants (draft_order,fantasy_game_seq,player_id,preferred_team,team_name,seq) values (?,?,?,?,?,default)
    Hibernate: insert into ft_participants (draft_order,fantasy_game_seq,player_id,preferred_team,team_name,seq) values (?,?,?,?,?,default)
    Hibernate: insert into ft_participants (draft_order,fantasy_game_seq,player_id,preferred_team,team_name,seq) values (?,?,?,?,?,default)
    Hibernate: insert into ft_participants (draft_order,fantasy_game_seq,player_id,preferred_team,team_name,seq) values (?,?,?,?,?,default)
    Hibernate: insert into ft_participants (draft_order,fantasy_game_seq,player_id,preferred_team,team_name,seq) values (?,?,?,?,?,default)
    Hibernate: insert into ft_participants (draft_order,fantasy_game_seq,player_id,preferred_team,team_name,seq) values (?,?,?,?,?,default)
    Hibernate: insert into ft_participants (draft_order,fantasy_game_seq,player_id,preferred_team,team_name,seq) values (?,?,?,?,?,default)
    Hibernate: insert into ft_participants (draft_order,fantasy_game_seq,player_id,preferred_team,team_name,seq) values (?,?,?,?,?,default)
    Hibernate: insert into ft_participants (draft_order,fantasy_game_seq,player_id,preferred_team,team_name,seq) values (?,?,?,?,?,default)
    Hibernate: insert into ft_participants (draft_order,fantasy_game_seq,player_id,preferred_team,team_name,seq) values (?,?,?,?,?,default)
    Hibernate: insert into ft_participants (draft_order,fantasy_game_seq,player_id,preferred_team,team_name,seq) values (?,?,?,?,?,default)
    Hibernate: insert into ft_participants (draft_order,fantasy_game_seq,player_id,preferred_team,team_name,seq) values (?,?,?,?,?,default)
    Hibernate: insert into ft_participants (draft_order,fantasy_game_seq,player_id,preferred_team,team_name,seq) values (?,?,?,?,?,default)
    Hibernate: insert into ft_participants (draft_order,fantasy_game_seq,player_id,preferred_team,team_name,seq) values (?,?,?,?,?,default)
    Hibernate: insert into ft_participants (draft_order,fantasy_game_seq,player_id,preferred_team,team_name,seq) values (?,?,?,?,?,default)
    Hibernate: insert into ft_participants (draft_order,fantasy_game_seq,player_id,preferred_team,team_name,seq) values (?,?,?,?,?,default)
    Hibernate: insert into ft_participants (draft_order,fantasy_game_seq,player_id,preferred_team,team_name,seq) values (?,?,?,?,?,default)
    Hibernate: insert into ft_participants (draft_order,fantasy_game_seq,player_id,preferred_team,team_name,seq) values (?,?,?,?,?,default)
    Hibernate: insert into ft_participants (draft_order,fantasy_game_seq,player_id,preferred_team,team_name,seq) values (?,?,?,?,?,default)
    Hibernate: insert into ft_participants (draft_order,fantasy_game_seq,player_id,preferred_team,team_name,seq) values (?,?,?,?,?,default)
    Hibernate: insert into ft_participants (draft_order,fantasy_game_seq,player_id,preferred_team,team_name,seq) values (?,?,?,?,?,default)
    Hibernate: insert into ft_participants (draft_order,fantasy_game_seq,player_id,preferred_team,team_name,seq) values (?,?,?,?,?,default)
    Hibernate: insert into ft_participants (draft_order,fantasy_game_seq,player_id,preferred_team,team_name,seq) values (?,?,?,?,?,default)
    Hibernate: insert into ft_participants (draft_order,fantasy_game_seq,player_id,preferred_team,team_name,seq) values (?,?,?,?,?,default)
    Hibernate: insert into ft_participants (draft_order,fantasy_game_seq,player_id,preferred_team,team_name,seq) values (?,?,?,?,?,default)
    Hibernate: insert into ft_participants (draft_order,fantasy_game_seq,player_id,preferred_team,team_name,seq) values (?,?,?,?,?,default)
    Hibernate: insert into ft_participants (draft_order,fantasy_game_seq,player_id,preferred_team,team_name,seq) values (?,?,?,?,?,default)
    Hibernate: insert into ft_participants (draft_order,fantasy_game_seq,player_id,preferred_team,team_name,seq) values (?,?,?,?,?,default)
    Hibernate: insert into ft_participants (draft_order,fantasy_game_seq,player_id,preferred_team,team_name,seq) values (?,?,?,?,?,default)
    Hibernate: insert into ft_participants (draft_order,fantasy_game_seq,player_id,preferred_team,team_name,seq) values (?,?,?,?,?,default)
    Hibernate: insert into ft_participants (draft_order,fantasy_game_seq,player_id,preferred_team,team_name,seq) values (?,?,?,?,?,default)
    Hibernate: insert into ft_participants (draft_order,fantasy_game_seq,player_id,preferred_team,team_name,seq) values (?,?,?,?,?,default)
    Hibernate: insert into ft_participants (draft_order,fantasy_game_seq,player_id,preferred_team,team_name,seq) values (?,?,?,?,?,default)
    Hibernate: insert into ft_participants (draft_order,fantasy_game_seq,player_id,preferred_team,team_name,seq) values (?,?,?,?,?,default)
    Hibernate: insert into ft_participants (draft_order,fantasy_game_seq,player_id,preferred_team,team_name,seq) values (?,?,?,?,?,default)
    Hibernate: insert into ft_participants (draft_order,fantasy_game_seq,player_id,preferred_team,team_name,seq) values (?,?,?,?,?,default)
    Hibernate: insert into ft_participants (draft_order,fantasy_game_seq,player_id,preferred_team,team_name,seq) values (?,?,?,?,?,default)
    Hibernate: insert into ft_participants (draft_order,fantasy_game_seq,player_id,preferred_team,team_name,seq) values (?,?,?,?,?,default)
    Hibernate: insert into ft_participants (draft_order,fantasy_game_seq,player_id,preferred_team,team_name,seq) values (?,?,?,?,?,default)
    Hibernate: insert into ft_participants (draft_order,fantasy_game_seq,player_id,preferred_team,team_name,seq) values (?,?,?,?,?,default)
    Hibernate: insert into ft_participants (draft_order,fantasy_game_seq,player_id,preferred_team,team_name,seq) values (?,?,?,?,?,default)
    Hibernate: insert into ft_participants (draft_order,fantasy_game_seq,player_id,preferred_team,team_name,seq) values (?,?,?,?,?,default)
    Hibernate: insert into ft_participants (draft_order,fantasy_game_seq,player_id,preferred_team,team_name,seq) values (?,?,?,?,?,default)
    Hibernate: insert into ft_participants (draft_order,fantasy_game_seq,player_id,preferred_team,team_name,seq) values (?,?,?,?,?,default)
    Hibernate: insert into ft_participants (draft_order,fantasy_game_seq,player_id,preferred_team,team_name,seq) values (?,?,?,?,?,default)
    Hibernate: insert into ft_participants (draft_order,fantasy_game_seq,player_id,preferred_team,team_name,seq) values (?,?,?,?,?,default)
    Hibernate: insert into ft_participants (draft_order,fantasy_game_seq,player_id,preferred_team,team_name,seq) values (?,?,?,?,?,default)
    Hibernate: insert into ft_participants (draft_order,fantasy_game_seq,player_id,preferred_team,team_name,seq) values (?,?,?,?,?,default)
    Hibernate: insert into ft_participants (draft_order,fantasy_game_seq,player_id,preferred_team,team_name,seq) values (?,?,?,?,?,default)
    Hibernate: insert into ft_participants (draft_order,fantasy_game_seq,player_id,preferred_team,team_name,seq) values (?,?,?,?,?,default)
    Hibernate: insert into ft_participants (draft_order,fantasy_game_seq,player_id,preferred_team,team_name,seq) values (?,?,?,?,?,default)
    Hibernate: insert into ft_participants (draft_order,fantasy_game_seq,player_id,preferred_team,team_name,seq) values (?,?,?,?,?,default)
    Hibernate: insert into ft_participants (draft_order,fantasy_game_seq,player_id,preferred_team,team_name,seq) values (?,?,?,?,?,default)
    Hibernate: insert into ft_participants (draft_order,fantasy_game_seq,player_id,preferred_team,team_name,seq) values (?,?,?,?,?,default)
    Hibernate: insert into ft_participants (draft_order,fantasy_game_seq,player_id,preferred_team,team_name,seq) values (?,?,?,?,?,default)
    Hibernate: insert into ft_participants (draft_order,fantasy_game_seq,player_id,preferred_team,team_name,seq) values (?,?,?,?,?,default)
    Hibernate: insert into ft_participants (draft_order,fantasy_game_seq,player_id,preferred_team,team_name,seq) values (?,?,?,?,?,default)
    Hibernate: insert into ft_participants (draft_order,fantasy_game_seq,player_id,preferred_team,team_name,seq) values (?,?,?,?,?,default)
    Hibernate: insert into ft_participants (draft_order,fantasy_game_seq,player_id,preferred_team,team_name,seq) values (?,?,?,?,?,default)
    Hibernate: insert into ft_participants (draft_order,fantasy_game_seq,player_id,preferred_team,team_name,seq) values (?,?,?,?,?,default)
    Hibernate: insert into ft_participants (draft_order,fantasy_game_seq,player_id,preferred_team,team_name,seq) values (?,?,?,?,?,default)
    Hibernate: insert into ft_participants (draft_order,fantasy_game_seq,player_id,preferred_team,team_name,seq) values (?,?,?,?,?,default)
    Hibernate: insert into ft_participants (draft_order,fantasy_game_seq,player_id,preferred_team,team_name,seq) values (?,?,?,?,?,default)
    Hibernate: insert into ft_participants (draft_order,fantasy_game_seq,player_id,preferred_team,team_name,seq) values (?,?,?,?,?,default)
    Hibernate: insert into ft_participants (draft_order,fantasy_game_seq,player_id,preferred_team,team_name,seq) values (?,?,?,?,?,default)
    Hibernate: insert into ft_participants (draft_order,fantasy_game_seq,player_id,preferred_team,team_name,seq) values (?,?,?,?,?,default)
    Hibernate: insert into ft_participants (draft_order,fantasy_game_seq,player_id,preferred_team,team_name,seq) values (?,?,?,?,?,default)
    Hibernate: insert into ft_participants (draft_order,fantasy_game_seq,player_id,preferred_team,team_name,seq) values (?,?,?,?,?,default)
    Hibernate: insert into ft_participants (draft_order,fantasy_game_seq,player_id,preferred_team,team_name,seq) values (?,?,?,?,?,default)
    Hibernate: insert into ft_participants (draft_order,fantasy_game_seq,player_id,preferred_team,team_name,seq) values (?,?,?,?,?,default)
    Hibernate: insert into ft_participants (draft_order,fantasy_game_seq,player_id,preferred_team,team_name,seq) values (?,?,?,?,?,default)
    Hibernate: insert into ft_participants (draft_order,fantasy_game_seq,player_id,preferred_team,team_name,seq) values (?,?,?,?,?,default)
    Hibernate: insert into ft_participants (draft_order,fantasy_game_seq,player_id,preferred_team,team_name,seq) values (?,?,?,?,?,default)
    Hibernate: insert into ft_participants (draft_order,fantasy_game_seq,player_id,preferred_team,team_name,seq) values (?,?,?,?,?,default)
    Hibernate: insert into ft_participants (draft_order,fantasy_game_seq,player_id,preferred_team,team_name,seq) values (?,?,?,?,?,default)
    Hibernate: insert into ft_participants (draft_order,fantasy_game_seq,player_id,preferred_team,team_name,seq) values (?,?,?,?,?,default)
    Hibernate: insert into ft_participants (draft_order,fantasy_game_seq,player_id,preferred_team,team_name,seq) values (?,?,?,?,?,default)
    Hibernate: insert into ft_participants (draft_order,fantasy_game_seq,player_id,preferred_team,team_name,seq) values (?,?,?,?,?,default)
    Hibernate: insert into ft_participants (draft_order,fantasy_game_seq,player_id,preferred_team,team_name,seq) values (?,?,?,?,?,default)
    Hibernate: insert into ft_participants (draft_order,fantasy_game_seq,player_id,preferred_team,team_name,seq) values (?,?,?,?,?,default)
    Hibernate: insert into ft_participants (draft_order,fantasy_game_seq,player_id,preferred_team,team_name,seq) values (?,?,?,?,?,default)
    Hibernate: insert into ft_participants (draft_order,fantasy_game_seq,player_id,preferred_team,team_name,seq) values (?,?,?,?,?,default)
    Hibernate: insert into ft_participants (draft_order,fantasy_game_seq,player_id,preferred_team,team_name,seq) values (?,?,?,?,?,default)
    Hibernate: insert into ft_participants (draft_order,fantasy_game_seq,player_id,preferred_team,team_name,seq) values (?,?,?,?,?,default)
    Hibernate: insert into ft_participants (draft_order,fantasy_game_seq,player_id,preferred_team,team_name,seq) values (?,?,?,?,?,default)
    Hibernate: insert into ft_participants (draft_order,fantasy_game_seq,player_id,preferred_team,team_name,seq) values (?,?,?,?,?,default)
    Hibernate: insert into ft_participants (draft_order,fantasy_game_seq,player_id,preferred_team,team_name,seq) values (?,?,?,?,?,default)
    Hibernate: insert into ft_participants (draft_order,fantasy_game_seq,player_id,preferred_team,team_name,seq) values (?,?,?,?,?,default)
    Hibernate: insert into ft_participants (draft_order,fantasy_game_seq,player_id,preferred_team,team_name,seq) values (?,?,?,?,?,default)
    Hibernate: insert into ft_participants (draft_order,fantasy_game_seq,player_id,preferred_team,team_name,seq) values (?,?,?,?,?,default)
    Hibernate: insert into ft_participants (draft_order,fantasy_game_seq,player_id,preferred_team,team_name,seq) values (?,?,?,?,?,default)
    Hibernate: insert into ft_participants (draft_order,fantasy_game_seq,player_id,preferred_team,team_name,seq) values (?,?,?,?,?,default)
    Hibernate: insert into ft_participants (draft_order,fantasy_game_seq,player_id,preferred_team,team_name,seq) values (?,?,?,?,?,default)
    Hibernate: insert into ft_participants (draft_order,fantasy_game_seq,player_id,preferred_team,team_name,seq) values (?,?,?,?,?,default)
    Hibernate: insert into ft_participants (draft_order,fantasy_game_seq,player_id,preferred_team,team_name,seq) values (?,?,?,?,?,default)
    Hibernate: insert into ft_participants (draft_order,fantasy_game_seq,player_id,preferred_team,team_name,seq) values (?,?,?,?,?,default)
    Hibernate: insert into ft_participants (draft_order,fantasy_game_seq,player_id,preferred_team,team_name,seq) values (?,?,?,?,?,default)
    Hibernate: insert into ft_participants (draft_order,fantasy_game_seq,player_id,preferred_team,team_name,seq) values (?,?,?,?,?,default)
    Hibernate: insert into ft_participants (draft_order,fantasy_game_seq,player_id,preferred_team,team_name,seq) values (?,?,?,?,?,default)
    Hibernate: insert into ft_participants (draft_order,fantasy_game_seq,player_id,preferred_team,team_name,seq) values (?,?,?,?,?,default)
    Hibernate: insert into ft_participants (draft_order,fantasy_game_seq,player_id,preferred_team,team_name,seq) values (?,?,?,?,?,default)
    Hibernate: insert into ft_participants (draft_order,fantasy_game_seq,player_id,preferred_team,team_name,seq) values (?,?,?,?,?,default)
    Hibernate: insert into ft_participants (draft_order,fantasy_game_seq,player_id,preferred_team,team_name,seq) values (?,?,?,?,?,default)
    Hibernate: insert into ft_participants (draft_order,fantasy_game_seq,player_id,preferred_team,team_name,seq) values (?,?,?,?,?,default)
    Hibernate: insert into ft_participants (draft_order,fantasy_game_seq,player_id,preferred_team,team_name,seq) values (?,?,?,?,?,default)
    Hibernate: insert into ft_participants (draft_order,fantasy_game_seq,player_id,preferred_team,team_name,seq) values (?,?,?,?,?,default)
    Hibernate: insert into ft_participants (draft_order,fantasy_game_seq,player_id,preferred_team,team_name,seq) values (?,?,?,?,?,default)
    Hibernate: insert into ft_participants (draft_order,fantasy_game_seq,player_id,preferred_team,team_name,seq) values (?,?,?,?,?,default)
    Hibernate: insert into ft_participants (draft_order,fantasy_game_seq,player_id,preferred_team,team_name,seq) values (?,?,?,?,?,default)
    Hibernate: insert into ft_participants (draft_order,fantasy_game_seq,player_id,preferred_team,team_name,seq) values (?,?,?,?,?,default)
    Hibernate: insert into ft_participants (draft_order,fantasy_game_seq,player_id,preferred_team,team_name,seq) values (?,?,?,?,?,default)
    Hibernate: insert into ft_participants (draft_order,fantasy_game_seq,player_id,preferred_team,team_name,seq) values (?,?,?,?,?,default)
    Hibernate: insert into ft_participants (draft_order,fantasy_game_seq,player_id,preferred_team,team_name,seq) values (?,?,?,?,?,default)
    Hibernate: insert into ft_participants (draft_order,fantasy_game_seq,player_id,preferred_team,team_name,seq) values (?,?,?,?,?,default)
    Hibernate: insert into ft_participants (draft_order,fantasy_game_seq,player_id,preferred_team,team_name,seq) values (?,?,?,?,?,default)
    Hibernate: insert into ft_participants (draft_order,fantasy_game_seq,player_id,preferred_team,team_name,seq) values (?,?,?,?,?,default)
    Hibernate: insert into ft_participants (draft_order,fantasy_game_seq,player_id,preferred_team,team_name,seq) values (?,?,?,?,?,default)
    Hibernate: insert into ft_participants (draft_order,fantasy_game_seq,player_id,preferred_team,team_name,seq) values (?,?,?,?,?,default)
    Hibernate: insert into ft_participants (draft_order,fantasy_game_seq,player_id,preferred_team,team_name,seq) values (?,?,?,?,?,default)
    Hibernate: insert into ft_participants (draft_order,fantasy_game_seq,player_id,preferred_team,team_name,seq) values (?,?,?,?,?,default)
    Hibernate: insert into ft_participants (draft_order,fantasy_game_seq,player_id,preferred_team,team_name,seq) values (?,?,?,?,?,default)
    Hibernate: insert into ft_participants (draft_order,fantasy_game_seq,player_id,preferred_team,team_name,seq) values (?,?,?,?,?,default)
    Hibernate: insert into ft_participants (draft_order,fantasy_game_seq,player_id,preferred_team,team_name,seq) values (?,?,?,?,?,default)
    Hibernate: insert into ft_participants (draft_order,fantasy_game_seq,player_id,preferred_team,team_name,seq) values (?,?,?,?,?,default)
    Hibernate: insert into ft_participants (draft_order,fantasy_game_seq,player_id,preferred_team,team_name,seq) values (?,?,?,?,?,default)
    Hibernate: insert into ft_participants (draft_order,fantasy_game_seq,player_id,preferred_team,team_name,seq) values (?,?,?,?,?,default)
    Hibernate: insert into ft_participants (draft_order,fantasy_game_seq,player_id,preferred_team,team_name,seq) values (?,?,?,?,?,default)
    Hibernate: insert into ft_participants (draft_order,fantasy_game_seq,player_id,preferred_team,team_name,seq) values (?,?,?,?,?,default)
    Hibernate: insert into ft_participants (draft_order,fantasy_game_seq,player_id,preferred_team,team_name,seq) values (?,?,?,?,?,default)
    Hibernate: insert into ft_participants (draft_order,fantasy_game_seq,player_id,preferred_team,team_name,seq) values (?,?,?,?,?,default)
    Hibernate: insert into ft_participants (draft_order,fantasy_game_seq,player_id,preferred_team,team_name,seq) values (?,?,?,?,?,default)
    Hibernate: insert into ft_participants (draft_order,fantasy_game_seq,player_id,preferred_team,team_name,seq) values (?,?,?,?,?,default)
    Hibernate: insert into ft_participants (draft_order,fantasy_game_seq,player_id,preferred_team,team_name,seq) values (?,?,?,?,?,default)
    Hibernate: insert into ft_participants (draft_order,fantasy_game_seq,player_id,preferred_team,team_name,seq) values (?,?,?,?,?,default)
    Hibernate: insert into ft_participants (draft_order,fantasy_game_seq,player_id,preferred_team,team_name,seq) values (?,?,?,?,?,default)
    Hibernate: insert into ft_participants (draft_order,fantasy_game_seq,player_id,preferred_team,team_name,seq) values (?,?,?,?,?,default)
    Hibernate: insert into ft_participants (draft_order,fantasy_game_seq,player_id,preferred_team,team_name,seq) values (?,?,?,?,?,default)
    Hibernate: insert into ft_participants (draft_order,fantasy_game_seq,player_id,preferred_team,team_name,seq) values (?,?,?,?,?,default)
    Hibernate: insert into ft_participants (draft_order,fantasy_game_seq,player_id,preferred_team,team_name,seq) values (?,?,?,?,?,default)
    Hibernate: insert into ft_participants (draft_order,fantasy_game_seq,player_id,preferred_team,team_name,seq) values (?,?,?,?,?,default)
    Hibernate: insert into ft_participants (draft_order,fantasy_game_seq,player_id,preferred_team,team_name,seq) values (?,?,?,?,?,default)
    Hibernate: insert into ft_participants (draft_order,fantasy_game_seq,player_id,preferred_team,team_name,seq) values (?,?,?,?,?,default)
    Hibernate: insert into ft_participants (draft_order,fantasy_game_seq,player_id,preferred_team,team_name,seq) values (?,?,?,?,?,default)
    Hibernate: insert into ft_participants (draft_order,fantasy_game_seq,player_id,preferred_team,team_name,seq) values (?,?,?,?,?,default)
    Hibernate: insert into ft_participants (draft_order,fantasy_game_seq,player_id,preferred_team,team_name,seq) values (?,?,?,?,?,default)
    Hibernate: insert into ft_participants (draft_order,fantasy_game_seq,player_id,preferred_team,team_name,seq) values (?,?,?,?,?,default)
    Hibernate: insert into ft_participants (draft_order,fantasy_game_seq,player_id,preferred_team,team_name,seq) values (?,?,?,?,?,default)
    Hibernate: insert into ft_participants (draft_order,fantasy_game_seq,player_id,preferred_team,team_name,seq) values (?,?,?,?,?,default)
    Hibernate: insert into ft_participants (draft_order,fantasy_game_seq,player_id,preferred_team,team_name,seq) values (?,?,?,?,?,default)
    Hibernate: insert into ft_participants (draft_order,fantasy_game_seq,player_id,preferred_team,team_name,seq) values (?,?,?,?,?,default)
    Hibernate: insert into ft_participants (draft_order,fantasy_game_seq,player_id,preferred_team,team_name,seq) values (?,?,?,?,?,default)
    Hibernate: insert into ft_participants (draft_order,fantasy_game_seq,player_id,preferred_team,team_name,seq) values (?,?,?,?,?,default)
    Hibernate: insert into ft_participants (draft_order,fantasy_game_seq,player_id,preferred_team,team_name,seq) values (?,?,?,?,?,default)
    Hibernate: insert into ft_participants (draft_order,fantasy_game_seq,player_id,preferred_team,team_name,seq) values (?,?,?,?,?,default)
    Hibernate: insert into ft_participants (draft_order,fantasy_game_seq,player_id,preferred_team,team_name,seq) values (?,?,?,?,?,default)
    Hibernate: insert into ft_participants (draft_order,fantasy_game_seq,player_id,preferred_team,team_name,seq) values (?,?,?,?,?,default)
    Hibernate: insert into ft_participants (draft_order,fantasy_game_seq,player_id,preferred_team,team_name,seq) values (?,?,?,?,?,default)
    Hibernate: insert into ft_participants (draft_order,fantasy_game_seq,player_id,preferred_team,team_name,seq) values (?,?,?,?,?,default)
    Hibernate: insert into ft_participants (draft_order,fantasy_game_seq,player_id,preferred_team,team_name,seq) values (?,?,?,?,?,default)
    Hibernate: insert into ft_participants (draft_order,fantasy_game_seq,player_id,preferred_team,team_name,seq) values (?,?,?,?,?,default)
    Hibernate: insert into ft_participants (draft_order,fantasy_game_seq,player_id,preferred_team,team_name,seq) values (?,?,?,?,?,default)
    Hibernate: insert into ft_participants (draft_order,fantasy_game_seq,player_id,preferred_team,team_name,seq) values (?,?,?,?,?,default)
    Hibernate: insert into ft_participants (draft_order,fantasy_game_seq,player_id,preferred_team,team_name,seq) values (?,?,?,?,?,default)
    Hibernate: insert into ft_participants (draft_order,fantasy_game_seq,player_id,preferred_team,team_name,seq) values (?,?,?,?,?,default)
    Hibernate: insert into ft_participants (draft_order,fantasy_game_seq,player_id,preferred_team,team_name,seq) values (?,?,?,?,?,default)
    Hibernate: insert into ft_participants (draft_order,fantasy_game_seq,player_id,preferred_team,team_name,seq) values (?,?,?,?,?,default)
    Hibernate: insert into ft_participants (draft_order,fantasy_game_seq,player_id,preferred_team,team_name,seq) values (?,?,?,?,?,default)
    Hibernate: insert into ft_participants (draft_order,fantasy_game_seq,player_id,preferred_team,team_name,seq) values (?,?,?,?,?,default)
    Hibernate: insert into ft_participants (draft_order,fantasy_game_seq,player_id,preferred_team,team_name,seq) values (?,?,?,?,?,default)
    Hibernate: insert into ft_participants (draft_order,fantasy_game_seq,player_id,preferred_team,team_name,seq) values (?,?,?,?,?,default)
    Hibernate: insert into ft_participants (draft_order,fantasy_game_seq,player_id,preferred_team,team_name,seq) values (?,?,?,?,?,default)
    Hibernate: insert into ft_participants (draft_order,fantasy_game_seq,player_id,preferred_team,team_name,seq) values (?,?,?,?,?,default)
    Hibernate: insert into ft_participants (draft_order,fantasy_game_seq,player_id,preferred_team,team_name,seq) values (?,?,?,?,?,default)
    Hibernate: insert into ft_participants (draft_order,fantasy_game_seq,player_id,preferred_team,team_name,seq) values (?,?,?,?,?,default)
    Hibernate: insert into ft_participants (draft_order,fantasy_game_seq,player_id,preferred_team,team_name,seq) values (?,?,?,?,?,default)
    Hibernate: insert into ft_participants (draft_order,fantasy_game_seq,player_id,preferred_team,team_name,seq) values (?,?,?,?,?,default)
    Hibernate: insert into ft_participants (draft_order,fantasy_game_seq,player_id,preferred_team,team_name,seq) values (?,?,?,?,?,default)
    Hibernate: insert into ft_participants (draft_order,fantasy_game_seq,player_id,preferred_team,team_name,seq) values (?,?,?,?,?,default)
    Hibernate: insert into ft_participants (draft_order,fantasy_game_seq,player_id,preferred_team,team_name,seq) values (?,?,?,?,?,default)
    Hibernate: insert into ft_participants (draft_order,fantasy_game_seq,player_id,preferred_team,team_name,seq) values (?,?,?,?,?,default)
    Hibernate: insert into ft_participants (draft_order,fantasy_game_seq,player_id,preferred_team,team_name,seq) values (?,?,?,?,?,default)
    Hibernate: insert into ft_participants (draft_order,fantasy_game_seq,player_id,preferred_team,team_name,seq) values (?,?,?,?,?,default)
    Hibernate: insert into ft_participants (draft_order,fantasy_game_seq,player_id,preferred_team,team_name,seq) values (?,?,?,?,?,default)
    Hibernate: insert into ft_participants (draft_order,fantasy_game_seq,player_id,preferred_team,team_name,seq) values (?,?,?,?,?,default)
    Hibernate: insert into ft_participants (draft_order,fantasy_game_seq,player_id,preferred_team,team_name,seq) values (?,?,?,?,?,default)
    Hibernate: insert into ft_participants (draft_order,fantasy_game_seq,player_id,preferred_team,team_name,seq) values (?,?,?,?,?,default)
    Hibernate: insert into ft_participants (draft_order,fantasy_game_seq,player_id,preferred_team,team_name,seq) values (?,?,?,?,?,default)
    Hibernate: insert into ft_participants (draft_order,fantasy_game_seq,player_id,preferred_team,team_name,seq) values (?,?,?,?,?,default)
    Hibernate: insert into ft_participants (draft_order,fantasy_game_seq,player_id,preferred_team,team_name,seq) values (?,?,?,?,?,default)
    Hibernate: insert into ft_participants (draft_order,fantasy_game_seq,player_id,preferred_team,team_name,seq) values (?,?,?,?,?,default)
    Hibernate: insert into ft_participants (draft_order,fantasy_game_seq,player_id,preferred_team,team_name,seq) values (?,?,?,?,?,default)
    Hibernate: insert into ft_participants (draft_order,fantasy_game_seq,player_id,preferred_team,team_name,seq) values (?,?,?,?,?,default)
    Hibernate: insert into ft_participants (draft_order,fantasy_game_seq,player_id,preferred_team,team_name,seq) values (?,?,?,?,?,default)
    Hibernate: insert into ft_participants (draft_order,fantasy_game_seq,player_id,preferred_team,team_name,seq) values (?,?,?,?,?,default)
    Hibernate: insert into ft_participants (draft_order,fantasy_game_seq,player_id,preferred_team,team_name,seq) values (?,?,?,?,?,default)
    Hibernate: insert into ft_participants (draft_order,fantasy_game_seq,player_id,preferred_team,team_name,seq) values (?,?,?,?,?,default)
    Hibernate: insert into ft_participants (draft_order,fantasy_game_seq,player_id,preferred_team,team_name,seq) values (?,?,?,?,?,default)
    Hibernate: insert into ft_participants (draft_order,fantasy_game_seq,player_id,preferred_team,team_name,seq) values (?,?,?,?,?,default)
    Hibernate: insert into ft_participants (draft_order,fantasy_game_seq,player_id,preferred_team,team_name,seq) values (?,?,?,?,?,default)
    Hibernate: insert into ft_participants (draft_order,fantasy_game_seq,player_id,preferred_team,team_name,seq) values (?,?,?,?,?,default)
    Hibernate: insert into ft_participants (draft_order,fantasy_game_seq,player_id,preferred_team,team_name,seq) values (?,?,?,?,?,default)
    Hibernate: insert into ft_participants (draft_order,fantasy_game_seq,player_id,preferred_team,team_name,seq) values (?,?,?,?,?,default)
    Hibernate: insert into ft_participants (draft_order,fantasy_game_seq,player_id,preferred_team,team_name,seq) values (?,?,?,?,?,default)
    Hibernate: insert into ft_participants (draft_order,fantasy_game_seq,player_id,preferred_team,team_name,seq) values (?,?,?,?,?,default)
    Hibernate: insert into ft_participants (draft_order,fantasy_game_seq,player_id,preferred_team,team_name,seq) values (?,?,?,?,?,default)
    Hibernate: insert into ft_participants (draft_order,fantasy_game_seq,player_id,preferred_team,team_name,seq) values (?,?,?,?,?,default)
    Hibernate: insert into ft_participants (draft_order,fantasy_game_seq,player_id,preferred_team,team_name,seq) values (?,?,?,?,?,default)
    Hibernate: insert into ft_participants (draft_order,fantasy_game_seq,player_id,preferred_team,team_name,seq) values (?,?,?,?,?,default)
    Hibernate: insert into ft_participants (draft_order,fantasy_game_seq,player_id,preferred_team,team_name,seq) values (?,?,?,?,?,default)
    Hibernate: insert into ft_participants (draft_order,fantasy_game_seq,player_id,preferred_team,team_name,seq) values (?,?,?,?,?,default)
    Hibernate: insert into ft_participants (draft_order,fantasy_game_seq,player_id,preferred_team,team_name,seq) values (?,?,?,?,?,default)
    Hibernate: insert into ft_participants (draft_order,fantasy_game_seq,player_id,preferred_team,team_name,seq) values (?,?,?,?,?,default)
    Hibernate: insert into ft_participants (draft_order,fantasy_game_seq,player_id,preferred_team,team_name,seq) values (?,?,?,?,?,default)
    Hibernate: insert into ft_participants (draft_order,fantasy_game_seq,player_id,preferred_team,team_name,seq) values (?,?,?,?,?,default)
    Hibernate: insert into ft_participants (draft_order,fantasy_game_seq,player_id,preferred_team,team_name,seq) values (?,?,?,?,?,default)
    Hibernate: insert into ft_participants (draft_order,fantasy_game_seq,player_id,preferred_team,team_name,seq) values (?,?,?,?,?,default)
    Hibernate: insert into ft_participants (draft_order,fantasy_game_seq,player_id,preferred_team,team_name,seq) values (?,?,?,?,?,default)
    Hibernate: insert into ft_participants (draft_order,fantasy_game_seq,player_id,preferred_team,team_name,seq) values (?,?,?,?,?,default)
    Hibernate: insert into ft_participants (draft_order,fantasy_game_seq,player_id,preferred_team,team_name,seq) values (?,?,?,?,?,default)
    Hibernate: insert into ft_participants (draft_order,fantasy_game_seq,player_id,preferred_team,team_name,seq) values (?,?,?,?,?,default)
    Hibernate: insert into ft_participants (draft_order,fantasy_game_seq,player_id,preferred_team,team_name,seq) values (?,?,?,?,?,default)
    Hibernate: insert into ft_participants (draft_order,fantasy_game_seq,player_id,preferred_team,team_name,seq) values (?,?,?,?,?,default)
    Hibernate: insert into ft_participants (draft_order,fantasy_game_seq,player_id,preferred_team,team_name,seq) values (?,?,?,?,?,default)
    Hibernate: insert into ft_participants (draft_order,fantasy_game_seq,player_id,preferred_team,team_name,seq) values (?,?,?,?,?,default)
    Hibernate: insert into ft_participants (draft_order,fantasy_game_seq,player_id,preferred_team,team_name,seq) values (?,?,?,?,?,default)
    Hibernate: insert into ft_participants (draft_order,fantasy_game_seq,player_id,preferred_team,team_name,seq) values (?,?,?,?,?,default)
    Hibernate: insert into ft_participants (draft_order,fantasy_game_seq,player_id,preferred_team,team_name,seq) values (?,?,?,?,?,default)
    Hibernate: insert into ft_participants (draft_order,fantasy_game_seq,player_id,preferred_team,team_name,seq) values (?,?,?,?,?,default)
    Hibernate: insert into ft_participants (draft_order,fantasy_game_seq,player_id,preferred_team,team_name,seq) values (?,?,?,?,?,default)
    Hibernate: insert into ft_participants (draft_order,fantasy_game_seq,player_id,preferred_team,team_name,seq) values (?,?,?,?,?,default)
    Hibernate: insert into ft_participants (draft_order,fantasy_game_seq,player_id,preferred_team,team_name,seq) values (?,?,?,?,?,default)
    Hibernate: insert into ft_participants (draft_order,fantasy_game_seq,player_id,preferred_team,team_name,seq) values (?,?,?,?,?,default)
    Hibernate: insert into ft_participants (draft_order,fantasy_game_seq,player_id,preferred_team,team_name,seq) values (?,?,?,?,?,default)
    Hibernate: insert into ft_participants (draft_order,fantasy_game_seq,player_id,preferred_team,team_name,seq) values (?,?,?,?,?,default)
    Hibernate: insert into ft_participants (draft_order,fantasy_game_seq,player_id,preferred_team,team_name,seq) values (?,?,?,?,?,default)
    Hibernate: insert into ft_participants (draft_order,fantasy_game_seq,player_id,preferred_team,team_name,seq) values (?,?,?,?,?,default)
    Hibernate: insert into ft_participants (draft_order,fantasy_game_seq,player_id,preferred_team,team_name,seq) values (?,?,?,?,?,default)
    Hibernate: insert into ft_participants (draft_order,fantasy_game_seq,player_id,preferred_team,team_name,seq) values (?,?,?,?,?,default)
    Hibernate: insert into ft_participants (draft_order,fantasy_game_seq,player_id,preferred_team,team_name,seq) values (?,?,?,?,?,default)
    Hibernate: insert into ft_participants (draft_order,fantasy_game_seq,player_id,preferred_team,team_name,seq) values (?,?,?,?,?,default)
    Hibernate: insert into ft_participants (draft_order,fantasy_game_seq,player_id,preferred_team,team_name,seq) values (?,?,?,?,?,default)
    Hibernate: insert into ft_participants (draft_order,fantasy_game_seq,player_id,preferred_team,team_name,seq) values (?,?,?,?,?,default)
    Hibernate: insert into ft_participants (draft_order,fantasy_game_seq,player_id,preferred_team,team_name,seq) values (?,?,?,?,?,default)
    Hibernate: insert into ft_participants (draft_order,fantasy_game_seq,player_id,preferred_team,team_name,seq) values (?,?,?,?,?,default)
    Hibernate: insert into ft_participants (draft_order,fantasy_game_seq,player_id,preferred_team,team_name,seq) values (?,?,?,?,?,default)
    Hibernate: insert into ft_participants (draft_order,fantasy_game_seq,player_id,preferred_team,team_name,seq) values (?,?,?,?,?,default)
    Hibernate: insert into ft_participants (draft_order,fantasy_game_seq,player_id,preferred_team,team_name,seq) values (?,?,?,?,?,default)
    Hibernate: insert into ft_participants (draft_order,fantasy_game_seq,player_id,preferred_team,team_name,seq) values (?,?,?,?,?,default)
    Hibernate: insert into ft_participants (draft_order,fantasy_game_seq,player_id,preferred_team,team_name,seq) values (?,?,?,?,?,default)
    Hibernate: insert into ft_participants (draft_order,fantasy_game_seq,player_id,preferred_team,team_name,seq) values (?,?,?,?,?,default)
    Hibernate: insert into ft_participants (draft_order,fantasy_game_seq,player_id,preferred_team,team_name,seq) values (?,?,?,?,?,default)
    Hibernate: insert into ft_participants (draft_order,fantasy_game_seq,player_id,preferred_team,team_name,seq) values (?,?,?,?,?,default)
    Hibernate: insert into ft_participants (draft_order,fantasy_game_seq,player_id,preferred_team,team_name,seq) values (?,?,?,?,?,default)
    Hibernate: insert into ft_participants (draft_order,fantasy_game_seq,player_id,preferred_team,team_name,seq) values (?,?,?,?,?,default)
    Hibernate: insert into ft_participants (draft_order,fantasy_game_seq,player_id,preferred_team,team_name,seq) values (?,?,?,?,?,default)
    Hibernate: insert into ft_participants (draft_order,fantasy_game_seq,player_id,preferred_team,team_name,seq) values (?,?,?,?,?,default)
    Hibernate: insert into ft_participants (draft_order,fantasy_game_seq,player_id,preferred_team,team_name,seq) values (?,?,?,?,?,default)
    Hibernate: insert into ft_participants (draft_order,fantasy_game_seq,player_id,preferred_team,team_name,seq) values (?,?,?,?,?,default)
    Hibernate: insert into ft_participants (draft_order,fantasy_game_seq,player_id,preferred_team,team_name,seq) values (?,?,?,?,?,default)
    Hibernate: insert into ft_participants (draft_order,fantasy_game_seq,player_id,preferred_team,team_name,seq) values (?,?,?,?,?,default)
    Hibernate: insert into ft_participants (draft_order,fantasy_game_seq,player_id,preferred_team,team_name,seq) values (?,?,?,?,?,default)
    Hibernate: insert into ft_participants (draft_order,fantasy_game_seq,player_id,preferred_team,team_name,seq) values (?,?,?,?,?,default)
    Hibernate: insert into ft_participants (draft_order,fantasy_game_seq,player_id,preferred_team,team_name,seq) values (?,?,?,?,?,default)
    Hibernate: insert into ft_participants (draft_order,fantasy_game_seq,player_id,preferred_team,team_name,seq) values (?,?,?,?,?,default)
    Hibernate: insert into ft_participants (draft_order,fantasy_game_seq,player_id,preferred_team,team_name,seq) values (?,?,?,?,?,default)
    Hibernate: insert into ft_participants (draft_order,fantasy_game_seq,player_id,preferred_team,team_name,seq) values (?,?,?,?,?,default)
    Hibernate: insert into ft_participants (draft_order,fantasy_game_seq,player_id,preferred_team,team_name,seq) values (?,?,?,?,?,default)
    Hibernate: insert into ft_participants (draft_order,fantasy_game_seq,player_id,preferred_team,team_name,seq) values (?,?,?,?,?,default)
    Hibernate: insert into ft_participants (draft_order,fantasy_game_seq,player_id,preferred_team,team_name,seq) values (?,?,?,?,?,default)
    Hibernate: insert into ft_participants (draft_order,fantasy_game_seq,player_id,preferred_team,team_name,seq) values (?,?,?,?,?,default)
    Hibernate: insert into ft_participants (draft_order,fantasy_game_seq,player_id,preferred_team,team_name,seq) values (?,?,?,?,?,default)
    Hibernate: insert into ft_participants (draft_order,fantasy_game_seq,player_id,preferred_team,team_name,seq) values (?,?,?,?,?,default)
    Hibernate: insert into ft_participants (draft_order,fantasy_game_seq,player_id,preferred_team,team_name,seq) values (?,?,?,?,?,default)
    Hibernate: insert into ft_participants (draft_order,fantasy_game_seq,player_id,preferred_team,team_name,seq) values (?,?,?,?,?,default)
    Hibernate: insert into ft_participants (draft_order,fantasy_game_seq,player_id,preferred_team,team_name,seq) values (?,?,?,?,?,default)
    Hibernate: insert into ft_participants (draft_order,fantasy_game_seq,player_id,preferred_team,team_name,seq) values (?,?,?,?,?,default)
    Hibernate: insert into ft_participants (draft_order,fantasy_game_seq,player_id,preferred_team,team_name,seq) values (?,?,?,?,?,default)
    Hibernate: insert into ft_participants (draft_order,fantasy_game_seq,player_id,preferred_team,team_name,seq) values (?,?,?,?,?,default)
    Hibernate: insert into ft_participants (draft_order,fantasy_game_seq,player_id,preferred_team,team_name,seq) values (?,?,?,?,?,default)
    Hibernate: insert into ft_participants (draft_order,fantasy_game_seq,player_id,preferred_team,team_name,seq) values (?,?,?,?,?,default)
    Hibernate: insert into ft_participants (draft_order,fantasy_game_seq,player_id,preferred_team,team_name,seq) values (?,?,?,?,?,default)
    Hibernate: insert into ft_participants (draft_order,fantasy_game_seq,player_id,preferred_team,team_name,seq) values (?,?,?,?,?,default)
    Hibernate: insert into ft_participants (draft_order,fantasy_game_seq,player_id,preferred_team,team_name,seq) values (?,?,?,?,?,default)
    Hibernate: insert into ft_participants (draft_order,fantasy_game_seq,player_id,preferred_team,team_name,seq) values (?,?,?,?,?,default)
    Hibernate: insert into ft_participants (draft_order,fantasy_game_seq,player_id,preferred_team,team_name,seq) values (?,?,?,?,?,default)
    Hibernate: insert into ft_participants (draft_order,fantasy_game_seq,player_id,preferred_team,team_name,seq) values (?,?,?,?,?,default)
    Hibernate: insert into ft_participants (draft_order,fantasy_game_seq,player_id,preferred_team,team_name,seq) values (?,?,?,?,?,default)
    Hibernate: insert into ft_participants (draft_order,fantasy_game_seq,player_id,preferred_team,team_name,seq) values (?,?,?,?,?,default)
    Hibernate: insert into ft_participants (draft_order,fantasy_game_seq,player_id,preferred_team,team_name,seq) values (?,?,?,?,?,default)
    Hibernate: insert into ft_participants (draft_order,fantasy_game_seq,player_id,preferred_team,team_name,seq) values (?,?,?,?,?,default)
    Hibernate: insert into ft_participants (draft_order,fantasy_game_seq,player_id,preferred_team,team_name,seq) values (?,?,?,?,?,default)
    Hibernate: insert into ft_participants (draft_order,fantasy_game_seq,player_id,preferred_team,team_name,seq) values (?,?,?,?,?,default)
    Hibernate: insert into ft_participants (draft_order,fantasy_game_seq,player_id,preferred_team,team_name,seq) values (?,?,?,?,?,default)
    Hibernate: insert into ft_participants (draft_order,fantasy_game_seq,player_id,preferred_team,team_name,seq) values (?,?,?,?,?,default)
    Hibernate: insert into ft_participants (draft_order,fantasy_game_seq,player_id,preferred_team,team_name,seq) values (?,?,?,?,?,default)
    Hibernate: insert into ft_participants (draft_order,fantasy_game_seq,player_id,preferred_team,team_name,seq) values (?,?,?,?,?,default)
    Hibernate: insert into ft_participants (draft_order,fantasy_game_seq,player_id,preferred_team,team_name,seq) values (?,?,?,?,?,default)
    Hibernate: insert into ft_participants (draft_order,fantasy_game_seq,player_id,preferred_team,team_name,seq) values (?,?,?,?,?,default)
    Hibernate: insert into ft_participants (draft_order,fantasy_game_seq,player_id,preferred_team,team_name,seq) values (?,?,?,?,?,default)
    Hibernate: insert into ft_participants (draft_order,fantasy_game_seq,player_id,preferred_team,team_name,seq) values (?,?,?,?,?,default)
    Hibernate: insert into ft_participants (draft_order,fantasy_game_seq,player_id,preferred_team,team_name,seq) values (?,?,?,?,?,default)
    Hibernate: insert into ft_participants (draft_order,fantasy_game_seq,player_id,preferred_team,team_name,seq) values (?,?,?,?,?,default)
    Hibernate: insert into ft_participants (draft_order,fantasy_game_seq,player_id,preferred_team,team_name,seq) values (?,?,?,?,?,default)
    Hibernate: insert into ft_participants (draft_order,fantasy_game_seq,player_id,preferred_team,team_name,seq) values (?,?,?,?,?,default)
    Hibernate: insert into ft_participants (draft_order,fantasy_game_seq,player_id,preferred_team,team_name,seq) values (?,?,?,?,?,default)
    Hibernate: insert into ft_participants (draft_order,fantasy_game_seq,player_id,preferred_team,team_name,seq) values (?,?,?,?,?,default)
    Hibernate: insert into ft_participants (draft_order,fantasy_game_seq,player_id,preferred_team,team_name,seq) values (?,?,?,?,?,default)
    Hibernate: insert into ft_participants (draft_order,fantasy_game_seq,player_id,preferred_team,team_name,seq) values (?,?,?,?,?,default)
    Hibernate: insert into ft_participants (draft_order,fantasy_game_seq,player_id,preferred_team,team_name,seq) values (?,?,?,?,?,default)
    Hibernate: insert into ft_participants (draft_order,fantasy_game_seq,player_id,preferred_team,team_name,seq) values (?,?,?,?,?,default)
    Hibernate: insert into ft_participants (draft_order,fantasy_game_seq,player_id,preferred_team,team_name,seq) values (?,?,?,?,?,default)
    Hibernate: insert into ft_participants (draft_order,fantasy_game_seq,player_id,preferred_team,team_name,seq) values (?,?,?,?,?,default)
    Hibernate: insert into ft_participants (draft_order,fantasy_game_seq,player_id,preferred_team,team_name,seq) values (?,?,?,?,?,default)
    Hibernate: insert into ft_participants (draft_order,fantasy_game_seq,player_id,preferred_team,team_name,seq) values (?,?,?,?,?,default)
    Hibernate: insert into ft_participants (draft_order,fantasy_game_seq,player_id,preferred_team,team_name,seq) values (?,?,?,?,?,default)
    Hibernate: insert into ft_participants (draft_order,fantasy_game_seq,player_id,preferred_team,team_name,seq) values (?,?,?,?,?,default)
    Hibernate: insert into ft_participants (draft_order,fantasy_game_seq,player_id,preferred_team,team_name,seq) values (?,?,?,?,?,default)
    Hibernate: insert into ft_participants (draft_order,fantasy_game_seq,player_id,preferred_team,team_name,seq) values (?,?,?,?,?,default)
    Hibernate: insert into ft_participants (draft_order,fantasy_game_seq,player_id,preferred_team,team_name,seq) values (?,?,?,?,?,default)
    Hibernate: insert into ft_participants (draft_order,fantasy_game_seq,player_id,preferred_team,team_name,seq) values (?,?,?,?,?,default)
    Hibernate: insert into ft_participants (draft_order,fantasy_game_seq,player_id,preferred_team,team_name,seq) values (?,?,?,?,?,default)
    Hibernate: insert into ft_participants (draft_order,fantasy_game_seq,player_id,preferred_team,team_name,seq) values (?,?,?,?,?,default)
    Hibernate: insert into ft_participants (draft_order,fantasy_game_seq,player_id,preferred_team,team_name,seq) values (?,?,?,?,?,default)
    Hibernate: insert into ft_participants (draft_order,fantasy_game_seq,player_id,preferred_team,team_name,seq) values (?,?,?,?,?,default)
    Hibernate: insert into ft_participants (draft_order,fantasy_game_seq,player_id,preferred_team,team_name,seq) values (?,?,?,?,?,default)
    Hibernate: insert into ft_participants (draft_order,fantasy_game_seq,player_id,preferred_team,team_name,seq) values (?,?,?,?,?,default)
    Hibernate: insert into ft_participants (draft_order,fantasy_game_seq,player_id,preferred_team,team_name,seq) values (?,?,?,?,?,default)
    Hibernate: insert into ft_participants (draft_order,fantasy_game_seq,player_id,preferred_team,team_name,seq) values (?,?,?,?,?,default)
    Hibernate: insert into ft_participants (draft_order,fantasy_game_seq,player_id,preferred_team,team_name,seq) values (?,?,?,?,?,default)
    Hibernate: insert into ft_participants (draft_order,fantasy_game_seq,player_id,preferred_team,team_name,seq) values (?,?,?,?,?,default)
    Hibernate: insert into ft_participants (draft_order,fantasy_game_seq,player_id,preferred_team,team_name,seq) values (?,?,?,?,?,default)
    Hibernate: insert into ft_participants (draft_order,fantasy_game_seq,player_id,preferred_team,team_name,seq) values (?,?,?,?,?,default)
    Hibernate: insert into ft_participants (draft_order,fantasy_game_seq,player_id,preferred_team,team_name,seq) values (?,?,?,?,?,default)
    Hibernate: insert into ft_participants (draft_order,fantasy_game_seq,player_id,preferred_team,team_name,seq) values (?,?,?,?,?,default)
    Hibernate: insert into ft_participants (draft_order,fantasy_game_seq,player_id,preferred_team,team_name,seq) values (?,?,?,?,?,default)
    Hibernate: insert into ft_participants (draft_order,fantasy_game_seq,player_id,preferred_team,team_name,seq) values (?,?,?,?,?,default)
    Hibernate: insert into ft_participants (draft_order,fantasy_game_seq,player_id,preferred_team,team_name,seq) values (?,?,?,?,?,default)
    Hibernate: insert into ft_participants (draft_order,fantasy_game_seq,player_id,preferred_team,team_name,seq) values (?,?,?,?,?,default)
    Hibernate: insert into ft_participants (draft_order,fantasy_game_seq,player_id,preferred_team,team_name,seq) values (?,?,?,?,?,default)
    Hibernate: insert into ft_participants (draft_order,fantasy_game_seq,player_id,preferred_team,team_name,seq) values (?,?,?,?,?,default)
    Hibernate: insert into ft_participants (draft_order,fantasy_game_seq,player_id,preferred_team,team_name,seq) values (?,?,?,?,?,default)
    Hibernate: insert into ft_participants (draft_order,fantasy_game_seq,player_id,preferred_team,team_name,seq) values (?,?,?,?,?,default)
    Hibernate: insert into ft_participants (draft_order,fantasy_game_seq,player_id,preferred_team,team_name,seq) values (?,?,?,?,?,default)
    Hibernate: insert into ft_participants (draft_order,fantasy_game_seq,player_id,preferred_team,team_name,seq) values (?,?,?,?,?,default)
    Hibernate: insert into ft_participants (draft_order,fantasy_game_seq,player_id,preferred_team,team_name,seq) values (?,?,?,?,?,default)
    Hibernate: insert into ft_participants (draft_order,fantasy_game_seq,player_id,preferred_team,team_name,seq) values (?,?,?,?,?,default)
    Hibernate: insert into ft_participants (draft_order,fantasy_game_seq,player_id,preferred_team,team_name,seq) values (?,?,?,?,?,default)
    Hibernate: insert into ft_participants (draft_order,fantasy_game_seq,player_id,preferred_team,team_name,seq) values (?,?,?,?,?,default)
    Hibernate: insert into ft_participants (draft_order,fantasy_game_seq,player_id,preferred_team,team_name,seq) values (?,?,?,?,?,default)
    Hibernate: insert into ft_participants (draft_order,fantasy_game_seq,player_id,preferred_team,team_name,seq) values (?,?,?,?,?,default)
    Hibernate: insert into ft_participants (draft_order,fantasy_game_seq,player_id,preferred_team,team_name,seq) values (?,?,?,?,?,default)
    Hibernate: insert into ft_participants (draft_order,fantasy_game_seq,player_id,preferred_team,team_name,seq) values (?,?,?,?,?,default)
    Hibernate: insert into ft_participants (draft_order,fantasy_game_seq,player_id,preferred_team,team_name,seq) values (?,?,?,?,?,default)
    Hibernate: insert into ft_participants (draft_order,fantasy_game_seq,player_id,preferred_team,team_name,seq) values (?,?,?,?,?,default)
    Hibernate: insert into ft_participants (draft_order,fantasy_game_seq,player_id,preferred_team,team_name,seq) values (?,?,?,?,?,default)
    Hibernate: insert into ft_participants (draft_order,fantasy_game_seq,player_id,preferred_team,team_name,seq) values (?,?,?,?,?,default)
    Hibernate: insert into ft_participants (draft_order,fantasy_game_seq,player_id,preferred_team,team_name,seq) values (?,?,?,?,?,default)
    Hibernate: insert into ft_participants (draft_order,fantasy_game_seq,player_id,preferred_team,team_name,seq) values (?,?,?,?,?,default)
    Hibernate: insert into ft_participants (draft_order,fantasy_game_seq,player_id,preferred_team,team_name,seq) values (?,?,?,?,?,default)
    Hibernate: insert into ft_participants (draft_order,fantasy_game_seq,player_id,preferred_team,team_name,seq) values (?,?,?,?,?,default)
    Hibernate: insert into ft_participants (draft_order,fantasy_game_seq,player_id,preferred_team,team_name,seq) values (?,?,?,?,?,default)
    Hibernate: insert into ft_participants (draft_order,fantasy_game_seq,player_id,preferred_team,team_name,seq) values (?,?,?,?,?,default)
    Hibernate: insert into ft_participants (draft_order,fantasy_game_seq,player_id,preferred_team,team_name,seq) values (?,?,?,?,?,default)
    Hibernate: insert into ft_participants (draft_order,fantasy_game_seq,player_id,preferred_team,team_name,seq) values (?,?,?,?,?,default)
    Hibernate: insert into ft_participants (draft_order,fantasy_game_seq,player_id,preferred_team,team_name,seq) values (?,?,?,?,?,default)
    Hibernate: insert into ft_participants (draft_order,fantasy_game_seq,player_id,preferred_team,team_name,seq) values (?,?,?,?,?,default)
    Hibernate: insert into ft_participants (draft_order,fantasy_game_seq,player_id,preferred_team,team_name,seq) values (?,?,?,?,?,default)
    Hibernate: insert into ft_participants (draft_order,fantasy_game_seq,player_id,preferred_team,team_name,seq) values (?,?,?,?,?,default)
    Hibernate: insert into ft_participants (draft_order,fantasy_game_seq,player_id,preferred_team,team_name,seq) values (?,?,?,?,?,default)
    Hibernate: insert into ft_participants (draft_order,fantasy_game_seq,player_id,preferred_team,team_name,seq) values (?,?,?,?,?,default)
    Hibernate: insert into ft_participants (draft_order,fantasy_game_seq,player_id,preferred_team,team_name,seq) values (?,?,?,?,?,default)
    Hibernate: insert into ft_participants (draft_order,fantasy_game_seq,player_id,preferred_team,team_name,seq) values (?,?,?,?,?,default)
    Hibernate: insert into ft_participants (draft_order,fantasy_game_seq,player_id,preferred_team,team_name,seq) values (?,?,?,?,?,default)
    Hibernate: insert into ft_participants (draft_order,fantasy_game_seq,player_id,preferred_team,team_name,seq) values (?,?,?,?,?,default)
    Hibernate: insert into ft_participants (draft_order,fantasy_game_seq,player_id,preferred_team,team_name,seq) values (?,?,?,?,?,default)
    Hibernate: insert into ft_participants (draft_order,fantasy_game_seq,player_id,preferred_team,team_name,seq) values (?,?,?,?,?,default)
    Hibernate: insert into ft_participants (draft_order,fantasy_game_seq,player_id,preferred_team,team_name,seq) values (?,?,?,?,?,default)
    Hibernate: insert into ft_participants (draft_order,fantasy_game_seq,player_id,preferred_team,team_name,seq) values (?,?,?,?,?,default)
    Hibernate: insert into ft_participants (draft_order,fantasy_game_seq,player_id,preferred_team,team_name,seq) values (?,?,?,?,?,default)
    Hibernate: insert into ft_participants (draft_order,fantasy_game_seq,player_id,preferred_team,team_name,seq) values (?,?,?,?,?,default)
    Hibernate: insert into ft_participants (draft_order,fantasy_game_seq,player_id,preferred_team,team_name,seq) values (?,?,?,?,?,default)
    Hibernate: insert into ft_participants (draft_order,fantasy_game_seq,player_id,preferred_team,team_name,seq) values (?,?,?,?,?,default)
    Hibernate: insert into ft_participants (draft_order,fantasy_game_seq,player_id,preferred_team,team_name,seq) values (?,?,?,?,?,default)
    Hibernate: insert into ft_participants (draft_order,fantasy_game_seq,player_id,preferred_team,team_name,seq) values (?,?,?,?,?,default)
    Hibernate: insert into ft_participants (draft_order,fantasy_game_seq,player_id,preferred_team,team_name,seq) values (?,?,?,?,?,default)
    Hibernate: insert into ft_participants (draft_order,fantasy_game_seq,player_id,preferred_team,team_name,seq) values (?,?,?,?,?,default)
    Hibernate: insert into ft_participants (draft_order,fantasy_game_seq,player_id,preferred_team,team_name,seq) values (?,?,?,?,?,default)
    Hibernate: insert into ft_participants (draft_order,fantasy_game_seq,player_id,preferred_team,team_name,seq) values (?,?,?,?,?,default)
    Hibernate: insert into ft_participants (draft_order,fantasy_game_seq,player_id,preferred_team,team_name,seq) values (?,?,?,?,?,default)
    Hibernate: insert into ft_participants (draft_order,fantasy_game_seq,player_id,preferred_team,team_name,seq) values (?,?,?,?,?,default)
    Hibernate: insert into ft_participants (draft_order,fantasy_game_seq,player_id,preferred_team,team_name,seq) values (?,?,?,?,?,default)
    Hibernate: insert into ft_participants (draft_order,fantasy_game_seq,player_id,preferred_team,team_name,seq) values (?,?,?,?,?,default)
    Hibernate: insert into ft_participants (draft_order,fantasy_game_seq,player_id,preferred_team,team_name,seq) values (?,?,?,?,?,default)
    Hibernate: insert into ft_participants (draft_order,fantasy_game_seq,player_id,preferred_team,team_name,seq) values (?,?,?,?,?,default)
    Hibernate: insert into ft_participants (draft_order,fantasy_game_seq,player_id,preferred_team,team_name,seq) values (?,?,?,?,?,default)
    Hibernate: insert into ft_participants (draft_order,fantasy_game_seq,player_id,preferred_team,team_name,seq) values (?,?,?,?,?,default)
    Hibernate: insert into ft_participants (draft_order,fantasy_game_seq,player_id,preferred_team,team_name,seq) values (?,?,?,?,?,default)
    Hibernate: insert into ft_participants (draft_order,fantasy_game_seq,player_id,preferred_team,team_name,seq) values (?,?,?,?,?,default)
    Hibernate: insert into ft_participants (draft_order,fantasy_game_seq,player_id,preferred_team,team_name,seq) values (?,?,?,?,?,default)
    Hibernate: insert into ft_participants (draft_order,fantasy_game_seq,player_id,preferred_team,team_name,seq) values (?,?,?,?,?,default)
    Hibernate: insert into ft_participants (draft_order,fantasy_game_seq,player_id,preferred_team,team_name,seq) values (?,?,?,?,?,default)
    Hibernate: insert into ft_participants (draft_order,fantasy_game_seq,player_id,preferred_team,team_name,seq) values (?,?,?,?,?,default)
    Hibernate: insert into ft_participants (draft_order,fantasy_game_seq,player_id,preferred_team,team_name,seq) values (?,?,?,?,?,default)
    Hibernate: insert into ft_participants (draft_order,fantasy_game_seq,player_id,preferred_team,team_name,seq) values (?,?,?,?,?,default)
    Hibernate: insert into ft_participants (draft_order,fantasy_game_seq,player_id,preferred_team,team_name,seq) values (?,?,?,?,?,default)
    Hibernate: insert into ft_participants (draft_order,fantasy_game_seq,player_id,preferred_team,team_name,seq) values (?,?,?,?,?,default)
    Hibernate: insert into ft_participants (draft_order,fantasy_game_seq,player_id,preferred_team,team_name,seq) values (?,?,?,?,?,default)
    Hibernate: insert into ft_participants (draft_order,fantasy_game_seq,player_id,preferred_team,team_name,seq) values (?,?,?,?,?,default)
    Hibernate: insert into ft_participants (draft_order,fantasy_game_seq,player_id,preferred_team,team_name,seq) values (?,?,?,?,?,default)
    Hibernate: insert into ft_participants (draft_order,fantasy_game_seq,player_id,preferred_team,team_name,seq) values (?,?,?,?,?,default)
    Hibernate: insert into ft_participants (draft_order,fantasy_game_seq,player_id,preferred_team,team_name,seq) values (?,?,?,?,?,default)
    Hibernate: insert into ft_participants (draft_order,fantasy_game_seq,player_id,preferred_team,team_name,seq) values (?,?,?,?,?,default)
    Hibernate: insert into ft_participants (draft_order,fantasy_game_seq,player_id,preferred_team,team_name,seq) values (?,?,?,?,?,default)
    Hibernate: insert into ft_participants (draft_order,fantasy_game_seq,player_id,preferred_team,team_name,seq) values (?,?,?,?,?,default)
    Hibernate: insert into ft_participants (draft_order,fantasy_game_seq,player_id,preferred_team,team_name,seq) values (?,?,?,?,?,default)
    Hibernate: insert into ft_participants (draft_order,fantasy_game_seq,player_id,preferred_team,team_name,seq) values (?,?,?,?,?,default)
    Hibernate: insert into ft_participants (draft_order,fantasy_game_seq,player_id,preferred_team,team_name,seq) values (?,?,?,?,?,default)
    Hibernate: insert into ft_participants (draft_order,fantasy_game_seq,player_id,preferred_team,team_name,seq) values (?,?,?,?,?,default)
    Hibernate: insert into ft_participants (draft_order,fantasy_game_seq,player_id,preferred_team,team_name,seq) values (?,?,?,?,?,default)
    Hibernate: insert into ft_participants (draft_order,fantasy_game_seq,player_id,preferred_team,team_name,seq) values (?,?,?,?,?,default)
    Hibernate: insert into ft_participants (draft_order,fantasy_game_seq,player_id,preferred_team,team_name,seq) values (?,?,?,?,?,default)
    Hibernate: insert into ft_participants (draft_order,fantasy_game_seq,player_id,preferred_team,team_name,seq) values (?,?,?,?,?,default)
    Hibernate: insert into ft_participants (draft_order,fantasy_game_seq,player_id,preferred_team,team_name,seq) values (?,?,?,?,?,default)
    Hibernate: insert into ft_participants (draft_order,fantasy_game_seq,player_id,preferred_team,team_name,seq) values (?,?,?,?,?,default)
    Hibernate: insert into ft_participants (draft_order,fantasy_game_seq,player_id,preferred_team,team_name,seq) values (?,?,?,?,?,default)
    Hibernate: insert into ft_participants (draft_order,fantasy_game_seq,player_id,preferred_team,team_name,seq) values (?,?,?,?,?,default)
    Hibernate: insert into ft_participants (draft_order,fantasy_game_seq,player_id,preferred_team,team_name,seq) values (?,?,?,?,?,default)
    Hibernate: insert into ft_participants (draft_order,fantasy_game_seq,player_id,preferred_team,team_name,seq) values (?,?,?,?,?,default)
    Hibernate: insert into ft_participants (draft_order,fantasy_game_seq,player_id,preferred_team,team_name,seq) values (?,?,?,?,?,default)
    Hibernate: insert into ft_participants (draft_order,fantasy_game_seq,player_id,preferred_team,team_name,seq) values (?,?,?,?,?,default)
    Hibernate: insert into ft_participants (draft_order,fantasy_game_seq,player_id,preferred_team,team_name,seq) values (?,?,?,?,?,default)
    Hibernate: insert into ft_participants (draft_order,fantasy_game_seq,player_id,preferred_team,team_name,seq) values (?,?,?,?,?,default)
    Hibernate: insert into ft_participants (draft_order,fantasy_game_seq,player_id,preferred_team,team_name,seq) values (?,?,?,?,?,default)
    Hibernate: insert into ft_participants (draft_order,fantasy_game_seq,player_id,preferred_team,team_name,seq) values (?,?,?,?,?,default)
    Hibernate: insert into ft_participants (draft_order,fantasy_game_seq,player_id,preferred_team,team_name,seq) values (?,?,?,?,?,default)
    Hibernate: insert into ft_participants (draft_order,fantasy_game_seq,player_id,preferred_team,team_name,seq) values (?,?,?,?,?,default)
    Hibernate: insert into ft_participants (draft_order,fantasy_game_seq,player_id,preferred_team,team_name,seq) values (?,?,?,?,?,default)
    Hibernate: insert into ft_participants (draft_order,fantasy_game_seq,player_id,preferred_team,team_name,seq) values (?,?,?,?,?,default)
    Hibernate: insert into ft_participants (draft_order,fantasy_game_seq,player_id,preferred_team,team_name,seq) values (?,?,?,?,?,default)
    Hibernate: insert into ft_participants (draft_order,fantasy_game_seq,player_id,preferred_team,team_name,seq) values (?,?,?,?,?,default)
    Hibernate: insert into ft_participants (draft_order,fantasy_game_seq,player_id,preferred_team,team_name,seq) values (?,?,?,?,?,default)
    Hibernate: insert into ft_participants (draft_order,fantasy_game_seq,player_id,preferred_team,team_name,seq) values (?,?,?,?,?,default)
    Hibernate: insert into ft_participants (draft_order,fantasy_game_seq,player_id,preferred_team,team_name,seq) values (?,?,?,?,?,default)
    Hibernate: insert into ft_participants (draft_order,fantasy_game_seq,player_id,preferred_team,team_name,seq) values (?,?,?,?,?,default)
    Hibernate: insert into ft_participants (draft_order,fantasy_game_seq,player_id,preferred_team,team_name,seq) values (?,?,?,?,?,default)
    Hibernate: insert into ft_participants (draft_order,fantasy_game_seq,player_id,preferred_team,team_name,seq) values (?,?,?,?,?,default)
    Hibernate: insert into ft_participants (draft_order,fantasy_game_seq,player_id,preferred_team,team_name,seq) values (?,?,?,?,?,default)
    Hibernate: insert into ft_participants (draft_order,fantasy_game_seq,player_id,preferred_team,team_name,seq) values (?,?,?,?,?,default)
    Hibernate: insert into ft_participants (draft_order,fantasy_game_seq,player_id,preferred_team,team_name,seq) values (?,?,?,?,?,default)
    Hibernate: insert into ft_participants (draft_order,fantasy_game_seq,player_id,preferred_team,team_name,seq) values (?,?,?,?,?,default)
    Hibernate: insert into ft_participants (draft_order,fantasy_game_seq,player_id,preferred_team,team_name,seq) values (?,?,?,?,?,default)
    Hibernate: insert into ft_participants (draft_order,fantasy_game_seq,player_id,preferred_team,team_name,seq) values (?,?,?,?,?,default)
    Hibernate: insert into ft_participants (draft_order,fantasy_game_seq,player_id,preferred_team,team_name,seq) values (?,?,?,?,?,default)
    Hibernate: insert into ft_participants (draft_order,fantasy_game_seq,player_id,preferred_team,team_name,seq) values (?,?,?,?,?,default)
    Hibernate: insert into ft_participants (draft_order,fantasy_game_seq,player_id,preferred_team,team_name,seq) values (?,?,?,?,?,default)
    Hibernate: insert into ft_participants (draft_order,fantasy_game_seq,player_id,preferred_team,team_name,seq) values (?,?,?,?,?,default)
    Hibernate: insert into ft_participants (draft_order,fantasy_game_seq,player_id,preferred_team,team_name,seq) values (?,?,?,?,?,default)
    Hibernate: insert into ft_participants (draft_order,fantasy_game_seq,player_id,preferred_team,team_name,seq) values (?,?,?,?,?,default)
    Hibernate: insert into ft_participants (draft_order,fantasy_game_seq,player_id,preferred_team,team_name,seq) values (?,?,?,?,?,default)
    Hibernate: insert into ft_participants (draft_order,fantasy_game_seq,player_id,preferred_team,team_name,seq) values (?,?,?,?,?,default)
    Hibernate: insert into ft_participants (draft_order,fantasy_game_seq,player_id,preferred_team,team_name,seq) values (?,?,?,?,?,default)
    Hibernate: insert into ft_participants (draft_order,fantasy_game_seq,player_id,preferred_team,team_name,seq) values (?,?,?,?,?,default)
    Hibernate: insert into ft_participants (draft_order,fantasy_game_seq,player_id,preferred_team,team_name,seq) values (?,?,?,?,?,default)
    Hibernate: insert into ft_participants (draft_order,fantasy_game_seq,player_id,preferred_team,team_name,seq) values (?,?,?,?,?,default)
    Hibernate: insert into ft_participants (draft_order,fantasy_game_seq,player_id,preferred_team,team_name,seq) values (?,?,?,?,?,default)
    Hibernate: insert into ft_participants (draft_order,fantasy_game_seq,player_id,preferred_team,team_name,seq) values (?,?,?,?,?,default)
    Hibernate: insert into ft_participants (draft_order,fantasy_game_seq,player_id,preferred_team,team_name,seq) values (?,?,?,?,?,default)
    Hibernate: insert into ft_participants (draft_order,fantasy_game_seq,player_id,preferred_team,team_name,seq) values (?,?,?,?,?,default)
    Hibernate: insert into ft_participants (draft_order,fantasy_game_seq,player_id,preferred_team,team_name,seq) values (?,?,?,?,?,default)
    Hibernate: insert into ft_participants (draft_order,fantasy_game_seq,player_id,preferred_team,team_name,seq) values (?,?,?,?,?,default)
    Hibernate: insert into ft_participants (draft_order,fantasy_game_seq,player_id,preferred_team,team_name,seq) values (?,?,?,?,?,default)
    Hibernate: insert into ft_participants (draft_order,fantasy_game_seq,player_id,preferred_team,team_name,seq) values (?,?,?,?,?,default)
    Hibernate: insert into ft_participants (draft_order,fantasy_game_seq,player_id,preferred_team,team_name,seq) values (?,?,?,?,?,default)
    Hibernate: insert into ft_participants (draft_order,fantasy_game_seq,player_id,preferred_team,team_name,seq) values (?,?,?,?,?,default)
    Hibernate: insert into ft_participants (draft_order,fantasy_game_seq,player_id,preferred_team,team_name,seq) values (?,?,?,?,?,default)
    Hibernate: insert into ft_participants (draft_order,fantasy_game_seq,player_id,preferred_team,team_name,seq) values (?,?,?,?,?,default)
    Hibernate: insert into ft_participants (draft_order,fantasy_game_seq,player_id,preferred_team,team_name,seq) values (?,?,?,?,?,default)
    Hibernate: insert into ft_participants (draft_order,fantasy_game_seq,player_id,preferred_team,team_name,seq) values (?,?,?,?,?,default)
    Hibernate: insert into ft_participants (draft_order,fantasy_game_seq,player_id,preferred_team,team_name,seq) values (?,?,?,?,?,default)
    Hibernate: insert into ft_participants (draft_order,fantasy_game_seq,player_id,preferred_team,team_name,seq) values (?,?,?,?,?,default)
    Hibernate: insert into ft_participants (draft_order,fantasy_game_seq,player_id,preferred_team,team_name,seq) values (?,?,?,?,?,default)
    Hibernate: insert into ft_participants (draft_order,fantasy_game_seq,player_id,preferred_team,team_name,seq) values (?,?,?,?,?,default)
    Hibernate: insert into ft_participants (draft_order,fantasy_game_seq,player_id,preferred_team,team_name,seq) values (?,?,?,?,?,default)
    Hibernate: insert into ft_participants (draft_order,fantasy_game_seq,player_id,preferred_team,team_name,seq) values (?,?,?,?,?,default)
    Hibernate: insert into ft_participants (draft_order,fantasy_game_seq,player_id,preferred_team,team_name,seq) values (?,?,?,?,?,default)
    Hibernate: insert into ft_participants (draft_order,fantasy_game_seq,player_id,preferred_team,team_name,seq) values (?,?,?,?,?,default)
    Hibernate: insert into ft_participants (draft_order,fantasy_game_seq,player_id,preferred_team,team_name,seq) values (?,?,?,?,?,default)
    Hibernate: insert into ft_participants (draft_order,fantasy_game_seq,player_id,preferred_team,team_name,seq) values (?,?,?,?,?,default)
    Hibernate: insert into ft_participants (draft_order,fantasy_game_seq,player_id,preferred_team,team_name,seq) values (?,?,?,?,?,default)
    Hibernate: insert into ft_participants (draft_order,fantasy_game_seq,player_id,preferred_team,team_name,seq) values (?,?,?,?,?,default)
    Hibernate: insert into ft_participants (draft_order,fantasy_game_seq,player_id,preferred_team,team_name,seq) values (?,?,?,?,?,default)
    Hibernate: insert into ft_participants (draft_order,fantasy_game_seq,player_id,preferred_team,team_name,seq) values (?,?,?,?,?,default)
    Hibernate: insert into ft_participants (draft_order,fantasy_game_seq,player_id,preferred_team,team_name,seq) values (?,?,?,?,?,default)
    Hibernate: insert into ft_participants (draft_order,fantasy_game_seq,player_id,preferred_team,team_name,seq) values (?,?,?,?,?,default)
    Hibernate: insert into ft_participants (draft_order,fantasy_game_seq,player_id,preferred_team,team_name,seq) values (?,?,?,?,?,default)
    Hibernate: insert into ft_participants (draft_order,fantasy_game_seq,player_id,preferred_team,team_name,seq) values (?,?,?,?,?,default)
    Hibernate: insert into ft_participants (draft_order,fantasy_game_seq,player_id,preferred_team,team_name,seq) values (?,?,?,?,?,default)
    Hibernate: insert into ft_participants (draft_order,fantasy_game_seq,player_id,preferred_team,team_name,seq) values (?,?,?,?,?,default)
    Hibernate: insert into ft_participants (draft_order,fantasy_game_seq,player_id,preferred_team,team_name,seq) values (?,?,?,?,?,default)
    Hibernate: insert into ft_participants (draft_order,fantasy_game_seq,player_id,preferred_team,team_name,seq) values (?,?,?,?,?,default)
    Hibernate: insert into ft_participants (draft_order,fantasy_game_seq,player_id,preferred_team,team_name,seq) values (?,?,?,?,?,default)
    Hibernate: insert into ft_participants (draft_order,fantasy_game_seq,player_id,preferred_team,team_name,seq) values (?,?,?,?,?,default)
    Hibernate: insert into ft_participants (draft_order,fantasy_game_seq,player_id,preferred_team,team_name,seq) values (?,?,?,?,?,default)
    Hibernate: insert into ft_participants (draft_order,fantasy_game_seq,player_id,preferred_team,team_name,seq) values (?,?,?,?,?,default)
    Hibernate: insert into ft_participants (draft_order,fantasy_game_seq,player_id,preferred_team,team_name,seq) values (?,?,?,?,?,default)
    Hibernate: insert into ft_participants (draft_order,fantasy_game_seq,player_id,preferred_team,team_name,seq) values (?,?,?,?,?,default)
    Hibernate: insert into ft_participants (draft_order,fantasy_game_seq,player_id,preferred_team,team_name,seq) values (?,?,?,?,?,default)
    Hibernate: insert into ft_participants (draft_order,fantasy_game_seq,player_id,preferred_team,team_name,seq) values (?,?,?,?,?,default)
    Hibernate: insert into ft_participants (draft_order,fantasy_game_seq,player_id,preferred_team,team_name,seq) values (?,?,?,?,?,default)
    Hibernate: insert into ft_participants (draft_order,fantasy_game_seq,player_id,preferred_team,team_name,seq) values (?,?,?,?,?,default)
    Hibernate: insert into ft_participants (draft_order,fantasy_game_seq,player_id,preferred_team,team_name,seq) values (?,?,?,?,?,default)
    Hibernate: insert into ft_participants (draft_order,fantasy_game_seq,player_id,preferred_team,team_name,seq) values (?,?,?,?,?,default)
    Hibernate: insert into ft_participants (draft_order,fantasy_game_seq,player_id,preferred_team,team_name,seq) values (?,?,?,?,?,default)
    Hibernate: insert into ft_participants (draft_order,fantasy_game_seq,player_id,preferred_team,team_name,seq) values (?,?,?,?,?,default)
    Hibernate: insert into ft_participants (draft_order,fantasy_game_seq,player_id,preferred_team,team_name,seq) values (?,?,?,?,?,default)
    Hibernate: insert into ft_participants (draft_order,fantasy_game_seq,player_id,preferred_team,team_name,seq) values (?,?,?,?,?,default)
    Hibernate: insert into ft_participants (draft_order,fantasy_game_seq,player_id,preferred_team,team_name,seq) values (?,?,?,?,?,default)
    Hibernate: insert into ft_participants (draft_order,fantasy_game_seq,player_id,preferred_team,team_name,seq) values (?,?,?,?,?,default)
    Hibernate: insert into ft_participants (draft_order,fantasy_game_seq,player_id,preferred_team,team_name,seq) values (?,?,?,?,?,default)
    Hibernate: insert into ft_participants (draft_order,fantasy_game_seq,player_id,preferred_team,team_name,seq) values (?,?,?,?,?,default)
    Hibernate: insert into ft_participants (draft_order,fantasy_game_seq,player_id,preferred_team,team_name,seq) values (?,?,?,?,?,default)
    Hibernate: insert into ft_participants (draft_order,fantasy_game_seq,player_id,preferred_team,team_name,seq) values (?,?,?,?,?,default)
    Hibernate: insert into ft_participants (draft_order,fantasy_game_seq,player_id,preferred_team,team_name,seq) values (?,?,?,?,?,default)
    Hibernate: insert into ft_participants (draft_order,fantasy_game_seq,player_id,preferred_team,team_name,seq) values (?,?,?,?,?,default)
    Hibernate: insert into ft_participants (draft_order,fantasy_game_seq,player_id,preferred_team,team_name,seq) values (?,?,?,?,?,default)
    Hibernate: insert into ft_participants (draft_order,fantasy_game_seq,player_id,preferred_team,team_name,seq) values (?,?,?,?,?,default)
    Hibernate: insert into ft_participants (draft_order,fantasy_game_seq,player_id,preferred_team,team_name,seq) values (?,?,?,?,?,default)
    Hibernate: insert into ft_participants (draft_order,fantasy_game_seq,player_id,preferred_team,team_name,seq) values (?,?,?,?,?,default)
    Hibernate: insert into ft_participants (draft_order,fantasy_game_seq,player_id,preferred_team,team_name,seq) values (?,?,?,?,?,default)
    Hibernate: insert into ft_participants (draft_order,fantasy_game_seq,player_id,preferred_team,team_name,seq) values (?,?,?,?,?,default)
    Hibernate: insert into ft_participants (draft_order,fantasy_game_seq,player_id,preferred_team,team_name,seq) values (?,?,?,?,?,default)
    Hibernate: insert into ft_participants (draft_order,fantasy_game_seq,player_id,preferred_team,team_name,seq) values (?,?,?,?,?,default)
    Hibernate: insert into ft_participants (draft_order,fantasy_game_seq,player_id,preferred_team,team_name,seq) values (?,?,?,?,?,default)
    Hibernate: insert into ft_participants (draft_order,fantasy_game_seq,player_id,preferred_team,team_name,seq) values (?,?,?,?,?,default)
    Hibernate: insert into ft_participants (draft_order,fantasy_game_seq,player_id,preferred_team,team_name,seq) values (?,?,?,?,?,default)
    Hibernate: insert into ft_participants (draft_order,fantasy_game_seq,player_id,preferred_team,team_name,seq) values (?,?,?,?,?,default)
    Hibernate: insert into ft_participants (draft_order,fantasy_game_seq,player_id,preferred_team,team_name,seq) values (?,?,?,?,?,default)
    Hibernate: insert into ft_participants (draft_order,fantasy_game_seq,player_id,preferred_team,team_name,seq) values (?,?,?,?,?,default)
    Hibernate: insert into ft_participants (draft_order,fantasy_game_seq,player_id,preferred_team,team_name,seq) values (?,?,?,?,?,default)
    Hibernate: insert into ft_participants (draft_order,fantasy_game_seq,player_id,preferred_team,team_name,seq) values (?,?,?,?,?,default)
    Hibernate: insert into ft_participants (draft_order,fantasy_game_seq,player_id,preferred_team,team_name,seq) values (?,?,?,?,?,default)
    Hibernate: insert into ft_participants (draft_order,fantasy_game_seq,player_id,preferred_team,team_name,seq) values (?,?,?,?,?,default)
    Hibernate: insert into ft_participants (draft_order,fantasy_game_seq,player_id,preferred_team,team_name,seq) values (?,?,?,?,?,default)
    Hibernate: insert into ft_participants (draft_order,fantasy_game_seq,player_id,preferred_team,team_name,seq) values (?,?,?,?,?,default)
    Hibernate: insert into ft_participants (draft_order,fantasy_game_seq,player_id,preferred_team,team_name,seq) values (?,?,?,?,?,default)
    Hibernate: insert into ft_participants (draft_order,fantasy_game_seq,player_id,preferred_team,team_name,seq) values (?,?,?,?,?,default)
    Hibernate: insert into ft_participants (draft_order,fantasy_game_seq,player_id,preferred_team,team_name,seq) values (?,?,?,?,?,default)
    Hibernate: insert into ft_participants (draft_order,fantasy_game_seq,player_id,preferred_team,team_name,seq) values (?,?,?,?,?,default)
    Hibernate: insert into ft_participants (draft_order,fantasy_game_seq,player_id,preferred_team,team_name,seq) values (?,?,?,?,?,default)
    Hibernate: insert into ft_participants (draft_order,fantasy_game_seq,player_id,preferred_team,team_name,seq) values (?,?,?,?,?,default)
    Hibernate: insert into ft_participants (draft_order,fantasy_game_seq,player_id,preferred_team,team_name,seq) values (?,?,?,?,?,default)
    Hibernate: insert into ft_participants (draft_order,fantasy_game_seq,player_id,preferred_team,team_name,seq) values (?,?,?,?,?,default)
    Hibernate: insert into ft_participants (draft_order,fantasy_game_seq,player_id,preferred_team,team_name,seq) values (?,?,?,?,?,default)
    Hibernate: insert into ft_participants (draft_order,fantasy_game_seq,player_id,preferred_team,team_name,seq) values (?,?,?,?,?,default)
    Hibernate: insert into ft_participants (draft_order,fantasy_game_seq,player_id,preferred_team,team_name,seq) values (?,?,?,?,?,default)
    Hibernate: insert into ft_participants (draft_order,fantasy_game_seq,player_id,preferred_team,team_name,seq) values (?,?,?,?,?,default)
    Hibernate: insert into ft_participants (draft_order,fantasy_game_seq,player_id,preferred_team,team_name,seq) values (?,?,?,?,?,default)
    Hibernate: insert into ft_participants (draft_order,fantasy_game_seq,player_id,preferred_team,team_name,seq) values (?,?,?,?,?,default)
    Hibernate: insert into ft_participants (draft_order,fantasy_game_seq,player_id,preferred_team,team_name,seq) values (?,?,?,?,?,default)
    Hibernate: insert into ft_participants (draft_order,fantasy_game_seq,player_id,preferred_team,team_name,seq) values (?,?,?,?,?,default)
    Hibernate: insert into ft_participants (draft_order,fantasy_game_seq,player_id,preferred_team,team_name,seq) values (?,?,?,?,?,default)
    Hibernate: insert into ft_participants (draft_order,fantasy_game_seq,player_id,preferred_team,team_name,seq) values (?,?,?,?,?,default)
    Hibernate: insert into ft_participants (draft_order,fantasy_game_seq,player_id,preferred_team,team_name,seq) values (?,?,?,?,?,default)
    Hibernate: insert into ft_participants (draft_order,fantasy_game_seq,player_id,preferred_team,team_name,seq) values (?,?,?,?,?,default)
    Hibernate: insert into ft_participants (draft_order,fantasy_game_seq,player_id,preferred_team,team_name,seq) values (?,?,?,?,?,default)
    Hibernate: insert into ft_participants (draft_order,fantasy_game_seq,player_id,preferred_team,team_name,seq) values (?,?,?,?,?,default)
    Hibernate: insert into ft_participants (draft_order,fantasy_game_seq,player_id,preferred_team,team_name,seq) values (?,?,?,?,?,default)
    Hibernate: insert into ft_participants (draft_order,fantasy_game_seq,player_id,preferred_team,team_name,seq) values (?,?,?,?,?,default)
    Hibernate: insert into ft_participants (draft_order,fantasy_game_seq,player_id,preferred_team,team_name,seq) values (?,?,?,?,?,default)
    Hibernate: insert into ft_participants (draft_order,fantasy_game_seq,player_id,preferred_team,team_name,seq) values (?,?,?,?,?,default)
    Hibernate: insert into ft_participants (draft_order,fantasy_game_seq,player_id,preferred_team,team_name,seq) values (?,?,?,?,?,default)
    Hibernate: insert into ft_participants (draft_order,fantasy_game_seq,player_id,preferred_team,team_name,seq) values (?,?,?,?,?,default)
    Hibernate: insert into ft_participants (draft_order,fantasy_game_seq,player_id,preferred_team,team_name,seq) values (?,?,?,?,?,default)
    Hibernate: insert into ft_participants (draft_order,fantasy_game_seq,player_id,preferred_team,team_name,seq) values (?,?,?,?,?,default)
    Hibernate: insert into ft_participants (draft_order,fantasy_game_seq,player_id,preferred_team,team_name,seq) values (?,?,?,?,?,default)
    Hibernate: insert into ft_participants (draft_order,fantasy_game_seq,player_id,preferred_team,team_name,seq) values (?,?,?,?,?,default)
    Hibernate: insert into ft_participants (draft_order,fantasy_game_seq,player_id,preferred_team,team_name,seq) values (?,?,?,?,?,default)
    Hibernate: insert into ft_participants (draft_order,fantasy_game_seq,player_id,preferred_team,team_name,seq) values (?,?,?,?,?,default)
    Hibernate: insert into ft_participants (draft_order,fantasy_game_seq,player_id,preferred_team,team_name,seq) values (?,?,?,?,?,default)
    Hibernate: insert into ft_participants (draft_order,fantasy_game_seq,player_id,preferred_team,team_name,seq) values (?,?,?,?,?,default)
    Hibernate: insert into ft_participants (draft_order,fantasy_game_seq,player_id,preferred_team,team_name,seq) values (?,?,?,?,?,default)
    Hibernate: insert into ft_participants (draft_order,fantasy_game_seq,player_id,preferred_team,team_name,seq) values (?,?,?,?,?,default)
    Hibernate: insert into ft_participants (draft_order,fantasy_game_seq,player_id,preferred_team,team_name,seq) values (?,?,?,?,?,default)
    Hibernate: insert into ft_participants (draft_order,fantasy_game_seq,player_id,preferred_team,team_name,seq) values (?,?,?,?,?,default)
    Hibernate: insert into ft_participants (draft_order,fantasy_game_seq,player_id,preferred_team,team_name,seq) values (?,?,?,?,?,default)
    Hibernate: insert into ft_participants (draft_order,fantasy_game_seq,player_id,preferred_team,team_name,seq) values (?,?,?,?,?,default)
    Hibernate: insert into ft_participants (draft_order,fantasy_game_seq,player_id,preferred_team,team_name,seq) values (?,?,?,?,?,default)
    Hibernate: insert into ft_participants (draft_order,fantasy_game_seq,player_id,preferred_team,team_name,seq) values (?,?,?,?,?,default)
    Hibernate: insert into ft_participants (draft_order,fantasy_game_seq,player_id,preferred_team,team_name,seq) values (?,?,?,?,?,default)
    Hibernate: insert into ft_participants (draft_order,fantasy_game_seq,player_id,preferred_team,team_name,seq) values (?,?,?,?,?,default)
    Hibernate: insert into ft_participants (draft_order,fantasy_game_seq,player_id,preferred_team,team_name,seq) values (?,?,?,?,?,default)
    Hibernate: insert into ft_participants (draft_order,fantasy_game_seq,player_id,preferred_team,team_name,seq) values (?,?,?,?,?,default)
    Hibernate: insert into ft_participants (draft_order,fantasy_game_seq,player_id,preferred_team,team_name,seq) values (?,?,?,?,?,default)
    Hibernate: insert into ft_participants (draft_order,fantasy_game_seq,player_id,preferred_team,team_name,seq) values (?,?,?,?,?,default)
    Hibernate: insert into ft_participants (draft_order,fantasy_game_seq,player_id,preferred_team,team_name,seq) values (?,?,?,?,?,default)
    Hibernate: insert into ft_participants (draft_order,fantasy_game_seq,player_id,preferred_team,team_name,seq) values (?,?,?,?,?,default)
    Hibernate: insert into ft_participants (draft_order,fantasy_game_seq,player_id,preferred_team,team_name,seq) values (?,?,?,?,?,default)
    Hibernate: insert into ft_participants (draft_order,fantasy_game_seq,player_id,preferred_team,team_name,seq) values (?,?,?,?,?,default)
    Hibernate: insert into ft_participants (draft_order,fantasy_game_seq,player_id,preferred_team,team_name,seq) values (?,?,?,?,?,default)
    Hibernate: insert into ft_participants (draft_order,fantasy_game_seq,player_id,preferred_team,team_name,seq) values (?,?,?,?,?,default)
    Hibernate: insert into ft_participants (draft_order,fantasy_game_seq,player_id,preferred_team,team_name,seq) values (?,?,?,?,?,default)
    Hibernate: insert into ft_participants (draft_order,fantasy_game_seq,player_id,preferred_team,team_name,seq) values (?,?,?,?,?,default)
    Hibernate: insert into ft_participants (draft_order,fantasy_game_seq,player_id,preferred_team,team_name,seq) values (?,?,?,?,?,default)
    Hibernate: insert into ft_participants (draft_order,fantasy_game_seq,player_id,preferred_team,team_name,seq) values (?,?,?,?,?,default)
    Hibernate: insert into ft_participants (draft_order,fantasy_game_seq,player_id,preferred_team,team_name,seq) values (?,?,?,?,?,default)
    Hibernate: insert into ft_participants (draft_order,fantasy_game_seq,player_id,preferred_team,team_name,seq) values (?,?,?,?,?,default)
    Hibernate: insert into ft_participants (draft_order,fantasy_game_seq,player_id,preferred_team,team_name,seq) values (?,?,?,?,?,default)
    Hibernate: insert into ft_participants (draft_order,fantasy_game_seq,player_id,preferred_team,team_name,seq) values (?,?,?,?,?,default)
    Hibernate: insert into ft_participants (draft_order,fantasy_game_seq,player_id,preferred_team,team_name,seq) values (?,?,?,?,?,default)
    Hibernate: insert into ft_participants (draft_order,fantasy_game_seq,player_id,preferred_team,team_name,seq) values (?,?,?,?,?,default)
    Hibernate: insert into ft_participants (draft_order,fantasy_game_seq,player_id,preferred_team,team_name,seq) values (?,?,?,?,?,default)
    Hibernate: insert into ft_participants (draft_order,fantasy_game_seq,player_id,preferred_team,team_name,seq) values (?,?,?,?,?,default)
    Hibernate: insert into ft_participants (draft_order,fantasy_game_seq,player_id,preferred_team,team_name,seq) values (?,?,?,?,?,default)
    Hibernate: insert into ft_participants (draft_order,fantasy_game_seq,player_id,preferred_team,team_name,seq) values (?,?,?,?,?,default)
    Hibernate: insert into ft_participants (draft_order,fantasy_game_seq,player_id,preferred_team,team_name,seq) values (?,?,?,?,?,default)
    Hibernate: insert into ft_participants (draft_order,fantasy_game_seq,player_id,preferred_team,team_name,seq) values (?,?,?,?,?,default)
    Hibernate: insert into ft_participants (draft_order,fantasy_game_seq,player_id,preferred_team,team_name,seq) values (?,?,?,?,?,default)
    Hibernate: insert into ft_participants (draft_order,fantasy_game_seq,player_id,preferred_team,team_name,seq) values (?,?,?,?,?,default)
    Hibernate: insert into ft_participants (draft_order,fantasy_game_seq,player_id,preferred_team,team_name,seq) values (?,?,?,?,?,default)
    Hibernate: insert into ft_participants (draft_order,fantasy_game_seq,player_id,preferred_team,team_name,seq) values (?,?,?,?,?,default)
    Hibernate: insert into ft_participants (draft_order,fantasy_game_seq,player_id,preferred_team,team_name,seq) values (?,?,?,?,?,default)
    Hibernate: insert into ft_participants (draft_order,fantasy_game_seq,player_id,preferred_team,team_name,seq) values (?,?,?,?,?,default)
    Hibernate: insert into ft_participants (draft_order,fantasy_game_seq,player_id,preferred_team,team_name,seq) values (?,?,?,?,?,default)
    Hibernate: insert into ft_participants (draft_order,fantasy_game_seq,player_id,preferred_team,team_name,seq) values (?,?,?,?,?,default)
    Hibernate: insert into ft_participants (draft_order,fantasy_game_seq,player_id,preferred_team,team_name,seq) values (?,?,?,?,?,default)
    Hibernate: insert into ft_participants (draft_order,fantasy_game_seq,player_id,preferred_team,team_name,seq) values (?,?,?,?,?,default)
    Hibernate: insert into ft_participants (draft_order,fantasy_game_seq,player_id,preferred_team,team_name,seq) values (?,?,?,?,?,default)
    Hibernate: insert into ft_participants (draft_order,fantasy_game_seq,player_id,preferred_team,team_name,seq) values (?,?,?,?,?,default)
    Hibernate: insert into ft_participants (draft_order,fantasy_game_seq,player_id,preferred_team,team_name,seq) values (?,?,?,?,?,default)
    Hibernate: insert into ft_participants (draft_order,fantasy_game_seq,player_id,preferred_team,team_name,seq) values (?,?,?,?,?,default)
    Hibernate: insert into ft_participants (draft_order,fantasy_game_seq,player_id,preferred_team,team_name,seq) values (?,?,?,?,?,default)
    Hibernate: insert into ft_participants (draft_order,fantasy_game_seq,player_id,preferred_team,team_name,seq) values (?,?,?,?,?,default)
    Hibernate: insert into ft_participants (draft_order,fantasy_game_seq,player_id,preferred_team,team_name,seq) values (?,?,?,?,?,default)
    Hibernate: insert into ft_participants (draft_order,fantasy_game_seq,player_id,preferred_team,team_name,seq) values (?,?,?,?,?,default)
    Hibernate: insert into ft_participants (draft_order,fantasy_game_seq,player_id,preferred_team,team_name,seq) values (?,?,?,?,?,default)
    Hibernate: insert into ft_participants (draft_order,fantasy_game_seq,player_id,preferred_team,team_name,seq) values (?,?,?,?,?,default)
    Hibernate: insert into ft_participants (draft_order,fantasy_game_seq,player_id,preferred_team,team_name,seq) values (?,?,?,?,?,default)
    Hibernate: insert into ft_participants (draft_order,fantasy_game_seq,player_id,preferred_team,team_name,seq) values (?,?,?,?,?,default)
    Hibernate: insert into ft_participants (draft_order,fantasy_game_seq,player_id,preferred_team,team_name,seq) values (?,?,?,?,?,default)
    Hibernate: insert into ft_participants (draft_order,fantasy_game_seq,player_id,preferred_team,team_name,seq) values (?,?,?,?,?,default)
    Hibernate: insert into ft_participants (draft_order,fantasy_game_seq,player_id,preferred_team,team_name,seq) values (?,?,?,?,?,default)
    Hibernate: insert into ft_participants (draft_order,fantasy_game_seq,player_id,preferred_team,team_name,seq) values (?,?,?,?,?,default)
    Hibernate: insert into ft_participants (draft_order,fantasy_game_seq,player_id,preferred_team,team_name,seq) values (?,?,?,?,?,default)
    Hibernate: insert into ft_participants (draft_order,fantasy_game_seq,player_id,preferred_team,team_name,seq) values (?,?,?,?,?,default)
    Hibernate: insert into ft_participants (draft_order,fantasy_game_seq,player_id,preferred_team,team_name,seq) values (?,?,?,?,?,default)
    Hibernate: insert into ft_participants (draft_order,fantasy_game_seq,player_id,preferred_team,team_name,seq) values (?,?,?,?,?,default)
    Hibernate: insert into ft_participants (draft_order,fantasy_game_seq,player_id,preferred_team,team_name,seq) values (?,?,?,?,?,default)
    Hibernate: insert into ft_participants (draft_order,fantasy_game_seq,player_id,preferred_team,team_name,seq) values (?,?,?,?,?,default)
    Hibernate: insert into ft_participants (draft_order,fantasy_game_seq,player_id,preferred_team,team_name,seq) values (?,?,?,?,?,default)
    Hibernate: insert into ft_participants (draft_order,fantasy_game_seq,player_id,preferred_team,team_name,seq) values (?,?,?,?,?,default)
    Hibernate: insert into ft_participants (draft_order,fantasy_game_seq,player_id,preferred_team,team_name,seq) values (?,?,?,?,?,default)
    Hibernate: insert into ft_participants (draft_order,fantasy_game_seq,player_id,preferred_team,team_name,seq) values (?,?,?,?,?,default)
    Hibernate: insert into ft_participants (draft_order,fantasy_game_seq,player_id,preferred_team,team_name,seq) values (?,?,?,?,?,default)
    Hibernate: insert into ft_participants (draft_order,fantasy_game_seq,player_id,preferred_team,team_name,seq) values (?,?,?,?,?,default)
    Hibernate: insert into ft_participants (draft_order,fantasy_game_seq,player_id,preferred_team,team_name,seq) values (?,?,?,?,?,default)
    Hibernate: insert into ft_participants (draft_order,fantasy_game_seq,player_id,preferred_team,team_name,seq) values (?,?,?,?,?,default)
    Hibernate: insert into ft_participants (draft_order,fantasy_game_seq,player_id,preferred_team,team_name,seq) values (?,?,?,?,?,default)
    Hibernate: insert into ft_participants (draft_order,fantasy_game_seq,player_id,preferred_team,team_name,seq) values (?,?,?,?,?,default)
    Hibernate: insert into ft_participants (draft_order,fantasy_game_seq,player_id,preferred_team,team_name,seq) values (?,?,?,?,?,default)
    Hibernate: insert into ft_participants (draft_order,fantasy_game_seq,player_id,preferred_team,team_name,seq) values (?,?,?,?,?,default)
    Hibernate: insert into ft_participants (draft_order,fantasy_game_seq,player_id,preferred_team,team_name,seq) values (?,?,?,?,?,default)
    Hibernate: insert into ft_participants (draft_order,fantasy_game_seq,player_id,preferred_team,team_name,seq) values (?,?,?,?,?,default)
    Hibernate: insert into ft_participants (draft_order,fantasy_game_seq,player_id,preferred_team,team_name,seq) values (?,?,?,?,?,default)
    Hibernate: insert into ft_participants (draft_order,fantasy_game_seq,player_id,preferred_team,team_name,seq) values (?,?,?,?,?,default)
    Hibernate: insert into ft_participants (draft_order,fantasy_game_seq,player_id,preferred_team,team_name,seq) values (?,?,?,?,?,default)
    Hibernate: insert into ft_participants (draft_order,fantasy_game_seq,player_id,preferred_team,team_name,seq) values (?,?,?,?,?,default)
    Hibernate: insert into ft_participants (draft_order,fantasy_game_seq,player_id,preferred_team,team_name,seq) values (?,?,?,?,?,default)
    Hibernate: insert into ft_participants (draft_order,fantasy_game_seq,player_id,preferred_team,team_name,seq) values (?,?,?,?,?,default)
    Hibernate: insert into ft_participants (draft_order,fantasy_game_seq,player_id,preferred_team,team_name,seq) values (?,?,?,?,?,default)
    Hibernate: insert into ft_participants (draft_order,fantasy_game_seq,player_id,preferred_team,team_name,seq) values (?,?,?,?,?,default)
    Hibernate: insert into ft_participants (draft_order,fantasy_game_seq,player_id,preferred_team,team_name,seq) values (?,?,?,?,?,default)
    Hibernate: insert into ft_participants (draft_order,fantasy_game_seq,player_id,preferred_team,team_name,seq) values (?,?,?,?,?,default)
    Hibernate: insert into ft_participants (draft_order,fantasy_game_seq,player_id,preferred_team,team_name,seq) values (?,?,?,?,?,default)
    Hibernate: insert into ft_participants (draft_order,fantasy_game_seq,player_id,preferred_team,team_name,seq) values (?,?,?,?,?,default)
    Hibernate: insert into ft_participants (draft_order,fantasy_game_seq,player_id,preferred_team,team_name,seq) values (?,?,?,?,?,default)
    Hibernate: insert into ft_participants (draft_order,fantasy_game_seq,player_id,preferred_team,team_name,seq) values (?,?,?,?,?,default)
    Hibernate: insert into ft_participants (draft_order,fantasy_game_seq,player_id,preferred_team,team_name,seq) values (?,?,?,?,?,default)
    Hibernate: insert into ft_participants (draft_order,fantasy_game_seq,player_id,preferred_team,team_name,seq) values (?,?,?,?,?,default)
    Hibernate: insert into ft_participants (draft_order,fantasy_game_seq,player_id,preferred_team,team_name,seq) values (?,?,?,?,?,default)
    Hibernate: insert into ft_participants (draft_order,fantasy_game_seq,player_id,preferred_team,team_name,seq) values (?,?,?,?,?,default)
    Hibernate: insert into ft_participants (draft_order,fantasy_game_seq,player_id,preferred_team,team_name,seq) values (?,?,?,?,?,default)
    Hibernate: insert into ft_participants (draft_order,fantasy_game_seq,player_id,preferred_team,team_name,seq) values (?,?,?,?,?,default)
    Hibernate: insert into ft_participants (draft_order,fantasy_game_seq,player_id,preferred_team,team_name,seq) values (?,?,?,?,?,default)
    Hibernate: insert into ft_participants (draft_order,fantasy_game_seq,player_id,preferred_team,team_name,seq) values (?,?,?,?,?,default)
    Hibernate: insert into ft_participants (draft_order,fantasy_game_seq,player_id,preferred_team,team_name,seq) values (?,?,?,?,?,default)
    Hibernate: insert into ft_participants (draft_order,fantasy_game_seq,player_id,preferred_team,team_name,seq) values (?,?,?,?,?,default)
    Hibernate: insert into ft_participants (draft_order,fantasy_game_seq,player_id,preferred_team,team_name,seq) values (?,?,?,?,?,default)
    Hibernate: insert into ft_participants (draft_order,fantasy_game_seq,player_id,preferred_team,team_name,seq) values (?,?,?,?,?,default)
    Hibernate: insert into ft_participants (draft_order,fantasy_game_seq,player_id,preferred_team,team_name,seq) values (?,?,?,?,?,default)
    Hibernate: insert into ft_participants (draft_order,fantasy_game_seq,player_id,preferred_team,team_name,seq) values (?,?,?,?,?,default)
    Hibernate: insert into ft_participants (draft_order,fantasy_game_seq,player_id,preferred_team,team_name,seq) values (?,?,?,?,?,default)
    Hibernate: insert into ft_participants (draft_order,fantasy_game_seq,player_id,preferred_team,team_name,seq) values (?,?,?,?,?,default)
    Hibernate: insert into ft_participants (draft_order,fantasy_game_seq,player_id,preferred_team,team_name,seq) values (?,?,?,?,?,default)
    Hibernate: insert into ft_participants (draft_order,fantasy_game_seq,player_id,preferred_team,team_name,seq) values (?,?,?,?,?,default)
    Hibernate: insert into ft_participants (draft_order,fantasy_game_seq,player_id,preferred_team,team_name,seq) values (?,?,?,?,?,default)
    Hibernate: insert into ft_participants (draft_order,fantasy_game_seq,player_id,preferred_team,team_name,seq) values (?,?,?,?,?,default)
    Hibernate: insert into ft_participants (draft_order,fantasy_game_seq,player_id,preferred_team,team_name,seq) values (?,?,?,?,?,default)
    Hibernate: insert into ft_participants (draft_order,fantasy_game_seq,player_id,preferred_team,team_name,seq) values (?,?,?,?,?,default)
    Hibernate: insert into ft_participants (draft_order,fantasy_game_seq,player_id,preferred_team,team_name,seq) values (?,?,?,?,?,default)
    Hibernate: insert into ft_participants (draft_order,fantasy_game_seq,player_id,preferred_team,team_name,seq) values (?,?,?,?,?,default)
    Hibernate: insert into ft_participants (draft_order,fantasy_game_seq,player_id,preferred_team,team_name,seq) values (?,?,?,?,?,default)
    Hibernate: insert into ft_participants (draft_order,fantasy_game_seq,player_id,preferred_team,team_name,seq) values (?,?,?,?,?,default)
    Hibernate: insert into ft_participants (draft_order,fantasy_game_seq,player_id,preferred_team,team_name,seq) values (?,?,?,?,?,default)
    Hibernate: insert into ft_participants (draft_order,fantasy_game_seq,player_id,preferred_team,team_name,seq) values (?,?,?,?,?,default)
    Hibernate: insert into ft_participants (draft_order,fantasy_game_seq,player_id,preferred_team,team_name,seq) values (?,?,?,?,?,default)
    Hibernate: insert into ft_participants (draft_order,fantasy_game_seq,player_id,preferred_team,team_name,seq) values (?,?,?,?,?,default)
    Hibernate: insert into ft_participants (draft_order,fantasy_game_seq,player_id,preferred_team,team_name,seq) values (?,?,?,?,?,default)
    Hibernate: insert into ft_participants (draft_order,fantasy_game_seq,player_id,preferred_team,team_name,seq) values (?,?,?,?,?,default)
    Hibernate: insert into ft_participants (draft_order,fantasy_game_seq,player_id,preferred_team,team_name,seq) values (?,?,?,?,?,default)
    Hibernate: insert into ft_participants (draft_order,fantasy_game_seq,player_id,preferred_team,team_name,seq) values (?,?,?,?,?,default)
    Hibernate: insert into ft_participants (draft_order,fantasy_game_seq,player_id,preferred_team,team_name,seq) values (?,?,?,?,?,default)
    Hibernate: insert into ft_participants (draft_order,fantasy_game_seq,player_id,preferred_team,team_name,seq) values (?,?,?,?,?,default)
    Hibernate: insert into ft_participants (draft_order,fantasy_game_seq,player_id,preferred_team,team_name,seq) values (?,?,?,?,?,default)
    Hibernate: insert into ft_participants (draft_order,fantasy_game_seq,player_id,preferred_team,team_name,seq) values (?,?,?,?,?,default)
    Hibernate: insert into ft_participants (draft_order,fantasy_game_seq,player_id,preferred_team,team_name,seq) values (?,?,?,?,?,default)
    Hibernate: insert into ft_participants (draft_order,fantasy_game_seq,player_id,preferred_team,team_name,seq) values (?,?,?,?,?,default)
    Hibernate: insert into ft_participants (draft_order,fantasy_game_seq,player_id,preferred_team,team_name,seq) values (?,?,?,?,?,default)
    Hibernate: insert into ft_participants (draft_order,fantasy_game_seq,player_id,preferred_team,team_name,seq) values (?,?,?,?,?,default)
    Hibernate: insert into ft_participants (draft_order,fantasy_game_seq,player_id,preferred_team,team_name,seq) values (?,?,?,?,?,default)
    Hibernate: insert into ft_participants (draft_order,fantasy_game_seq,player_id,preferred_team,team_name,seq) values (?,?,?,?,?,default)
    Hibernate: insert into ft_participants (draft_order,fantasy_game_seq,player_id,preferred_team,team_name,seq) values (?,?,?,?,?,default)
    Hibernate: insert into ft_participants (draft_order,fantasy_game_seq,player_id,preferred_team,team_name,seq) values (?,?,?,?,?,default)
    Hibernate: insert into ft_participants (draft_order,fantasy_game_seq,player_id,preferred_team,team_name,seq) values (?,?,?,?,?,default)
    Hibernate: insert into ft_participants (draft_order,fantasy_game_seq,player_id,preferred_team,team_name,seq) values (?,?,?,?,?,default)
    Hibernate: insert into ft_participants (draft_order,fantasy_game_seq,player_id,preferred_team,team_name,seq) values (?,?,?,?,?,default)
    Hibernate: insert into ft_participants (draft_order,fantasy_game_seq,player_id,preferred_team,team_name,seq) values (?,?,?,?,?,default)
    Hibernate: insert into ft_participants (draft_order,fantasy_game_seq,player_id,preferred_team,team_name,seq) values (?,?,?,?,?,default)
    Hibernate: insert into ft_participants (draft_order,fantasy_game_seq,player_id,preferred_team,team_name,seq) values (?,?,?,?,?,default)
    Hibernate: insert into ft_participants (draft_order,fantasy_game_seq,player_id,preferred_team,team_name,seq) values (?,?,?,?,?,default)
    Hibernate: insert into ft_participants (draft_order,fantasy_game_seq,player_id,preferred_team,team_name,seq) values (?,?,?,?,?,default)
    Hibernate: insert into ft_participants (draft_order,fantasy_game_seq,player_id,preferred_team,team_name,seq) values (?,?,?,?,?,default)
    Hibernate: insert into ft_participants (draft_order,fantasy_game_seq,player_id,preferred_team,team_name,seq) values (?,?,?,?,?,default)
    Hibernate: insert into ft_participants (draft_order,fantasy_game_seq,player_id,preferred_team,team_name,seq) values (?,?,?,?,?,default)
    Hibernate: insert into ft_participants (draft_order,fantasy_game_seq,player_id,preferred_team,team_name,seq) values (?,?,?,?,?,default)
    Hibernate: insert into ft_participants (draft_order,fantasy_game_seq,player_id,preferred_team,team_name,seq) values (?,?,?,?,?,default)
    Hibernate: insert into ft_participants (draft_order,fantasy_game_seq,player_id,preferred_team,team_name,seq) values (?,?,?,?,?,default)
    Hibernate: insert into ft_participants (draft_order,fantasy_game_seq,player_id,preferred_team,team_name,seq) values (?,?,?,?,?,default)
    Hibernate: insert into ft_participants (draft_order,fantasy_game_seq,player_id,preferred_team,team_name,seq) values (?,?,?,?,?,default)
    Hibernate: insert into ft_participants (draft_order,fantasy_game_seq,player_id,preferred_team,team_name,seq) values (?,?,?,?,?,default)
    Hibernate: insert into ft_participants (draft_order,fantasy_game_seq,player_id,preferred_team,team_name,seq) values (?,?,?,?,?,default)
    Hibernate: insert into ft_participants (draft_order,fantasy_game_seq,player_id,preferred_team,team_name,seq) values (?,?,?,?,?,default)
    Hibernate: insert into ft_participants (draft_order,fantasy_game_seq,player_id,preferred_team,team_name,seq) values (?,?,?,?,?,default)
    Hibernate: insert into ft_participants (draft_order,fantasy_game_seq,player_id,preferred_team,team_name,seq) values (?,?,?,?,?,default)
    Hibernate: insert into ft_participants (draft_order,fantasy_game_seq,player_id,preferred_team,team_name,seq) values (?,?,?,?,?,default)
    Hibernate: insert into ft_participants (draft_order,fantasy_game_seq,player_id,preferred_team,team_name,seq) values (?,?,?,?,?,default)
    Hibernate: insert into ft_participants (draft_order,fantasy_game_seq,player_id,preferred_team,team_name,seq) values (?,?,?,?,?,default)
    Hibernate: insert into ft_participants (draft_order,fantasy_game_seq,player_id,preferred_team,team_name,seq) values (?,?,?,?,?,default)
    Hibernate: insert into ft_participants (draft_order,fantasy_game_seq,player_id,preferred_team,team_name,seq) values (?,?,?,?,?,default)
    Hibernate: insert into ft_participants (draft_order,fantasy_game_seq,player_id,preferred_team,team_name,seq) values (?,?,?,?,?,default)
    Hibernate: insert into ft_participants (draft_order,fantasy_game_seq,player_id,preferred_team,team_name,seq) values (?,?,?,?,?,default)
    Hibernate: insert into ft_participants (draft_order,fantasy_game_seq,player_id,preferred_team,team_name,seq) values (?,?,?,?,?,default)
    Hibernate: insert into ft_participants (draft_order,fantasy_game_seq,player_id,preferred_team,team_name,seq) values (?,?,?,?,?,default)
    Hibernate: insert into ft_participants (draft_order,fantasy_game_seq,player_id,preferred_team,team_name,seq) values (?,?,?,?,?,default)
    Hibernate: insert into ft_participants (draft_order,fantasy_game_seq,player_id,preferred_team,team_name,seq) values (?,?,?,?,?,default)
    Hibernate: insert into ft_participants (draft_order,fantasy_game_seq,player_id,preferred_team,team_name,seq) values (?,?,?,?,?,default)
    Hibernate: insert into ft_participants (draft_order,fantasy_game_seq,player_id,preferred_team,team_name,seq) values (?,?,?,?,?,default)
    Hibernate: insert into ft_participants (draft_order,fantasy_game_seq,player_id,preferred_team,team_name,seq) values (?,?,?,?,?,default)
    Hibernate: insert into ft_participants (draft_order,fantasy_game_seq,player_id,preferred_team,team_name,seq) values (?,?,?,?,?,default)
    Hibernate: insert into ft_participants (draft_order,fantasy_game_seq,player_id,preferred_team,team_name,seq) values (?,?,?,?,?,default)
    Hibernate: insert into ft_participants (draft_order,fantasy_game_seq,player_id,preferred_team,team_name,seq) values (?,?,?,?,?,default)
    Hibernate: insert into ft_participants (draft_order,fantasy_game_seq,player_id,preferred_team,team_name,seq) values (?,?,?,?,?,default)
    Hibernate: insert into ft_participants (draft_order,fantasy_game_seq,player_id,preferred_team,team_name,seq) values (?,?,?,?,?,default)
    Hibernate: insert into ft_participants (draft_order,fantasy_game_seq,player_id,preferred_team,team_name,seq) values (?,?,?,?,?,default)
    Hibernate: insert into ft_participants (draft_order,fantasy_game_seq,player_id,preferred_team,team_name,seq) values (?,?,?,?,?,default)
    Hibernate: insert into ft_participants (draft_order,fantasy_game_seq,player_id,preferred_team,team_name,seq) values (?,?,?,?,?,default)
    Hibernate: insert into ft_participants (draft_order,fantasy_game_seq,player_id,preferred_team,team_name,seq) values (?,?,?,?,?,default)
    Hibernate: insert into ft_participants (draft_order,fantasy_game_seq,player_id,preferred_team,team_name,seq) values (?,?,?,?,?,default)
    Hibernate: insert into ft_participants (draft_order,fantasy_game_seq,player_id,preferred_team,team_name,seq) values (?,?,?,?,?,default)
    Hibernate: insert into ft_participants (draft_order,fantasy_game_seq,player_id,preferred_team,team_name,seq) values (?,?,?,?,?,default)
    Hibernate: insert into ft_participants (draft_order,fantasy_game_seq,player_id,preferred_team,team_name,seq) values (?,?,?,?,?,default)
    Hibernate: insert into ft_participants (draft_order,fantasy_game_seq,player_id,preferred_team,team_name,seq) values (?,?,?,?,?,default)
    Hibernate: insert into ft_participants (draft_order,fantasy_game_seq,player_id,preferred_team,team_name,seq) values (?,?,?,?,?,default)
    Hibernate: insert into ft_participants (draft_order,fantasy_game_seq,player_id,preferred_team,team_name,seq) values (?,?,?,?,?,default)
    Hibernate: insert into ft_participants (draft_order,fantasy_game_seq,player_id,preferred_team,team_name,seq) values (?,?,?,?,?,default)
    Hibernate: insert into ft_participants (draft_order,fantasy_game_seq,player_id,preferred_team,team_name,seq) values (?,?,?,?,?,default)
    Hibernate: insert into ft_participants (draft_order,fantasy_game_seq,player_id,preferred_team,team_name,seq) values (?,?,?,?,?,default)
    Hibernate: insert into ft_participants (draft_order,fantasy_game_seq,player_id,preferred_team,team_name,seq) values (?,?,?,?,?,default)
    Hibernate: insert into ft_participants (draft_order,fantasy_game_seq,player_id,preferred_team,team_name,seq) values (?,?,?,?,?,default)
    Hibernate: insert into ft_participants (draft_order,fantasy_game_seq,player_id,preferred_team,team_name,seq) values (?,?,?,?,?,default)
    Hibernate: insert into ft_participants (draft_order,fantasy_game_seq,player_id,preferred_team,team_name,seq) values (?,?,?,?,?,default)
    Hibernate: insert into ft_participants (draft_order,fantasy_game_seq,player_id,preferred_team,team_name,seq) values (?,?,?,?,?,default)
    Hibernate: insert into ft_participants (draft_order,fantasy_game_seq,player_id,preferred_team,team_name,seq) values (?,?,?,?,?,default)
    Hibernate: insert into ft_participants (draft_order,fantasy_game_seq,player_id,preferred_team,team_name,seq) values (?,?,?,?,?,default)
    Hibernate: insert into ft_participants (draft_order,fantasy_game_seq,player_id,preferred_team,team_name,seq) values (?,?,?,?,?,default)
    Hibernate: insert into ft_participants (draft_order,fantasy_game_seq,player_id,preferred_team,team_name,seq) values (?,?,?,?,?,default)
    Hibernate: insert into ft_participants (draft_order,fantasy_game_seq,player_id,preferred_team,team_name,seq) values (?,?,?,?,?,default)
    Hibernate: insert into ft_participants (draft_order,fantasy_game_seq,player_id,preferred_team,team_name,seq) values (?,?,?,?,?,default)
    Hibernate: insert into ft_participants (draft_order,fantasy_game_seq,player_id,preferred_team,team_name,seq) values (?,?,?,?,?,default)
    Hibernate: insert into ft_participants (draft_order,fantasy_game_seq,player_id,preferred_team,team_name,seq) values (?,?,?,?,?,default)
    Hibernate: insert into ft_participants (draft_order,fantasy_game_seq,player_id,preferred_team,team_name,seq) values (?,?,?,?,?,default)
    Hibernate: insert into ft_participants (draft_order,fantasy_game_seq,player_id,preferred_team,team_name,seq) values (?,?,?,?,?,default)
    Hibernate: insert into ft_participants (draft_order,fantasy_game_seq,player_id,preferred_team,team_name,seq) values (?,?,?,?,?,default)
    Hibernate: insert into ft_participants (draft_order,fantasy_game_seq,player_id,preferred_team,team_name,seq) values (?,?,?,?,?,default)
    Hibernate: insert into ft_participants (draft_order,fantasy_game_seq,player_id,preferred_team,team_name,seq) values (?,?,?,?,?,default)
    Hibernate: insert into ft_participants (draft_order,fantasy_game_seq,player_id,preferred_team,team_name,seq) values (?,?,?,?,?,default)
    Hibernate: insert into ft_participants (draft_order,fantasy_game_seq,player_id,preferred_team,team_name,seq) values (?,?,?,?,?,default)
    Hibernate: insert into ft_participants (draft_order,fantasy_game_seq,player_id,preferred_team,team_name,seq) values (?,?,?,?,?,default)
    Hibernate: insert into ft_participants (draft_order,fantasy_game_seq,player_id,preferred_team,team_name,seq) values (?,?,?,?,?,default)
    Hibernate: insert into ft_participants (draft_order,fantasy_game_seq,player_id,preferred_team,team_name,seq) values (?,?,?,?,?,default)
    Hibernate: insert into ft_participants (draft_order,fantasy_game_seq,player_id,preferred_team,team_name,seq) values (?,?,?,?,?,default)
    Hibernate: insert into ft_participants (draft_order,fantasy_game_seq,player_id,preferred_team,team_name,seq) values (?,?,?,?,?,default)
    Hibernate: insert into ft_participants (draft_order,fantasy_game_seq,player_id,preferred_team,team_name,seq) values (?,?,?,?,?,default)
    Hibernate: insert into ft_participants (draft_order,fantasy_game_seq,player_id,preferred_team,team_name,seq) values (?,?,?,?,?,default)
    Hibernate: insert into ft_participants (draft_order,fantasy_game_seq,player_id,preferred_team,team_name,seq) values (?,?,?,?,?,default)
    Hibernate: insert into ft_participants (draft_order,fantasy_game_seq,player_id,preferred_team,team_name,seq) values (?,?,?,?,?,default)
    Hibernate: insert into ft_participants (draft_order,fantasy_game_seq,player_id,preferred_team,team_name,seq) values (?,?,?,?,?,default)
    Hibernate: insert into ft_participants (draft_order,fantasy_game_seq,player_id,preferred_team,team_name,seq) values (?,?,?,?,?,default)
    Hibernate: insert into ft_participants (draft_order,fantasy_game_seq,player_id,preferred_team,team_name,seq) values (?,?,?,?,?,default)
    Hibernate: insert into ft_participants (draft_order,fantasy_game_seq,player_id,preferred_team,team_name,seq) values (?,?,?,?,?,default)
    Hibernate: insert into ft_participants (draft_order,fantasy_game_seq,player_id,preferred_team,team_name,seq) values (?,?,?,?,?,default)
    Hibernate: insert into ft_participants (draft_order,fantasy_game_seq,player_id,preferred_team,team_name,seq) values (?,?,?,?,?,default)
    Hibernate: insert into ft_participants (draft_order,fantasy_game_seq,player_id,preferred_team,team_name,seq) values (?,?,?,?,?,default)
    Hibernate: insert into ft_participants (draft_order,fantasy_game_seq,player_id,preferred_team,team_name,seq) values (?,?,?,?,?,default)
    Hibernate: insert into ft_participants (draft_order,fantasy_game_seq,player_id,preferred_team,team_name,seq) values (?,?,?,?,?,default)
    Hibernate: insert into ft_participants (draft_order,fantasy_game_seq,player_id,preferred_team,team_name,seq) values (?,?,?,?,?,default)
    Hibernate: insert into ft_participants (draft_order,fantasy_game_seq,player_id,preferred_team,team_name,seq) values (?,?,?,?,?,default)
    Hibernate: insert into ft_participants (draft_order,fantasy_game_seq,player_id,preferred_team,team_name,seq) values (?,?,?,?,?,default)
    Hibernate: insert into ft_participants (draft_order,fantasy_game_seq,player_id,preferred_team,team_name,seq) values (?,?,?,?,?,default)
    Hibernate: insert into ft_participants (draft_order,fantasy_game_seq,player_id,preferred_team,team_name,seq) values (?,?,?,?,?,default)
    Hibernate: insert into ft_participants (draft_order,fantasy_game_seq,player_id,preferred_team,team_name,seq) values (?,?,?,?,?,default)
    Hibernate: insert into ft_participants (draft_order,fantasy_game_seq,player_id,preferred_team,team_name,seq) values (?,?,?,?,?,default)
    Hibernate: insert into ft_participants (draft_order,fantasy_game_seq,player_id,preferred_team,team_name,seq) values (?,?,?,?,?,default)
    Hibernate: insert into ft_participants (draft_order,fantasy_game_seq,player_id,preferred_team,team_name,seq) values (?,?,?,?,?,default)
    Hibernate: insert into ft_participants (draft_order,fantasy_game_seq,player_id,preferred_team,team_name,seq) values (?,?,?,?,?,default)
    Hibernate: insert into ft_participants (draft_order,fantasy_game_seq,player_id,preferred_team,team_name,seq) values (?,?,?,?,?,default)
    Hibernate: insert into ft_participants (draft_order,fantasy_game_seq,player_id,preferred_team,team_name,seq) values (?,?,?,?,?,default)
    Hibernate: insert into ft_participants (draft_order,fantasy_game_seq,player_id,preferred_team,team_name,seq) values (?,?,?,?,?,default)
    Hibernate: insert into ft_participants (draft_order,fantasy_game_seq,player_id,preferred_team,team_name,seq) values (?,?,?,?,?,default)
    Hibernate: insert into ft_participants (draft_order,fantasy_game_seq,player_id,preferred_team,team_name,seq) values (?,?,?,?,?,default)
    Hibernate: insert into ft_participants (draft_order,fantasy_game_seq,player_id,preferred_team,team_name,seq) values (?,?,?,?,?,default)
    Hibernate: insert into ft_participants (draft_order,fantasy_game_seq,player_id,preferred_team,team_name,seq) values (?,?,?,?,?,default)
    Hibernate: insert into ft_participants (draft_order,fantasy_game_seq,player_id,preferred_team,team_name,seq) values (?,?,?,?,?,default)
    Hibernate: insert into ft_participants (draft_order,fantasy_game_seq,player_id,preferred_team,team_name,seq) values (?,?,?,?,?,default)
    Hibernate: insert into ft_participants (draft_order,fantasy_game_seq,player_id,preferred_team,team_name,seq) values (?,?,?,?,?,default)
    Hibernate: insert into ft_participants (draft_order,fantasy_game_seq,player_id,preferred_team,team_name,seq) values (?,?,?,?,?,default)
    Hibernate: insert into ft_participants (draft_order,fantasy_game_seq,player_id,preferred_team,team_name,seq) values (?,?,?,?,?,default)
    Hibernate: insert into ft_participants (draft_order,fantasy_game_seq,player_id,preferred_team,team_name,seq) values (?,?,?,?,?,default)
    Hibernate: insert into ft_participants (draft_order,fantasy_game_seq,player_id,preferred_team,team_name,seq) values (?,?,?,?,?,default)
    Hibernate: insert into ft_participants (draft_order,fantasy_game_seq,player_id,preferred_team,team_name,seq) values (?,?,?,?,?,default)
    Hibernate: insert into ft_participants (draft_order,fantasy_game_seq,player_id,preferred_team,team_name,seq) values (?,?,?,?,?,default)
    Hibernate: insert into ft_participants (draft_order,fantasy_game_seq,player_id,preferred_team,team_name,seq) values (?,?,?,?,?,default)
    Hibernate: insert into ft_participants (draft_order,fantasy_game_seq,player_id,preferred_team,team_name,seq) values (?,?,?,?,?,default)
    Hibernate: insert into ft_participants (draft_order,fantasy_game_seq,player_id,preferred_team,team_name,seq) values (?,?,?,?,?,default)
    Hibernate: insert into ft_participants (draft_order,fantasy_game_seq,player_id,preferred_team,team_name,seq) values (?,?,?,?,?,default)
    Hibernate: insert into ft_participants (draft_order,fantasy_game_seq,player_id,preferred_team,team_name,seq) values (?,?,?,?,?,default)
    Hibernate: insert into ft_participants (draft_order,fantasy_game_seq,player_id,preferred_team,team_name,seq) values (?,?,?,?,?,default)
    Hibernate: insert into ft_participants (draft_order,fantasy_game_seq,player_id,preferred_team,team_name,seq) values (?,?,?,?,?,default)
    Hibernate: insert into ft_participants (draft_order,fantasy_game_seq,player_id,preferred_team,team_name,seq) values (?,?,?,?,?,default)
    Hibernate: insert into ft_participants (draft_order,fantasy_game_seq,player_id,preferred_team,team_name,seq) values (?,?,?,?,?,default)
    Hibernate: insert into ft_participants (draft_order,fantasy_game_seq,player_id,preferred_team,team_name,seq) values (?,?,?,?,?,default)
    Hibernate: insert into ft_participants (draft_order,fantasy_game_seq,player_id,preferred_team,team_name,seq) values (?,?,?,?,?,default)
    Hibernate: insert into ft_participants (draft_order,fantasy_game_seq,player_id,preferred_team,team_name,seq) values (?,?,?,?,?,default)
    Hibernate: insert into ft_participants (draft_order,fantasy_game_seq,player_id,preferred_team,team_name,seq) values (?,?,?,?,?,default)
    Hibernate: insert into ft_participants (draft_order,fantasy_game_seq,player_id,preferred_team,team_name,seq) values (?,?,?,?,?,default)
    Hibernate: insert into ft_participants (draft_order,fantasy_game_seq,player_id,preferred_team,team_name,seq) values (?,?,?,?,?,default)
    Hibernate: insert into ft_participants (draft_order,fantasy_game_seq,player_id,preferred_team,team_name,seq) values (?,?,?,?,?,default)
    Hibernate: insert into ft_participants (draft_order,fantasy_game_seq,player_id,preferred_team,team_name,seq) values (?,?,?,?,?,default)
    Hibernate: insert into ft_participants (draft_order,fantasy_game_seq,player_id,preferred_team,team_name,seq) values (?,?,?,?,?,default)
    Hibernate: insert into ft_participants (draft_order,fantasy_game_seq,player_id,preferred_team,team_name,seq) values (?,?,?,?,?,default)
    Hibernate: insert into ft_participants (draft_order,fantasy_game_seq,player_id,preferred_team,team_name,seq) values (?,?,?,?,?,default)
    Hibernate: insert into ft_participants (draft_order,fantasy_game_seq,player_id,preferred_team,team_name,seq) values (?,?,?,?,?,default)
    Hibernate: insert into ft_participants (draft_order,fantasy_game_seq,player_id,preferred_team,team_name,seq) values (?,?,?,?,?,default)
    Hibernate: insert into ft_participants (draft_order,fantasy_game_seq,player_id,preferred_team,team_name,seq) values (?,?,?,?,?,default)
    Hibernate: insert into ft_participants (draft_order,fantasy_game_seq,player_id,preferred_team,team_name,seq) values (?,?,?,?,?,default)
    Hibernate: insert into ft_participants (draft_order,fantasy_game_seq,player_id,preferred_team,team_name,seq) values (?,?,?,?,?,default)
    Hibernate: insert into ft_participants (draft_order,fantasy_game_seq,player_id,preferred_team,team_name,seq) values (?,?,?,?,?,default)
    Hibernate: insert into ft_participants (draft_order,fantasy_game_seq,player_id,preferred_team,team_name,seq) values (?,?,?,?,?,default)
    Hibernate: insert into ft_participants (draft_order,fantasy_game_seq,player_id,preferred_team,team_name,seq) values (?,?,?,?,?,default)
    Hibernate: insert into ft_participants (draft_order,fantasy_game_seq,player_id,preferred_team,team_name,seq) values (?,?,?,?,?,default)
    Hibernate: insert into ft_participants (draft_order,fantasy_game_seq,player_id,preferred_team,team_name,seq) values (?,?,?,?,?,default)
    Hibernate: insert into ft_participants (draft_order,fantasy_game_seq,player_id,preferred_team,team_name,seq) values (?,?,?,?,?,default)
    Hibernate: insert into ft_participants (draft_order,fantasy_game_seq,player_id,preferred_team,team_name,seq) values (?,?,?,?,?,default)
    Hibernate: insert into ft_participants (draft_order,fantasy_game_seq,player_id,preferred_team,team_name,seq) values (?,?,?,?,?,default)
    Hibernate: insert into ft_participants (draft_order,fantasy_game_seq,player_id,preferred_team,team_name,seq) values (?,?,?,?,?,default)
    Hibernate: insert into ft_participants (draft_order,fantasy_game_seq,player_id,preferred_team,team_name,seq) values (?,?,?,?,?,default)
    Hibernate: insert into ft_participants (draft_order,fantasy_game_seq,player_id,preferred_team,team_name,seq) values (?,?,?,?,?,default)
    Hibernate: insert into ft_participants (draft_order,fantasy_game_seq,player_id,preferred_team,team_name,seq) values (?,?,?,?,?,default)
    Hibernate: insert into ft_participants (draft_order,fantasy_game_seq,player_id,preferred_team,team_name,seq) values (?,?,?,?,?,default)
    Hibernate: insert into ft_participants (draft_order,fantasy_game_seq,player_id,preferred_team,team_name,seq) values (?,?,?,?,?,default)
    Hibernate: insert into ft_participants (draft_order,fantasy_game_seq,player_id,preferred_team,team_name,seq) values (?,?,?,?,?,default)
    Hibernate: insert into ft_participants (draft_order,fantasy_game_seq,player_id,preferred_team,team_name,seq) values (?,?,?,?,?,default)
    Hibernate: insert into ft_participants (draft_order,fantasy_game_seq,player_id,preferred_team,team_name,seq) values (?,?,?,?,?,default)
    Hibernate: insert into ft_participants (draft_order,fantasy_game_seq,player_id,preferred_team,team_name,seq) values (?,?,?,?,?,default)
    Hibernate: insert into ft_participants (draft_order,fantasy_game_seq,player_id,preferred_team,team_name,seq) values (?,?,?,?,?,default)
    Hibernate: insert into ft_participants (draft_order,fantasy_game_seq,player_id,preferred_team,team_name,seq) values (?,?,?,?,?,default)
    Hibernate: insert into ft_participants (draft_order,fantasy_game_seq,player_id,preferred_team,team_name,seq) values (?,?,?,?,?,default)
    Hibernate: insert into ft_participants (draft_order,fantasy_game_seq,player_id,preferred_team,team_name,seq) values (?,?,?,?,?,default)
    Hibernate: insert into ft_participants (draft_order,fantasy_game_seq,player_id,preferred_team,team_name,seq) values (?,?,?,?,?,default)
    Hibernate: insert into ft_participants (draft_order,fantasy_game_seq,player_id,preferred_team,team_name,seq) values (?,?,?,?,?,default)
    Hibernate: insert into ft_participants (draft_order,fantasy_game_seq,player_id,preferred_team,team_name,seq) values (?,?,?,?,?,default)
    Hibernate: insert into ft_participants (draft_order,fantasy_game_seq,player_id,preferred_team,team_name,seq) values (?,?,?,?,?,default)
    Hibernate: insert into ft_participants (draft_order,fantasy_game_seq,player_id,preferred_team,team_name,seq) values (?,?,?,?,?,default)
    Hibernate: insert into ft_participants (draft_order,fantasy_game_seq,player_id,preferred_team,team_name,seq) values (?,?,?,?,?,default)
    Hibernate: insert into ft_participants (draft_order,fantasy_game_seq,player_id,preferred_team,team_name,seq) values (?,?,?,?,?,default)
    Hibernate: insert into ft_participants (draft_order,fantasy_game_seq,player_id,preferred_team,team_name,seq) values (?,?,?,?,?,default)
    Hibernate: insert into ft_participants (draft_order,fantasy_game_seq,player_id,preferred_team,team_name,seq) values (?,?,?,?,?,default)
    Hibernate: insert into ft_participants (draft_order,fantasy_game_seq,player_id,preferred_team,team_name,seq) values (?,?,?,?,?,default)
    Hibernate: insert into ft_participants (draft_order,fantasy_game_seq,player_id,preferred_team,team_name,seq) values (?,?,?,?,?,default)
    Hibernate: insert into ft_participants (draft_order,fantasy_game_seq,player_id,preferred_team,team_name,seq) values (?,?,?,?,?,default)
    Hibernate: insert into ft_participants (draft_order,fantasy_game_seq,player_id,preferred_team,team_name,seq) values (?,?,?,?,?,default)
    Hibernate: insert into ft_participants (draft_order,fantasy_game_seq,player_id,preferred_team,team_name,seq) values (?,?,?,?,?,default)
    Hibernate: insert into ft_participants (draft_order,fantasy_game_seq,player_id,preferred_team,team_name,seq) values (?,?,?,?,?,default)
    Hibernate: insert into ft_participants (draft_order,fantasy_game_seq,player_id,preferred_team,team_name,seq) values (?,?,?,?,?,default)
    Hibernate: insert into ft_participants (draft_order,fantasy_game_seq,player_id,preferred_team,team_name,seq) values (?,?,?,?,?,default)
    Hibernate: insert into ft_participants (draft_order,fantasy_game_seq,player_id,preferred_team,team_name,seq) values (?,?,?,?,?,default)
    Hibernate: insert into ft_participants (draft_order,fantasy_game_seq,player_id,preferred_team,team_name,seq) values (?,?,?,?,?,default)
    Hibernate: insert into ft_participants (draft_order,fantasy_game_seq,player_id,preferred_team,team_name,seq) values (?,?,?,?,?,default)
    Hibernate: insert into ft_participants (draft_order,fantasy_game_seq,player_id,preferred_team,team_name,seq) values (?,?,?,?,?,default)
    Hibernate: insert into ft_participants (draft_order,fantasy_game_seq,player_id,preferred_team,team_name,seq) values (?,?,?,?,?,default)
    Hibernate: insert into ft_participants (draft_order,fantasy_game_seq,player_id,preferred_team,team_name,seq) values (?,?,?,?,?,default)
    Hibernate: insert into ft_participants (draft_order,fantasy_game_seq,player_id,preferred_team,team_name,seq) values (?,?,?,?,?,default)
    Hibernate: insert into ft_participants (draft_order,fantasy_game_seq,player_id,preferred_team,team_name,seq) values (?,?,?,?,?,default)
    Hibernate: insert into ft_participants (draft_order,fantasy_game_seq,player_id,preferred_team,team_name,seq) values (?,?,?,?,?,default)
    Hibernate: insert into ft_participants (draft_order,fantasy_game_seq,player_id,preferred_team,team_name,seq) values (?,?,?,?,?,default)
    Hibernate: insert into ft_participants (draft_order,fantasy_game_seq,player_id,preferred_team,team_name,seq) values (?,?,?,?,?,default)
    Hibernate: insert into ft_participants (draft_order,fantasy_game_seq,player_id,preferred_team,team_name,seq) values (?,?,?,?,?,default)
    Hibernate: insert into ft_participants (draft_order,fantasy_game_seq,player_id,preferred_team,team_name,seq) values (?,?,?,?,?,default)
    Hibernate: insert into ft_participants (draft_order,fantasy_game_seq,player_id,preferred_team,team_name,seq) values (?,?,?,?,?,default)
    Hibernate: insert into ft_participants (draft_order,fantasy_game_seq,player_id,preferred_team,team_name,seq) values (?,?,?,?,?,default)
    Hibernate: insert into ft_participants (draft_order,fantasy_game_seq,player_id,preferred_team,team_name,seq) values (?,?,?,?,?,default)
    Hibernate: insert into ft_participants (draft_order,fantasy_game_seq,player_id,preferred_team,team_name,seq) values (?,?,?,?,?,default)
    Hibernate: insert into ft_participants (draft_order,fantasy_game_seq,player_id,preferred_team,team_name,seq) values (?,?,?,?,?,default)
    Hibernate: insert into ft_participants (draft_order,fantasy_game_seq,player_id,preferred_team,team_name,seq) values (?,?,?,?,?,default)
    Hibernate: insert into ft_participants (draft_order,fantasy_game_seq,player_id,preferred_team,team_name,seq) values (?,?,?,?,?,default)
    Hibernate: insert into ft_participants (draft_order,fantasy_game_seq,player_id,preferred_team,team_name,seq) values (?,?,?,?,?,default)
    Hibernate: insert into ft_participants (draft_order,fantasy_game_seq,player_id,preferred_team,team_name,seq) values (?,?,?,?,?,default)
    Hibernate: insert into ft_participants (draft_order,fantasy_game_seq,player_id,preferred_team,team_name,seq) values (?,?,?,?,?,default)
    Hibernate: insert into ft_participants (draft_order,fantasy_game_seq,player_id,preferred_team,team_name,seq) values (?,?,?,?,?,default)
    Hibernate: insert into ft_participants (draft_order,fantasy_game_seq,player_id,preferred_team,team_name,seq) values (?,?,?,?,?,default)
    Hibernate: insert into ft_participants (draft_order,fantasy_game_seq,player_id,preferred_team,team_name,seq) values (?,?,?,?,?,default)
    Hibernate: insert into ft_participants (draft_order,fantasy_game_seq,player_id,preferred_team,team_name,seq) values (?,?,?,?,?,default)
    Hibernate: insert into ft_participants (draft_order,fantasy_game_seq,player_id,preferred_team,team_name,seq) values (?,?,?,?,?,default)
    Hibernate: insert into ft_participants (draft_order,fantasy_game_seq,player_id,preferred_team,team_name,seq) values (?,?,?,?,?,default)
    Hibernate: insert into ft_participants (draft_order,fantasy_game_seq,player_id,preferred_team,team_name,seq) values (?,?,?,?,?,default)
    Hibernate: insert into ft_participants (draft_order,fantasy_game_seq,player_id,preferred_team,team_name,seq) values (?,?,?,?,?,default)
    Hibernate: insert into ft_participants (draft_order,fantasy_game_seq,player_id,preferred_team,team_name,seq) values (?,?,?,?,?,default)
    Hibernate: insert into ft_participants (draft_order,fantasy_game_seq,player_id,preferred_team,team_name,seq) values (?,?,?,?,?,default)
    Hibernate: insert into ft_participants (draft_order,fantasy_game_seq,player_id,preferred_team,team_name,seq) values (?,?,?,?,?,default)
    Hibernate: insert into ft_participants (draft_order,fantasy_game_seq,player_id,preferred_team,team_name,seq) values (?,?,?,?,?,default)
    Hibernate: insert into ft_participants (draft_order,fantasy_game_seq,player_id,preferred_team,team_name,seq) values (?,?,?,?,?,default)
    Hibernate: insert into ft_participants (draft_order,fantasy_game_seq,player_id,preferred_team,team_name,seq) values (?,?,?,?,?,default)
    Hibernate: insert into ft_participants (draft_order,fantasy_game_seq,player_id,preferred_team,team_name,seq) values (?,?,?,?,?,default)
    Hibernate: insert into ft_participants (draft_order,fantasy_game_seq,player_id,preferred_team,team_name,seq) values (?,?,?,?,?,default)
    Hibernate: insert into ft_participants (draft_order,fantasy_game_seq,player_id,preferred_team,team_name,seq) values (?,?,?,?,?,default)
    Hibernate: insert into ft_participants (draft_order,fantasy_game_seq,player_id,preferred_team,team_name,seq) values (?,?,?,?,?,default)
    Hibernate: insert into ft_participants (draft_order,fantasy_game_seq,player_id,preferred_team,team_name,seq) values (?,?,?,?,?,default)
    Hibernate: insert into ft_participants (draft_order,fantasy_game_seq,player_id,preferred_team,team_name,seq) values (?,?,?,?,?,default)
    Hibernate: insert into ft_participants (draft_order,fantasy_game_seq,player_id,preferred_team,team_name,seq) values (?,?,?,?,?,default)
    Hibernate: insert into ft_participants (draft_order,fantasy_game_seq,player_id,preferred_team,team_name,seq) values (?,?,?,?,?,default)
    Hibernate: insert into ft_participants (draft_order,fantasy_game_seq,player_id,preferred_team,team_name,seq) values (?,?,?,?,?,default)
    Hibernate: insert into ft_participants (draft_order,fantasy_game_seq,player_id,preferred_team,team_name,seq) values (?,?,?,?,?,default)
    Hibernate: insert into ft_participants (draft_order,fantasy_game_seq,player_id,preferred_team,team_name,seq) values (?,?,?,?,?,default)
    Hibernate: insert into ft_participants (draft_order,fantasy_game_seq,player_id,preferred_team,team_name,seq) values (?,?,?,?,?,default)
    Hibernate: insert into ft_participants (draft_order,fantasy_game_seq,player_id,preferred_team,team_name,seq) values (?,?,?,?,?,default)
    Hibernate: insert into ft_participants (draft_order,fantasy_game_seq,player_id,preferred_team,team_name,seq) values (?,?,?,?,?,default)
    Hibernate: insert into ft_participants (draft_order,fantasy_game_seq,player_id,preferred_team,team_name,seq) values (?,?,?,?,?,default)
    Hibernate: insert into ft_participants (draft_order,fantasy_game_seq,player_id,preferred_team,team_name,seq) values (?,?,?,?,?,default)
    Hibernate: insert into ft_participants (draft_order,fantasy_game_seq,player_id,preferred_team,team_name,seq) values (?,?,?,?,?,default)
    Hibernate: insert into ft_participants (draft_order,fantasy_game_seq,player_id,preferred_team,team_name,seq) values (?,?,?,?,?,default)
    Hibernate: insert into ft_participants (draft_order,fantasy_game_seq,player_id,preferred_team,team_name,seq) values (?,?,?,?,?,default)
    Hibernate: insert into ft_participants (draft_order,fantasy_game_seq,player_id,preferred_team,team_name,seq) values (?,?,?,?,?,default)
    Hibernate: insert into ft_participants (draft_order,fantasy_game_seq,player_id,preferred_team,team_name,seq) values (?,?,?,?,?,default)
    Hibernate: insert into ft_participants (draft_order,fantasy_game_seq,player_id,preferred_team,team_name,seq) values (?,?,?,?,?,default)
    Hibernate: insert into ft_participants (draft_order,fantasy_game_seq,player_id,preferred_team,team_name,seq) values (?,?,?,?,?,default)
    Hibernate: insert into ft_participants (draft_order,fantasy_game_seq,player_id,preferred_team,team_name,seq) values (?,?,?,?,?,default)
    Hibernate: insert into ft_participants (draft_order,fantasy_game_seq,player_id,preferred_team,team_name,seq) values (?,?,?,?,?,default)
    Hibernate: insert into ft_participants (draft_order,fantasy_game_seq,player_id,preferred_team,team_name,seq) values (?,?,?,?,?,default)
    Hibernate: insert into ft_participants (draft_order,fantasy_game_seq,player_id,preferred_team,team_name,seq) values (?,?,?,?,?,default)
    Hibernate: insert into ft_participants (draft_order,fantasy_game_seq,player_id,preferred_team,team_name,seq) values (?,?,?,?,?,default)
    Hibernate: insert into ft_participants (draft_order,fantasy_game_seq,player_id,preferred_team,team_name,seq) values (?,?,?,?,?,default)
    Hibernate: insert into ft_participants (draft_order,fantasy_game_seq,player_id,preferred_team,team_name,seq) values (?,?,?,?,?,default)
    Hibernate: insert into ft_participants (draft_order,fantasy_game_seq,player_id,preferred_team,team_name,seq) values (?,?,?,?,?,default)
    Hibernate: insert into ft_participants (draft_order,fantasy_game_seq,player_id,preferred_team,team_name,seq) values (?,?,?,?,?,default)
    Hibernate: insert into ft_participants (draft_order,fantasy_game_seq,player_id,preferred_team,team_name,seq) values (?,?,?,?,?,default)
    Hibernate: insert into ft_participants (draft_order,fantasy_game_seq,player_id,preferred_team,team_name,seq) values (?,?,?,?,?,default)
    Hibernate: insert into ft_participants (draft_order,fantasy_game_seq,player_id,preferred_team,team_name,seq) values (?,?,?,?,?,default)
    Hibernate: insert into ft_participants (draft_order,fantasy_game_seq,player_id,preferred_team,team_name,seq) values (?,?,?,?,?,default)
    Hibernate: insert into ft_participants (draft_order,fantasy_game_seq,player_id,preferred_team,team_name,seq) values (?,?,?,?,?,default)
    Hibernate: insert into ft_participants (draft_order,fantasy_game_seq,player_id,preferred_team,team_name,seq) values (?,?,?,?,?,default)
    Hibernate: insert into ft_participants (draft_order,fantasy_game_seq,player_id,preferred_team,team_name,seq) values (?,?,?,?,?,default)
    Hibernate: insert into ft_participants (draft_order,fantasy_game_seq,player_id,preferred_team,team_name,seq) values (?,?,?,?,?,default)
    Hibernate: insert into ft_participants (draft_order,fantasy_game_seq,player_id,preferred_team,team_name,seq) values (?,?,?,?,?,default)
    Hibernate: insert into ft_participants (draft_order,fantasy_game_seq,player_id,preferred_team,team_name,seq) values (?,?,?,?,?,default)
    Hibernate: insert into ft_participants (draft_order,fantasy_game_seq,player_id,preferred_team,team_name,seq) values (?,?,?,?,?,default)
    Hibernate: insert into ft_participants (draft_order,fantasy_game_seq,player_id,preferred_team,team_name,seq) values (?,?,?,?,?,default)
    Hibernate: insert into ft_participants (draft_order,fantasy_game_seq,player_id,preferred_team,team_name,seq) values (?,?,?,?,?,default)
    Hibernate: insert into ft_participants (draft_order,fantasy_game_seq,player_id,preferred_team,team_name,seq) values (?,?,?,?,?,default)
    Hibernate: insert into ft_participants (draft_order,fantasy_game_seq,player_id,preferred_team,team_name,seq) values (?,?,?,?,?,default)
    Hibernate: insert into ft_participants (draft_order,fantasy_game_seq,player_id,preferred_team,team_name,seq) values (?,?,?,?,?,default)
    Hibernate: insert into ft_participants (draft_order,fantasy_game_seq,player_id,preferred_team,team_name,seq) values (?,?,?,?,?,default)
    Hibernate: insert into ft_participants (draft_order,fantasy_game_seq,player_id,preferred_team,team_name,seq) values (?,?,?,?,?,default)
    Hibernate: insert into ft_participants (draft_order,fantasy_game_seq,player_id,preferred_team,team_name,seq) values (?,?,?,?,?,default)
    Hibernate: insert into ft_participants (draft_order,fantasy_game_seq,player_id,preferred_team,team_name,seq) values (?,?,?,?,?,default)
    Hibernate: insert into ft_participants (draft_order,fantasy_game_seq,player_id,preferred_team,team_name,seq) values (?,?,?,?,?,default)
    Hibernate: insert into ft_participants (draft_order,fantasy_game_seq,player_id,preferred_team,team_name,seq) values (?,?,?,?,?,default)
    Hibernate: insert into ft_participants (draft_order,fantasy_game_seq,player_id,preferred_team,team_name,seq) values (?,?,?,?,?,default)
    Hibernate: insert into ft_participants (draft_order,fantasy_game_seq,player_id,preferred_team,team_name,seq) values (?,?,?,?,?,default)
    Hibernate: insert into ft_participants (draft_order,fantasy_game_seq,player_id,preferred_team,team_name,seq) values (?,?,?,?,?,default)
    Hibernate: insert into ft_participants (draft_order,fantasy_game_seq,player_id,preferred_team,team_name,seq) values (?,?,?,?,?,default)
    Hibernate: insert into ft_participants (draft_order,fantasy_game_seq,player_id,preferred_team,team_name,seq) values (?,?,?,?,?,default)
    Hibernate: insert into ft_participants (draft_order,fantasy_game_seq,player_id,preferred_team,team_name,seq) values (?,?,?,?,?,default)
    Hibernate: insert into ft_participants (draft_order,fantasy_game_seq,player_id,preferred_team,team_name,seq) values (?,?,?,?,?,default)
    Hibernate: insert into ft_participants (draft_order,fantasy_game_seq,player_id,preferred_team,team_name,seq) values (?,?,?,?,?,default)
    Hibernate: insert into ft_participants (draft_order,fantasy_game_seq,player_id,preferred_team,team_name,seq) values (?,?,?,?,?,default)
    Hibernate: insert into ft_participants (draft_order,fantasy_game_seq,player_id,preferred_team,team_name,seq) values (?,?,?,?,?,default)
    Hibernate: insert into ft_participants (draft_order,fantasy_game_seq,player_id,preferred_team,team_name,seq) values (?,?,?,?,?,default)
    Hibernate: insert into ft_participants (draft_order,fantasy_game_seq,player_id,preferred_team,team_name,seq) values (?,?,?,?,?,default)
    Hibernate: insert into ft_participants (draft_order,fantasy_game_seq,player_id,preferred_team,team_name,seq) values (?,?,?,?,?,default)
    Hibernate: insert into ft_participants (draft_order,fantasy_game_seq,player_id,preferred_team,team_name,seq) values (?,?,?,?,?,default)
    Hibernate: insert into ft_participants (draft_order,fantasy_game_seq,player_id,preferred_team,team_name,seq) values (?,?,?,?,?,default)
    Hibernate: insert into ft_participants (draft_order,fantasy_game_seq,player_id,preferred_team,team_name,seq) values (?,?,?,?,?,default)
    Hibernate: insert into ft_participants (draft_order,fantasy_game_seq,player_id,preferred_team,team_name,seq) values (?,?,?,?,?,default)
    Hibernate: insert into ft_participants (draft_order,fantasy_game_seq,player_id,preferred_team,team_name,seq) values (?,?,?,?,?,default)
    Hibernate: insert into ft_participants (draft_order,fantasy_game_seq,player_id,preferred_team,team_name,seq) values (?,?,?,?,?,default)
    Hibernate: insert into ft_participants (draft_order,fantasy_game_seq,player_id,preferred_team,team_name,seq) values (?,?,?,?,?,default)
    Hibernate: insert into ft_participants (draft_order,fantasy_game_seq,player_id,preferred_team,team_name,seq) values (?,?,?,?,?,default)
    Hibernate: insert into ft_participants (draft_order,fantasy_game_seq,player_id,preferred_team,team_name,seq) values (?,?,?,?,?,default)
    Hibernate: insert into ft_participants (draft_order,fantasy_game_seq,player_id,preferred_team,team_name,seq) values (?,?,?,?,?,default)
    Hibernate: insert into ft_participants (draft_order,fantasy_game_seq,player_id,preferred_team,team_name,seq) values (?,?,?,?,?,default)
    Hibernate: insert into ft_participants (draft_order,fantasy_game_seq,player_id,preferred_team,team_name,seq) values (?,?,?,?,?,default)
    Hibernate: insert into ft_participants (draft_order,fantasy_game_seq,player_id,preferred_team,team_name,seq) values (?,?,?,?,?,default)
    Hibernate: insert into ft_participants (draft_order,fantasy_game_seq,player_id,preferred_team,team_name,seq) values (?,?,?,?,?,default)
    Hibernate: insert into ft_participants (draft_order,fantasy_game_seq,player_id,preferred_team,team_name,seq) values (?,?,?,?,?,default)
    Hibernate: insert into ft_participants (draft_order,fantasy_game_seq,player_id,preferred_team,team_name,seq) values (?,?,?,?,?,default)
    Hibernate: insert into ft_participants (draft_order,fantasy_game_seq,player_id,preferred_team,team_name,seq) values (?,?,?,?,?,default)
    Hibernate: insert into ft_participants (draft_order,fantasy_game_seq,player_id,preferred_team,team_name,seq) values (?,?,?,?,?,default)
    Hibernate: insert into ft_participants (draft_order,fantasy_game_seq,player_id,preferred_team,team_name,seq) values (?,?,?,?,?,default)
    Hibernate: insert into ft_participants (draft_order,fantasy_game_seq,player_id,preferred_team,team_name,seq) values (?,?,?,?,?,default)
    Hibernate: insert into ft_participants (draft_order,fantasy_game_seq,player_id,preferred_team,team_name,seq) values (?,?,?,?,?,default)
    Hibernate: insert into ft_participants (draft_order,fantasy_game_seq,player_id,preferred_team,team_name,seq) values (?,?,?,?,?,default)
    Hibernate: insert into ft_participants (draft_order,fantasy_game_seq,player_id,preferred_team,team_name,seq) values (?,?,?,?,?,default)
    Hibernate: insert into ft_participants (draft_order,fantasy_game_seq,player_id,preferred_team,team_name,seq) values (?,?,?,?,?,default)
    Hibernate: insert into ft_participants (draft_order,fantasy_game_seq,player_id,preferred_team,team_name,seq) values (?,?,?,?,?,default)
    Hibernate: insert into ft_participants (draft_order,fantasy_game_seq,player_id,preferred_team,team_name,seq) values (?,?,?,?,?,default)
    Hibernate: insert into ft_participants (draft_order,fantasy_game_seq,player_id,preferred_team,team_name,seq) values (?,?,?,?,?,default)
    Hibernate: insert into ft_participants (draft_order,fantasy_game_seq,player_id,preferred_team,team_name,seq) values (?,?,?,?,?,default)
    Hibernate: insert into ft_participants (draft_order,fantasy_game_seq,player_id,preferred_team,team_name,seq) values (?,?,?,?,?,default)
    Hibernate: insert into ft_participants (draft_order,fantasy_game_seq,player_id,preferred_team,team_name,seq) values (?,?,?,?,?,default)
    Hibernate: insert into ft_participants (draft_order,fantasy_game_seq,player_id,preferred_team,team_name,seq) values (?,?,?,?,?,default)
    Hibernate: insert into ft_participants (draft_order,fantasy_game_seq,player_id,preferred_team,team_name,seq) values (?,?,?,?,?,default)
    Hibernate: insert into ft_participants (draft_order,fantasy_game_seq,player_id,preferred_team,team_name,seq) values (?,?,?,?,?,default)
    Hibernate: insert into ft_participants (draft_order,fantasy_game_seq,player_id,preferred_team,team_name,seq) values (?,?,?,?,?,default)
    Hibernate: insert into ft_participants (draft_order,fantasy_game_seq,player_id,preferred_team,team_name,seq) values (?,?,?,?,?,default)
    Hibernate: insert into ft_participants (draft_order,fantasy_game_seq,player_id,preferred_team,team_name,seq) values (?,?,?,?,?,default)
    Hibernate: insert into ft_participants (draft_order,fantasy_game_seq,player_id,preferred_team,team_name,seq) values (?,?,?,?,?,default)
    Hibernate: insert into ft_participants (draft_order,fantasy_game_seq,player_id,preferred_team,team_name,seq) values (?,?,?,?,?,default)
    Hibernate: insert into ft_participants (draft_order,fantasy_game_seq,player_id,preferred_team,team_name,seq) values (?,?,?,?,?,default)
    Hibernate: insert into ft_participants (draft_order,fantasy_game_seq,player_id,preferred_team,team_name,seq) values (?,?,?,?,?,default)
    Hibernate: insert into ft_participants (draft_order,fantasy_game_seq,player_id,preferred_team,team_name,seq) values (?,?,?,?,?,default)
    Hibernate: insert into ft_participants (draft_order,fantasy_game_seq,player_id,preferred_team,team_name,seq) values (?,?,?,?,?,default)
    Hibernate: insert into ft_participants (draft_order,fantasy_game_seq,player_id,preferred_team,team_name,seq) values (?,?,?,?,?,default)
    Hibernate: insert into ft_participants (draft_order,fantasy_game_seq,player_id,preferred_team,team_name,seq) values (?,?,?,?,?,default)
    Hibernate: insert into ft_participants (draft_order,fantasy_game_seq,player_id,preferred_team,team_name,seq) values (?,?,?,?,?,default)
    Hibernate: insert into ft_participants (draft_order,fantasy_game_seq,player_id,preferred_team,team_name,seq) values (?,?,?,?,?,default)
    Hibernate: insert into ft_participants (draft_order,fantasy_game_seq,player_id,preferred_team,team_name,seq) values (?,?,?,?,?,default)
    Hibernate: insert into ft_participants (draft_order,fantasy_game_seq,player_id,preferred_team,team_name,seq) values (?,?,?,?,?,default)
    Hibernate: insert into ft_participants (draft_order,fantasy_game_seq,player_id,preferred_team,team_name,seq) values (?,?,?,?,?,default)
    Hibernate: insert into ft_participants (draft_order,fantasy_game_seq,player_id,preferred_team,team_name,seq) values (?,?,?,?,?,default)
    Hibernate: insert into ft_participants (draft_order,fantasy_game_seq,player_id,preferred_team,team_name,seq) values (?,?,?,?,?,default)
    Hibernate: insert into ft_participants (draft_order,fantasy_game_seq,player_id,preferred_team,team_name,seq) values (?,?,?,?,?,default)
    Hibernate: insert into ft_participants (draft_order,fantasy_game_seq,player_id,preferred_team,team_name,seq) values (?,?,?,?,?,default)
    Hibernate: insert into ft_participants (draft_order,fantasy_game_seq,player_id,preferred_team,team_name,seq) values (?,?,?,?,?,default)
    Hibernate: insert into ft_participants (draft_order,fantasy_game_seq,player_id,preferred_team,team_name,seq) values (?,?,?,?,?,default)
    Hibernate: insert into ft_participants (draft_order,fantasy_game_seq,player_id,preferred_team,team_name,seq) values (?,?,?,?,?,default)
    Hibernate: insert into ft_participants (draft_order,fantasy_game_seq,player_id,preferred_team,team_name,seq) values (?,?,?,?,?,default)
    Hibernate: insert into ft_participants (draft_order,fantasy_game_seq,player_id,preferred_team,team_name,seq) values (?,?,?,?,?,default)
    Hibernate: insert into ft_participants (draft_order,fantasy_game_seq,player_id,preferred_team,team_name,seq) values (?,?,?,?,?,default)
    Hibernate: insert into ft_participants (draft_order,fantasy_game_seq,player_id,preferred_team,team_name,seq) values (?,?,?,?,?,default)
    Hibernate: insert into ft_participants (draft_order,fantasy_game_seq,player_id,preferred_team,team_name,seq) values (?,?,?,?,?,default)
    Hibernate: insert into ft_participants (draft_order,fantasy_game_seq,player_id,preferred_team,team_name,seq) values (?,?,?,?,?,default)
    Hibernate: insert into ft_participants (draft_order,fantasy_game_seq,player_id,preferred_team,team_name,seq) values (?,?,?,?,?,default)
    Hibernate: insert into ft_participants (draft_order,fantasy_game_seq,player_id,preferred_team,team_name,seq) values (?,?,?,?,?,default)
    Hibernate: insert into ft_participants (draft_order,fantasy_game_seq,player_id,preferred_team,team_name,seq) values (?,?,?,?,?,default)
    Hibernate: insert into ft_participants (draft_order,fantasy_game_seq,player_id,preferred_team,team_name,seq) values (?,?,?,?,?,default)
    Hibernate: insert into ft_participants (draft_order,fantasy_game_seq,player_id,preferred_team,team_name,seq) values (?,?,?,?,?,default)
    Hibernate: insert into ft_participants (draft_order,fantasy_game_seq,player_id,preferred_team,team_name,seq) values (?,?,?,?,?,default)
    Hibernate: insert into ft_participants (draft_order,fantasy_game_seq,player_id,preferred_team,team_name,seq) values (?,?,?,?,?,default)
    Hibernate: insert into ft_participants (draft_order,fantasy_game_seq,player_id,preferred_team,team_name,seq) values (?,?,?,?,?,default)
    Hibernate: insert into ft_participants (draft_order,fantasy_game_seq,player_id,preferred_team,team_name,seq) values (?,?,?,?,?,default)
    Hibernate: insert into ft_participants (draft_order,fantasy_game_seq,player_id,preferred_team,team_name,seq) values (?,?,?,?,?,default)
    Hibernate: insert into ft_participants (draft_order,fantasy_game_seq,player_id,preferred_team,team_name,seq) values (?,?,?,?,?,default)
    Hibernate: insert into ft_participants (draft_order,fantasy_game_seq,player_id,preferred_team,team_name,seq) values (?,?,?,?,?,default)
    Hibernate: insert into ft_participants (draft_order,fantasy_game_seq,player_id,preferred_team,team_name,seq) values (?,?,?,?,?,default)
    Hibernate: insert into ft_participants (draft_order,fantasy_game_seq,player_id,preferred_team,team_name,seq) values (?,?,?,?,?,default)
    Hibernate: insert into ft_participants (draft_order,fantasy_game_seq,player_id,preferred_team,team_name,seq) values (?,?,?,?,?,default)
    Hibernate: insert into ft_participants (draft_order,fantasy_game_seq,player_id,preferred_team,team_name,seq) values (?,?,?,?,?,default)
    Hibernate: insert into ft_participants (draft_order,fantasy_game_seq,player_id,preferred_team,team_name,seq) values (?,?,?,?,?,default)
    Hibernate: insert into ft_participants (draft_order,fantasy_game_seq,player_id,preferred_team,team_name,seq) values (?,?,?,?,?,default)
    Hibernate: insert into ft_participants (draft_order,fantasy_game_seq,player_id,preferred_team,team_name,seq) values (?,?,?,?,?,default)
    Hibernate: insert into ft_participants (draft_order,fantasy_game_seq,player_id,preferred_team,team_name,seq) values (?,?,?,?,?,default)
    Hibernate: insert into ft_participants (draft_order,fantasy_game_seq,player_id,preferred_team,team_name,seq) values (?,?,?,?,?,default)
    Hibernate: insert into ft_participants (draft_order,fantasy_game_seq,player_id,preferred_team,team_name,seq) values (?,?,?,?,?,default)
    Hibernate: insert into ft_participants (draft_order,fantasy_game_seq,player_id,preferred_team,team_name,seq) values (?,?,?,?,?,default)
    Hibernate: insert into ft_participants (draft_order,fantasy_game_seq,player_id,preferred_team,team_name,seq) values (?,?,?,?,?,default)
    Hibernate: insert into ft_participants (draft_order,fantasy_game_seq,player_id,preferred_team,team_name,seq) values (?,?,?,?,?,default)
    Hibernate: insert into ft_participants (draft_order,fantasy_game_seq,player_id,preferred_team,team_name,seq) values (?,?,?,?,?,default)
    Hibernate: insert into ft_participants (draft_order,fantasy_game_seq,player_id,preferred_team,team_name,seq) values (?,?,?,?,?,default)
    Hibernate: insert into ft_participants (draft_order,fantasy_game_seq,player_id,preferred_team,team_name,seq) values (?,?,?,?,?,default)
    Hibernate: insert into ft_participants (draft_order,fantasy_game_seq,player_id,preferred_team,team_name,seq) values (?,?,?,?,?,default)
    Hibernate: insert into ft_participants (draft_order,fantasy_game_seq,player_id,preferred_team,team_name,seq) values (?,?,?,?,?,default)
    Hibernate: insert into ft_participants (draft_order,fantasy_game_seq,player_id,preferred_team,team_name,seq) values (?,?,?,?,?,default)
    Hibernate: insert into ft_participants (draft_order,fantasy_game_seq,player_id,preferred_team,team_name,seq) values (?,?,?,?,?,default)
    Hibernate: insert into ft_participants (draft_order,fantasy_game_seq,player_id,preferred_team,team_name,seq) values (?,?,?,?,?,default)
    Hibernate: insert into ft_participants (draft_order,fantasy_game_seq,player_id,preferred_team,team_name,seq) values (?,?,?,?,?,default)
    Hibernate: insert into ft_participants (draft_order,fantasy_game_seq,player_id,preferred_team,team_name,seq) values (?,?,?,?,?,default)
    Hibernate: insert into ft_participants (draft_order,fantasy_game_seq,player_id,preferred_team,team_name,seq) values (?,?,?,?,?,default)
    Hibernate: insert into ft_participants (draft_order,fantasy_game_seq,player_id,preferred_team,team_name,seq) values (?,?,?,?,?,default)
    Hibernate: insert into ft_participants (draft_order,fantasy_game_seq,player_id,preferred_team,team_name,seq) values (?,?,?,?,?,default)
    Hibernate: insert into ft_participants (draft_order,fantasy_game_seq,player_id,preferred_team,team_name,seq) values (?,?,?,?,?,default)
    Hibernate: insert into ft_participants (draft_order,fantasy_game_seq,player_id,preferred_team,team_name,seq) values (?,?,?,?,?,default)
    Hibernate: insert into ft_participants (draft_order,fantasy_game_seq,player_id,preferred_team,team_name,seq) values (?,?,?,?,?,default)
    Hibernate: insert into ft_participants (draft_order,fantasy_game_seq,player_id,preferred_team,team_name,seq) values (?,?,?,?,?,default)
    Hibernate: insert into ft_participants (draft_order,fantasy_game_seq,player_id,preferred_team,team_name,seq) values (?,?,?,?,?,default)
    Hibernate: insert into ft_participants (draft_order,fantasy_game_seq,player_id,preferred_team,team_name,seq) values (?,?,?,?,?,default)
    Hibernate: insert into ft_participants (draft_order,fantasy_game_seq,player_id,preferred_team,team_name,seq) values (?,?,?,?,?,default)
    Hibernate: insert into ft_participants (draft_order,fantasy_game_seq,player_id,preferred_team,team_name,seq) values (?,?,?,?,?,default)
    Hibernate: insert into ft_participants (draft_order,fantasy_game_seq,player_id,preferred_team,team_name,seq) values (?,?,?,?,?,default)
    Hibernate: insert into ft_participants (draft_order,fantasy_game_seq,player_id,preferred_team,team_name,seq) values (?,?,?,?,?,default)
    Hibernate: insert into ft_participants (draft_order,fantasy_game_seq,player_id,preferred_team,team_name,seq) values (?,?,?,?,?,default)
    Hibernate: insert into ft_participants (draft_order,fantasy_game_seq,player_id,preferred_team,team_name,seq) values (?,?,?,?,?,default)
    Hibernate: insert into ft_participants (draft_order,fantasy_game_seq,player_id,preferred_team,team_name,seq) values (?,?,?,?,?,default)
    Hibernate: insert into ft_participants (draft_order,fantasy_game_seq,player_id,preferred_team,team_name,seq) values (?,?,?,?,?,default)
    Hibernate: insert into ft_participants (draft_order,fantasy_game_seq,player_id,preferred_team,team_name,seq) values (?,?,?,?,?,default)
    Hibernate: insert into ft_participants (draft_order,fantasy_game_seq,player_id,preferred_team,team_name,seq) values (?,?,?,?,?,default)
    Hibernate: insert into ft_participants (draft_order,fantasy_game_seq,player_id,preferred_team,team_name,seq) values (?,?,?,?,?,default)
    Hibernate: insert into ft_participants (draft_order,fantasy_game_seq,player_id,preferred_team,team_name,seq) values (?,?,?,?,?,default)
    Hibernate: insert into ft_participants (draft_order,fantasy_game_seq,player_id,preferred_team,team_name,seq) values (?,?,?,?,?,default)
    Hibernate: insert into ft_participants (draft_order,fantasy_game_seq,player_id,preferred_team,team_name,seq) values (?,?,?,?,?,default)
    Hibernate: insert into ft_participants (draft_order,fantasy_game_seq,player_id,preferred_team,team_name,seq) values (?,?,?,?,?,default)
    Hibernate: insert into ft_participants (draft_order,fantasy_game_seq,player_id,preferred_team,team_name,seq) values (?,?,?,?,?,default)
    Hibernate: insert into ft_participants (draft_order,fantasy_game_seq,player_id,preferred_team,team_name,seq) values (?,?,?,?,?,default)
    Hibernate: insert into ft_participants (draft_order,fantasy_game_seq,player_id,preferred_team,team_name,seq) values (?,?,?,?,?,default)
    Hibernate: insert into ft_participants (draft_order,fantasy_game_seq,player_id,preferred_team,team_name,seq) values (?,?,?,?,?,default)
    Hibernate: insert into ft_participants (draft_order,fantasy_game_seq,player_id,preferred_team,team_name,seq) values (?,?,?,?,?,default)
    Hibernate: insert into ft_participants (draft_order,fantasy_game_seq,player_id,preferred_team,team_name,seq) values (?,?,?,?,?,default)
    Hibernate: insert into ft_participants (draft_order,fantasy_game_seq,player_id,preferred_team,team_name,seq) values (?,?,?,?,?,default)
    Hibernate: insert into ft_participants (draft_order,fantasy_game_seq,player_id,preferred_team,team_name,seq) values (?,?,?,?,?,default)
    Hibernate: insert into ft_participants (draft_order,fantasy_game_seq,player_id,preferred_team,team_name,seq) values (?,?,?,?,?,default)
    Hibernate: insert into ft_participants (draft_order,fantasy_game_seq,player_id,preferred_team,team_name,seq) values (?,?,?,?,?,default)
    Hibernate: insert into ft_participants (draft_order,fantasy_game_seq,player_id,preferred_team,team_name,seq) values (?,?,?,?,?,default)
    Hibernate: insert into ft_participants (draft_order,fantasy_game_seq,player_id,preferred_team,team_name,seq) values (?,?,?,?,?,default)
    Hibernate: insert into ft_participants (draft_order,fantasy_game_seq,player_id,preferred_team,team_name,seq) values (?,?,?,?,?,default)
    Hibernate: insert into ft_participants (draft_order,fantasy_game_seq,player_id,preferred_team,team_name,seq) values (?,?,?,?,?,default)
    Hibernate: insert into ft_participants (draft_order,fantasy_game_seq,player_id,preferred_team,team_name,seq) values (?,?,?,?,?,default)
    Hibernate: insert into ft_participants (draft_order,fantasy_game_seq,player_id,preferred_team,team_name,seq) values (?,?,?,?,?,default)
    Hibernate: insert into ft_participants (draft_order,fantasy_game_seq,player_id,preferred_team,team_name,seq) values (?,?,?,?,?,default)
    Hibernate: insert into ft_participants (draft_order,fantasy_game_seq,player_id,preferred_team,team_name,seq) values (?,?,?,?,?,default)
    Hibernate: insert into ft_participants (draft_order,fantasy_game_seq,player_id,preferred_team,team_name,seq) values (?,?,?,?,?,default)
    Hibernate: insert into ft_participants (draft_order,fantasy_game_seq,player_id,preferred_team,team_name,seq) values (?,?,?,?,?,default)
    Hibernate: insert into ft_participants (draft_order,fantasy_game_seq,player_id,preferred_team,team_name,seq) values (?,?,?,?,?,default)
    Hibernate: insert into ft_participants (draft_order,fantasy_game_seq,player_id,preferred_team,team_name,seq) values (?,?,?,?,?,default)
    Hibernate: insert into ft_participants (draft_order,fantasy_game_seq,player_id,preferred_team,team_name,seq) values (?,?,?,?,?,default)
    Hibernate: insert into ft_participants (draft_order,fantasy_game_seq,player_id,preferred_team,team_name,seq) values (?,?,?,?,?,default)
    Hibernate: insert into ft_participants (draft_order,fantasy_game_seq,player_id,preferred_team,team_name,seq) values (?,?,?,?,?,default)
    Hibernate: insert into ft_participants (draft_order,fantasy_game_seq,player_id,preferred_team,team_name,seq) values (?,?,?,?,?,default)
    Hibernate: insert into ft_participants (draft_order,fantasy_game_seq,player_id,preferred_team,team_name,seq) values (?,?,?,?,?,default)
    Hibernate: insert into ft_participants (draft_order,fantasy_game_seq,player_id,preferred_team,team_name,seq) values (?,?,?,?,?,default)
    Hibernate: insert into ft_participants (draft_order,fantasy_game_seq,player_id,preferred_team,team_name,seq) values (?,?,?,?,?,default)
    Hibernate: insert into ft_participants (draft_order,fantasy_game_seq,player_id,preferred_team,team_name,seq) values (?,?,?,?,?,default)
    Hibernate: insert into ft_participants (draft_order,fantasy_game_seq,player_id,preferred_team,team_name,seq) values (?,?,?,?,?,default)
    Hibernate: insert into ft_participants (draft_order,fantasy_game_seq,player_id,preferred_team,team_name,seq) values (?,?,?,?,?,default)
    Hibernate: insert into ft_participants (draft_order,fantasy_game_seq,player_id,preferred_team,team_name,seq) values (?,?,?,?,?,default)
    Hibernate: insert into ft_participants (draft_order,fantasy_game_seq,player_id,preferred_team,team_name,seq) values (?,?,?,?,?,default)
    Hibernate: insert into ft_participants (draft_order,fantasy_game_seq,player_id,preferred_team,team_name,seq) values (?,?,?,?,?,default)
    Hibernate: insert into ft_participants (draft_order,fantasy_game_seq,player_id,preferred_team,team_name,seq) values (?,?,?,?,?,default)
    Hibernate: insert into ft_participants (draft_order,fantasy_game_seq,player_id,preferred_team,team_name,seq) values (?,?,?,?,?,default)
    Hibernate: insert into ft_participants (draft_order,fantasy_game_seq,player_id,preferred_team,team_name,seq) values (?,?,?,?,?,default)
    Hibernate: insert into ft_participants (draft_order,fantasy_game_seq,player_id,preferred_team,team_name,seq) values (?,?,?,?,?,default)
    Hibernate: insert into ft_participants (draft_order,fantasy_game_seq,player_id,preferred_team,team_name,seq) values (?,?,?,?,?,default)
    Hibernate: insert into ft_participants (draft_order,fantasy_game_seq,player_id,preferred_team,team_name,seq) values (?,?,?,?,?,default)
    Hibernate: insert into ft_participants (draft_order,fantasy_game_seq,player_id,preferred_team,team_name,seq) values (?,?,?,?,?,default)
    Hibernate: insert into ft_participants (draft_order,fantasy_game_seq,player_id,preferred_team,team_name,seq) values (?,?,?,?,?,default)
    Hibernate: insert into ft_participants (draft_order,fantasy_game_seq,player_id,preferred_team,team_name,seq) values (?,?,?,?,?,default)
    Hibernate: insert into ft_participants (draft_order,fantasy_game_seq,player_id,preferred_team,team_name,seq) values (?,?,?,?,?,default)
    Hibernate: insert into ft_participants (draft_order,fantasy_game_seq,player_id,preferred_team,team_name,seq) values (?,?,?,?,?,default)
    Hibernate: insert into ft_participants (draft_order,fantasy_game_seq,player_id,preferred_team,team_name,seq) values (?,?,?,?,?,default)
    Hibernate: insert into ft_participants (draft_order,fantasy_game_seq,player_id,preferred_team,team_name,seq) values (?,?,?,?,?,default)
    Hibernate: insert into ft_participants (draft_order,fantasy_game_seq,player_id,preferred_team,team_name,seq) values (?,?,?,?,?,default)
    Hibernate: insert into ft_participants (draft_order,fantasy_game_seq,player_id,preferred_team,team_name,seq) values (?,?,?,?,?,default)
    Hibernate: insert into ft_participants (draft_order,fantasy_game_seq,player_id,preferred_team,team_name,seq) values (?,?,?,?,?,default)
    Hibernate: insert into ft_participants (draft_order,fantasy_game_seq,player_id,preferred_team,team_name,seq) values (?,?,?,?,?,default)
    Hibernate: insert into ft_participants (draft_order,fantasy_game_seq,player_id,preferred_team,team_name,seq) values (?,?,?,?,?,default)
    Hibernate: insert into ft_participants (draft_order,fantasy_game_seq,player_id,preferred_team,team_name,seq) values (?,?,?,?,?,default)
    Hibernate: insert into ft_participants (draft_order,fantasy_game_seq,player_id,preferred_team,team_name,seq) values (?,?,?,?,?,default)
    Hibernate: insert into ft_participants (draft_order,fantasy_game_seq,player_id,preferred_team,team_name,seq) values (?,?,?,?,?,default)
    Hibernate: insert into ft_participants (draft_order,fantasy_game_seq,player_id,preferred_team,team_name,seq) values (?,?,?,?,?,default)
    Hibernate: insert into ft_participants (draft_order,fantasy_game_seq,player_id,preferred_team,team_name,seq) values (?,?,?,?,?,default)
    Hibernate: insert into ft_participants (draft_order,fantasy_game_seq,player_id,preferred_team,team_name,seq) values (?,?,?,?,?,default)
    Hibernate: insert into ft_participants (draft_order,fantasy_game_seq,player_id,preferred_team,team_name,seq) values (?,?,?,?,?,default)
    Hibernate: insert into ft_participants (draft_order,fantasy_game_seq,player_id,preferred_team,team_name,seq) values (?,?,?,?,?,default)
    Hibernate: insert into ft_participants (draft_order,fantasy_game_seq,player_id,preferred_team,team_name,seq) values (?,?,?,?,?,default)
    Hibernate: insert into ft_participants (draft_order,fantasy_game_seq,player_id,preferred_team,team_name,seq) values (?,?,?,?,?,default)
    Hibernate: insert into ft_participants (draft_order,fantasy_game_seq,player_id,preferred_team,team_name,seq) values (?,?,?,?,?,default)
    Hibernate: insert into ft_participants (draft_order,fantasy_game_seq,player_id,preferred_team,team_name,seq) values (?,?,?,?,?,default)
    Hibernate: insert into ft_participants (draft_order,fantasy_game_seq,player_id,preferred_team,team_name,seq) values (?,?,?,?,?,default)
    Hibernate: insert into ft_participants (draft_order,fantasy_game_seq,player_id,preferred_team,team_name,seq) values (?,?,?,?,?,default)
    Hibernate: insert into ft_participants (draft_order,fantasy_game_seq,player_id,preferred_team,team_name,seq) values (?,?,?,?,?,default)
    Hibernate: insert into ft_participants (draft_order,fantasy_game_seq,player_id,preferred_team,team_name,seq) values (?,?,?,?,?,default)
    Hibernate: insert into ft_participants (draft_order,fantasy_game_seq,player_id,preferred_team,team_name,seq) values (?,?,?,?,?,default)
    Hibernate: insert into ft_participants (draft_order,fantasy_game_seq,player_id,preferred_team,team_name,seq) values (?,?,?,?,?,default)
    Hibernate: insert into ft_participants (draft_order,fantasy_game_seq,player_id,preferred_team,team_name,seq) values (?,?,?,?,?,default)
    Hibernate: insert into ft_participants (draft_order,fantasy_game_seq,player_id,preferred_team,team_name,seq) values (?,?,?,?,?,default)
    Hibernate: insert into ft_participants (draft_order,fantasy_game_seq,player_id,preferred_team,team_name,seq) values (?,?,?,?,?,default)
    Hibernate: insert into ft_participants (draft_order,fantasy_game_seq,player_id,preferred_team,team_name,seq) values (?,?,?,?,?,default)
    Hibernate: insert into ft_participants (draft_order,fantasy_game_seq,player_id,preferred_team,team_name,seq) values (?,?,?,?,?,default)
    Hibernate: insert into ft_participants (draft_order,fantasy_game_seq,player_id,preferred_team,team_name,seq) values (?,?,?,?,?,default)
    Hibernate: insert into ft_participants (draft_order,fantasy_game_seq,player_id,preferred_team,team_name,seq) values (?,?,?,?,?,default)
    Hibernate: insert into ft_participants (draft_order,fantasy_game_seq,player_id,preferred_team,team_name,seq) values (?,?,?,?,?,default)
    Hibernate: insert into ft_participants (draft_order,fantasy_game_seq,player_id,preferred_team,team_name,seq) values (?,?,?,?,?,default)
    Hibernate: insert into ft_participants (draft_order,fantasy_game_seq,player_id,preferred_team,team_name,seq) values (?,?,?,?,?,default)
    Hibernate: insert into ft_participants (draft_order,fantasy_game_seq,player_id,preferred_team,team_name,seq) values (?,?,?,?,?,default)
    Hibernate: insert into ft_participants (draft_order,fantasy_game_seq,player_id,preferred_team,team_name,seq) values (?,?,?,?,?,default)
    Hibernate: insert into ft_participants (draft_order,fantasy_game_seq,player_id,preferred_team,team_name,seq) values (?,?,?,?,?,default)
    Hibernate: insert into ft_participants (draft_order,fantasy_game_seq,player_id,preferred_team,team_name,seq) values (?,?,?,?,?,default)
    Hibernate: insert into ft_participants (draft_order,fantasy_game_seq,player_id,preferred_team,team_name,seq) values (?,?,?,?,?,default)
    Hibernate: insert into ft_participants (draft_order,fantasy_game_seq,player_id,preferred_team,team_name,seq) values (?,?,?,?,?,default)
    Hibernate: insert into ft_participants (draft_order,fantasy_game_seq,player_id,preferred_team,team_name,seq) values (?,?,?,?,?,default)
    Hibernate: insert into ft_participants (draft_order,fantasy_game_seq,player_id,preferred_team,team_name,seq) values (?,?,?,?,?,default)
    Hibernate: insert into ft_participants (draft_order,fantasy_game_seq,player_id,preferred_team,team_name,seq) values (?,?,?,?,?,default)
    Hibernate: insert into ft_participants (draft_order,fantasy_game_seq,player_id,preferred_team,team_name,seq) values (?,?,?,?,?,default)
    Hibernate: insert into ft_participants (draft_order,fantasy_game_seq,player_id,preferred_team,team_name,seq) values (?,?,?,?,?,default)
    Hibernate: insert into ft_participants (draft_order,fantasy_game_seq,player_id,preferred_team,team_name,seq) values (?,?,?,?,?,default)
    Hibernate: insert into ft_participants (draft_order,fantasy_game_seq,player_id,preferred_team,team_name,seq) values (?,?,?,?,?,default)
    Hibernate: insert into ft_participants (draft_order,fantasy_game_seq,player_id,preferred_team,team_name,seq) values (?,?,?,?,?,default)
    Hibernate: insert into ft_participants (draft_order,fantasy_game_seq,player_id,preferred_team,team_name,seq) values (?,?,?,?,?,default)
    Hibernate: insert into ft_participants (draft_order,fantasy_game_seq,player_id,preferred_team,team_name,seq) values (?,?,?,?,?,default)
    Hibernate: insert into ft_participants (draft_order,fantasy_game_seq,player_id,preferred_team,team_name,seq) values (?,?,?,?,?,default)
    Hibernate: insert into ft_participants (draft_order,fantasy_game_seq,player_id,preferred_team,team_name,seq) values (?,?,?,?,?,default)
    Hibernate: insert into ft_participants (draft_order,fantasy_game_seq,player_id,preferred_team,team_name,seq) values (?,?,?,?,?,default)
    Hibernate: insert into ft_participants (draft_order,fantasy_game_seq,player_id,preferred_team,team_name,seq) values (?,?,?,?,?,default)
    Hibernate: insert into ft_participants (draft_order,fantasy_game_seq,player_id,preferred_team,team_name,seq) values (?,?,?,?,?,default)
    Hibernate: insert into ft_participants (draft_order,fantasy_game_seq,player_id,preferred_team,team_name,seq) values (?,?,?,?,?,default)
    Hibernate: insert into ft_participants (draft_order,fantasy_game_seq,player_id,preferred_team,team_name,seq) values (?,?,?,?,?,default)
    Hibernate: insert into ft_participants (draft_order,fantasy_game_seq,player_id,preferred_team,team_name,seq) values (?,?,?,?,?,default)
    Hibernate: insert into ft_participants (draft_order,fantasy_game_seq,player_id,preferred_team,team_name,seq) values (?,?,?,?,?,default)
    Hibernate: insert into ft_participants (draft_order,fantasy_game_seq,player_id,preferred_team,team_name,seq) values (?,?,?,?,?,default)
    Hibernate: insert into ft_participants (draft_order,fantasy_game_seq,player_id,preferred_team,team_name,seq) values (?,?,?,?,?,default)
    Hibernate: insert into ft_participants (draft_order,fantasy_game_seq,player_id,preferred_team,team_name,seq) values (?,?,?,?,?,default)
    Hibernate: insert into ft_participants (draft_order,fantasy_game_seq,player_id,preferred_team,team_name,seq) values (?,?,?,?,?,default)
    Hibernate: insert into ft_participants (draft_order,fantasy_game_seq,player_id,preferred_team,team_name,seq) values (?,?,?,?,?,default)
    Hibernate: insert into ft_participants (draft_order,fantasy_game_seq,player_id,preferred_team,team_name,seq) values (?,?,?,?,?,default)
    Hibernate: insert into ft_participants (draft_order,fantasy_game_seq,player_id,preferred_team,team_name,seq) values (?,?,?,?,?,default)
    Hibernate: insert into ft_participants (draft_order,fantasy_game_seq,player_id,preferred_team,team_name,seq) values (?,?,?,?,?,default)
    Hibernate: insert into ft_participants (draft_order,fantasy_game_seq,player_id,preferred_team,team_name,seq) values (?,?,?,?,?,default)
    Hibernate: insert into ft_participants (draft_order,fantasy_game_seq,player_id,preferred_team,team_name,seq) values (?,?,?,?,?,default)
    Hibernate: insert into ft_participants (draft_order,fantasy_game_seq,player_id,preferred_team,team_name,seq) values (?,?,?,?,?,default)
    Hibernate: insert into ft_participants (draft_order,fantasy_game_seq,player_id,preferred_team,team_name,seq) values (?,?,?,?,?,default)
    Hibernate: insert into ft_participants (draft_order,fantasy_game_seq,player_id,preferred_team,team_name,seq) values (?,?,?,?,?,default)
    Hibernate: insert into ft_participants (draft_order,fantasy_game_seq,player_id,preferred_team,team_name,seq) values (?,?,?,?,?,default)
    Hibernate: insert into ft_participants (draft_order,fantasy_game_seq,player_id,preferred_team,team_name,seq) values (?,?,?,?,?,default)
    Hibernate: insert into ft_participants (draft_order,fantasy_game_seq,player_id,preferred_team,team_name,seq) values (?,?,?,?,?,default)
    Hibernate: insert into ft_participants (draft_order,fantasy_game_seq,player_id,preferred_team,team_name,seq) values (?,?,?,?,?,default)
    Hibernate: insert into ft_participants (draft_order,fantasy_game_seq,player_id,preferred_team,team_name,seq) values (?,?,?,?,?,default)
    Hibernate: insert into ft_participants (draft_order,fantasy_game_seq,player_id,preferred_team,team_name,seq) values (?,?,?,?,?,default)
    Hibernate: insert into ft_participants (draft_order,fantasy_game_seq,player_id,preferred_team,team_name,seq) values (?,?,?,?,?,default)
    Hibernate: insert into ft_participants (draft_order,fantasy_game_seq,player_id,preferred_team,team_name,seq) values (?,?,?,?,?,default)
    Hibernate: insert into ft_participants (draft_order,fantasy_game_seq,player_id,preferred_team,team_name,seq) values (?,?,?,?,?,default)
    Hibernate: insert into ft_participants (draft_order,fantasy_game_seq,player_id,preferred_team,team_name,seq) values (?,?,?,?,?,default)
    Hibernate: insert into ft_participants (draft_order,fantasy_game_seq,player_id,preferred_team,team_name,seq) values (?,?,?,?,?,default)
    Hibernate: insert into ft_participants (draft_order,fantasy_game_seq,player_id,preferred_team,team_name,seq) values (?,?,?,?,?,default)
    Hibernate: insert into ft_participants (draft_order,fantasy_game_seq,player_id,preferred_team,team_name,seq) values (?,?,?,?,?,default)
    Hibernate: insert into ft_participants (draft_order,fantasy_game_seq,player_id,preferred_team,team_name,seq) values (?,?,?,?,?,default)
    Hibernate: insert into ft_participants (draft_order,fantasy_game_seq,player_id,preferred_team,team_name,seq) values (?,?,?,?,?,default)
    Hibernate: insert into ft_participants (draft_order,fantasy_game_seq,player_id,preferred_team,team_name,seq) values (?,?,?,?,?,default)
    Hibernate: insert into ft_participants (draft_order,fantasy_game_seq,player_id,preferred_team,team_name,seq) values (?,?,?,?,?,default)
    Hibernate: insert into ft_participants (draft_order,fantasy_game_seq,player_id,preferred_team,team_name,seq) values (?,?,?,?,?,default)
    Hibernate: insert into ft_participants (draft_order,fantasy_game_seq,player_id,preferred_team,team_name,seq) values (?,?,?,?,?,default)
    Hibernate: insert into ft_participants (draft_order,fantasy_game_seq,player_id,preferred_team,team_name,seq) values (?,?,?,?,?,default)
    Hibernate: insert into ft_participants (draft_order,fantasy_game_seq,player_id,preferred_team,team_name,seq) values (?,?,?,?,?,default)
    Hibernate: insert into ft_participants (draft_order,fantasy_game_seq,player_id,preferred_team,team_name,seq) values (?,?,?,?,?,default)
    Hibernate: insert into ft_participants (draft_order,fantasy_game_seq,player_id,preferred_team,team_name,seq) values (?,?,?,?,?,default)
    Hibernate: insert into ft_participants (draft_order,fantasy_game_seq,player_id,preferred_team,team_name,seq) values (?,?,?,?,?,default)
    Hibernate: insert into ft_participants (draft_order,fantasy_game_seq,player_id,preferred_team,team_name,seq) values (?,?,?,?,?,default)
    Hibernate: insert into ft_participants (draft_order,fantasy_game_seq,player_id,preferred_team,team_name,seq) values (?,?,?,?,?,default)
    Hibernate: insert into ft_participants (draft_order,fantasy_game_seq,player_id,preferred_team,team_name,seq) values (?,?,?,?,?,default)
    Hibernate: insert into ft_participants (draft_order,fantasy_game_seq,player_id,preferred_team,team_name,seq) values (?,?,?,?,?,default)
    Hibernate: insert into ft_participants (draft_order,fantasy_game_seq,player_id,preferred_team,team_name,seq) values (?,?,?,?,?,default)
    Hibernate: insert into ft_participants (draft_order,fantasy_game_seq,player_id,preferred_team,team_name,seq) values (?,?,?,?,?,default)
    Hibernate: insert into ft_participants (draft_order,fantasy_game_seq,player_id,preferred_team,team_name,seq) values (?,?,?,?,?,default)
    Hibernate: insert into ft_participants (draft_order,fantasy_game_seq,player_id,preferred_team,team_name,seq) values (?,?,?,?,?,default)
    Hibernate: insert into ft_participants (draft_order,fantasy_game_seq,player_id,preferred_team,team_name,seq) values (?,?,?,?,?,default)
    Hibernate: insert into ft_participants (draft_order,fantasy_game_seq,player_id,preferred_team,team_name,seq) values (?,?,?,?,?,default)
    Hibernate: insert into ft_participants (draft_order,fantasy_game_seq,player_id,preferred_team,team_name,seq) values (?,?,?,?,?,default)
    Hibernate: insert into ft_participants (draft_order,fantasy_game_seq,player_id,preferred_team,team_name,seq) values (?,?,?,?,?,default)
    Hibernate: insert into ft_participants (draft_order,fantasy_game_seq,player_id,preferred_team,team_name,seq) values (?,?,?,?,?,default)
    Hibernate: insert into ft_participants (draft_order,fantasy_game_seq,player_id,preferred_team,team_name,seq) values (?,?,?,?,?,default)
    Hibernate: insert into ft_participants (draft_order,fantasy_game_seq,player_id,preferred_team,team_name,seq) values (?,?,?,?,?,default)
    Hibernate: insert into ft_participants (draft_order,fantasy_game_seq,player_id,preferred_team,team_name,seq) values (?,?,?,?,?,default)
    Hibernate: insert into ft_participants (draft_order,fantasy_game_seq,player_id,preferred_team,team_name,seq) values (?,?,?,?,?,default)
    Hibernate: insert into ft_participants (draft_order,fantasy_game_seq,player_id,preferred_team,team_name,seq) values (?,?,?,?,?,default)
    Hibernate: insert into ft_participants (draft_order,fantasy_game_seq,player_id,preferred_team,team_name,seq) values (?,?,?,?,?,default)
    Hibernate: insert into ft_participants (draft_order,fantasy_game_seq,player_id,preferred_team,team_name,seq) values (?,?,?,?,?,default)
    Hibernate: insert into ft_participants (draft_order,fantasy_game_seq,player_id,preferred_team,team_name,seq) values (?,?,?,?,?,default)
    Hibernate: insert into ft_participants (draft_order,fantasy_game_seq,player_id,preferred_team,team_name,seq) values (?,?,?,?,?,default)
    Hibernate: insert into ft_participants (draft_order,fantasy_game_seq,player_id,preferred_team,team_name,seq) values (?,?,?,?,?,default)
    Hibernate: insert into ft_participants (draft_order,fantasy_game_seq,player_id,preferred_team,team_name,seq) values (?,?,?,?,?,default)
    Hibernate: insert into ft_participants (draft_order,fantasy_game_seq,player_id,preferred_team,team_name,seq) values (?,?,?,?,?,default)
    Hibernate: insert into ft_participants (draft_order,fantasy_game_seq,player_id,preferred_team,team_name,seq) values (?,?,?,?,?,default)
    Hibernate: insert into ft_participants (draft_order,fantasy_game_seq,player_id,preferred_team,team_name,seq) values (?,?,?,?,?,default)
    Hibernate: insert into ft_participants (draft_order,fantasy_game_seq,player_id,preferred_team,team_name,seq) values (?,?,?,?,?,default)
    Hibernate: insert into ft_participants (draft_order,fantasy_game_seq,player_id,preferred_team,team_name,seq) values (?,?,?,?,?,default)
    Hibernate: insert into ft_participants (draft_order,fantasy_game_seq,player_id,preferred_team,team_name,seq) values (?,?,?,?,?,default)
    Hibernate: insert into ft_participants (draft_order,fantasy_game_seq,player_id,preferred_team,team_name,seq) values (?,?,?,?,?,default)
    Hibernate: insert into ft_participants (draft_order,fantasy_game_seq,player_id,preferred_team,team_name,seq) values (?,?,?,?,?,default)
    Hibernate: insert into ft_participants (draft_order,fantasy_game_seq,player_id,preferred_team,team_name,seq) values (?,?,?,?,?,default)
    Hibernate: insert into ft_participants (draft_order,fantasy_game_seq,player_id,preferred_team,team_name,seq) values (?,?,?,?,?,default)
    Hibernate: insert into ft_participants (draft_order,fantasy_game_seq,player_id,preferred_team,team_name,seq) values (?,?,?,?,?,default)
    Hibernate: insert into ft_participants (draft_order,fantasy_game_seq,player_id,preferred_team,team_name,seq) values (?,?,?,?,?,default)
    Hibernate: insert into ft_participants (draft_order,fantasy_game_seq,player_id,preferred_team,team_name,seq) values (?,?,?,?,?,default)
    Hibernate: insert into ft_participants (draft_order,fantasy_game_seq,player_id,preferred_team,team_name,seq) values (?,?,?,?,?,default)
    Hibernate: insert into ft_participants (draft_order,fantasy_game_seq,player_id,preferred_team,team_name,seq) values (?,?,?,?,?,default)
    Hibernate: insert into ft_participants (draft_order,fantasy_game_seq,player_id,preferred_team,team_name,seq) values (?,?,?,?,?,default)
    Hibernate: insert into ft_participants (draft_order,fantasy_game_seq,player_id,preferred_team,team_name,seq) values (?,?,?,?,?,default)
    Hibernate: insert into ft_participants (draft_order,fantasy_game_seq,player_id,preferred_team,team_name,seq) values (?,?,?,?,?,default)
    Hibernate: insert into ft_participants (draft_order,fantasy_game_seq,player_id,preferred_team,team_name,seq) values (?,?,?,?,?,default)
    Hibernate: insert into ft_participants (draft_order,fantasy_game_seq,player_id,preferred_team,team_name,seq) values (?,?,?,?,?,default)
    Hibernate: insert into ft_participants (draft_order,fantasy_game_seq,player_id,preferred_team,team_name,seq) values (?,?,?,?,?,default)
    Hibernate: insert into ft_participants (draft_order,fantasy_game_seq,player_id,preferred_team,team_name,seq) values (?,?,?,?,?,default)
    Hibernate: insert into ft_participants (draft_order,fantasy_game_seq,player_id,preferred_team,team_name,seq) values (?,?,?,?,?,default)
    Hibernate: insert into ft_participants (draft_order,fantasy_game_seq,player_id,preferred_team,team_name,seq) values (?,?,?,?,?,default)
    Hibernate: insert into ft_participants (draft_order,fantasy_game_seq,player_id,preferred_team,team_name,seq) values (?,?,?,?,?,default)
    Hibernate: insert into ft_participants (draft_order,fantasy_game_seq,player_id,preferred_team,team_name,seq) values (?,?,?,?,?,default)
    Hibernate: insert into ft_participants (draft_order,fantasy_game_seq,player_id,preferred_team,team_name,seq) values (?,?,?,?,?,default)
    Hibernate: insert into ft_participants (draft_order,fantasy_game_seq,player_id,preferred_team,team_name,seq) values (?,?,?,?,?,default)
    Hibernate: insert into ft_participants (draft_order,fantasy_game_seq,player_id,preferred_team,team_name,seq) values (?,?,?,?,?,default)
    Hibernate: insert into ft_participants (draft_order,fantasy_game_seq,player_id,preferred_team,team_name,seq) values (?,?,?,?,?,default)
    Hibernate: insert into ft_participants (draft_order,fantasy_game_seq,player_id,preferred_team,team_name,seq) values (?,?,?,?,?,default)
    Hibernate: insert into ft_participants (draft_order,fantasy_game_seq,player_id,preferred_team,team_name,seq) values (?,?,?,?,?,default)
    Hibernate: insert into ft_participants (draft_order,fantasy_game_seq,player_id,preferred_team,team_name,seq) values (?,?,?,?,?,default)
    Hibernate: insert into ft_participants (draft_order,fantasy_game_seq,player_id,preferred_team,team_name,seq) values (?,?,?,?,?,default)
    Hibernate: insert into ft_participants (draft_order,fantasy_game_seq,player_id,preferred_team,team_name,seq) values (?,?,?,?,?,default)
    Hibernate: insert into ft_participants (draft_order,fantasy_game_seq,player_id,preferred_team,team_name,seq) values (?,?,?,?,?,default)
    Hibernate: insert into ft_participants (draft_order,fantasy_game_seq,player_id,preferred_team,team_name,seq) values (?,?,?,?,?,default)
    Hibernate: insert into ft_participants (draft_order,fantasy_game_seq,player_id,preferred_team,team_name,seq) values (?,?,?,?,?,default)
    Hibernate: insert into ft_participants (draft_order,fantasy_game_seq,player_id,preferred_team,team_name,seq) values (?,?,?,?,?,default)
    Hibernate: insert into ft_participants (draft_order,fantasy_game_seq,player_id,preferred_team,team_name,seq) values (?,?,?,?,?,default)
    Hibernate: insert into ft_participants (draft_order,fantasy_game_seq,player_id,preferred_team,team_name,seq) values (?,?,?,?,?,default)
    Hibernate: insert into ft_participants (draft_order,fantasy_game_seq,player_id,preferred_team,team_name,seq) values (?,?,?,?,?,default)
    Hibernate: insert into ft_participants (draft_order,fantasy_game_seq,player_id,preferred_team,team_name,seq) values (?,?,?,?,?,default)
    Hibernate: insert into ft_participants (draft_order,fantasy_game_seq,player_id,preferred_team,team_name,seq) values (?,?,?,?,?,default)
    Hibernate: insert into ft_participants (draft_order,fantasy_game_seq,player_id,preferred_team,team_name,seq) values (?,?,?,?,?,default)
    Hibernate: insert into ft_participants (draft_order,fantasy_game_seq,player_id,preferred_team,team_name,seq) values (?,?,?,?,?,default)
    Hibernate: insert into ft_participants (draft_order,fantasy_game_seq,player_id,preferred_team,team_name,seq) values (?,?,?,?,?,default)
    Hibernate: insert into ft_participants (draft_order,fantasy_game_seq,player_id,preferred_team,team_name,seq) values (?,?,?,?,?,default)
    Hibernate: insert into ft_participants (draft_order,fantasy_game_seq,player_id,preferred_team,team_name,seq) values (?,?,?,?,?,default)
    Hibernate: insert into ft_participants (draft_order,fantasy_game_seq,player_id,preferred_team,team_name,seq) values (?,?,?,?,?,default)
    Hibernate: insert into ft_participants (draft_order,fantasy_game_seq,player_id,preferred_team,team_name,seq) values (?,?,?,?,?,default)
    Hibernate: insert into ft_participants (draft_order,fantasy_game_seq,player_id,preferred_team,team_name,seq) values (?,?,?,?,?,default)
    Hibernate: insert into ft_participants (draft_order,fantasy_game_seq,player_id,preferred_team,team_name,seq) values (?,?,?,?,?,default)
    Hibernate: insert into ft_participants (draft_order,fantasy_game_seq,player_id,preferred_team,team_name,seq) values (?,?,?,?,?,default)
    Hibernate: insert into ft_participants (draft_order,fantasy_game_seq,player_id,preferred_team,team_name,seq) values (?,?,?,?,?,default)
    Hibernate: insert into ft_participants (draft_order,fantasy_game_seq,player_id,preferred_team,team_name,seq) values (?,?,?,?,?,default)
    Hibernate: insert into ft_participants (draft_order,fantasy_game_seq,player_id,preferred_team,team_name,seq) values (?,?,?,?,?,default)
    Hibernate: insert into ft_participants (draft_order,fantasy_game_seq,player_id,preferred_team,team_name,seq) values (?,?,?,?,?,default)
    Hibernate: insert into ft_participants (draft_order,fantasy_game_seq,player_id,preferred_team,team_name,seq) values (?,?,?,?,?,default)
    Hibernate: insert into ft_participants (draft_order,fantasy_game_seq,player_id,preferred_team,team_name,seq) values (?,?,?,?,?,default)
    Hibernate: insert into ft_participants (draft_order,fantasy_game_seq,player_id,preferred_team,team_name,seq) values (?,?,?,?,?,default)
    Hibernate: insert into ft_participants (draft_order,fantasy_game_seq,player_id,preferred_team,team_name,seq) values (?,?,?,?,?,default)
    Hibernate: insert into ft_participants (draft_order,fantasy_game_seq,player_id,preferred_team,team_name,seq) values (?,?,?,?,?,default)
    Hibernate: insert into ft_participants (draft_order,fantasy_game_seq,player_id,preferred_team,team_name,seq) values (?,?,?,?,?,default)
    Hibernate: insert into ft_participants (draft_order,fantasy_game_seq,player_id,preferred_team,team_name,seq) values (?,?,?,?,?,default)
    Hibernate: insert into ft_participants (draft_order,fantasy_game_seq,player_id,preferred_team,team_name,seq) values (?,?,?,?,?,default)
    Hibernate: insert into ft_participants (draft_order,fantasy_game_seq,player_id,preferred_team,team_name,seq) values (?,?,?,?,?,default)
    Hibernate: insert into ft_participants (draft_order,fantasy_game_seq,player_id,preferred_team,team_name,seq) values (?,?,?,?,?,default)
    Hibernate: insert into ft_participants (draft_order,fantasy_game_seq,player_id,preferred_team,team_name,seq) values (?,?,?,?,?,default)
    Hibernate: insert into ft_participants (draft_order,fantasy_game_seq,player_id,preferred_team,team_name,seq) values (?,?,?,?,?,default)
    Hibernate: insert into ft_participants (draft_order,fantasy_game_seq,player_id,preferred_team,team_name,seq) values (?,?,?,?,?,default)
    Hibernate: insert into ft_participants (draft_order,fantasy_game_seq,player_id,preferred_team,team_name,seq) values (?,?,?,?,?,default)
    Hibernate: insert into ft_participants (draft_order,fantasy_game_seq,player_id,preferred_team,team_name,seq) values (?,?,?,?,?,default)
    Hibernate: insert into ft_participants (draft_order,fantasy_game_seq,player_id,preferred_team,team_name,seq) values (?,?,?,?,?,default)
    Hibernate: insert into ft_participants (draft_order,fantasy_game_seq,player_id,preferred_team,team_name,seq) values (?,?,?,?,?,default)
    Hibernate: insert into ft_participants (draft_order,fantasy_game_seq,player_id,preferred_team,team_name,seq) values (?,?,?,?,?,default)
    Hibernate: insert into ft_participants (draft_order,fantasy_game_seq,player_id,preferred_team,team_name,seq) values (?,?,?,?,?,default)
    Hibernate: insert into ft_participants (draft_order,fantasy_game_seq,player_id,preferred_team,team_name,seq) values (?,?,?,?,?,default)
    Hibernate: insert into ft_participants (draft_order,fantasy_game_seq,player_id,preferred_team,team_name,seq) values (?,?,?,?,?,default)
    Hibernate: insert into ft_participants (draft_order,fantasy_game_seq,player_id,preferred_team,team_name,seq) values (?,?,?,?,?,default)
    Hibernate: insert into ft_participants (draft_order,fantasy_game_seq,player_id,preferred_team,team_name,seq) values (?,?,?,?,?,default)
    Hibernate: insert into ft_participants (draft_order,fantasy_game_seq,player_id,preferred_team,team_name,seq) values (?,?,?,?,?,default)
    Hibernate: insert into ft_participants (draft_order,fantasy_game_seq,player_id,preferred_team,team_name,seq) values (?,?,?,?,?,default)
    Hibernate: insert into ft_participants (draft_order,fantasy_game_seq,player_id,preferred_team,team_name,seq) values (?,?,?,?,?,default)
    Hibernate: insert into ft_participants (draft_order,fantasy_game_seq,player_id,preferred_team,team_name,seq) values (?,?,?,?,?,default)
    Hibernate: insert into ft_participants (draft_order,fantasy_game_seq,player_id,preferred_team,team_name,seq) values (?,?,?,?,?,default)
    Hibernate: insert into ft_participants (draft_order,fantasy_game_seq,player_id,preferred_team,team_name,seq) values (?,?,?,?,?,default)
    Hibernate: insert into ft_participants (draft_order,fantasy_game_seq,player_id,preferred_team,team_name,seq) values (?,?,?,?,?,default)
    Hibernate: insert into ft_participants (draft_order,fantasy_game_seq,player_id,preferred_team,team_name,seq) values (?,?,?,?,?,default)
    Hibernate: insert into ft_participants (draft_order,fantasy_game_seq,player_id,preferred_team,team_name,seq) values (?,?,?,?,?,default)
    Hibernate: insert into ft_participants (draft_order,fantasy_game_seq,player_id,preferred_team,team_name,seq) values (?,?,?,?,?,default)
    Hibernate: insert into ft_participants (draft_order,fantasy_game_seq,player_id,preferred_team,team_name,seq) values (?,?,?,?,?,default)
    Hibernate: insert into ft_participants (draft_order,fantasy_game_seq,player_id,preferred_team,team_name,seq) values (?,?,?,?,?,default)
    Hibernate: insert into ft_participants (draft_order,fantasy_game_seq,player_id,preferred_team,team_name,seq) values (?,?,?,?,?,default)
    Hibernate: insert into ft_participants (draft_order,fantasy_game_seq,player_id,preferred_team,team_name,seq) values (?,?,?,?,?,default)
    Hibernate: insert into ft_participants (draft_order,fantasy_game_seq,player_id,preferred_team,team_name,seq) values (?,?,?,?,?,default)
    Hibernate: insert into ft_participants (draft_order,fantasy_game_seq,player_id,preferred_team,team_name,seq) values (?,?,?,?,?,default)
    Hibernate: insert into ft_participants (draft_order,fantasy_game_seq,player_id,preferred_team,team_name,seq) values (?,?,?,?,?,default)
    Hibernate: insert into ft_participants (draft_order,fantasy_game_seq,player_id,preferred_team,team_name,seq) values (?,?,?,?,?,default)
    Hibernate: insert into ft_participants (draft_order,fantasy_game_seq,player_id,preferred_team,team_name,seq) values (?,?,?,?,?,default)
    Hibernate: insert into ft_participants (draft_order,fantasy_game_seq,player_id,preferred_team,team_name,seq) values (?,?,?,?,?,default)
    Hibernate: insert into ft_participants (draft_order,fantasy_game_seq,player_id,preferred_team,team_name,seq) values (?,?,?,?,?,default)
    Hibernate: insert into ft_participants (draft_order,fantasy_game_seq,player_id,preferred_team,team_name,seq) values (?,?,?,?,?,default)
    Hibernate: insert into ft_participants (draft_order,fantasy_game_seq,player_id,preferred_team,team_name,seq) values (?,?,?,?,?,default)
    Hibernate: insert into ft_participants (draft_order,fantasy_game_seq,player_id,preferred_team,team_name,seq) values (?,?,?,?,?,default)
    Hibernate: insert into ft_participants (draft_order,fantasy_game_seq,player_id,preferred_team,team_name,seq) values (?,?,?,?,?,default)
    Hibernate: insert into ft_participants (draft_order,fantasy_game_seq,player_id,preferred_team,team_name,seq) values (?,?,?,?,?,default)
    Hibernate: insert into ft_participants (draft_order,fantasy_game_seq,player_id,preferred_team,team_name,seq) values (?,?,?,?,?,default)
    Hibernate: insert into ft_participants (draft_order,fantasy_game_seq,player_id,preferred_team,team_name,seq) values (?,?,?,?,?,default)
    Hibernate: insert into ft_participants (draft_order,fantasy_game_seq,player_id,preferred_team,team_name,seq) values (?,?,?,?,?,default)
    Hibernate: insert into ft_participants (draft_order,fantasy_game_seq,player_id,preferred_team,team_name,seq) values (?,?,?,?,?,default)
    Hibernate: insert into ft_participants (draft_order,fantasy_game_seq,player_id,preferred_team,team_name,seq) values (?,?,?,?,?,default)
    Hibernate: insert into ft_participants (draft_order,fantasy_game_seq,player_id,preferred_team,team_name,seq) values (?,?,?,?,?,default)
    Hibernate: insert into ft_participants (draft_order,fantasy_game_seq,player_id,preferred_team,team_name,seq) values (?,?,?,?,?,default)
    Hibernate: insert into ft_participants (draft_order,fantasy_game_seq,player_id,preferred_team,team_name,seq) values (?,?,?,?,?,default)
    Hibernate: insert into ft_participants (draft_order,fantasy_game_seq,player_id,preferred_team,team_name,seq) values (?,?,?,?,?,default)
    Hibernate: insert into ft_participants (draft_order,fantasy_game_seq,player_id,preferred_team,team_name,seq) values (?,?,?,?,?,default)
    Hibernate: insert into ft_participants (draft_order,fantasy_game_seq,player_id,preferred_team,team_name,seq) values (?,?,?,?,?,default)
    Hibernate: insert into ft_participants (draft_order,fantasy_game_seq,player_id,preferred_team,team_name,seq) values (?,?,?,?,?,default)
    Hibernate: insert into ft_participants (draft_order,fantasy_game_seq,player_id,preferred_team,team_name,seq) values (?,?,?,?,?,default)
    Hibernate: insert into ft_participants (draft_order,fantasy_game_seq,player_id,preferred_team,team_name,seq) values (?,?,?,?,?,default)
    Hibernate: insert into ft_participants (draft_order,fantasy_game_seq,player_id,preferred_team,team_name,seq) values (?,?,?,?,?,default)
    Hibernate: insert into ft_participants (draft_order,fantasy_game_seq,player_id,preferred_team,team_name,seq) values (?,?,?,?,?,default)
    Hibernate: insert into ft_participants (draft_order,fantasy_game_seq,player_id,preferred_team,team_name,seq) values (?,?,?,?,?,default)
    Hibernate: insert into ft_participants (draft_order,fantasy_game_seq,player_id,preferred_team,team_name,seq) values (?,?,?,?,?,default)
    Hibernate: insert into ft_participants (draft_order,fantasy_game_seq,player_id,preferred_team,team_name,seq) values (?,?,?,?,?,default)
    Hibernate: insert into ft_participants (draft_order,fantasy_game_seq,player_id,preferred_team,team_name,seq) values (?,?,?,?,?,default)
    Hibernate: insert into ft_participants (draft_order,fantasy_game_seq,player_id,preferred_team,team_name,seq) values (?,?,?,?,?,default)
    Hibernate: insert into ft_participants (draft_order,fantasy_game_seq,player_id,preferred_team,team_name,seq) values (?,?,?,?,?,default)
    Hibernate: insert into ft_participants (draft_order,fantasy_game_seq,player_id,preferred_team,team_name,seq) values (?,?,?,?,?,default)
    Hibernate: insert into ft_participants (draft_order,fantasy_game_seq,player_id,preferred_team,team_name,seq) values (?,?,?,?,?,default)
    Hibernate: insert into ft_participants (draft_order,fantasy_game_seq,player_id,preferred_team,team_name,seq) values (?,?,?,?,?,default)
    Hibernate: insert into ft_participants (draft_order,fantasy_game_seq,player_id,preferred_team,team_name,seq) values (?,?,?,?,?,default)
    Hibernate: insert into ft_participants (draft_order,fantasy_game_seq,player_id,preferred_team,team_name,seq) values (?,?,?,?,?,default)
    Hibernate: insert into ft_participants (draft_order,fantasy_game_seq,player_id,preferred_team,team_name,seq) values (?,?,?,?,?,default)
    Hibernate: insert into ft_participants (draft_order,fantasy_game_seq,player_id,preferred_team,team_name,seq) values (?,?,?,?,?,default)
    Hibernate: insert into ft_participants (draft_order,fantasy_game_seq,player_id,preferred_team,team_name,seq) values (?,?,?,?,?,default)
    Hibernate: insert into ft_participants (draft_order,fantasy_game_seq,player_id,preferred_team,team_name,seq) values (?,?,?,?,?,default)
    Hibernate: insert into ft_participants (draft_order,fantasy_game_seq,player_id,preferred_team,team_name,seq) values (?,?,?,?,?,default)
    Hibernate: insert into ft_participants (draft_order,fantasy_game_seq,player_id,preferred_team,team_name,seq) values (?,?,?,?,?,default)
    Hibernate: insert into ft_participants (draft_order,fantasy_game_seq,player_id,preferred_team,team_name,seq) values (?,?,?,?,?,default)
    Hibernate: insert into ft_participants (draft_order,fantasy_game_seq,player_id,preferred_team,team_name,seq) values (?,?,?,?,?,default)
    Hibernate: insert into ft_participants (draft_order,fantasy_game_seq,player_id,preferred_team,team_name,seq) values (?,?,?,?,?,default)
    Hibernate: insert into ft_participants (draft_order,fantasy_game_seq,player_id,preferred_team,team_name,seq) values (?,?,?,?,?,default)
    Hibernate: insert into ft_participants (draft_order,fantasy_game_seq,player_id,preferred_team,team_name,seq) values (?,?,?,?,?,default)
    Hibernate: insert into ft_participants (draft_order,fantasy_game_seq,player_id,preferred_team,team_name,seq) values (?,?,?,?,?,default)
    Hibernate: insert into ft_participants (draft_order,fantasy_game_seq,player_id,preferred_team,team_name,seq) values (?,?,?,?,?,default)
    Hibernate: insert into ft_participants (draft_order,fantasy_game_seq,player_id,preferred_team,team_name,seq) values (?,?,?,?,?,default)
    Hibernate: insert into ft_participants (draft_order,fantasy_game_seq,player_id,preferred_team,team_name,seq) values (?,?,?,?,?,default)
    Hibernate: insert into ft_participants (draft_order,fantasy_game_seq,player_id,preferred_team,team_name,seq) values (?,?,?,?,?,default)
    Hibernate: insert into ft_participants (draft_order,fantasy_game_seq,player_id,preferred_team,team_name,seq) values (?,?,?,?,?,default)
    Hibernate: insert into ft_participants (draft_order,fantasy_game_seq,player_id,preferred_team,team_name,seq) values (?,?,?,?,?,default)
    Hibernate: insert into ft_participants (draft_order,fantasy_game_seq,player_id,preferred_team,team_name,seq) values (?,?,?,?,?,default)
    Hibernate: insert into ft_participants (draft_order,fantasy_game_seq,player_id,preferred_team,team_name,seq) values (?,?,?,?,?,default)
    Hibernate: insert into ft_participants (draft_order,fantasy_game_seq,player_id,preferred_team,team_name,seq) values (?,?,?,?,?,default)
    Hibernate: insert into ft_participants (draft_order,fantasy_game_seq,player_id,preferred_team,team_name,seq) values (?,?,?,?,?,default)
    Hibernate: insert into ft_participants (draft_order,fantasy_game_seq,player_id,preferred_team,team_name,seq) values (?,?,?,?,?,default)
    Hibernate: insert into ft_participants (draft_order,fantasy_game_seq,player_id,preferred_team,team_name,seq) values (?,?,?,?,?,default)
    Hibernate: insert into ft_participants (draft_order,fantasy_game_seq,player_id,preferred_team,team_name,seq) values (?,?,?,?,?,default)
    Hibernate: insert into ft_participants (draft_order,fantasy_game_seq,player_id,preferred_team,team_name,seq) values (?,?,?,?,?,default)
    Hibernate: insert into ft_participants (draft_order,fantasy_game_seq,player_id,preferred_team,team_name,seq) values (?,?,?,?,?,default)
    Hibernate: insert into ft_participants (draft_order,fantasy_game_seq,player_id,preferred_team,team_name,seq) values (?,?,?,?,?,default)
    Hibernate: insert into ft_participants (draft_order,fantasy_game_seq,player_id,preferred_team,team_name,seq) values (?,?,?,?,?,default)
    Hibernate: insert into ft_participants (draft_order,fantasy_game_seq,player_id,preferred_team,team_name,seq) values (?,?,?,?,?,default)
    Hibernate: insert into ft_participants (draft_order,fantasy_game_seq,player_id,preferred_team,team_name,seq) values (?,?,?,?,?,default)
    Hibernate: insert into ft_participants (draft_order,fantasy_game_seq,player_id,preferred_team,team_name,seq) values (?,?,?,?,?,default)
    Hibernate: insert into ft_participants (draft_order,fantasy_game_seq,player_id,preferred_team,team_name,seq) values (?,?,?,?,?,default)
    Hibernate: insert into ft_participants (draft_order,fantasy_game_seq,player_id,preferred_team,team_name,seq) values (?,?,?,?,?,default)
    Hibernate: insert into ft_participants (draft_order,fantasy_game_seq,player_id,preferred_team,team_name,seq) values (?,?,?,?,?,default)
    Hibernate: insert into ft_participants (draft_order,fantasy_game_seq,player_id,preferred_team,team_name,seq) values (?,?,?,?,?,default)
    Hibernate: insert into ft_participants (draft_order,fantasy_game_seq,player_id,preferred_team,team_name,seq) values (?,?,?,?,?,default)
    Hibernate: insert into ft_participants (draft_order,fantasy_game_seq,player_id,preferred_team,team_name,seq) values (?,?,?,?,?,default)
    Hibernate: insert into ft_participants (draft_order,fantasy_game_seq,player_id,preferred_team,team_name,seq) values (?,?,?,?,?,default)
    Hibernate: insert into ft_participants (draft_order,fantasy_game_seq,player_id,preferred_team,team_name,seq) values (?,?,?,?,?,default)
    Hibernate: insert into ft_participants (draft_order,fantasy_game_seq,player_id,preferred_team,team_name,seq) values (?,?,?,?,?,default)
    Hibernate: insert into ft_participants (draft_order,fantasy_game_seq,player_id,preferred_team,team_name,seq) values (?,?,?,?,?,default)
    Hibernate: insert into ft_participants (draft_order,fantasy_game_seq,player_id,preferred_team,team_name,seq) values (?,?,?,?,?,default)
    Hibernate: insert into ft_participants (draft_order,fantasy_game_seq,player_id,preferred_team,team_name,seq) values (?,?,?,?,?,default)
    Hibernate: insert into ft_participants (draft_order,fantasy_game_seq,player_id,preferred_team,team_name,seq) values (?,?,?,?,?,default)
    Hibernate: insert into ft_participants (draft_order,fantasy_game_seq,player_id,preferred_team,team_name,seq) values (?,?,?,?,?,default)
    Hibernate: insert into ft_participants (draft_order,fantasy_game_seq,player_id,preferred_team,team_name,seq) values (?,?,?,?,?,default)
    Hibernate: insert into ft_participants (draft_order,fantasy_game_seq,player_id,preferred_team,team_name,seq) values (?,?,?,?,?,default)
    Hibernate: insert into ft_participants (draft_order,fantasy_game_seq,player_id,preferred_team,team_name,seq) values (?,?,?,?,?,default)
    Hibernate: insert into ft_participants (draft_order,fantasy_game_seq,player_id,preferred_team,team_name,seq) values (?,?,?,?,?,default)
    Hibernate: insert into ft_participants (draft_order,fantasy_game_seq,player_id,preferred_team,team_name,seq) values (?,?,?,?,?,default)
    Hibernate: insert into ft_participants (draft_order,fantasy_game_seq,player_id,preferred_team,team_name,seq) values (?,?,?,?,?,default)
    Hibernate: insert into ft_participants (draft_order,fantasy_game_seq,player_id,preferred_team,team_name,seq) values (?,?,?,?,?,default)
    Hibernate: insert into ft_participants (draft_order,fantasy_game_seq,player_id,preferred_team,team_name,seq) values (?,?,?,?,?,default)
    Hibernate: insert into ft_participants (draft_order,fantasy_game_seq,player_id,preferred_team,team_name,seq) values (?,?,?,?,?,default)
    Hibernate: insert into ft_participants (draft_order,fantasy_game_seq,player_id,preferred_team,team_name,seq) values (?,?,?,?,?,default)
    Hibernate: insert into ft_participants (draft_order,fantasy_game_seq,player_id,preferred_team,team_name,seq) values (?,?,?,?,?,default)
    Hibernate: insert into ft_participants (draft_order,fantasy_game_seq,player_id,preferred_team,team_name,seq) values (?,?,?,?,?,default)
    Hibernate: insert into ft_participants (draft_order,fantasy_game_seq,player_id,preferred_team,team_name,seq) values (?,?,?,?,?,default)
    Hibernate: insert into ft_participants (draft_order,fantasy_game_seq,player_id,preferred_team,team_name,seq) values (?,?,?,?,?,default)
    Hibernate: insert into ft_participants (draft_order,fantasy_game_seq,player_id,preferred_team,team_name,seq) values (?,?,?,?,?,default)
    Hibernate: insert into ft_participants (draft_order,fantasy_game_seq,player_id,preferred_team,team_name,seq) values (?,?,?,?,?,default)
    Hibernate: insert into ft_participants (draft_order,fantasy_game_seq,player_id,preferred_team,team_name,seq) values (?,?,?,?,?,default)
    Hibernate: insert into ft_participants (draft_order,fantasy_game_seq,player_id,preferred_team,team_name,seq) values (?,?,?,?,?,default)
    Hibernate: insert into ft_participants (draft_order,fantasy_game_seq,player_id,preferred_team,team_name,seq) values (?,?,?,?,?,default)
    Hibernate: insert into ft_participants (draft_order,fantasy_game_seq,player_id,preferred_team,team_name,seq) values (?,?,?,?,?,default)
    Hibernate: insert into ft_participants (draft_order,fantasy_game_seq,player_id,preferred_team,team_name,seq) values (?,?,?,?,?,default)
    Hibernate: insert into ft_participants (draft_order,fantasy_game_seq,player_id,preferred_team,team_name,seq) values (?,?,?,?,?,default)
    Hibernate: insert into ft_participants (draft_order,fantasy_game_seq,player_id,preferred_team,team_name,seq) values (?,?,?,?,?,default)
    Hibernate: insert into ft_participants (draft_order,fantasy_game_seq,player_id,preferred_team,team_name,seq) values (?,?,?,?,?,default)
    Hibernate: insert into ft_participants (draft_order,fantasy_game_seq,player_id,preferred_team,team_name,seq) values (?,?,?,?,?,default)
    Hibernate: insert into ft_participants (draft_order,fantasy_game_seq,player_id,preferred_team,team_name,seq) values (?,?,?,?,?,default)
    Hibernate: insert into ft_participants (draft_order,fantasy_game_seq,player_id,preferred_team,team_name,seq) values (?,?,?,?,?,default)
    Hibernate: insert into ft_participants (draft_order,fantasy_game_seq,player_id,preferred_team,team_name,seq) values (?,?,?,?,?,default)
    Hibernate: insert into ft_participants (draft_order,fantasy_game_seq,player_id,preferred_team,team_name,seq) values (?,?,?,?,?,default)
    Hibernate: insert into ft_participants (draft_order,fantasy_game_seq,player_id,preferred_team,team_name,seq) values (?,?,?,?,?,default)
    Hibernate: insert into ft_participants (draft_order,fantasy_game_seq,player_id,preferred_team,team_name,seq) values (?,?,?,?,?,default)
    Hibernate: insert into ft_participants (draft_order,fantasy_game_seq,player_id,preferred_team,team_name,seq) values (?,?,?,?,?,default)
    Hibernate: insert into ft_participants (draft_order,fantasy_game_seq,player_id,preferred_team,team_name,seq) values (?,?,?,?,?,default)
    Hibernate: insert into ft_participants (draft_order,fantasy_game_seq,player_id,preferred_team,team_name,seq) values (?,?,?,?,?,default)
    Hibernate: insert into ft_participants (draft_order,fantasy_game_seq,player_id,preferred_team,team_name,seq) values (?,?,?,?,?,default)
    Hibernate: insert into ft_participants (draft_order,fantasy_game_seq,player_id,preferred_team,team_name,seq) values (?,?,?,?,?,default)
    Hibernate: insert into ft_participants (draft_order,fantasy_game_seq,player_id,preferred_team,team_name,seq) values (?,?,?,?,?,default)
    Hibernate: insert into ft_participants (draft_order,fantasy_game_seq,player_id,preferred_team,team_name,seq) values (?,?,?,?,?,default)
    Hibernate: insert into ft_participants (draft_order,fantasy_game_seq,player_id,preferred_team,team_name,seq) values (?,?,?,?,?,default)
    Hibernate: insert into ft_participants (draft_order,fantasy_game_seq,player_id,preferred_team,team_name,seq) values (?,?,?,?,?,default)
    Hibernate: insert into ft_participants (draft_order,fantasy_game_seq,player_id,preferred_team,team_name,seq) values (?,?,?,?,?,default)
    Hibernate: insert into ft_participants (draft_order,fantasy_game_seq,player_id,preferred_team,team_name,seq) values (?,?,?,?,?,default)
    Hibernate: insert into ft_participants (draft_order,fantasy_game_seq,player_id,preferred_team,team_name,seq) values (?,?,?,?,?,default)
    Hibernate: insert into ft_participants (draft_order,fantasy_game_seq,player_id,preferred_team,team_name,seq) values (?,?,?,?,?,default)
    Hibernate: insert into ft_participants (draft_order,fantasy_game_seq,player_id,preferred_team,team_name,seq) values (?,?,?,?,?,default)
    Hibernate: insert into ft_participants (draft_order,fantasy_game_seq,player_id,preferred_team,team_name,seq) values (?,?,?,?,?,default)
    Hibernate: insert into ft_participants (draft_order,fantasy_game_seq,player_id,preferred_team,team_name,seq) values (?,?,?,?,?,default)
    Hibernate: insert into ft_participants (draft_order,fantasy_game_seq,player_id,preferred_team,team_name,seq) values (?,?,?,?,?,default)
    Hibernate: insert into ft_participants (draft_order,fantasy_game_seq,player_id,preferred_team,team_name,seq) values (?,?,?,?,?,default)
    Hibernate: insert into ft_participants (draft_order,fantasy_game_seq,player_id,preferred_team,team_name,seq) values (?,?,?,?,?,default)
    Hibernate: insert into ft_participants (draft_order,fantasy_game_seq,player_id,preferred_team,team_name,seq) values (?,?,?,?,?,default)
    Hibernate: insert into ft_participants (draft_order,fantasy_game_seq,player_id,preferred_team,team_name,seq) values (?,?,?,?,?,default)
    Hibernate: insert into ft_participants (draft_order,fantasy_game_seq,player_id,preferred_team,team_name,seq) values (?,?,?,?,?,default)
    Hibernate: insert into ft_participants (draft_order,fantasy_game_seq,player_id,preferred_team,team_name,seq) values (?,?,?,?,?,default)
    Hibernate: insert into ft_participants (draft_order,fantasy_game_seq,player_id,preferred_team,team_name,seq) values (?,?,?,?,?,default)
    Hibernate: insert into ft_participants (draft_order,fantasy_game_seq,player_id,preferred_team,team_name,seq) values (?,?,?,?,?,default)
    Hibernate: insert into ft_participants (draft_order,fantasy_game_seq,player_id,preferred_team,team_name,seq) values (?,?,?,?,?,default)
    Hibernate: insert into ft_participants (draft_order,fantasy_game_seq,player_id,preferred_team,team_name,seq) values (?,?,?,?,?,default)
    Hibernate: insert into ft_participants (draft_order,fantasy_game_seq,player_id,preferred_team,team_name,seq) values (?,?,?,?,?,default)
    Hibernate: insert into ft_participants (draft_order,fantasy_game_seq,player_id,preferred_team,team_name,seq) values (?,?,?,?,?,default)
    Hibernate: insert into ft_participants (draft_order,fantasy_game_seq,player_id,preferred_team,team_name,seq) values (?,?,?,?,?,default)
    Hibernate: insert into ft_participants (draft_order,fantasy_game_seq,player_id,preferred_team,team_name,seq) values (?,?,?,?,?,default)
    Hibernate: insert into ft_participants (draft_order,fantasy_game_seq,player_id,preferred_team,team_name,seq) values (?,?,?,?,?,default)
    Hibernate: insert into ft_participants (draft_order,fantasy_game_seq,player_id,preferred_team,team_name,seq) values (?,?,?,?,?,default)
    Hibernate: insert into ft_participants (draft_order,fantasy_game_seq,player_id,preferred_team,team_name,seq) values (?,?,?,?,?,default)
    Hibernate: insert into ft_participants (draft_order,fantasy_game_seq,player_id,preferred_team,team_name,seq) values (?,?,?,?,?,default)
    Hibernate: insert into ft_participants (draft_order,fantasy_game_seq,player_id,preferred_team,team_name,seq) values (?,?,?,?,?,default)
    Hibernate: insert into ft_participants (draft_order,fantasy_game_seq,player_id,preferred_team,team_name,seq) values (?,?,?,?,?,default)
    Hibernate: insert into ft_participants (draft_order,fantasy_game_seq,player_id,preferred_team,team_name,seq) values (?,?,?,?,?,default)
    Hibernate: insert into ft_participants (draft_order,fantasy_game_seq,player_id,preferred_team,team_name,seq) values (?,?,?,?,?,default)
    Hibernate: insert into ft_participants (draft_order,fantasy_game_seq,player_id,preferred_team,team_name,seq) values (?,?,?,?,?,default)
    Hibernate: insert into ft_participants (draft_order,fantasy_game_seq,player_id,preferred_team,team_name,seq) values (?,?,?,?,?,default)
    Hibernate: insert into ft_participants (draft_order,fantasy_game_seq,player_id,preferred_team,team_name,seq) values (?,?,?,?,?,default)
    Hibernate: insert into ft_participants (draft_order,fantasy_game_seq,player_id,preferred_team,team_name,seq) values (?,?,?,?,?,default)
    Hibernate: insert into ft_participants (draft_order,fantasy_game_seq,player_id,preferred_team,team_name,seq) values (?,?,?,?,?,default)
    Hibernate: insert into ft_participants (draft_order,fantasy_game_seq,player_id,preferred_team,team_name,seq) values (?,?,?,?,?,default)
    Hibernate: insert into ft_participants (draft_order,fantasy_game_seq,player_id,preferred_team,team_name,seq) values (?,?,?,?,?,default)
    Hibernate: insert into ft_participants (draft_order,fantasy_game_seq,player_id,preferred_team,team_name,seq) values (?,?,?,?,?,default)
    Hibernate: insert into ft_participants (draft_order,fantasy_game_seq,player_id,preferred_team,team_name,seq) values (?,?,?,?,?,default)
    Hibernate: insert into ft_participants (draft_order,fantasy_game_seq,player_id,preferred_team,team_name,seq) values (?,?,?,?,?,default)
    Hibernate: insert into ft_participants (draft_order,fantasy_game_seq,player_id,preferred_team,team_name,seq) values (?,?,?,?,?,default)
    Hibernate: insert into ft_participants (draft_order,fantasy_game_seq,player_id,preferred_team,team_name,seq) values (?,?,?,?,?,default)
    Hibernate: insert into ft_participants (draft_order,fantasy_game_seq,player_id,preferred_team,team_name,seq) values (?,?,?,?,?,default)
    Hibernate: insert into ft_participants (draft_order,fantasy_game_seq,player_id,preferred_team,team_name,seq) values (?,?,?,?,?,default)
    Hibernate: insert into ft_participants (draft_order,fantasy_game_seq,player_id,preferred_team,team_name,seq) values (?,?,?,?,?,default)
    Hibernate: insert into ft_participants (draft_order,fantasy_game_seq,player_id,preferred_team,team_name,seq) values (?,?,?,?,?,default)
    Hibernate: insert into ft_participants (draft_order,fantasy_game_seq,player_id,preferred_team,team_name,seq) values (?,?,?,?,?,default)
    Hibernate: insert into ft_participants (draft_order,fantasy_game_seq,player_id,preferred_team,team_name,seq) values (?,?,?,?,?,default)
    Hibernate: insert into ft_participants (draft_order,fantasy_game_seq,player_id,preferred_team,team_name,seq) values (?,?,?,?,?,default)
    Hibernate: insert into ft_participants (draft_order,fantasy_game_seq,player_id,preferred_team,team_name,seq) values (?,?,?,?,?,default)
    Hibernate: insert into ft_participants (draft_order,fantasy_game_seq,player_id,preferred_team,team_name,seq) values (?,?,?,?,?,default)
    Hibernate: insert into ft_participants (draft_order,fantasy_game_seq,player_id,preferred_team,team_name,seq) values (?,?,?,?,?,default)
    Hibernate: insert into ft_participants (draft_order,fantasy_game_seq,player_id,preferred_team,team_name,seq) values (?,?,?,?,?,default)
    Hibernate: insert into ft_participants (draft_order,fantasy_game_seq,player_id,preferred_team,team_name,seq) values (?,?,?,?,?,default)
    Hibernate: insert into ft_participants (draft_order,fantasy_game_seq,player_id,preferred_team,team_name,seq) values (?,?,?,?,?,default)
    Hibernate: insert into ft_participants (draft_order,fantasy_game_seq,player_id,preferred_team,team_name,seq) values (?,?,?,?,?,default)
    Hibernate: insert into ft_participants (draft_order,fantasy_game_seq,player_id,preferred_team,team_name,seq) values (?,?,?,?,?,default)
    Hibernate: insert into ft_participants (draft_order,fantasy_game_seq,player_id,preferred_team,team_name,seq) values (?,?,?,?,?,default)
    Hibernate: insert into ft_participants (draft_order,fantasy_game_seq,player_id,preferred_team,team_name,seq) values (?,?,?,?,?,default)
    Hibernate: insert into ft_participants (draft_order,fantasy_game_seq,player_id,preferred_team,team_name,seq) values (?,?,?,?,?,default)
    Hibernate: insert into ft_participants (draft_order,fantasy_game_seq,player_id,preferred_team,team_name,seq) values (?,?,?,?,?,default)
    Hibernate: insert into ft_participants (draft_order,fantasy_game_seq,player_id,preferred_team,team_name,seq) values (?,?,?,?,?,default)
    Hibernate: insert into ft_participants (draft_order,fantasy_game_seq,player_id,preferred_team,team_name,seq) values (?,?,?,?,?,default)
    Hibernate: insert into ft_participants (draft_order,fantasy_game_seq,player_id,preferred_team,team_name,seq) values (?,?,?,?,?,default)
    Hibernate: insert into ft_participants (draft_order,fantasy_game_seq,player_id,preferred_team,team_name,seq) values (?,?,?,?,?,default)
    Hibernate: insert into ft_participants (draft_order,fantasy_game_seq,player_id,preferred_team,team_name,seq) values (?,?,?,?,?,default)
    Hibernate: insert into ft_participants (draft_order,fantasy_game_seq,player_id,preferred_team,team_name,seq) values (?,?,?,?,?,default)
    Hibernate: insert into ft_participants (draft_order,fantasy_game_seq,player_id,preferred_team,team_name,seq) values (?,?,?,?,?,default)
    Hibernate: insert into ft_participants (draft_order,fantasy_game_seq,player_id,preferred_team,team_name,seq) values (?,?,?,?,?,default)
    Hibernate: insert into ft_participants (draft_order,fantasy_game_seq,player_id,preferred_team,team_name,seq) values (?,?,?,?,?,default)
    Hibernate: insert into ft_participants (draft_order,fantasy_game_seq,player_id,preferred_team,team_name,seq) values (?,?,?,?,?,default)
    Hibernate: insert into ft_participants (draft_order,fantasy_game_seq,player_id,preferred_team,team_name,seq) values (?,?,?,?,?,default)
    Hibernate: insert into ft_participants (draft_order,fantasy_game_seq,player_id,preferred_team,team_name,seq) values (?,?,?,?,?,default)
    Hibernate: insert into ft_participants (draft_order,fantasy_game_seq,player_id,preferred_team,team_name,seq) values (?,?,?,?,?,default)
    Hibernate: insert into ft_participants (draft_order,fantasy_game_seq,player_id,preferred_team,team_name,seq) values (?,?,?,?,?,default)
    Hibernate: insert into ft_participants (draft_order,fantasy_game_seq,player_id,preferred_team,team_name,seq) values (?,?,?,?,?,default)
    Hibernate: insert into ft_participants (draft_order,fantasy_game_seq,player_id,preferred_team,team_name,seq) values (?,?,?,?,?,default)
    Hibernate: insert into ft_participants (draft_order,fantasy_game_seq,player_id,preferred_team,team_name,seq) values (?,?,?,?,?,default)
    Hibernate: insert into ft_participants (draft_order,fantasy_game_seq,player_id,preferred_team,team_name,seq) values (?,?,?,?,?,default)
    Hibernate: insert into ft_participants (draft_order,fantasy_game_seq,player_id,preferred_team,team_name,seq) values (?,?,?,?,?,default)
    Hibernate: insert into ft_participants (draft_order,fantasy_game_seq,player_id,preferred_team,team_name,seq) values (?,?,?,?,?,default)
    Hibernate: insert into ft_participants (draft_order,fantasy_game_seq,player_id,preferred_team,team_name,seq) values (?,?,?,?,?,default)
    Hibernate: insert into ft_participants (draft_order,fantasy_game_seq,player_id,preferred_team,team_name,seq) values (?,?,?,?,?,default)
    Hibernate: insert into ft_participants (draft_order,fantasy_game_seq,player_id,preferred_team,team_name,seq) values (?,?,?,?,?,default)
    Hibernate: insert into ft_participants (draft_order,fantasy_game_seq,player_id,preferred_team,team_name,seq) values (?,?,?,?,?,default)
    Hibernate: insert into ft_participants (draft_order,fantasy_game_seq,player_id,preferred_team,team_name,seq) values (?,?,?,?,?,default)
    Hibernate: insert into ft_participants (draft_order,fantasy_game_seq,player_id,preferred_team,team_name,seq) values (?,?,?,?,?,default)
    Hibernate: insert into ft_participants (draft_order,fantasy_game_seq,player_id,preferred_team,team_name,seq) values (?,?,?,?,?,default)
    Hibernate: insert into ft_participants (draft_order,fantasy_game_seq,player_id,preferred_team,team_name,seq) values (?,?,?,?,?,default)
    Hibernate: insert into ft_participants (draft_order,fantasy_game_seq,player_id,preferred_team,team_name,seq) values (?,?,?,?,?,default)
    Hibernate: insert into ft_participants (draft_order,fantasy_game_seq,player_id,preferred_team,team_name,seq) values (?,?,?,?,?,default)
    Hibernate: insert into ft_participants (draft_order,fantasy_game_seq,player_id,preferred_team,team_name,seq) values (?,?,?,?,?,default)
    Hibernate: insert into ft_participants (draft_order,fantasy_game_seq,player_id,preferred_team,team_name,seq) values (?,?,?,?,?,default)
    Hibernate: insert into ft_participants (draft_order,fantasy_game_seq,player_id,preferred_team,team_name,seq) values (?,?,?,?,?,default)
    Hibernate: insert into ft_participants (draft_order,fantasy_game_seq,player_id,preferred_team,team_name,seq) values (?,?,?,?,?,default)
    Hibernate: insert into ft_participants (draft_order,fantasy_game_seq,player_id,preferred_team,team_name,seq) values (?,?,?,?,?,default)
    Hibernate: insert into ft_participants (draft_order,fantasy_game_seq,player_id,preferred_team,team_name,seq) values (?,?,?,?,?,default)
    Hibernate: insert into ft_participants (draft_order,fantasy_game_seq,player_id,preferred_team,team_name,seq) values (?,?,?,?,?,default)
    Hibernate: insert into ft_participants (draft_order,fantasy_game_seq,player_id,preferred_team,team_name,seq) values (?,?,?,?,?,default)
    Hibernate: insert into ft_participants (draft_order,fantasy_game_seq,player_id,preferred_team,team_name,seq) values (?,?,?,?,?,default)
    Hibernate: insert into ft_participants (draft_order,fantasy_game_seq,player_id,preferred_team,team_name,seq) values (?,?,?,?,?,default)
    Hibernate: insert into ft_participants (draft_order,fantasy_game_seq,player_id,preferred_team,team_name,seq) values (?,?,?,?,?,default)
    Hibernate: insert into ft_participants (draft_order,fantasy_game_seq,player_id,preferred_team,team_name,seq) values (?,?,?,?,?,default)
    Hibernate: insert into ft_participants (draft_order,fantasy_game_seq,player_id,preferred_team,team_name,seq) values (?,?,?,?,?,default)
    Hibernate: insert into ft_participants (draft_order,fantasy_game_seq,player_id,preferred_team,team_name,seq) values (?,?,?,?,?,default)
    Hibernate: insert into ft_participants (draft_order,fantasy_game_seq,player_id,preferred_team,team_name,seq) values (?,?,?,?,?,default)
    Hibernate: insert into ft_participants (draft_order,fantasy_game_seq,player_id,preferred_team,team_name,seq) values (?,?,?,?,?,default)
    Hibernate: insert into ft_participants (draft_order,fantasy_game_seq,player_id,preferred_team,team_name,seq) values (?,?,?,?,?,default)
    Hibernate: insert into ft_participants (draft_order,fantasy_game_seq,player_id,preferred_team,team_name,seq) values (?,?,?,?,?,default)
    Hibernate: insert into ft_participants (draft_order,fantasy_game_seq,player_id,preferred_team,team_name,seq) values (?,?,?,?,?,default)
    Hibernate: insert into ft_participants (draft_order,fantasy_game_seq,player_id,preferred_team,team_name,seq) values (?,?,?,?,?,default)
    Hibernate: insert into ft_participants (draft_order,fantasy_game_seq,player_id,preferred_team,team_name,seq) values (?,?,?,?,?,default)
    Hibernate: insert into ft_participants (draft_order,fantasy_game_seq,player_id,preferred_team,team_name,seq) values (?,?,?,?,?,default)
    Hibernate: insert into ft_participants (draft_order,fantasy_game_seq,player_id,preferred_team,team_name,seq) values (?,?,?,?,?,default)
    Hibernate: insert into ft_participants (draft_order,fantasy_game_seq,player_id,preferred_team,team_name,seq) values (?,?,?,?,?,default)
    Hibernate: insert into ft_participants (draft_order,fantasy_game_seq,player_id,preferred_team,team_name,seq) values (?,?,?,?,?,default)
    Hibernate: insert into ft_participants (draft_order,fantasy_game_seq,player_id,preferred_team,team_name,seq) values (?,?,?,?,?,default)
    Hibernate: insert into ft_participants (draft_order,fantasy_game_seq,player_id,preferred_team,team_name,seq) values (?,?,?,?,?,default)
    Hibernate: insert into ft_participants (draft_order,fantasy_game_seq,player_id,preferred_team,team_name,seq) values (?,?,?,?,?,default)
    Hibernate: insert into ft_participants (draft_order,fantasy_game_seq,player_id,preferred_team,team_name,seq) values (?,?,?,?,?,default)
    Hibernate: insert into ft_participants (draft_order,fantasy_game_seq,player_id,preferred_team,team_name,seq) values (?,?,?,?,?,default)
    Hibernate: insert into ft_participants (draft_order,fantasy_game_seq,player_id,preferred_team,team_name,seq) values (?,?,?,?,?,default)
    Hibernate: insert into ft_participants (draft_order,fantasy_game_seq,player_id,preferred_team,team_name,seq) values (?,?,?,?,?,default)
    Hibernate: insert into ft_participants (draft_order,fantasy_game_seq,player_id,preferred_team,team_name,seq) values (?,?,?,?,?,default)
    Hibernate: insert into ft_participants (draft_order,fantasy_game_seq,player_id,preferred_team,team_name,seq) values (?,?,?,?,?,default)
    Hibernate: insert into ft_participants (draft_order,fantasy_game_seq,player_id,preferred_team,team_name,seq) values (?,?,?,?,?,default)
    Hibernate: insert into ft_participants (draft_order,fantasy_game_seq,player_id,preferred_team,team_name,seq) values (?,?,?,?,?,default)
    Hibernate: insert into ft_participants (draft_order,fantasy_game_seq,player_id,preferred_team,team_name,seq) values (?,?,?,?,?,default)
    Hibernate: insert into ft_participants (draft_order,fantasy_game_seq,player_id,preferred_team,team_name,seq) values (?,?,?,?,?,default)
    Hibernate: insert into ft_participants (draft_order,fantasy_game_seq,player_id,preferred_team,team_name,seq) values (?,?,?,?,?,default)
    Hibernate: insert into ft_participants (draft_order,fantasy_game_seq,player_id,preferred_team,team_name,seq) values (?,?,?,?,?,default)
    Hibernate: insert into ft_participants (draft_order,fantasy_game_seq,player_id,preferred_team,team_name,seq) values (?,?,?,?,?,default)
    Hibernate: insert into ft_participants (draft_order,fantasy_game_seq,player_id,preferred_team,team_name,seq) values (?,?,?,?,?,default)
    Hibernate: insert into ft_participants (draft_order,fantasy_game_seq,player_id,preferred_team,team_name,seq) values (?,?,?,?,?,default)
    Hibernate: insert into ft_participants (draft_order,fantasy_game_seq,player_id,preferred_team,team_name,seq) values (?,?,?,?,?,default)
    Hibernate: insert into ft_participants (draft_order,fantasy_game_seq,player_id,preferred_team,team_name,seq) values (?,?,?,?,?,default)
    Hibernate: insert into ft_participants (draft_order,fantasy_game_seq,player_id,preferred_team,team_name,seq) values (?,?,?,?,?,default)
    Hibernate: insert into ft_participants (draft_order,fantasy_game_seq,player_id,preferred_team,team_name,seq) values (?,?,?,?,?,default)
    Hibernate: insert into ft_participants (draft_order,fantasy_game_seq,player_id,preferred_team,team_name,seq) values (?,?,?,?,?,default)
    Hibernate: insert into ft_participants (draft_order,fantasy_game_seq,player_id,preferred_team,team_name,seq) values (?,?,?,?,?,default)
    Hibernate: insert into ft_participants (draft_order,fantasy_game_seq,player_id,preferred_team,team_name,seq) values (?,?,?,?,?,default)
    Hibernate: insert into ft_participants (draft_order,fantasy_game_seq,player_id,preferred_team,team_name,seq) values (?,?,?,?,?,default)
    Hibernate: insert into ft_participants (draft_order,fantasy_game_seq,player_id,preferred_team,team_name,seq) values (?,?,?,?,?,default)
    Hibernate: insert into ft_participants (draft_order,fantasy_game_seq,player_id,preferred_team,team_name,seq) values (?,?,?,?,?,default)
    Hibernate: insert into ft_participants (draft_order,fantasy_game_seq,player_id,preferred_team,team_name,seq) values (?,?,?,?,?,default)
    Hibernate: insert into ft_participants (draft_order,fantasy_game_seq,player_id,preferred_team,team_name,seq) values (?,?,?,?,?,default)
    Hibernate: insert into ft_participants (draft_order,fantasy_game_seq,player_id,preferred_team,team_name,seq) values (?,?,?,?,?,default)
    Hibernate: insert into ft_participants (draft_order,fantasy_game_seq,player_id,preferred_team,team_name,seq) values (?,?,?,?,?,default)
    Hibernate: insert into ft_participants (draft_order,fantasy_game_seq,player_id,preferred_team,team_name,seq) values (?,?,?,?,?,default)
    Hibernate: insert into ft_participants (draft_order,fantasy_game_seq,player_id,preferred_team,team_name,seq) values (?,?,?,?,?,default)
    Hibernate: insert into ft_participants (draft_order,fantasy_game_seq,player_id,preferred_team,team_name,seq) values (?,?,?,?,?,default)
    Hibernate: insert into ft_participants (draft_order,fantasy_game_seq,player_id,preferred_team,team_name,seq) values (?,?,?,?,?,default)
    Hibernate: insert into ft_participants (draft_order,fantasy_game_seq,player_id,preferred_team,team_name,seq) values (?,?,?,?,?,default)
    Hibernate: insert into ft_participants (draft_order,fantasy_game_seq,player_id,preferred_team,team_name,seq) values (?,?,?,?,?,default)
    Hibernate: insert into ft_participants (draft_order,fantasy_game_seq,player_id,preferred_team,team_name,seq) values (?,?,?,?,?,default)
    Hibernate: insert into ft_participants (draft_order,fantasy_game_seq,player_id,preferred_team,team_name,seq) values (?,?,?,?,?,default)
    Hibernate: insert into ft_participants (draft_order,fantasy_game_seq,player_id,preferred_team,team_name,seq) values (?,?,?,?,?,default)
    Hibernate: insert into ft_participants (draft_order,fantasy_game_seq,player_id,preferred_team,team_name,seq) values (?,?,?,?,?,default)
    Hibernate: insert into ft_participants (draft_order,fantasy_game_seq,player_id,preferred_team,team_name,seq) values (?,?,?,?,?,default)
    Hibernate: insert into ft_participants (draft_order,fantasy_game_seq,player_id,preferred_team,team_name,seq) values (?,?,?,?,?,default)
    Hibernate: insert into ft_participants (draft_order,fantasy_game_seq,player_id,preferred_team,team_name,seq) values (?,?,?,?,?,default)
    Hibernate: insert into ft_participants (draft_order,fantasy_game_seq,player_id,preferred_team,team_name,seq) values (?,?,?,?,?,default)
    Hibernate: insert into ft_participants (draft_order,fantasy_game_seq,player_id,preferred_team,team_name,seq) values (?,?,?,?,?,default)
    Hibernate: insert into ft_participants (draft_order,fantasy_game_seq,player_id,preferred_team,team_name,seq) values (?,?,?,?,?,default)
    Hibernate: insert into ft_participants (draft_order,fantasy_game_seq,player_id,preferred_team,team_name,seq) values (?,?,?,?,?,default)
    Hibernate: insert into ft_participants (draft_order,fantasy_game_seq,player_id,preferred_team,team_name,seq) values (?,?,?,?,?,default)
    Hibernate: insert into ft_participants (draft_order,fantasy_game_seq,player_id,preferred_team,team_name,seq) values (?,?,?,?,?,default)
    Hibernate: insert into ft_participants (draft_order,fantasy_game_seq,player_id,preferred_team,team_name,seq) values (?,?,?,?,?,default)
    Hibernate: insert into ft_participants (draft_order,fantasy_game_seq,player_id,preferred_team,team_name,seq) values (?,?,?,?,?,default)
    Hibernate: insert into ft_participants (draft_order,fantasy_game_seq,player_id,preferred_team,team_name,seq) values (?,?,?,?,?,default)
    Hibernate: insert into ft_participants (draft_order,fantasy_game_seq,player_id,preferred_team,team_name,seq) values (?,?,?,?,?,default)
    Hibernate: insert into ft_participants (draft_order,fantasy_game_seq,player_id,preferred_team,team_name,seq) values (?,?,?,?,?,default)
    Hibernate: insert into ft_participants (draft_order,fantasy_game_seq,player_id,preferred_team,team_name,seq) values (?,?,?,?,?,default)
    Hibernate: insert into ft_participants (draft_order,fantasy_game_seq,player_id,preferred_team,team_name,seq) values (?,?,?,?,?,default)
    Hibernate: insert into ft_participants (draft_order,fantasy_game_seq,player_id,preferred_team,team_name,seq) values (?,?,?,?,?,default)
    Hibernate: insert into ft_participants (draft_order,fantasy_game_seq,player_id,preferred_team,team_name,seq) values (?,?,?,?,?,default)
    Hibernate: insert into ft_participants (draft_order,fantasy_game_seq,player_id,preferred_team,team_name,seq) values (?,?,?,?,?,default)
    Hibernate: insert into ft_participants (draft_order,fantasy_game_seq,player_id,preferred_team,team_name,seq) values (?,?,?,?,?,default)
    Hibernate: insert into ft_participants (draft_order,fantasy_game_seq,player_id,preferred_team,team_name,seq) values (?,?,?,?,?,default)
    Hibernate: insert into ft_participants (draft_order,fantasy_game_seq,player_id,preferred_team,team_name,seq) values (?,?,?,?,?,default)
    Hibernate: insert into ft_participants (draft_order,fantasy_game_seq,player_id,preferred_team,team_name,seq) values (?,?,?,?,?,default)
    Hibernate: insert into ft_participants (draft_order,fantasy_game_seq,player_id,preferred_team,team_name,seq) values (?,?,?,?,?,default)
    Hibernate: insert into ft_participants (draft_order,fantasy_game_seq,player_id,preferred_team,team_name,seq) values (?,?,?,?,?,default)
    Hibernate: insert into ft_participants (draft_order,fantasy_game_seq,player_id,preferred_team,team_name,seq) values (?,?,?,?,?,default)
    Hibernate: insert into ft_participants (draft_order,fantasy_game_seq,player_id,preferred_team,team_name,seq) values (?,?,?,?,?,default)
    Hibernate: insert into ft_participants (draft_order,fantasy_game_seq,player_id,preferred_team,team_name,seq) values (?,?,?,?,?,default)
    Hibernate: insert into ft_participants (draft_order,fantasy_game_seq,player_id,preferred_team,team_name,seq) values (?,?,?,?,?,default)
    Hibernate: insert into ft_participants (draft_order,fantasy_game_seq,player_id,preferred_team,team_name,seq) values (?,?,?,?,?,default)
    Hibernate: insert into ft_participants (draft_order,fantasy_game_seq,player_id,preferred_team,team_name,seq) values (?,?,?,?,?,default)
    Hibernate: insert into ft_participants (draft_order,fantasy_game_seq,player_id,preferred_team,team_name,seq) values (?,?,?,?,?,default)
    Hibernate: insert into ft_participants (draft_order,fantasy_game_seq,player_id,preferred_team,team_name,seq) values (?,?,?,?,?,default)
    Hibernate: insert into ft_participants (draft_order,fantasy_game_seq,player_id,preferred_team,team_name,seq) values (?,?,?,?,?,default)
    Hibernate: insert into ft_participants (draft_order,fantasy_game_seq,player_id,preferred_team,team_name,seq) values (?,?,?,?,?,default)
    Hibernate: insert into ft_participants (draft_order,fantasy_game_seq,player_id,preferred_team,team_name,seq) values (?,?,?,?,?,default)
    Hibernate: insert into ft_participants (draft_order,fantasy_game_seq,player_id,preferred_team,team_name,seq) values (?,?,?,?,?,default)
    Hibernate: insert into ft_participants (draft_order,fantasy_game_seq,player_id,preferred_team,team_name,seq) values (?,?,?,?,?,default)
    Hibernate: insert into ft_participants (draft_order,fantasy_game_seq,player_id,preferred_team,team_name,seq) values (?,?,?,?,?,default)
    Hibernate: insert into ft_participants (draft_order,fantasy_game_seq,player_id,preferred_team,team_name,seq) values (?,?,?,?,?,default)
    Hibernate: insert into ft_participants (draft_order,fantasy_game_seq,player_id,preferred_team,team_name,seq) values (?,?,?,?,?,default)
    Hibernate: insert into ft_participants (draft_order,fantasy_game_seq,player_id,preferred_team,team_name,seq) values (?,?,?,?,?,default)
    Hibernate: insert into ft_participants (draft_order,fantasy_game_seq,player_id,preferred_team,team_name,seq) values (?,?,?,?,?,default)
    Hibernate: insert into ft_participants (draft_order,fantasy_game_seq,player_id,preferred_team,team_name,seq) values (?,?,?,?,?,default)
    Hibernate: insert into ft_participants (draft_order,fantasy_game_seq,player_id,preferred_team,team_name,seq) values (?,?,?,?,?,default)
    Hibernate: insert into ft_participants (draft_order,fantasy_game_seq,player_id,preferred_team,team_name,seq) values (?,?,?,?,?,default)
    Hibernate: insert into ft_participants (draft_order,fantasy_game_seq,player_id,preferred_team,team_name,seq) values (?,?,?,?,?,default)
    Hibernate: insert into ft_participants (draft_order,fantasy_game_seq,player_id,preferred_team,team_name,seq) values (?,?,?,?,?,default)
    Hibernate: insert into ft_participants (draft_order,fantasy_game_seq,player_id,preferred_team,team_name,seq) values (?,?,?,?,?,default)
    Hibernate: insert into ft_participants (draft_order,fantasy_game_seq,player_id,preferred_team,team_name,seq) values (?,?,?,?,?,default)
    Hibernate: insert into ft_participants (draft_order,fantasy_game_seq,player_id,preferred_team,team_name,seq) values (?,?,?,?,?,default)
    Hibernate: insert into ft_participants (draft_order,fantasy_game_seq,player_id,preferred_team,team_name,seq) values (?,?,?,?,?,default)
    Hibernate: insert into ft_participants (draft_order,fantasy_game_seq,player_id,preferred_team,team_name,seq) values (?,?,?,?,?,default)
    Hibernate: insert into ft_participants (draft_order,fantasy_game_seq,player_id,preferred_team,team_name,seq) values (?,?,?,?,?,default)
    Hibernate: insert into ft_participants (draft_order,fantasy_game_seq,player_id,preferred_team,team_name,seq) values (?,?,?,?,?,default)
    Hibernate: insert into ft_participants (draft_order,fantasy_game_seq,player_id,preferred_team,team_name,seq) values (?,?,?,?,?,default)
    Hibernate: insert into ft_participants (draft_order,fantasy_game_seq,player_id,preferred_team,team_name,seq) values (?,?,?,?,?,default)
    Hibernate: insert into ft_participants (draft_order,fantasy_game_seq,player_id,preferred_team,team_name,seq) values (?,?,?,?,?,default)
    Hibernate: insert into ft_participants (draft_order,fantasy_game_seq,player_id,preferred_team,team_name,seq) values (?,?,?,?,?,default)
    Hibernate: insert into ft_participants (draft_order,fantasy_game_seq,player_id,preferred_team,team_name,seq) values (?,?,?,?,?,default)
    Hibernate: insert into ft_participants (draft_order,fantasy_game_seq,player_id,preferred_team,team_name,seq) values (?,?,?,?,?,default)
    Hibernate: insert into ft_participants (draft_order,fantasy_game_seq,player_id,preferred_team,team_name,seq) values (?,?,?,?,?,default)
    Hibernate: insert into ft_participants (draft_order,fantasy_game_seq,player_id,preferred_team,team_name,seq) values (?,?,?,?,?,default)
    Hibernate: insert into ft_participants (draft_order,fantasy_game_seq,player_id,preferred_team,team_name,seq) values (?,?,?,?,?,default)
    Hibernate: insert into ft_participants (draft_order,fantasy_game_seq,player_id,preferred_team,team_name,seq) values (?,?,?,?,?,default)
    Hibernate: insert into ft_participants (draft_order,fantasy_game_seq,player_id,preferred_team,team_name,seq) values (?,?,?,?,?,default)
    Hibernate: insert into ft_participants (draft_order,fantasy_game_seq,player_id,preferred_team,team_name,seq) values (?,?,?,?,?,default)
    Hibernate: insert into ft_participants (draft_order,fantasy_game_seq,player_id,preferred_team,team_name,seq) values (?,?,?,?,?,default)
    Hibernate: insert into ft_participants (draft_order,fantasy_game_seq,player_id,preferred_team,team_name,seq) values (?,?,?,?,?,default)
    Hibernate: insert into ft_participants (draft_order,fantasy_game_seq,player_id,preferred_team,team_name,seq) values (?,?,?,?,?,default)
    Hibernate: insert into ft_participants (draft_order,fantasy_game_seq,player_id,preferred_team,team_name,seq) values (?,?,?,?,?,default)
    Hibernate: insert into ft_participants (draft_order,fantasy_game_seq,player_id,preferred_team,team_name,seq) values (?,?,?,?,?,default)
    Hibernate: insert into ft_participants (draft_order,fantasy_game_seq,player_id,preferred_team,team_name,seq) values (?,?,?,?,?,default)
    Hibernate: insert into ft_participants (draft_order,fantasy_game_seq,player_id,preferred_team,team_name,seq) values (?,?,?,?,?,default)
    Hibernate: insert into ft_participants (draft_order,fantasy_game_seq,player_id,preferred_team,team_name,seq) values (?,?,?,?,?,default)
    Hibernate: insert into ft_participants (draft_order,fantasy_game_seq,player_id,preferred_team,team_name,seq) values (?,?,?,?,?,default)
    Hibernate: insert into ft_participants (draft_order,fantasy_game_seq,player_id,preferred_team,team_name,seq) values (?,?,?,?,?,default)
    Hibernate: insert into ft_participants (draft_order,fantasy_game_seq,player_id,preferred_team,team_name,seq) values (?,?,?,?,?,default)
    Hibernate: insert into ft_participants (draft_order,fantasy_game_seq,player_id,preferred_team,team_name,seq) values (?,?,?,?,?,default)
    Hibernate: insert into ft_participants (draft_order,fantasy_game_seq,player_id,preferred_team,team_name,seq) values (?,?,?,?,?,default)
    Hibernate: insert into ft_participants (draft_order,fantasy_game_seq,player_id,preferred_team,team_name,seq) values (?,?,?,?,?,default)
    Hibernate: insert into ft_participants (draft_order,fantasy_game_seq,player_id,preferred_team,team_name,seq) values (?,?,?,?,?,default)
    Hibernate: insert into ft_participants (draft_order,fantasy_game_seq,player_id,preferred_team,team_name,seq) values (?,?,?,?,?,default)
    Hibernate: insert into ft_participants (draft_order,fantasy_game_seq,player_id,preferred_team,team_name,seq) values (?,?,?,?,?,default)
    Hibernate: insert into ft_participants (draft_order,fantasy_game_seq,player_id,preferred_team,team_name,seq) values (?,?,?,?,?,default)
    Hibernate: insert into ft_participants (draft_order,fantasy_game_seq,player_id,preferred_team,team_name,seq) values (?,?,?,?,?,default)
    Hibernate: insert into ft_participants (draft_order,fantasy_game_seq,player_id,preferred_team,team_name,seq) values (?,?,?,?,?,default)
    Hibernate: insert into ft_participants (draft_order,fantasy_game_seq,player_id,preferred_team,team_name,seq) values (?,?,?,?,?,default)
    Hibernate: insert into ft_participants (draft_order,fantasy_game_seq,player_id,preferred_team,team_name,seq) values (?,?,?,?,?,default)
    Hibernate: insert into ft_participants (draft_order,fantasy_game_seq,player_id,preferred_team,team_name,seq) values (?,?,?,?,?,default)
    Hibernate: insert into ft_participants (draft_order,fantasy_game_seq,player_id,preferred_team,team_name,seq) values (?,?,?,?,?,default)
    Hibernate: insert into ft_participants (draft_order,fantasy_game_seq,player_id,preferred_team,team_name,seq) values (?,?,?,?,?,default)
    Hibernate: insert into ft_participants (draft_order,fantasy_game_seq,player_id,preferred_team,team_name,seq) values (?,?,?,?,?,default)
    Hibernate: insert into ft_participants (draft_order,fantasy_game_seq,player_id,preferred_team,team_name,seq) values (?,?,?,?,?,default)
    Hibernate: insert into ft_participants (draft_order,fantasy_game_seq,player_id,preferred_team,team_name,seq) values (?,?,?,?,?,default)
    Hibernate: insert into ft_participants (draft_order,fantasy_game_seq,player_id,preferred_team,team_name,seq) values (?,?,?,?,?,default)
    Hibernate: insert into ft_participants (draft_order,fantasy_game_seq,player_id,preferred_team,team_name,seq) values (?,?,?,?,?,default)
    Hibernate: insert into ft_participants (draft_order,fantasy_game_seq,player_id,preferred_team,team_name,seq) values (?,?,?,?,?,default)
    Hibernate: insert into ft_participants (draft_order,fantasy_game_seq,player_id,preferred_team,team_name,seq) values (?,?,?,?,?,default)
    Hibernate: insert into ft_participants (draft_order,fantasy_game_seq,player_id,preferred_team,team_name,seq) values (?,?,?,?,?,default)
    Hibernate: insert into ft_participants (draft_order,fantasy_game_seq,player_id,preferred_team,team_name,seq) values (?,?,?,?,?,default)
    Hibernate: insert into ft_participants (draft_order,fantasy_game_seq,player_id,preferred_team,team_name,seq) values (?,?,?,?,?,default)
    Hibernate: insert into ft_participants (draft_order,fantasy_game_seq,player_id,preferred_team,team_name,seq) values (?,?,?,?,?,default)
    Hibernate: insert into ft_participants (draft_order,fantasy_game_seq,player_id,preferred_team,team_name,seq) values (?,?,?,?,?,default)
    Hibernate: insert into ft_participants (draft_order,fantasy_game_seq,player_id,preferred_team,team_name,seq) values (?,?,?,?,?,default)
    Hibernate: insert into ft_participants (draft_order,fantasy_game_seq,player_id,preferred_team,team_name,seq) values (?,?,?,?,?,default)
    Hibernate: insert into ft_participants (draft_order,fantasy_game_seq,player_id,preferred_team,team_name,seq) values (?,?,?,?,?,default)
    Hibernate: insert into ft_participants (draft_order,fantasy_game_seq,player_id,preferred_team,team_name,seq) values (?,?,?,?,?,default)
    Hibernate: insert into ft_participants (draft_order,fantasy_game_seq,player_id,preferred_team,team_name,seq) values (?,?,?,?,?,default)
    Hibernate: insert into ft_participants (draft_order,fantasy_game_seq,player_id,preferred_team,team_name,seq) values (?,?,?,?,?,default)
    Hibernate: insert into ft_participants (draft_order,fantasy_game_seq,player_id,preferred_team,team_name,seq) values (?,?,?,?,?,default)
    Hibernate: insert into ft_participants (draft_order,fantasy_game_seq,player_id,preferred_team,team_name,seq) values (?,?,?,?,?,default)
    Hibernate: insert into ft_participants (draft_order,fantasy_game_seq,player_id,preferred_team,team_name,seq) values (?,?,?,?,?,default)
    Hibernate: insert into ft_participants (draft_order,fantasy_game_seq,player_id,preferred_team,team_name,seq) values (?,?,?,?,?,default)
    Hibernate: insert into ft_participants (draft_order,fantasy_game_seq,player_id,preferred_team,team_name,seq) values (?,?,?,?,?,default)
    Hibernate: insert into ft_participants (draft_order,fantasy_game_seq,player_id,preferred_team,team_name,seq) values (?,?,?,?,?,default)
    Hibernate: insert into ft_participants (draft_order,fantasy_game_seq,player_id,preferred_team,team_name,seq) values (?,?,?,?,?,default)
    Hibernate: insert into ft_participants (draft_order,fantasy_game_seq,player_id,preferred_team,team_name,seq) values (?,?,?,?,?,default)
    Hibernate: insert into ft_participants (draft_order,fantasy_game_seq,player_id,preferred_team,team_name,seq) values (?,?,?,?,?,default)
    Hibernate: insert into ft_participants (draft_order,fantasy_game_seq,player_id,preferred_team,team_name,seq) values (?,?,?,?,?,default)
    Hibernate: insert into ft_participants (draft_order,fantasy_game_seq,player_id,preferred_team,team_name,seq) values (?,?,?,?,?,default)
    Hibernate: insert into ft_participants (draft_order,fantasy_game_seq,player_id,preferred_team,team_name,seq) values (?,?,?,?,?,default)
    Hibernate: insert into ft_participants (draft_order,fantasy_game_seq,player_id,preferred_team,team_name,seq) values (?,?,?,?,?,default)
    Hibernate: insert into ft_participants (draft_order,fantasy_game_seq,player_id,preferred_team,team_name,seq) values (?,?,?,?,?,default)
    Hibernate: insert into ft_participants (draft_order,fantasy_game_seq,player_id,preferred_team,team_name,seq) values (?,?,?,?,?,default)
    Hibernate: insert into ft_participants (draft_order,fantasy_game_seq,player_id,preferred_team,team_name,seq) values (?,?,?,?,?,default)
    Hibernate: insert into ft_participants (draft_order,fantasy_game_seq,player_id,preferred_team,team_name,seq) values (?,?,?,?,?,default)
    Hibernate: insert into ft_participants (draft_order,fantasy_game_seq,player_id,preferred_team,team_name,seq) values (?,?,?,?,?,default)
    Hibernate: insert into ft_participants (draft_order,fantasy_game_seq,player_id,preferred_team,team_name,seq) values (?,?,?,?,?,default)
    Hibernate: insert into ft_participants (draft_order,fantasy_game_seq,player_id,preferred_team,team_name,seq) values (?,?,?,?,?,default)
    Hibernate: insert into ft_participants (draft_order,fantasy_game_seq,player_id,preferred_team,team_name,seq) values (?,?,?,?,?,default)
    Hibernate: insert into ft_participants (draft_order,fantasy_game_seq,player_id,preferred_team,team_name,seq) values (?,?,?,?,?,default)
    Hibernate: insert into ft_participants (draft_order,fantasy_game_seq,player_id,preferred_team,team_name,seq) values (?,?,?,?,?,default)
    Hibernate: insert into ft_participants (draft_order,fantasy_game_seq,player_id,preferred_team,team_name,seq) values (?,?,?,?,?,default)
    Hibernate: insert into ft_participants (draft_order,fantasy_game_seq,player_id,preferred_team,team_name,seq) values (?,?,?,?,?,default)
    Hibernate: insert into ft_participants (draft_order,fantasy_game_seq,player_id,preferred_team,team_name,seq) values (?,?,?,?,?,default)
    Hibernate: insert into ft_participants (draft_order,fantasy_game_seq,player_id,preferred_team,team_name,seq) values (?,?,?,?,?,default)
    Hibernate: insert into ft_participants (draft_order,fantasy_game_seq,player_id,preferred_team,team_name,seq) values (?,?,?,?,?,default)
    Hibernate: insert into ft_participants (draft_order,fantasy_game_seq,player_id,preferred_team,team_name,seq) values (?,?,?,?,?,default)
    Hibernate: insert into ft_participants (draft_order,fantasy_game_seq,player_id,preferred_team,team_name,seq) values (?,?,?,?,?,default)
    Hibernate: insert into ft_participants (draft_order,fantasy_game_seq,player_id,preferred_team,team_name,seq) values (?,?,?,?,?,default)
    Hibernate: insert into ft_participants (draft_order,fantasy_game_seq,player_id,preferred_team,team_name,seq) values (?,?,?,?,?,default)
    Hibernate: insert into ft_participants (draft_order,fantasy_game_seq,player_id,preferred_team,team_name,seq) values (?,?,?,?,?,default)
    Hibernate: insert into ft_participants (draft_order,fantasy_game_seq,player_id,preferred_team,team_name,seq) values (?,?,?,?,?,default)
    Hibernate: insert into ft_participants (draft_order,fantasy_game_seq,player_id,preferred_team,team_name,seq) values (?,?,?,?,?,default)
    Hibernate: insert into ft_participants (draft_order,fantasy_game_seq,player_id,preferred_team,team_name,seq) values (?,?,?,?,?,default)
    Hibernate: insert into ft_participants (draft_order,fantasy_game_seq,player_id,preferred_team,team_name,seq) values (?,?,?,?,?,default)
    Hibernate: insert into ft_participants (draft_order,fantasy_game_seq,player_id,preferred_team,team_name,seq) values (?,?,?,?,?,default)
    Hibernate: insert into ft_participants (draft_order,fantasy_game_seq,player_id,preferred_team,team_name,seq) values (?,?,?,?,?,default)
    Hibernate: insert into ft_participants (draft_order,fantasy_game_seq,player_id,preferred_team,team_name,seq) values (?,?,?,?,?,default)
    Hibernate: insert into ft_participants (draft_order,fantasy_game_seq,player_id,preferred_team,team_name,seq) values (?,?,?,?,?,default)
    Hibernate: insert into ft_participants (draft_order,fantasy_game_seq,player_id,preferred_team,team_name,seq) values (?,?,?,?,?,default)
    Hibernate: insert into ft_participants (draft_order,fantasy_game_seq,player_id,preferred_team,team_name,seq) values (?,?,?,?,?,default)
    Hibernate: insert into ft_participants (draft_order,fantasy_game_seq,player_id,preferred_team,team_name,seq) values (?,?,?,?,?,default)
    Hibernate: insert into ft_participants (draft_order,fantasy_game_seq,player_id,preferred_team,team_name,seq) values (?,?,?,?,?,default)
    Hibernate: insert into ft_participants (draft_order,fantasy_game_seq,player_id,preferred_team,team_name,seq) values (?,?,?,?,?,default)
    Hibernate: insert into ft_participants (draft_order,fantasy_game_seq,player_id,preferred_team,team_name,seq) values (?,?,?,?,?,default)
    Hibernate: insert into ft_participants (draft_order,fantasy_game_seq,player_id,preferred_team,team_name,seq) values (?,?,?,?,?,default)
    Hibernate: insert into ft_participants (draft_order,fantasy_game_seq,player_id,preferred_team,team_name,seq) values (?,?,?,?,?,default)
    Hibernate: insert into ft_participants (draft_order,fantasy_game_seq,player_id,preferred_team,team_name,seq) values (?,?,?,?,?,default)
    Hibernate: insert into ft_participants (draft_order,fantasy_game_seq,player_id,preferred_team,team_name,seq) values (?,?,?,?,?,default)
    Hibernate: insert into ft_participants (draft_order,fantasy_game_seq,player_id,preferred_team,team_name,seq) values (?,?,?,?,?,default)
    Hibernate: insert into ft_participants (draft_order,fantasy_game_seq,player_id,preferred_team,team_name,seq) values (?,?,?,?,?,default)
    Hibernate: insert into ft_participants (draft_order,fantasy_game_seq,player_id,preferred_team,team_name,seq) values (?,?,?,?,?,default)
    Hibernate: insert into ft_participants (draft_order,fantasy_game_seq,player_id,preferred_team,team_name,seq) values (?,?,?,?,?,default)
    Hibernate: insert into ft_participants (draft_order,fantasy_game_seq,player_id,preferred_team,team_name,seq) values (?,?,?,?,?,default)
    Hibernate: insert into ft_participants (draft_order,fantasy_game_seq,player_id,preferred_team,team_name,seq) values (?,?,?,?,?,default)
    Hibernate: insert into ft_participants (draft_order,fantasy_game_seq,player_id,preferred_team,team_name,seq) values (?,?,?,?,?,default)
    Hibernate: insert into ft_participants (draft_order,fantasy_game_seq,player_id,preferred_team,team_name,seq) values (?,?,?,?,?,default)
    Hibernate: insert into ft_participants (draft_order,fantasy_game_seq,player_id,preferred_team,team_name,seq) values (?,?,?,?,?,default)
    Hibernate: insert into ft_participants (draft_order,fantasy_game_seq,player_id,preferred_team,team_name,seq) values (?,?,?,?,?,default)
    Hibernate: insert into ft_participants (draft_order,fantasy_game_seq,player_id,preferred_team,team_name,seq) values (?,?,?,?,?,default)
    Hibernate: insert into ft_participants (draft_order,fantasy_game_seq,player_id,preferred_team,team_name,seq) values (?,?,?,?,?,default)
    Hibernate: insert into ft_participants (draft_order,fantasy_game_seq,player_id,preferred_team,team_name,seq) values (?,?,?,?,?,default)
    Hibernate: insert into ft_participants (draft_order,fantasy_game_seq,player_id,preferred_team,team_name,seq) values (?,?,?,?,?,default)
    Hibernate: insert into ft_participants (draft_order,fantasy_game_seq,player_id,preferred_team,team_name,seq) values (?,?,?,?,?,default)
    Hibernate: insert into ft_participants (draft_order,fantasy_game_seq,player_id,preferred_team,team_name,seq) values (?,?,?,?,?,default)
    Hibernate: insert into ft_participants (draft_order,fantasy_game_seq,player_id,preferred_team,team_name,seq) values (?,?,?,?,?,default)
    Hibernate: insert into ft_participants (draft_order,fantasy_game_seq,player_id,preferred_team,team_name,seq) values (?,?,?,?,?,default)
    Hibernate: insert into ft_participants (draft_order,fantasy_game_seq,player_id,preferred_team,team_name,seq) values (?,?,?,?,?,default)
    Hibernate: insert into ft_participants (draft_order,fantasy_game_seq,player_id,preferred_team,team_name,seq) values (?,?,?,?,?,default)
    Hibernate: insert into ft_participants (draft_order,fantasy_game_seq,player_id,preferred_team,team_name,seq) values (?,?,?,?,?,default)
    Hibernate: insert into ft_participants (draft_order,fantasy_game_seq,player_id,preferred_team,team_name,seq) values (?,?,?,?,?,default)
    Hibernate: insert into ft_participants (draft_order,fantasy_game_seq,player_id,preferred_team,team_name,seq) values (?,?,?,?,?,default)
    Hibernate: insert into ft_participants (draft_order,fantasy_game_seq,player_id,preferred_team,team_name,seq) values (?,?,?,?,?,default)
    Hibernate: insert into ft_participants (draft_order,fantasy_game_seq,player_id,preferred_team,team_name,seq) values (?,?,?,?,?,default)
    Hibernate: insert into ft_participants (draft_order,fantasy_game_seq,player_id,preferred_team,team_name,seq) values (?,?,?,?,?,default)
    Hibernate: insert into ft_participants (draft_order,fantasy_game_seq,player_id,preferred_team,team_name,seq) values (?,?,?,?,?,default)
    Hibernate: insert into ft_participants (draft_order,fantasy_game_seq,player_id,preferred_team,team_name,seq) values (?,?,?,?,?,default)
    Hibernate: insert into ft_participants (draft_order,fantasy_game_seq,player_id,preferred_team,team_name,seq) values (?,?,?,?,?,default)
    Hibernate: insert into ft_participants (draft_order,fantasy_game_seq,player_id,preferred_team,team_name,seq) values (?,?,?,?,?,default)
    Hibernate: insert into ft_participants (draft_order,fantasy_game_seq,player_id,preferred_team,team_name,seq) values (?,?,?,?,?,default)
    Hibernate: insert into ft_participants (draft_order,fantasy_game_seq,player_id,preferred_team,team_name,seq) values (?,?,?,?,?,default)
    Hibernate: insert into ft_participants (draft_order,fantasy_game_seq,player_id,preferred_team,team_name,seq) values (?,?,?,?,?,default)
    Hibernate: insert into ft_participants (draft_order,fantasy_game_seq,player_id,preferred_team,team_name,seq) values (?,?,?,?,?,default)
    Hibernate: insert into ft_participants (draft_order,fantasy_game_seq,player_id,preferred_team,team_name,seq) values (?,?,?,?,?,default)
    Hibernate: insert into ft_participants (draft_order,fantasy_game_seq,player_id,preferred_team,team_name,seq) values (?,?,?,?,?,default)
    Hibernate: insert into ft_participants (draft_order,fantasy_game_seq,player_id,preferred_team,team_name,seq) values (?,?,?,?,?,default)
    Hibernate: insert into ft_participants (draft_order,fantasy_game_seq,player_id,preferred_team,team_name,seq) values (?,?,?,?,?,default)
    Hibernate: insert into ft_participants (draft_order,fantasy_game_seq,player_id,preferred_team,team_name,seq) values (?,?,?,?,?,default)
    Hibernate: insert into ft_participants (draft_order,fantasy_game_seq,player_id,preferred_team,team_name,seq) values (?,?,?,?,?,default)
    Hibernate: insert into ft_participants (draft_order,fantasy_game_seq,player_id,preferred_team,team_name,seq) values (?,?,?,?,?,default)
    Hibernate: insert into ft_participants (draft_order,fantasy_game_seq,player_id,preferred_team,team_name,seq) values (?,?,?,?,?,default)
    Hibernate: insert into ft_participants (draft_order,fantasy_game_seq,player_id,preferred_team,team_name,seq) values (?,?,?,?,?,default)
    Hibernate: insert into ft_participants (draft_order,fantasy_game_seq,player_id,preferred_team,team_name,seq) values (?,?,?,?,?,default)
    Hibernate: insert into ft_participants (draft_order,fantasy_game_seq,player_id,preferred_team,team_name,seq) values (?,?,?,?,?,default)
    Hibernate: insert into ft_participants (draft_order,fantasy_game_seq,player_id,preferred_team,team_name,seq) values (?,?,?,?,?,default)
    Hibernate: insert into ft_participants (draft_order,fantasy_game_seq,player_id,preferred_team,team_name,seq) values (?,?,?,?,?,default)
    Hibernate: insert into ft_participants (draft_order,fantasy_game_seq,player_id,preferred_team,team_name,seq) values (?,?,?,?,?,default)
    Hibernate: insert into ft_participants (draft_order,fantasy_game_seq,player_id,preferred_team,team_name,seq) values (?,?,?,?,?,default)
    Hibernate: insert into ft_participants (draft_order,fantasy_game_seq,player_id,preferred_team,team_name,seq) values (?,?,?,?,?,default)
    Hibernate: insert into ft_participants (draft_order,fantasy_game_seq,player_id,preferred_team,team_name,seq) values (?,?,?,?,?,default)
    Hibernate: insert into ft_participants (draft_order,fantasy_game_seq,player_id,preferred_team,team_name,seq) values (?,?,?,?,?,default)
    Hibernate: insert into ft_participants (draft_order,fantasy_game_seq,player_id,preferred_team,team_name,seq) values (?,?,?,?,?,default)
    Hibernate: insert into ft_participants (draft_order,fantasy_game_seq,player_id,preferred_team,team_name,seq) values (?,?,?,?,?,default)
    Hibernate: insert into ft_participants (draft_order,fantasy_game_seq,player_id,preferred_team,team_name,seq) values (?,?,?,?,?,default)
    Hibernate: insert into ft_participants (draft_order,fantasy_game_seq,player_id,preferred_team,team_name,seq) values (?,?,?,?,?,default)
    Hibernate: insert into ft_participants (draft_order,fantasy_game_seq,player_id,preferred_team,team_name,seq) values (?,?,?,?,?,default)
    Hibernate: insert into ft_participants (draft_order,fantasy_game_seq,player_id,preferred_team,team_name,seq) values (?,?,?,?,?,default)
    Hibernate: insert into ft_participants (draft_order,fantasy_game_seq,player_id,preferred_team,team_name,seq) values (?,?,?,?,?,default)
    Hibernate: insert into ft_participants (draft_order,fantasy_game_seq,player_id,preferred_team,team_name,seq) values (?,?,?,?,?,default)
    Hibernate: insert into ft_participants (draft_order,fantasy_game_seq,player_id,preferred_team,team_name,seq) values (?,?,?,?,?,default)
    Hibernate: insert into ft_participants (draft_order,fantasy_game_seq,player_id,preferred_team,team_name,seq) values (?,?,?,?,?,default)
    Hibernate: insert into ft_participants (draft_order,fantasy_game_seq,player_id,preferred_team,team_name,seq) values (?,?,?,?,?,default)
    Hibernate: insert into ft_participants (draft_order,fantasy_game_seq,player_id,preferred_team,team_name,seq) values (?,?,?,?,?,default)
    Hibernate: insert into ft_participants (draft_order,fantasy_game_seq,player_id,preferred_team,team_name,seq) values (?,?,?,?,?,default)
    Hibernate: insert into ft_participants (draft_order,fantasy_game_seq,player_id,preferred_team,team_name,seq) values (?,?,?,?,?,default)
    Hibernate: insert into ft_participants (draft_order,fantasy_game_seq,player_id,preferred_team,team_name,seq) values (?,?,?,?,?,default)
    Hibernate: insert into ft_participants (draft_order,fantasy_game_seq,player_id,preferred_team,team_name,seq) values (?,?,?,?,?,default)
    Hibernate: insert into ft_participants (draft_order,fantasy_game_seq,player_id,preferred_team,team_name,seq) values (?,?,?,?,?,default)
    Hibernate: insert into ft_participants (draft_order,fantasy_game_seq,player_id,preferred_team,team_name,seq) values (?,?,?,?,?,default)
    Hibernate: insert into ft_participants (draft_order,fantasy_game_seq,player_id,preferred_team,team_name,seq) values (?,?,?,?,?,default)
    Hibernate: insert into ft_participants (draft_order,fantasy_game_seq,player_id,preferred_team,team_name,seq) values (?,?,?,?,?,default)
    Hibernate: insert into ft_participants (draft_order,fantasy_game_seq,player_id,preferred_team,team_name,seq) values (?,?,?,?,?,default)
    Hibernate: insert into ft_participants (draft_order,fantasy_game_seq,player_id,preferred_team,team_name,seq) values (?,?,?,?,?,default)
    Hibernate: insert into ft_participants (draft_order,fantasy_game_seq,player_id,preferred_team,team_name,seq) values (?,?,?,?,?,default)
    Hibernate: insert into ft_participants (draft_order,fantasy_game_seq,player_id,preferred_team,team_name,seq) values (?,?,?,?,?,default)
    Hibernate: insert into ft_participants (draft_order,fantasy_game_seq,player_id,preferred_team,team_name,seq) values (?,?,?,?,?,default)
    Hibernate: insert into ft_participants (draft_order,fantasy_game_seq,player_id,preferred_team,team_name,seq) values (?,?,?,?,?,default)
    Hibernate: insert into ft_participants (draft_order,fantasy_game_seq,player_id,preferred_team,team_name,seq) values (?,?,?,?,?,default)
    Hibernate: insert into ft_participants (draft_order,fantasy_game_seq,player_id,preferred_team,team_name,seq) values (?,?,?,?,?,default)
    Hibernate: insert into ft_participants (draft_order,fantasy_game_seq,player_id,preferred_team,team_name,seq) values (?,?,?,?,?,default)
    Hibernate: insert into ft_participants (draft_order,fantasy_game_seq,player_id,preferred_team,team_name,seq) values (?,?,?,?,?,default)
    Hibernate: insert into ft_participants (draft_order,fantasy_game_seq,player_id,preferred_team,team_name,seq) values (?,?,?,?,?,default)
    Hibernate: insert into ft_participants (draft_order,fantasy_game_seq,player_id,preferred_team,team_name,seq) values (?,?,?,?,?,default)
    Hibernate: insert into ft_participants (draft_order,fantasy_game_seq,player_id,preferred_team,team_name,seq) values (?,?,?,?,?,default)
    Hibernate: insert into ft_participants (draft_order,fantasy_game_seq,player_id,preferred_team,team_name,seq) values (?,?,?,?,?,default)
    Hibernate: insert into ft_participants (draft_order,fantasy_game_seq,player_id,preferred_team,team_name,seq) values (?,?,?,?,?,default)
    Hibernate: insert into ft_participants (draft_order,fantasy_game_seq,player_id,preferred_team,team_name,seq) values (?,?,?,?,?,default)
    Hibernate: insert into ft_participants (draft_order,fantasy_game_seq,player_id,preferred_team,team_name,seq) values (?,?,?,?,?,default)
    Hibernate: insert into ft_participants (draft_order,fantasy_game_seq,player_id,preferred_team,team_name,seq) values (?,?,?,?,?,default)
    Hibernate: insert into ft_participants (draft_order,fantasy_game_seq,player_id,preferred_team,team_name,seq) values (?,?,?,?,?,default)
    Hibernate: insert into ft_participants (draft_order,fantasy_game_seq,player_id,preferred_team,team_name,seq) values (?,?,?,?,?,default)
    Hibernate: insert into ft_participants (draft_order,fantasy_game_seq,player_id,preferred_team,team_name,seq) values (?,?,?,?,?,default)
    Hibernate: insert into ft_participants (draft_order,fantasy_game_seq,player_id,preferred_team,team_name,seq) values (?,?,?,?,?,default)
    Hibernate: insert into ft_participants (draft_order,fantasy_game_seq,player_id,preferred_team,team_name,seq) values (?,?,?,?,?,default)
    Hibernate: insert into ft_participants (draft_order,fantasy_game_seq,player_id,preferred_team,team_name,seq) values (?,?,?,?,?,default)
    Hibernate: insert into ft_participants (draft_order,fantasy_game_seq,player_id,preferred_team,team_name,seq) values (?,?,?,?,?,default)
    Hibernate: insert into ft_participants (draft_order,fantasy_game_seq,player_id,preferred_team,team_name,seq) values (?,?,?,?,?,default)
    Hibernate: insert into ft_participants (draft_order,fantasy_game_seq,player_id,preferred_team,team_name,seq) values (?,?,?,?,?,default)
    Hibernate: insert into ft_participants (draft_order,fantasy_game_seq,player_id,preferred_team,team_name,seq) values (?,?,?,?,?,default)
    Hibernate: insert into ft_participants (draft_order,fantasy_game_seq,player_id,preferred_team,team_name,seq) values (?,?,?,?,?,default)
    Hibernate: insert into ft_participants (draft_order,fantasy_game_seq,player_id,preferred_team,team_name,seq) values (?,?,?,?,?,default)
    Hibernate: insert into ft_participants (draft_order,fantasy_game_seq,player_id,preferred_team,team_name,seq) values (?,?,?,?,?,default)
    Hibernate: insert into ft_participants (draft_order,fantasy_game_seq,player_id,preferred_team,team_name,seq) values (?,?,?,?,?,default)
    Hibernate: insert into ft_participants (draft_order,fantasy_game_seq,player_id,preferred_team,team_name,seq) values (?,?,?,?,?,default)
    Hibernate: insert into ft_participants (draft_order,fantasy_game_seq,player_id,preferred_team,team_name,seq) values (?,?,?,?,?,default)
    Hibernate: insert into ft_participants (draft_order,fantasy_game_seq,player_id,preferred_team,team_name,seq) values (?,?,?,?,?,default)
    Hibernate: insert into ft_participants (draft_order,fantasy_game_seq,player_id,preferred_team,team_name,seq) values (?,?,?,?,?,default)
    Hibernate: insert into ft_participants (draft_order,fantasy_game_seq,player_id,preferred_team,team_name,seq) values (?,?,?,?,?,default)
    Hibernate: insert into ft_participants (draft_order,fantasy_game_seq,player_id,preferred_team,team_name,seq) values (?,?,?,?,?,default)
    Hibernate: insert into ft_participants (draft_order,fantasy_game_seq,player_id,preferred_team,team_name,seq) values (?,?,?,?,?,default)
    Hibernate: insert into ft_participants (draft_order,fantasy_game_seq,player_id,preferred_team,team_name,seq) values (?,?,?,?,?,default)
    Hibernate: insert into ft_participants (draft_order,fantasy_game_seq,player_id,preferred_team,team_name,seq) values (?,?,?,?,?,default)
    Hibernate: insert into ft_participants (draft_order,fantasy_game_seq,player_id,preferred_team,team_name,seq) values (?,?,?,?,?,default)
    Hibernate: insert into ft_participants (draft_order,fantasy_game_seq,player_id,preferred_team,team_name,seq) values (?,?,?,?,?,default)
    Hibernate: insert into ft_participants (draft_order,fantasy_game_seq,player_id,preferred_team,team_name,seq) values (?,?,?,?,?,default)
    Hibernate: insert into ft_participants (draft_order,fantasy_game_seq,player_id,preferred_team,team_name,seq) values (?,?,?,?,?,default)
    Hibernate: insert into ft_participants (draft_order,fantasy_game_seq,player_id,preferred_team,team_name,seq) values (?,?,?,?,?,default)
    Hibernate: insert into ft_participants (draft_order,fantasy_game_seq,player_id,preferred_team,team_name,seq) values (?,?,?,?,?,default)
    Hibernate: insert into ft_participants (draft_order,fantasy_game_seq,player_id,preferred_team,team_name,seq) values (?,?,?,?,?,default)
    Hibernate: insert into ft_participants (draft_order,fantasy_game_seq,player_id,preferred_team,team_name,seq) values (?,?,?,?,?,default)
    Hibernate: insert into ft_participants (draft_order,fantasy_game_seq,player_id,preferred_team,team_name,seq) values (?,?,?,?,?,default)
    Hibernate: insert into ft_participants (draft_order,fantasy_game_seq,player_id,preferred_team,team_name,seq) values (?,?,?,?,?,default)
    Hibernate: insert into ft_participants (draft_order,fantasy_game_seq,player_id,preferred_team,team_name,seq) values (?,?,?,?,?,default)
    Hibernate: insert into ft_participants (draft_order,fantasy_game_seq,player_id,preferred_team,team_name,seq) values (?,?,?,?,?,default)
    Hibernate: insert into ft_participants (draft_order,fantasy_game_seq,player_id,preferred_team,team_name,seq) values (?,?,?,?,?,default)
    Hibernate: insert into ft_participants (draft_order,fantasy_game_seq,player_id,preferred_team,team_name,seq) values (?,?,?,?,?,default)
    Hibernate: insert into ft_participants (draft_order,fantasy_game_seq,player_id,preferred_team,team_name,seq) values (?,?,?,?,?,default)
    Hibernate: insert into ft_participants (draft_order,fantasy_game_seq,player_id,preferred_team,team_name,seq) values (?,?,?,?,?,default)
    Hibernate: insert into ft_participants (draft_order,fantasy_game_seq,player_id,preferred_team,team_name,seq) values (?,?,?,?,?,default)
    Hibernate: insert into ft_participants (draft_order,fantasy_game_seq,player_id,preferred_team,team_name,seq) values (?,?,?,?,?,default)
    Hibernate: insert into ft_participants (draft_order,fantasy_game_seq,player_id,preferred_team,team_name,seq) values (?,?,?,?,?,default)
    Hibernate: insert into ft_participants (draft_order,fantasy_game_seq,player_id,preferred_team,team_name,seq) values (?,?,?,?,?,default)
    Hibernate: insert into ft_participants (draft_order,fantasy_game_seq,player_id,preferred_team,team_name,seq) values (?,?,?,?,?,default)
    Hibernate: insert into ft_participants (draft_order,fantasy_game_seq,player_id,preferred_team,team_name,seq) values (?,?,?,?,?,default)
    Hibernate: insert into ft_participants (draft_order,fantasy_game_seq,player_id,preferred_team,team_name,seq) values (?,?,?,?,?,default)
    Hibernate: insert into ft_participants (draft_order,fantasy_game_seq,player_id,preferred_team,team_name,seq) values (?,?,?,?,?,default)
    Hibernate: insert into ft_participants (draft_order,fantasy_game_seq,player_id,preferred_team,team_name,seq) values (?,?,?,?,?,default)
    Hibernate: insert into ft_participants (draft_order,fantasy_game_seq,player_id,preferred_team,team_name,seq) values (?,?,?,?,?,default)
    Hibernate: insert into ft_participants (draft_order,fantasy_game_seq,player_id,preferred_team,team_name,seq) values (?,?,?,?,?,default)
    Hibernate: insert into ft_participants (draft_order,fantasy_game_seq,player_id,preferred_team,team_name,seq) values (?,?,?,?,?,default)
    Hibernate: insert into ft_participants (draft_order,fantasy_game_seq,player_id,preferred_team,team_name,seq) values (?,?,?,?,?,default)
    Hibernate: insert into ft_participants (draft_order,fantasy_game_seq,player_id,preferred_team,team_name,seq) values (?,?,?,?,?,default)
    Hibernate: insert into ft_participants (draft_order,fantasy_game_seq,player_id,preferred_team,team_name,seq) values (?,?,?,?,?,default)
    Hibernate: insert into ft_participants (draft_order,fantasy_game_seq,player_id,preferred_team,team_name,seq) values (?,?,?,?,?,default)
    Hibernate: insert into ft_participants (draft_order,fantasy_game_seq,player_id,preferred_team,team_name,seq) values (?,?,?,?,?,default)
    Hibernate: insert into ft_participants (draft_order,fantasy_game_seq,player_id,preferred_team,team_name,seq) values (?,?,?,?,?,default)
    Hibernate: insert into ft_participants (draft_order,fantasy_game_seq,player_id,preferred_team,team_name,seq) values (?,?,?,?,?,default)
    Hibernate: insert into ft_participants (draft_order,fantasy_game_seq,player_id,preferred_team,team_name,seq) values (?,?,?,?,?,default)
    Hibernate: insert into ft_participants (draft_order,fantasy_game_seq,player_id,preferred_team,team_name,seq) values (?,?,?,?,?,default)
    Hibernate: insert into ft_participants (draft_order,fantasy_game_seq,player_id,preferred_team,team_name,seq) values (?,?,?,?,?,default)
    Hibernate: insert into ft_participants (draft_order,fantasy_game_seq,player_id,preferred_team,team_name,seq) values (?,?,?,?,?,default)
    Hibernate: insert into ft_participants (draft_order,fantasy_game_seq,player_id,preferred_team,team_name,seq) values (?,?,?,?,?,default)
    Hibernate: insert into ft_participants (draft_order,fantasy_game_seq,player_id,preferred_team,team_name,seq) values (?,?,?,?,?,default)
    Hibernate: insert into ft_participants (draft_order,fantasy_game_seq,player_id,preferred_team,team_name,seq) values (?,?,?,?,?,default)
    Hibernate: insert into ft_participants (draft_order,fantasy_game_seq,player_id,preferred_team,team_name,seq) values (?,?,?,?,?,default)
    Hibernate: insert into ft_participants (draft_order,fantasy_game_seq,player_id,preferred_team,team_name,seq) values (?,?,?,?,?,default)
    Hibernate: insert into ft_participants (draft_order,fantasy_game_seq,player_id,preferred_team,team_name,seq) values (?,?,?,?,?,default)
    Hibernate: insert into ft_participants (draft_order,fantasy_game_seq,player_id,preferred_team,team_name,seq) values (?,?,?,?,?,default)
    Hibernate: insert into ft_participants (draft_order,fantasy_game_seq,player_id,preferred_team,team_name,seq) values (?,?,?,?,?,default)
    Hibernate: insert into ft_participants (draft_order,fantasy_game_seq,player_id,preferred_team,team_name,seq) values (?,?,?,?,?,default)
    Hibernate: insert into ft_participants (draft_order,fantasy_game_seq,player_id,preferred_team,team_name,seq) values (?,?,?,?,?,default)
    Hibernate: insert into ft_participants (draft_order,fantasy_game_seq,player_id,preferred_team,team_name,seq) values (?,?,?,?,?,default)
    Hibernate: insert into ft_participants (draft_order,fantasy_game_seq,player_id,preferred_team,team_name,seq) values (?,?,?,?,?,default)
    Hibernate: insert into ft_participants (draft_order,fantasy_game_seq,player_id,preferred_team,team_name,seq) values (?,?,?,?,?,default)
    Hibernate: insert into ft_participants (draft_order,fantasy_game_seq,player_id,preferred_team,team_name,seq) values (?,?,?,?,?,default)
    Hibernate: insert into ft_participants (draft_order,fantasy_game_seq,player_id,preferred_team,team_name,seq) values (?,?,?,?,?,default)
    Hibernate: insert into ft_participants (draft_order,fantasy_game_seq,player_id,preferred_team,team_name,seq) values (?,?,?,?,?,default)
    Hibernate: insert into ft_participants (draft_order,fantasy_game_seq,player_id,preferred_team,team_name,seq) values (?,?,?,?,?,default)
    Hibernate: insert into ft_participants (draft_order,fantasy_game_seq,player_id,preferred_team,team_name,seq) values (?,?,?,?,?,default)
    Hibernate: insert into ft_participants (draft_order,fantasy_game_seq,player_id,preferred_team,team_name,seq) values (?,?,?,?,?,default)
    Hibernate: insert into ft_participants (draft_order,fantasy_game_seq,player_id,preferred_team,team_name,seq) values (?,?,?,?,?,default)
    Hibernate: insert into ft_participants (draft_order,fantasy_game_seq,player_id,preferred_team,team_name,seq) values (?,?,?,?,?,default)
    Hibernate: insert into ft_participants (draft_order,fantasy_game_seq,player_id,preferred_team,team_name,seq) values (?,?,?,?,?,default)
    Hibernate: insert into ft_participants (draft_order,fantasy_game_seq,player_id,preferred_team,team_name,seq) values (?,?,?,?,?,default)
    Hibernate: insert into ft_participants (draft_order,fantasy_game_seq,player_id,preferred_team,team_name,seq) values (?,?,?,?,?,default)
    Hibernate: insert into ft_participants (draft_order,fantasy_game_seq,player_id,preferred_team,team_name,seq) values (?,?,?,?,?,default)
    Hibernate: insert into ft_participants (draft_order,fantasy_game_seq,player_id,preferred_team,team_name,seq) values (?,?,?,?,?,default)
    Hibernate: insert into ft_participants (draft_order,fantasy_game_seq,player_id,preferred_team,team_name,seq) values (?,?,?,?,?,default)
    Hibernate: insert into ft_participants (draft_order,fantasy_game_seq,player_id,preferred_team,team_name,seq) values (?,?,?,?,?,default)
    Hibernate: insert into ft_participants (draft_order,fantasy_game_seq,player_id,preferred_team,team_name,seq) values (?,?,?,?,?,default)
    Hibernate: insert into ft_participants (draft_order,fantasy_game_seq,player_id,preferred_team,team_name,seq) values (?,?,?,?,?,default)
    Hibernate: insert into ft_participants (draft_order,fantasy_game_seq,player_id,preferred_team,team_name,seq) values (?,?,?,?,?,default)
    Hibernate: insert into ft_participants (draft_order,fantasy_game_seq,player_id,preferred_team,team_name,seq) values (?,?,?,?,?,default)
    Hibernate: insert into ft_participants (draft_order,fantasy_game_seq,player_id,preferred_team,team_name,seq) values (?,?,?,?,?,default)
    Hibernate: insert into ft_participants (draft_order,fantasy_game_seq,player_id,preferred_team,team_name,seq) values (?,?,?,?,?,default)
    Hibernate: insert into ft_participants (draft_order,fantasy_game_seq,player_id,preferred_team,team_name,seq) values (?,?,?,?,?,default)
    Hibernate: insert into ft_participants (draft_order,fantasy_game_seq,player_id,preferred_team,team_name,seq) values (?,?,?,?,?,default)
    Hibernate: insert into ft_participants (draft_order,fantasy_game_seq,player_id,preferred_team,team_name,seq) values (?,?,?,?,?,default)
    Hibernate: insert into ft_participants (draft_order,fantasy_game_seq,player_id,preferred_team,team_name,seq) values (?,?,?,?,?,default)
    Hibernate: insert into ft_participants (draft_order,fantasy_game_seq,player_id,preferred_team,team_name,seq) values (?,?,?,?,?,default)
    Hibernate: insert into ft_participants (draft_order,fantasy_game_seq,player_id,preferred_team,team_name,seq) values (?,?,?,?,?,default)
    Hibernate: insert into ft_participants (draft_order,fantasy_game_seq,player_id,preferred_team,team_name,seq) values (?,?,?,?,?,default)
    Hibernate: insert into ft_participants (draft_order,fantasy_game_seq,player_id,preferred_team,team_name,seq) values (?,?,?,?,?,default)
    Hibernate: insert into ft_participants (draft_order,fantasy_game_seq,player_id,preferred_team,team_name,seq) values (?,?,?,?,?,default)
    Hibernate: insert into ft_participants (draft_order,fantasy_game_seq,player_id,preferred_team,team_name,seq) values (?,?,?,?,?,default)
    Hibernate: insert into ft_participants (draft_order,fantasy_game_seq,player_id,preferred_team,team_name,seq) values (?,?,?,?,?,default)
    Hibernate: insert into ft_participants (draft_order,fantasy_game_seq,player_id,preferred_team,team_name,seq) values (?,?,?,?,?,default)
    Hibernate: insert into ft_participants (draft_order,fantasy_game_seq,player_id,preferred_team,team_name,seq) values (?,?,?,?,?,default)
    Hibernate: insert into ft_participants (draft_order,fantasy_game_seq,player_id,preferred_team,team_name,seq) values (?,?,?,?,?,default)
    Hibernate: insert into ft_participants (draft_order,fantasy_game_seq,player_id,preferred_team,team_name,seq) values (?,?,?,?,?,default)
    Hibernate: insert into ft_participants (draft_order,fantasy_game_seq,player_id,preferred_team,team_name,seq) values (?,?,?,?,?,default)
    Hibernate: insert into ft_participants (draft_order,fantasy_game_seq,player_id,preferred_team,team_name,seq) values (?,?,?,?,?,default)
    Hibernate: insert into ft_participants (draft_order,fantasy_game_seq,player_id,preferred_team,team_name,seq) values (?,?,?,?,?,default)
    Hibernate: insert into ft_participants (draft_order,fantasy_game_seq,player_id,preferred_team,team_name,seq) values (?,?,?,?,?,default)
    Hibernate: insert into ft_participants (draft_order,fantasy_game_seq,player_id,preferred_team,team_name,seq) values (?,?,?,?,?,default)
    Hibernate: insert into ft_participants (draft_order,fantasy_game_seq,player_id,preferred_team,team_name,seq) values (?,?,?,?,?,default)
    Hibernate: insert into ft_participants (draft_order,fantasy_game_seq,player_id,preferred_team,team_name,seq) values (?,?,?,?,?,default)
    Hibernate: insert into ft_participants (draft_order,fantasy_game_seq,player_id,preferred_team,team_name,seq) values (?,?,?,?,?,default)
    Hibernate: insert into ft_participants (draft_order,fantasy_game_seq,player_id,preferred_team,team_name,seq) values (?,?,?,?,?,default)
    Hibernate: insert into ft_participants (draft_order,fantasy_game_seq,player_id,preferred_team,team_name,seq) values (?,?,?,?,?,default)
    Hibernate: insert into ft_participants (draft_order,fantasy_game_seq,player_id,preferred_team,team_name,seq) values (?,?,?,?,?,default)
    Hibernate: insert into ft_participants (draft_order,fantasy_game_seq,player_id,preferred_team,team_name,seq) values (?,?,?,?,?,default)
    Hibernate: insert into ft_participants (draft_order,fantasy_game_seq,player_id,preferred_team,team_name,seq) values (?,?,?,?,?,default)
    Hibernate: insert into ft_participants (draft_order,fantasy_game_seq,player_id,preferred_team,team_name,seq) values (?,?,?,?,?,default)
    Hibernate: insert into ft_participants (draft_order,fantasy_game_seq,player_id,preferred_team,team_name,seq) values (?,?,?,?,?,default)
    Hibernate: insert into ft_participants (draft_order,fantasy_game_seq,player_id,preferred_team,team_name,seq) values (?,?,?,?,?,default)
    Hibernate: insert into ft_participants (draft_order,fantasy_game_seq,player_id,preferred_team,team_name,seq) values (?,?,?,?,?,default)
    Hibernate: insert into ft_participants (draft_order,fantasy_game_seq,player_id,preferred_team,team_name,seq) values (?,?,?,?,?,default)
    Hibernate: insert into ft_participants (draft_order,fantasy_game_seq,player_id,preferred_team,team_name,seq) values (?,?,?,?,?,default)
    Hibernate: insert into ft_participants (draft_order,fantasy_game_seq,player_id,preferred_team,team_name,seq) values (?,?,?,?,?,default)
    Hibernate: insert into ft_participants (draft_order,fantasy_game_seq,player_id,preferred_team,team_name,seq) values (?,?,?,?,?,default)
    Hibernate: insert into ft_participants (draft_order,fantasy_game_seq,player_id,preferred_team,team_name,seq) values (?,?,?,?,?,default)
    Hibernate: insert into ft_participants (draft_order,fantasy_game_seq,player_id,preferred_team,team_name,seq) values (?,?,?,?,?,default)
    Hibernate: insert into ft_participants (draft_order,fantasy_game_seq,player_id,preferred_team,team_name,seq) values (?,?,?,?,?,default)
    Hibernate: insert into ft_participants (draft_order,fantasy_game_seq,player_id,preferred_team,team_name,seq) values (?,?,?,?,?,default)
    Hibernate: insert into ft_participants (draft_order,fantasy_game_seq,player_id,preferred_team,team_name,seq) values (?,?,?,?,?,default)
    Hibernate: insert into ft_participants (draft_order,fantasy_game_seq,player_id,preferred_team,team_name,seq) values (?,?,?,?,?,default)
    Hibernate: insert into ft_participants (draft_order,fantasy_game_seq,player_id,preferred_team,team_name,seq) values (?,?,?,?,?,default)
    Hibernate: insert into ft_participants (draft_order,fantasy_game_seq,player_id,preferred_team,team_name,seq) values (?,?,?,?,?,default)
    Hibernate: insert into ft_participants (draft_order,fantasy_game_seq,player_id,preferred_team,team_name,seq) values (?,?,?,?,?,default)
    Hibernate: insert into ft_participants (draft_order,fantasy_game_seq,player_id,preferred_team,team_name,seq) values (?,?,?,?,?,default)
    Hibernate: insert into ft_participants (draft_order,fantasy_game_seq,player_id,preferred_team,team_name,seq) values (?,?,?,?,?,default)
    Hibernate: insert into ft_participants (draft_order,fantasy_game_seq,player_id,preferred_team,team_name,seq) values (?,?,?,?,?,default)
    Hibernate: insert into ft_participants (draft_order,fantasy_game_seq,player_id,preferred_team,team_name,seq) values (?,?,?,?,?,default)
    Hibernate: insert into ft_participants (draft_order,fantasy_game_seq,player_id,preferred_team,team_name,seq) values (?,?,?,?,?,default)
    Hibernate: insert into ft_participants (draft_order,fantasy_game_seq,player_id,preferred_team,team_name,seq) values (?,?,?,?,?,default)
    Hibernate: insert into ft_participants (draft_order,fantasy_game_seq,player_id,preferred_team,team_name,seq) values (?,?,?,?,?,default)
    Hibernate: insert into ft_participants (draft_order,fantasy_game_seq,player_id,preferred_team,team_name,seq) values (?,?,?,?,?,default)
    Hibernate: insert into ft_participants (draft_order,fantasy_game_seq,player_id,preferred_team,team_name,seq) values (?,?,?,?,?,default)
    Hibernate: insert into ft_participants (draft_order,fantasy_game_seq,player_id,preferred_team,team_name,seq) values (?,?,?,?,?,default)
    Hibernate: insert into ft_participants (draft_order,fantasy_game_seq,player_id,preferred_team,team_name,seq) values (?,?,?,?,?,default)
    Hibernate: insert into ft_participants (draft_order,fantasy_game_seq,player_id,preferred_team,team_name,seq) values (?,?,?,?,?,default)
    Hibernate: insert into ft_participants (draft_order,fantasy_game_seq,player_id,preferred_team,team_name,seq) values (?,?,?,?,?,default)
    Hibernate: insert into ft_participants (draft_order,fantasy_game_seq,player_id,preferred_team,team_name,seq) values (?,?,?,?,?,default)
    Hibernate: insert into ft_participants (draft_order,fantasy_game_seq,player_id,preferred_team,team_name,seq) values (?,?,?,?,?,default)
    Hibernate: insert into ft_participants (draft_order,fantasy_game_seq,player_id,preferred_team,team_name,seq) values (?,?,?,?,?,default)
    Hibernate: insert into ft_participants (draft_order,fantasy_game_seq,player_id,preferred_team,team_name,seq) values (?,?,?,?,?,default)
    Hibernate: insert into ft_participants (draft_order,fantasy_game_seq,player_id,preferred_team,team_name,seq) values (?,?,?,?,?,default)
    Hibernate: insert into ft_participants (draft_order,fantasy_game_seq,player_id,preferred_team,team_name,seq) values (?,?,?,?,?,default)
    Hibernate: insert into ft_participants (draft_order,fantasy_game_seq,player_id,preferred_team,team_name,seq) values (?,?,?,?,?,default)
    Hibernate: insert into ft_participants (draft_order,fantasy_game_seq,player_id,preferred_team,team_name,seq) values (?,?,?,?,?,default)
    Hibernate: insert into ft_participants (draft_order,fantasy_game_seq,player_id,preferred_team,team_name,seq) values (?,?,?,?,?,default)
    Hibernate: insert into ft_participants (draft_order,fantasy_game_seq,player_id,preferred_team,team_name,seq) values (?,?,?,?,?,default)
    Hibernate: insert into ft_participants (draft_order,fantasy_game_seq,player_id,preferred_team,team_name,seq) values (?,?,?,?,?,default)
    Hibernate: insert into ft_participants (draft_order,fantasy_game_seq,player_id,preferred_team,team_name,seq) values (?,?,?,?,?,default)
    Hibernate: insert into ft_participants (draft_order,fantasy_game_seq,player_id,preferred_team,team_name,seq) values (?,?,?,?,?,default)
    Hibernate: insert into ft_participants (draft_order,fantasy_game_seq,player_id,preferred_team,team_name,seq) values (?,?,?,?,?,default)
    Hibernate: insert into ft_participants (draft_order,fantasy_game_seq,player_id,preferred_team,team_name,seq) values (?,?,?,?,?,default)
    Hibernate: insert into ft_participants (draft_order,fantasy_game_seq,player_id,preferred_team,team_name,seq) values (?,?,?,?,?,default)
    Hibernate: insert into ft_participants (draft_order,fantasy_game_seq,player_id,preferred_team,team_name,seq) values (?,?,?,?,?,default)
    Hibernate: insert into ft_participants (draft_order,fantasy_game_seq,player_id,preferred_team,team_name,seq) values (?,?,?,?,?,default)
    Hibernate: insert into ft_participants (draft_order,fantasy_game_seq,player_id,preferred_team,team_name,seq) values (?,?,?,?,?,default)
    Hibernate: insert into ft_participants (draft_order,fantasy_game_seq,player_id,preferred_team,team_name,seq) values (?,?,?,?,?,default)
    Hibernate: insert into ft_participants (draft_order,fantasy_game_seq,player_id,preferred_team,team_name,seq) values (?,?,?,?,?,default)
    Hibernate: insert into ft_participants (draft_order,fantasy_game_seq,player_id,preferred_team,team_name,seq) values (?,?,?,?,?,default)
    Hibernate: insert into ft_participants (draft_order,fantasy_game_seq,player_id,preferred_team,team_name,seq) values (?,?,?,?,?,default)
    Hibernate: insert into ft_participants (draft_order,fantasy_game_seq,player_id,preferred_team,team_name,seq) values (?,?,?,?,?,default)
    Hibernate: insert into ft_participants (draft_order,fantasy_game_seq,player_id,preferred_team,team_name,seq) values (?,?,?,?,?,default)
    Hibernate: insert into ft_participants (draft_order,fantasy_game_seq,player_id,preferred_team,team_name,seq) values (?,?,?,?,?,default)
    Hibernate: insert into ft_participants (draft_order,fantasy_game_seq,player_id,preferred_team,team_name,seq) values (?,?,?,?,?,default)
    Hibernate: insert into ft_participants (draft_order,fantasy_game_seq,player_id,preferred_team,team_name,seq) values (?,?,?,?,?,default)
    Hibernate: insert into ft_participants (draft_order,fantasy_game_seq,player_id,preferred_team,team_name,seq) values (?,?,?,?,?,default)
    Hibernate: insert into ft_participants (draft_order,fantasy_game_seq,player_id,preferred_team,team_name,seq) values (?,?,?,?,?,default)
    Hibernate: insert into ft_participants (draft_order,fantasy_game_seq,player_id,preferred_team,team_name,seq) values (?,?,?,?,?,default)
    Hibernate: insert into ft_participants (draft_order,fantasy_game_seq,player_id,preferred_team,team_name,seq) values (?,?,?,?,?,default)
    Hibernate: insert into ft_participants (draft_order,fantasy_game_seq,player_id,preferred_team,team_name,seq) values (?,?,?,?,?,default)
    Hibernate: insert into ft_participants (draft_order,fantasy_game_seq,player_id,preferred_team,team_name,seq) values (?,?,?,?,?,default)
    Hibernate: insert into ft_participants (draft_order,fantasy_game_seq,player_id,preferred_team,team_name,seq) values (?,?,?,?,?,default)
    Hibernate: insert into ft_participants (draft_order,fantasy_game_seq,player_id,preferred_team,team_name,seq) values (?,?,?,?,?,default)
    Hibernate: insert into ft_participants (draft_order,fantasy_game_seq,player_id,preferred_team,team_name,seq) values (?,?,?,?,?,default)
    Hibernate: insert into ft_participants (draft_order,fantasy_game_seq,player_id,preferred_team,team_name,seq) values (?,?,?,?,?,default)
    Hibernate: insert into ft_participants (draft_order,fantasy_game_seq,player_id,preferred_team,team_name,seq) values (?,?,?,?,?,default)
    Hibernate: insert into ft_participants (draft_order,fantasy_game_seq,player_id,preferred_team,team_name,seq) values (?,?,?,?,?,default)
    Hibernate: insert into ft_participants (draft_order,fantasy_game_seq,player_id,preferred_team,team_name,seq) values (?,?,?,?,?,default)
    Hibernate: insert into ft_participants (draft_order,fantasy_game_seq,player_id,preferred_team,team_name,seq) values (?,?,?,?,?,default)
    Hibernate: insert into ft_participants (draft_order,fantasy_game_seq,player_id,preferred_team,team_name,seq) values (?,?,?,?,?,default)
    Hibernate: insert into ft_participants (draft_order,fantasy_game_seq,player_id,preferred_team,team_name,seq) values (?,?,?,?,?,default)
    Hibernate: insert into ft_participants (draft_order,fantasy_game_seq,player_id,preferred_team,team_name,seq) values (?,?,?,?,?,default)
    Hibernate: insert into ft_participants (draft_order,fantasy_game_seq,player_id,preferred_team,team_name,seq) values (?,?,?,?,?,default)
    Hibernate: insert into ft_participants (draft_order,fantasy_game_seq,player_id,preferred_team,team_name,seq) values (?,?,?,?,?,default)
    Hibernate: insert into ft_participants (draft_order,fantasy_game_seq,player_id,preferred_team,team_name,seq) values (?,?,?,?,?,default)
    Hibernate: insert into ft_participants (draft_order,fantasy_game_seq,player_id,preferred_team,team_name,seq) values (?,?,?,?,?,default)
    Hibernate: insert into ft_participants (draft_order,fantasy_game_seq,player_id,preferred_team,team_name,seq) values (?,?,?,?,?,default)
    Hibernate: insert into ft_participants (draft_order,fantasy_game_seq,player_id,preferred_team,team_name,seq) values (?,?,?,?,?,default)
    Hibernate: insert into ft_participants (draft_order,fantasy_game_seq,player_id,preferred_team,team_name,seq) values (?,?,?,?,?,default)
    Hibernate: insert into ft_participants (draft_order,fantasy_game_seq,player_id,preferred_team,team_name,seq) values (?,?,?,?,?,default)
    Hibernate: insert into ft_participants (draft_order,fantasy_game_seq,player_id,preferred_team,team_name,seq) values (?,?,?,?,?,default)
    Hibernate: insert into ft_participants (draft_order,fantasy_game_seq,player_id,preferred_team,team_name,seq) values (?,?,?,?,?,default)
    Hibernate: insert into ft_participants (draft_order,fantasy_game_seq,player_id,preferred_team,team_name,seq) values (?,?,?,?,?,default)
    Hibernate: insert into ft_participants (draft_order,fantasy_game_seq,player_id,preferred_team,team_name,seq) values (?,?,?,?,?,default)
    Hibernate: insert into ft_participants (draft_order,fantasy_game_seq,player_id,preferred_team,team_name,seq) values (?,?,?,?,?,default)
    Hibernate: insert into ft_participants (draft_order,fantasy_game_seq,player_id,preferred_team,team_name,seq) values (?,?,?,?,?,default)
    Hibernate: insert into ft_participants (draft_order,fantasy_game_seq,player_id,preferred_team,team_name,seq) values (?,?,?,?,?,default)
    Hibernate: insert into ft_participants (draft_order,fantasy_game_seq,player_id,preferred_team,team_name,seq) values (?,?,?,?,?,default)
    Hibernate: insert into ft_participants (draft_order,fantasy_game_seq,player_id,preferred_team,team_name,seq) values (?,?,?,?,?,default)
    Hibernate: insert into ft_participants (draft_order,fantasy_game_seq,player_id,preferred_team,team_name,seq) values (?,?,?,?,?,default)
    Hibernate: insert into ft_participants (draft_order,fantasy_game_seq,player_id,preferred_team,team_name,seq) values (?,?,?,?,?,default)
    Hibernate: insert into ft_participants (draft_order,fantasy_game_seq,player_id,preferred_team,team_name,seq) values (?,?,?,?,?,default)
    Hibernate: insert into ft_participants (draft_order,fantasy_game_seq,player_id,preferred_team,team_name,seq) values (?,?,?,?,?,default)
    Hibernate: insert into ft_participants (draft_order,fantasy_game_seq,player_id,preferred_team,team_name,seq) values (?,?,?,?,?,default)
    Hibernate: insert into ft_participants (draft_order,fantasy_game_seq,player_id,preferred_team,team_name,seq) values (?,?,?,?,?,default)
    Hibernate: insert into ft_participants (draft_order,fantasy_game_seq,player_id,preferred_team,team_name,seq) values (?,?,?,?,?,default)
    Hibernate: insert into ft_participants (draft_order,fantasy_game_seq,player_id,preferred_team,team_name,seq) values (?,?,?,?,?,default)
    Hibernate: insert into ft_participants (draft_order,fantasy_game_seq,player_id,preferred_team,team_name,seq) values (?,?,?,?,?,default)
    Hibernate: insert into ft_participants (draft_order,fantasy_game_seq,player_id,preferred_team,team_name,seq) values (?,?,?,?,?,default)
    Hibernate: insert into ft_participants (draft_order,fantasy_game_seq,player_id,preferred_team,team_name,seq) values (?,?,?,?,?,default)
    Hibernate: insert into ft_participants (draft_order,fantasy_game_seq,player_id,preferred_team,team_name,seq) values (?,?,?,?,?,default)
    Hibernate: insert into ft_participants (draft_order,fantasy_game_seq,player_id,preferred_team,team_name,seq) values (?,?,?,?,?,default)
    Hibernate: insert into ft_participants (draft_order,fantasy_game_seq,player_id,preferred_team,team_name,seq) values (?,?,?,?,?,default)
    Hibernate: insert into ft_participants (draft_order,fantasy_game_seq,player_id,preferred_team,team_name,seq) values (?,?,?,?,?,default)
    Hibernate: insert into ft_participants (draft_order,fantasy_game_seq,player_id,preferred_team,team_name,seq) values (?,?,?,?,?,default)
    Hibernate: insert into ft_participants (draft_order,fantasy_game_seq,player_id,preferred_team,team_name,seq) values (?,?,?,?,?,default)
    Hibernate: insert into ft_participants (draft_order,fantasy_game_seq,player_id,preferred_team,team_name,seq) values (?,?,?,?,?,default)
    Hibernate: insert into ft_participants (draft_order,fantasy_game_seq,player_id,preferred_team,team_name,seq) values (?,?,?,?,?,default)
    Hibernate: insert into ft_participants (draft_order,fantasy_game_seq,player_id,preferred_team,team_name,seq) values (?,?,?,?,?,default)
    Hibernate: insert into ft_participants (draft_order,fantasy_game_seq,player_id,preferred_team,team_name,seq) values (?,?,?,?,?,default)
    Hibernate: insert into ft_participants (draft_order,fantasy_game_seq,player_id,preferred_team,team_name,seq) values (?,?,?,?,?,default)
    Hibernate: insert into ft_participants (draft_order,fantasy_game_seq,player_id,preferred_team,team_name,seq) values (?,?,?,?,?,default)
    Hibernate: insert into ft_participants (draft_order,fantasy_game_seq,player_id,preferred_team,team_name,seq) values (?,?,?,?,?,default)
    Hibernate: insert into ft_participants (draft_order,fantasy_game_seq,player_id,preferred_team,team_name,seq) values (?,?,?,?,?,default)
    Hibernate: insert into ft_participants (draft_order,fantasy_game_seq,player_id,preferred_team,team_name,seq) values (?,?,?,?,?,default)
    Hibernate: insert into ft_participants (draft_order,fantasy_game_seq,player_id,preferred_team,team_name,seq) values (?,?,?,?,?,default)
    Hibernate: insert into ft_participants (draft_order,fantasy_game_seq,player_id,preferred_team,team_name,seq) values (?,?,?,?,?,default)
    Hibernate: insert into ft_participants (draft_order,fantasy_game_seq,player_id,preferred_team,team_name,seq) values (?,?,?,?,?,default)
    Hibernate: insert into ft_participants (draft_order,fantasy_game_seq,player_id,preferred_team,team_name,seq) values (?,?,?,?,?,default)
    Hibernate: insert into ft_participants (draft_order,fantasy_game_seq,player_id,preferred_team,team_name,seq) values (?,?,?,?,?,default)
    Hibernate: insert into ft_participants (draft_order,fantasy_game_seq,player_id,preferred_team,team_name,seq) values (?,?,?,?,?,default)
    Hibernate: insert into ft_participants (draft_order,fantasy_game_seq,player_id,preferred_team,team_name,seq) values (?,?,?,?,?,default)
    Hibernate: insert into ft_participants (draft_order,fantasy_game_seq,player_id,preferred_team,team_name,seq) values (?,?,?,?,?,default)
    Hibernate: insert into ft_participants (draft_order,fantasy_game_seq,player_id,preferred_team,team_name,seq) values (?,?,?,?,?,default)
    Hibernate: insert into ft_participants (draft_order,fantasy_game_seq,player_id,preferred_team,team_name,seq) values (?,?,?,?,?,default)
    Hibernate: insert into ft_participants (draft_order,fantasy_game_seq,player_id,preferred_team,team_name,seq) values (?,?,?,?,?,default)
    Hibernate: insert into ft_participants (draft_order,fantasy_game_seq,player_id,preferred_team,team_name,seq) values (?,?,?,?,?,default)
    Hibernate: insert into ft_participants (draft_order,fantasy_game_seq,player_id,preferred_team,team_name,seq) values (?,?,?,?,?,default)
    Hibernate: insert into ft_participants (draft_order,fantasy_game_seq,player_id,preferred_team,team_name,seq) values (?,?,?,?,?,default)
    Hibernate: insert into ft_participants (draft_order,fantasy_game_seq,player_id,preferred_team,team_name,seq) values (?,?,?,?,?,default)
    Hibernate: insert into ft_participants (draft_order,fantasy_game_seq,player_id,preferred_team,team_name,seq) values (?,?,?,?,?,default)
    Hibernate: insert into ft_participants (draft_order,fantasy_game_seq,player_id,preferred_team,team_name,seq) values (?,?,?,?,?,default)
    Hibernate: insert into ft_participants (draft_order,fantasy_game_seq,player_id,preferred_team,team_name,seq) values (?,?,?,?,?,default)
    Hibernate: insert into ft_participants (draft_order,fantasy_game_seq,player_id,preferred_team,team_name,seq) values (?,?,?,?,?,default)
    Hibernate: insert into ft_participants (draft_order,fantasy_game_seq,player_id,preferred_team,team_name,seq) values (?,?,?,?,?,default)
    Hibernate: insert into ft_participants (draft_order,fantasy_game_seq,player_id,preferred_team,team_name,seq) values (?,?,?,?,?,default)
    Hibernate: insert into ft_participants (draft_order,fantasy_game_seq,player_id,preferred_team,team_name,seq) values (?,?,?,?,?,default)
    Hibernate: insert into ft_participants (draft_order,fantasy_game_seq,player_id,preferred_team,team_name,seq) values (?,?,?,?,?,default)
    Hibernate: insert into ft_participants (draft_order,fantasy_game_seq,player_id,preferred_team,team_name,seq) values (?,?,?,?,?,default)
    Hibernate: insert into ft_participants (draft_order,fantasy_game_seq,player_id,preferred_team,team_name,seq) values (?,?,?,?,?,default)
    Hibernate: insert into ft_participants (draft_order,fantasy_game_seq,player_id,preferred_team,team_name,seq) values (?,?,?,?,?,default)
    Hibernate: insert into ft_participants (draft_order,fantasy_game_seq,player_id,preferred_team,team_name,seq) values (?,?,?,?,?,default)
    Hibernate: insert into ft_participants (draft_order,fantasy_game_seq,player_id,preferred_team,team_name,seq) values (?,?,?,?,?,default)
    Hibernate: insert into ft_participants (draft_order,fantasy_game_seq,player_id,preferred_team,team_name,seq) values (?,?,?,?,?,default)
    Hibernate: insert into ft_participants (draft_order,fantasy_game_seq,player_id,preferred_team,team_name,seq) values (?,?,?,?,?,default)
    Hibernate: insert into ft_participants (draft_order,fantasy_game_seq,player_id,preferred_team,team_name,seq) values (?,?,?,?,?,default)
    Hibernate: insert into ft_participants (draft_order,fantasy_game_seq,player_id,preferred_team,team_name,seq) values (?,?,?,?,?,default)
    Hibernate: insert into ft_participants (draft_order,fantasy_game_seq,player_id,preferred_team,team_name,seq) values (?,?,?,?,?,default)
    Hibernate: insert into ft_participants (draft_order,fantasy_game_seq,player_id,preferred_team,team_name,seq) values (?,?,?,?,?,default)
    Hibernate: insert into ft_participants (draft_order,fantasy_game_seq,player_id,preferred_team,team_name,seq) values (?,?,?,?,?,default)
    Hibernate: insert into ft_participants (draft_order,fantasy_game_seq,player_id,preferred_team,team_name,seq) values (?,?,?,?,?,default)
    Hibernate: insert into ft_participants (draft_order,fantasy_game_seq,player_id,preferred_team,team_name,seq) values (?,?,?,?,?,default)
    Hibernate: insert into ft_participants (draft_order,fantasy_game_seq,player_id,preferred_team,team_name,seq) values (?,?,?,?,?,default)
    Hibernate: insert into ft_participants (draft_order,fantasy_game_seq,player_id,preferred_team,team_name,seq) values (?,?,?,?,?,default)
    Hibernate: insert into ft_participants (draft_order,fantasy_game_seq,player_id,preferred_team,team_name,seq) values (?,?,?,?,?,default)
    Hibernate: insert into ft_participants (draft_order,fantasy_game_seq,player_id,preferred_team,team_name,seq) values (?,?,?,?,?,default)
    Hibernate: insert into ft_participants (draft_order,fantasy_game_seq,player_id,preferred_team,team_name,seq) values (?,?,?,?,?,default)
    Hibernate: insert into ft_participants (draft_order,fantasy_game_seq,player_id,preferred_team,team_name,seq) values (?,?,?,?,?,default)
    Hibernate: insert into ft_participants (draft_order,fantasy_game_seq,player_id,preferred_team,team_name,seq) values (?,?,?,?,?,default)
    Hibernate: insert into ft_participants (draft_order,fantasy_game_seq,player_id,preferred_team,team_name,seq) values (?,?,?,?,?,default)
    Hibernate: insert into ft_participants (draft_order,fantasy_game_seq,player_id,preferred_team,team_name,seq) values (?,?,?,?,?,default)
    Hibernate: insert into ft_participants (draft_order,fantasy_game_seq,player_id,preferred_team,team_name,seq) values (?,?,?,?,?,default)
    Hibernate: insert into ft_participants (draft_order,fantasy_game_seq,player_id,preferred_team,team_name,seq) values (?,?,?,?,?,default)
    Hibernate: insert into ft_participants (draft_order,fantasy_game_seq,player_id,preferred_team,team_name,seq) values (?,?,?,?,?,default)
    Hibernate: insert into ft_participants (draft_order,fantasy_game_seq,player_id,preferred_team,team_name,seq) values (?,?,?,?,?,default)
    Hibernate: insert into ft_participants (draft_order,fantasy_game_seq,player_id,preferred_team,team_name,seq) values (?,?,?,?,?,default)
    Hibernate: insert into ft_participants (draft_order,fantasy_game_seq,player_id,preferred_team,team_name,seq) values (?,?,?,?,?,default)
    Hibernate: insert into ft_participants (draft_order,fantasy_game_seq,player_id,preferred_team,team_name,seq) values (?,?,?,?,?,default)
    Hibernate: insert into ft_participants (draft_order,fantasy_game_seq,player_id,preferred_team,team_name,seq) values (?,?,?,?,?,default)
    Hibernate: insert into ft_participants (draft_order,fantasy_game_seq,player_id,preferred_team,team_name,seq) values (?,?,?,?,?,default)
    Hibernate: insert into ft_participants (draft_order,fantasy_game_seq,player_id,preferred_team,team_name,seq) values (?,?,?,?,?,default)
    Hibernate: insert into ft_participants (draft_order,fantasy_game_seq,player_id,preferred_team,team_name,seq) values (?,?,?,?,?,default)
    Hibernate: insert into ft_participants (draft_order,fantasy_game_seq,player_id,preferred_team,team_name,seq) values (?,?,?,?,?,default)
    Hibernate: insert into ft_participants (draft_order,fantasy_game_seq,player_id,preferred_team,team_name,seq) values (?,?,?,?,?,default)
    Hibernate: insert into ft_participants (draft_order,fantasy_game_seq,player_id,preferred_team,team_name,seq) values (?,?,?,?,?,default)
    Hibernate: insert into ft_participants (draft_order,fantasy_game_seq,player_id,preferred_team,team_name,seq) values (?,?,?,?,?,default)
    Hibernate: insert into ft_participants (draft_order,fantasy_game_seq,player_id,preferred_team,team_name,seq) values (?,?,?,?,?,default)
    Hibernate: insert into ft_participants (draft_order,fantasy_game_seq,player_id,preferred_team,team_name,seq) values (?,?,?,?,?,default)
    Hibernate: insert into ft_participants (draft_order,fantasy_game_seq,player_id,preferred_team,team_name,seq) values (?,?,?,?,?,default)
    Hibernate: insert into ft_participants (draft_order,fantasy_game_seq,player_id,preferred_team,team_name,seq) values (?,?,?,?,?,default)
    Hibernate: insert into ft_participants (draft_order,fantasy_game_seq,player_id,preferred_team,team_name,seq) values (?,?,?,?,?,default)
    Hibernate: insert into ft_participants (draft_order,fantasy_game_seq,player_id,preferred_team,team_name,seq) values (?,?,?,?,?,default)
    Hibernate: insert into ft_participants (draft_order,fantasy_game_seq,player_id,preferred_team,team_name,seq) values (?,?,?,?,?,default)
    Hibernate: insert into ft_participants (draft_order,fantasy_game_seq,player_id,preferred_team,team_name,seq) values (?,?,?,?,?,default)
    Hibernate: insert into ft_participants (draft_order,fantasy_game_seq,player_id,preferred_team,team_name,seq) values (?,?,?,?,?,default)
    Hibernate: insert into ft_participants (draft_order,fantasy_game_seq,player_id,preferred_team,team_name,seq) values (?,?,?,?,?,default)
    Hibernate: insert into ft_participants (draft_order,fantasy_game_seq,player_id,preferred_team,team_name,seq) values (?,?,?,?,?,default)
    Hibernate: insert into ft_participants (draft_order,fantasy_game_seq,player_id,preferred_team,team_name,seq) values (?,?,?,?,?,default)
    Hibernate: insert into ft_participants (draft_order,fantasy_game_seq,player_id,preferred_team,team_name,seq) values (?,?,?,?,?,default)
    Hibernate: insert into ft_participants (draft_order,fantasy_game_seq,player_id,preferred_team,team_name,seq) values (?,?,?,?,?,default)
    Hibernate: insert into ft_participants (draft_order,fantasy_game_seq,player_id,preferred_team,team_name,seq) values (?,?,?,?,?,default)
    Hibernate: insert into ft_participants (draft_order,fantasy_game_seq,player_id,preferred_team,team_name,seq) values (?,?,?,?,?,default)
    Hibernate: insert into ft_participants (draft_order,fantasy_game_seq,player_id,preferred_team,team_name,seq) values (?,?,?,?,?,default)
    Hibernate: insert into ft_participants (draft_order,fantasy_game_seq,player_id,preferred_team,team_name,seq) values (?,?,?,?,?,default)
    Hibernate: insert into ft_participants (draft_order,fantasy_game_seq,player_id,preferred_team,team_name,seq) values (?,?,?,?,?,default)
    Hibernate: insert into ft_participants (draft_order,fantasy_game_seq,player_id,preferred_team,team_name,seq) values (?,?,?,?,?,default)
    Hibernate: insert into ft_participants (draft_order,fantasy_game_seq,player_id,preferred_team,team_name,seq) values (?,?,?,?,?,default)
    Hibernate: insert into ft_participants (draft_order,fantasy_game_seq,player_id,preferred_team,team_name,seq) values (?,?,?,?,?,default)
    Hibernate: insert into ft_participants (draft_order,fantasy_game_seq,player_id,preferred_team,team_name,seq) values (?,?,?,?,?,default)
    Hibernate: insert into ft_participants (draft_order,fantasy_game_seq,player_id,preferred_team,team_name,seq) values (?,?,?,?,?,default)
    Hibernate: insert into ft_participants (draft_order,fantasy_game_seq,player_id,preferred_team,team_name,seq) values (?,?,?,?,?,default)
    Hibernate: insert into ft_participants (draft_order,fantasy_game_seq,player_id,preferred_team,team_name,seq) values (?,?,?,?,?,default)
    Hibernate: insert into ft_participants (draft_order,fantasy_game_seq,player_id,preferred_team,team_name,seq) values (?,?,?,?,?,default)
    Hibernate: insert into ft_participants (draft_order,fantasy_game_seq,player_id,preferred_team,team_name,seq) values (?,?,?,?,?,default)
    Hibernate: insert into ft_participants (draft_order,fantasy_game_seq,player_id,preferred_team,team_name,seq) values (?,?,?,?,?,default)
    Hibernate: insert into ft_participants (draft_order,fantasy_game_seq,player_id,preferred_team,team_name,seq) values (?,?,?,?,?,default)
    Hibernate: insert into ft_participants (draft_order,fantasy_game_seq,player_id,preferred_team,team_name,seq) values (?,?,?,?,?,default)
    Hibernate: insert into ft_participants (draft_order,fantasy_game_seq,player_id,preferred_team,team_name,seq) values (?,?,?,?,?,default)
    Hibernate: insert into ft_participants (draft_order,fantasy_game_seq,player_id,preferred_team,team_name,seq) values (?,?,?,?,?,default)
    Hibernate: insert into ft_participants (draft_order,fantasy_game_seq,player_id,preferred_team,team_name,seq) values (?,?,?,?,?,default)
    Hibernate: insert into ft_participants (draft_order,fantasy_game_seq,player_id,preferred_team,team_name,seq) values (?,?,?,?,?,default)
    Hibernate: insert into ft_participants (draft_order,fantasy_game_seq,player_id,preferred_team,team_name,seq) values (?,?,?,?,?,default)
    Hibernate: insert into ft_participants (draft_order,fantasy_game_seq,player_id,preferred_team,team_name,seq) values (?,?,?,?,?,default)
    Hibernate: insert into ft_participants (draft_order,fantasy_game_seq,player_id,preferred_team,team_name,seq) values (?,?,?,?,?,default)
    Hibernate: insert into ft_participants (draft_order,fantasy_game_seq,player_id,preferred_team,team_name,seq) values (?,?,?,?,?,default)
    Hibernate: insert into ft_participants (draft_order,fantasy_game_seq,player_id,preferred_team,team_name,seq) values (?,?,?,?,?,default)
    Hibernate: insert into ft_participants (draft_order,fantasy_game_seq,player_id,preferred_team,team_name,seq) values (?,?,?,?,?,default)
    Hibernate: insert into ft_participants (draft_order,fantasy_game_seq,player_id,preferred_team,team_name,seq) values (?,?,?,?,?,default)
    Hibernate: insert into ft_participants (draft_order,fantasy_game_seq,player_id,preferred_team,team_name,seq) values (?,?,?,?,?,default)
    Hibernate: insert into ft_participants (draft_order,fantasy_game_seq,player_id,preferred_team,team_name,seq) values (?,?,?,?,?,default)
    Hibernate: insert into ft_participants (draft_order,fantasy_game_seq,player_id,preferred_team,team_name,seq) values (?,?,?,?,?,default)
    Hibernate: insert into ft_participants (draft_order,fantasy_game_seq,player_id,preferred_team,team_name,seq) values (?,?,?,?,?,default)
    Hibernate: insert into ft_participants (draft_order,fantasy_game_seq,player_id,preferred_team,team_name,seq) values (?,?,?,?,?,default)
    Hibernate: insert into ft_participants (draft_order,fantasy_game_seq,player_id,preferred_team,team_name,seq) values (?,?,?,?,?,default)
    Hibernate: insert into ft_participants (draft_order,fantasy_game_seq,player_id,preferred_team,team_name,seq) values (?,?,?,?,?,default)
    Hibernate: insert into ft_participants (draft_order,fantasy_game_seq,player_id,preferred_team,team_name,seq) values (?,?,?,?,?,default)
    Hibernate: insert into ft_participants (draft_order,fantasy_game_seq,player_id,preferred_team,team_name,seq) values (?,?,?,?,?,default)
    Hibernate: insert into ft_participants (draft_order,fantasy_game_seq,player_id,preferred_team,team_name,seq) values (?,?,?,?,?,default)
    Hibernate: insert into ft_participants (draft_order,fantasy_game_seq,player_id,preferred_team,team_name,seq) values (?,?,?,?,?,default)
    Hibernate: insert into ft_participants (draft_order,fantasy_game_seq,player_id,preferred_team,team_name,seq) values (?,?,?,?,?,default)
    Hibernate: insert into ft_participants (draft_order,fantasy_game_seq,player_id,preferred_team,team_name,seq) values (?,?,?,?,?,default)
    Hibernate: insert into ft_participants (draft_order,fantasy_game_seq,player_id,preferred_team,team_name,seq) values (?,?,?,?,?,default)
    Hibernate: insert into ft_participants (draft_order,fantasy_game_seq,player_id,preferred_team,team_name,seq) values (?,?,?,?,?,default)
    Hibernate: insert into ft_participants (draft_order,fantasy_game_seq,player_id,preferred_team,team_name,seq) values (?,?,?,?,?,default)
    Hibernate: insert into ft_participants (draft_order,fantasy_game_seq,player_id,preferred_team,team_name,seq) values (?,?,?,?,?,default)
    Hibernate: insert into ft_participants (draft_order,fantasy_game_seq,player_id,preferred_team,team_name,seq) values (?,?,?,?,?,default)
    Hibernate: insert into ft_participants (draft_order,fantasy_game_seq,player_id,preferred_team,team_name,seq) values (?,?,?,?,?,default)
    Hibernate: insert into ft_participants (draft_order,fantasy_game_seq,player_id,preferred_team,team_name,seq) values (?,?,?,?,?,default)
    Hibernate: insert into ft_participants (draft_order,fantasy_game_seq,player_id,preferred_team,team_name,seq) values (?,?,?,?,?,default)
    Hibernate: insert into ft_participants (draft_order,fantasy_game_seq,player_id,preferred_team,team_name,seq) values (?,?,?,?,?,default)
    Hibernate: insert into ft_participants (draft_order,fantasy_game_seq,player_id,preferred_team,team_name,seq) values (?,?,?,?,?,default)
    Hibernate: insert into ft_participants (draft_order,fantasy_game_seq,player_id,preferred_team,team_name,seq) values (?,?,?,?,?,default)
    Hibernate: insert into ft_participants (draft_order,fantasy_game_seq,player_id,preferred_team,team_name,seq) values (?,?,?,?,?,default)
    Hibernate: insert into ft_participants (draft_order,fantasy_game_seq,player_id,preferred_team,team_name,seq) values (?,?,?,?,?,default)
    Hibernate: insert into ft_participants (draft_order,fantasy_game_seq,player_id,preferred_team,team_name,seq) values (?,?,?,?,?,default)
    Hibernate: insert into ft_participants (draft_order,fantasy_game_seq,player_id,preferred_team,team_name,seq) values (?,?,?,?,?,default)
    Hibernate: insert into ft_participants (draft_order,fantasy_game_seq,player_id,preferred_team,team_name,seq) values (?,?,?,?,?,default)
    Hibernate: insert into ft_participants (draft_order,fantasy_game_seq,player_id,preferred_team,team_name,seq) values (?,?,?,?,?,default)
    Hibernate: insert into ft_participants (draft_order,fantasy_game_seq,player_id,preferred_team,team_name,seq) values (?,?,?,?,?,default)
    Hibernate: insert into ft_participants (draft_order,fantasy_game_seq,player_id,preferred_team,team_name,seq) values (?,?,?,?,?,default)
    Hibernate: insert into ft_participants (draft_order,fantasy_game_seq,player_id,preferred_team,team_name,seq) values (?,?,?,?,?,default)
    Hibernate: insert into ft_participants (draft_order,fantasy_game_seq,player_id,preferred_team,team_name,seq) values (?,?,?,?,?,default)
    Hibernate: insert into ft_participants (draft_order,fantasy_game_seq,player_id,preferred_team,team_name,seq) values (?,?,?,?,?,default)
    Hibernate: insert into ft_participants (draft_order,fantasy_game_seq,player_id,preferred_team,team_name,seq) values (?,?,?,?,?,default)
    Hibernate: insert into ft_participants (draft_order,fantasy_game_seq,player_id,preferred_team,team_name,seq) values (?,?,?,?,?,default)
    Hibernate: insert into ft_participants (draft_order,fantasy_game_seq,player_id,preferred_team,team_name,seq) values (?,?,?,?,?,default)
    Hibernate: insert into ft_participants (draft_order,fantasy_game_seq,player_id,preferred_team,team_name,seq) values (?,?,?,?,?,default)
    Hibernate: insert into ft_participants (draft_order,fantasy_game_seq,player_id,preferred_team,team_name,seq) values (?,?,?,?,?,default)
    Hibernate: insert into ft_participants (draft_order,fantasy_game_seq,player_id,preferred_team,team_name,seq) values (?,?,?,?,?,default)
    Hibernate: insert into ft_participants (draft_order,fantasy_game_seq,player_id,preferred_team,team_name,seq) values (?,?,?,?,?,default)
    Hibernate: insert into ft_participants (draft_order,fantasy_game_seq,player_id,preferred_team,team_name,seq) values (?,?,?,?,?,default)
    Hibernate: insert into ft_participants (draft_order,fantasy_game_seq,player_id,preferred_team,team_name,seq) values (?,?,?,?,?,default)
    Hibernate: insert into ft_participants (draft_order,fantasy_game_seq,player_id,preferred_team,team_name,seq) values (?,?,?,?,?,default)
    Hibernate: insert into ft_participants (draft_order,fantasy_game_seq,player_id,preferred_team,team_name,seq) values (?,?,?,?,?,default)
    Hibernate: insert into ft_participants (draft_order,fantasy_game_seq,player_id,preferred_team,team_name,seq) values (?,?,?,?,?,default)
    Hibernate: insert into ft_participants (draft_order,fantasy_game_seq,player_id,preferred_team,team_name,seq) values (?,?,?,?,?,default)
    Hibernate: insert into ft_participants (draft_order,fantasy_game_seq,player_id,preferred_team,team_name,seq) values (?,?,?,?,?,default)
    Hibernate: insert into ft_participants (draft_order,fantasy_game_seq,player_id,preferred_team,team_name,seq) values (?,?,?,?,?,default)
    Hibernate: insert into ft_participants (draft_order,fantasy_game_seq,player_id,preferred_team,team_name,seq) values (?,?,?,?,?,default)
    Hibernate: insert into ft_participants (draft_order,fantasy_game_seq,player_id,preferred_team,team_name,seq) values (?,?,?,?,?,default)
    Hibernate: insert into ft_participants (draft_order,fantasy_game_seq,player_id,preferred_team,team_name,seq) values (?,?,?,?,?,default)
    Hibernate: insert into ft_participants (draft_order,fantasy_game_seq,player_id,preferred_team,team_name,seq) values (?,?,?,?,?,default)
    Hibernate: insert into ft_participants (draft_order,fantasy_game_seq,player_id,preferred_team,team_name,seq) values (?,?,?,?,?,default)
    Hibernate: insert into ft_participants (draft_order,fantasy_game_seq,player_id,preferred_team,team_name,seq) values (?,?,?,?,?,default)
    Hibernate: insert into ft_participants (draft_order,fantasy_game_seq,player_id,preferred_team,team_name,seq) values (?,?,?,?,?,default)
    Hibernate: insert into ft_participants (draft_order,fantasy_game_seq,player_id,preferred_team,team_name,seq) values (?,?,?,?,?,default)
    Hibernate: insert into ft_participants (draft_order,fantasy_game_seq,player_id,preferred_team,team_name,seq) values (?,?,?,?,?,default)
    Hibernate: insert into ft_participants (draft_order,fantasy_game_seq,player_id,preferred_team,team_name,seq) values (?,?,?,?,?,default)
    Hibernate: insert into ft_participants (draft_order,fantasy_game_seq,player_id,preferred_team,team_name,seq) values (?,?,?,?,?,default)
    Hibernate: insert into ft_participants (draft_order,fantasy_game_seq,player_id,preferred_team,team_name,seq) values (?,?,?,?,?,default)
    Hibernate: insert into ft_participants (draft_order,fantasy_game_seq,player_id,preferred_team,team_name,seq) values (?,?,?,?,?,default)
    Hibernate: insert into ft_participants (draft_order,fantasy_game_seq,player_id,preferred_team,team_name,seq) values (?,?,?,?,?,default)
    Hibernate: insert into ft_participants (draft_order,fantasy_game_seq,player_id,preferred_team,team_name,seq) values (?,?,?,?,?,default)
    Hibernate: insert into ft_participants (draft_order,fantasy_game_seq,player_id,preferred_team,team_name,seq) values (?,?,?,?,?,default)
    Hibernate: insert into ft_participants (draft_order,fantasy_game_seq,player_id,preferred_team,team_name,seq) values (?,?,?,?,?,default)
    Hibernate: insert into ft_participants (draft_order,fantasy_game_seq,player_id,preferred_team,team_name,seq) values (?,?,?,?,?,default)
    Hibernate: insert into ft_participants (draft_order,fantasy_game_seq,player_id,preferred_team,team_name,seq) values (?,?,?,?,?,default)
    Hibernate: insert into ft_participants (draft_order,fantasy_game_seq,player_id,preferred_team,team_name,seq) values (?,?,?,?,?,default)
    Hibernate: insert into ft_participants (draft_order,fantasy_game_seq,player_id,preferred_team,team_name,seq) values (?,?,?,?,?,default)
    Hibernate: insert into ft_participants (draft_order,fantasy_game_seq,player_id,preferred_team,team_name,seq) values (?,?,?,?,?,default)
    Hibernate: insert into ft_participants (draft_order,fantasy_game_seq,player_id,preferred_team,team_name,seq) values (?,?,?,?,?,default)
    Hibernate: insert into ft_participants (draft_order,fantasy_game_seq,player_id,preferred_team,team_name,seq) values (?,?,?,?,?,default)
    Hibernate: insert into ft_participants (draft_order,fantasy_game_seq,player_id,preferred_team,team_name,seq) values (?,?,?,?,?,default)
    Hibernate: insert into ft_participants (draft_order,fantasy_game_seq,player_id,preferred_team,team_name,seq) values (?,?,?,?,?,default)
    Hibernate: insert into ft_participants (draft_order,fantasy_game_seq,player_id,preferred_team,team_name,seq) values (?,?,?,?,?,default)
    Hibernate: insert into ft_participants (draft_order,fantasy_game_seq,player_id,preferred_team,team_name,seq) values (?,?,?,?,?,default)
    Hibernate: insert into ft_participants (draft_order,fantasy_game_seq,player_id,preferred_team,team_name,seq) values (?,?,?,?,?,default)
    Hibernate: insert into ft_participants (draft_order,fantasy_game_seq,player_id,preferred_team,team_name,seq) values (?,?,?,?,?,default)
    Hibernate: insert into ft_participants (draft_order,fantasy_game_seq,player_id,preferred_team,team_name,seq) values (?,?,?,?,?,default)
    Hibernate: insert into ft_participants (draft_order,fantasy_game_seq,player_id,preferred_team,team_name,seq) values (?,?,?,?,?,default)
    Hibernate: insert into ft_participants (draft_order,fantasy_game_seq,player_id,preferred_team,team_name,seq) values (?,?,?,?,?,default)
    Hibernate: insert into ft_participants (draft_order,fantasy_game_seq,player_id,preferred_team,team_name,seq) values (?,?,?,?,?,default)
    Hibernate: insert into ft_participants (draft_order,fantasy_game_seq,player_id,preferred_team,team_name,seq) values (?,?,?,?,?,default)
    Hibernate: insert into ft_participants (draft_order,fantasy_game_seq,player_id,preferred_team,team_name,seq) values (?,?,?,?,?,default)
    Hibernate: insert into ft_participants (draft_order,fantasy_game_seq,player_id,preferred_team,team_name,seq) values (?,?,?,?,?,default)
    Hibernate: insert into ft_participants (draft_order,fantasy_game_seq,player_id,preferred_team,team_name,seq) values (?,?,?,?,?,default)
    Hibernate: insert into ft_participants (draft_order,fantasy_game_seq,player_id,preferred_team,team_name,seq) values (?,?,?,?,?,default)
    Hibernate: insert into ft_participants (draft_order,fantasy_game_seq,player_id,preferred_team,team_name,seq) values (?,?,?,?,?,default)
    Hibernate: insert into ft_participants (draft_order,fantasy_game_seq,player_id,preferred_team,team_name,seq) values (?,?,?,?,?,default)
    Hibernate: insert into ft_participants (draft_order,fantasy_game_seq,player_id,preferred_team,team_name,seq) values (?,?,?,?,?,default)
    Hibernate: insert into ft_participants (draft_order,fantasy_game_seq,player_id,preferred_team,team_name,seq) values (?,?,?,?,?,default)
    Hibernate: insert into ft_participants (draft_order,fantasy_game_seq,player_id,preferred_team,team_name,seq) values (?,?,?,?,?,default)
    Hibernate: insert into ft_participants (draft_order,fantasy_game_seq,player_id,preferred_team,team_name,seq) values (?,?,?,?,?,default)
    Hibernate: insert into ft_participants (draft_order,fantasy_game_seq,player_id,preferred_team,team_name,seq) values (?,?,?,?,?,default)
    Hibernate: insert into ft_participants (draft_order,fantasy_game_seq,player_id,preferred_team,team_name,seq) values (?,?,?,?,?,default)
    Hibernate: insert into ft_participants (draft_order,fantasy_game_seq,player_id,preferred_team,team_name,seq) values (?,?,?,?,?,default)
    Hibernate: insert into ft_participants (draft_order,fantasy_game_seq,player_id,preferred_team,team_name,seq) values (?,?,?,?,?,default)
    Hibernate: insert into ft_participants (draft_order,fantasy_game_seq,player_id,preferred_team,team_name,seq) values (?,?,?,?,?,default)
    Hibernate: insert into ft_participants (draft_order,fantasy_game_seq,player_id,preferred_team,team_name,seq) values (?,?,?,?,?,default)
    Hibernate: insert into ft_participants (draft_order,fantasy_game_seq,player_id,preferred_team,team_name,seq) values (?,?,?,?,?,default)
    Hibernate: insert into ft_participants (draft_order,fantasy_game_seq,player_id,preferred_team,team_name,seq) values (?,?,?,?,?,default)
    Hibernate: insert into ft_participants (draft_order,fantasy_game_seq,player_id,preferred_team,team_name,seq) values (?,?,?,?,?,default)
    Hibernate: insert into ft_participants (draft_order,fantasy_game_seq,player_id,preferred_team,team_name,seq) values (?,?,?,?,?,default)
    Hibernate: insert into ft_participants (draft_order,fantasy_game_seq,player_id,preferred_team,team_name,seq) values (?,?,?,?,?,default)
    Hibernate: insert into ft_participants (draft_order,fantasy_game_seq,player_id,preferred_team,team_name,seq) values (?,?,?,?,?,default)
    Hibernate: insert into ft_participants (draft_order,fantasy_game_seq,player_id,preferred_team,team_name,seq) values (?,?,?,?,?,default)
    Hibernate: insert into ft_participants (draft_order,fantasy_game_seq,player_id,preferred_team,team_name,seq) values (?,?,?,?,?,default)
    Hibernate: insert into ft_participants (draft_order,fantasy_game_seq,player_id,preferred_team,team_name,seq) values (?,?,?,?,?,default)
    Hibernate: insert into ft_participants (draft_order,fantasy_game_seq,player_id,preferred_team,team_name,seq) values (?,?,?,?,?,default)
    Hibernate: insert into ft_participants (draft_order,fantasy_game_seq,player_id,preferred_team,team_name,seq) values (?,?,?,?,?,default)
    Hibernate: insert into ft_participants (draft_order,fantasy_game_seq,player_id,preferred_team,team_name,seq) values (?,?,?,?,?,default)
    Hibernate: insert into ft_participants (draft_order,fantasy_game_seq,player_id,preferred_team,team_name,seq) values (?,?,?,?,?,default)
    Hibernate: insert into ft_participants (draft_order,fantasy_game_seq,player_id,preferred_team,team_name,seq) values (?,?,?,?,?,default)
    Hibernate: insert into ft_participants (draft_order,fantasy_game_seq,player_id,preferred_team,team_name,seq) values (?,?,?,?,?,default)
    Hibernate: insert into ft_participants (draft_order,fantasy_game_seq,player_id,preferred_team,team_name,seq) values (?,?,?,?,?,default)
    Hibernate: insert into ft_participants (draft_order,fantasy_game_seq,player_id,preferred_team,team_name,seq) values (?,?,?,?,?,default)
    Hibernate: insert into ft_participants (draft_order,fantasy_game_seq,player_id,preferred_team,team_name,seq) values (?,?,?,?,?,default)
    Hibernate: insert into ft_participants (draft_order,fantasy_game_seq,player_id,preferred_team,team_name,seq) values (?,?,?,?,?,default)
    Hibernate: insert into ft_participants (draft_order,fantasy_game_seq,player_id,preferred_team,team_name,seq) values (?,?,?,?,?,default)
    Hibernate: insert into ft_participants (draft_order,fantasy_game_seq,player_id,preferred_team,team_name,seq) values (?,?,?,?,?,default)
    Hibernate: insert into ft_participants (draft_order,fantasy_game_seq,player_id,preferred_team,team_name,seq) values (?,?,?,?,?,default)
    Hibernate: insert into ft_participants (draft_order,fantasy_game_seq,player_id,preferred_team,team_name,seq) values (?,?,?,?,?,default)
    Hibernate: insert into ft_participants (draft_order,fantasy_game_seq,player_id,preferred_team,team_name,seq) values (?,?,?,?,?,default)
    Hibernate: insert into ft_participants (draft_order,fantasy_game_seq,player_id,preferred_team,team_name,seq) values (?,?,?,?,?,default)
    Hibernate: insert into ft_participants (draft_order,fantasy_game_seq,player_id,preferred_team,team_name,seq) values (?,?,?,?,?,default)
    Hibernate: insert into ft_participants (draft_order,fantasy_game_seq,player_id,preferred_team,team_name,seq) values (?,?,?,?,?,default)
    Hibernate: insert into ft_participants (draft_order,fantasy_game_seq,player_id,preferred_team,team_name,seq) values (?,?,?,?,?,default)
    Hibernate: insert into ft_participants (draft_order,fantasy_game_seq,player_id,preferred_team,team_name,seq) values (?,?,?,?,?,default)
    Hibernate: insert into ft_participants (draft_order,fantasy_game_seq,player_id,preferred_team,team_name,seq) values (?,?,?,?,?,default)
    Hibernate: insert into ft_participants (draft_order,fantasy_game_seq,player_id,preferred_team,team_name,seq) values (?,?,?,?,?,default)
    Hibernate: insert into ft_participants (draft_order,fantasy_game_seq,player_id,preferred_team,team_name,seq) values (?,?,?,?,?,default)
    Hibernate: insert into ft_participants (draft_order,fantasy_game_seq,player_id,preferred_team,team_name,seq) values (?,?,?,?,?,default)
    Hibernate: insert into ft_participants (draft_order,fantasy_game_seq,player_id,preferred_team,team_name,seq) values (?,?,?,?,?,default)
    Hibernate: insert into ft_participants (draft_order,fantasy_game_seq,player_id,preferred_team,team_name,seq) values (?,?,?,?,?,default)
    Hibernate: insert into ft_participants (draft_order,fantasy_game_seq,player_id,preferred_team,team_name,seq) values (?,?,?,?,?,default)
    Hibernate: insert into ft_participants (draft_order,fantasy_game_seq,player_id,preferred_team,team_name,seq) values (?,?,?,?,?,default)
    Hibernate: insert into ft_participants (draft_order,fantasy_game_seq,player_id,preferred_team,team_name,seq) values (?,?,?,?,?,default)
    Hibernate: insert into ft_participants (draft_order,fantasy_game_seq,player_id,preferred_team,team_name,seq) values (?,?,?,?,?,default)
    Hibernate: insert into ft_participants (draft_order,fantasy_game_seq,player_id,preferred_team,team_name,seq) values (?,?,?,?,?,default)
    Hibernate: insert into ft_participants (draft_order,fantasy_game_seq,player_id,preferred_team,team_name,seq) values (?,?,?,?,?,default)
    Hibernate: insert into ft_participants (draft_order,fantasy_game_seq,player_id,preferred_team,team_name,seq) values (?,?,?,?,?,default)
    Hibernate: insert into ft_participants (draft_order,fantasy_game_seq,player_id,preferred_team,team_name,seq) values (?,?,?,?,?,default)
    Hibernate: insert into ft_participants (draft_order,fantasy_game_seq,player_id,preferred_team,team_name,seq) values (?,?,?,?,?,default)
    Hibernate: insert into ft_participants (draft_order,fantasy_game_seq,player_id,preferred_team,team_name,seq) values (?,?,?,?,?,default)
    Hibernate: insert into ft_participants (draft_order,fantasy_game_seq,player_id,preferred_team,team_name,seq) values (?,?,?,?,?,default)
    Hibernate: insert into ft_participants (draft_order,fantasy_game_seq,player_id,preferred_team,team_name,seq) values (?,?,?,?,?,default)
    Hibernate: insert into ft_participants (draft_order,fantasy_game_seq,player_id,preferred_team,team_name,seq) values (?,?,?,?,?,default)
    Hibernate: insert into ft_participants (draft_order,fantasy_game_seq,player_id,preferred_team,team_name,seq) values (?,?,?,?,?,default)
    Hibernate: insert into ft_participants (draft_order,fantasy_game_seq,player_id,preferred_team,team_name,seq) values (?,?,?,?,?,default)
    Hibernate: insert into ft_participants (draft_order,fantasy_game_seq,player_id,preferred_team,team_name,seq) values (?,?,?,?,?,default)
    Hibernate: insert into ft_participants (draft_order,fantasy_game_seq,player_id,preferred_team,team_name,seq) values (?,?,?,?,?,default)
    Hibernate: insert into ft_participants (draft_order,fantasy_game_seq,player_id,preferred_team,team_name,seq) values (?,?,?,?,?,default)
    Hibernate: insert into ft_participants (draft_order,fantasy_game_seq,player_id,preferred_team,team_name,seq) values (?,?,?,?,?,default)
    Hibernate: insert into ft_participants (draft_order,fantasy_game_seq,player_id,preferred_team,team_name,seq) values (?,?,?,?,?,default)
    Hibernate: insert into ft_participants (draft_order,fantasy_game_seq,player_id,preferred_team,team_name,seq) values (?,?,?,?,?,default)
    Hibernate: insert into ft_participants (draft_order,fantasy_game_seq,player_id,preferred_team,team_name,seq) values (?,?,?,?,?,default)
    Hibernate: insert into ft_participants (draft_order,fantasy_game_seq,player_id,preferred_team,team_name,seq) values (?,?,?,?,?,default)
    Hibernate: insert into ft_participants (draft_order,fantasy_game_seq,player_id,preferred_team,team_name,seq) values (?,?,?,?,?,default)
    Hibernate: insert into ft_participants (draft_order,fantasy_game_seq,player_id,preferred_team,team_name,seq) values (?,?,?,?,?,default)
    Hibernate: insert into ft_participants (draft_order,fantasy_game_seq,player_id,preferred_team,team_name,seq) values (?,?,?,?,?,default)
    Hibernate: insert into ft_participants (draft_order,fantasy_game_seq,player_id,preferred_team,team_name,seq) values (?,?,?,?,?,default)
    Hibernate: insert into ft_participants (draft_order,fantasy_game_seq,player_id,preferred_team,team_name,seq) values (?,?,?,?,?,default)
    Hibernate: insert into ft_participants (draft_order,fantasy_game_seq,player_id,preferred_team,team_name,seq) values (?,?,?,?,?,default)
    Hibernate: insert into ft_participants (draft_order,fantasy_game_seq,player_id,preferred_team,team_name,seq) values (?,?,?,?,?,default)
    Hibernate: insert into ft_participants (draft_order,fantasy_game_seq,player_id,preferred_team,team_name,seq) values (?,?,?,?,?,default)
    Hibernate: insert into ft_participants (draft_order,fantasy_game_seq,player_id,preferred_team,team_name,seq) values (?,?,?,?,?,default)
    Hibernate: insert into ft_participants (draft_order,fantasy_game_seq,player_id,preferred_team,team_name,seq) values (?,?,?,?,?,default)
    Hibernate: insert into ft_participants (draft_order,fantasy_game_seq,player_id,preferred_team,team_name,seq) values (?,?,?,?,?,default)
    Hibernate: insert into ft_participants (draft_order,fantasy_game_seq,player_id,preferred_team,team_name,seq) values (?,?,?,?,?,default)
    Hibernate: insert into ft_participants (draft_order,fantasy_game_seq,player_id,preferred_team,team_name,seq) values (?,?,?,?,?,default)
    Hibernate: insert into ft_participants (draft_order,fantasy_game_seq,player_id,preferred_team,team_name,seq) values (?,?,?,?,?,default)
    Hibernate: insert into ft_participants (draft_order,fantasy_game_seq,player_id,preferred_team,team_name,seq) values (?,?,?,?,?,default)
    Hibernate: insert into ft_participants (draft_order,fantasy_game_seq,player_id,preferred_team,team_name,seq) values (?,?,?,?,?,default)
    Hibernate: insert into ft_participants (draft_order,fantasy_game_seq,player_id,preferred_team,team_name,seq) values (?,?,?,?,?,default)
    Hibernate: insert into ft_participants (draft_order,fantasy_game_seq,player_id,preferred_team,team_name,seq) values (?,?,?,?,?,default)
    Hibernate: insert into ft_participants (draft_order,fantasy_game_seq,player_id,preferred_team,team_name,seq) values (?,?,?,?,?,default)
    Hibernate: insert into ft_participants (draft_order,fantasy_game_seq,player_id,preferred_team,team_name,seq) values (?,?,?,?,?,default)
    Hibernate: insert into ft_participants (draft_order,fantasy_game_seq,player_id,preferred_team,team_name,seq) values (?,?,?,?,?,default)
    Hibernate: insert into ft_participants (draft_order,fantasy_game_seq,player_id,preferred_team,team_name,seq) values (?,?,?,?,?,default)
    Hibernate: insert into ft_participants (draft_order,fantasy_game_seq,player_id,preferred_team,team_name,seq) values (?,?,?,?,?,default)
    Hibernate: insert into ft_participants (draft_order,fantasy_game_seq,player_id,preferred_team,team_name,seq) values (?,?,?,?,?,default)
    Hibernate: insert into ft_participants (draft_order,fantasy_game_seq,player_id,preferred_team,team_name,seq) values (?,?,?,?,?,default)
    Hibernate: insert into ft_participants (draft_order,fantasy_game_seq,player_id,preferred_team,team_name,seq) values (?,?,?,?,?,default)
    Hibernate: insert into ft_participants (draft_order,fantasy_game_seq,player_id,preferred_team,team_name,seq) values (?,?,?,?,?,default)
    Hibernate: insert into ft_participants (draft_order,fantasy_game_seq,player_id,preferred_team,team_name,seq) values (?,?,?,?,?,default)
    Hibernate: insert into ft_participants (draft_order,fantasy_game_seq,player_id,preferred_team,team_name,seq) values (?,?,?,?,?,default)
    Hibernate: insert into ft_participants (draft_order,fantasy_game_seq,player_id,preferred_team,team_name,seq) values (?,?,?,?,?,default)
    Hibernate: insert into ft_participants (draft_order,fantasy_game_seq,player_id,preferred_team,team_name,seq) values (?,?,?,?,?,default)
    Hibernate: insert into ft_participants (draft_order,fantasy_game_seq,player_id,preferred_team,team_name,seq) values (?,?,?,?,?,default)
    Hibernate: insert into ft_participants (draft_order,fantasy_game_seq,player_id,preferred_team,team_name,seq) values (?,?,?,?,?,default)
    Hibernate: insert into ft_participants (draft_order,fantasy_game_seq,player_id,preferred_team,team_name,seq) values (?,?,?,?,?,default)
    Hibernate: insert into ft_participants (draft_order,fantasy_game_seq,player_id,preferred_team,team_name,seq) values (?,?,?,?,?,default)
    Hibernate: insert into ft_participants (draft_order,fantasy_game_seq,player_id,preferred_team,team_name,seq) values (?,?,?,?,?,default)
    Hibernate: insert into ft_participants (draft_order,fantasy_game_seq,player_id,preferred_team,team_name,seq) values (?,?,?,?,?,default)
    Hibernate: insert into ft_participants (draft_order,fantasy_game_seq,player_id,preferred_team,team_name,seq) values (?,?,?,?,?,default)
    Hibernate: insert into ft_participants (draft_order,fantasy_game_seq,player_id,preferred_team,team_name,seq) values (?,?,?,?,?,default)
    Hibernate: insert into ft_participants (draft_order,fantasy_game_seq,player_id,preferred_team,team_name,seq) values (?,?,?,?,?,default)
    Hibernate: insert into ft_participants (draft_order,fantasy_game_seq,player_id,preferred_team,team_name,seq) values (?,?,?,?,?,default)
    Hibernate: insert into ft_participants (draft_order,fantasy_game_seq,player_id,preferred_team,team_name,seq) values (?,?,?,?,?,default)
    Hibernate: insert into ft_participants (draft_order,fantasy_game_seq,player_id,preferred_team,team_name,seq) values (?,?,?,?,?,default)
    Hibernate: insert into ft_participants (draft_order,fantasy_game_seq,player_id,preferred_team,team_name,seq) values (?,?,?,?,?,default)
    Hibernate: insert into ft_participants (draft_order,fantasy_game_seq,player_id,preferred_team,team_name,seq) values (?,?,?,?,?,default)
    Hibernate: insert into ft_participants (draft_order,fantasy_game_seq,player_id,preferred_team,team_name,seq) values (?,?,?,?,?,default)
    Hibernate: insert into ft_participants (draft_order,fantasy_game_seq,player_id,preferred_team,team_name,seq) values (?,?,?,?,?,default)
    Hibernate: insert into ft_participants (draft_order,fantasy_game_seq,player_id,preferred_team,team_name,seq) values (?,?,?,?,?,default)
    Hibernate: insert into ft_participants (draft_order,fantasy_game_seq,player_id,preferred_team,team_name,seq) values (?,?,?,?,?,default)
    Hibernate: insert into ft_participants (draft_order,fantasy_game_seq,player_id,preferred_team,team_name,seq) values (?,?,?,?,?,default)
    Hibernate: insert into ft_participants (draft_order,fantasy_game_seq,player_id,preferred_team,team_name,seq) values (?,?,?,?,?,default)
    Hibernate: insert into ft_participants (draft_order,fantasy_game_seq,player_id,preferred_team,team_name,seq) values (?,?,?,?,?,default)
    Hibernate: insert into ft_participants (draft_order,fantasy_game_seq,player_id,preferred_team,team_name,seq) values (?,?,?,?,?,default)
    Hibernate: insert into ft_participants (draft_order,fantasy_game_seq,player_id,preferred_team,team_name,seq) values (?,?,?,?,?,default)
    Hibernate: insert into ft_participants (draft_order,fantasy_game_seq,player_id,preferred_team,team_name,seq) values (?,?,?,?,?,default)
    Hibernate: insert into ft_participants (draft_order,fantasy_game_seq,player_id,preferred_team,team_name,seq) values (?,?,?,?,?,default)
    Hibernate: insert into ft_participants (draft_order,fantasy_game_seq,player_id,preferred_team,team_name,seq) values (?,?,?,?,?,default)
    Hibernate: insert into ft_participants (draft_order,fantasy_game_seq,player_id,preferred_team,team_name,seq) values (?,?,?,?,?,default)
    Hibernate: insert into ft_participants (draft_order,fantasy_game_seq,player_id,preferred_team,team_name,seq) values (?,?,?,?,?,default)
    Hibernate: insert into ft_participants (draft_order,fantasy_game_seq,player_id,preferred_team,team_name,seq) values (?,?,?,?,?,default)
    Hibernate: insert into ft_participants (draft_order,fantasy_game_seq,player_id,preferred_team,team_name,seq) values (?,?,?,?,?,default)
    Hibernate: insert into ft_participants (draft_order,fantasy_game_seq,player_id,preferred_team,team_name,seq) values (?,?,?,?,?,default)
    Hibernate: insert into ft_participants (draft_order,fantasy_game_seq,player_id,preferred_team,team_name,seq) values (?,?,?,?,?,default)
    Hibernate: insert into ft_participants (draft_order,fantasy_game_seq,player_id,preferred_team,team_name,seq) values (?,?,?,?,?,default)
    Hibernate: insert into ft_participants (draft_order,fantasy_game_seq,player_id,preferred_team,team_name,seq) values (?,?,?,?,?,default)
    Hibernate: insert into ft_participants (draft_order,fantasy_game_seq,player_id,preferred_team,team_name,seq) values (?,?,?,?,?,default)
    Hibernate: insert into ft_participants (draft_order,fantasy_game_seq,player_id,preferred_team,team_name,seq) values (?,?,?,?,?,default)
    Hibernate: insert into ft_participants (draft_order,fantasy_game_seq,player_id,preferred_team,team_name,seq) values (?,?,?,?,?,default)
    Hibernate: insert into ft_participants (draft_order,fantasy_game_seq,player_id,preferred_team,team_name,seq) values (?,?,?,?,?,default)
    Hibernate: insert into ft_participants (draft_order,fantasy_game_seq,player_id,preferred_team,team_name,seq) values (?,?,?,?,?,default)
    Hibernate: insert into ft_participants (draft_order,fantasy_game_seq,player_id,preferred_team,team_name,seq) values (?,?,?,?,?,default)
    Hibernate: insert into ft_participants (draft_order,fantasy_game_seq,player_id,preferred_team,team_name,seq) values (?,?,?,?,?,default)
    Hibernate: insert into ft_participants (draft_order,fantasy_game_seq,player_id,preferred_team,team_name,seq) values (?,?,?,?,?,default)
    Hibernate: insert into ft_participants (draft_order,fantasy_game_seq,player_id,preferred_team,team_name,seq) values (?,?,?,?,?,default)
    Hibernate: insert into ft_participants (draft_order,fantasy_game_seq,player_id,preferred_team,team_name,seq) values (?,?,?,?,?,default)
    Hibernate: insert into ft_participants (draft_order,fantasy_game_seq,player_id,preferred_team,team_name,seq) values (?,?,?,?,?,default)
    Hibernate: insert into ft_participants (draft_order,fantasy_game_seq,player_id,preferred_team,team_name,seq) values (?,?,?,?,?,default)
    Hibernate: insert into ft_participants (draft_order,fantasy_game_seq,player_id,preferred_team,team_name,seq) values (?,?,?,?,?,default)
    Hibernate: insert into ft_participants (draft_order,fantasy_game_seq,player_id,preferred_team,team_name,seq) values (?,?,?,?,?,default)
    Hibernate: insert into ft_participants (draft_order,fantasy_game_seq,player_id,preferred_team,team_name,seq) values (?,?,?,?,?,default)
    Hibernate: insert into ft_participants (draft_order,fantasy_game_seq,player_id,preferred_team,team_name,seq) values (?,?,?,?,?,default)
    Hibernate: insert into ft_participants (draft_order,fantasy_game_seq,player_id,preferred_team,team_name,seq) values (?,?,?,?,?,default)
    Hibernate: insert into ft_participants (draft_order,fantasy_game_seq,player_id,preferred_team,team_name,seq) values (?,?,?,?,?,default)
    Hibernate: insert into ft_participants (draft_order,fantasy_game_seq,player_id,preferred_team,team_name,seq) values (?,?,?,?,?,default)
    Hibernate: insert into ft_participants (draft_order,fantasy_game_seq,player_id,preferred_team,team_name,seq) values (?,?,?,?,?,default)
    Hibernate: insert into ft_participants (draft_order,fantasy_game_seq,player_id,preferred_team,team_name,seq) values (?,?,?,?,?,default)
    Hibernate: insert into ft_participants (draft_order,fantasy_game_seq,player_id,preferred_team,team_name,seq) values (?,?,?,?,?,default)
    Hibernate: insert into ft_participants (draft_order,fantasy_game_seq,player_id,preferred_team,team_name,seq) values (?,?,?,?,?,default)
    Hibernate: insert into ft_participants (draft_order,fantasy_game_seq,player_id,preferred_team,team_name,seq) values (?,?,?,?,?,default)
    Hibernate: insert into ft_participants (draft_order,fantasy_game_seq,player_id,preferred_team,team_name,seq) values (?,?,?,?,?,default)
    Hibernate: insert into ft_participants (draft_order,fantasy_game_seq,player_id,preferred_team,team_name,seq) values (?,?,?,?,?,default)
    Hibernate: insert into ft_participants (draft_order,fantasy_game_seq,player_id,preferred_team,team_name,seq) values (?,?,?,?,?,default)
    Hibernate: insert into ft_participants (draft_order,fantasy_game_seq,player_id,preferred_team,team_name,seq) values (?,?,?,?,?,default)
    Hibernate: insert into ft_participants (draft_order,fantasy_game_seq,player_id,preferred_team,team_name,seq) values (?,?,?,?,?,default)
    Hibernate: insert into ft_participants (draft_order,fantasy_game_seq,player_id,preferred_team,team_name,seq) values (?,?,?,?,?,default)
    Hibernate: insert into ft_participants (draft_order,fantasy_game_seq,player_id,preferred_team,team_name,seq) values (?,?,?,?,?,default)
    Hibernate: insert into ft_participants (draft_order,fantasy_game_seq,player_id,preferred_team,team_name,seq) values (?,?,?,?,?,default)
    Hibernate: insert into ft_participants (draft_order,fantasy_game_seq,player_id,preferred_team,team_name,seq) values (?,?,?,?,?,default)
    Hibernate: insert into ft_participants (draft_order,fantasy_game_seq,player_id,preferred_team,team_name,seq) values (?,?,?,?,?,default)
    Hibernate: insert into ft_participants (draft_order,fantasy_game_seq,player_id,preferred_team,team_name,seq) values (?,?,?,?,?,default)
    Hibernate: insert into ft_participants (draft_order,fantasy_game_seq,player_id,preferred_team,team_name,seq) values (?,?,?,?,?,default)
    Hibernate: insert into ft_participants (draft_order,fantasy_game_seq,player_id,preferred_team,team_name,seq) values (?,?,?,?,?,default)
    Hibernate: insert into ft_participants (draft_order,fantasy_game_seq,player_id,preferred_team,team_name,seq) values (?,?,?,?,?,default)
    Hibernate: insert into ft_participants (draft_order,fantasy_game_seq,player_id,preferred_team,team_name,seq) values (?,?,?,?,?,default)
    Hibernate: insert into ft_participants (draft_order,fantasy_game_seq,player_id,preferred_team,team_name,seq) values (?,?,?,?,?,default)
    Hibernate: insert into ft_participants (draft_order,fantasy_game_seq,player_id,preferred_team,team_name,seq) values (?,?,?,?,?,default)
    Hibernate: insert into ft_participants (draft_order,fantasy_game_seq,player_id,preferred_team,team_name,seq) values (?,?,?,?,?,default)
    Hibernate: insert into ft_participants (draft_order,fantasy_game_seq,player_id,preferred_team,team_name,seq) values (?,?,?,?,?,default)
    Hibernate: insert into ft_participants (draft_order,fantasy_game_seq,player_id,preferred_team,team_name,seq) values (?,?,?,?,?,default)
    Hibernate: insert into ft_participants (draft_order,fantasy_game_seq,player_id,preferred_team,team_name,seq) values (?,?,?,?,?,default)
    Hibernate: insert into ft_participants (draft_order,fantasy_game_seq,player_id,preferred_team,team_name,seq) values (?,?,?,?,?,default)
    Hibernate: insert into ft_participants (draft_order,fantasy_game_seq,player_id,preferred_team,team_name,seq) values (?,?,?,?,?,default)
    Hibernate: insert into ft_participants (draft_order,fantasy_game_seq,player_id,preferred_team,team_name,seq) values (?,?,?,?,?,default)
    Hibernate: insert into ft_participants (draft_order,fantasy_game_seq,player_id,preferred_team,team_name,seq) values (?,?,?,?,?,default)
    Hibernate: insert into ft_participants (draft_order,fantasy_game_seq,player_id,preferred_team,team_name,seq) values (?,?,?,?,?,default)
    Hibernate: insert into ft_participants (draft_order,fantasy_game_seq,player_id,preferred_team,team_name,seq) values (?,?,?,?,?,default)
    Hibernate: insert into ft_participants (draft_order,fantasy_game_seq,player_id,preferred_team,team_name,seq) values (?,?,?,?,?,default)
    Hibernate: insert into ft_participants (draft_order,fantasy_game_seq,player_id,preferred_team,team_name,seq) values (?,?,?,?,?,default)
    Hibernate: insert into ft_participants (draft_order,fantasy_game_seq,player_id,preferred_team,team_name,seq) values (?,?,?,?,?,default)
    Hibernate: insert into ft_participants (draft_order,fantasy_game_seq,player_id,preferred_team,team_name,seq) values (?,?,?,?,?,default)
    Hibernate: insert into ft_participants (draft_order,fantasy_game_seq,player_id,preferred_team,team_name,seq) values (?,?,?,?,?,default)
    Hibernate: insert into ft_participants (draft_order,fantasy_game_seq,player_id,preferred_team,team_name,seq) values (?,?,?,?,?,default)
    Hibernate: insert into ft_participants (draft_order,fantasy_game_seq,player_id,preferred_team,team_name,seq) values (?,?,?,?,?,default)
    Hibernate: insert into ft_participants (draft_order,fantasy_game_seq,player_id,preferred_team,team_name,seq) values (?,?,?,?,?,default)
    Hibernate: insert into ft_participants (draft_order,fantasy_game_seq,player_id,preferred_team,team_name,seq) values (?,?,?,?,?,default)
    Hibernate: insert into ft_participants (draft_order,fantasy_game_seq,player_id,preferred_team,team_name,seq) values (?,?,?,?,?,default)
    Hibernate: insert into ft_participants (draft_order,fantasy_game_seq,player_id,preferred_team,team_name,seq) values (?,?,?,?,?,default)
    Hibernate: insert into ft_participants (draft_order,fantasy_game_seq,player_id,preferred_team,team_name,seq) values (?,?,?,?,?,default)
    Hibernate: insert into ft_participants (draft_order,fantasy_game_seq,player_id,preferred_team,team_name,seq) values (?,?,?,?,?,default)
    Hibernate: insert into ft_participants (draft_order,fantasy_game_seq,player_id,preferred_team,team_name,seq) values (?,?,?,?,?,default)
    Hibernate: insert into ft_participants (draft_order,fantasy_game_seq,player_id,preferred_team,team_name,seq) values (?,?,?,?,?,default)
    Hibernate: insert into ft_participants (draft_order,fantasy_game_seq,player_id,preferred_team,team_name,seq) values (?,?,?,?,?,default)
    Hibernate: insert into ft_participants (draft_order,fantasy_game_seq,player_id,preferred_team,team_name,seq) values (?,?,?,?,?,default)
    Hibernate: insert into ft_participants (draft_order,fantasy_game_seq,player_id,preferred_team,team_name,seq) values (?,?,?,?,?,default)
    Hibernate: insert into ft_participants (draft_order,fantasy_game_seq,player_id,preferred_team,team_name,seq) values (?,?,?,?,?,default)
    Hibernate: insert into ft_participants (draft_order,fantasy_game_seq,player_id,preferred_team,team_name,seq) values (?,?,?,?,?,default)
    Hibernate: insert into ft_participants (draft_order,fantasy_game_seq,player_id,preferred_team,team_name,seq) values (?,?,?,?,?,default)
    Hibernate: insert into ft_participants (draft_order,fantasy_game_seq,player_id,preferred_team,team_name,seq) values (?,?,?,?,?,default)
    Hibernate: insert into ft_participants (draft_order,fantasy_game_seq,player_id,preferred_team,team_name,seq) values (?,?,?,?,?,default)
    Hibernate: insert into ft_participants (draft_order,fantasy_game_seq,player_id,preferred_team,team_name,seq) values (?,?,?,?,?,default)
    Hibernate: insert into ft_participants (draft_order,fantasy_game_seq,player_id,preferred_team,team_name,seq) values (?,?,?,?,?,default)
    Hibernate: insert into ft_participants (draft_order,fantasy_game_seq,player_id,preferred_team,team_name,seq) values (?,?,?,?,?,default)
    Hibernate: insert into ft_participants (draft_order,fantasy_game_seq,player_id,preferred_team,team_name,seq) values (?,?,?,?,?,default)
    Hibernate: insert into ft_participants (draft_order,fantasy_game_seq,player_id,preferred_team,team_name,seq) values (?,?,?,?,?,default)
    Hibernate: insert into ft_participants (draft_order,fantasy_game_seq,player_id,preferred_team,team_name,seq) values (?,?,?,?,?,default)
    Hibernate: insert into ft_participants (draft_order,fantasy_game_seq,player_id,preferred_team,team_name,seq) values (?,?,?,?,?,default)
    Hibernate: insert into ft_participants (draft_order,fantasy_game_seq,player_id,preferred_team,team_name,seq) values (?,?,?,?,?,default)
    Hibernate: insert into ft_participants (draft_order,fantasy_game_seq,player_id,preferred_team,team_name,seq) values (?,?,?,?,?,default)
    Hibernate: insert into ft_participants (draft_order,fantasy_game_seq,player_id,preferred_team,team_name,seq) values (?,?,?,?,?,default)
    Hibernate: insert into ft_participants (draft_order,fantasy_game_seq,player_id,preferred_team,team_name,seq) values (?,?,?,?,?,default)
    Hibernate: insert into ft_participants (draft_order,fantasy_game_seq,player_id,preferred_team,team_name,seq) values (?,?,?,?,?,default)
    Hibernate: insert into ft_participants (draft_order,fantasy_game_seq,player_id,preferred_team,team_name,seq) values (?,?,?,?,?,default)
    Hibernate: insert into ft_participants (draft_order,fantasy_game_seq,player_id,preferred_team,team_name,seq) values (?,?,?,?,?,default)
    Hibernate: insert into ft_participants (draft_order,fantasy_game_seq,player_id,preferred_team,team_name,seq) values (?,?,?,?,?,default)
    Hibernate: insert into ft_participants (draft_order,fantasy_game_seq,player_id,preferred_team,team_name,seq) values (?,?,?,?,?,default)
    Hibernate: insert into ft_participants (draft_order,fantasy_game_seq,player_id,preferred_team,team_name,seq) values (?,?,?,?,?,default)
    Hibernate: insert into ft_participants (draft_order,fantasy_game_seq,player_id,preferred_team,team_name,seq) values (?,?,?,?,?,default)
    Hibernate: insert into ft_participants (draft_order,fantasy_game_seq,player_id,preferred_team,team_name,seq) values (?,?,?,?,?,default)
    Hibernate: insert into ft_participants (draft_order,fantasy_game_seq,player_id,preferred_team,team_name,seq) values (?,?,?,?,?,default)
    Hibernate: insert into ft_participants (draft_order,fantasy_game_seq,player_id,preferred_team,team_name,seq) values (?,?,?,?,?,default)
    Hibernate: insert into ft_participants (draft_order,fantasy_game_seq,player_id,preferred_team,team_name,seq) values (?,?,?,?,?,default)
    Hibernate: insert into ft_participants (draft_order,fantasy_game_seq,player_id,preferred_team,team_name,seq) values (?,?,?,?,?,default)
    Hibernate: insert into ft_participants (draft_order,fantasy_game_seq,player_id,preferred_team,team_name,seq) values (?,?,?,?,?,default)
    Hibernate: insert into ft_participants (draft_order,fantasy_game_seq,player_id,preferred_team,team_name,seq) values (?,?,?,?,?,default)
    Hibernate: insert into ft_participants (draft_order,fantasy_game_seq,player_id,preferred_team,team_name,seq) values (?,?,?,?,?,default)
    Hibernate: insert into ft_participants (draft_order,fantasy_game_seq,player_id,preferred_team,team_name,seq) values (?,?,?,?,?,default)
    Hibernate: insert into ft_participants (draft_order,fantasy_game_seq,player_id,preferred_team,team_name,seq) values (?,?,?,?,?,default)
    Hibernate: insert into ft_participants (draft_order,fantasy_game_seq,player_id,preferred_team,team_name,seq) values (?,?,?,?,?,default)
    Hibernate: insert into ft_participants (draft_order,fantasy_game_seq,player_id,preferred_team,team_name,seq) values (?,?,?,?,?,default)
    Hibernate: insert into ft_participants (draft_order,fantasy_game_seq,player_id,preferred_team,team_name,seq) values (?,?,?,?,?,default)
    Hibernate: insert into ft_participants (draft_order,fantasy_game_seq,player_id,preferred_team,team_name,seq) values (?,?,?,?,?,default)
    Hibernate: insert into ft_participants (draft_order,fantasy_game_seq,player_id,preferred_team,team_name,seq) values (?,?,?,?,?,default)
    Hibernate: insert into ft_participants (draft_order,fantasy_game_seq,player_id,preferred_team,team_name,seq) values (?,?,?,?,?,default)
    Hibernate: insert into ft_participants (draft_order,fantasy_game_seq,player_id,preferred_team,team_name,seq) values (?,?,?,?,?,default)
    Hibernate: insert into ft_participants (draft_order,fantasy_game_seq,player_id,preferred_team,team_name,seq) values (?,?,?,?,?,default)
    Hibernate: insert into ft_participants (draft_order,fantasy_game_seq,player_id,preferred_team,team_name,seq) values (?,?,?,?,?,default)
    Hibernate: insert into ft_participants (draft_order,fantasy_game_seq,player_id,preferred_team,team_name,seq) values (?,?,?,?,?,default)
    Hibernate: insert into ft_participants (draft_order,fantasy_game_seq,player_id,preferred_team,team_name,seq) values (?,?,?,?,?,default)
    Hibernate: insert into ft_participants (draft_order,fantasy_game_seq,player_id,preferred_team,team_name,seq) values (?,?,?,?,?,default)
    Hibernate: insert into ft_participants (draft_order,fantasy_game_seq,player_id,preferred_team,team_name,seq) values (?,?,?,?,?,default)
    Hibernate: insert into ft_participants (draft_order,fantasy_game_seq,player_id,preferred_team,team_name,seq) values (?,?,?,?,?,default)
    Hibernate: insert into ft_participants (draft_order,fantasy_game_seq,player_id,preferred_team,team_name,seq) values (?,?,?,?,?,default)
    Hibernate: insert into ft_participants (draft_order,fantasy_game_seq,player_id,preferred_team,team_name,seq) values (?,?,?,?,?,default)
    Hibernate: insert into ft_participants (draft_order,fantasy_game_seq,player_id,preferred_team,team_name,seq) values (?,?,?,?,?,default)
    Hibernate: insert into ft_participants (draft_order,fantasy_game_seq,player_id,preferred_team,team_name,seq) values (?,?,?,?,?,default)
    Hibernate: insert into ft_participants (draft_order,fantasy_game_seq,player_id,preferred_team,team_name,seq) values (?,?,?,?,?,default)
    Hibernate: insert into ft_participants (draft_order,fantasy_game_seq,player_id,preferred_team,team_name,seq) values (?,?,?,?,?,default)
    Hibernate: insert into ft_participants (draft_order,fantasy_game_seq,player_id,preferred_team,team_name,seq) values (?,?,?,?,?,default)
    Hibernate: insert into ft_participants (draft_order,fantasy_game_seq,player_id,preferred_team,team_name,seq) values (?,?,?,?,?,default)
    Hibernate: insert into ft_participants (draft_order,fantasy_game_seq,player_id,preferred_team,team_name,seq) values (?,?,?,?,?,default)
    Hibernate: insert into ft_participants (draft_order,fantasy_game_seq,player_id,preferred_team,team_name,seq) values (?,?,?,?,?,default)
    Hibernate: insert into ft_participants (draft_order,fantasy_game_seq,player_id,preferred_team,team_name,seq) values (?,?,?,?,?,default)
    Hibernate: insert into ft_participants (draft_order,fantasy_game_seq,player_id,preferred_team,team_name,seq) values (?,?,?,?,?,default)
    Hibernate: insert into ft_participants (draft_order,fantasy_game_seq,player_id,preferred_team,team_name,seq) values (?,?,?,?,?,default)
    Hibernate: insert into ft_participants (draft_order,fantasy_game_seq,player_id,preferred_team,team_name,seq) values (?,?,?,?,?,default)
    Hibernate: insert into ft_participants (draft_order,fantasy_game_seq,player_id,preferred_team,team_name,seq) values (?,?,?,?,?,default)
    Hibernate: insert into ft_participants (draft_order,fantasy_game_seq,player_id,preferred_team,team_name,seq) values (?,?,?,?,?,default)
    Hibernate: insert into ft_participants (draft_order,fantasy_game_seq,player_id,preferred_team,team_name,seq) values (?,?,?,?,?,default)
    Hibernate: insert into ft_participants (draft_order,fantasy_game_seq,player_id,preferred_team,team_name,seq) values (?,?,?,?,?,default)
    Hibernate: insert into ft_participants (draft_order,fantasy_game_seq,player_id,preferred_team,team_name,seq) values (?,?,?,?,?,default)
    Hibernate: insert into ft_participants (draft_order,fantasy_game_seq,player_id,preferred_team,team_name,seq) values (?,?,?,?,?,default)
    Hibernate: insert into ft_participants (draft_order,fantasy_game_seq,player_id,preferred_team,team_name,seq) values (?,?,?,?,?,default)
    Hibernate: insert into ft_participants (draft_order,fantasy_game_seq,player_id,preferred_team,team_name,seq) values (?,?,?,?,?,default)
    Hibernate: insert into ft_participants (draft_order,fantasy_game_seq,player_id,preferred_team,team_name,seq) values (?,?,?,?,?,default)
    Hibernate: insert into ft_participants (draft_order,fantasy_game_seq,player_id,preferred_team,team_name,seq) values (?,?,?,?,?,default)
    Hibernate: insert into ft_participants (draft_order,fantasy_game_seq,player_id,preferred_team,team_name,seq) values (?,?,?,?,?,default)
    Hibernate: insert into ft_participants (draft_order,fantasy_game_seq,player_id,preferred_team,team_name,seq) values (?,?,?,?,?,default)
    Hibernate: insert into ft_participants (draft_order,fantasy_game_seq,player_id,preferred_team,team_name,seq) values (?,?,?,?,?,default)
    Hibernate: insert into ft_participants (draft_order,fantasy_game_seq,player_id,preferred_team,team_name,seq) values (?,?,?,?,?,default)
    Hibernate: insert into ft_participants (draft_order,fantasy_game_seq,player_id,preferred_team,team_name,seq) values (?,?,?,?,?,default)
    Hibernate: insert into ft_participants (draft_order,fantasy_game_seq,player_id,preferred_team,team_name,seq) values (?,?,?,?,?,default)
    Hibernate: insert into ft_participants (draft_order,fantasy_game_seq,player_id,preferred_team,team_name,seq) values (?,?,?,?,?,default)
    Hibernate: insert into ft_participants (draft_order,fantasy_game_seq,player_id,preferred_team,team_name,seq) values (?,?,?,?,?,default)
    Hibernate: insert into ft_participants (draft_order,fantasy_game_seq,player_id,preferred_team,team_name,seq) values (?,?,?,?,?,default)
    Hibernate: insert into ft_participants (draft_order,fantasy_game_seq,player_id,preferred_team,team_name,seq) values (?,?,?,?,?,default)
    Hibernate: insert into ft_participants (draft_order,fantasy_game_seq,player_id,preferred_team,team_name,seq) values (?,?,?,?,?,default)
    Hibernate: insert into ft_participants (draft_order,fantasy_game_seq,player_id,preferred_team,team_name,seq) values (?,?,?,?,?,default)
    Hibernate: insert into ft_participants (draft_order,fantasy_game_seq,player_id,preferred_team,team_name,seq) values (?,?,?,?,?,default)
    Hibernate: insert into ft_participants (draft_order,fantasy_game_seq,player_id,preferred_team,team_name,seq) values (?,?,?,?,?,default)
    Hibernate: insert into ft_participants (draft_order,fantasy_game_seq,player_id,preferred_team,team_name,seq) values (?,?,?,?,?,default)
    Hibernate: insert into ft_participants (draft_order,fantasy_game_seq,player_id,preferred_team,team_name,seq) values (?,?,?,?,?,default)
    Hibernate: insert into ft_participants (draft_order,fantasy_game_seq,player_id,preferred_team,team_name,seq) values (?,?,?,?,?,default)
    Hibernate: insert into ft_participants (draft_order,fantasy_game_seq,player_id,preferred_team,team_name,seq) values (?,?,?,?,?,default)
    Hibernate: insert into ft_participants (draft_order,fantasy_game_seq,player_id,preferred_team,team_name,seq) values (?,?,?,?,?,default)
    Hibernate: insert into ft_participants (draft_order,fantasy_game_seq,player_id,preferred_team,team_name,seq) values (?,?,?,?,?,default)
    Hibernate: insert into ft_participants (draft_order,fantasy_game_seq,player_id,preferred_team,team_name,seq) values (?,?,?,?,?,default)
    Hibernate: insert into ft_participants (draft_order,fantasy_game_seq,player_id,preferred_team,team_name,seq) values (?,?,?,?,?,default)
    Hibernate: insert into ft_participants (draft_order,fantasy_game_seq,player_id,preferred_team,team_name,seq) values (?,?,?,?,?,default)
    Hibernate: insert into ft_participants (draft_order,fantasy_game_seq,player_id,preferred_team,team_name,seq) values (?,?,?,?,?,default)
    Hibernate: insert into ft_participants (draft_order,fantasy_game_seq,player_id,preferred_team,team_name,seq) values (?,?,?,?,?,default)
    Hibernate: insert into ft_participants (draft_order,fantasy_game_seq,player_id,preferred_team,team_name,seq) values (?,?,?,?,?,default)
    Hibernate: insert into ft_participants (draft_order,fantasy_game_seq,player_id,preferred_team,team_name,seq) values (?,?,?,?,?,default)
    Hibernate: insert into ft_participants (draft_order,fantasy_game_seq,player_id,preferred_team,team_name,seq) values (?,?,?,?,?,default)
    Hibernate: insert into ft_participants (draft_order,fantasy_game_seq,player_id,preferred_team,team_name,seq) values (?,?,?,?,?,default)
    Hibernate: insert into ft_participants (draft_order,fantasy_game_seq,player_id,preferred_team,team_name,seq) values (?,?,?,?,?,default)
    Hibernate: insert into ft_participants (draft_order,fantasy_game_seq,player_id,preferred_team,team_name,seq) values (?,?,?,?,?,default)
    Hibernate: insert into ft_participants (draft_order,fantasy_game_seq,player_id,preferred_team,team_name,seq) values (?,?,?,?,?,default)
    Hibernate: insert into ft_participants (draft_order,fantasy_game_seq,player_id,preferred_team,team_name,seq) values (?,?,?,?,?,default)
    Hibernate: insert into ft_participants (draft_order,fantasy_game_seq,player_id,preferred_team,team_name,seq) values (?,?,?,?,?,default)
    Hibernate: insert into ft_participants (draft_order,fantasy_game_seq,player_id,preferred_team,team_name,seq) values (?,?,?,?,?,default)
    Hibernate: insert into ft_participants (draft_order,fantasy_game_seq,player_id,preferred_team,team_name,seq) values (?,?,?,?,?,default)
    Hibernate: insert into ft_participants (draft_order,fantasy_game_seq,player_id,preferred_team,team_name,seq) values (?,?,?,?,?,default)
    Hibernate: insert into ft_participants (draft_order,fantasy_game_seq,player_id,preferred_team,team_name,seq) values (?,?,?,?,?,default)
    Hibernate: insert into ft_participants (draft_order,fantasy_game_seq,player_id,preferred_team,team_name,seq) values (?,?,?,?,?,default)
    Hibernate: insert into ft_participants (draft_order,fantasy_game_seq,player_id,preferred_team,team_name,seq) values (?,?,?,?,?,default)
    Hibernate: insert into ft_participants (draft_order,fantasy_game_seq,player_id,preferred_team,team_name,seq) values (?,?,?,?,?,default)
    Hibernate: insert into ft_participants (draft_order,fantasy_game_seq,player_id,preferred_team,team_name,seq) values (?,?,?,?,?,default)
    Hibernate: insert into ft_participants (draft_order,fantasy_game_seq,player_id,preferred_team,team_name,seq) values (?,?,?,?,?,default)
    Hibernate: insert into ft_participants (draft_order,fantasy_game_seq,player_id,preferred_team,team_name,seq) values (?,?,?,?,?,default)
    Hibernate: insert into ft_participants (draft_order,fantasy_game_seq,player_id,preferred_team,team_name,seq) values (?,?,?,?,?,default)
    Hibernate: insert into ft_participants (draft_order,fantasy_game_seq,player_id,preferred_team,team_name,seq) values (?,?,?,?,?,default)
    Hibernate: insert into ft_participants (draft_order,fantasy_game_seq,player_id,preferred_team,team_name,seq) values (?,?,?,?,?,default)
    Hibernate: insert into ft_participants (draft_order,fantasy_game_seq,player_id,preferred_team,team_name,seq) values (?,?,?,?,?,default)
    Hibernate: insert into ft_participants (draft_order,fantasy_game_seq,player_id,preferred_team,team_name,seq) values (?,?,?,?,?,default)
    Hibernate: insert into ft_participants (draft_order,fantasy_game_seq,player_id,preferred_team,team_name,seq) values (?,?,?,?,?,default)
    Hibernate: insert into ft_participants (draft_order,fantasy_game_seq,player_id,preferred_team,team_name,seq) values (?,?,?,?,?,default)
    Hibernate: insert into ft_participants (draft_order,fantasy_game_seq,player_id,preferred_team,team_name,seq) values (?,?,?,?,?,default)
    Hibernate: insert into ft_participants (draft_order,fantasy_game_seq,player_id,preferred_team,team_name,seq) values (?,?,?,?,?,default)
    Hibernate: insert into ft_participants (draft_order,fantasy_game_seq,player_id,preferred_team,team_name,seq) values (?,?,?,?,?,default)
    Hibernate: insert into ft_participants (draft_order,fantasy_game_seq,player_id,preferred_team,team_name,seq) values (?,?,?,?,?,default)
    Hibernate: insert into ft_participants (draft_order,fantasy_game_seq,player_id,preferred_team,team_name,seq) values (?,?,?,?,?,default)
    Hibernate: insert into ft_participants (draft_order,fantasy_game_seq,player_id,preferred_team,team_name,seq) values (?,?,?,?,?,default)
    Hibernate: insert into ft_participants (draft_order,fantasy_game_seq,player_id,preferred_team,team_name,seq) values (?,?,?,?,?,default)
    Hibernate: insert into ft_participants (draft_order,fantasy_game_seq,player_id,preferred_team,team_name,seq) values (?,?,?,?,?,default)
    Hibernate: insert into ft_participants (draft_order,fantasy_game_seq,player_id,preferred_team,team_name,seq) values (?,?,?,?,?,default)
    Hibernate: insert into ft_participants (draft_order,fantasy_game_seq,player_id,preferred_team,team_name,seq) values (?,?,?,?,?,default)
    Hibernate: insert into ft_participants (draft_order,fantasy_game_seq,player_id,preferred_team,team_name,seq) values (?,?,?,?,?,default)
    Hibernate: insert into ft_participants (draft_order,fantasy_game_seq,player_id,preferred_team,team_name,seq) values (?,?,?,?,?,default)
    Hibernate: insert into ft_participants (draft_order,fantasy_game_seq,player_id,preferred_team,team_name,seq) values (?,?,?,?,?,default)
    Hibernate: insert into ft_participants (draft_order,fantasy_game_seq,player_id,preferred_team,team_name,seq) values (?,?,?,?,?,default)
    Hibernate: insert into ft_participants (draft_order,fantasy_game_seq,player_id,preferred_team,team_name,seq) values (?,?,?,?,?,default)
    Hibernate: insert into ft_participants (draft_order,fantasy_game_seq,player_id,preferred_team,team_name,seq) values (?,?,?,?,?,default)
    Hibernate: insert into ft_participants (draft_order,fantasy_game_seq,player_id,preferred_team,team_name,seq) values (?,?,?,?,?,default)
    Hibernate: insert into ft_participants (draft_order,fantasy_game_seq,player_id,preferred_team,team_name,seq) values (?,?,?,?,?,default)
    Hibernate: insert into ft_participants (draft_order,fantasy_game_seq,player_id,preferred_team,team_name,seq) values (?,?,?,?,?,default)
    Hibernate: insert into ft_participants (draft_order,fantasy_game_seq,player_id,preferred_team,team_name,seq) values (?,?,?,?,?,default)
    Hibernate: insert into ft_participants (draft_order,fantasy_game_seq,player_id,preferred_team,team_name,seq) values (?,?,?,?,?,default)
    Hibernate: insert into ft_participants (draft_order,fantasy_game_seq,player_id,preferred_team,team_name,seq) values (?,?,?,?,?,default)
    Hibernate: insert into ft_participants (draft_order,fantasy_game_seq,player_id,preferred_team,team_name,seq) values (?,?,?,?,?,default)
    Hibernate: insert into ft_participants (draft_order,fantasy_game_seq,player_id,preferred_team,team_name,seq) values (?,?,?,?,?,default)
    Hibernate: insert into ft_participants (draft_order,fantasy_game_seq,player_id,preferred_team,team_name,seq) values (?,?,?,?,?,default)
    Hibernate: insert into ft_participants (draft_order,fantasy_game_seq,player_id,preferred_team,team_name,seq) values (?,?,?,?,?,default)
    Hibernate: insert into ft_participants (draft_order,fantasy_game_seq,player_id,preferred_team,team_name,seq) values (?,?,?,?,?,default)
    Hibernate: insert into ft_participants (draft_order,fantasy_game_seq,player_id,preferred_team,team_name,seq) values (?,?,?,?,?,default)
    Hibernate: insert into ft_participants (draft_order,fantasy_game_seq,player_id,preferred_team,team_name,seq) values (?,?,?,?,?,default)
    Hibernate: insert into ft_participants (draft_order,fantasy_game_seq,player_id,preferred_team,team_name,seq) values (?,?,?,?,?,default)
    Hibernate: insert into ft_participants (draft_order,fantasy_game_seq,player_id,preferred_team,team_name,seq) values (?,?,?,?,?,default)
    Hibernate: insert into ft_participants (draft_order,fantasy_game_seq,player_id,preferred_team,team_name,seq) values (?,?,?,?,?,default)
    Hibernate: insert into ft_participants (draft_order,fantasy_game_seq,player_id,preferred_team,team_name,seq) values (?,?,?,?,?,default)
    Hibernate: insert into ft_participants (draft_order,fantasy_game_seq,player_id,preferred_team,team_name,seq) values (?,?,?,?,?,default)
    Hibernate: insert into ft_participants (draft_order,fantasy_game_seq,player_id,preferred_team,team_name,seq) values (?,?,?,?,?,default)
    Hibernate: insert into ft_participants (draft_order,fantasy_game_seq,player_id,preferred_team,team_name,seq) values (?,?,?,?,?,default)
    Hibernate: insert into ft_participants (draft_order,fantasy_game_seq,player_id,preferred_team,team_name,seq) values (?,?,?,?,?,default)
    Hibernate: insert into ft_participants (draft_order,fantasy_game_seq,player_id,preferred_team,team_name,seq) values (?,?,?,?,?,default)
    Hibernate: insert into ft_participants (draft_order,fantasy_game_seq,player_id,preferred_team,team_name,seq) values (?,?,?,?,?,default)
    Hibernate: insert into ft_participants (draft_order,fantasy_game_seq,player_id,preferred_team,team_name,seq) values (?,?,?,?,?,default)
    Hibernate: insert into ft_participants (draft_order,fantasy_game_seq,player_id,preferred_team,team_name,seq) values (?,?,?,?,?,default)
    Hibernate: insert into ft_participants (draft_order,fantasy_game_seq,player_id,preferred_team,team_name,seq) values (?,?,?,?,?,default)
    Hibernate: insert into ft_participants (draft_order,fantasy_game_seq,player_id,preferred_team,team_name,seq) values (?,?,?,?,?,default)
    Hibernate: insert into ft_participants (draft_order,fantasy_game_seq,player_id,preferred_team,team_name,seq) values (?,?,?,?,?,default)
    Hibernate: insert into ft_participants (draft_order,fantasy_game_seq,player_id,preferred_team,team_name,seq) values (?,?,?,?,?,default)
    Hibernate: insert into ft_participants (draft_order,fantasy_game_seq,player_id,preferred_team,team_name,seq) values (?,?,?,?,?,default)
    Hibernate: insert into ft_participants (draft_order,fantasy_game_seq,player_id,preferred_team,team_name,seq) values (?,?,?,?,?,default)
    Hibernate: insert into ft_participants (draft_order,fantasy_game_seq,player_id,preferred_team,team_name,seq) values (?,?,?,?,?,default)
    Hibernate: insert into ft_participants (draft_order,fantasy_game_seq,player_id,preferred_team,team_name,seq) values (?,?,?,?,?,default)
    Hibernate: insert into ft_participants (draft_order,fantasy_game_seq,player_id,preferred_team,team_name,seq) values (?,?,?,?,?,default)
    Hibernate: insert into ft_participants (draft_order,fantasy_game_seq,player_id,preferred_team,team_name,seq) values (?,?,?,?,?,default)
    Hibernate: insert into ft_participants (draft_order,fantasy_game_seq,player_id,preferred_team,team_name,seq) values (?,?,?,?,?,default)
    Hibernate: insert into ft_participants (draft_order,fantasy_game_seq,player_id,preferred_team,team_name,seq) values (?,?,?,?,?,default)
    Hibernate: insert into ft_participants (draft_order,fantasy_game_seq,player_id,preferred_team,team_name,seq) values (?,?,?,?,?,default)
    Hibernate: insert into ft_participants (draft_order,fantasy_game_seq,player_id,preferred_team,team_name,seq) values (?,?,?,?,?,default)
    Hibernate: insert into ft_participants (draft_order,fantasy_game_seq,player_id,preferred_team,team_name,seq) values (?,?,?,?,?,default)
    Hibernate: insert into ft_participants (draft_order,fantasy_game_seq,player_id,preferred_team,team_name,seq) values (?,?,?,?,?,default)
    Hibernate: insert into ft_participants (draft_order,fantasy_game_seq,player_id,preferred_team,team_name,seq) values (?,?,?,?,?,default)
    Hibernate: insert into ft_participants (draft_order,fantasy_game_seq,player_id,preferred_team,team_name,seq) values (?,?,?,?,?,default)
    Hibernate: insert into ft_participants (draft_order,fantasy_game_seq,player_id,preferred_team,team_name,seq) values (?,?,?,?,?,default)
    Hibernate: insert into ft_participants (draft_order,fantasy_game_seq,player_id,preferred_team,team_name,seq) values (?,?,?,?,?,default)
    Hibernate: insert into ft_participants (draft_order,fantasy_game_seq,player_id,preferred_team,team_name,seq) values (?,?,?,?,?,default)
    Hibernate: insert into ft_participants (draft_order,fantasy_game_seq,player_id,preferred_team,team_name,seq) values (?,?,?,?,?,default)
    Hibernate: insert into ft_participants (draft_order,fantasy_game_seq,player_id,preferred_team,team_name,seq) values (?,?,?,?,?,default)
    Hibernate: insert into ft_participants (draft_order,fantasy_game_seq,player_id,preferred_team,team_name,seq) values (?,?,?,?,?,default)
    Hibernate: insert into ft_participants (draft_order,fantasy_game_seq,player_id,preferred_team,team_name,seq) values (?,?,?,?,?,default)
    Hibernate: insert into ft_participants (draft_order,fantasy_game_seq,player_id,preferred_team,team_name,seq) values (?,?,?,?,?,default)
    Hibernate: insert into ft_participants (draft_order,fantasy_game_seq,player_id,preferred_team,team_name,seq) values (?,?,?,?,?,default)
    Hibernate: insert into ft_participants (draft_order,fantasy_game_seq,player_id,preferred_team,team_name,seq) values (?,?,?,?,?,default)
    Hibernate: insert into ft_participants (draft_order,fantasy_game_seq,player_id,preferred_team,team_name,seq) values (?,?,?,?,?,default)
    Hibernate: insert into ft_participants (draft_order,fantasy_game_seq,player_id,preferred_team,team_name,seq) values (?,?,?,?,?,default)
    Hibernate: insert into ft_participants (draft_order,fantasy_game_seq,player_id,preferred_team,team_name,seq) values (?,?,?,?,?,default)
    Hibernate: insert into ft_participants (draft_order,fantasy_game_seq,player_id,preferred_team,team_name,seq) values (?,?,?,?,?,default)
    Hibernate: insert into ft_participants (draft_order,fantasy_game_seq,player_id,preferred_team,team_name,seq) values (?,?,?,?,?,default)
    Hibernate: insert into ft_participants (draft_order,fantasy_game_seq,player_id,preferred_team,team_name,seq) values (?,?,?,?,?,default)
    Hibernate: insert into ft_participants (draft_order,fantasy_game_seq,player_id,preferred_team,team_name,seq) values (?,?,?,?,?,default)
    Hibernate: insert into ft_participants (draft_order,fantasy_game_seq,player_id,preferred_team,team_name,seq) values (?,?,?,?,?,default)
    Hibernate: insert into ft_participants (draft_order,fantasy_game_seq,player_id,preferred_team,team_name,seq) values (?,?,?,?,?,default)
    Hibernate: insert into ft_participants (draft_order,fantasy_game_seq,player_id,preferred_team,team_name,seq) values (?,?,?,?,?,default)
    Hibernate: insert into ft_participants (draft_order,fantasy_game_seq,player_id,preferred_team,team_name,seq) values (?,?,?,?,?,default)
    Hibernate: insert into ft_participants (draft_order,fantasy_game_seq,player_id,preferred_team,team_name,seq) values (?,?,?,?,?,default)
    Hibernate: insert into ft_participants (draft_order,fantasy_game_seq,player_id,preferred_team,team_name,seq) values (?,?,?,?,?,default)
    Hibernate: insert into ft_participants (draft_order,fantasy_game_seq,player_id,preferred_team,team_name,seq) values (?,?,?,?,?,default)
    Hibernate: insert into ft_participants (draft_order,fantasy_game_seq,player_id,preferred_team,team_name,seq) values (?,?,?,?,?,default)
    Hibernate: insert into ft_participants (draft_order,fantasy_game_seq,player_id,preferred_team,team_name,seq) values (?,?,?,?,?,default)
    Hibernate: insert into ft_participants (draft_order,fantasy_game_seq,player_id,preferred_team,team_name,seq) values (?,?,?,?,?,default)
    Hibernate: insert into ft_participants (draft_order,fantasy_game_seq,player_id,preferred_team,team_name,seq) values (?,?,?,?,?,default)
    Hibernate: insert into ft_participants (draft_order,fantasy_game_seq,player_id,preferred_team,team_name,seq) values (?,?,?,?,?,default)
    Hibernate: insert into ft_participants (draft_order,fantasy_game_seq,player_id,preferred_team,team_name,seq) values (?,?,?,?,?,default)
    Hibernate: insert into ft_participants (draft_order,fantasy_game_seq,player_id,preferred_team,team_name,seq) values (?,?,?,?,?,default)
    Hibernate: insert into ft_participants (draft_order,fantasy_game_seq,player_id,preferred_team,team_name,seq) values (?,?,?,?,?,default)
    Hibernate: insert into ft_participants (draft_order,fantasy_game_seq,player_id,preferred_team,team_name,seq) values (?,?,?,?,?,default)
    Hibernate: insert into ft_participants (draft_order,fantasy_game_seq,player_id,preferred_team,team_name,seq) values (?,?,?,?,?,default)
    Hibernate: insert into ft_participants (draft_order,fantasy_game_seq,player_id,preferred_team,team_name,seq) values (?,?,?,?,?,default)
    Hibernate: insert into ft_participants (draft_order,fantasy_game_seq,player_id,preferred_team,team_name,seq) values (?,?,?,?,?,default)
    Hibernate: insert into ft_participants (draft_order,fantasy_game_seq,player_id,preferred_team,team_name,seq) values (?,?,?,?,?,default)
    Hibernate: insert into ft_participants (draft_order,fantasy_game_seq,player_id,preferred_team,team_name,seq) values (?,?,?,?,?,default)
    Hibernate: insert into ft_participants (draft_order,fantasy_game_seq,player_id,preferred_team,team_name,seq) values (?,?,?,?,?,default)
    Hibernate: insert into ft_participants (draft_order,fantasy_game_seq,player_id,preferred_team,team_name,seq) values (?,?,?,?,?,default)
    Hibernate: insert into ft_participants (draft_order,fantasy_game_seq,player_id,preferred_team,team_name,seq) values (?,?,?,?,?,default)
    Hibernate: insert into ft_participants (draft_order,fantasy_game_seq,player_id,preferred_team,team_name,seq) values (?,?,?,?,?,default)
    Hibernate: insert into ft_participants (draft_order,fantasy_game_seq,player_id,preferred_team,team_name,seq) values (?,?,?,?,?,default)
    Hibernate: insert into ft_participants (draft_order,fantasy_game_seq,player_id,preferred_team,team_name,seq) values (?,?,?,?,?,default)
    Hibernate: insert into ft_participants (draft_order,fantasy_game_seq,player_id,preferred_team,team_name,seq) values (?,?,?,?,?,default)
    Hibernate: insert into ft_participants (draft_order,fantasy_game_seq,player_id,preferred_team,team_name,seq) values (?,?,?,?,?,default)
    Hibernate: insert into ft_participants (draft_order,fantasy_game_seq,player_id,preferred_team,team_name,seq) values (?,?,?,?,?,default)
    Hibernate: insert into ft_participants (draft_order,fantasy_game_seq,player_id,preferred_team,team_name,seq) values (?,?,?,?,?,default)
    Hibernate: insert into ft_participants (draft_order,fantasy_game_seq,player_id,preferred_team,team_name,seq) values (?,?,?,?,?,default)
    Hibernate: insert into ft_participants (draft_order,fantasy_game_seq,player_id,preferred_team,team_name,seq) values (?,?,?,?,?,default)
    Hibernate: insert into ft_participants (draft_order,fantasy_game_seq,player_id,preferred_team,team_name,seq) values (?,?,?,?,?,default)
    Hibernate: insert into ft_participants (draft_order,fantasy_game_seq,player_id,preferred_team,team_name,seq) values (?,?,?,?,?,default)
    Hibernate: insert into ft_participants (draft_order,fantasy_game_seq,player_id,preferred_team,team_name,seq) values (?,?,?,?,?,default)
    Hibernate: insert into ft_participants (draft_order,fantasy_game_seq,player_id,preferred_team,team_name,seq) values (?,?,?,?,?,default)
    Hibernate: insert into ft_participants (draft_order,fantasy_game_seq,player_id,preferred_team,team_name,seq) values (?,?,?,?,?,default)
    Hibernate: insert into ft_participants (draft_order,fantasy_game_seq,player_id,preferred_team,team_name,seq) values (?,?,?,?,?,default)
    Hibernate: insert into ft_participants (draft_order,fantasy_game_seq,player_id,preferred_team,team_name,seq) values (?,?,?,?,?,default)
    Hibernate: insert into ft_participants (draft_order,fantasy_game_seq,player_id,preferred_team,team_name,seq) values (?,?,?,?,?,default)
    Hibernate: insert into ft_participants (draft_order,fantasy_game_seq,player_id,preferred_team,team_name,seq) values (?,?,?,?,?,default)
    Hibernate: insert into ft_participants (draft_order,fantasy_game_seq,player_id,preferred_team,team_name,seq) values (?,?,?,?,?,default)
    Hibernate: insert into ft_participants (draft_order,fantasy_game_seq,player_id,preferred_team,team_name,seq) values (?,?,?,?,?,default)
    Hibernate: insert into ft_participants (draft_order,fantasy_game_seq,player_id,preferred_team,team_name,seq) values (?,?,?,?,?,default)
    Hibernate: insert into ft_participants (draft_order,fantasy_game_seq,player_id,preferred_team,team_name,seq) values (?,?,?,?,?,default)
    Hibernate: insert into ft_participants (draft_order,fantasy_game_seq,player_id,preferred_team,team_name,seq) values (?,?,?,?,?,default)
    Hibernate: insert into ft_participants (draft_order,fantasy_game_seq,player_id,preferred_team,team_name,seq) values (?,?,?,?,?,default)
    Hibernate: insert into ft_participants (draft_order,fantasy_game_seq,player_id,preferred_team,team_name,seq) values (?,?,?,?,?,default)
    Hibernate: insert into ft_participants (draft_order,fantasy_game_seq,player_id,preferred_team,team_name,seq) values (?,?,?,?,?,default)
    Hibernate: insert into ft_participants (draft_order,fantasy_game_seq,player_id,preferred_team,team_name,seq) values (?,?,?,?,?,default)
    Hibernate: insert into ft_participants (draft_order,fantasy_game_seq,player_id,preferred_team,team_name,seq) values (?,?,?,?,?,default)
    Hibernate: insert into ft_participants (draft_order,fantasy_game_seq,player_id,preferred_team,team_name,seq) values (?,?,?,?,?,default)
    Hibernate: insert into ft_participants (draft_order,fantasy_game_seq,player_id,preferred_team,team_name,seq) values (?,?,?,?,?,default)
    Hibernate: insert into ft_participants (draft_order,fantasy_game_seq,player_id,preferred_team,team_name,seq) values (?,?,?,?,?,default)
    Hibernate: insert into ft_participants (draft_order,fantasy_game_seq,player_id,preferred_team,team_name,seq) values (?,?,?,?,?,default)
    Hibernate: insert into ft_participants (draft_order,fantasy_game_seq,player_id,preferred_team,team_name,seq) values (?,?,?,?,?,default)
    Hibernate: insert into ft_participants (draft_order,fantasy_game_seq,player_id,preferred_team,team_name,seq) values (?,?,?,?,?,default)
    Hibernate: insert into ft_participants (draft_order,fantasy_game_seq,player_id,preferred_team,team_name,seq) values (?,?,?,?,?,default)
    Hibernate: insert into ft_participants (draft_order,fantasy_game_seq,player_id,preferred_team,team_name,seq) values (?,?,?,?,?,default)
    Hibernate: insert into ft_participants (draft_order,fantasy_game_seq,player_id,preferred_team,team_name,seq) values (?,?,?,?,?,default)
    Hibernate: insert into ft_participants (draft_order,fantasy_game_seq,player_id,preferred_team,team_name,seq) values (?,?,?,?,?,default)
    Hibernate: insert into ft_participants (draft_order,fantasy_game_seq,player_id,preferred_team,team_name,seq) values (?,?,?,?,?,default)
    Hibernate: insert into ft_participants (draft_order,fantasy_game_seq,player_id,preferred_team,team_name,seq) values (?,?,?,?,?,default)
    Hibernate: insert into ft_participants (draft_order,fantasy_game_seq,player_id,preferred_team,team_name,seq) values (?,?,?,?,?,default)
    Hibernate: insert into ft_participants (draft_order,fantasy_game_seq,player_id,preferred_team,team_name,seq) values (?,?,?,?,?,default)
    Hibernate: insert into ft_participants (draft_order,fantasy_game_seq,player_id,preferred_team,team_name,seq) values (?,?,?,?,?,default)
    Hibernate: insert into ft_participants (draft_order,fantasy_game_seq,player_id,preferred_team,team_name,seq) values (?,?,?,?,?,default)
    Hibernate: insert into ft_participants (draft_order,fantasy_game_seq,player_id,preferred_team,team_name,seq) values (?,?,?,?,?,default)
    Hibernate: insert into ft_participants (draft_order,fantasy_game_seq,player_id,preferred_team,team_name,seq) values (?,?,?,?,?,default)
    Hibernate: insert into ft_participants (draft_order,fantasy_game_seq,player_id,preferred_team,team_name,seq) values (?,?,?,?,?,default)
    Hibernate: insert into ft_participants (draft_order,fantasy_game_seq,player_id,preferred_team,team_name,seq) values (?,?,?,?,?,default)
    Hibernate: insert into ft_participants (draft_order,fantasy_game_seq,player_id,preferred_team,team_name,seq) values (?,?,?,?,?,default)
    Hibernate: insert into ft_participants (draft_order,fantasy_game_seq,player_id,preferred_team,team_name,seq) values (?,?,?,?,?,default)
    Hibernate: insert into ft_participants (draft_order,fantasy_game_seq,player_id,preferred_team,team_name,seq) values (?,?,?,?,?,default)
    Hibernate: insert into ft_participants (draft_order,fantasy_game_seq,player_id,preferred_team,team_name,seq) values (?,?,?,?,?,default)
    Hibernate: insert into ft_participants (draft_order,fantasy_game_seq,player_id,preferred_team,team_name,seq) values (?,?,?,?,?,default)
    Hibernate: insert into ft_participants (draft_order,fantasy_game_seq,player_id,preferred_team,team_name,seq) values (?,?,?,?,?,default)
    Hibernate: insert into ft_participants (draft_order,fantasy_game_seq,player_id,preferred_team,team_name,seq) values (?,?,?,?,?,default)
    Hibernate: insert into ft_participants (draft_order,fantasy_game_seq,player_id,preferred_team,team_name,seq) values (?,?,?,?,?,default)
    Hibernate: insert into ft_participants (draft_order,fantasy_game_seq,player_id,preferred_team,team_name,seq) values (?,?,?,?,?,default)
    Hibernate: insert into ft_participants (draft_order,fantasy_game_seq,player_id,preferred_team,team_name,seq) values (?,?,?,?,?,default)
    Hibernate: insert into ft_participants (draft_order,fantasy_game_seq,player_id,preferred_team,team_name,seq) values (?,?,?,?,?,default)
    Hibernate: insert into ft_participants (draft_order,fantasy_game_seq,player_id,preferred_team,team_name,seq) values (?,?,?,?,?,default)
    Hibernate: insert into ft_participants (draft_order,fantasy_game_seq,player_id,preferred_team,team_name,seq) values (?,?,?,?,?,default)
    Hibernate: insert into ft_participants (draft_order,fantasy_game_seq,player_id,preferred_team,team_name,seq) values (?,?,?,?,?,default)
    Hibernate: insert into ft_participants (draft_order,fantasy_game_seq,player_id,preferred_team,team_name,seq) values (?,?,?,?,?,default)
    Hibernate: insert into ft_participants (draft_order,fantasy_game_seq,player_id,preferred_team,team_name,seq) values (?,?,?,?,?,default)
    Hibernate: insert into ft_participants (draft_order,fantasy_game_seq,player_id,preferred_team,team_name,seq) values (?,?,?,?,?,default)
    Hibernate: insert into ft_participants (draft_order,fantasy_game_seq,player_id,preferred_team,team_name,seq) values (?,?,?,?,?,default)
    Hibernate: insert into ft_participants (draft_order,fantasy_game_seq,player_id,preferred_team,team_name,seq) values (?,?,?,?,?,default)
    Hibernate: insert into ft_participants (draft_order,fantasy_game_seq,player_id,preferred_team,team_name,seq) values (?,?,?,?,?,default)
    Hibernate: insert into ft_participants (draft_order,fantasy_game_seq,player_id,preferred_team,team_name,seq) values (?,?,?,?,?,default)
    Hibernate: insert into ft_participants (draft_order,fantasy_game_seq,player_id,preferred_team,team_name,seq) values (?,?,?,?,?,default)
    Hibernate: insert into ft_participants (draft_order,fantasy_game_seq,player_id,preferred_team,team_name,seq) values (?,?,?,?,?,default)
    Hibernate: insert into ft_participants (draft_order,fantasy_game_seq,player_id,preferred_team,team_name,seq) values (?,?,?,?,?,default)
    Hibernate: insert into ft_participants (draft_order,fantasy_game_seq,player_id,preferred_team,team_name,seq) values (?,?,?,?,?,default)
    Hibernate: insert into ft_participants (draft_order,fantasy_game_seq,player_id,preferred_team,team_name,seq) values (?,?,?,?,?,default)
    Hibernate: insert into ft_participants (draft_order,fantasy_game_seq,player_id,preferred_team,team_name,seq) values (?,?,?,?,?,default)
    Hibernate: insert into ft_participants (draft_order,fantasy_game_seq,player_id,preferred_team,team_name,seq) values (?,?,?,?,?,default)
    Hibernate: insert into ft_participants (draft_order,fantasy_game_seq,player_id,preferred_team,team_name,seq) values (?,?,?,?,?,default)
    Hibernate: insert into ft_participants (draft_order,fantasy_game_seq,player_id,preferred_team,team_name,seq) values (?,?,?,?,?,default)
    Hibernate: insert into ft_participants (draft_order,fantasy_game_seq,player_id,preferred_team,team_name,seq) values (?,?,?,?,?,default)
    Hibernate: insert into ft_participants (draft_order,fantasy_game_seq,player_id,preferred_team,team_name,seq) values (?,?,?,?,?,default)
    Hibernate: insert into ft_participants (draft_order,fantasy_game_seq,player_id,preferred_team,team_name,seq) values (?,?,?,?,?,default)
    Hibernate: insert into ft_participants (draft_order,fantasy_game_seq,player_id,preferred_team,team_name,seq) values (?,?,?,?,?,default)
    Hibernate: insert into ft_participants (draft_order,fantasy_game_seq,player_id,preferred_team,team_name,seq) values (?,?,?,?,?,default)
    Hibernate: insert into ft_participants (draft_order,fantasy_game_seq,player_id,preferred_team,team_name,seq) values (?,?,?,?,?,default)
    Hibernate: insert into ft_participants (draft_order,fantasy_game_seq,player_id,preferred_team,team_name,seq) values (?,?,?,?,?,default)
    Hibernate: insert into ft_participants (draft_order,fantasy_game_seq,player_id,preferred_team,team_name,seq) values (?,?,?,?,?,default)
    Hibernate: insert into ft_participants (draft_order,fantasy_game_seq,player_id,preferred_team,team_name,seq) values (?,?,?,?,?,default)
    Hibernate: insert into ft_participants (draft_order,fantasy_game_seq,player_id,preferred_team,team_name,seq) values (?,?,?,?,?,default)
    Hibernate: insert into ft_participants (draft_order,fantasy_game_seq,player_id,preferred_team,team_name,seq) values (?,?,?,?,?,default)
    Hibernate: insert into ft_participants (draft_order,fantasy_game_seq,player_id,preferred_team,team_name,seq) values (?,?,?,?,?,default)
    Hibernate: insert into ft_participants (draft_order,fantasy_game_seq,player_id,preferred_team,team_name,seq) values (?,?,?,?,?,default)
    Hibernate: insert into ft_participants (draft_order,fantasy_game_seq,player_id,preferred_team,team_name,seq) values (?,?,?,?,?,default)
    Hibernate: insert into ft_participants (draft_order,fantasy_game_seq,player_id,preferred_team,team_name,seq) values (?,?,?,?,?,default)
    Hibernate: insert into ft_participants (draft_order,fantasy_game_seq,player_id,preferred_team,team_name,seq) values (?,?,?,?,?,default)
    Hibernate: insert into ft_participants (draft_order,fantasy_game_seq,player_id,preferred_team,team_name,seq) values (?,?,?,?,?,default)
    Hibernate: insert into ft_participants (draft_order,fantasy_game_seq,player_id,preferred_team,team_name,seq) values (?,?,?,?,?,default)
    Hibernate: insert into ft_participants (draft_order,fantasy_game_seq,player_id,preferred_team,team_name,seq) values (?,?,?,?,?,default)
    Hibernate: insert into ft_participants (draft_order,fantasy_game_seq,player_id,preferred_team,team_name,seq) values (?,?,?,?,?,default)
    Hibernate: insert into ft_participants (draft_order,fantasy_game_seq,player_id,preferred_team,team_name,seq) values (?,?,?,?,?,default)
    Hibernate: insert into ft_participants (draft_order,fantasy_game_seq,player_id,preferred_team,team_name,seq) values (?,?,?,?,?,default)
    Hibernate: insert into ft_participants (draft_order,fantasy_game_seq,player_id,preferred_team,team_name,seq) values (?,?,?,?,?,default)
    Hibernate: insert into ft_participants (draft_order,fantasy_game_seq,player_id,preferred_team,team_name,seq) values (?,?,?,?,?,default)
    Hibernate: insert into ft_participants (draft_order,fantasy_game_seq,player_id,preferred_team,team_name,seq) values (?,?,?,?,?,default)
    Hibernate: insert into ft_participants (draft_order,fantasy_game_seq,player_id,preferred_team,team_name,seq) values (?,?,?,?,?,default)
    Hibernate: insert into ft_participants (draft_order,fantasy_game_seq,player_id,preferred_team,team_name,seq) values (?,?,?,?,?,default)
    Hibernate: insert into ft_participants (draft_order,fantasy_game_seq,player_id,preferred_team,team_name,seq) values (?,?,?,?,?,default)
    Hibernate: insert into ft_participants (draft_order,fantasy_game_seq,player_id,preferred_team,team_name,seq) values (?,?,?,?,?,default)
    Hibernate: insert into ft_participants (draft_order,fantasy_game_seq,player_id,preferred_team,team_name,seq) values (?,?,?,?,?,default)
    Hibernate: insert into ft_participants (draft_order,fantasy_game_seq,player_id,preferred_team,team_name,seq) values (?,?,?,?,?,default)
    Hibernate: insert into ft_participants (draft_order,fantasy_game_seq,player_id,preferred_team,team_name,seq) values (?,?,?,?,?,default)
    Hibernate: insert into ft_participants (draft_order,fantasy_game_seq,player_id,preferred_team,team_name,seq) values (?,?,?,?,?,default)
    Hibernate: insert into ft_participants (draft_order,fantasy_game_seq,player_id,preferred_team,team_name,seq) values (?,?,?,?,?,default)
    Hibernate: insert into ft_participants (draft_order,fantasy_game_seq,player_id,preferred_team,team_name,seq) values (?,?,?,?,?,default)
    Hibernate: insert into ft_participants (draft_order,fantasy_game_seq,player_id,preferred_team,team_name,seq) values (?,?,?,?,?,default)
    Hibernate: insert into ft_participants (draft_order,fantasy_game_seq,player_id,preferred_team,team_name,seq) values (?,?,?,?,?,default)
    Hibernate: insert into ft_participants (draft_order,fantasy_game_seq,player_id,preferred_team,team_name,seq) values (?,?,?,?,?,default)
    Hibernate: insert into ft_participants (draft_order,fantasy_game_seq,player_id,preferred_team,team_name,seq) values (?,?,?,?,?,default)
    Hibernate: insert into ft_participants (draft_order,fantasy_game_seq,player_id,preferred_team,team_name,seq) values (?,?,?,?,?,default)
    Hibernate: insert into ft_participants (draft_order,fantasy_game_seq,player_id,preferred_team,team_name,seq) values (?,?,?,?,?,default)
    Hibernate: insert into ft_participants (draft_order,fantasy_game_seq,player_id,preferred_team,team_name,seq) values (?,?,?,?,?,default)
    Hibernate: insert into ft_participants (draft_order,fantasy_game_seq,player_id,preferred_team,team_name,seq) values (?,?,?,?,?,default)
    Hibernate: insert into ft_participants (draft_order,fantasy_game_seq,player_id,preferred_team,team_name,seq) values (?,?,?,?,?,default)
    Hibernate: insert into ft_participants (draft_order,fantasy_game_seq,player_id,preferred_team,team_name,seq) values (?,?,?,?,?,default)
    Hibernate: insert into ft_participants (draft_order,fantasy_game_seq,player_id,preferred_team,team_name,seq) values (?,?,?,?,?,default)
    Hibernate: insert into ft_participants (draft_order,fantasy_game_seq,player_id,preferred_team,team_name,seq) values (?,?,?,?,?,default)
    Hibernate: insert into ft_participants (draft_order,fantasy_game_seq,player_id,preferred_team,team_name,seq) values (?,?,?,?,?,default)
    Hibernate: insert into ft_participants (draft_order,fantasy_game_seq,player_id,preferred_team,team_name,seq) values (?,?,?,?,?,default)
    Hibernate: insert into ft_participants (draft_order,fantasy_game_seq,player_id,preferred_team,team_name,seq) values (?,?,?,?,?,default)
    Hibernate: insert into ft_participants (draft_order,fantasy_game_seq,player_id,preferred_team,team_name,seq) values (?,?,?,?,?,default)
    Hibernate: insert into ft_participants (draft_order,fantasy_game_seq,player_id,preferred_team,team_name,seq) values (?,?,?,?,?,default)
    Hibernate: insert into ft_participants (draft_order,fantasy_game_seq,player_id,preferred_team,team_name,seq) values (?,?,?,?,?,default)
    Hibernate: insert into ft_participants (draft_order,fantasy_game_seq,player_id,preferred_team,team_name,seq) values (?,?,?,?,?,default)
    Hibernate: insert into ft_participants (draft_order,fantasy_game_seq,player_id,preferred_team,team_name,seq) values (?,?,?,?,?,default)
    Hibernate: insert into ft_participants (draft_order,fantasy_game_seq,player_id,preferred_team,team_name,seq) values (?,?,?,?,?,default)
    Hibernate: insert into ft_participants (draft_order,fantasy_game_seq,player_id,preferred_team,team_name,seq) values (?,?,?,?,?,default)
    Hibernate: insert into ft_participants (draft_order,fantasy_game_seq,player_id,preferred_team,team_name,seq) values (?,?,?,?,?,default)
    Hibernate: insert into ft_participants (draft_order,fantasy_game_seq,player_id,preferred_team,team_name,seq) values (?,?,?,?,?,default)
    Hibernate: insert into ft_participants (draft_order,fantasy_game_seq,player_id,preferred_team,team_name,seq) values (?,?,?,?,?,default)
    Hibernate: insert into ft_participants (draft_order,fantasy_game_seq,player_id,preferred_team,team_name,seq) values (?,?,?,?,?,default)
    Hibernate: insert into ft_participants (draft_order,fantasy_game_seq,player_id,preferred_team,team_name,seq) values (?,?,?,?,?,default)
    Hibernate: insert into ft_participants (draft_order,fantasy_game_seq,player_id,preferred_team,team_name,seq) values (?,?,?,?,?,default)
    Hibernate: insert into ft_participants (draft_order,fantasy_game_seq,player_id,preferred_team,team_name,seq) values (?,?,?,?,?,default)
    Hibernate: insert into ft_participants (draft_order,fantasy_game_seq,player_id,preferred_team,team_name,seq) values (?,?,?,?,?,default)
    Hibernate: insert into ft_participants (draft_order,fantasy_game_seq,player_id,preferred_team,team_name,seq) values (?,?,?,?,?,default)
    Hibernate: insert into ft_participants (draft_order,fantasy_game_seq,player_id,preferred_team,team_name,seq) values (?,?,?,?,?,default)
    Hibernate: insert into ft_participants (draft_order,fantasy_game_seq,player_id,preferred_team,team_name,seq) values (?,?,?,?,?,default)
    Hibernate: insert into ft_participants (draft_order,fantasy_game_seq,player_id,preferred_team,team_name,seq) values (?,?,?,?,?,default)
    Hibernate: insert into ft_participants (draft_order,fantasy_game_seq,player_id,preferred_team,team_name,seq) values (?,?,?,?,?,default)
    Hibernate: insert into ft_participants (draft_order,fantasy_game_seq,player_id,preferred_team,team_name,seq) values (?,?,?,?,?,default)
    Hibernate: insert into ft_participants (draft_order,fantasy_game_seq,player_id,preferred_team,team_name,seq) values (?,?,?,?,?,default)
    Hibernate: insert into ft_participants (draft_order,fantasy_game_seq,player_id,preferred_team,team_name,seq) values (?,?,?,?,?,default)
    Hibernate: insert into ft_participants (draft_order,fantasy_game_seq,player_id,preferred_team,team_name,seq) values (?,?,?,?,?,default)
    Hibernate: insert into ft_participants (draft_order,fantasy_game_seq,player_id,preferred_team,team_name,seq) values (?,?,?,?,?,default)
    Hibernate: insert into ft_participants (draft_order,fantasy_game_seq,player_id,preferred_team,team_name,seq) values (?,?,?,?,?,default)
    Hibernate: insert into ft_participants (draft_order,fantasy_game_seq,player_id,preferred_team,team_name,seq) values (?,?,?,?,?,default)
    Hibernate: insert into ft_participants (draft_order,fantasy_game_seq,player_id,preferred_team,team_name,seq) values (?,?,?,?,?,default)
    Hibernate: insert into ft_participants (draft_order,fantasy_game_seq,player_id,preferred_team,team_name,seq) values (?,?,?,?,?,default)
    Hibernate: insert into ft_participants (draft_order,fantasy_game_seq,player_id,preferred_team,team_name,seq) values (?,?,?,?,?,default)
    Hibernate: insert into ft_participants (draft_order,fantasy_game_seq,player_id,preferred_team,team_name,seq) values (?,?,?,?,?,default)
    Hibernate: insert into ft_participants (draft_order,fantasy_game_seq,player_id,preferred_team,team_name,seq) values (?,?,?,?,?,default)
    Hibernate: insert into ft_participants (draft_order,fantasy_game_seq,player_id,preferred_team,team_name,seq) values (?,?,?,?,?,default)
    Hibernate: insert into ft_participants (draft_order,fantasy_game_seq,player_id,preferred_team,team_name,seq) values (?,?,?,?,?,default)
    Hibernate: insert into ft_participants (draft_order,fantasy_game_seq,player_id,preferred_team,team_name,seq) values (?,?,?,?,?,default)
    Hibernate: insert into ft_participants (draft_order,fantasy_game_seq,player_id,preferred_team,team_name,seq) values (?,?,?,?,?,default)
    Hibernate: insert into ft_participants (draft_order,fantasy_game_seq,player_id,preferred_team,team_name,seq) values (?,?,?,?,?,default)
    Hibernate: insert into ft_participants (draft_order,fantasy_game_seq,player_id,preferred_team,team_name,seq) values (?,?,?,?,?,default)
    Hibernate: insert into ft_participants (draft_order,fantasy_game_seq,player_id,preferred_team,team_name,seq) values (?,?,?,?,?,default)
    Hibernate: insert into ft_participants (draft_order,fantasy_game_seq,player_id,preferred_team,team_name,seq) values (?,?,?,?,?,default)
    Hibernate: insert into ft_participants (draft_order,fantasy_game_seq,player_id,preferred_team,team_name,seq) values (?,?,?,?,?,default)
    Hibernate: insert into ft_participants (draft_order,fantasy_game_seq,player_id,preferred_team,team_name,seq) values (?,?,?,?,?,default)
    Hibernate: insert into ft_participants (draft_order,fantasy_game_seq,player_id,preferred_team,team_name,seq) values (?,?,?,?,?,default)
    Hibernate: insert into ft_participants (draft_order,fantasy_game_seq,player_id,preferred_team,team_name,seq) values (?,?,?,?,?,default)
    Hibernate: insert into ft_participants (draft_order,fantasy_game_seq,player_id,preferred_team,team_name,seq) values (?,?,?,?,?,default)
    Hibernate: insert into ft_participants (draft_order,fantasy_game_seq,player_id,preferred_team,team_name,seq) values (?,?,?,?,?,default)
    Hibernate: insert into ft_participants (draft_order,fantasy_game_seq,player_id,preferred_team,team_name,seq) values (?,?,?,?,?,default)
    Hibernate: insert into ft_participants (draft_order,fantasy_game_seq,player_id,preferred_team,team_name,seq) values (?,?,?,?,?,default)
    Hibernate: insert into ft_participants (draft_order,fantasy_game_seq,player_id,preferred_team,team_name,seq) values (?,?,?,?,?,default)
    Hibernate: insert into ft_participants (draft_order,fantasy_game_seq,player_id,preferred_team,team_name,seq) values (?,?,?,?,?,default)
    Hibernate: insert into ft_participants (draft_order,fantasy_game_seq,player_id,preferred_team,team_name,seq) values (?,?,?,?,?,default)
    Hibernate: insert into ft_participants (draft_order,fantasy_game_seq,player_id,preferred_team,team_name,seq) values (?,?,?,?,?,default)
    Hibernate: insert into ft_participants (draft_order,fantasy_game_seq,player_id,preferred_team,team_name,seq) values (?,?,?,?,?,default)
    Hibernate: insert into ft_participants (draft_order,fantasy_game_seq,player_id,preferred_team,team_name,seq) values (?,?,?,?,?,default)
    Hibernate: insert into ft_participants (draft_order,fantasy_game_seq,player_id,preferred_team,team_name,seq) values (?,?,?,?,?,default)
    Hibernate: insert into ft_participants (draft_order,fantasy_game_seq,player_id,preferred_team,team_name,seq) values (?,?,?,?,?,default)
    Hibernate: insert into ft_participants (draft_order,fantasy_game_seq,player_id,preferred_team,team_name,seq) values (?,?,?,?,?,default)
    Hibernate: insert into ft_participants (draft_order,fantasy_game_seq,player_id,preferred_team,team_name,seq) values (?,?,?,?,?,default)
    Hibernate: insert into ft_participants (draft_order,fantasy_game_seq,player_id,preferred_team,team_name,seq) values (?,?,?,?,?,default)
    Hibernate: insert into ft_participants (draft_order,fantasy_game_seq,player_id,preferred_team,team_name,seq) values (?,?,?,?,?,default)
    Hibernate: insert into ft_participants (draft_order,fantasy_game_seq,player_id,preferred_team,team_name,seq) values (?,?,?,?,?,default)
    Hibernate: insert into ft_participants (draft_order,fantasy_game_seq,player_id,preferred_team,team_name,seq) values (?,?,?,?,?,default)
    Hibernate: insert into ft_participants (draft_order,fantasy_game_seq,player_id,preferred_team,team_name,seq) values (?,?,?,?,?,default)
    Hibernate: insert into ft_participants (draft_order,fantasy_game_seq,player_id,preferred_team,team_name,seq) values (?,?,?,?,?,default)
    Hibernate: insert into ft_participants (draft_order,fantasy_game_seq,player_id,preferred_team,team_name,seq) values (?,?,?,?,?,default)
    Hibernate: insert into ft_participants (draft_order,fantasy_game_seq,player_id,preferred_team,team_name,seq) values (?,?,?,?,?,default)
    Hibernate: insert into ft_participants (draft_order,fantasy_game_seq,player_id,preferred_team,team_name,seq) values (?,?,?,?,?,default)
    Hibernate: insert into ft_participants (draft_order,fantasy_game_seq,player_id,preferred_team,team_name,seq) values (?,?,?,?,?,default)
    Hibernate: insert into ft_participants (draft_order,fantasy_game_seq,player_id,preferred_team,team_name,seq) values (?,?,?,?,?,default)
    Hibernate: insert into ft_participants (draft_order,fantasy_game_seq,player_id,preferred_team,team_name,seq) values (?,?,?,?,?,default)
    Hibernate: insert into ft_participants (draft_order,fantasy_game_seq,player_id,preferred_team,team_name,seq) values (?,?,?,?,?,default)
    Hibernate: insert into ft_participants (draft_order,fantasy_game_seq,player_id,preferred_team,team_name,seq) values (?,?,?,?,?,default)
    Hibernate: insert into ft_participants (draft_order,fantasy_game_seq,player_id,preferred_team,team_name,seq) values (?,?,?,?,?,default)
    Hibernate: insert into ft_participants (draft_order,fantasy_game_seq,player_id,preferred_team,team_name,seq) values (?,?,?,?,?,default)
    Hibernate: insert into ft_participants (draft_order,fantasy_game_seq,player_id,preferred_team,team_name,seq) values (?,?,?,?,?,default)
    Hibernate: insert into ft_participants (draft_order,fantasy_game_seq,player_id,preferred_team,team_name,seq) values (?,?,?,?,?,default)
    Hibernate: insert into ft_participants (draft_order,fantasy_game_seq,player_id,preferred_team,team_name,seq) values (?,?,?,?,?,default)
    Hibernate: insert into ft_participants (draft_order,fantasy_game_seq,player_id,preferred_team,team_name,seq) values (?,?,?,?,?,default)
    Hibernate: insert into ft_participants (draft_order,fantasy_game_seq,player_id,preferred_team,team_name,seq) values (?,?,?,?,?,default)
    Hibernate: insert into ft_participants (draft_order,fantasy_game_seq,player_id,preferred_team,team_name,seq) values (?,?,?,?,?,default)
    Hibernate: insert into ft_participants (draft_order,fantasy_game_seq,player_id,preferred_team,team_name,seq) values (?,?,?,?,?,default)
    Hibernate: insert into ft_participants (draft_order,fantasy_game_seq,player_id,preferred_team,team_name,seq) values (?,?,?,?,?,default)
    Hibernate: insert into ft_participants (draft_order,fantasy_game_seq,player_id,preferred_team,team_name,seq) values (?,?,?,?,?,default)
    Hibernate: insert into ft_participants (draft_order,fantasy_game_seq,player_id,preferred_team,team_name,seq) values (?,?,?,?,?,default)
    Hibernate: insert into ft_participants (draft_order,fantasy_game_seq,player_id,preferred_team,team_name,seq) values (?,?,?,?,?,default)
    Hibernate: insert into ft_participants (draft_order,fantasy_game_seq,player_id,preferred_team,team_name,seq) values (?,?,?,?,?,default)
    Hibernate: insert into ft_participants (draft_order,fantasy_game_seq,player_id,preferred_team,team_name,seq) values (?,?,?,?,?,default)
    Hibernate: insert into ft_participants (draft_order,fantasy_game_seq,player_id,preferred_team,team_name,seq) values (?,?,?,?,?,default)
    Hibernate: insert into ft_participants (draft_order,fantasy_game_seq,player_id,preferred_team,team_name,seq) values (?,?,?,?,?,default)
    Hibernate: insert into ft_participants (draft_order,fantasy_game_seq,player_id,preferred_team,team_name,seq) values (?,?,?,?,?,default)
    Hibernate: insert into ft_participants (draft_order,fantasy_game_seq,player_id,preferred_team,team_name,seq) values (?,?,?,?,?,default)
    Hibernate: insert into ft_participants (draft_order,fantasy_game_seq,player_id,preferred_team,team_name,seq) values (?,?,?,?,?,default)
    Hibernate: insert into ft_participants (draft_order,fantasy_game_seq,player_id,preferred_team,team_name,seq) values (?,?,?,?,?,default)
    Hibernate: insert into ft_participants (draft_order,fantasy_game_seq,player_id,preferred_team,team_name,seq) values (?,?,?,?,?,default)
    Hibernate: insert into ft_participants (draft_order,fantasy_game_seq,player_id,preferred_team,team_name,seq) values (?,?,?,?,?,default)
    Hibernate: insert into ft_participants (draft_order,fantasy_game_seq,player_id,preferred_team,team_name,seq) values (?,?,?,?,?,default)
    Hibernate: insert into ft_participants (draft_order,fantasy_game_seq,player_id,preferred_team,team_name,seq) values (?,?,?,?,?,default)
    Hibernate: insert into ft_participants (draft_order,fantasy_game_seq,player_id,preferred_team,team_name,seq) values (?,?,?,?,?,default)
    Hibernate: insert into ft_participants (draft_order,fantasy_game_seq,player_id,preferred_team,team_name,seq) values (?,?,?,?,?,default)
    Hibernate: insert into ft_participants (draft_order,fantasy_game_seq,player_id,preferred_team,team_name,seq) values (?,?,?,?,?,default)
    Hibernate: insert into ft_participants (draft_order,fantasy_game_seq,player_id,preferred_team,team_name,seq) values (?,?,?,?,?,default)
    Hibernate: insert into ft_participants (draft_order,fantasy_game_seq,player_id,preferred_team,team_name,seq) values (?,?,?,?,?,default)
    Hibernate: insert into ft_participants (draft_order,fantasy_game_seq,player_id,preferred_team,team_name,seq) values (?,?,?,?,?,default)
    Hibernate: insert into ft_participants (draft_order,fantasy_game_seq,player_id,preferred_team,team_name,seq) values (?,?,?,?,?,default)
    Hibernate: insert into ft_participants (draft_order,fantasy_game_seq,player_id,preferred_team,team_name,seq) values (?,?,?,?,?,default)
    Hibernate: insert into ft_participants (draft_order,fantasy_game_seq,player_id,preferred_team,team_name,seq) values (?,?,?,?,?,default)
    Hibernate: insert into ft_participants (draft_order,fantasy_game_seq,player_id,preferred_team,team_name,seq) values (?,?,?,?,?,default)
    Hibernate: insert into ft_participants (draft_order,fantasy_game_seq,player_id,preferred_team,team_name,seq) values (?,?,?,?,?,default)
    Hibernate: insert into ft_participants (draft_order,fantasy_game_seq,player_id,preferred_team,team_name,seq) values (?,?,?,?,?,default)
    Hibernate: insert into ft_participants (draft_order,fantasy_game_seq,player_id,preferred_team,team_name,seq) values (?,?,?,?,?,default)
    Hibernate: insert into ft_participants (draft_order,fantasy_game_seq,player_id,preferred_team,team_name,seq) values (?,?,?,?,?,default)
    Hibernate: insert into ft_participants (draft_order,fantasy_game_seq,player_id,preferred_team,team_name,seq) values (?,?,?,?,?,default)
    Hibernate: insert into ft_participants (draft_order,fantasy_game_seq,player_id,preferred_team,team_name,seq) values (?,?,?,?,?,default)
    Hibernate: insert into ft_participants (draft_order,fantasy_game_seq,player_id,preferred_team,team_name,seq) values (?,?,?,?,?,default)
    Hibernate: insert into ft_participants (draft_order,fantasy_game_seq,player_id,preferred_team,team_name,seq) values (?,?,?,?,?,default)
    Hibernate: insert into ft_participants (draft_order,fantasy_game_seq,player_id,preferred_team,team_name,seq) values (?,?,?,?,?,default)
    Hibernate: insert into ft_participants (draft_order,fantasy_game_seq,player_id,preferred_team,team_name,seq) values (?,?,?,?,?,default)
    Hibernate: insert into ft_participants (draft_order,fantasy_game_seq,player_id,preferred_team,team_name,seq) values (?,?,?,?,?,default)
    Hibernate: insert into ft_participants (draft_order,fantasy_game_seq,player_id,preferred_team,team_name,seq) values (?,?,?,?,?,default)
    Hibernate: insert into ft_participants (draft_order,fantasy_game_seq,player_id,preferred_team,team_name,seq) values (?,?,?,?,?,default)
    Hibernate: insert into ft_participants (draft_order,fantasy_game_seq,player_id,preferred_team,team_name,seq) values (?,?,?,?,?,default)
    Hibernate: insert into ft_participants (draft_order,fantasy_game_seq,player_id,preferred_team,team_name,seq) values (?,?,?,?,?,default)
    Hibernate: insert into ft_participants (draft_order,fantasy_game_seq,player_id,preferred_team,team_name,seq) values (?,?,?,?,?,default)
    Hibernate: insert into ft_participants (draft_order,fantasy_game_seq,player_id,preferred_team,team_name,seq) values (?,?,?,?,?,default)
    Hibernate: insert into ft_participants (draft_order,fantasy_game_seq,player_id,preferred_team,team_name,seq) values (?,?,?,?,?,default)
    Hibernate: insert into ft_participants (draft_order,fantasy_game_seq,player_id,preferred_team,team_name,seq) values (?,?,?,?,?,default)
    Hibernate: insert into ft_participants (draft_order,fantasy_game_seq,player_id,preferred_team,team_name,seq) values (?,?,?,?,?,default)
    Hibernate: insert into ft_participants (draft_order,fantasy_game_seq,player_id,preferred_team,team_name,seq) values (?,?,?,?,?,default)
    Hibernate: insert into ft_participants (draft_order,fantasy_game_seq,player_id,preferred_team,team_name,seq) values (?,?,?,?,?,default)
    Hibernate: insert into ft_participants (draft_order,fantasy_game_seq,player_id,preferred_team,team_name,seq) values (?,?,?,?,?,default)
    Hibernate: insert into ft_participants (draft_order,fantasy_game_seq,player_id,preferred_team,team_name,seq) values (?,?,?,?,?,default)
    Hibernate: insert into ft_participants (draft_order,fantasy_game_seq,player_id,preferred_team,team_name,seq) values (?,?,?,?,?,default)
    Hibernate: insert into ft_participants (draft_order,fantasy_game_seq,player_id,preferred_team,team_name,seq) values (?,?,?,?,?,default)
    Hibernate: insert into ft_participants (draft_order,fantasy_game_seq,player_id,preferred_team,team_name,seq) values (?,?,?,?,?,default)
    Hibernate: insert into ft_participants (draft_order,fantasy_game_seq,player_id,preferred_team,team_name,seq) values (?,?,?,?,?,default)
    Hibernate: insert into ft_participants (draft_order,fantasy_game_seq,player_id,preferred_team,team_name,seq) values (?,?,?,?,?,default)
    Hibernate: insert into ft_participants (draft_order,fantasy_game_seq,player_id,preferred_team,team_name,seq) values (?,?,?,?,?,default)
    Hibernate: insert into ft_participants (draft_order,fantasy_game_seq,player_id,preferred_team,team_name,seq) values (?,?,?,?,?,default)
    Hibernate: insert into ft_participants (draft_order,fantasy_game_seq,player_id,preferred_team,team_name,seq) values (?,?,?,?,?,default)
    Hibernate: insert into ft_participants (draft_order,fantasy_game_seq,player_id,preferred_team,team_name,seq) values (?,?,?,?,?,default)
    Hibernate: insert into ft_participants (draft_order,fantasy_game_seq,player_id,preferred_team,team_name,seq) values (?,?,?,?,?,default)
    Hibernate: insert into ft_participants (draft_order,fantasy_game_seq,player_id,preferred_team,team_name,seq) values (?,?,?,?,?,default)
    Hibernate: insert into ft_participants (draft_order,fantasy_game_seq,player_id,preferred_team,team_name,seq) values (?,?,?,?,?,default)
    Hibernate: insert into ft_participants (draft_order,fantasy_game_seq,player_id,preferred_team,team_name,seq) values (?,?,?,?,?,default)
    Hibernate: insert into ft_participants (draft_order,fantasy_game_seq,player_id,preferred_team,team_name,seq) values (?,?,?,?,?,default)
    Hibernate: insert into ft_participants (draft_order,fantasy_game_seq,player_id,preferred_team,team_name,seq) values (?,?,?,?,?,default)
    Hibernate: insert into ft_participants (draft_order,fantasy_game_seq,player_id,preferred_team,team_name,seq) values (?,?,?,?,?,default)
    Hibernate: insert into ft_participants (draft_order,fantasy_game_seq,player_id,preferred_team,team_name,seq) values (?,?,?,?,?,default)
    Hibernate: insert into ft_participants (draft_order,fantasy_game_seq,player_id,preferred_team,team_name,seq) values (?,?,?,?,?,default)
    Hibernate: insert into ft_participants (draft_order,fantasy_game_seq,player_id,preferred_team,team_name,seq) values (?,?,?,?,?,default)
    Hibernate: insert into ft_participants (draft_order,fantasy_game_seq,player_id,preferred_team,team_name,seq) values (?,?,?,?,?,default)
    Hibernate: insert into ft_participants (draft_order,fantasy_game_seq,player_id,preferred_team,team_name,seq) values (?,?,?,?,?,default)
    Hibernate: insert into ft_participants (draft_order,fantasy_game_seq,player_id,preferred_team,team_name,seq) values (?,?,?,?,?,default)
    Hibernate: insert into ft_participants (draft_order,fantasy_game_seq,player_id,preferred_team,team_name,seq) values (?,?,?,?,?,default)
    Hibernate: insert into ft_participants (draft_order,fantasy_game_seq,player_id,preferred_team,team_name,seq) values (?,?,?,?,?,default)
    Hibernate: insert into ft_participants (draft_order,fantasy_game_seq,player_id,preferred_team,team_name,seq) values (?,?,?,?,?,default)
    Hibernate: insert into ft_participants (draft_order,fantasy_game_seq,player_id,preferred_team,team_name,seq) values (?,?,?,?,?,default)
    Hibernate: insert into ft_participants (draft_order,fantasy_game_seq,player_id,preferred_team,team_name,seq) values (?,?,?,?,?,default)
    Hibernate: insert into ft_participants (draft_order,fantasy_game_seq,player_id,preferred_team,team_name,seq) values (?,?,?,?,?,default)
    Hibernate: insert into ft_participants (draft_order,fantasy_game_seq,player_id,preferred_team,team_name,seq) values (?,?,?,?,?,default)
    Hibernate: insert into ft_participants (draft_order,fantasy_game_seq,player_id,preferred_team,team_name,seq) values (?,?,?,?,?,default)
    Hibernate: insert into ft_participants (draft_order,fantasy_game_seq,player_id,preferred_team,team_name,seq) values (?,?,?,?,?,default)
    Hibernate: insert into ft_participants (draft_order,fantasy_game_seq,player_id,preferred_team,team_name,seq) values (?,?,?,?,?,default)
    Hibernate: insert into ft_participants (draft_order,fantasy_game_seq,player_id,preferred_team,team_name,seq) values (?,?,?,?,?,default)
    Hibernate: insert into ft_participants (draft_order,fantasy_game_seq,player_id,preferred_team,team_name,seq) values (?,?,?,?,?,default)
    Hibernate: insert into ft_participants (draft_order,fantasy_game_seq,player_id,preferred_team,team_name,seq) values (?,?,?,?,?,default)
    Hibernate: insert into ft_participants (draft_order,fantasy_game_seq,player_id,preferred_team,team_name,seq) values (?,?,?,?,?,default)
    Hibernate: insert into ft_participants (draft_order,fantasy_game_seq,player_id,preferred_team,team_name,seq) values (?,?,?,?,?,default)
    Hibernate: insert into ft_participants (draft_order,fantasy_game_seq,player_id,preferred_team,team_name,seq) values (?,?,?,?,?,default)
    Hibernate: insert into ft_participants (draft_order,fantasy_game_seq,player_id,preferred_team,team_name,seq) values (?,?,?,?,?,default)
    Hibernate: insert into ft_participants (draft_order,fantasy_game_seq,player_id,preferred_team,team_name,seq) values (?,?,?,?,?,default)
    Hibernate: insert into ft_participants (draft_order,fantasy_game_seq,player_id,preferred_team,team_name,seq) values (?,?,?,?,?,default)
    Hibernate: insert into ft_participants (draft_order,fantasy_game_seq,player_id,preferred_team,team_name,seq) values (?,?,?,?,?,default)
    Hibernate: insert into ft_participants (draft_order,fantasy_game_seq,player_id,preferred_team,team_name,seq) values (?,?,?,?,?,default)
    Hibernate: insert into ft_participants (draft_order,fantasy_game_seq,player_id,preferred_team,team_name,seq) values (?,?,?,?,?,default)
    Hibernate: insert into ft_participants (draft_order,fantasy_game_seq,player_id,preferred_team,team_name,seq) values (?,?,?,?,?,default)
    Hibernate: insert into ft_participants (draft_order,fantasy_game_seq,player_id,preferred_team,team_name,seq) values (?,?,?,?,?,default)
    Hibernate: insert into ft_participants (draft_order,fantasy_game_seq,player_id,preferred_team,team_name,seq) values (?,?,?,?,?,default)
    Hibernate: insert into ft_participants (draft_order,fantasy_game_seq,player_id,preferred_team,team_name,seq) values (?,?,?,?,?,default)
    Hibernate: insert into ft_participants (draft_order,fantasy_game_seq,player_id,preferred_team,team_name,seq) values (?,?,?,?,?,default)
    Hibernate: insert into ft_participants (draft_order,fantasy_game_seq,player_id,preferred_team,team_name,seq) values (?,?,?,?,?,default)
    Hibernate: insert into ft_participants (draft_order,fantasy_game_seq,player_id,preferred_team,team_name,seq) values (?,?,?,?,?,default)
    Hibernate: insert into ft_participants (draft_order,fantasy_game_seq,player_id,preferred_team,team_name,seq) values (?,?,?,?,?,default)
    Hibernate: insert into ft_participants (draft_order,fantasy_game_seq,player_id,preferred_team,team_name,seq) values (?,?,?,?,?,default)
    Hibernate: insert into ft_participants (draft_order,fantasy_game_seq,player_id,preferred_team,team_name,seq) values (?,?,?,?,?,default)
    Hibernate: insert into ft_participants (draft_order,fantasy_game_seq,player_id,preferred_team,team_name,seq) values (?,?,?,?,?,default)
    Hibernate: insert into ft_participants (draft_order,fantasy_game_seq,player_id,preferred_team,team_name,seq) values (?,?,?,?,?,default)
    Hibernate: insert into ft_participants (draft_order,fantasy_game_seq,player_id,preferred_team,team_name,seq) values (?,?,?,?,?,default)
    Hibernate: insert into ft_participants (draft_order,fantasy_game_seq,player_id,preferred_team,team_name,seq) values (?,?,?,?,?,default)
    Hibernate: insert into ft_participants (draft_order,fantasy_game_seq,player_id,preferred_team,team_name,seq) values (?,?,?,?,?,default)
    Hibernate: insert into ft_participants (draft_order,fantasy_game_seq,player_id,preferred_team,team_name,seq) values (?,?,?,?,?,default)
    Hibernate: insert into ft_participants (draft_order,fantasy_game_seq,player_id,preferred_team,team_name,seq) values (?,?,?,?,?,default)
    Hibernate: insert into ft_participants (draft_order,fantasy_game_seq,player_id,preferred_team,team_name,seq) values (?,?,?,?,?,default)
    Hibernate: insert into ft_participants (draft_order,fantasy_game_seq,player_id,preferred_team,team_name,seq) values (?,?,?,?,?,default)
    Hibernate: insert into ft_participants (draft_order,fantasy_game_seq,player_id,preferred_team,team_name,seq) values (?,?,?,?,?,default)
    Hibernate: insert into ft_participants (draft_order,fantasy_game_seq,player_id,preferred_team,team_name,seq) values (?,?,?,?,?,default)
    Hibernate: insert into ft_participants (draft_order,fantasy_game_seq,player_id,preferred_team,team_name,seq) values (?,?,?,?,?,default)
    Hibernate: insert into ft_participants (draft_order,fantasy_game_seq,player_id,preferred_team,team_name,seq) values (?,?,?,?,?,default)
    Hibernate: insert into ft_participants (draft_order,fantasy_game_seq,player_id,preferred_team,team_name,seq) values (?,?,?,?,?,default)
    Hibernate: insert into ft_participants (draft_order,fantasy_game_seq,player_id,preferred_team,team_name,seq) values (?,?,?,?,?,default)
    Hibernate: insert into ft_participants (draft_order,fantasy_game_seq,player_id,preferred_team,team_name,seq) values (?,?,?,?,?,default)
    Hibernate: insert into ft_participants (draft_order,fantasy_game_seq,player_id,preferred_team,team_name,seq) values (?,?,?,?,?,default)
    Hibernate: insert into ft_participants (draft_order,fantasy_game_seq,player_id,preferred_team,team_name,seq) values (?,?,?,?,?,default)
    Hibernate: insert into ft_participants (draft_order,fantasy_game_seq,player_id,preferred_team,team_name,seq) values (?,?,?,?,?,default)
    Hibernate: insert into ft_participants (draft_order,fantasy_game_seq,player_id,preferred_team,team_name,seq) values (?,?,?,?,?,default)
    Hibernate: insert into ft_participants (draft_order,fantasy_game_seq,player_id,preferred_team,team_name,seq) values (?,?,?,?,?,default)
    Hibernate: insert into ft_participants (draft_order,fantasy_game_seq,player_id,preferred_team,team_name,seq) values (?,?,?,?,?,default)
    Hibernate: insert into ft_participants (draft_order,fantasy_game_seq,player_id,preferred_team,team_name,seq) values (?,?,?,?,?,default)
    Hibernate: insert into ft_participants (draft_order,fantasy_game_seq,player_id,preferred_team,team_name,seq) values (?,?,?,?,?,default)
    Hibernate: insert into ft_participants (draft_order,fantasy_game_seq,player_id,preferred_team,team_name,seq) values (?,?,?,?,?,default)
    Hibernate: insert into ft_participants (draft_order,fantasy_game_seq,player_id,preferred_team,team_name,seq) values (?,?,?,?,?,default)
    Hibernate: insert into ft_participants (draft_order,fantasy_game_seq,player_id,preferred_team,team_name,seq) values (?,?,?,?,?,default)
    Hibernate: insert into ft_participants (draft_order,fantasy_game_seq,player_id,preferred_team,team_name,seq) values (?,?,?,?,?,default)
    Hibernate: insert into ft_participants (draft_order,fantasy_game_seq,player_id,preferred_team,team_name,seq) values (?,?,?,?,?,default)
    Hibernate: insert into ft_participants (draft_order,fantasy_game_seq,player_id,preferred_team,team_name,seq) values (?,?,?,?,?,default)
    Hibernate: insert into ft_participants (draft_order,fantasy_game_seq,player_id,preferred_team,team_name,seq) values (?,?,?,?,?,default)
    Hibernate: insert into ft_participants (draft_order,fantasy_game_seq,player_id,preferred_team,team_name,seq) values (?,?,?,?,?,default)
    Hibernate: insert into ft_participants (draft_order,fantasy_game_seq,player_id,preferred_team,team_name,seq) values (?,?,?,?,?,default)
    Hibernate: insert into ft_participants (draft_order,fantasy_game_seq,player_id,preferred_team,team_name,seq) values (?,?,?,?,?,default)
    Hibernate: insert into ft_participants (draft_order,fantasy_game_seq,player_id,preferred_team,team_name,seq) values (?,?,?,?,?,default)
    Hibernate: insert into ft_participants (draft_order,fantasy_game_seq,player_id,preferred_team,team_name,seq) values (?,?,?,?,?,default)
    Hibernate: insert into ft_participants (draft_order,fantasy_game_seq,player_id,preferred_team,team_name,seq) values (?,?,?,?,?,default)
    Hibernate: insert into ft_participants (draft_order,fantasy_game_seq,player_id,preferred_team,team_name,seq) values (?,?,?,?,?,default)
    Hibernate: insert into ft_participants (draft_order,fantasy_game_seq,player_id,preferred_team,team_name,seq) values (?,?,?,?,?,default)
    Hibernate: insert into ft_participants (draft_order,fantasy_game_seq,player_id,preferred_team,team_name,seq) values (?,?,?,?,?,default)
    Hibernate: insert into ft_participants (draft_order,fantasy_game_seq,player_id,preferred_team,team_name,seq) values (?,?,?,?,?,default)
    Hibernate: insert into ft_participants (draft_order,fantasy_game_seq,player_id,preferred_team,team_name,seq) values (?,?,?,?,?,default)
    Hibernate: insert into ft_participants (draft_order,fantasy_game_seq,player_id,preferred_team,team_name,seq) values (?,?,?,?,?,default)
    Hibernate: insert into ft_participants (draft_order,fantasy_game_seq,player_id,preferred_team,team_name,seq) values (?,?,?,?,?,default)
    Hibernate: insert into ft_participants (draft_order,fantasy_game_seq,player_id,preferred_team,team_name,seq) values (?,?,?,?,?,default)
    Hibernate: insert into ft_participants (draft_order,fantasy_game_seq,player_id,preferred_team,team_name,seq) values (?,?,?,?,?,default)
    Hibernate: insert into ft_participants (draft_order,fantasy_game_seq,player_id,preferred_team,team_name,seq) values (?,?,?,?,?,default)
    Hibernate: insert into ft_participants (draft_order,fantasy_game_seq,player_id,preferred_team,team_name,seq) values (?,?,?,?,?,default)
    Hibernate: insert into ft_participants (draft_order,fantasy_game_seq,player_id,preferred_team,team_name,seq) values (?,?,?,?,?,default)
    Hibernate: insert into ft_participants (draft_order,fantasy_game_seq,player_id,preferred_team,team_name,seq) values (?,?,?,?,?,default)
    Hibernate: insert into ft_participants (draft_order,fantasy_game_seq,player_id,preferred_team,team_name,seq) values (?,?,?,?,?,default)
    Hibernate: insert into ft_participants (draft_order,fantasy_game_seq,player_id,preferred_team,team_name,seq) values (?,?,?,?,?,default)
    Hibernate: insert into ft_participants (draft_order,fantasy_game_seq,player_id,preferred_team,team_name,seq) values (?,?,?,?,?,default)
    Hibernate: insert into ft_participants (draft_order,fantasy_game_seq,player_id,preferred_team,team_name,seq) values (?,?,?,?,?,default)
    Hibernate: insert into ft_participants (draft_order,fantasy_game_seq,player_id,preferred_team,team_name,seq) values (?,?,?,?,?,default)
    Hibernate: insert into ft_participants (draft_order,fantasy_game_seq,player_id,preferred_team,team_name,seq) values (?,?,?,?,?,default)
    Hibernate: insert into ft_participants (draft_order,fantasy_game_seq,player_id,preferred_team,team_name,seq) values (?,?,?,?,?,default)
    Hibernate: insert into ft_participants (draft_order,fantasy_game_seq,player_id,preferred_team,team_name,seq) values (?,?,?,?,?,default)
    Hibernate: insert into ft_participants (draft_order,fantasy_game_seq,player_id,preferred_team,team_name,seq) values (?,?,?,?,?,default)
    Hibernate: insert into ft_participants (draft_order,fantasy_game_seq,player_id,preferred_team,team_name,seq) values (?,?,?,?,?,default)
    Hibernate: insert into ft_participants (draft_order,fantasy_game_seq,player_id,preferred_team,team_name,seq) values (?,?,?,?,?,default)
    Hibernate: insert into ft_participants (draft_order,fantasy_game_seq,player_id,preferred_team,team_name,seq) values (?,?,?,?,?,default)
    Hibernate: insert into ft_participants (draft_order,fantasy_game_seq,player_id,preferred_team,team_name,seq) values (?,?,?,?,?,default)
    Hibernate: insert into ft_participants (draft_order,fantasy_game_seq,player_id,preferred_team,team_name,seq) values (?,?,?,?,?,default)
    Hibernate: insert into ft_participants (draft_order,fantasy_game_seq,player_id,preferred_team,team_name,seq) values (?,?,?,?,?,default)
    Hibernate: insert into ft_participants (draft_order,fantasy_game_seq,player_id,preferred_team,team_name,seq) values (?,?,?,?,?,default)
    Hibernate: insert into ft_participants (draft_order,fantasy_game_seq,player_id,preferred_team,team_name,seq) values (?,?,?,?,?,default)
    Hibernate: insert into ft_participants (draft_order,fantasy_game_seq,player_id,preferred_team,team_name,seq) values (?,?,?,?,?,default)
    Hibernate: insert into ft_participants (draft_order,fantasy_game_seq,player_id,preferred_team,team_name,seq) values (?,?,?,?,?,default)
    Hibernate: insert into ft_participants (draft_order,fantasy_game_seq,player_id,preferred_team,team_name,seq) values (?,?,?,?,?,default)
    Hibernate: insert into ft_participants (draft_order,fantasy_game_seq,player_id,preferred_team,team_name,seq) values (?,?,?,?,?,default)
    Hibernate: insert into ft_participants (draft_order,fantasy_game_seq,player_id,preferred_team,team_name,seq) values (?,?,?,?,?,default)
    Hibernate: insert into ft_participants (draft_order,fantasy_game_seq,player_id,preferred_team,team_name,seq) values (?,?,?,?,?,default)
    Hibernate: insert into ft_participants (draft_order,fantasy_game_seq,player_id,preferred_team,team_name,seq) values (?,?,?,?,?,default)
    Hibernate: insert into ft_participants (draft_order,fantasy_game_seq,player_id,preferred_team,team_name,seq) values (?,?,?,?,?,default)
    Hibernate: insert into ft_participants (draft_order,fantasy_game_seq,player_id,preferred_team,team_name,seq) values (?,?,?,?,?,default)
    Hibernate: insert into ft_participants (draft_order,fantasy_game_seq,player_id,preferred_team,team_name,seq) values (?,?,?,?,?,default)
    Hibernate: insert into ft_participants (draft_order,fantasy_game_seq,player_id,preferred_team,team_name,seq) values (?,?,?,?,?,default)
    Hibernate: insert into ft_participants (draft_order,fantasy_game_seq,player_id,preferred_team,team_name,seq) values (?,?,?,?,?,default)
    Hibernate: insert into ft_participants (draft_order,fantasy_game_seq,player_id,preferred_team,team_name,seq) values (?,?,?,?,?,default)
    Hibernate: insert into ft_participants (draft_order,fantasy_game_seq,player_id,preferred_team,team_name,seq) values (?,?,?,?,?,default)
    Hibernate: insert into ft_participants (draft_order,fantasy_game_seq,player_id,preferred_team,team_name,seq) values (?,?,?,?,?,default)
    Hibernate: insert into ft_participants (draft_order,fantasy_game_seq,player_id,preferred_team,team_name,seq) values (?,?,?,?,?,default)
    Hibernate: insert into ft_participants (draft_order,fantasy_game_seq,player_id,preferred_team,team_name,seq) values (?,?,?,?,?,default)
    Hibernate: insert into ft_participants (draft_order,fantasy_game_seq,player_id,preferred_team,team_name,seq) values (?,?,?,?,?,default)
    Hibernate: insert into ft_participants (draft_order,fantasy_game_seq,player_id,preferred_team,team_name,seq) values (?,?,?,?,?,default)
    Hibernate: insert into ft_participants (draft_order,fantasy_game_seq,player_id,preferred_team,team_name,seq) values (?,?,?,?,?,default)
    Hibernate: insert into ft_participants (draft_order,fantasy_game_seq,player_id,preferred_team,team_name,seq) values (?,?,?,?,?,default)
    Hibernate: insert into ft_participants (draft_order,fantasy_game_seq,player_id,preferred_team,team_name,seq) values (?,?,?,?,?,default)
    Hibernate: insert into ft_participants (draft_order,fantasy_game_seq,player_id,preferred_team,team_name,seq) values (?,?,?,?,?,default)
    Hibernate: insert into ft_participants (draft_order,fantasy_game_seq,player_id,preferred_team,team_name,seq) values (?,?,?,?,?,default)
    Hibernate: insert into ft_participants (draft_order,fantasy_game_seq,player_id,preferred_team,team_name,seq) values (?,?,?,?,?,default)
    Hibernate: insert into ft_participants (draft_order,fantasy_game_seq,player_id,preferred_team,team_name,seq) values (?,?,?,?,?,default)
    Hibernate: insert into ft_participants (draft_order,fantasy_game_seq,player_id,preferred_team,team_name,seq) values (?,?,?,?,?,default)
    Hibernate: insert into ft_participants (draft_order,fantasy_game_seq,player_id,preferred_team,team_name,seq) values (?,?,?,?,?,default)
    Hibernate: insert into ft_participants (draft_order,fantasy_game_seq,player_id,preferred_team,team_name,seq) values (?,?,?,?,?,default)
    Hibernate: insert into ft_participants (draft_order,fantasy_game_seq,player_id,preferred_team,team_name,seq) values (?,?,?,?,?,default)
    Hibernate: insert into ft_participants (draft_order,fantasy_game_seq,player_id,preferred_team,team_name,seq) values (?,?,?,?,?,default)
    Hibernate: insert into ft_participants (draft_order,fantasy_game_seq,player_id,preferred_team,team_name,seq) values (?,?,?,?,?,default)
    Hibernate: insert into ft_participants (draft_order,fantasy_game_seq,player_id,preferred_team,team_name,seq) values (?,?,?,?,?,default)
    Hibernate: insert into ft_participants (draft_order,fantasy_game_seq,player_id,preferred_team,team_name,seq) values (?,?,?,?,?,default)
    Hibernate: insert into ft_participants (draft_order,fantasy_game_seq,player_id,preferred_team,team_name,seq) values (?,?,?,?,?,default)
    Hibernate: insert into ft_participants (draft_order,fantasy_game_seq,player_id,preferred_team,team_name,seq) values (?,?,?,?,?,default)
    Hibernate: insert into ft_participants (draft_order,fantasy_game_seq,player_id,preferred_team,team_name,seq) values (?,?,?,?,?,default)
    Hibernate: insert into ft_participants (draft_order,fantasy_game_seq,player_id,preferred_team,team_name,seq) values (?,?,?,?,?,default)
    Hibernate: insert into ft_participants (draft_order,fantasy_game_seq,player_id,preferred_team,team_name,seq) values (?,?,?,?,?,default)
    Hibernate: insert into ft_participants (draft_order,fantasy_game_seq,player_id,preferred_team,team_name,seq) values (?,?,?,?,?,default)
    Hibernate: insert into ft_participants (draft_order,fantasy_game_seq,player_id,preferred_team,team_name,seq) values (?,?,?,?,?,default)
    Hibernate: insert into ft_participants (draft_order,fantasy_game_seq,player_id,preferred_team,team_name,seq) values (?,?,?,?,?,default)
    Hibernate: insert into ft_participants (draft_order,fantasy_game_seq,player_id,preferred_team,team_name,seq) values (?,?,?,?,?,default)
    Hibernate: insert into ft_participants (draft_order,fantasy_game_seq,player_id,preferred_team,team_name,seq) values (?,?,?,?,?,default)
    Hibernate: insert into ft_participants (draft_order,fantasy_game_seq,player_id,preferred_team,team_name,seq) values (?,?,?,?,?,default)
    Hibernate: insert into ft_participants (draft_order,fantasy_game_seq,player_id,preferred_team,team_name,seq) values (?,?,?,?,?,default)
    Hibernate: insert into ft_participants (draft_order,fantasy_game_seq,player_id,preferred_team,team_name,seq) values (?,?,?,?,?,default)
    Hibernate: insert into ft_participants (draft_order,fantasy_game_seq,player_id,preferred_team,team_name,seq) values (?,?,?,?,?,default)
    Hibernate: insert into ft_participants (draft_order,fantasy_game_seq,player_id,preferred_team,team_name,seq) values (?,?,?,?,?,default)
    Hibernate: insert into ft_participants (draft_order,fantasy_game_seq,player_id,preferred_team,team_name,seq) values (?,?,?,?,?,default)
    Hibernate: insert into ft_participants (draft_order,fantasy_game_seq,player_id,preferred_team,team_name,seq) values (?,?,?,?,?,default)
    Hibernate: insert into ft_participants (draft_order,fantasy_game_seq,player_id,preferred_team,team_name,seq) values (?,?,?,?,?,default)
    Hibernate: insert into ft_participants (draft_order,fantasy_game_seq,player_id,preferred_team,team_name,seq) values (?,?,?,?,?,default)
    Hibernate: insert into ft_participants (draft_order,fantasy_game_seq,player_id,preferred_team,team_name,seq) values (?,?,?,?,?,default)
    Hibernate: insert into ft_participants (draft_order,fantasy_game_seq,player_id,preferred_team,team_name,seq) values (?,?,?,?,?,default)
    Hibernate: insert into ft_participants (draft_order,fantasy_game_seq,player_id,preferred_team,team_name,seq) values (?,?,?,?,?,default)
    Hibernate: insert into ft_participants (draft_order,fantasy_game_seq,player_id,preferred_team,team_name,seq) values (?,?,?,?,?,default)
    Hibernate: insert into ft_participants (draft_order,fantasy_game_seq,player_id,preferred_team,team_name,seq) values (?,?,?,?,?,default)
    Hibernate: insert into ft_participants (draft_order,fantasy_game_seq,player_id,preferred_team,team_name,seq) values (?,?,?,?,?,default)
    Hibernate: insert into ft_participants (draft_order,fantasy_game_seq,player_id,preferred_team,team_name,seq) values (?,?,?,?,?,default)
    Hibernate: insert into ft_participants (draft_order,fantasy_game_seq,player_id,preferred_team,team_name,seq) values (?,?,?,?,?,default)
    Hibernate: insert into ft_participants (draft_order,fantasy_game_seq,player_id,preferred_team,team_name,seq) values (?,?,?,?,?,default)
    Hibernate: insert into ft_participants (draft_order,fantasy_game_seq,player_id,preferred_team,team_name,seq) values (?,?,?,?,?,default)
    Hibernate: insert into ft_participants (draft_order,fantasy_game_seq,player_id,preferred_team,team_name,seq) values (?,?,?,?,?,default)
    Hibernate: insert into ft_participants (draft_order,fantasy_game_seq,player_id,preferred_team,team_name,seq) values (?,?,?,?,?,default)
    Hibernate: insert into ft_participants (draft_order,fantasy_game_seq,player_id,preferred_team,team_name,seq) values (?,?,?,?,?,default)
    Hibernate: insert into ft_participants (draft_order,fantasy_game_seq,player_id,preferred_team,team_name,seq) values (?,?,?,?,?,default)
    Hibernate: insert into ft_participants (draft_order,fantasy_game_seq,player_id,preferred_team,team_name,seq) values (?,?,?,?,?,default)
    Hibernate: insert into ft_participants (draft_order,fantasy_game_seq,player_id,preferred_team,team_name,seq) values (?,?,?,?,?,default)
    Hibernate: insert into ft_participants (draft_order,fantasy_game_seq,player_id,preferred_team,team_name,seq) values (?,?,?,?,?,default)
    Hibernate: insert into ft_participants (draft_order,fantasy_game_seq,player_id,preferred_team,team_name,seq) values (?,?,?,?,?,default)
    Hibernate: insert into ft_participants (draft_order,fantasy_game_seq,player_id,preferred_team,team_name,seq) values (?,?,?,?,?,default)
    Hibernate: insert into ft_participants (draft_order,fantasy_game_seq,player_id,preferred_team,team_name,seq) values (?,?,?,?,?,default)
    Hibernate: insert into ft_participants (draft_order,fantasy_game_seq,player_id,preferred_team,team_name,seq) values (?,?,?,?,?,default)
    Hibernate: insert into ft_participants (draft_order,fantasy_game_seq,player_id,preferred_team,team_name,seq) values (?,?,?,?,?,default)
    Hibernate: insert into ft_participants (draft_order,fantasy_game_seq,player_id,preferred_team,team_name,seq) values (?,?,?,?,?,default)
    Hibernate: insert into ft_participants (draft_order,fantasy_game_seq,player_id,preferred_team,team_name,seq) values (?,?,?,?,?,default)
    Hibernate: insert into ft_participants (draft_order,fantasy_game_seq,player_id,preferred_team,team_name,seq) values (?,?,?,?,?,default)
    Hibernate: insert into ft_participants (draft_order,fantasy_game_seq,player_id,preferred_team,team_name,seq) values (?,?,?,?,?,default)
    Hibernate: insert into ft_participants (draft_order,fantasy_game_seq,player_id,preferred_team,team_name,seq) values (?,?,?,?,?,default)
    Hibernate: insert into ft_participants (draft_order,fantasy_game_seq,player_id,preferred_team,team_name,seq) values (?,?,?,?,?,default)
    Hibernate: insert into ft_participants (draft_order,fantasy_game_seq,player_id,preferred_team,team_name,seq) values (?,?,?,?,?,default)
    Hibernate: insert into ft_participants (draft_order,fantasy_game_seq,player_id,preferred_team,team_name,seq) values (?,?,?,?,?,default)
    Hibernate: insert into ft_participants (draft_order,fantasy_game_seq,player_id,preferred_team,team_name,seq) values (?,?,?,?,?,default)
    Hibernate: insert into ft_participants (draft_order,fantasy_game_seq,player_id,preferred_team,team_name,seq) values (?,?,?,?,?,default)
    Hibernate: insert into ft_participants (draft_order,fantasy_game_seq,player_id,preferred_team,team_name,seq) values (?,?,?,?,?,default)
    Hibernate: insert into ft_participants (draft_order,fantasy_game_seq,player_id,preferred_team,team_name,seq) values (?,?,?,?,?,default)
    Hibernate: insert into ft_participants (draft_order,fantasy_game_seq,player_id,preferred_team,team_name,seq) values (?,?,?,?,?,default)
    Hibernate: insert into ft_participants (draft_order,fantasy_game_seq,player_id,preferred_team,team_name,seq) values (?,?,?,?,?,default)
    Hibernate: insert into ft_participants (draft_order,fantasy_game_seq,player_id,preferred_team,team_name,seq) values (?,?,?,?,?,default)
    Hibernate: insert into ft_participants (draft_order,fantasy_game_seq,player_id,preferred_team,team_name,seq) values (?,?,?,?,?,default)
    Hibernate: insert into ft_participants (draft_order,fantasy_game_seq,player_id,preferred_team,team_name,seq) values (?,?,?,?,?,default)
    Hibernate: insert into ft_participants (draft_order,fantasy_game_seq,player_id,preferred_team,team_name,seq) values (?,?,?,?,?,default)
    Hibernate: insert into ft_participants (draft_order,fantasy_game_seq,player_id,preferred_team,team_name,seq) values (?,?,?,?,?,default)
    Hibernate: insert into ft_participants (draft_order,fantasy_game_seq,player_id,preferred_team,team_name,seq) values (?,?,?,?,?,default)
    Hibernate: insert into ft_participants (draft_order,fantasy_game_seq,player_id,preferred_team,team_name,seq) values (?,?,?,?,?,default)
    Hibernate: insert into ft_participants (draft_order,fantasy_game_seq,player_id,preferred_team,team_name,seq) values (?,?,?,?,?,default)
    Hibernate: insert into ft_participants (draft_order,fantasy_game_seq,player_id,preferred_team,team_name,seq) values (?,?,?,?,?,default)
    Hibernate: insert into ft_participants (draft_order,fantasy_game_seq,player_id,preferred_team,team_name,seq) values (?,?,?,?,?,default)
    Hibernate: insert into ft_participants (draft_order,fantasy_game_seq,player_id,preferred_team,team_name,seq) values (?,?,?,?,?,default)
    Hibernate: insert into ft_participants (draft_order,fantasy_game_seq,player_id,preferred_team,team_name,seq) values (?,?,?,?,?,default)
    Hibernate: insert into ft_participants (draft_order,fantasy_game_seq,player_id,preferred_team,team_name,seq) values (?,?,?,?,?,default)
    Hibernate: insert into ft_participants (draft_order,fantasy_game_seq,player_id,preferred_team,team_name,seq) values (?,?,?,?,?,default)
    Hibernate: insert into ft_participants (draft_order,fantasy_game_seq,player_id,preferred_team,team_name,seq) values (?,?,?,?,?,default)
    Hibernate: insert into ft_participants (draft_order,fantasy_game_seq,player_id,preferred_team,team_name,seq) values (?,?,?,?,?,default)
    Hibernate: insert into ft_participants (draft_order,fantasy_game_seq,player_id,preferred_team,team_name,seq) values (?,?,?,?,?,default)
    Hibernate: insert into ft_participants (draft_order,fantasy_game_seq,player_id,preferred_team,team_name,seq) values (?,?,?,?,?,default)
    Hibernate: insert into ft_participants (draft_order,fantasy_game_seq,player_id,preferred_team,team_name,seq) values (?,?,?,?,?,default)
    Hibernate: insert into ft_participants (draft_order,fantasy_game_seq,player_id,preferred_team,team_name,seq) values (?,?,?,?,?,default)
    Hibernate: insert into ft_participants (draft_order,fantasy_game_seq,player_id,preferred_team,team_name,seq) values (?,?,?,?,?,default)
    Hibernate: insert into ft_participants (draft_order,fantasy_game_seq,player_id,preferred_team,team_name,seq) values (?,?,?,?,?,default)
    Hibernate: insert into ft_participants (draft_order,fantasy_game_seq,player_id,preferred_team,team_name,seq) values (?,?,?,?,?,default)
    Hibernate: insert into ft_participants (draft_order,fantasy_game_seq,player_id,preferred_team,team_name,seq) values (?,?,?,?,?,default)
    Hibernate: insert into ft_participants (draft_order,fantasy_game_seq,player_id,preferred_team,team_name,seq) values (?,?,?,?,?,default)
    Hibernate: insert into ft_participants (draft_order,fantasy_game_seq,player_id,preferred_team,team_name,seq) values (?,?,?,?,?,default)
    Hibernate: insert into ft_participants (draft_order,fantasy_game_seq,player_id,preferred_team,team_name,seq) values (?,?,?,?,?,default)
    Hibernate: insert into ft_participants (draft_order,fantasy_game_seq,player_id,preferred_team,team_name,seq) values (?,?,?,?,?,default)
    Hibernate: insert into ft_participants (draft_order,fantasy_game_seq,player_id,preferred_team,team_name,seq) values (?,?,?,?,?,default)
    Hibernate: insert into ft_participants (draft_order,fantasy_game_seq,player_id,preferred_team,team_name,seq) values (?,?,?,?,?,default)
    Hibernate: insert into ft_participants (draft_order,fantasy_game_seq,player_id,preferred_team,team_name,seq) values (?,?,?,?,?,default)
    Hibernate: insert into ft_participants (draft_order,fantasy_game_seq,player_id,preferred_team,team_name,seq) values (?,?,?,?,?,default)
    Hibernate: insert into ft_participants (draft_order,fantasy_game_seq,player_id,preferred_team,team_name,seq) values (?,?,?,?,?,default)
    Hibernate: insert into ft_participants (draft_order,fantasy_game_seq,player_id,preferred_team,team_name,seq) values (?,?,?,?,?,default)
    Hibernate: insert into ft_participants (draft_order,fantasy_game_seq,player_id,preferred_team,team_name,seq) values (?,?,?,?,?,default)
    Hibernate: insert into ft_participants (draft_order,fantasy_game_seq,player_id,preferred_team,team_name,seq) values (?,?,?,?,?,default)
    Hibernate: insert into ft_participants (draft_order,fantasy_game_seq,player_id,preferred_team,team_name,seq) values (?,?,?,?,?,default)
    Hibernate: insert into ft_participants (draft_order,fantasy_game_seq,player_id,preferred_team,team_name,seq) values (?,?,?,?,?,default)
    Hibernate: insert into ft_participants (draft_order,fantasy_game_seq,player_id,preferred_team,team_name,seq) values (?,?,?,?,?,default)
    Hibernate: insert into ft_participants (draft_order,fantasy_game_seq,player_id,preferred_team,team_name,seq) values (?,?,?,?,?,default)
    Hibernate: insert into ft_participants (draft_order,fantasy_game_seq,player_id,preferred_team,team_name,seq) values (?,?,?,?,?,default)
    Hibernate: insert into ft_participants (draft_order,fantasy_game_seq,player_id,preferred_team,team_name,seq) values (?,?,?,?,?,default)
    Hibernate: insert into ft_participants (draft_order,fantasy_game_seq,player_id,preferred_team,team_name,seq) values (?,?,?,?,?,default)
    Hibernate: insert into ft_participants (draft_order,fantasy_game_seq,player_id,preferred_team,team_name,seq) values (?,?,?,?,?,default)
    Hibernate: insert into ft_participants (draft_order,fantasy_game_seq,player_id,preferred_team,team_name,seq) values (?,?,?,?,?,default)
    Hibernate: insert into ft_participants (draft_order,fantasy_game_seq,player_id,preferred_team,team_name,seq) values (?,?,?,?,?,default)
    Hibernate: insert into ft_participants (draft_order,fantasy_game_seq,player_id,preferred_team,team_name,seq) values (?,?,?,?,?,default)
    Hibernate: insert into ft_participants (draft_order,fantasy_game_seq,player_id,preferred_team,team_name,seq) values (?,?,?,?,?,default)
    Hibernate: insert into ft_participants (draft_order,fantasy_game_seq,player_id,preferred_team,team_name,seq) values (?,?,?,?,?,default)
    Hibernate: insert into ft_participants (draft_order,fantasy_game_seq,player_id,preferred_team,team_name,seq) values (?,?,?,?,?,default)
    Hibernate: insert into ft_participants (draft_order,fantasy_game_seq,player_id,preferred_team,team_name,seq) values (?,?,?,?,?,default)
    Hibernate: insert into ft_participants (draft_order,fantasy_game_seq,player_id,preferred_team,team_name,seq) values (?,?,?,?,?,default)
    Hibernate: insert into ft_participants (draft_order,fantasy_game_seq,player_id,preferred_team,team_name,seq) values (?,?,?,?,?,default)
    Hibernate: insert into ft_participants (draft_order,fantasy_game_seq,player_id,preferred_team,team_name,seq) values (?,?,?,?,?,default)
    Hibernate: insert into ft_participants (draft_order,fantasy_game_seq,player_id,preferred_team,team_name,seq) values (?,?,?,?,?,default)
    Hibernate: insert into ft_participants (draft_order,fantasy_game_seq,player_id,preferred_team,team_name,seq) values (?,?,?,?,?,default)
    Hibernate: insert into ft_participants (draft_order,fantasy_game_seq,player_id,preferred_team,team_name,seq) values (?,?,?,?,?,default)
    Hibernate: insert into ft_participants (draft_order,fantasy_game_seq,player_id,preferred_team,team_name,seq) values (?,?,?,?,?,default)
    Hibernate: insert into ft_participants (draft_order,fantasy_game_seq,player_id,preferred_team,team_name,seq) values (?,?,?,?,?,default)
    Hibernate: insert into ft_participants (draft_order,fantasy_game_seq,player_id,preferred_team,team_name,seq) values (?,?,?,?,?,default)
    Hibernate: insert into ft_participants (draft_order,fantasy_game_seq,player_id,preferred_team,team_name,seq) values (?,?,?,?,?,default)
    Hibernate: insert into ft_participants (draft_order,fantasy_game_seq,player_id,preferred_team,team_name,seq) values (?,?,?,?,?,default)
    Hibernate: insert into ft_participants (draft_order,fantasy_game_seq,player_id,preferred_team,team_name,seq) values (?,?,?,?,?,default)
    Hibernate: insert into ft_participants (draft_order,fantasy_game_seq,player_id,preferred_team,team_name,seq) values (?,?,?,?,?,default)
    Hibernate: insert into ft_participants (draft_order,fantasy_game_seq,player_id,preferred_team,team_name,seq) values (?,?,?,?,?,default)
    Hibernate: insert into ft_participants (draft_order,fantasy_game_seq,player_id,preferred_team,team_name,seq) values (?,?,?,?,?,default)
    Hibernate: insert into ft_participants (draft_order,fantasy_game_seq,player_id,preferred_team,team_name,seq) values (?,?,?,?,?,default)
    Hibernate: insert into ft_participants (draft_order,fantasy_game_seq,player_id,preferred_team,team_name,seq) values (?,?,?,?,?,default)
    Hibernate: insert into ft_participants (draft_order,fantasy_game_seq,player_id,preferred_team,team_name,seq) values (?,?,?,?,?,default)
    Hibernate: insert into ft_participants (draft_order,fantasy_game_seq,player_id,preferred_team,team_name,seq) values (?,?,?,?,?,default)
    Hibernate: insert into ft_participants (draft_order,fantasy_game_seq,player_id,preferred_team,team_name,seq) values (?,?,?,?,?,default)
    Hibernate: insert into ft_participants (draft_order,fantasy_game_seq,player_id,preferred_team,team_name,seq) values (?,?,?,?,?,default)
    Hibernate: insert into ft_participants (draft_order,fantasy_game_seq,player_id,preferred_team,team_name,seq) values (?,?,?,?,?,default)
    Hibernate: insert into ft_participants (draft_order,fantasy_game_seq,player_id,preferred_team,team_name,seq) values (?,?,?,?,?,default)
    Hibernate: insert into ft_participants (draft_order,fantasy_game_seq,player_id,preferred_team,team_name,seq) values (?,?,?,?,?,default)
    Hibernate: insert into ft_participants (draft_order,fantasy_game_seq,player_id,preferred_team,team_name,seq) values (?,?,?,?,?,default)
    Hibernate: insert into ft_participants (draft_order,fantasy_game_seq,player_id,preferred_team,team_name,seq) values (?,?,?,?,?,default)
    Hibernate: insert into ft_participants (draft_order,fantasy_game_seq,player_id,preferred_team,team_name,seq) values (?,?,?,?,?,default)
    Hibernate: insert into ft_participants (draft_order,fantasy_game_seq,player_id,preferred_team,team_name,seq) values (?,?,?,?,?,default)
    Hibernate: insert into ft_participants (draft_order,fantasy_game_seq,player_id,preferred_team,team_name,seq) values (?,?,?,?,?,default)
    Hibernate: insert into ft_participants (draft_order,fantasy_game_seq,player_id,preferred_team,team_name,seq) values (?,?,?,?,?,default)
    Hibernate: insert into ft_participants (draft_order,fantasy_game_seq,player_id,preferred_team,team_name,seq) values (?,?,?,?,?,default)
    Hibernate: insert into ft_participants (draft_order,fantasy_game_seq,player_id,preferred_team,team_name,seq) values (?,?,?,?,?,default)
    Hibernate: insert into ft_participants (draft_order,fantasy_game_seq,player_id,preferred_team,team_name,seq) values (?,?,?,?,?,default)
    Hibernate: insert into ft_participants (draft_order,fantasy_game_seq,player_id,preferred_team,team_name,seq) values (?,?,?,?,?,default)
    Hibernate: insert into ft_participants (draft_order,fantasy_game_seq,player_id,preferred_team,team_name,seq) values (?,?,?,?,?,default)
    Hibernate: insert into ft_participants (draft_order,fantasy_game_seq,player_id,preferred_team,team_name,seq) values (?,?,?,?,?,default)
    Hibernate: insert into ft_participants (draft_order,fantasy_game_seq,player_id,preferred_team,team_name,seq) values (?,?,?,?,?,default)
    Hibernate: insert into ft_participants (draft_order,fantasy_game_seq,player_id,preferred_team,team_name,seq) values (?,?,?,?,?,default)
    Hibernate: insert into ft_participants (draft_order,fantasy_game_seq,player_id,preferred_team,team_name,seq) values (?,?,?,?,?,default)
    Hibernate: insert into ft_participants (draft_order,fantasy_game_seq,player_id,preferred_team,team_name,seq) values (?,?,?,?,?,default)
    Hibernate: insert into ft_participants (draft_order,fantasy_game_seq,player_id,preferred_team,team_name,seq) values (?,?,?,?,?,default)
    Hibernate: insert into ft_participants (draft_order,fantasy_game_seq,player_id,preferred_team,team_name,seq) values (?,?,?,?,?,default)
    Hibernate: insert into ft_participants (draft_order,fantasy_game_seq,player_id,preferred_team,team_name,seq) values (?,?,?,?,?,default)
    Hibernate: insert into ft_participants (draft_order,fantasy_game_seq,player_id,preferred_team,team_name,seq) values (?,?,?,?,?,default)
    Hibernate: insert into ft_participants (draft_order,fantasy_game_seq,player_id,preferred_team,team_name,seq) values (?,?,?,?,?,default)
    Hibernate: insert into ft_participants (draft_order,fantasy_game_seq,player_id,preferred_team,team_name,seq) values (?,?,?,?,?,default)
    Hibernate: insert into ft_participants (draft_order,fantasy_game_seq,player_id,preferred_team,team_name,seq) values (?,?,?,?,?,default)
    Hibernate: insert into ft_participants (draft_order,fantasy_game_seq,player_id,preferred_team,team_name,seq) values (?,?,?,?,?,default)
    Hibernate: insert into ft_participants (draft_order,fantasy_game_seq,player_id,preferred_team,team_name,seq) values (?,?,?,?,?,default)
    Hibernate: insert into ft_participants (draft_order,fantasy_game_seq,player_id,preferred_team,team_name,seq) values (?,?,?,?,?,default)
    Hibernate: insert into ft_participants (draft_order,fantasy_game_seq,player_id,preferred_team,team_name,seq) values (?,?,?,?,?,default)
    Hibernate: insert into ft_participants (draft_order,fantasy_game_seq,player_id,preferred_team,team_name,seq) values (?,?,?,?,?,default)
    Hibernate: insert into ft_participants (draft_order,fantasy_game_seq,player_id,preferred_team,team_name,seq) values (?,?,?,?,?,default)
    Hibernate: insert into ft_participants (draft_order,fantasy_game_seq,player_id,preferred_team,team_name,seq) values (?,?,?,?,?,default)
    Hibernate: insert into ft_participants (draft_order,fantasy_game_seq,player_id,preferred_team,team_name,seq) values (?,?,?,?,?,default)
    Hibernate: insert into ft_participants (draft_order,fantasy_game_seq,player_id,preferred_team,team_name,seq) values (?,?,?,?,?,default)
    Hibernate: insert into ft_participants (draft_order,fantasy_game_seq,player_id,preferred_team,team_name,seq) values (?,?,?,?,?,default)
    Hibernate: insert into ft_participants (draft_order,fantasy_game_seq,player_id,preferred_team,team_name,seq) values (?,?,?,?,?,default)
    Hibernate: insert into ft_participants (draft_order,fantasy_game_seq,player_id,preferred_team,team_name,seq) values (?,?,?,?,?,default)
    Hibernate: insert into ft_participants (draft_order,fantasy_game_seq,player_id,preferred_team,team_name,seq) values (?,?,?,?,?,default)
    Hibernate: insert into ft_participants (draft_order,fantasy_game_seq,player_id,preferred_team,team_name,seq) values (?,?,?,?,?,default)
    Hibernate: insert into ft_participants (draft_order,fantasy_game_seq,player_id,preferred_team,team_name,seq) values (?,?,?,?,?,default)
    Hibernate: insert into ft_participants (draft_order,fantasy_game_seq,player_id,preferred_team,team_name,seq) values (?,?,?,?,?,default)
    Hibernate: insert into ft_participants (draft_order,fantasy_game_seq,player_id,preferred_team,team_name,seq) values (?,?,?,?,?,default)
    Hibernate: insert into ft_participants (draft_order,fantasy_game_seq,player_id,preferred_team,team_name,seq) values (?,?,?,?,?,default)
    Hibernate: insert into ft_participants (draft_order,fantasy_game_seq,player_id,preferred_team,team_name,seq) values (?,?,?,?,?,default)
    Hibernate: insert into ft_participants (draft_order,fantasy_game_seq,player_id,preferred_team,team_name,seq) values (?,?,?,?,?,default)
    Hibernate: insert into ft_participants (draft_order,fantasy_game_seq,player_id,preferred_team,team_name,seq) values (?,?,?,?,?,default)
    Hibernate: insert into ft_participants (draft_order,fantasy_game_seq,player_id,preferred_team,team_name,seq) values (?,?,?,?,?,default)
    Hibernate: insert into ft_participants (draft_order,fantasy_game_seq,player_id,preferred_team,team_name,seq) values (?,?,?,?,?,default)
    Hibernate: insert into ft_participants (draft_order,fantasy_game_seq,player_id,preferred_team,team_name,seq) values (?,?,?,?,?,default)
    Hibernate: insert into ft_participants (draft_order,fantasy_game_seq,player_id,preferred_team,team_name,seq) values (?,?,?,?,?,default)
    Hibernate: insert into ft_participants (draft_order,fantasy_game_seq,player_id,preferred_team,team_name,seq) values (?,?,?,?,?,default)
    Hibernate: insert into ft_participants (draft_order,fantasy_game_seq,player_id,preferred_team,team_name,seq) values (?,?,?,?,?,default)
    Hibernate: insert into ft_participants (draft_order,fantasy_game_seq,player_id,preferred_team,team_name,seq) values (?,?,?,?,?,default)
    Hibernate: insert into ft_participants (draft_order,fantasy_game_seq,player_id,preferred_team,team_name,seq) values (?,?,?,?,?,default)
    Hibernate: insert into ft_participants (draft_order,fantasy_game_seq,player_id,preferred_team,team_name,seq) values (?,?,?,?,?,default)
    Hibernate: insert into ft_participants (draft_order,fantasy_game_seq,player_id,preferred_team,team_name,seq) values (?,?,?,?,?,default)
    Hibernate: insert into ft_participants (draft_order,fantasy_game_seq,player_id,preferred_team,team_name,seq) values (?,?,?,?,?,default)
    Hibernate: insert into ft_participants (draft_order,fantasy_game_seq,player_id,preferred_team,team_name,seq) values (?,?,?,?,?,default)
    Hibernate: insert into ft_participants (draft_order,fantasy_game_seq,player_id,preferred_team,team_name,seq) values (?,?,?,?,?,default)
    Hibernate: insert into ft_participants (draft_order,fantasy_game_seq,player_id,preferred_team,team_name,seq) values (?,?,?,?,?,default)
    Hibernate: insert into ft_participants (draft_order,fantasy_game_seq,player_id,preferred_team,team_name,seq) values (?,?,?,?,?,default)
    Hibernate: insert into ft_participants (draft_order,fantasy_game_seq,player_id,preferred_team,team_name,seq) values (?,?,?,?,?,default)
    Hibernate: insert into ft_participants (draft_order,fantasy_game_seq,player_id,preferred_team,team_name,seq) values (?,?,?,?,?,default)
    Hibernate: insert into ft_participants (draft_order,fantasy_game_seq,player_id,preferred_team,team_name,seq) values (?,?,?,?,?,default)
    Hibernate: insert into ft_participants (draft_order,fantasy_game_seq,player_id,preferred_team,team_name,seq) values (?,?,?,?,?,default)
    Hibernate: insert into ft_participants (draft_order,fantasy_game_seq,player_id,preferred_team,team_name,seq) values (?,?,?,?,?,default)
    Hibernate: insert into ft_participants (draft_order,fantasy_game_seq,player_id,preferred_team,team_name,seq) values (?,?,?,?,?,default)
    Hibernate: insert into ft_participants (draft_order,fantasy_game_seq,player_id,preferred_team,team_name,seq) values (?,?,?,?,?,default)
    Hibernate: insert into ft_participants (draft_order,fantasy_game_seq,player_id,preferred_team,team_name,seq) values (?,?,?,?,?,default)
    Hibernate: insert into ft_participants (draft_order,fantasy_game_seq,player_id,preferred_team,team_name,seq) values (?,?,?,?,?,default)
    Hibernate: insert into ft_participants (draft_order,fantasy_game_seq,player_id,preferred_team,team_name,seq) values (?,?,?,?,?,default)
    Hibernate: insert into ft_participants (draft_order,fantasy_game_seq,player_id,preferred_team,team_name,seq) values (?,?,?,?,?,default)
    Hibernate: insert into ft_participants (draft_order,fantasy_game_seq,player_id,preferred_team,team_name,seq) values (?,?,?,?,?,default)
    Hibernate: insert into ft_participants (draft_order,fantasy_game_seq,player_id,preferred_team,team_name,seq) values (?,?,?,?,?,default)
    Hibernate: insert into ft_participants (draft_order,fantasy_game_seq,player_id,preferred_team,team_name,seq) values (?,?,?,?,?,default)
    Hibernate: insert into ft_participants (draft_order,fantasy_game_seq,player_id,preferred_team,team_name,seq) values (?,?,?,?,?,default)
    Hibernate: insert into ft_participants (draft_order,fantasy_game_seq,player_id,preferred_team,team_name,seq) values (?,?,?,?,?,default)
    Hibernate: insert into ft_participants (draft_order,fantasy_game_seq,player_id,preferred_team,team_name,seq) values (?,?,?,?,?,default)
    Hibernate: insert into ft_participants (draft_order,fantasy_game_seq,player_id,preferred_team,team_name,seq) values (?,?,?,?,?,default)
    Hibernate: insert into ft_participants (draft_order,fantasy_game_seq,player_id,preferred_team,team_name,seq) values (?,?,?,?,?,default)
    Hibernate: insert into ft_participants (draft_order,fantasy_game_seq,player_id,preferred_team,team_name,seq) values (?,?,?,?,?,default)
    Hibernate: insert into ft_participants (draft_order,fantasy_game_seq,player_id,preferred_team,team_name,seq) values (?,?,?,?,?,default)
    Hibernate: insert into ft_participants (draft_order,fantasy_game_seq,player_id,preferred_team,team_name,seq) values (?,?,?,?,?,default)
    Hibernate: insert into ft_participants (draft_order,fantasy_game_seq,player_id,preferred_team,team_name,seq) values (?,?,?,?,?,default)
    Hibernate: insert into ft_participants (draft_order,fantasy_game_seq,player_id,preferred_team,team_name,seq) values (?,?,?,?,?,default)
    Hibernate: insert into ft_participants (draft_order,fantasy_game_seq,player_id,preferred_team,team_name,seq) values (?,?,?,?,?,default)
    Hibernate: insert into ft_participants (draft_order,fantasy_game_seq,player_id,preferred_team,team_name,seq) values (?,?,?,?,?,default)
    Hibernate: insert into ft_participants (draft_order,fantasy_game_seq,player_id,preferred_team,team_name,seq) values (?,?,?,?,?,default)
    Hibernate: insert into ft_participants (draft_order,fantasy_game_seq,player_id,preferred_team,team_name,seq) values (?,?,?,?,?,default)
    Hibernate: insert into ft_participants (draft_order,fantasy_game_seq,player_id,preferred_team,team_name,seq) values (?,?,?,?,?,default)
    Hibernate: insert into ft_participants (draft_order,fantasy_game_seq,player_id,preferred_team,team_name,seq) values (?,?,?,?,?,default)
    Hibernate: insert into ft_participants (draft_order,fantasy_game_seq,player_id,preferred_team,team_name,seq) values (?,?,?,?,?,default)
    Hibernate: insert into ft_participants (draft_order,fantasy_game_seq,player_id,preferred_team,team_name,seq) values (?,?,?,?,?,default)
    Hibernate: insert into ft_participants (draft_order,fantasy_game_seq,player_id,preferred_team,team_name,seq) values (?,?,?,?,?,default)
    Hibernate: insert into ft_participants (draft_order,fantasy_game_seq,player_id,preferred_team,team_name,seq) values (?,?,?,?,?,default)
    Hibernate: insert into ft_participants (draft_order,fantasy_game_seq,player_id,preferred_team,team_name,seq) values (?,?,?,?,?,default)
    Hibernate: insert into ft_participants (draft_order,fantasy_game_seq,player_id,preferred_team,team_name,seq) values (?,?,?,?,?,default)
    Hibernate: insert into ft_participants (draft_order,fantasy_game_seq,player_id,preferred_team,team_name,seq) values (?,?,?,?,?,default)
    Hibernate: insert into ft_participants (draft_order,fantasy_game_seq,player_id,preferred_team,team_name,seq) values (?,?,?,?,?,default)
    Hibernate: insert into ft_participants (draft_order,fantasy_game_seq,player_id,preferred_team,team_name,seq) values (?,?,?,?,?,default)
    Hibernate: insert into ft_participants (draft_order,fantasy_game_seq,player_id,preferred_team,team_name,seq) values (?,?,?,?,?,default)
    Hibernate: insert into ft_participants (draft_order,fantasy_game_seq,player_id,preferred_team,team_name,seq) values (?,?,?,?,?,default)
    Hibernate: insert into ft_participants (draft_order,fantasy_game_seq,player_id,preferred_team,team_name,seq) values (?,?,?,?,?,default)
    Hibernate: insert into ft_participants (draft_order,fantasy_game_seq,player_id,preferred_team,team_name,seq) values (?,?,?,?,?,default)
    Hibernate: insert into ft_participants (draft_order,fantasy_game_seq,player_id,preferred_team,team_name,seq) values (?,?,?,?,?,default)
    Hibernate: insert into ft_participants (draft_order,fantasy_game_seq,player_id,preferred_team,team_name,seq) values (?,?,?,?,?,default)
    Hibernate: insert into ft_participants (draft_order,fantasy_game_seq,player_id,preferred_team,team_name,seq) values (?,?,?,?,?,default)
    Hibernate: insert into ft_participants (draft_order,fantasy_game_seq,player_id,preferred_team,team_name,seq) values (?,?,?,?,?,default)
    Hibernate: insert into ft_participants (draft_order,fantasy_game_seq,player_id,preferred_team,team_name,seq) values (?,?,?,?,?,default)
    Hibernate: insert into ft_participants (draft_order,fantasy_game_seq,player_id,preferred_team,team_name,seq) values (?,?,?,?,?,default)
    Hibernate: insert into ft_participants (draft_order,fantasy_game_seq,player_id,preferred_team,team_name,seq) values (?,?,?,?,?,default)
    Hibernate: insert into ft_participants (draft_order,fantasy_game_seq,player_id,preferred_team,team_name,seq) values (?,?,?,?,?,default)
    Hibernate: insert into ft_participants (draft_order,fantasy_game_seq,player_id,preferred_team,team_name,seq) values (?,?,?,?,?,default)
    Hibernate: insert into ft_participants (draft_order,fantasy_game_seq,player_id,preferred_team,team_name,seq) values (?,?,?,?,?,default)
    Hibernate: insert into ft_participants (draft_order,fantasy_game_seq,player_id,preferred_team,team_name,seq) values (?,?,?,?,?,default)
    Hibernate: insert into ft_participants (draft_order,fantasy_game_seq,player_id,preferred_team,team_name,seq) values (?,?,?,?,?,default)
    Hibernate: insert into ft_participants (draft_order,fantasy_game_seq,player_id,preferred_team,team_name,seq) values (?,?,?,?,?,default)
    Hibernate: insert into ft_participants (draft_order,fantasy_game_seq,player_id,preferred_team,team_name,seq) values (?,?,?,?,?,default)
    Hibernate: insert into ft_participants (draft_order,fantasy_game_seq,player_id,preferred_team,team_name,seq) values (?,?,?,?,?,default)
    Hibernate: insert into ft_participants (draft_order,fantasy_game_seq,player_id,preferred_team,team_name,seq) values (?,?,?,?,?,default)
    Hibernate: insert into ft_participants (draft_order,fantasy_game_seq,player_id,preferred_team,team_name,seq) values (?,?,?,?,?,default)
    Hibernate: insert into ft_participants (draft_order,fantasy_game_seq,player_id,preferred_team,team_name,seq) values (?,?,?,?,?,default)
    Hibernate: insert into ft_participants (draft_order,fantasy_game_seq,player_id,preferred_team,team_name,seq) values (?,?,?,?,?,default)
    Hibernate: insert into ft_participants (draft_order,fantasy_game_seq,player_id,preferred_team,team_name,seq) values (?,?,?,?,?,default)
    Hibernate: insert into ft_participants (draft_order,fantasy_game_seq,player_id,preferred_team,team_name,seq) values (?,?,?,?,?,default)
    Hibernate: insert into ft_participants (draft_order,fantasy_game_seq,player_id,preferred_team,team_name,seq) values (?,?,?,?,?,default)
    Hibernate: insert into ft_participants (draft_order,fantasy_game_seq,player_id,preferred_team,team_name,seq) values (?,?,?,?,?,default)
    Hibernate: insert into ft_participants (draft_order,fantasy_game_seq,player_id,preferred_team,team_name,seq) values (?,?,?,?,?,default)
    Hibernate: insert into ft_participants (draft_order,fantasy_game_seq,player_id,preferred_team,team_name,seq) values (?,?,?,?,?,default)
    Hibernate: insert into ft_participants (draft_order,fantasy_game_seq,player_id,preferred_team,team_name,seq) values (?,?,?,?,?,default)
    Hibernate: insert into ft_participants (draft_order,fantasy_game_seq,player_id,preferred_team,team_name,seq) values (?,?,?,?,?,default)
    Hibernate: insert into ft_participants (draft_order,fantasy_game_seq,player_id,preferred_team,team_name,seq) values (?,?,?,?,?,default)
    Hibernate: insert into ft_participants (draft_order,fantasy_game_seq,player_id,preferred_team,team_name,seq) values (?,?,?,?,?,default)
    Hibernate: insert into ft_participants (draft_order,fantasy_game_seq,player_id,preferred_team,team_name,seq) values (?,?,?,?,?,default)
    Hibernate: insert into ft_participants (draft_order,fantasy_game_seq,player_id,preferred_team,team_name,seq) values (?,?,?,?,?,default)
    Hibernate: insert into ft_participants (draft_order,fantasy_game_seq,player_id,preferred_team,team_name,seq) values (?,?,?,?,?,default)
    Hibernate: insert into ft_participants (draft_order,fantasy_game_seq,player_id,preferred_team,team_name,seq) values (?,?,?,?,?,default)
    Hibernate: insert into ft_participants (draft_order,fantasy_game_seq,player_id,preferred_team,team_name,seq) values (?,?,?,?,?,default)
    Hibernate: insert into ft_participants (draft_order,fantasy_game_seq,player_id,preferred_team,team_name,seq) values (?,?,?,?,?,default)
    Hibernate: insert into ft_participants (draft_order,fantasy_game_seq,player_id,preferred_team,team_name,seq) values (?,?,?,?,?,default)
    Hibernate: insert into ft_participants (draft_order,fantasy_game_seq,player_id,preferred_team,team_name,seq) values (?,?,?,?,?,default)
    Hibernate: insert into ft_participants (draft_order,fantasy_game_seq,player_id,preferred_team,team_name,seq) values (?,?,?,?,?,default)
    Hibernate: insert into ft_participants (draft_order,fantasy_game_seq,player_id,preferred_team,team_name,seq) values (?,?,?,?,?,default)
    Hibernate: insert into ft_participants (draft_order,fantasy_game_seq,player_id,preferred_team,team_name,seq) values (?,?,?,?,?,default)
    Hibernate: insert into ft_participants (draft_order,fantasy_game_seq,player_id,preferred_team,team_name,seq) values (?,?,?,?,?,default)
    Hibernate: insert into ft_participants (draft_order,fantasy_game_seq,player_id,preferred_team,team_name,seq) values (?,?,?,?,?,default)
    Hibernate: insert into ft_participants (draft_order,fantasy_game_seq,player_id,preferred_team,team_name,seq) values (?,?,?,?,?,default)
    Hibernate: insert into ft_participants (draft_order,fantasy_game_seq,player_id,preferred_team,team_name,seq) values (?,?,?,?,?,default)
    Hibernate: insert into ft_participants (draft_order,fantasy_game_seq,player_id,preferred_team,team_name,seq) values (?,?,?,?,?,default)
    Hibernate: insert into ft_participants (draft_order,fantasy_game_seq,player_id,preferred_team,team_name,seq) values (?,?,?,?,?,default)
    Hibernate: insert into ft_participants (draft_order,fantasy_game_seq,player_id,preferred_team,team_name,seq) values (?,?,?,?,?,default)
    Hibernate: insert into ft_participants (draft_order,fantasy_game_seq,player_id,preferred_team,team_name,seq) values (?,?,?,?,?,default)
    Hibernate: insert into ft_participants (draft_order,fantasy_game_seq,player_id,preferred_team,team_name,seq) values (?,?,?,?,?,default)
    Hibernate: insert into ft_participants (draft_order,fantasy_game_seq,player_id,preferred_team,team_name,seq) values (?,?,?,?,?,default)
    Hibernate: insert into ft_participants (draft_order,fantasy_game_seq,player_id,preferred_team,team_name,seq) values (?,?,?,?,?,default)
    Hibernate: insert into ft_participants (draft_order,fantasy_game_seq,player_id,preferred_team,team_name,seq) values (?,?,?,?,?,default)
    Hibernate: insert into ft_participants (draft_order,fantasy_game_seq,player_id,preferred_team,team_name,seq) values (?,?,?,?,?,default)
    Hibernate: insert into ft_participants (draft_order,fantasy_game_seq,player_id,preferred_team,team_name,seq) values (?,?,?,?,?,default)
    Hibernate: insert into ft_participants (draft_order,fantasy_game_seq,player_id,preferred_team,team_name,seq) values (?,?,?,?,?,default)
    Hibernate: insert into ft_participants (draft_order,fantasy_game_seq,player_id,preferred_team,team_name,seq) values (?,?,?,?,?,default)
    Hibernate: insert into ft_participants (draft_order,fantasy_game_seq,player_id,preferred_team,team_name,seq) values (?,?,?,?,?,default)
    Hibernate: insert into ft_participants (draft_order,fantasy_game_seq,player_id,preferred_team,team_name,seq) values (?,?,?,?,?,default)
    Hibernate: insert into ft_participants (draft_order,fantasy_game_seq,player_id,preferred_team,team_name,seq) values (?,?,?,?,?,default)
    Hibernate: insert into ft_participants (draft_order,fantasy_game_seq,player_id,preferred_team,team_name,seq) values (?,?,?,?,?,default)
    Hibernate: insert into ft_participants (draft_order,fantasy_game_seq,player_id,preferred_team,team_name,seq) values (?,?,?,?,?,default)
    Hibernate: insert into ft_participants (draft_order,fantasy_game_seq,player_id,preferred_team,team_name,seq) values (?,?,?,?,?,default)
    Hibernate: insert into ft_participants (draft_order,fantasy_game_seq,player_id,preferred_team,team_name,seq) values (?,?,?,?,?,default)
    Hibernate: insert into ft_participants (draft_order,fantasy_game_seq,player_id,preferred_team,team_name,seq) values (?,?,?,?,?,default)
    Hibernate: insert into ft_participants (draft_order,fantasy_game_seq,player_id,preferred_team,team_name,seq) values (?,?,?,?,?,default)
    Hibernate: insert into ft_participants (draft_order,fantasy_game_seq,player_id,preferred_team,team_name,seq) values (?,?,?,?,?,default)
    Hibernate: insert into ft_participants (draft_order,fantasy_game_seq,player_id,preferred_team,team_name,seq) values (?,?,?,?,?,default)
    Hibernate: insert into ft_participants (draft_order,fantasy_game_seq,player_id,preferred_team,team_name,seq) values (?,?,?,?,?,default)
    Hibernate: insert into ft_participants (draft_order,fantasy_game_seq,player_id,preferred_team,team_name,seq) values (?,?,?,?,?,default)
    Hibernate: insert into ft_participants (draft_order,fantasy_game_seq,player_id,preferred_team,team_name,seq) values (?,?,?,?,?,default)
    Hibernate: insert into ft_participants (draft_order,fantasy_game_seq,player_id,preferred_team,team_name,seq) values (?,?,?,?,?,default)
    Hibernate: insert into ft_participants (draft_order,fantasy_game_seq,player_id,preferred_team,team_name,seq) values (?,?,?,?,?,default)
    Hibernate: insert into ft_participants (draft_order,fantasy_game_seq,player_id,preferred_team,team_name,seq) values (?,?,?,?,?,default)
    Hibernate: insert into ft_participants (draft_order,fantasy_game_seq,player_id,preferred_team,team_name,seq) values (?,?,?,?,?,default)
    Hibernate: insert into ft_participants (draft_order,fantasy_game_seq,player_id,preferred_team,team_name,seq) values (?,?,?,?,?,default)
    Hibernate: insert into ft_participants (draft_order,fantasy_game_seq,player_id,preferred_team,team_name,seq) values (?,?,?,?,?,default)
    Hibernate: insert into ft_participants (draft_order,fantasy_game_seq,player_id,preferred_team,team_name,seq) values (?,?,?,?,?,default)
    Hibernate: insert into ft_participants (draft_order,fantasy_game_seq,player_id,preferred_team,team_name,seq) values (?,?,?,?,?,default)
    Hibernate: insert into ft_participants (draft_order,fantasy_game_seq,player_id,preferred_team,team_name,seq) values (?,?,?,?,?,default)
    Hibernate: insert into ft_participants (draft_order,fantasy_game_seq,player_id,preferred_team,team_name,seq) values (?,?,?,?,?,default)
    Hibernate: insert into ft_participants (draft_order,fantasy_game_seq,player_id,preferred_team,team_name,seq) values (?,?,?,?,?,default)
    Hibernate: insert into ft_participants (draft_order,fantasy_game_seq,player_id,preferred_team,team_name,seq) values (?,?,?,?,?,default)
    Hibernate: insert into ft_participants (draft_order,fantasy_game_seq,player_id,preferred_team,team_name,seq) values (?,?,?,?,?,default)
    Hibernate: insert into ft_participants (draft_order,fantasy_game_seq,player_id,preferred_team,team_name,seq) values (?,?,?,?,?,default)
    Hibernate: insert into ft_participants (draft_order,fantasy_game_seq,player_id,preferred_team,team_name,seq) values (?,?,?,?,?,default)
    Hibernate: insert into ft_participants (draft_order,fantasy_game_seq,player_id,preferred_team,team_name,seq) values (?,?,?,?,?,default)
    Hibernate: insert into ft_participants (draft_order,fantasy_game_seq,player_id,preferred_team,team_name,seq) values (?,?,?,?,?,default)
    Hibernate: insert into ft_participants (draft_order,fantasy_game_seq,player_id,preferred_team,team_name,seq) values (?,?,?,?,?,default)
    Hibernate: insert into ft_participants (draft_order,fantasy_game_seq,player_id,preferred_team,team_name,seq) values (?,?,?,?,?,default)
    Hibernate: insert into ft_participants (draft_order,fantasy_game_seq,player_id,preferred_team,team_name,seq) values (?,?,?,?,?,default)
    Hibernate: insert into ft_participants (draft_order,fantasy_game_seq,player_id,preferred_team,team_name,seq) values (?,?,?,?,?,default)
    Hibernate: insert into ft_participants (draft_order,fantasy_game_seq,player_id,preferred_team,team_name,seq) values (?,?,?,?,?,default)
    Hibernate: insert into ft_participants (draft_order,fantasy_game_seq,player_id,preferred_team,team_name,seq) values (?,?,?,?,?,default)
    Hibernate: insert into ft_participants (draft_order,fantasy_game_seq,player_id,preferred_team,team_name,seq) values (?,?,?,?,?,default)
    Hibernate: insert into ft_participants (draft_order,fantasy_game_seq,player_id,preferred_team,team_name,seq) values (?,?,?,?,?,default)
    Hibernate: insert into ft_participants (draft_order,fantasy_game_seq,player_id,preferred_team,team_name,seq) values (?,?,?,?,?,default)
    Hibernate: insert into ft_participants (draft_order,fantasy_game_seq,player_id,preferred_team,team_name,seq) values (?,?,?,?,?,default)
    Hibernate: insert into ft_participants (draft_order,fantasy_game_seq,player_id,preferred_team,team_name,seq) values (?,?,?,?,?,default)
    Hibernate: insert into ft_participants (draft_order,fantasy_game_seq,player_id,preferred_team,team_name,seq) values (?,?,?,?,?,default)
    Hibernate: insert into ft_participants (draft_order,fantasy_game_seq,player_id,preferred_team,team_name,seq) values (?,?,?,?,?,default)
    Hibernate: insert into ft_participants (draft_order,fantasy_game_seq,player_id,preferred_team,team_name,seq) values (?,?,?,?,?,default)
    Hibernate: insert into ft_participants (draft_order,fantasy_game_seq,player_id,preferred_team,team_name,seq) values (?,?,?,?,?,default)
    Hibernate: insert into ft_participants (draft_order,fantasy_game_seq,player_id,preferred_team,team_name,seq) values (?,?,?,?,?,default)
    Hibernate: insert into ft_participants (draft_order,fantasy_game_seq,player_id,preferred_team,team_name,seq) values (?,?,?,?,?,default)
    Hibernate: insert into ft_participants (draft_order,fantasy_game_seq,player_id,preferred_team,team_name,seq) values (?,?,?,?,?,default)
    Hibernate: insert into ft_participants (draft_order,fantasy_game_seq,player_id,preferred_team,team_name,seq) values (?,?,?,?,?,default)
    Hibernate: insert into ft_participants (draft_order,fantasy_game_seq,player_id,preferred_team,team_name,seq) values (?,?,?,?,?,default)
    Hibernate: insert into ft_participants (draft_order,fantasy_game_seq,player_id,preferred_team,team_name,seq) values (?,?,?,?,?,default)
    Hibernate: insert into ft_participants (draft_order,fantasy_game_seq,player_id,preferred_team,team_name,seq) values (?,?,?,?,?,default)
    Hibernate: insert into ft_participants (draft_order,fantasy_game_seq,player_id,preferred_team,team_name,seq) values (?,?,?,?,?,default)
    Hibernate: insert into ft_participants (draft_order,fantasy_game_seq,player_id,preferred_team,team_name,seq) values (?,?,?,?,?,default)
    Hibernate: insert into ft_participants (draft_order,fantasy_game_seq,player_id,preferred_team,team_name,seq) values (?,?,?,?,?,default)
    Hibernate: insert into ft_participants (draft_order,fantasy_game_seq,player_id,preferred_team,team_name,seq) values (?,?,?,?,?,default)
    Hibernate: insert into ft_participants (draft_order,fantasy_game_seq,player_id,preferred_team,team_name,seq) values (?,?,?,?,?,default)
    Hibernate: insert into ft_participants (draft_order,fantasy_game_seq,player_id,preferred_team,team_name,seq) values (?,?,?,?,?,default)
    Hibernate: insert into ft_participants (draft_order,fantasy_game_seq,player_id,preferred_team,team_name,seq) values (?,?,?,?,?,default)
    Hibernate: insert into ft_participants (draft_order,fantasy_game_seq,player_id,preferred_team,team_name,seq) values (?,?,?,?,?,default)
    Hibernate: insert into ft_participants (draft_order,fantasy_game_seq,player_id,preferred_team,team_name,seq) values (?,?,?,?,?,default)
    Hibernate: insert into ft_participants (draft_order,fantasy_game_seq,player_id,preferred_team,team_name,seq) values (?,?,?,?,?,default)
    Hibernate: insert into ft_participants (draft_order,fantasy_game_seq,player_id,preferred_team,team_name,seq) values (?,?,?,?,?,default)
    Hibernate: insert into ft_participants (draft_order,fantasy_game_seq,player_id,preferred_team,team_name,seq) values (?,?,?,?,?,default)
    Hibernate: insert into ft_participants (draft_order,fantasy_game_seq,player_id,preferred_team,team_name,seq) values (?,?,?,?,?,default)
    Hibernate: insert into ft_participants (draft_order,fantasy_game_seq,player_id,preferred_team,team_name,seq) values (?,?,?,?,?,default)
    Hibernate: insert into ft_participants (draft_order,fantasy_game_seq,player_id,preferred_team,team_name,seq) values (?,?,?,?,?,default)
    Hibernate: insert into ft_participants (draft_order,fantasy_game_seq,player_id,preferred_team,team_name,seq) values (?,?,?,?,?,default)
    Hibernate: insert into ft_participants (draft_order,fantasy_game_seq,player_id,preferred_team,team_name,seq) values (?,?,?,?,?,default)
    Hibernate: insert into ft_participants (draft_order,fantasy_game_seq,player_id,preferred_team,team_name,seq) values (?,?,?,?,?,default)
    Hibernate: insert into ft_participants (draft_order,fantasy_game_seq,player_id,preferred_team,team_name,seq) values (?,?,?,?,?,default)
    Hibernate: insert into ft_participants (draft_order,fantasy_game_seq,player_id,preferred_team,team_name,seq) values (?,?,?,?,?,default)
    Hibernate: insert into ft_participants (draft_order,fantasy_game_seq,player_id,preferred_team,team_name,seq) values (?,?,?,?,?,default)
    Hibernate: insert into ft_participants (draft_order,fantasy_game_seq,player_id,preferred_team,team_name,seq) values (?,?,?,?,?,default)
    Hibernate: insert into ft_participants (draft_order,fantasy_game_seq,player_id,preferred_team,team_name,seq) values (?,?,?,?,?,default)
    Hibernate: insert into ft_participants (draft_order,fantasy_game_seq,player_id,preferred_team,team_name,seq) values (?,?,?,?,?,default)
    Hibernate: insert into ft_participants (draft_order,fantasy_game_seq,player_id,preferred_team,team_name,seq) values (?,?,?,?,?,default)
    Hibernate: insert into ft_participants (draft_order,fantasy_game_seq,player_id,preferred_team,team_name,seq) values (?,?,?,?,?,default)
    Hibernate: insert into ft_participants (draft_order,fantasy_game_seq,player_id,preferred_team,team_name,seq) values (?,?,?,?,?,default)
    Hibernate: insert into ft_participants (draft_order,fantasy_game_seq,player_id,preferred_team,team_name,seq) values (?,?,?,?,?,default)
    Hibernate: insert into ft_participants (draft_order,fantasy_game_seq,player_id,preferred_team,team_name,seq) values (?,?,?,?,?,default)
    Hibernate: insert into ft_participants (draft_order,fantasy_game_seq,player_id,preferred_team,team_name,seq) values (?,?,?,?,?,default)
    Hibernate: insert into ft_participants (draft_order,fantasy_game_seq,player_id,preferred_team,team_name,seq) values (?,?,?,?,?,default)
    Hibernate: insert into ft_participants (draft_order,fantasy_game_seq,player_id,preferred_team,team_name,seq) values (?,?,?,?,?,default)
    Hibernate: insert into ft_participants (draft_order,fantasy_game_seq,player_id,preferred_team,team_name,seq) values (?,?,?,?,?,default)
    Hibernate: insert into ft_participants (draft_order,fantasy_game_seq,player_id,preferred_team,team_name,seq) values (?,?,?,?,?,default)
    Hibernate: insert into ft_participants (draft_order,fantasy_game_seq,player_id,preferred_team,team_name,seq) values (?,?,?,?,?,default)
    Hibernate: insert into ft_participants (draft_order,fantasy_game_seq,player_id,preferred_team,team_name,seq) values (?,?,?,?,?,default)
    Hibernate: insert into ft_participants (draft_order,fantasy_game_seq,player_id,preferred_team,team_name,seq) values (?,?,?,?,?,default)
    Hibernate: insert into ft_participants (draft_order,fantasy_game_seq,player_id,preferred_team,team_name,seq) values (?,?,?,?,?,default)
    Hibernate: insert into ft_participants (draft_order,fantasy_game_seq,player_id,preferred_team,team_name,seq) values (?,?,?,?,?,default)
    Hibernate: insert into ft_participants (draft_order,fantasy_game_seq,player_id,preferred_team,team_name,seq) values (?,?,?,?,?,default)
    Hibernate: insert into ft_participants (draft_order,fantasy_game_seq,player_id,preferred_team,team_name,seq) values (?,?,?,?,?,default)
    Hibernate: insert into ft_participants (draft_order,fantasy_game_seq,player_id,preferred_team,team_name,seq) values (?,?,?,?,?,default)
    Hibernate: insert into ft_participants (draft_order,fantasy_game_seq,player_id,preferred_team,team_name,seq) values (?,?,?,?,?,default)
    Hibernate: insert into ft_participants (draft_order,fantasy_game_seq,player_id,preferred_team,team_name,seq) values (?,?,?,?,?,default)
    Hibernate: insert into ft_participants (draft_order,fantasy_game_seq,player_id,preferred_team,team_name,seq) values (?,?,?,?,?,default)
    Hibernate: insert into ft_participants (draft_order,fantasy_game_seq,player_id,preferred_team,team_name,seq) values (?,?,?,?,?,default)
    Hibernate: insert into ft_participants (draft_order,fantasy_game_seq,player_id,preferred_team,team_name,seq) values (?,?,?,?,?,default)
    Hibernate: insert into ft_participants (draft_order,fantasy_game_seq,player_id,preferred_team,team_name,seq) values (?,?,?,?,?,default)
    Hibernate: insert into ft_participants (draft_order,fantasy_game_seq,player_id,preferred_team,team_name,seq) values (?,?,?,?,?,default)
    Hibernate: insert into ft_participants (draft_order,fantasy_game_seq,player_id,preferred_team,team_name,seq) values (?,?,?,?,?,default)
    Hibernate: insert into ft_participants (draft_order,fantasy_game_seq,player_id,preferred_team,team_name,seq) values (?,?,?,?,?,default)
    Hibernate: insert into ft_participants (draft_order,fantasy_game_seq,player_id,preferred_team,team_name,seq) values (?,?,?,?,?,default)
    Hibernate: insert into ft_participants (draft_order,fantasy_game_seq,player_id,preferred_team,team_name,seq) values (?,?,?,?,?,default)
    Hibernate: insert into ft_participants (draft_order,fantasy_game_seq,player_id,preferred_team,team_name,seq) values (?,?,?,?,?,default)
    Hibernate: insert into ft_participants (draft_order,fantasy_game_seq,player_id,preferred_team,team_name,seq) values (?,?,?,?,?,default)
    Hibernate: insert into ft_participants (draft_order,fantasy_game_seq,player_id,preferred_team,team_name,seq) values (?,?,?,?,?,default)
    Hibernate: insert into ft_participants (draft_order,fantasy_game_seq,player_id,preferred_team,team_name,seq) values (?,?,?,?,?,default)
    Hibernate: insert into ft_participants (draft_order,fantasy_game_seq,player_id,preferred_team,team_name,seq) values (?,?,?,?,?,default)
    Hibernate: insert into ft_participants (draft_order,fantasy_game_seq,player_id,preferred_team,team_name,seq) values (?,?,?,?,?,default)
    Hibernate: insert into ft_participants (draft_order,fantasy_game_seq,player_id,preferred_team,team_name,seq) values (?,?,?,?,?,default)
    Hibernate: insert into ft_participants (draft_order,fantasy_game_seq,player_id,preferred_team,team_name,seq) values (?,?,?,?,?,default)
    Hibernate: insert into ft_participants (draft_order,fantasy_game_seq,player_id,preferred_team,team_name,seq) values (?,?,?,?,?,default)
    Hibernate: insert into ft_participants (draft_order,fantasy_game_seq,player_id,preferred_team,team_name,seq) values (?,?,?,?,?,default)
    Hibernate: insert into ft_participants (draft_order,fantasy_game_seq,player_id,preferred_team,team_name,seq) values (?,?,?,?,?,default)
    Hibernate: insert into ft_participants (draft_order,fantasy_game_seq,player_id,preferred_team,team_name,seq) values (?,?,?,?,?,default)
    Hibernate: insert into ft_participants (draft_order,fantasy_game_seq,player_id,preferred_team,team_name,seq) values (?,?,?,?,?,default)
    Hibernate: insert into ft_participants (draft_order,fantasy_game_seq,player_id,preferred_team,team_name,seq) values (?,?,?,?,?,default)
    Hibernate: insert into ft_participants (draft_order,fantasy_game_seq,player_id,preferred_team,team_name,seq) values (?,?,?,?,?,default)
    Hibernate: insert into ft_participants (draft_order,fantasy_game_seq,player_id,preferred_team,team_name,seq) values (?,?,?,?,?,default)
    Hibernate: insert into ft_participants (draft_order,fantasy_game_seq,player_id,preferred_team,team_name,seq) values (?,?,?,?,?,default)
    Hibernate: insert into ft_participants (draft_order,fantasy_game_seq,player_id,preferred_team,team_name,seq) values (?,?,?,?,?,default)
    Hibernate: insert into ft_participants (draft_order,fantasy_game_seq,player_id,preferred_team,team_name,seq) values (?,?,?,?,?,default)
    Hibernate: insert into ft_participants (draft_order,fantasy_game_seq,player_id,preferred_team,team_name,seq) values (?,?,?,?,?,default)
    Hibernate: insert into ft_participants (draft_order,fantasy_game_seq,player_id,preferred_team,team_name,seq) values (?,?,?,?,?,default)
    Hibernate: insert into ft_participants (draft_order,fantasy_game_seq,player_id,preferred_team,team_name,seq) values (?,?,?,?,?,default)
    Hibernate: insert into ft_participants (draft_order,fantasy_game_seq,player_id,preferred_team,team_name,seq) values (?,?,?,?,?,default)
    Hibernate: insert into ft_participants (draft_order,fantasy_game_seq,player_id,preferred_team,team_name,seq) values (?,?,?,?,?,default)
    Hibernate: insert into ft_participants (draft_order,fantasy_game_seq,player_id,preferred_team,team_name,seq) values (?,?,?,?,?,default)
    Hibernate: insert into ft_participants (draft_order,fantasy_game_seq,player_id,preferred_team,team_name,seq) values (?,?,?,?,?,default)
    Hibernate: insert into ft_participants (draft_order,fantasy_game_seq,player_id,preferred_team,team_name,seq) values (?,?,?,?,?,default)
    Hibernate: insert into ft_participants (draft_order,fantasy_game_seq,player_id,preferred_team,team_name,seq) values (?,?,?,?,?,default)
    Hibernate: insert into ft_participants (draft_order,fantasy_game_seq,player_id,preferred_team,team_name,seq) values (?,?,?,?,?,default)
    Hibernate: insert into ft_participants (draft_order,fantasy_game_seq,player_id,preferred_team,team_name,seq) values (?,?,?,?,?,default)
    Hibernate: insert into ft_participants (draft_order,fantasy_game_seq,player_id,preferred_team,team_name,seq) values (?,?,?,?,?,default)
    Hibernate: insert into ft_participants (draft_order,fantasy_game_seq,player_id,preferred_team,team_name,seq) values (?,?,?,?,?,default)
    Hibernate: insert into ft_participants (draft_order,fantasy_game_seq,player_id,preferred_team,team_name,seq) values (?,?,?,?,?,default)
    Hibernate: insert into ft_participants (draft_order,fantasy_game_seq,player_id,preferred_team,team_name,seq) values (?,?,?,?,?,default)
    Hibernate: insert into ft_participants (draft_order,fantasy_game_seq,player_id,preferred_team,team_name,seq) values (?,?,?,?,?,default)
    Hibernate: insert into ft_participants (draft_order,fantasy_game_seq,player_id,preferred_team,team_name,seq) values (?,?,?,?,?,default)
    Hibernate: insert into ft_participants (draft_order,fantasy_game_seq,player_id,preferred_team,team_name,seq) values (?,?,?,?,?,default)
    Hibernate: insert into ft_participants (draft_order,fantasy_game_seq,player_id,preferred_team,team_name,seq) values (?,?,?,?,?,default)
    Hibernate: insert into ft_participants (draft_order,fantasy_game_seq,player_id,preferred_team,team_name,seq) values (?,?,?,?,?,default)
    Hibernate: insert into ft_participants (draft_order,fantasy_game_seq,player_id,preferred_team,team_name,seq) values (?,?,?,?,?,default)
    Hibernate: insert into ft_participants (draft_order,fantasy_game_seq,player_id,preferred_team,team_name,seq) values (?,?,?,?,?,default)
    Hibernate: insert into ft_participants (draft_order,fantasy_game_seq,player_id,preferred_team,team_name,seq) values (?,?,?,?,?,default)
    Hibernate: insert into ft_participants (draft_order,fantasy_game_seq,player_id,preferred_team,team_name,seq) values (?,?,?,?,?,default)
    Hibernate: insert into ft_participants (draft_order,fantasy_game_seq,player_id,preferred_team,team_name,seq) values (?,?,?,?,?,default)
    Hibernate: insert into ft_participants (draft_order,fantasy_game_seq,player_id,preferred_team,team_name,seq) values (?,?,?,?,?,default)
    Hibernate: insert into ft_participants (draft_order,fantasy_game_seq,player_id,preferred_team,team_name,seq) values (?,?,?,?,?,default)
    Hibernate: insert into ft_participants (draft_order,fantasy_game_seq,player_id,preferred_team,team_name,seq) values (?,?,?,?,?,default)
    Hibernate: insert into ft_participants (draft_order,fantasy_game_seq,player_id,preferred_team,team_name,seq) values (?,?,?,?,?,default)
    Hibernate: insert into ft_participants (draft_order,fantasy_game_seq,player_id,preferred_team,team_name,seq) values (?,?,?,?,?,default)
    Hibernate: insert into ft_participants (draft_order,fantasy_game_seq,player_id,preferred_team,team_name,seq) values (?,?,?,?,?,default)
    Hibernate: insert into ft_participants (draft_order,fantasy_game_seq,player_id,preferred_team,team_name,seq) values (?,?,?,?,?,default)
    Hibernate: insert into ft_participants (draft_order,fantasy_game_seq,player_id,preferred_team,team_name,seq) values (?,?,?,?,?,default)
    Hibernate: insert into ft_participants (draft_order,fantasy_game_seq,player_id,preferred_team,team_name,seq) values (?,?,?,?,?,default)
    Hibernate: insert into ft_participants (draft_order,fantasy_game_seq,player_id,preferred_team,team_name,seq) values (?,?,?,?,?,default)
    Hibernate: insert into ft_participants (draft_order,fantasy_game_seq,player_id,preferred_team,team_name,seq) values (?,?,?,?,?,default)
    Hibernate: insert into ft_participants (draft_order,fantasy_game_seq,player_id,preferred_team,team_name,seq) values (?,?,?,?,?,default)
    Hibernate: insert into ft_participants (draft_order,fantasy_game_seq,player_id,preferred_team,team_name,seq) values (?,?,?,?,?,default)
    Hibernate: insert into ft_participants (draft_order,fantasy_game_seq,player_id,preferred_team,team_name,seq) values (?,?,?,?,?,default)
    Hibernate: insert into ft_participants (draft_order,fantasy_game_seq,player_id,preferred_team,team_name,seq) values (?,?,?,?,?,default)
    Hibernate: insert into ft_participants (draft_order,fantasy_game_seq,player_id,preferred_team,team_name,seq) values (?,?,?,?,?,default)
    Hibernate: insert into ft_participants (draft_order,fantasy_game_seq,player_id,preferred_team,team_name,seq) values (?,?,?,?,?,default)
    Hibernate: insert into ft_participants (draft_order,fantasy_game_seq,player_id,preferred_team,team_name,seq) values (?,?,?,?,?,default)
    Hibernate: insert into ft_participants (draft_order,fantasy_game_seq,player_id,preferred_team,team_name,seq) values (?,?,?,?,?,default)
    Hibernate: insert into ft_participants (draft_order,fantasy_game_seq,player_id,preferred_team,team_name,seq) values (?,?,?,?,?,default)
    Hibernate: insert into ft_participants (draft_order,fantasy_game_seq,player_id,preferred_team,team_name,seq) values (?,?,?,?,?,default)
    Hibernate: insert into ft_participants (draft_order,fantasy_game_seq,player_id,preferred_team,team_name,seq) values (?,?,?,?,?,default)
    Hibernate: insert into ft_participants (draft_order,fantasy_game_seq,player_id,preferred_team,team_name,seq) values (?,?,?,?,?,default)
    Hibernate: insert into ft_participants (draft_order,fantasy_game_seq,player_id,preferred_team,team_name,seq) values (?,?,?,?,?,default)
    Hibernate: insert into ft_participants (draft_order,fantasy_game_seq,player_id,preferred_team,team_name,seq) values (?,?,?,?,?,default)
    Hibernate: insert into ft_participants (draft_order,fantasy_game_seq,player_id,preferred_team,team_name,seq) values (?,?,?,?,?,default)
    Hibernate: insert into ft_participants (draft_order,fantasy_game_seq,player_id,preferred_team,team_name,seq) values (?,?,?,?,?,default)
    Hibernate: insert into ft_participants (draft_order,fantasy_game_seq,player_id,preferred_team,team_name,seq) values (?,?,?,?,?,default)
    Hibernate: insert into ft_participants (draft_order,fantasy_game_seq,player_id,preferred_team,team_name,seq) values (?,?,?,?,?,default)
    Hibernate: insert into ft_participants (draft_order,fantasy_game_seq,player_id,preferred_team,team_name,seq) values (?,?,?,?,?,default)
    Hibernate: insert into ft_participants (draft_order,fantasy_game_seq,player_id,preferred_team,team_name,seq) values (?,?,?,?,?,default)
    Hibernate: insert into ft_participants (draft_order,fantasy_game_seq,player_id,preferred_team,team_name,seq) values (?,?,?,?,?,default)
    Hibernate: insert into ft_participants (draft_order,fantasy_game_seq,player_id,preferred_team,team_name,seq) values (?,?,?,?,?,default)
    Hibernate: insert into ft_participants (draft_order,fantasy_game_seq,player_id,preferred_team,team_name,seq) values (?,?,?,?,?,default)
    Hibernate: insert into ft_participants (draft_order,fantasy_game_seq,player_id,preferred_team,team_name,seq) values (?,?,?,?,?,default)
    Hibernate: insert into ft_participants (draft_order,fantasy_game_seq,player_id,preferred_team,team_name,seq) values (?,?,?,?,?,default)
    Hibernate: insert into ft_participants (draft_order,fantasy_game_seq,player_id,preferred_team,team_name,seq) values (?,?,?,?,?,default)
    Hibernate: insert into ft_participants (draft_order,fantasy_game_seq,player_id,preferred_team,team_name,seq) values (?,?,?,?,?,default)
    Hibernate: insert into ft_participants (draft_order,fantasy_game_seq,player_id,preferred_team,team_name,seq) values (?,?,?,?,?,default)
    Hibernate: insert into ft_participants (draft_order,fantasy_game_seq,player_id,preferred_team,team_name,seq) values (?,?,?,?,?,default)
    Hibernate: insert into ft_participants (draft_order,fantasy_game_seq,player_id,preferred_team,team_name,seq) values (?,?,?,?,?,default)
    Hibernate: insert into ft_participants (draft_order,fantasy_game_seq,player_id,preferred_team,team_name,seq) values (?,?,?,?,?,default)
    Hibernate: insert into ft_participants (draft_order,fantasy_game_seq,player_id,preferred_team,team_name,seq) values (?,?,?,?,?,default)
    Hibernate: insert into ft_participants (draft_order,fantasy_game_seq,player_id,preferred_team,team_name,seq) values (?,?,?,?,?,default)
    Hibernate: insert into ft_participants (draft_order,fantasy_game_seq,player_id,preferred_team,team_name,seq) values (?,?,?,?,?,default)
    Hibernate: insert into ft_participants (draft_order,fantasy_game_seq,player_id,preferred_team,team_name,seq) values (?,?,?,?,?,default)
    Hibernate: insert into ft_participants (draft_order,fantasy_game_seq,player_id,preferred_team,team_name,seq) values (?,?,?,?,?,default)
    Hibernate: insert into ft_participants (draft_order,fantasy_game_seq,player_id,preferred_team,team_name,seq) values (?,?,?,?,?,default)
    Hibernate: insert into ft_participants (draft_order,fantasy_game_seq,player_id,preferred_team,team_name,seq) values (?,?,?,?,?,default)
    Hibernate: insert into ft_participants (draft_order,fantasy_game_seq,player_id,preferred_team,team_name,seq) values (?,?,?,?,?,default)
    Hibernate: insert into ft_participants (draft_order,fantasy_game_seq,player_id,preferred_team,team_name,seq) values (?,?,?,?,?,default)
    Hibernate: insert into ft_participants (draft_order,fantasy_game_seq,player_id,preferred_team,team_name,seq) values (?,?,?,?,?,default)
    Hibernate: insert into ft_participants (draft_order,fantasy_game_seq,player_id,preferred_team,team_name,seq) values (?,?,?,?,?,default)
    Hibernate: insert into ft_participants (draft_order,fantasy_game_seq,player_id,preferred_team,team_name,seq) values (?,?,?,?,?,default)
    Hibernate: insert into ft_participants (draft_order,fantasy_game_seq,player_id,preferred_team,team_name,seq) values (?,?,?,?,?,default)
    Hibernate: insert into ft_participants (draft_order,fantasy_game_seq,player_id,preferred_team,team_name,seq) values (?,?,?,?,?,default)
    Hibernate: insert into ft_participants (draft_order,fantasy_game_seq,player_id,preferred_team,team_name,seq) values (?,?,?,?,?,default)
    Hibernate: insert into ft_participants (draft_order,fantasy_game_seq,player_id,preferred_team,team_name,seq) values (?,?,?,?,?,default)
    Hibernate: insert into ft_participants (draft_order,fantasy_game_seq,player_id,preferred_team,team_name,seq) values (?,?,?,?,?,default)
    Hibernate: insert into ft_participants (draft_order,fantasy_game_seq,player_id,preferred_team,team_name,seq) values (?,?,?,?,?,default)
    Hibernate: insert into ft_participants (draft_order,fantasy_game_seq,player_id,preferred_team,team_name,seq) values (?,?,?,?,?,default)
    Hibernate: insert into ft_participants (draft_order,fantasy_game_seq,player_id,preferred_team,team_name,seq) values (?,?,?,?,?,default)
    Hibernate: insert into ft_participants (draft_order,fantasy_game_seq,player_id,preferred_team,team_name,seq) values (?,?,?,?,?,default)
    Hibernate: insert into ft_participants (draft_order,fantasy_game_seq,player_id,preferred_team,team_name,seq) values (?,?,?,?,?,default)
    Hibernate: insert into ft_participants (draft_order,fantasy_game_seq,player_id,preferred_team,team_name,seq) values (?,?,?,?,?,default)
    Hibernate: insert into ft_participants (draft_order,fantasy_game_seq,player_id,preferred_team,team_name,seq) values (?,?,?,?,?,default)
    Hibernate: insert into ft_participants (draft_order,fantasy_game_seq,player_id,preferred_team,team_name,seq) values (?,?,?,?,?,default)
    Hibernate: insert into ft_participants (draft_order,fantasy_game_seq,player_id,preferred_team,team_name,seq) values (?,?,?,?,?,default)
    Hibernate: insert into ft_participants (draft_order,fantasy_game_seq,player_id,preferred_team,team_name,seq) values (?,?,?,?,?,default)
    Hibernate: insert into ft_participants (draft_order,fantasy_game_seq,player_id,preferred_team,team_name,seq) values (?,?,?,?,?,default)
    Hibernate: insert into ft_participants (draft_order,fantasy_game_seq,player_id,preferred_team,team_name,seq) values (?,?,?,?,?,default)
    Hibernate: insert into ft_participants (draft_order,fantasy_game_seq,player_id,preferred_team,team_name,seq) values (?,?,?,?,?,default)
    Hibernate: insert into ft_participants (draft_order,fantasy_game_seq,player_id,preferred_team,team_name,seq) values (?,?,?,?,?,default)
    Hibernate: insert into ft_participants (draft_order,fantasy_game_seq,player_id,preferred_team,team_name,seq) values (?,?,?,?,?,default)
    Hibernate: insert into ft_participants (draft_order,fantasy_game_seq,player_id,preferred_team,team_name,seq) values (?,?,?,?,?,default)
    Hibernate: insert into ft_participants (draft_order,fantasy_game_seq,player_id,preferred_team,team_name,seq) values (?,?,?,?,?,default)
    Hibernate: insert into ft_participants (draft_order,fantasy_game_seq,player_id,preferred_team,team_name,seq) values (?,?,?,?,?,default)
    Hibernate: insert into ft_participants (draft_order,fantasy_game_seq,player_id,preferred_team,team_name,seq) values (?,?,?,?,?,default)
    Hibernate: insert into ft_participants (draft_order,fantasy_game_seq,player_id,preferred_team,team_name,seq) values (?,?,?,?,?,default)
    Hibernate: insert into ft_participants (draft_order,fantasy_game_seq,player_id,preferred_team,team_name,seq) values (?,?,?,?,?,default)
    Hibernate: insert into ft_participants (draft_order,fantasy_game_seq,player_id,preferred_team,team_name,seq) values (?,?,?,?,?,default)
    Hibernate: insert into ft_participants (draft_order,fantasy_game_seq,player_id,preferred_team,team_name,seq) values (?,?,?,?,?,default)
    Hibernate: insert into ft_participants (draft_order,fantasy_game_seq,player_id,preferred_team,team_name,seq) values (?,?,?,?,?,default)
    Hibernate: insert into ft_participants (draft_order,fantasy_game_seq,player_id,preferred_team,team_name,seq) values (?,?,?,?,?,default)
    Hibernate: insert into ft_participants (draft_order,fantasy_game_seq,player_id,preferred_team,team_name,seq) values (?,?,?,?,?,default)
    Hibernate: insert into ft_participants (draft_order,fantasy_game_seq,player_id,preferred_team,team_name,seq) values (?,?,?,?,?,default)
    Hibernate: insert into ft_participants (draft_order,fantasy_game_seq,player_id,preferred_team,team_name,seq) values (?,?,?,?,?,default)
    Hibernate: insert into ft_participants (draft_order,fantasy_game_seq,player_id,preferred_team,team_name,seq) values (?,?,?,?,?,default)
    Hibernate: insert into ft_participants (draft_order,fantasy_game_seq,player_id,preferred_team,team_name,seq) values (?,?,?,?,?,default)
    Hibernate: insert into ft_participants (draft_order,fantasy_game_seq,player_id,preferred_team,team_name,seq) values (?,?,?,?,?,default)
    Hibernate: insert into ft_participants (draft_order,fantasy_game_seq,player_id,preferred_team,team_name,seq) values (?,?,?,?,?,default)
    Hibernate: insert into ft_participants (draft_order,fantasy_game_seq,player_id,preferred_team,team_name,seq) values (?,?,?,?,?,default)
    Hibernate: insert into ft_participants (draft_order,fantasy_game_seq,player_id,preferred_team,team_name,seq) values (?,?,?,?,?,default)
    Hibernate: insert into ft_participants (draft_order,fantasy_game_seq,player_id,preferred_team,team_name,seq) values (?,?,?,?,?,default)
    Hibernate: insert into ft_participants (draft_order,fantasy_game_seq,player_id,preferred_team,team_name,seq) values (?,?,?,?,?,default)
    Hibernate: insert into ft_participants (draft_order,fantasy_game_seq,player_id,preferred_team,team_name,seq) values (?,?,?,?,?,default)
    Hibernate: insert into ft_participants (draft_order,fantasy_game_seq,player_id,preferred_team,team_name,seq) values (?,?,?,?,?,default)
    Hibernate: insert into ft_participants (draft_order,fantasy_game_seq,player_id,preferred_team,team_name,seq) values (?,?,?,?,?,default)
    Hibernate: insert into ft_participants (draft_order,fantasy_game_seq,player_id,preferred_team,team_name,seq) values (?,?,?,?,?,default)
    Hibernate: insert into ft_participants (draft_order,fantasy_game_seq,player_id,preferred_team,team_name,seq) values (?,?,?,?,?,default)
    Hibernate: insert into ft_participants (draft_order,fantasy_game_seq,player_id,preferred_team,team_name,seq) values (?,?,?,?,?,default)
    Hibernate: insert into ft_participants (draft_order,fantasy_game_seq,player_id,preferred_team,team_name,seq) values (?,?,?,?,?,default)
    Hibernate: insert into ft_participants (draft_order,fantasy_game_seq,player_id,preferred_team,team_name,seq) values (?,?,?,?,?,default)
    Hibernate: insert into ft_participants (draft_order,fantasy_game_seq,player_id,preferred_team,team_name,seq) values (?,?,?,?,?,default)
    Hibernate: insert into ft_participants (draft_order,fantasy_game_seq,player_id,preferred_team,team_name,seq) values (?,?,?,?,?,default)
    Hibernate: insert into ft_participants (draft_order,fantasy_game_seq,player_id,preferred_team,team_name,seq) values (?,?,?,?,?,default)
    Hibernate: insert into ft_participants (draft_order,fantasy_game_seq,player_id,preferred_team,team_name,seq) values (?,?,?,?,?,default)
    Hibernate: insert into ft_participants (draft_order,fantasy_game_seq,player_id,preferred_team,team_name,seq) values (?,?,?,?,?,default)
    Hibernate: insert into ft_participants (draft_order,fantasy_game_seq,player_id,preferred_team,team_name,seq) values (?,?,?,?,?,default)
    Hibernate: insert into ft_participants (draft_order,fantasy_game_seq,player_id,preferred_team,team_name,seq) values (?,?,?,?,?,default)
    Hibernate: insert into ft_participants (draft_order,fantasy_game_seq,player_id,preferred_team,team_name,seq) values (?,?,?,?,?,default)
    Hibernate: insert into ft_participants (draft_order,fantasy_game_seq,player_id,preferred_team,team_name,seq) values (?,?,?,?,?,default)
    Hibernate: insert into ft_participants (draft_order,fantasy_game_seq,player_id,preferred_team,team_name,seq) values (?,?,?,?,?,default)
    Hibernate: insert into ft_participants (draft_order,fantasy_game_seq,player_id,preferred_team,team_name,seq) values (?,?,?,?,?,default)
    Hibernate: insert into ft_participants (draft_order,fantasy_game_seq,player_id,preferred_team,team_name,seq) values (?,?,?,?,?,default)
    Hibernate: insert into ft_participants (draft_order,fantasy_game_seq,player_id,preferred_team,team_name,seq) values (?,?,?,?,?,default)
    Hibernate: insert into ft_participants (draft_order,fantasy_game_seq,player_id,preferred_team,team_name,seq) values (?,?,?,?,?,default)
    Hibernate: insert into ft_participants (draft_order,fantasy_game_seq,player_id,preferred_team,team_name,seq) values (?,?,?,?,?,default)
    Hibernate: insert into ft_participants (draft_order,fantasy_game_seq,player_id,preferred_team,team_name,seq) values (?,?,?,?,?,default)
    Hibernate: insert into ft_participants (draft_order,fantasy_game_seq,player_id,preferred_team,team_name,seq) values (?,?,?,?,?,default)
    Hibernate: insert into ft_participants (draft_order,fantasy_game_seq,player_id,preferred_team,team_name,seq) values (?,?,?,?,?,default)
    Hibernate: insert into ft_participants (draft_order,fantasy_game_seq,player_id,preferred_team,team_name,seq) values (?,?,?,?,?,default)
    Hibernate: insert into ft_participants (draft_order,fantasy_game_seq,player_id,preferred_team,team_name,seq) values (?,?,?,?,?,default)
    Hibernate: insert into ft_participants (draft_order,fantasy_game_seq,player_id,preferred_team,team_name,seq) values (?,?,?,?,?,default)
    Hibernate: insert into ft_participants (draft_order,fantasy_game_seq,player_id,preferred_team,team_name,seq) values (?,?,?,?,?,default)
    Hibernate: insert into ft_participants (draft_order,fantasy_game_seq,player_id,preferred_team,team_name,seq) values (?,?,?,?,?,default)
    Hibernate: insert into ft_participants (draft_order,fantasy_game_seq,player_id,preferred_team,team_name,seq) values (?,?,?,?,?,default)
    Hibernate: insert into ft_participants (draft_order,fantasy_game_seq,player_id,preferred_team,team_name,seq) values (?,?,?,?,?,default)
    Hibernate: insert into ft_participants (draft_order,fantasy_game_seq,player_id,preferred_team,team_name,seq) values (?,?,?,?,?,default)
    Hibernate: insert into ft_participants (draft_order,fantasy_game_seq,player_id,preferred_team,team_name,seq) values (?,?,?,?,?,default)
    Hibernate: insert into ft_participants (draft_order,fantasy_game_seq,player_id,preferred_team,team_name,seq) values (?,?,?,?,?,default)
    Hibernate: insert into ft_participants (draft_order,fantasy_game_seq,player_id,preferred_team,team_name,seq) values (?,?,?,?,?,default)
    Hibernate: insert into ft_participants (draft_order,fantasy_game_seq,player_id,preferred_team,team_name,seq) values (?,?,?,?,?,default)
    Hibernate: insert into ft_participants (draft_order,fantasy_game_seq,player_id,preferred_team,team_name,seq) values (?,?,?,?,?,default)
    Hibernate: insert into ft_participants (draft_order,fantasy_game_seq,player_id,preferred_team,team_name,seq) values (?,?,?,?,?,default)
    Hibernate: insert into ft_participants (draft_order,fantasy_game_seq,player_id,preferred_team,team_name,seq) values (?,?,?,?,?,default)
    Hibernate: insert into ft_participants (draft_order,fantasy_game_seq,player_id,preferred_team,team_name,seq) values (?,?,?,?,?,default)
    Hibernate: insert into ft_participants (draft_order,fantasy_game_seq,player_id,preferred_team,team_name,seq) values (?,?,?,?,?,default)
    Hibernate: insert into ft_participants (draft_order,fantasy_game_seq,player_id,preferred_team,team_name,seq) values (?,?,?,?,?,default)
    Hibernate: insert into ft_participants (draft_order,fantasy_game_seq,player_id,preferred_team,team_name,seq) values (?,?,?,?,?,default)
    Hibernate: insert into ft_participants (draft_order,fantasy_game_seq,player_id,preferred_team,team_name,seq) values (?,?,?,?,?,default)
    Hibernate: insert into ft_participants (draft_order,fantasy_game_seq,player_id,preferred_team,team_name,seq) values (?,?,?,?,?,default)
    Hibernate: insert into ft_participants (draft_order,fantasy_game_seq,player_id,preferred_team,team_name,seq) values (?,?,?,?,?,default)
    Hibernate: insert into ft_participants (draft_order,fantasy_game_seq,player_id,preferred_team,team_name,seq) values (?,?,?,?,?,default)
    Hibernate: insert into ft_participants (draft_order,fantasy_game_seq,player_id,preferred_team,team_name,seq) values (?,?,?,?,?,default)
    Hibernate: insert into ft_participants (draft_order,fantasy_game_seq,player_id,preferred_team,team_name,seq) values (?,?,?,?,?,default)
    Hibernate: insert into ft_participants (draft_order,fantasy_game_seq,player_id,preferred_team,team_name,seq) values (?,?,?,?,?,default)
    Hibernate: insert into ft_participants (draft_order,fantasy_game_seq,player_id,preferred_team,team_name,seq) values (?,?,?,?,?,default)
    Hibernate: insert into ft_participants (draft_order,fantasy_game_seq,player_id,preferred_team,team_name,seq) values (?,?,?,?,?,default)
    Hibernate: insert into ft_participants (draft_order,fantasy_game_seq,player_id,preferred_team,team_name,seq) values (?,?,?,?,?,default)
    Hibernate: insert into ft_participants (draft_order,fantasy_game_seq,player_id,preferred_team,team_name,seq) values (?,?,?,?,?,default)
    Hibernate: insert into ft_participants (draft_order,fantasy_game_seq,player_id,preferred_team,team_name,seq) values (?,?,?,?,?,default)
    Hibernate: insert into ft_participants (draft_order,fantasy_game_seq,player_id,preferred_team,team_name,seq) values (?,?,?,?,?,default)
    Hibernate: insert into ft_participants (draft_order,fantasy_game_seq,player_id,preferred_team,team_name,seq) values (?,?,?,?,?,default)
    Hibernate: insert into ft_participants (draft_order,fantasy_game_seq,player_id,preferred_team,team_name,seq) values (?,?,?,?,?,default)
    Hibernate: insert into ft_participants (draft_order,fantasy_game_seq,player_id,preferred_team,team_name,seq) values (?,?,?,?,?,default)
    Hibernate: insert into ft_participants (draft_order,fantasy_game_seq,player_id,preferred_team,team_name,seq) values (?,?,?,?,?,default)
    Hibernate: insert into ft_participants (draft_order,fantasy_game_seq,player_id,preferred_team,team_name,seq) values (?,?,?,?,?,default)
    Hibernate: insert into ft_participants (draft_order,fantasy_game_seq,player_id,preferred_team,team_name,seq) values (?,?,?,?,?,default)
    Hibernate: insert into ft_participants (draft_order,fantasy_game_seq,player_id,preferred_team,team_name,seq) values (?,?,?,?,?,default)
    Hibernate: insert into ft_participants (draft_order,fantasy_game_seq,player_id,preferred_team,team_name,seq) values (?,?,?,?,?,default)
    Hibernate: insert into ft_participants (draft_order,fantasy_game_seq,player_id,preferred_team,team_name,seq) values (?,?,?,?,?,default)
    Hibernate: insert into ft_participants (draft_order,fantasy_game_seq,player_id,preferred_team,team_name,seq) values (?,?,?,?,?,default)
    Hibernate: insert into ft_participants (draft_order,fantasy_game_seq,player_id,preferred_team,team_name,seq) values (?,?,?,?,?,default)
    Hibernate: insert into ft_participants (draft_order,fantasy_game_seq,player_id,preferred_team,team_name,seq) values (?,?,?,?,?,default)
    Hibernate: insert into ft_participants (draft_order,fantasy_game_seq,player_id,preferred_team,team_name,seq) values (?,?,?,?,?,default)
    Hibernate: insert into ft_participants (draft_order,fantasy_game_seq,player_id,preferred_team,team_name,seq) values (?,?,?,?,?,default)
    Hibernate: insert into ft_participants (draft_order,fantasy_game_seq,player_id,preferred_team,team_name,seq) values (?,?,?,?,?,default)
    Hibernate: insert into ft_participants (draft_order,fantasy_game_seq,player_id,preferred_team,team_name,seq) values (?,?,?,?,?,default)
    Hibernate: insert into ft_participants (draft_order,fantasy_game_seq,player_id,preferred_team,team_name,seq) values (?,?,?,?,?,default)
    Hibernate: insert into ft_participants (draft_order,fantasy_game_seq,player_id,preferred_team,team_name,seq) values (?,?,?,?,?,default)
    Hibernate: insert into ft_participants (draft_order,fantasy_game_seq,player_id,preferred_team,team_name,seq) values (?,?,?,?,?,default)
    Hibernate: insert into ft_participants (draft_order,fantasy_game_seq,player_id,preferred_team,team_name,seq) values (?,?,?,?,?,default)
    Hibernate: insert into ft_participants (draft_order,fantasy_game_seq,player_id,preferred_team,team_name,seq) values (?,?,?,?,?,default)
    Hibernate: insert into ft_participants (draft_order,fantasy_game_seq,player_id,preferred_team,team_name,seq) values (?,?,?,?,?,default)
    Hibernate: insert into ft_participants (draft_order,fantasy_game_seq,player_id,preferred_team,team_name,seq) values (?,?,?,?,?,default)
    Hibernate: insert into ft_participants (draft_order,fantasy_game_seq,player_id,preferred_team,team_name,seq) values (?,?,?,?,?,default)
    Hibernate: insert into ft_participants (draft_order,fantasy_game_seq,player_id,preferred_team,team_name,seq) values (?,?,?,?,?,default)
    Hibernate: insert into ft_participants (draft_order,fantasy_game_seq,player_id,preferred_team,team_name,seq) values (?,?,?,?,?,default)
    Hibernate: insert into ft_participants (draft_order,fantasy_game_seq,player_id,preferred_team,team_name,seq) values (?,?,?,?,?,default)
    Hibernate: insert into ft_participants (draft_order,fantasy_game_seq,player_id,preferred_team,team_name,seq) values (?,?,?,?,?,default)
    Hibernate: insert into ft_participants (draft_order,fantasy_game_seq,player_id,preferred_team,team_name,seq) values (?,?,?,?,?,default)
    Hibernate: insert into ft_participants (draft_order,fantasy_game_seq,player_id,preferred_team,team_name,seq) values (?,?,?,?,?,default)
    Hibernate: insert into ft_participants (draft_order,fantasy_game_seq,player_id,preferred_team,team_name,seq) values (?,?,?,?,?,default)
    Hibernate: insert into ft_participants (draft_order,fantasy_game_seq,player_id,preferred_team,team_name,seq) values (?,?,?,?,?,default)
    Hibernate: insert into ft_participants (draft_order,fantasy_game_seq,player_id,preferred_team,team_name,seq) values (?,?,?,?,?,default)
    Hibernate: insert into ft_participants (draft_order,fantasy_game_seq,player_id,preferred_team,team_name,seq) values (?,?,?,?,?,default)
    Hibernate: insert into ft_participants (draft_order,fantasy_game_seq,player_id,preferred_team,team_name,seq) values (?,?,?,?,?,default)
    Hibernate: insert into ft_participants (draft_order,fantasy_game_seq,player_id,preferred_team,team_name,seq) values (?,?,?,?,?,default)
    Hibernate: insert into ft_participants (draft_order,fantasy_game_seq,player_id,preferred_team,team_name,seq) values (?,?,?,?,?,default)
    Hibernate: insert into ft_participants (draft_order,fantasy_game_seq,player_id,preferred_team,team_name,seq) values (?,?,?,?,?,default)
    Hibernate: insert into ft_participants (draft_order,fantasy_game_seq,player_id,preferred_team,team_name,seq) values (?,?,?,?,?,default)
    Hibernate: insert into ft_participants (draft_order,fantasy_game_seq,player_id,preferred_team,team_name,seq) values (?,?,?,?,?,default)
    Hibernate: insert into ft_participants (draft_order,fantasy_game_seq,player_id,preferred_team,team_name,seq) values (?,?,?,?,?,default)
    Hibernate: insert into ft_participants (draft_order,fantasy_game_seq,player_id,preferred_team,team_name,seq) values (?,?,?,?,?,default)
    Hibernate: insert into ft_participants (draft_order,fantasy_game_seq,player_id,preferred_team,team_name,seq) values (?,?,?,?,?,default)
    Hibernate: insert into ft_participants (draft_order,fantasy_game_seq,player_id,preferred_team,team_name,seq) values (?,?,?,?,?,default)
    Hibernate: insert into ft_participants (draft_order,fantasy_game_seq,player_id,preferred_team,team_name,seq) values (?,?,?,?,?,default)
    Hibernate: insert into ft_participants (draft_order,fantasy_game_seq,player_id,preferred_team,team_name,seq) values (?,?,?,?,?,default)
    Hibernate: insert into ft_participants (draft_order,fantasy_game_seq,player_id,preferred_team,team_name,seq) values (?,?,?,?,?,default)
    Hibernate: insert into ft_participants (draft_order,fantasy_game_seq,player_id,preferred_team,team_name,seq) values (?,?,?,?,?,default)
    Hibernate: insert into ft_participants (draft_order,fantasy_game_seq,player_id,preferred_team,team_name,seq) values (?,?,?,?,?,default)
    Hibernate: insert into ft_participants (draft_order,fantasy_game_seq,player_id,preferred_team,team_name,seq) values (?,?,?,?,?,default)
    Hibernate: insert into ft_participants (draft_order,fantasy_game_seq,player_id,preferred_team,team_name,seq) values (?,?,?,?,?,default)
    Hibernate: insert into ft_participants (draft_order,fantasy_game_seq,player_id,preferred_team,team_name,seq) values (?,?,?,?,?,default)
    Hibernate: insert into ft_participants (draft_order,fantasy_game_seq,player_id,preferred_team,team_name,seq) values (?,?,?,?,?,default)
    Hibernate: insert into ft_participants (draft_order,fantasy_game_seq,player_id,preferred_team,team_name,seq) values (?,?,?,?,?,default)
    Hibernate: insert into ft_participants (draft_order,fantasy_game_seq,player_id,preferred_team,team_name,seq) values (?,?,?,?,?,default)
    Hibernate: insert into ft_participants (draft_order,fantasy_game_seq,player_id,preferred_team,team_name,seq) values (?,?,?,?,?,default)
    Hibernate: insert into ft_participants (draft_order,fantasy_game_seq,player_id,preferred_team,team_name,seq) values (?,?,?,?,?,default)
    Hibernate: insert into ft_participants (draft_order,fantasy_game_seq,player_id,preferred_team,team_name,seq) values (?,?,?,?,?,default)
    Hibernate: insert into ft_participants (draft_order,fantasy_game_seq,player_id,preferred_team,team_name,seq) values (?,?,?,?,?,default)
    Hibernate: insert into ft_participants (draft_order,fantasy_game_seq,player_id,preferred_team,team_name,seq) values (?,?,?,?,?,default)
    Hibernate: insert into ft_participants (draft_order,fantasy_game_seq,player_id,preferred_team,team_name,seq) values (?,?,?,?,?,default)
    Hibernate: insert into ft_participants (draft_order,fantasy_game_seq,player_id,preferred_team,team_name,seq) values (?,?,?,?,?,default)
    Hibernate: insert into ft_participants (draft_order,fantasy_game_seq,player_id,preferred_team,team_name,seq) values (?,?,?,?,?,default)
    Hibernate: insert into ft_participants (draft_order,fantasy_game_seq,player_id,preferred_team,team_name,seq) values (?,?,?,?,?,default)
    Hibernate: insert into ft_participants (draft_order,fantasy_game_seq,player_id,preferred_team,team_name,seq) values (?,?,?,?,?,default)
    Hibernate: insert into ft_participants (draft_order,fantasy_game_seq,player_id,preferred_team,team_name,seq) values (?,?,?,?,?,default)
    Hibernate: insert into ft_participants (draft_order,fantasy_game_seq,player_id,preferred_team,team_name,seq) values (?,?,?,?,?,default)
    Hibernate: insert into ft_participants (draft_order,fantasy_game_seq,player_id,preferred_team,team_name,seq) values (?,?,?,?,?,default)
    Hibernate: insert into ft_participants (draft_order,fantasy_game_seq,player_id,preferred_team,team_name,seq) values (?,?,?,?,?,default)
    Hibernate: insert into ft_participants (draft_order,fantasy_game_seq,player_id,preferred_team,team_name,seq) values (?,?,?,?,?,default)
    Hibernate: insert into ft_participants (draft_order,fantasy_game_seq,player_id,preferred_team,team_name,seq) values (?,?,?,?,?,default)
    Hibernate: insert into ft_participants (draft_order,fantasy_game_seq,player_id,preferred_team,team_name,seq) values (?,?,?,?,?,default)
    Hibernate: insert into ft_participants (draft_order,fantasy_game_seq,player_id,preferred_team,team_name,seq) values (?,?,?,?,?,default)
    Hibernate: insert into ft_participants (draft_order,fantasy_game_seq,player_id,preferred_team,team_name,seq) values (?,?,?,?,?,default)
    Hibernate: insert into ft_participants (draft_order,fantasy_game_seq,player_id,preferred_team,team_name,seq) values (?,?,?,?,?,default)
    Hibernate: insert into ft_participants (draft_order,fantasy_game_seq,player_id,preferred_team,team_name,seq) values (?,?,?,?,?,default)
    Hibernate: insert into ft_participants (draft_order,fantasy_game_seq,player_id,preferred_team,team_name,seq) values (?,?,?,?,?,default)
    Hibernate: insert into ft_participants (draft_order,fantasy_game_seq,player_id,preferred_team,team_name,seq) values (?,?,?,?,?,default)
    Hibernate: insert into ft_participants (draft_order,fantasy_game_seq,player_id,preferred_team,team_name,seq) values (?,?,?,?,?,default)
    Hibernate: insert into ft_participants (draft_order,fantasy_game_seq,player_id,preferred_team,team_name,seq) values (?,?,?,?,?,default)
    Hibernate: insert into ft_participants (draft_order,fantasy_game_seq,player_id,preferred_team,team_name,seq) values (?,?,?,?,?,default)
    Hibernate: insert into ft_participants (draft_order,fantasy_game_seq,player_id,preferred_team,team_name,seq) values (?,?,?,?,?,default)
    Hibernate: insert into ft_participants (draft_order,fantasy_game_seq,player_id,preferred_team,team_name,seq) values (?,?,?,?,?,default)
    Hibernate: insert into ft_participants (draft_order,fantasy_game_seq,player_id,preferred_team,team_name,seq) values (?,?,?,?,?,default)
    Hibernate: insert into ft_participants (draft_order,fantasy_game_seq,player_id,preferred_team,team_name,seq) values (?,?,?,?,?,default)
    Hibernate: insert into ft_participants (draft_order,fantasy_game_seq,player_id,preferred_team,team_name,seq) values (?,?,?,?,?,default)
    Hibernate: insert into ft_participants (draft_order,fantasy_game_seq,player_id,preferred_team,team_name,seq) values (?,?,?,?,?,default)
    Hibernate: insert into ft_participants (draft_order,fantasy_game_seq,player_id,preferred_team,team_name,seq) values (?,?,?,?,?,default)
    Hibernate: insert into ft_participants (draft_order,fantasy_game_seq,player_id,preferred_team,team_name,seq) values (?,?,?,?,?,default)
    Hibernate: insert into ft_participants (draft_order,fantasy_game_seq,player_id,preferred_team,team_name,seq) values (?,?,?,?,?,default)
    Hibernate: insert into ft_participants (draft_order,fantasy_game_seq,player_id,preferred_team,team_name,seq) values (?,?,?,?,?,default)
    Hibernate: insert into ft_participants (draft_order,fantasy_game_seq,player_id,preferred_team,team_name,seq) values (?,?,?,?,?,default)
    Hibernate: insert into ft_participants (draft_order,fantasy_game_seq,player_id,preferred_team,team_name,seq) values (?,?,?,?,?,default)
    Hibernate: insert into ft_participants (draft_order,fantasy_game_seq,player_id,preferred_team,team_name,seq) values (?,?,?,?,?,default)
    Hibernate: insert into ft_participants (draft_order,fantasy_game_seq,player_id,preferred_team,team_name,seq) values (?,?,?,?,?,default)
    Hibernate: insert into ft_participants (draft_order,fantasy_game_seq,player_id,preferred_team,team_name,seq) values (?,?,?,?,?,default)
    Hibernate: insert into ft_participants (draft_order,fantasy_game_seq,player_id,preferred_team,team_name,seq) values (?,?,?,?,?,default)
    Hibernate: insert into ft_participants (draft_order,fantasy_game_seq,player_id,preferred_team,team_name,seq) values (?,?,?,?,?,default)
    Hibernate: insert into ft_participants (draft_order,fantasy_game_seq,player_id,preferred_team,team_name,seq) values (?,?,?,?,?,default)
    Hibernate: insert into ft_participants (draft_order,fantasy_game_seq,player_id,preferred_team,team_name,seq) values (?,?,?,?,?,default)
    Hibernate: insert into ft_participants (draft_order,fantasy_game_seq,player_id,preferred_team,team_name,seq) values (?,?,?,?,?,default)
    Hibernate: insert into ft_participants (draft_order,fantasy_game_seq,player_id,preferred_team,team_name,seq) values (?,?,?,?,?,default)
    Hibernate: insert into ft_participants (draft_order,fantasy_game_seq,player_id,preferred_team,team_name,seq) values (?,?,?,?,?,default)
    Hibernate: insert into ft_participants (draft_order,fantasy_game_seq,player_id,preferred_team,team_name,seq) values (?,?,?,?,?,default)
    Hibernate: insert into ft_participants (draft_order,fantasy_game_seq,player_id,preferred_team,team_name,seq) values (?,?,?,?,?,default)
    Hibernate: insert into ft_participants (draft_order,fantasy_game_seq,player_id,preferred_team,team_name,seq) values (?,?,?,?,?,default)
    Hibernate: insert into ft_participants (draft_order,fantasy_game_seq,player_id,preferred_team,team_name,seq) values (?,?,?,?,?,default)
    Hibernate: insert into ft_participants (draft_order,fantasy_game_seq,player_id,preferred_team,team_name,seq) values (?,?,?,?,?,default)
    Hibernate: insert into ft_participants (draft_order,fantasy_game_seq,player_id,preferred_team,team_name,seq) values (?,?,?,?,?,default)
    Hibernate: insert into ft_participants (draft_order,fantasy_game_seq,player_id,preferred_team,team_name,seq) values (?,?,?,?,?,default)
    Hibernate: insert into ft_participants (draft_order,fantasy_game_seq,player_id,preferred_team,team_name,seq) values (?,?,?,?,?,default)
    Hibernate: insert into ft_participants (draft_order,fantasy_game_seq,player_id,preferred_team,team_name,seq) values (?,?,?,?,?,default)
    Hibernate: insert into ft_participants (draft_order,fantasy_game_seq,player_id,preferred_team,team_name,seq) values (?,?,?,?,?,default)
    Hibernate: insert into ft_participants (draft_order,fantasy_game_seq,player_id,preferred_team,team_name,seq) values (?,?,?,?,?,default)
    Hibernate: insert into ft_participants (draft_order,fantasy_game_seq,player_id,preferred_team,team_name,seq) values (?,?,?,?,?,default)
    Hibernate: insert into ft_participants (draft_order,fantasy_game_seq,player_id,preferred_team,team_name,seq) values (?,?,?,?,?,default)
    Hibernate: insert into ft_participants (draft_order,fantasy_game_seq,player_id,preferred_team,team_name,seq) values (?,?,?,?,?,default)
    Hibernate: insert into ft_participants (draft_order,fantasy_game_seq,player_id,preferred_team,team_name,seq) values (?,?,?,?,?,default)
    Hibernate: insert into ft_participants (draft_order,fantasy_game_seq,player_id,preferred_team,team_name,seq) values (?,?,?,?,?,default)
    Hibernate: insert into ft_participants (draft_order,fantasy_game_seq,player_id,preferred_team,team_name,seq) values (?,?,?,?,?,default)
    Hibernate: insert into ft_participants (draft_order,fantasy_game_seq,player_id,preferred_team,team_name,seq) values (?,?,?,?,?,default)
    Hibernate: insert into ft_participants (draft_order,fantasy_game_seq,player_id,preferred_team,team_name,seq) values (?,?,?,?,?,default)
    Hibernate: insert into ft_participants (draft_order,fantasy_game_seq,player_id,preferred_team,team_name,seq) values (?,?,?,?,?,default)
    Hibernate: insert into ft_participants (draft_order,fantasy_game_seq,player_id,preferred_team,team_name,seq) values (?,?,?,?,?,default)
    Hibernate: insert into ft_participants (draft_order,fantasy_game_seq,player_id,preferred_team,team_name,seq) values (?,?,?,?,?,default)
    Hibernate: insert into ft_participants (draft_order,fantasy_game_seq,player_id,preferred_team,team_name,seq) values (?,?,?,?,?,default)
    Hibernate: insert into ft_participants (draft_order,fantasy_game_seq,player_id,preferred_team,team_name,seq) values (?,?,?,?,?,default)
    Hibernate: insert into ft_participants (draft_order,fantasy_game_seq,player_id,preferred_team,team_name,seq) values (?,?,?,?,?,default)
    Hibernate: insert into ft_participants (draft_order,fantasy_game_seq,player_id,preferred_team,team_name,seq) values (?,?,?,?,?,default)
    Hibernate: insert into ft_participants (draft_order,fantasy_game_seq,player_id,preferred_team,team_name,seq) values (?,?,?,?,?,default)
    Hibernate: insert into ft_participants (draft_order,fantasy_game_seq,player_id,preferred_team,team_name,seq) values (?,?,?,?,?,default)
    Hibernate: insert into ft_participants (draft_order,fantasy_game_seq,player_id,preferred_team,team_name,seq) values (?,?,?,?,?,default)
    Hibernate: insert into ft_participants (draft_order,fantasy_game_seq,player_id,preferred_team,team_name,seq) values (?,?,?,?,?,default)
    Hibernate: insert into ft_participants (draft_order,fantasy_game_seq,player_id,preferred_team,team_name,seq) values (?,?,?,?,?,default)
    Hibernate: insert into ft_participants (draft_order,fantasy_game_seq,player_id,preferred_team,team_name,seq) values (?,?,?,?,?,default)
    Hibernate: insert into ft_participants (draft_order,fantasy_game_seq,player_id,preferred_team,team_name,seq) values (?,?,?,?,?,default)
    Hibernate: insert into ft_participants (draft_order,fantasy_game_seq,player_id,preferred_team,team_name,seq) values (?,?,?,?,?,default)
    Hibernate: insert into ft_participants (draft_order,fantasy_game_seq,player_id,preferred_team,team_name,seq) values (?,?,?,?,?,default)
    Hibernate: insert into ft_participants (draft_order,fantasy_game_seq,player_id,preferred_team,team_name,seq) values (?,?,?,?,?,default)
    Hibernate: insert into ft_participants (draft_order,fantasy_game_seq,player_id,preferred_team,team_name,seq) values (?,?,?,?,?,default)
    Hibernate: insert into ft_participants (draft_order,fantasy_game_seq,player_id,preferred_team,team_name,seq) values (?,?,?,?,?,default)
    Hibernate: insert into ft_participants (draft_order,fantasy_game_seq,player_id,preferred_team,team_name,seq) values (?,?,?,?,?,default)
    Hibernate: insert into ft_participants (draft_order,fantasy_game_seq,player_id,preferred_team,team_name,seq) values (?,?,?,?,?,default)
    Hibernate: insert into ft_participants (draft_order,fantasy_game_seq,player_id,preferred_team,team_name,seq) values (?,?,?,?,?,default)
    Hibernate: insert into ft_participants (draft_order,fantasy_game_seq,player_id,preferred_team,team_name,seq) values (?,?,?,?,?,default)
    Hibernate: insert into ft_participants (draft_order,fantasy_game_seq,player_id,preferred_team,team_name,seq) values (?,?,?,?,?,default)
    Hibernate: insert into ft_participants (draft_order,fantasy_game_seq,player_id,preferred_team,team_name,seq) values (?,?,?,?,?,default)
    Hibernate: insert into ft_participants (draft_order,fantasy_game_seq,player_id,preferred_team,team_name,seq) values (?,?,?,?,?,default)
    Hibernate: insert into ft_participants (draft_order,fantasy_game_seq,player_id,preferred_team,team_name,seq) values (?,?,?,?,?,default)
    Hibernate: insert into ft_participants (draft_order,fantasy_game_seq,player_id,preferred_team,team_name,seq) values (?,?,?,?,?,default)
    Hibernate: insert into ft_participants (draft_order,fantasy_game_seq,player_id,preferred_team,team_name,seq) values (?,?,?,?,?,default)
    Hibernate: insert into ft_participants (draft_order,fantasy_game_seq,player_id,preferred_team,team_name,seq) values (?,?,?,?,?,default)
    Hibernate: insert into ft_participants (draft_order,fantasy_game_seq,player_id,preferred_team,team_name,seq) values (?,?,?,?,?,default)
    Hibernate: insert into ft_participants (draft_order,fantasy_game_seq,player_id,preferred_team,team_name,seq) values (?,?,?,?,?,default)
    Hibernate: insert into ft_participants (draft_order,fantasy_game_seq,player_id,preferred_team,team_name,seq) values (?,?,?,?,?,default)
    Hibernate: insert into ft_participants (draft_order,fantasy_game_seq,player_id,preferred_team,team_name,seq) values (?,?,?,?,?,default)
    Hibernate: insert into ft_participants (draft_order,fantasy_game_seq,player_id,preferred_team,team_name,seq) values (?,?,?,?,?,default)
    Hibernate: insert into ft_participants (draft_order,fantasy_game_seq,player_id,preferred_team,team_name,seq) values (?,?,?,?,?,default)
    Hibernate: insert into ft_participants (draft_order,fantasy_game_seq,player_id,preferred_team,team_name,seq) values (?,?,?,?,?,default)
    Hibernate: insert into ft_participants (draft_order,fantasy_game_seq,player_id,preferred_team,team_name,seq) values (?,?,?,?,?,default)
    Hibernate: insert into ft_participants (draft_order,fantasy_game_seq,player_id,preferred_team,team_name,seq) values (?,?,?,?,?,default)
    Hibernate: insert into ft_participants (draft_order,fantasy_game_seq,player_id,preferred_team,team_name,seq) values (?,?,?,?,?,default)
    Hibernate: insert into ft_participants (draft_order,fantasy_game_seq,player_id,preferred_team,team_name,seq) values (?,?,?,?,?,default)
    Hibernate: insert into ft_participants (draft_order,fantasy_game_seq,player_id,preferred_team,team_name,seq) values (?,?,?,?,?,default)
    Hibernate: insert into ft_participants (draft_order,fantasy_game_seq,player_id,preferred_team,team_name,seq) values (?,?,?,?,?,default)
    Hibernate: insert into ft_participants (draft_order,fantasy_game_seq,player_id,preferred_team,team_name,seq) values (?,?,?,?,?,default)
    Hibernate: insert into ft_participants (draft_order,fantasy_game_seq,player_id,preferred_team,team_name,seq) values (?,?,?,?,?,default)
    Hibernate: insert into ft_participants (draft_order,fantasy_game_seq,player_id,preferred_team,team_name,seq) values (?,?,?,?,?,default)
    Hibernate: insert into ft_participants (draft_order,fantasy_game_seq,player_id,preferred_team,team_name,seq) values (?,?,?,?,?,default)
    Hibernate: insert into ft_participants (draft_order,fantasy_game_seq,player_id,preferred_team,team_name,seq) values (?,?,?,?,?,default)
    Hibernate: insert into ft_participants (draft_order,fantasy_game_seq,player_id,preferred_team,team_name,seq) values (?,?,?,?,?,default)
    Hibernate: insert into ft_participants (draft_order,fantasy_game_seq,player_id,preferred_team,team_name,seq) values (?,?,?,?,?,default)
    Hibernate: insert into ft_participants (draft_order,fantasy_game_seq,player_id,preferred_team,team_name,seq) values (?,?,?,?,?,default)
    Hibernate: insert into ft_participants (draft_order,fantasy_game_seq,player_id,preferred_team,team_name,seq) values (?,?,?,?,?,default)
    Hibernate: insert into ft_participants (draft_order,fantasy_game_seq,player_id,preferred_team,team_name,seq) values (?,?,?,?,?,default)
    Hibernate: insert into ft_participants (draft_order,fantasy_game_seq,player_id,preferred_team,team_name,seq) values (?,?,?,?,?,default)
    Hibernate: insert into ft_participants (draft_order,fantasy_game_seq,player_id,preferred_team,team_name,seq) values (?,?,?,?,?,default)
    Hibernate: insert into ft_participants (draft_order,fantasy_game_seq,player_id,preferred_team,team_name,seq) values (?,?,?,?,?,default)
    Hibernate: insert into ft_participants (draft_order,fantasy_game_seq,player_id,preferred_team,team_name,seq) values (?,?,?,?,?,default)
    Hibernate: insert into ft_participants (draft_order,fantasy_game_seq,player_id,preferred_team,team_name,seq) values (?,?,?,?,?,default)
    Hibernate: insert into ft_participants (draft_order,fantasy_game_seq,player_id,preferred_team,team_name,seq) values (?,?,?,?,?,default)
    Hibernate: insert into ft_participants (draft_order,fantasy_game_seq,player_id,preferred_team,team_name,seq) values (?,?,?,?,?,default)
    Hibernate: insert into ft_participants (draft_order,fantasy_game_seq,player_id,preferred_team,team_name,seq) values (?,?,?,?,?,default)
    Hibernate: insert into ft_participants (draft_order,fantasy_game_seq,player_id,preferred_team,team_name,seq) values (?,?,?,?,?,default)
    Hibernate: insert into ft_participants (draft_order,fantasy_game_seq,player_id,preferred_team,team_name,seq) values (?,?,?,?,?,default)
    Hibernate: insert into ft_participants (draft_order,fantasy_game_seq,player_id,preferred_team,team_name,seq) values (?,?,?,?,?,default)
    Hibernate: insert into ft_participants (draft_order,fantasy_game_seq,player_id,preferred_team,team_name,seq) values (?,?,?,?,?,default)
    Hibernate: insert into ft_participants (draft_order,fantasy_game_seq,player_id,preferred_team,team_name,seq) values (?,?,?,?,?,default)
    Hibernate: insert into ft_participants (draft_order,fantasy_game_seq,player_id,preferred_team,team_name,seq) values (?,?,?,?,?,default)
    Hibernate: insert into ft_participants (draft_order,fantasy_game_seq,player_id,preferred_team,team_name,seq) values (?,?,?,?,?,default)
    Hibernate: insert into ft_participants (draft_order,fantasy_game_seq,player_id,preferred_team,team_name,seq) values (?,?,?,?,?,default)
    Hibernate: insert into ft_participants (draft_order,fantasy_game_seq,player_id,preferred_team,team_name,seq) values (?,?,?,?,?,default)
    Hibernate: insert into ft_participants (draft_order,fantasy_game_seq,player_id,preferred_team,team_name,seq) values (?,?,?,?,?,default)
    Hibernate: insert into ft_participants (draft_order,fantasy_game_seq,player_id,preferred_team,team_name,seq) values (?,?,?,?,?,default)
    Hibernate: insert into ft_participants (draft_order,fantasy_game_seq,player_id,preferred_team,team_name,seq) values (?,?,?,?,?,default)
    Hibernate: insert into ft_participants (draft_order,fantasy_game_seq,player_id,preferred_team,team_name,seq) values (?,?,?,?,?,default)
    Hibernate: insert into ft_participants (draft_order,fantasy_game_seq,player_id,preferred_team,team_name,seq) values (?,?,?,?,?,default)
    Hibernate: insert into ft_participants (draft_order,fantasy_game_seq,player_id,preferred_team,team_name,seq) values (?,?,?,?,?,default)
    Hibernate: insert into ft_participants (draft_order,fantasy_game_seq,player_id,preferred_team,team_name,seq) values (?,?,?,?,?,default)
    Hibernate: insert into ft_participants (draft_order,fantasy_game_seq,player_id,preferred_team,team_name,seq) values (?,?,?,?,?,default)
    Hibernate: insert into ft_participants (draft_order,fantasy_game_seq,player_id,preferred_team,team_name,seq) values (?,?,?,?,?,default)
    Hibernate: insert into ft_participants (draft_order,fantasy_game_seq,player_id,preferred_team,team_name,seq) values (?,?,?,?,?,default)
    Hibernate: insert into ft_participants (draft_order,fantasy_game_seq,player_id,preferred_team,team_name,seq) values (?,?,?,?,?,default)
    Hibernate: insert into ft_participants (draft_order,fantasy_game_seq,player_id,preferred_team,team_name,seq) values (?,?,?,?,?,default)
    Hibernate: insert into ft_participants (draft_order,fantasy_game_seq,player_id,preferred_team,team_name,seq) values (?,?,?,?,?,default)
    Hibernate: insert into ft_participants (draft_order,fantasy_game_seq,player_id,preferred_team,team_name,seq) values (?,?,?,?,?,default)
    Hibernate: insert into ft_participants (draft_order,fantasy_game_seq,player_id,preferred_team,team_name,seq) values (?,?,?,?,?,default)
    Hibernate: insert into ft_participants (draft_order,fantasy_game_seq,player_id,preferred_team,team_name,seq) values (?,?,?,?,?,default)
    Hibernate: insert into ft_participants (draft_order,fantasy_game_seq,player_id,preferred_team,team_name,seq) values (?,?,?,?,?,default)
    Hibernate: insert into ft_participants (draft_order,fantasy_game_seq,player_id,preferred_team,team_name,seq) values (?,?,?,?,?,default)
    Hibernate: insert into ft_participants (draft_order,fantasy_game_seq,player_id,preferred_team,team_name,seq) values (?,?,?,?,?,default)
    Hibernate: insert into ft_participants (draft_order,fantasy_game_seq,player_id,preferred_team,team_name,seq) values (?,?,?,?,?,default)
    Hibernate: insert into ft_participants (draft_order,fantasy_game_seq,player_id,preferred_team,team_name,seq) values (?,?,?,?,?,default)
    Hibernate: insert into ft_participants (draft_order,fantasy_game_seq,player_id,preferred_team,team_name,seq) values (?,?,?,?,?,default)
    Hibernate: insert into ft_participants (draft_order,fantasy_game_seq,player_id,preferred_team,team_name,seq) values (?,?,?,?,?,default)
    Hibernate: insert into ft_participants (draft_order,fantasy_game_seq,player_id,preferred_team,team_name,seq) values (?,?,?,?,?,default)
    Hibernate: insert into ft_participants (draft_order,fantasy_game_seq,player_id,preferred_team,team_name,seq) values (?,?,?,?,?,default)
    Hibernate: insert into ft_participants (draft_order,fantasy_game_seq,player_id,preferred_team,team_name,seq) values (?,?,?,?,?,default)
    Hibernate: insert into ft_participants (draft_order,fantasy_game_seq,player_id,preferred_team,team_name,seq) values (?,?,?,?,?,default)
    Hibernate: insert into ft_participants (draft_order,fantasy_game_seq,player_id,preferred_team,team_name,seq) values (?,?,?,?,?,default)
    Hibernate: insert into ft_participants (draft_order,fantasy_game_seq,player_id,preferred_team,team_name,seq) values (?,?,?,?,?,default)
    Hibernate: insert into ft_participants (draft_order,fantasy_game_seq,player_id,preferred_team,team_name,seq) values (?,?,?,?,?,default)
    Hibernate: insert into ft_participants (draft_order,fantasy_game_seq,player_id,preferred_team,team_name,seq) values (?,?,?,?,?,default)
    Hibernate: insert into ft_participants (draft_order,fantasy_game_seq,player_id,preferred_team,team_name,seq) values (?,?,?,?,?,default)
    Hibernate: insert into ft_participants (draft_order,fantasy_game_seq,player_id,preferred_team,team_name,seq) values (?,?,?,?,?,default)
    Hibernate: insert into ft_participants (draft_order,fantasy_game_seq,player_id,preferred_team,team_name,seq) values (?,?,?,?,?,default)
    Hibernate: insert into ft_participants (draft_order,fantasy_game_seq,player_id,preferred_team,team_name,seq) values (?,?,?,?,?,default)
    Hibernate: insert into ft_participants (draft_order,fantasy_game_seq,player_id,preferred_team,team_name,seq) values (?,?,?,?,?,default)
    Hibernate: insert into ft_participants (draft_order,fantasy_game_seq,player_id,preferred_team,team_name,seq) values (?,?,?,?,?,default)
    Hibernate: insert into ft_participants (draft_order,fantasy_game_seq,player_id,preferred_team,team_name,seq) values (?,?,?,?,?,default)
    Hibernate: insert into ft_participants (draft_order,fantasy_game_seq,player_id,preferred_team,team_name,seq) values (?,?,?,?,?,default)
    Hibernate: insert into ft_participants (draft_order,fantasy_game_seq,player_id,preferred_team,team_name,seq) values (?,?,?,?,?,default)
    Hibernate: insert into ft_participants (draft_order,fantasy_game_seq,player_id,preferred_team,team_name,seq) values (?,?,?,?,?,default)
    Hibernate: insert into ft_participants (draft_order,fantasy_game_seq,player_id,preferred_team,team_name,seq) values (?,?,?,?,?,default)
    Hibernate: insert into ft_participants (draft_order,fantasy_game_seq,player_id,preferred_team,team_name,seq) values (?,?,?,?,?,default)
    Hibernate: insert into ft_participants (draft_order,fantasy_game_seq,player_id,preferred_team,team_name,seq) values (?,?,?,?,?,default)
    Hibernate: insert into ft_participants (draft_order,fantasy_game_seq,player_id,preferred_team,team_name,seq) values (?,?,?,?,?,default)
    Hibernate: insert into ft_participants (draft_order,fantasy_game_seq,player_id,preferred_team,team_name,seq) values (?,?,?,?,?,default)
    Hibernate: insert into ft_participants (draft_order,fantasy_game_seq,player_id,preferred_team,team_name,seq) values (?,?,?,?,?,default)
    Hibernate: insert into ft_participants (draft_order,fantasy_game_seq,player_id,preferred_team,team_name,seq) values (?,?,?,?,?,default)
    Hibernate: insert into ft_participants (draft_order,fantasy_game_seq,player_id,preferred_team,team_name,seq) values (?,?,?,?,?,default)
    Hibernate: insert into ft_participants (draft_order,fantasy_game_seq,player_id,preferred_team,team_name,seq) values (?,?,?,?,?,default)
    Hibernate: insert into ft_participants (draft_order,fantasy_game_seq,player_id,preferred_team,team_name,seq) values (?,?,?,?,?,default)
    Hibernate: insert into ft_participants (draft_order,fantasy_game_seq,player_id,preferred_team,team_name,seq) values (?,?,?,?,?,default)
    Hibernate: insert into ft_participants (draft_order,fantasy_game_seq,player_id,preferred_team,team_name,seq) values (?,?,?,?,?,default)
    Hibernate: insert into ft_participants (draft_order,fantasy_game_seq,player_id,preferred_team,team_name,seq) values (?,?,?,?,?,default)
    Hibernate: insert into ft_participants (draft_order,fantasy_game_seq,player_id,preferred_team,team_name,seq) values (?,?,?,?,?,default)
    Hibernate: insert into ft_participants (draft_order,fantasy_game_seq,player_id,preferred_team,team_name,seq) values (?,?,?,?,?,default)
    Hibernate: insert into ft_participants (draft_order,fantasy_game_seq,player_id,preferred_team,team_name,seq) values (?,?,?,?,?,default)
    Hibernate: insert into ft_participants (draft_order,fantasy_game_seq,player_id,preferred_team,team_name,seq) values (?,?,?,?,?,default)
    Hibernate: insert into ft_participants (draft_order,fantasy_game_seq,player_id,preferred_team,team_name,seq) values (?,?,?,?,?,default)
    Hibernate: insert into ft_participants (draft_order,fantasy_game_seq,player_id,preferred_team,team_name,seq) values (?,?,?,?,?,default)
    Hibernate: insert into ft_participants (draft_order,fantasy_game_seq,player_id,preferred_team,team_name,seq) values (?,?,?,?,?,default)
    Hibernate: insert into ft_participants (draft_order,fantasy_game_seq,player_id,preferred_team,team_name,seq) values (?,?,?,?,?,default)
    Hibernate: insert into ft_participants (draft_order,fantasy_game_seq,player_id,preferred_team,team_name,seq) values (?,?,?,?,?,default)
    Hibernate: insert into ft_participants (draft_order,fantasy_game_seq,player_id,preferred_team,team_name,seq) values (?,?,?,?,?,default)
    Hibernate: insert into ft_participants (draft_order,fantasy_game_seq,player_id,preferred_team,team_name,seq) values (?,?,?,?,?,default)
    Hibernate: insert into ft_participants (draft_order,fantasy_game_seq,player_id,preferred_team,team_name,seq) values (?,?,?,?,?,default)
    Hibernate: insert into ft_participants (draft_order,fantasy_game_seq,player_id,preferred_team,team_name,seq) values (?,?,?,?,?,default)
    Hibernate: insert into ft_participants (draft_order,fantasy_game_seq,player_id,preferred_team,team_name,seq) values (?,?,?,?,?,default)
    Hibernate: insert into ft_participants (draft_order,fantasy_game_seq,player_id,preferred_team,team_name,seq) values (?,?,?,?,?,default)
    Hibernate: insert into ft_participants (draft_order,fantasy_game_seq,player_id,preferred_team,team_name,seq) values (?,?,?,?,?,default)
    Hibernate: insert into ft_participants (draft_order,fantasy_game_seq,player_id,preferred_team,team_name,seq) values (?,?,?,?,?,default)
    Hibernate: insert into ft_participants (draft_order,fantasy_game_seq,player_id,preferred_team,team_name,seq) values (?,?,?,?,?,default)
    Hibernate: insert into ft_participants (draft_order,fantasy_game_seq,player_id,preferred_team,team_name,seq) values (?,?,?,?,?,default)
    Hibernate: insert into ft_participants (draft_order,fantasy_game_seq,player_id,preferred_team,team_name,seq) values (?,?,?,?,?,default)
    Hibernate: insert into ft_participants (draft_order,fantasy_game_seq,player_id,preferred_team,team_name,seq) values (?,?,?,?,?,default)
    Hibernate: insert into ft_participants (draft_order,fantasy_game_seq,player_id,preferred_team,team_name,seq) values (?,?,?,?,?,default)
    Hibernate: insert into ft_participants (draft_order,fantasy_game_seq,player_id,preferred_team,team_name,seq) values (?,?,?,?,?,default)
    Hibernate: insert into ft_participants (draft_order,fantasy_game_seq,player_id,preferred_team,team_name,seq) values (?,?,?,?,?,default)
    Hibernate: insert into ft_participants (draft_order,fantasy_game_seq,player_id,preferred_team,team_name,seq) values (?,?,?,?,?,default)
    Hibernate: insert into ft_participants (draft_order,fantasy_game_seq,player_id,preferred_team,team_name,seq) values (?,?,?,?,?,default)
    Hibernate: insert into ft_participants (draft_order,fantasy_game_seq,player_id,preferred_team,team_name,seq) values (?,?,?,?,?,default)
    Hibernate: insert into ft_participants (draft_order,fantasy_game_seq,player_id,preferred_team,team_name,seq) values (?,?,?,?,?,default)
    Hibernate: insert into ft_participants (draft_order,fantasy_game_seq,player_id,preferred_team,team_name,seq) values (?,?,?,?,?,default)
    Hibernate: insert into ft_participants (draft_order,fantasy_game_seq,player_id,preferred_team,team_name,seq) values (?,?,?,?,?,default)
    Hibernate: insert into ft_participants (draft_order,fantasy_game_seq,player_id,preferred_team,team_name,seq) values (?,?,?,?,?,default)
    Hibernate: insert into ft_participants (draft_order,fantasy_game_seq,player_id,preferred_team,team_name,seq) values (?,?,?,?,?,default)
    Hibernate: insert into ft_participants (draft_order,fantasy_game_seq,player_id,preferred_team,team_name,seq) values (?,?,?,?,?,default)
    Hibernate: insert into ft_participants (draft_order,fantasy_game_seq,player_id,preferred_team,team_name,seq) values (?,?,?,?,?,default)
    Hibernate: insert into ft_participants (draft_order,fantasy_game_seq,player_id,preferred_team,team_name,seq) values (?,?,?,?,?,default)
    Hibernate: insert into ft_participants (draft_order,fantasy_game_seq,player_id,preferred_team,team_name,seq) values (?,?,?,?,?,default)
    Hibernate: insert into ft_participants (draft_order,fantasy_game_seq,player_id,preferred_team,team_name,seq) values (?,?,?,?,?,default)
    Hibernate: insert into ft_participants (draft_order,fantasy_game_seq,player_id,preferred_team,team_name,seq) values (?,?,?,?,?,default)
    Hibernate: insert into ft_participants (draft_order,fantasy_game_seq,player_id,preferred_team,team_name,seq) values (?,?,?,?,?,default)
    Hibernate: insert into ft_participants (draft_order,fantasy_game_seq,player_id,preferred_team,team_name,seq) values (?,?,?,?,?,default)
    Hibernate: insert into ft_participants (draft_order,fantasy_game_seq,player_id,preferred_team,team_name,seq) values (?,?,?,?,?,default)
    Hibernate: insert into ft_participants (draft_order,fantasy_game_seq,player_id,preferred_team,team_name,seq) values (?,?,?,?,?,default)
    Hibernate: insert into ft_participants (draft_order,fantasy_game_seq,player_id,preferred_team,team_name,seq) values (?,?,?,?,?,default)
    Hibernate: insert into ft_participants (draft_order,fantasy_game_seq,player_id,preferred_team,team_name,seq) values (?,?,?,?,?,default)
    Hibernate: insert into ft_participants (draft_order,fantasy_game_seq,player_id,preferred_team,team_name,seq) values (?,?,?,?,?,default)
    Hibernate: insert into ft_participants (draft_order,fantasy_game_seq,player_id,preferred_team,team_name,seq) values (?,?,?,?,?,default)
    Hibernate: insert into ft_participants (draft_order,fantasy_game_seq,player_id,preferred_team,team_name,seq) values (?,?,?,?,?,default)
    Hibernate: insert into ft_participants (draft_order,fantasy_game_seq,player_id,preferred_team,team_name,seq) values (?,?,?,?,?,default)
    Hibernate: insert into ft_participants (draft_order,fantasy_game_seq,player_id,preferred_team,team_name,seq) values (?,?,?,?,?,default)
    Hibernate: insert into ft_participants (draft_order,fantasy_game_seq,player_id,preferred_team,team_name,seq) values (?,?,?,?,?,default)
    Hibernate: insert into ft_participants (draft_order,fantasy_game_seq,player_id,preferred_team,team_name,seq) values (?,?,?,?,?,default)
    Hibernate: insert into ft_participants (draft_order,fantasy_game_seq,player_id,preferred_team,team_name,seq) values (?,?,?,?,?,default)
    Hibernate: insert into ft_participants (draft_order,fantasy_game_seq,player_id,preferred_team,team_name,seq) values (?,?,?,?,?,default)
    Hibernate: insert into ft_participants (draft_order,fantasy_game_seq,player_id,preferred_team,team_name,seq) values (?,?,?,?,?,default)
    Hibernate: insert into ft_participants (draft_order,fantasy_game_seq,player_id,preferred_team,team_name,seq) values (?,?,?,?,?,default)
    Hibernate: insert into ft_participants (draft_order,fantasy_game_seq,player_id,preferred_team,team_name,seq) values (?,?,?,?,?,default)
    Hibernate: insert into ft_participants (draft_order,fantasy_game_seq,player_id,preferred_team,team_name,seq) values (?,?,?,?,?,default)
    Hibernate: insert into ft_participants (draft_order,fantasy_game_seq,player_id,preferred_team,team_name,seq) values (?,?,?,?,?,default)
    Hibernate: insert into ft_participants (draft_order,fantasy_game_seq,player_id,preferred_team,team_name,seq) values (?,?,?,?,?,default)
    Hibernate: insert into ft_participants (draft_order,fantasy_game_seq,player_id,preferred_team,team_name,seq) values (?,?,?,?,?,default)
    Hibernate: insert into ft_participants (draft_order,fantasy_game_seq,player_id,preferred_team,team_name,seq) values (?,?,?,?,?,default)
    Hibernate: insert into ft_participants (draft_order,fantasy_game_seq,player_id,preferred_team,team_name,seq) values (?,?,?,?,?,default)
    Hibernate: insert into ft_participants (draft_order,fantasy_game_seq,player_id,preferred_team,team_name,seq) values (?,?,?,?,?,default)
    Hibernate: insert into ft_participants (draft_order,fantasy_game_seq,player_id,preferred_team,team_name,seq) values (?,?,?,?,?,default)
    Hibernate: insert into ft_participants (draft_order,fantasy_game_seq,player_id,preferred_team,team_name,seq) values (?,?,?,?,?,default)
    Hibernate: insert into ft_participants (draft_order,fantasy_game_seq,player_id,preferred_team,team_name,seq) values (?,?,?,?,?,default)
    Hibernate: insert into ft_participants (draft_order,fantasy_game_seq,player_id,preferred_team,team_name,seq) values (?,?,?,?,?,default)
    Hibernate: insert into ft_participants (draft_order,fantasy_game_seq,player_id,preferred_team,team_name,seq) values (?,?,?,?,?,default)
    Hibernate: insert into ft_participants (draft_order,fantasy_game_seq,player_id,preferred_team,team_name,seq) values (?,?,?,?,?,default)
    Hibernate: insert into ft_participants (draft_order,fantasy_game_seq,player_id,preferred_team,team_name,seq) values (?,?,?,?,?,default)
    Hibernate: insert into ft_participants (draft_order,fantasy_game_seq,player_id,preferred_team,team_name,seq) values (?,?,?,?,?,default)
    Hibernate: insert into ft_participants (draft_order,fantasy_game_seq,player_id,preferred_team,team_name,seq) values (?,?,?,?,?,default)
    Hibernate: insert into ft_participants (draft_order,fantasy_game_seq,player_id,preferred_team,team_name,seq) values (?,?,?,?,?,default)
    Hibernate: insert into ft_participants (draft_order,fantasy_game_seq,player_id,preferred_team,team_name,seq) values (?,?,?,?,?,default)
    Hibernate: insert into ft_participants (draft_order,fantasy_game_seq,player_id,preferred_team,team_name,seq) values (?,?,?,?,?,default)
    Hibernate: insert into ft_participants (draft_order,fantasy_game_seq,player_id,preferred_team,team_name,seq) values (?,?,?,?,?,default)
    Hibernate: insert into ft_participants (draft_order,fantasy_game_seq,player_id,preferred_team,team_name,seq) values (?,?,?,?,?,default)
    Hibernate: insert into ft_participants (draft_order,fantasy_game_seq,player_id,preferred_team,team_name,seq) values (?,?,?,?,?,default)
    Hibernate: insert into ft_participants (draft_order,fantasy_game_seq,player_id,preferred_team,team_name,seq) values (?,?,?,?,?,default)
    Hibernate: insert into ft_participants (draft_order,fantasy_game_seq,player_id,preferred_team,team_name,seq) values (?,?,?,?,?,default)
    Hibernate: insert into ft_participants (draft_order,fantasy_game_seq,player_id,preferred_team,team_name,seq) values (?,?,?,?,?,default)
    Hibernate: insert into ft_participants (draft_order,fantasy_game_seq,player_id,preferred_team,team_name,seq) values (?,?,?,?,?,default)
    Hibernate: insert into ft_participants (draft_order,fantasy_game_seq,player_id,preferred_team,team_name,seq) values (?,?,?,?,?,default)
    Hibernate: insert into ft_participants (draft_order,fantasy_game_seq,player_id,preferred_team,team_name,seq) values (?,?,?,?,?,default)
    Hibernate: insert into ft_participants (draft_order,fantasy_game_seq,player_id,preferred_team,team_name,seq) values (?,?,?,?,?,default)
    Hibernate: insert into ft_participants (draft_order,fantasy_game_seq,player_id,preferred_team,team_name,seq) values (?,?,?,?,?,default)
    Hibernate: insert into ft_participants (draft_order,fantasy_game_seq,player_id,preferred_team,team_name,seq) values (?,?,?,?,?,default)
    Hibernate: insert into ft_participants (draft_order,fantasy_game_seq,player_id,preferred_team,team_name,seq) values (?,?,?,?,?,default)
    Hibernate: insert into ft_participants (draft_order,fantasy_game_seq,player_id,preferred_team,team_name,seq) values (?,?,?,?,?,default)
    Hibernate: insert into ft_participants (draft_order,fantasy_game_seq,player_id,preferred_team,team_name,seq) values (?,?,?,?,?,default)
    Hibernate: insert into ft_participants (draft_order,fantasy_game_seq,player_id,preferred_team,team_name,seq) values (?,?,?,?,?,default)
    Hibernate: insert into ft_participants (draft_order,fantasy_game_seq,player_id,preferred_team,team_name,seq) values (?,?,?,?,?,default)
    Hibernate: insert into ft_participants (draft_order,fantasy_game_seq,player_id,preferred_team,team_name,seq) values (?,?,?,?,?,default)
    Hibernate: insert into ft_participants (draft_order,fantasy_game_seq,player_id,preferred_team,team_name,seq) values (?,?,?,?,?,default)
    Hibernate: insert into ft_participants (draft_order,fantasy_game_seq,player_id,preferred_team,team_name,seq) values (?,?,?,?,?,default)
    Hibernate: insert into ft_participants (draft_order,fantasy_game_seq,player_id,preferred_team,team_name,seq) values (?,?,?,?,?,default)
    Hibernate: insert into ft_participants (draft_order,fantasy_game_seq,player_id,preferred_team,team_name,seq) values (?,?,?,?,?,default)
    Hibernate: insert into ft_participants (draft_order,fantasy_game_seq,player_id,preferred_team,team_name,seq) values (?,?,?,?,?,default)
    Hibernate: insert into ft_participants (draft_order,fantasy_game_seq,player_id,preferred_team,team_name,seq) values (?,?,?,?,?,default)
    Hibernate: insert into ft_participants (draft_order,fantasy_game_seq,player_id,preferred_team,team_name,seq) values (?,?,?,?,?,default)
    Hibernate: insert into ft_participants (draft_order,fantasy_game_seq,player_id,preferred_team,team_name,seq) values (?,?,?,?,?,default)
    Hibernate: insert into ft_participants (draft_order,fantasy_game_seq,player_id,preferred_team,team_name,seq) values (?,?,?,?,?,default)
    Hibernate: insert into ft_participants (draft_order,fantasy_game_seq,player_id,preferred_team,team_name,seq) values (?,?,?,?,?,default)
    Hibernate: insert into ft_participants (draft_order,fantasy_game_seq,player_id,preferred_team,team_name,seq) values (?,?,?,?,?,default)
    Hibernate: insert into ft_participants (draft_order,fantasy_game_seq,player_id,preferred_team,team_name,seq) values (?,?,?,?,?,default)
    Hibernate: insert into ft_participants (draft_order,fantasy_game_seq,player_id,preferred_team,team_name,seq) values (?,?,?,?,?,default)
    Hibernate: insert into ft_participants (draft_order,fantasy_game_seq,player_id,preferred_team,team_name,seq) values (?,?,?,?,?,default)
    Hibernate: insert into ft_participants (draft_order,fantasy_game_seq,player_id,preferred_team,team_name,seq) values (?,?,?,?,?,default)
    Hibernate: insert into ft_participants (draft_order,fantasy_game_seq,player_id,preferred_team,team_name,seq) values (?,?,?,?,?,default)
    Hibernate: insert into ft_participants (draft_order,fantasy_game_seq,player_id,preferred_team,team_name,seq) values (?,?,?,?,?,default)
    Hibernate: insert into ft_participants (draft_order,fantasy_game_seq,player_id,preferred_team,team_name,seq) values (?,?,?,?,?,default)
    Hibernate: insert into ft_participants (draft_order,fantasy_game_seq,player_id,preferred_team,team_name,seq) values (?,?,?,?,?,default)
    Hibernate: insert into ft_participants (draft_order,fantasy_game_seq,player_id,preferred_team,team_name,seq) values (?,?,?,?,?,default)
    Hibernate: insert into ft_participants (draft_order,fantasy_game_seq,player_id,preferred_team,team_name,seq) values (?,?,?,?,?,default)
    Hibernate: insert into ft_participants (draft_order,fantasy_game_seq,player_id,preferred_team,team_name,seq) values (?,?,?,?,?,default)
    Hibernate: insert into ft_participants (draft_order,fantasy_game_seq,player_id,preferred_team,team_name,seq) values (?,?,?,?,?,default)
    Hibernate: insert into ft_participants (draft_order,fantasy_game_seq,player_id,preferred_team,team_name,seq) values (?,?,?,?,?,default)
    Hibernate: insert into ft_participants (draft_order,fantasy_game_seq,player_id,preferred_team,team_name,seq) values (?,?,?,?,?,default)
    Hibernate: insert into ft_participants (draft_order,fantasy_game_seq,player_id,preferred_team,team_name,seq) values (?,?,?,?,?,default)
    Hibernate: insert into ft_participants (draft_order,fantasy_game_seq,player_id,preferred_team,team_name,seq) values (?,?,?,?,?,default)
    Hibernate: insert into ft_participants (draft_order,fantasy_game_seq,player_id,preferred_team,team_name,seq) values (?,?,?,?,?,default)
    Hibernate: insert into ft_participants (draft_order,fantasy_game_seq,player_id,preferred_team,team_name,seq) values (?,?,?,?,?,default)
    Hibernate: insert into ft_participants (draft_order,fantasy_game_seq,player_id,preferred_team,team_name,seq) values (?,?,?,?,?,default)
    Hibernate: insert into ft_participants (draft_order,fantasy_game_seq,player_id,preferred_team,team_name,seq) values (?,?,?,?,?,default)
    Hibernate: insert into ft_participants (draft_order,fantasy_game_seq,player_id,preferred_team,team_name,seq) values (?,?,?,?,?,default)
    Hibernate: insert into ft_participants (draft_order,fantasy_game_seq,player_id,preferred_team,team_name,seq) values (?,?,?,?,?,default)
    Hibernate: insert into ft_participants (draft_order,fantasy_game_seq,player_id,preferred_team,team_name,seq) values (?,?,?,?,?,default)
    Hibernate: insert into ft_participants (draft_order,fantasy_game_seq,player_id,preferred_team,team_name,seq) values (?,?,?,?,?,default)
    Hibernate: insert into ft_participants (draft_order,fantasy_game_seq,player_id,preferred_team,team_name,seq) values (?,?,?,?,?,default)
    Hibernate: insert into ft_participants (draft_order,fantasy_game_seq,player_id,preferred_team,team_name,seq) values (?,?,?,?,?,default)
    Hibernate: insert into ft_participants (draft_order,fantasy_game_seq,player_id,preferred_team,team_name,seq) values (?,?,?,?,?,default)
    Hibernate: insert into ft_participants (draft_order,fantasy_game_seq,player_id,preferred_team,team_name,seq) values (?,?,?,?,?,default)
    Hibernate: insert into ft_participants (draft_order,fantasy_game_seq,player_id,preferred_team,team_name,seq) values (?,?,?,?,?,default)
    Hibernate: insert into ft_participants (draft_order,fantasy_game_seq,player_id,preferred_team,team_name,seq) values (?,?,?,?,?,default)
    Hibernate: insert into ft_participants (draft_order,fantasy_game_seq,player_id,preferred_team,team_name,seq) values (?,?,?,?,?,default)
    Hibernate: insert into ft_participants (draft_order,fantasy_game_seq,player_id,preferred_team,team_name,seq) values (?,?,?,?,?,default)
    Hibernate: insert into ft_participants (draft_order,fantasy_game_seq,player_id,preferred_team,team_name,seq) values (?,?,?,?,?,default)
    Hibernate: insert into ft_participants (draft_order,fantasy_game_seq,player_id,preferred_team,team_name,seq) values (?,?,?,?,?,default)
    Hibernate: insert into ft_participants (draft_order,fantasy_game_seq,player_id,preferred_team,team_name,seq) values (?,?,?,?,?,default)
    Hibernate: insert into ft_participants (draft_order,fantasy_game_seq,player_id,preferred_team,team_name,seq) values (?,?,?,?,?,default)
    Hibernate: insert into ft_participants (draft_order,fantasy_game_seq,player_id,preferred_team,team_name,seq) values (?,?,?,?,?,default)
    Hibernate: insert into ft_participants (draft_order,fantasy_game_seq,player_id,preferred_team,team_name,seq) values (?,?,?,?,?,default)
    Hibernate: insert into ft_participants (draft_order,fantasy_game_seq,player_id,preferred_team,team_name,seq) values (?,?,?,?,?,default)
    Hibernate: insert into ft_participants (draft_order,fantasy_game_seq,player_id,preferred_team,team_name,seq) values (?,?,?,?,?,default)
    Hibernate: insert into ft_participants (draft_order,fantasy_game_seq,player_id,preferred_team,team_name,seq) values (?,?,?,?,?,default)
    Hibernate: insert into ft_participants (draft_order,fantasy_game_seq,player_id,preferred_team,team_name,seq) values (?,?,?,?,?,default)
    Hibernate: insert into ft_participants (draft_order,fantasy_game_seq,player_id,preferred_team,team_name,seq) values (?,?,?,?,?,default)
    Hibernate: insert into ft_participants (draft_order,fantasy_game_seq,player_id,preferred_team,team_name,seq) values (?,?,?,?,?,default)
    Hibernate: insert into ft_participants (draft_order,fantasy_game_seq,player_id,preferred_team,team_name,seq) values (?,?,?,?,?,default)
    Hibernate: insert into ft_participants (draft_order,fantasy_game_seq,player_id,preferred_team,team_name,seq) values (?,?,?,?,?,default)
    Hibernate: insert into ft_participants (draft_order,fantasy_game_seq,player_id,preferred_team,team_name,seq) values (?,?,?,?,?,default)
    Hibernate: insert into ft_participants (draft_order,fantasy_game_seq,player_id,preferred_team,team_name,seq) values (?,?,?,?,?,default)
    Hibernate: insert into ft_participants (draft_order,fantasy_game_seq,player_id,preferred_team,team_name,seq) values (?,?,?,?,?,default)
    Hibernate: insert into ft_participants (draft_order,fantasy_game_seq,player_id,preferred_team,team_name,seq) values (?,?,?,?,?,default)
    Hibernate: insert into ft_participants (draft_order,fantasy_game_seq,player_id,preferred_team,team_name,seq) values (?,?,?,?,?,default)
    Hibernate: insert into ft_participants (draft_order,fantasy_game_seq,player_id,preferred_team,team_name,seq) values (?,?,?,?,?,default)
    Hibernate: insert into ft_participants (draft_order,fantasy_game_seq,player_id,preferred_team,team_name,seq) values (?,?,?,?,?,default)
    Hibernate: insert into ft_participants (draft_order,fantasy_game_seq,player_id,preferred_team,team_name,seq) values (?,?,?,?,?,default)
    Hibernate: insert into ft_participants (draft_order,fantasy_game_seq,player_id,preferred_team,team_name,seq) values (?,?,?,?,?,default)
    Hibernate: insert into ft_participants (draft_order,fantasy_game_seq,player_id,preferred_team,team_name,seq) values (?,?,?,?,?,default)
    Hibernate: insert into ft_participants (draft_order,fantasy_game_seq,player_id,preferred_team,team_name,seq) values (?,?,?,?,?,default)
    Hibernate: insert into ft_participants (draft_order,fantasy_game_seq,player_id,preferred_team,team_name,seq) values (?,?,?,?,?,default)
    Hibernate: insert into ft_participants (draft_order,fantasy_game_seq,player_id,preferred_team,team_name,seq) values (?,?,?,?,?,default)
    Hibernate: insert into ft_participants (draft_order,fantasy_game_seq,player_id,preferred_team,team_name,seq) values (?,?,?,?,?,default)
    Hibernate: insert into ft_participants (draft_order,fantasy_game_seq,player_id,preferred_team,team_name,seq) values (?,?,?,?,?,default)
    Hibernate: insert into ft_participants (draft_order,fantasy_game_seq,player_id,preferred_team,team_name,seq) values (?,?,?,?,?,default)
    Hibernate: insert into ft_participants (draft_order,fantasy_game_seq,player_id,preferred_team,team_name,seq) values (?,?,?,?,?,default)
    Hibernate: insert into ft_participants (draft_order,fantasy_game_seq,player_id,preferred_team,team_name,seq) values (?,?,?,?,?,default)
    Hibernate: insert into ft_participants (draft_order,fantasy_game_seq,player_id,preferred_team,team_name,seq) values (?,?,?,?,?,default)
    Hibernate: insert into ft_participants (draft_order,fantasy_game_seq,player_id,preferred_team,team_name,seq) values (?,?,?,?,?,default)
    Hibernate: insert into ft_participants (draft_order,fantasy_game_seq,player_id,preferred_team,team_name,seq) values (?,?,?,?,?,default)
    Hibernate: insert into ft_participants (draft_order,fantasy_game_seq,player_id,preferred_team,team_name,seq) values (?,?,?,?,?,default)
    Hibernate: insert into ft_participants (draft_order,fantasy_game_seq,player_id,preferred_team,team_name,seq) values (?,?,?,?,?,default)
    Hibernate: insert into ft_participants (draft_order,fantasy_game_seq,player_id,preferred_team,team_name,seq) values (?,?,?,?,?,default)
    Hibernate: insert into ft_participants (draft_order,fantasy_game_seq,player_id,preferred_team,team_name,seq) values (?,?,?,?,?,default)
    Hibernate: insert into ft_participants (draft_order,fantasy_game_seq,player_id,preferred_team,team_name,seq) values (?,?,?,?,?,default)
    Hibernate: insert into ft_participants (draft_order,fantasy_game_seq,player_id,preferred_team,team_name,seq) values (?,?,?,?,?,default)
    Hibernate: insert into ft_participants (draft_order,fantasy_game_seq,player_id,preferred_team,team_name,seq) values (?,?,?,?,?,default)
    Hibernate: insert into ft_participants (draft_order,fantasy_game_seq,player_id,preferred_team,team_name,seq) values (?,?,?,?,?,default)
    Hibernate: insert into ft_participants (draft_order,fantasy_game_seq,player_id,preferred_team,team_name,seq) values (?,?,?,?,?,default)
    Hibernate: insert into ft_participants (draft_order,fantasy_game_seq,player_id,preferred_team,team_name,seq) values (?,?,?,?,?,default)
    Hibernate: insert into ft_participants (draft_order,fantasy_game_seq,player_id,preferred_team,team_name,seq) values (?,?,?,?,?,default)
    Hibernate: insert into ft_participants (draft_order,fantasy_game_seq,player_id,preferred_team,team_name,seq) values (?,?,?,?,?,default)
    Hibernate: insert into ft_participants (draft_order,fantasy_game_seq,player_id,preferred_team,team_name,seq) values (?,?,?,?,?,default)
    Hibernate: insert into ft_participants (draft_order,fantasy_game_seq,player_id,preferred_team,team_name,seq) values (?,?,?,?,?,default)
    Hibernate: insert into ft_participants (draft_order,fantasy_game_seq,player_id,preferred_team,team_name,seq) values (?,?,?,?,?,default)
    Hibernate: insert into ft_participants (draft_order,fantasy_game_seq,player_id,preferred_team,team_name,seq) values (?,?,?,?,?,default)
    Hibernate: insert into ft_participants (draft_order,fantasy_game_seq,player_id,preferred_team,team_name,seq) values (?,?,?,?,?,default)
    Hibernate: insert into ft_participants (draft_order,fantasy_game_seq,player_id,preferred_team,team_name,seq) values (?,?,?,?,?,default)
    Hibernate: insert into ft_participants (draft_order,fantasy_game_seq,player_id,preferred_team,team_name,seq) values (?,?,?,?,?,default)
    Hibernate: insert into ft_participants (draft_order,fantasy_game_seq,player_id,preferred_team,team_name,seq) values (?,?,?,?,?,default)
    Hibernate: insert into ft_participants (draft_order,fantasy_game_seq,player_id,preferred_team,team_name,seq) values (?,?,?,?,?,default)
    Hibernate: insert into ft_participants (draft_order,fantasy_game_seq,player_id,preferred_team,team_name,seq) values (?,?,?,?,?,default)
    Hibernate: insert into ft_participants (draft_order,fantasy_game_seq,player_id,preferred_team,team_name,seq) values (?,?,?,?,?,default)
    Hibernate: insert into ft_participants (draft_order,fantasy_game_seq,player_id,preferred_team,team_name,seq) values (?,?,?,?,?,default)
    Hibernate: insert into ft_participants (draft_order,fantasy_game_seq,player_id,preferred_team,team_name,seq) values (?,?,?,?,?,default)
    Hibernate: insert into ft_participants (draft_order,fantasy_game_seq,player_id,preferred_team,team_name,seq) values (?,?,?,?,?,default)
    Hibernate: insert into ft_participants (draft_order,fantasy_game_seq,player_id,preferred_team,team_name,seq) values (?,?,?,?,?,default)
    Hibernate: insert into ft_participants (draft_order,fantasy_game_seq,player_id,preferred_team,team_name,seq) values (?,?,?,?,?,default)
    Hibernate: insert into ft_participants (draft_order,fantasy_game_seq,player_id,preferred_team,team_name,seq) values (?,?,?,?,?,default)
    Hibernate: insert into ft_participants (draft_order,fantasy_game_seq,player_id,preferred_team,team_name,seq) values (?,?,?,?,?,default)
    Hibernate: insert into ft_participants (draft_order,fantasy_game_seq,player_id,preferred_team,team_name,seq) values (?,?,?,?,?,default)
    Hibernate: insert into ft_participants (draft_order,fantasy_game_seq,player_id,preferred_team,team_name,seq) values (?,?,?,?,?,default)
    Hibernate: insert into ft_participants (draft_order,fantasy_game_seq,player_id,preferred_team,team_name,seq) values (?,?,?,?,?,default)
    Hibernate: insert into ft_participants (draft_order,fantasy_game_seq,player_id,preferred_team,team_name,seq) values (?,?,?,?,?,default)
    Hibernate: insert into ft_participants (draft_order,fantasy_game_seq,player_id,preferred_team,team_name,seq) values (?,?,?,?,?,default)
    Hibernate: insert into ft_participants (draft_order,fantasy_game_seq,player_id,preferred_team,team_name,seq) values (?,?,?,?,?,default)
    Hibernate: insert into ft_participants (draft_order,fantasy_game_seq,player_id,preferred_team,team_name,seq) values (?,?,?,?,?,default)
    Hibernate: insert into ft_participants (draft_order,fantasy_game_seq,player_id,preferred_team,team_name,seq) values (?,?,?,?,?,default)
    Hibernate: insert into ft_participants (draft_order,fantasy_game_seq,player_id,preferred_team,team_name,seq) values (?,?,?,?,?,default)
    Hibernate: insert into ft_participants (draft_order,fantasy_game_seq,player_id,preferred_team,team_name,seq) values (?,?,?,?,?,default)
    Hibernate: insert into ft_participants (draft_order,fantasy_game_seq,player_id,preferred_team,team_name,seq) values (?,?,?,?,?,default)
    Hibernate: insert into ft_participants (draft_order,fantasy_game_seq,player_id,preferred_team,team_name,seq) values (?,?,?,?,?,default)
    Hibernate: insert into ft_participants (draft_order,fantasy_game_seq,player_id,preferred_team,team_name,seq) values (?,?,?,?,?,default)
    Hibernate: insert into ft_participants (draft_order,fantasy_game_seq,player_id,preferred_team,team_name,seq) values (?,?,?,?,?,default)
    Hibernate: insert into ft_participants (draft_order,fantasy_game_seq,player_id,preferred_team,team_name,seq) values (?,?,?,?,?,default)
    Hibernate: insert into ft_participants (draft_order,fantasy_game_seq,player_id,preferred_team,team_name,seq) values (?,?,?,?,?,default)
    Hibernate: insert into ft_participants (draft_order,fantasy_game_seq,player_id,preferred_team,team_name,seq) values (?,?,?,?,?,default)
    Hibernate: insert into ft_participants (draft_order,fantasy_game_seq,player_id,preferred_team,team_name,seq) values (?,?,?,?,?,default)
    Hibernate: insert into ft_participants (draft_order,fantasy_game_seq,player_id,preferred_team,team_name,seq) values (?,?,?,?,?,default)
    Hibernate: insert into ft_participants (draft_order,fantasy_game_seq,player_id,preferred_team,team_name,seq) values (?,?,?,?,?,default)
    Hibernate: insert into ft_participants (draft_order,fantasy_game_seq,player_id,preferred_team,team_name,seq) values (?,?,?,?,?,default)
    Hibernate: insert into ft_participants (draft_order,fantasy_game_seq,player_id,preferred_team,team_name,seq) values (?,?,?,?,?,default)
    Hibernate: insert into ft_participants (draft_order,fantasy_game_seq,player_id,preferred_team,team_name,seq) values (?,?,?,?,?,default)
    Hibernate: insert into ft_participants (draft_order,fantasy_game_seq,player_id,preferred_team,team_name,seq) values (?,?,?,?,?,default)
    Hibernate: insert into ft_participants (draft_order,fantasy_game_seq,player_id,preferred_team,team_name,seq) values (?,?,?,?,?,default)
    Hibernate: insert into ft_participants (draft_order,fantasy_game_seq,player_id,preferred_team,team_name,seq) values (?,?,?,?,?,default)
    Hibernate: insert into ft_participants (draft_order,fantasy_game_seq,player_id,preferred_team,team_name,seq) values (?,?,?,?,?,default)
    Hibernate: insert into ft_participants (draft_order,fantasy_game_seq,player_id,preferred_team,team_name,seq) values (?,?,?,?,?,default)
    Hibernate: insert into ft_participants (draft_order,fantasy_game_seq,player_id,preferred_team,team_name,seq) values (?,?,?,?,?,default)
    Hibernate: insert into ft_participants (draft_order,fantasy_game_seq,player_id,preferred_team,team_name,seq) values (?,?,?,?,?,default)
    Hibernate: insert into ft_participants (draft_order,fantasy_game_seq,player_id,preferred_team,team_name,seq) values (?,?,?,?,?,default)
    Hibernate: insert into ft_participants (draft_order,fantasy_game_seq,player_id,preferred_team,team_name,seq) values (?,?,?,?,?,default)
    Hibernate: insert into ft_participants (draft_order,fantasy_game_seq,player_id,preferred_team,team_name,seq) values (?,?,?,?,?,default)
    Hibernate: insert into ft_participants (draft_order,fantasy_game_seq,player_id,preferred_team,team_name,seq) values (?,?,?,?,?,default)
    Hibernate: insert into ft_participants (draft_order,fantasy_game_seq,player_id,preferred_team,team_name,seq) values (?,?,?,?,?,default)
    Hibernate: insert into ft_participants (draft_order,fantasy_game_seq,player_id,preferred_team,team_name,seq) values (?,?,?,?,?,default)
    Hibernate: insert into ft_participants (draft_order,fantasy_game_seq,player_id,preferred_team,team_name,seq) values (?,?,?,?,?,default)
    Hibernate: insert into ft_participants (draft_order,fantasy_game_seq,player_id,preferred_team,team_name,seq) values (?,?,?,?,?,default)
    Hibernate: insert into ft_participants (draft_order,fantasy_game_seq,player_id,preferred_team,team_name,seq) values (?,?,?,?,?,default)
    Hibernate: insert into ft_participants (draft_order,fantasy_game_seq,player_id,preferred_team,team_name,seq) values (?,?,?,?,?,default)
    Hibernate: insert into ft_participants (draft_order,fantasy_game_seq,player_id,preferred_team,team_name,seq) values (?,?,?,?,?,default)
    Hibernate: insert into ft_participants (draft_order,fantasy_game_seq,player_id,preferred_team,team_name,seq) values (?,?,?,?,?,default)
    Hibernate: insert into ft_participants (draft_order,fantasy_game_seq,player_id,preferred_team,team_name,seq) values (?,?,?,?,?,default)
    Hibernate: insert into ft_participants (draft_order,fantasy_game_seq,player_id,preferred_team,team_name,seq) values (?,?,?,?,?,default)
    Hibernate: insert into ft_participants (draft_order,fantasy_game_seq,player_id,preferred_team,team_name,seq) values (?,?,?,?,?,default)
    Hibernate: insert into ft_participants (draft_order,fantasy_game_seq,player_id,preferred_team,team_name,seq) values (?,?,?,?,?,default)
    Hibernate: insert into ft_participants (draft_order,fantasy_game_seq,player_id,preferred_team,team_name,seq) values (?,?,?,?,?,default)
    Hibernate: insert into ft_participants (draft_order,fantasy_game_seq,player_id,preferred_team,team_name,seq) values (?,?,?,?,?,default)
    Hibernate: insert into ft_participants (draft_order,fantasy_game_seq,player_id,preferred_team,team_name,seq) values (?,?,?,?,?,default)
    Hibernate: insert into ft_participants (draft_order,fantasy_game_seq,player_id,preferred_team,team_name,seq) values (?,?,?,?,?,default)
    Hibernate: insert into ft_participants (draft_order,fantasy_game_seq,player_id,preferred_team,team_name,seq) values (?,?,?,?,?,default)
    Hibernate: insert into ft_participants (draft_order,fantasy_game_seq,player_id,preferred_team,team_name,seq) values (?,?,?,?,?,default)
    Hibernate: insert into ft_participants (draft_order,fantasy_game_seq,player_id,preferred_team,team_name,seq) values (?,?,?,?,?,default)
    Hibernate: insert into ft_participants (draft_order,fantasy_game_seq,player_id,preferred_team,team_name,seq) values (?,?,?,?,?,default)
    Hibernate: insert into ft_participants (draft_order,fantasy_game_seq,player_id,preferred_team,team_name,seq) values (?,?,?,?,?,default)
    Hibernate: insert into ft_participants (draft_order,fantasy_game_seq,player_id,preferred_team,team_name,seq) values (?,?,?,?,?,default)
    Hibernate: insert into ft_participants (draft_order,fantasy_game_seq,player_id,preferred_team,team_name,seq) values (?,?,?,?,?,default)
    Hibernate: insert into ft_participants (draft_order,fantasy_game_seq,player_id,preferred_team,team_name,seq) values (?,?,?,?,?,default)
    Hibernate: insert into ft_participants (draft_order,fantasy_game_seq,player_id,preferred_team,team_name,seq) values (?,?,?,?,?,default)
    Hibernate: insert into ft_participants (draft_order,fantasy_game_seq,player_id,preferred_team,team_name,seq) values (?,?,?,?,?,default)
    Hibernate: insert into ft_participants (draft_order,fantasy_game_seq,player_id,preferred_team,team_name,seq) values (?,?,?,?,?,default)
    Hibernate: insert into ft_participants (draft_order,fantasy_game_seq,player_id,preferred_team,team_name,seq) values (?,?,?,?,?,default)
    Hibernate: insert into ft_participants (draft_order,fantasy_game_seq,player_id,preferred_team,team_name,seq) values (?,?,?,?,?,default)
    Hibernate: insert into ft_participants (draft_order,fantasy_game_seq,player_id,preferred_team,team_name,seq) values (?,?,?,?,?,default)
    Hibernate: insert into ft_participants (draft_order,fantasy_game_seq,player_id,preferred_team,team_name,seq) values (?,?,?,?,?,default)
    Hibernate: insert into ft_participants (draft_order,fantasy_game_seq,player_id,preferred_team,team_name,seq) values (?,?,?,?,?,default)
    Hibernate: insert into ft_participants (draft_order,fantasy_game_seq,player_id,preferred_team,team_name,seq) values (?,?,?,?,?,default)
    Hibernate: insert into ft_participants (draft_order,fantasy_game_seq,player_id,preferred_team,team_name,seq) values (?,?,?,?,?,default)
    Hibernate: insert into ft_participants (draft_order,fantasy_game_seq,player_id,preferred_team,team_name,seq) values (?,?,?,?,?,default)
    Hibernate: insert into ft_participants (draft_order,fantasy_game_seq,player_id,preferred_team,team_name,seq) values (?,?,?,?,?,default)
    Hibernate: insert into ft_participants (draft_order,fantasy_game_seq,player_id,preferred_team,team_name,seq) values (?,?,?,?,?,default)
    Hibernate: insert into ft_participants (draft_order,fantasy_game_seq,player_id,preferred_team,team_name,seq) values (?,?,?,?,?,default)
    Hibernate: insert into ft_participants (draft_order,fantasy_game_seq,player_id,preferred_team,team_name,seq) values (?,?,?,?,?,default)
    Hibernate: insert into ft_participants (draft_order,fantasy_game_seq,player_id,preferred_team,team_name,seq) values (?,?,?,?,?,default)
    Hibernate: insert into ft_participants (draft_order,fantasy_game_seq,player_id,preferred_team,team_name,seq) values (?,?,?,?,?,default)
    Hibernate: insert into ft_participants (draft_order,fantasy_game_seq,player_id,preferred_team,team_name,seq) values (?,?,?,?,?,default)
    Hibernate: insert into ft_participants (draft_order,fantasy_game_seq,player_id,preferred_team,team_name,seq) values (?,?,?,?,?,default)
    Hibernate: insert into ft_participants (draft_order,fantasy_game_seq,player_id,preferred_team,team_name,seq) values (?,?,?,?,?,default)
    Hibernate: insert into ft_participants (draft_order,fantasy_game_seq,player_id,preferred_team,team_name,seq) values (?,?,?,?,?,default)
    Hibernate: insert into ft_participants (draft_order,fantasy_game_seq,player_id,preferred_team,team_name,seq) values (?,?,?,?,?,default)
    Hibernate: insert into ft_participants (draft_order,fantasy_game_seq,player_id,preferred_team,team_name,seq) values (?,?,?,?,?,default)
    Hibernate: insert into ft_participants (draft_order,fantasy_game_seq,player_id,preferred_team,team_name,seq) values (?,?,?,?,?,default)
    Hibernate: insert into ft_participants (draft_order,fantasy_game_seq,player_id,preferred_team,team_name,seq) values (?,?,?,?,?,default)
    Hibernate: insert into ft_participants (draft_order,fantasy_game_seq,player_id,preferred_team,team_name,seq) values (?,?,?,?,?,default)
    Hibernate: insert into ft_participants (draft_order,fantasy_game_seq,player_id,preferred_team,team_name,seq) values (?,?,?,?,?,default)
    Hibernate: insert into ft_participants (draft_order,fantasy_game_seq,player_id,preferred_team,team_name,seq) values (?,?,?,?,?,default)
    Hibernate: insert into ft_participants (draft_order,fantasy_game_seq,player_id,preferred_team,team_name,seq) values (?,?,?,?,?,default)
    Hibernate: insert into ft_participants (draft_order,fantasy_game_seq,player_id,preferred_team,team_name,seq) values (?,?,?,?,?,default)
    Hibernate: insert into ft_participants (draft_order,fantasy_game_seq,player_id,preferred_team,team_name,seq) values (?,?,?,?,?,default)
    Hibernate: insert into ft_participants (draft_order,fantasy_game_seq,player_id,preferred_team,team_name,seq) values (?,?,?,?,?,default)
    Hibernate: insert into ft_participants (draft_order,fantasy_game_seq,player_id,preferred_team,team_name,seq) values (?,?,?,?,?,default)
    Hibernate: insert into ft_participants (draft_order,fantasy_game_seq,player_id,preferred_team,team_name,seq) values (?,?,?,?,?,default)
    Hibernate: insert into ft_participants (draft_order,fantasy_game_seq,player_id,preferred_team,team_name,seq) values (?,?,?,?,?,default)
    Hibernate: insert into ft_participants (draft_order,fantasy_game_seq,player_id,preferred_team,team_name,seq) values (?,?,?,?,?,default)
    Hibernate: insert into ft_participants (draft_order,fantasy_game_seq,player_id,preferred_team,team_name,seq) values (?,?,?,?,?,default)
    Hibernate: insert into ft_participants (draft_order,fantasy_game_seq,player_id,preferred_team,team_name,seq) values (?,?,?,?,?,default)
    Hibernate: insert into ft_participants (draft_order,fantasy_game_seq,player_id,preferred_team,team_name,seq) values (?,?,?,?,?,default)
    Hibernate: insert into ft_participants (draft_order,fantasy_game_seq,player_id,preferred_team,team_name,seq) values (?,?,?,?,?,default)
    Hibernate: insert into ft_participants (draft_order,fantasy_game_seq,player_id,preferred_team,team_name,seq) values (?,?,?,?,?,default)
    Hibernate: insert into ft_participants (draft_order,fantasy_game_seq,player_id,preferred_team,team_name,seq) values (?,?,?,?,?,default)
    Hibernate: insert into ft_participants (draft_order,fantasy_game_seq,player_id,preferred_team,team_name,seq) values (?,?,?,?,?,default)
    Hibernate: insert into ft_participants (draft_order,fantasy_game_seq,player_id,preferred_team,team_name,seq) values (?,?,?,?,?,default)
    Hibernate: insert into ft_participants (draft_order,fantasy_game_seq,player_id,preferred_team,team_name,seq) values (?,?,?,?,?,default)
    Hibernate: insert into ft_participants (draft_order,fantasy_game_seq,player_id,preferred_team,team_name,seq) values (?,?,?,?,?,default)
    Hibernate: insert into ft_participants (draft_order,fantasy_game_seq,player_id,preferred_team,team_name,seq) values (?,?,?,?,?,default)
    Hibernate: insert into ft_participants (draft_order,fantasy_game_seq,player_id,preferred_team,team_name,seq) values (?,?,?,?,?,default)
    Hibernate: insert into ft_participants (draft_order,fantasy_game_seq,player_id,preferred_team,team_name,seq) values (?,?,?,?,?,default)
    Hibernate: insert into ft_participants (draft_order,fantasy_game_seq,player_id,preferred_team,team_name,seq) values (?,?,?,?,?,default)
    Hibernate: insert into ft_participants (draft_order,fantasy_game_seq,player_id,preferred_team,team_name,seq) values (?,?,?,?,?,default)
    Hibernate: insert into ft_participants (draft_order,fantasy_game_seq,player_id,preferred_team,team_name,seq) values (?,?,?,?,?,default)
    Hibernate: insert into ft_participants (draft_order,fantasy_game_seq,player_id,preferred_team,team_name,seq) values (?,?,?,?,?,default)
    Hibernate: insert into ft_participants (draft_order,fantasy_game_seq,player_id,preferred_team,team_name,seq) values (?,?,?,?,?,default)
    Hibernate: insert into ft_participants (draft_order,fantasy_game_seq,player_id,preferred_team,team_name,seq) values (?,?,?,?,?,default)
    Hibernate: insert into ft_participants (draft_order,fantasy_game_seq,player_id,preferred_team,team_name,seq) values (?,?,?,?,?,default)
    Hibernate: insert into ft_participants (draft_order,fantasy_game_seq,player_id,preferred_team,team_name,seq) values (?,?,?,?,?,default)
    Hibernate: insert into ft_participants (draft_order,fantasy_game_seq,player_id,preferred_team,team_name,seq) values (?,?,?,?,?,default)
    Hibernate: insert into ft_participants (draft_order,fantasy_game_seq,player_id,preferred_team,team_name,seq) values (?,?,?,?,?,default)
    Hibernate: insert into ft_participants (draft_order,fantasy_game_seq,player_id,preferred_team,team_name,seq) values (?,?,?,?,?,default)
    Hibernate: insert into ft_participants (draft_order,fantasy_game_seq,player_id,preferred_team,team_name,seq) values (?,?,?,?,?,default)
    Hibernate: insert into ft_participants (draft_order,fantasy_game_seq,player_id,preferred_team,team_name,seq) values (?,?,?,?,?,default)
    Hibernate: insert into ft_participants (draft_order,fantasy_game_seq,player_id,preferred_team,team_name,seq) values (?,?,?,?,?,default)
    Hibernate: insert into ft_participants (draft_order,fantasy_game_seq,player_id,preferred_team,team_name,seq) values (?,?,?,?,?,default)
    Hibernate: insert into ft_participants (draft_order,fantasy_game_seq,player_id,preferred_team,team_name,seq) values (?,?,?,?,?,default)
    Hibernate: insert into ft_participants (draft_order,fantasy_game_seq,player_id,preferred_team,team_name,seq) values (?,?,?,?,?,default)
    Hibernate: insert into ft_participants (draft_order,fantasy_game_seq,player_id,preferred_team,team_name,seq) values (?,?,?,?,?,default)
    Hibernate: insert into ft_participants (draft_order,fantasy_game_seq,player_id,preferred_team,team_name,seq) values (?,?,?,?,?,default)
    Hibernate: insert into ft_participants (draft_order,fantasy_game_seq,player_id,preferred_team,team_name,seq) values (?,?,?,?,?,default)
    Hibernate: insert into ft_participants (draft_order,fantasy_game_seq,player_id,preferred_team,team_name,seq) values (?,?,?,?,?,default)
    Hibernate: insert into ft_participants (draft_order,fantasy_game_seq,player_id,preferred_team,team_name,seq) values (?,?,?,?,?,default)
    Hibernate: insert into ft_participants (draft_order,fantasy_game_seq,player_id,preferred_team,team_name,seq) values (?,?,?,?,?,default)
    Hibernate: insert into ft_participants (draft_order,fantasy_game_seq,player_id,preferred_team,team_name,seq) values (?,?,?,?,?,default)
    Hibernate: insert into ft_participants (draft_order,fantasy_game_seq,player_id,preferred_team,team_name,seq) values (?,?,?,?,?,default)
    Hibernate: insert into ft_participants (draft_order,fantasy_game_seq,player_id,preferred_team,team_name,seq) values (?,?,?,?,?,default)
    Hibernate: insert into ft_participants (draft_order,fantasy_game_seq,player_id,preferred_team,team_name,seq) values (?,?,?,?,?,default)
    Hibernate: insert into ft_participants (draft_order,fantasy_game_seq,player_id,preferred_team,team_name,seq) values (?,?,?,?,?,default)
    Hibernate: insert into ft_participants (draft_order,fantasy_game_seq,player_id,preferred_team,team_name,seq) values (?,?,?,?,?,default)
    Hibernate: insert into ft_participants (draft_order,fantasy_game_seq,player_id,preferred_team,team_name,seq) values (?,?,?,?,?,default)
    Hibernate: insert into ft_participants (draft_order,fantasy_game_seq,player_id,preferred_team,team_name,seq) values (?,?,?,?,?,default)
    Hibernate: insert into ft_participants (draft_order,fantasy_game_seq,player_id,preferred_team,team_name,seq) values (?,?,?,?,?,default)
    Hibernate: insert into ft_participants (draft_order,fantasy_game_seq,player_id,preferred_team,team_name,seq) values (?,?,?,?,?,default)
    Hibernate: insert into ft_participants (draft_order,fantasy_game_seq,player_id,preferred_team,team_name,seq) values (?,?,?,?,?,default)
    Hibernate: insert into ft_participants (draft_order,fantasy_game_seq,player_id,preferred_team,team_name,seq) values (?,?,?,?,?,default)
    Hibernate: insert into ft_participants (draft_order,fantasy_game_seq,player_id,preferred_team,team_name,seq) values (?,?,?,?,?,default)
    Hibernate: insert into ft_participants (draft_order,fantasy_game_seq,player_id,preferred_team,team_name,seq) values (?,?,?,?,?,default)
    Hibernate: insert into ft_participants (draft_order,fantasy_game_seq,player_id,preferred_team,team_name,seq) values (?,?,?,?,?,default)
    Hibernate: insert into ft_participants (draft_order,fantasy_game_seq,player_id,preferred_team,team_name,seq) values (?,?,?,?,?,default)
    Hibernate: insert into ft_participants (draft_order,fantasy_game_seq,player_id,preferred_team,team_name,seq) values (?,?,?,?,?,default)
    Hibernate: insert into ft_participants (draft_order,fantasy_game_seq,player_id,preferred_team,team_name,seq) values (?,?,?,?,?,default)
    Hibernate: insert into ft_participants (draft_order,fantasy_game_seq,player_id,preferred_team,team_name,seq) values (?,?,?,?,?,default)
    Hibernate: insert into ft_participants (draft_order,fantasy_game_seq,player_id,preferred_team,team_name,seq) values (?,?,?,?,?,default)
    Hibernate: insert into ft_participants (draft_order,fantasy_game_seq,player_id,preferred_team,team_name,seq) values (?,?,?,?,?,default)
    Hibernate: insert into ft_participants (draft_order,fantasy_game_seq,player_id,preferred_team,team_name,seq) values (?,?,?,?,?,default)
    Hibernate: insert into ft_participants (draft_order,fantasy_game_seq,player_id,preferred_team,team_name,seq) values (?,?,?,?,?,default)
    Hibernate: insert into ft_participants (draft_order,fantasy_game_seq,player_id,preferred_team,team_name,seq) values (?,?,?,?,?,default)
    Hibernate: insert into ft_participants (draft_order,fantasy_game_seq,player_id,preferred_team,team_name,seq) values (?,?,?,?,?,default)
    Hibernate: insert into ft_participants (draft_order,fantasy_game_seq,player_id,preferred_team,team_name,seq) values (?,?,?,?,?,default)
    Hibernate: insert into ft_participants (draft_order,fantasy_game_seq,player_id,preferred_team,team_name,seq) values (?,?,?,?,?,default)
    Hibernate: insert into ft_participants (draft_order,fantasy_game_seq,player_id,preferred_team,team_name,seq) values (?,?,?,?,?,default)
    Hibernate: insert into ft_participants (draft_order,fantasy_game_seq,player_id,preferred_team,team_name,seq) values (?,?,?,?,?,default)
    Hibernate: insert into ft_participants (draft_order,fantasy_game_seq,player_id,preferred_team,team_name,seq) values (?,?,?,?,?,default)
    Hibernate: insert into ft_participants (draft_order,fantasy_game_seq,player_id,preferred_team,team_name,seq) values (?,?,?,?,?,default)
    Hibernate: insert into ft_participants (draft_order,fantasy_game_seq,player_id,preferred_team,team_name,seq) values (?,?,?,?,?,default)
    Hibernate: insert into ft_participants (draft_order,fantasy_game_seq,player_id,preferred_team,team_name,seq) values (?,?,?,?,?,default)
    Hibernate: insert into ft_participants (draft_order,fantasy_game_seq,player_id,preferred_team,team_name,seq) values (?,?,?,?,?,default)
    Hibernate: insert into ft_participants (draft_order,fantasy_game_seq,player_id,preferred_team,team_name,seq) values (?,?,?,?,?,default)
    Hibernate: insert into ft_participants (draft_order,fantasy_game_seq,player_id,preferred_team,team_name,seq) values (?,?,?,?,?,default)
    Hibernate: insert into ft_participants (draft_order,fantasy_game_seq,player_id,preferred_team,team_name,seq) values (?,?,?,?,?,default)
    Hibernate: insert into ft_participants (draft_order,fantasy_game_seq,player_id,preferred_team,team_name,seq) values (?,?,?,?,?,default)
    Hibernate: insert into ft_participants (draft_order,fantasy_game_seq,player_id,preferred_team,team_name,seq) values (?,?,?,?,?,default)
    Hibernate: insert into ft_participants (draft_order,fantasy_game_seq,player_id,preferred_team,team_name,seq) values (?,?,?,?,?,default)
    Hibernate: insert into ft_participants (draft_order,fantasy_game_seq,player_id,preferred_team,team_name,seq) values (?,?,?,?,?,default)
    Hibernate: insert into ft_participants (draft_order,fantasy_game_seq,player_id,preferred_team,team_name,seq) values (?,?,?,?,?,default)
    Hibernate: insert into ft_participants (draft_order,fantasy_game_seq,player_id,preferred_team,team_name,seq) values (?,?,?,?,?,default)
    Hibernate: insert into ft_participants (draft_order,fantasy_game_seq,player_id,preferred_team,team_name,seq) values (?,?,?,?,?,default)
    Hibernate: insert into ft_participants (draft_order,fantasy_game_seq,player_id,preferred_team,team_name,seq) values (?,?,?,?,?,default)
    Hibernate: insert into ft_participants (draft_order,fantasy_game_seq,player_id,preferred_team,team_name,seq) values (?,?,?,?,?,default)
    Hibernate: insert into ft_participants (draft_order,fantasy_game_seq,player_id,preferred_team,team_name,seq) values (?,?,?,?,?,default)
    Hibernate: insert into ft_participants (draft_order,fantasy_game_seq,player_id,preferred_team,team_name,seq) values (?,?,?,?,?,default)
    Hibernate: insert into ft_participants (draft_order,fantasy_game_seq,player_id,preferred_team,team_name,seq) values (?,?,?,?,?,default)
    Hibernate: insert into ft_participants (draft_order,fantasy_game_seq,player_id,preferred_team,team_name,seq) values (?,?,?,?,?,default)
    Hibernate: insert into ft_participants (draft_order,fantasy_game_seq,player_id,preferred_team,team_name,seq) values (?,?,?,?,?,default)
    Hibernate: insert into ft_participants (draft_order,fantasy_game_seq,player_id,preferred_team,team_name,seq) values (?,?,?,?,?,default)
    Hibernate: insert into ft_participants (draft_order,fantasy_game_seq,player_id,preferred_team,team_name,seq) values (?,?,?,?,?,default)
    Hibernate: insert into ft_participants (draft_order,fantasy_game_seq,player_id,preferred_team,team_name,seq) values (?,?,?,?,?,default)
    Hibernate: insert into ft_participants (draft_order,fantasy_game_seq,player_id,preferred_team,team_name,seq) values (?,?,?,?,?,default)
    Hibernate: insert into ft_participants (draft_order,fantasy_game_seq,player_id,preferred_team,team_name,seq) values (?,?,?,?,?,default)
    Hibernate: insert into ft_participants (draft_order,fantasy_game_seq,player_id,preferred_team,team_name,seq) values (?,?,?,?,?,default)
    Hibernate: insert into ft_participants (draft_order,fantasy_game_seq,player_id,preferred_team,team_name,seq) values (?,?,?,?,?,default)
    Hibernate: insert into ft_participants (draft_order,fantasy_game_seq,player_id,preferred_team,team_name,seq) values (?,?,?,?,?,default)
    Hibernate: insert into ft_participants (draft_order,fantasy_game_seq,player_id,preferred_team,team_name,seq) values (?,?,?,?,?,default)
    Hibernate: insert into ft_participants (draft_order,fantasy_game_seq,player_id,preferred_team,team_name,seq) values (?,?,?,?,?,default)
    Hibernate: insert into ft_participants (draft_order,fantasy_game_seq,player_id,preferred_team,team_name,seq) values (?,?,?,?,?,default)
    Hibernate: insert into ft_participants (draft_order,fantasy_game_seq,player_id,preferred_team,team_name,seq) values (?,?,?,?,?,default)
    Hibernate: insert into ft_participants (draft_order,fantasy_game_seq,player_id,preferred_team,team_name,seq) values (?,?,?,?,?,default)
    Hibernate: insert into ft_participants (draft_order,fantasy_game_seq,player_id,preferred_team,team_name,seq) values (?,?,?,?,?,default)
    Hibernate: insert into ft_participants (draft_order,fantasy_game_seq,player_id,preferred_team,team_name,seq) values (?,?,?,?,?,default)
    Hibernate: insert into ft_participants (draft_order,fantasy_game_seq,player_id,preferred_team,team_name,seq) values (?,?,?,?,?,default)
    Hibernate: insert into ft_participants (draft_order,fantasy_game_seq,player_id,preferred_team,team_name,seq) values (?,?,?,?,?,default)
    Hibernate: insert into ft_participants (draft_order,fantasy_game_seq,player_id,preferred_team,team_name,seq) values (?,?,?,?,?,default)
    Hibernate: insert into ft_participants (draft_order,fantasy_game_seq,player_id,preferred_team,team_name,seq) values (?,?,?,?,?,default)
    Hibernate: insert into ft_participants (draft_order,fantasy_game_seq,player_id,preferred_team,team_name,seq) values (?,?,?,?,?,default)
    Hibernate: insert into ft_participants (draft_order,fantasy_game_seq,player_id,preferred_team,team_name,seq) values (?,?,?,?,?,default)
    Hibernate: insert into ft_participants (draft_order,fantasy_game_seq,player_id,preferred_team,team_name,seq) values (?,?,?,?,?,default)
    Hibernate: insert into ft_participants (draft_order,fantasy_game_seq,player_id,preferred_team,team_name,seq) values (?,?,?,?,?,default)
    Hibernate: insert into ft_participants (draft_order,fantasy_game_seq,player_id,preferred_team,team_name,seq) values (?,?,?,?,?,default)
    Hibernate: insert into ft_participants (draft_order,fantasy_game_seq,player_id,preferred_team,team_name,seq) values (?,?,?,?,?,default)
    Hibernate: insert into ft_participants (draft_order,fantasy_game_seq,player_id,preferred_team,team_name,seq) values (?,?,?,?,?,default)
    Hibernate: insert into ft_participants (draft_order,fantasy_game_seq,player_id,preferred_team,team_name,seq) values (?,?,?,?,?,default)
    Hibernate: insert into ft_participants (draft_order,fantasy_game_seq,player_id,preferred_team,team_name,seq) values (?,?,?,?,?,default)
    Hibernate: insert into ft_participants (draft_order,fantasy_game_seq,player_id,preferred_team,team_name,seq) values (?,?,?,?,?,default)
    Hibernate: insert into ft_participants (draft_order,fantasy_game_seq,player_id,preferred_team,team_name,seq) values (?,?,?,?,?,default)
    Hibernate: insert into ft_participants (draft_order,fantasy_game_seq,player_id,preferred_team,team_name,seq) values (?,?,?,?,?,default)
    Hibernate: insert into ft_participants (draft_order,fantasy_game_seq,player_id,preferred_team,team_name,seq) values (?,?,?,?,?,default)
    Hibernate: insert into ft_participants (draft_order,fantasy_game_seq,player_id,preferred_team,team_name,seq) values (?,?,?,?,?,default)
    Hibernate: insert into ft_participants (draft_order,fantasy_game_seq,player_id,preferred_team,team_name,seq) values (?,?,?,?,?,default)
    Hibernate: insert into ft_participants (draft_order,fantasy_game_seq,player_id,preferred_team,team_name,seq) values (?,?,?,?,?,default)
    Hibernate: insert into ft_participants (draft_order,fantasy_game_seq,player_id,preferred_team,team_name,seq) values (?,?,?,?,?,default)
    Hibernate: insert into ft_participants (draft_order,fantasy_game_seq,player_id,preferred_team,team_name,seq) values (?,?,?,?,?,default)
    Hibernate: insert into ft_participants (draft_order,fantasy_game_seq,player_id,preferred_team,team_name,seq) values (?,?,?,?,?,default)
    Hibernate: insert into ft_participants (draft_order,fantasy_game_seq,player_id,preferred_team,team_name,seq) values (?,?,?,?,?,default)
    Hibernate: insert into ft_participants (draft_order,fantasy_game_seq,player_id,preferred_team,team_name,seq) values (?,?,?,?,?,default)
    Hibernate: insert into ft_participants (draft_order,fantasy_game_seq,player_id,preferred_team,team_name,seq) values (?,?,?,?,?,default)
    Hibernate: insert into ft_participants (draft_order,fantasy_game_seq,player_id,preferred_team,team_name,seq) values (?,?,?,?,?,default)
    Hibernate: insert into ft_participants (draft_order,fantasy_game_seq,player_id,preferred_team,team_name,seq) values (?,?,?,?,?,default)
    Hibernate: insert into ft_participants (draft_order,fantasy_game_seq,player_id,preferred_team,team_name,seq) values (?,?,?,?,?,default)
    Hibernate: insert into ft_participants (draft_order,fantasy_game_seq,player_id,preferred_team,team_name,seq) values (?,?,?,?,?,default)
    Hibernate: insert into ft_participants (draft_order,fantasy_game_seq,player_id,preferred_team,team_name,seq) values (?,?,?,?,?,default)
    Hibernate: insert into ft_participants (draft_order,fantasy_game_seq,player_id,preferred_team,team_name,seq) values (?,?,?,?,?,default)
    Hibernate: insert into ft_participants (draft_order,fantasy_game_seq,player_id,preferred_team,team_name,seq) values (?,?,?,?,?,default)
    Hibernate: insert into ft_participants (draft_order,fantasy_game_seq,player_id,preferred_team,team_name,seq) values (?,?,?,?,?,default)
    Hibernate: insert into ft_participants (draft_order,fantasy_game_seq,player_id,preferred_team,team_name,seq) values (?,?,?,?,?,default)
    Hibernate: insert into ft_participants (draft_order,fantasy_game_seq,player_id,preferred_team,team_name,seq) values (?,?,?,?,?,default)
    Hibernate: insert into ft_participants (draft_order,fantasy_game_seq,player_id,preferred_team,team_name,seq) values (?,?,?,?,?,default)
    Hibernate: insert into ft_participants (draft_order,fantasy_game_seq,player_id,preferred_team,team_name,seq) values (?,?,?,?,?,default)
    Hibernate: insert into ft_participants (draft_order,fantasy_game_seq,player_id,preferred_team,team_name,seq) values (?,?,?,?,?,default)
    Hibernate: insert into ft_participants (draft_order,fantasy_game_seq,player_id,preferred_team,team_name,seq) values (?,?,?,?,?,default)
    Hibernate: insert into ft_participants (draft_order,fantasy_game_seq,player_id,preferred_team,team_name,seq) values (?,?,?,?,?,default)
    Hibernate: insert into ft_participants (draft_order,fantasy_game_seq,player_id,preferred_team,team_name,seq) values (?,?,?,?,?,default)
    Hibernate: insert into ft_participants (draft_order,fantasy_game_seq,player_id,preferred_team,team_name,seq) values (?,?,?,?,?,default)
    Hibernate: insert into ft_participants (draft_order,fantasy_game_seq,player_id,preferred_team,team_name,seq) values (?,?,?,?,?,default)
    Hibernate: insert into ft_participants (draft_order,fantasy_game_seq,player_id,preferred_team,team_name,seq) values (?,?,?,?,?,default)
    Hibernate: insert into ft_participants (draft_order,fantasy_game_seq,player_id,preferred_team,team_name,seq) values (?,?,?,?,?,default)
    Hibernate: insert into ft_participants (draft_order,fantasy_game_seq,player_id,preferred_team,team_name,seq) values (?,?,?,?,?,default)
    Hibernate: insert into ft_participants (draft_order,fantasy_game_seq,player_id,preferred_team,team_name,seq) values (?,?,?,?,?,default)
    Hibernate: insert into ft_participants (draft_order,fantasy_game_seq,player_id,preferred_team,team_name,seq) values (?,?,?,?,?,default)
    Hibernate: insert into ft_participants (draft_order,fantasy_game_seq,player_id,preferred_team,team_name,seq) values (?,?,?,?,?,default)
    Hibernate: insert into ft_participants (draft_order,fantasy_game_seq,player_id,preferred_team,team_name,seq) values (?,?,?,?,?,default)
    Hibernate: insert into ft_participants (draft_order,fantasy_game_seq,player_id,preferred_team,team_name,seq) values (?,?,?,?,?,default)
    Hibernate: insert into ft_participants (draft_order,fantasy_game_seq,player_id,preferred_team,team_name,seq) values (?,?,?,?,?,default)
    Hibernate: insert into ft_participants (draft_order,fantasy_game_seq,player_id,preferred_team,team_name,seq) values (?,?,?,?,?,default)
    Hibernate: insert into ft_participants (draft_order,fantasy_game_seq,player_id,preferred_team,team_name,seq) values (?,?,?,?,?,default)
    Hibernate: insert into ft_participants (draft_order,fantasy_game_seq,player_id,preferred_team,team_name,seq) values (?,?,?,?,?,default)
    Hibernate: insert into ft_participants (draft_order,fantasy_game_seq,player_id,preferred_team,team_name,seq) values (?,?,?,?,?,default)
    Hibernate: insert into ft_participants (draft_order,fantasy_game_seq,player_id,preferred_team,team_name,seq) values (?,?,?,?,?,default)
    Hibernate: insert into ft_participants (draft_order,fantasy_game_seq,player_id,preferred_team,team_name,seq) values (?,?,?,?,?,default)
    Hibernate: insert into ft_participants (draft_order,fantasy_game_seq,player_id,preferred_team,team_name,seq) values (?,?,?,?,?,default)
    Hibernate: insert into ft_participants (draft_order,fantasy_game_seq,player_id,preferred_team,team_name,seq) values (?,?,?,?,?,default)
    Hibernate: insert into ft_participants (draft_order,fantasy_game_seq,player_id,preferred_team,team_name,seq) values (?,?,?,?,?,default)
    Hibernate: insert into ft_participants (draft_order,fantasy_game_seq,player_id,preferred_team,team_name,seq) values (?,?,?,?,?,default)
    Hibernate: insert into ft_participants (draft_order,fantasy_game_seq,player_id,preferred_team,team_name,seq) values (?,?,?,?,?,default)
    Hibernate: insert into ft_participants (draft_order,fantasy_game_seq,player_id,preferred_team,team_name,seq) values (?,?,?,?,?,default)
    Hibernate: insert into ft_participants (draft_order,fantasy_game_seq,player_id,preferred_team,team_name,seq) values (?,?,?,?,?,default)
    Hibernate: insert into ft_participants (draft_order,fantasy_game_seq,player_id,preferred_team,team_name,seq) values (?,?,?,?,?,default)
    Hibernate: insert into ft_participants (draft_order,fantasy_game_seq,player_id,preferred_team,team_name,seq) values (?,?,?,?,?,default)
    Hibernate: insert into ft_participants (draft_order,fantasy_game_seq,player_id,preferred_team,team_name,seq) values (?,?,?,?,?,default)
    Hibernate: insert into ft_participants (draft_order,fantasy_game_seq,player_id,preferred_team,team_name,seq) values (?,?,?,?,?,default)
    Hibernate: insert into ft_participants (draft_order,fantasy_game_seq,player_id,preferred_team,team_name,seq) values (?,?,?,?,?,default)
    Hibernate: insert into ft_participants (draft_order,fantasy_game_seq,player_id,preferred_team,team_name,seq) values (?,?,?,?,?,default)
    Hibernate: insert into ft_participants (draft_order,fantasy_game_seq,player_id,preferred_team,team_name,seq) values (?,?,?,?,?,default)
    Hibernate: insert into ft_participants (draft_order,fantasy_game_seq,player_id,preferred_team,team_name,seq) values (?,?,?,?,?,default)
    Hibernate: insert into ft_participants (draft_order,fantasy_game_seq,player_id,preferred_team,team_name,seq) values (?,?,?,?,?,default)
    Hibernate: insert into ft_participants (draft_order,fantasy_game_seq,player_id,preferred_team,team_name,seq) values (?,?,?,?,?,default)
    Hibernate: insert into ft_participants (draft_order,fantasy_game_seq,player_id,preferred_team,team_name,seq) values (?,?,?,?,?,default)
    Hibernate: insert into ft_participants (draft_order,fantasy_game_seq,player_id,preferred_team,team_name,seq) values (?,?,?,?,?,default)
    Hibernate: insert into ft_participants (draft_order,fantasy_game_seq,player_id,preferred_team,team_name,seq) values (?,?,?,?,?,default)
    Hibernate: insert into ft_participants (draft_order,fantasy_game_seq,player_id,preferred_team,team_name,seq) values (?,?,?,?,?,default)
    Hibernate: insert into ft_participants (draft_order,fantasy_game_seq,player_id,preferred_team,team_name,seq) values (?,?,?,?,?,default)
    Hibernate: insert into ft_participants (draft_order,fantasy_game_seq,player_id,preferred_team,team_name,seq) values (?,?,?,?,?,default)
    Hibernate: insert into ft_participants (draft_order,fantasy_game_seq,player_id,preferred_team,team_name,seq) values (?,?,?,?,?,default)
    Hibernate: insert into ft_participants (draft_order,fantasy_game_seq,player_id,preferred_team,team_name,seq) values (?,?,?,?,?,default)
    Hibernate: insert into ft_participants (draft_order,fantasy_game_seq,player_id,preferred_team,team_name,seq) values (?,?,?,?,?,default)
    Hibernate: insert into ft_participants (draft_order,fantasy_game_seq,player_id,preferred_team,team_name,seq) values (?,?,?,?,?,default)
    Hibernate: insert into ft_participants (draft_order,fantasy_game_seq,player_id,preferred_team,team_name,seq) values (?,?,?,?,?,default)
    Hibernate: insert into ft_participants (draft_order,fantasy_game_seq,player_id,preferred_team,team_name,seq) values (?,?,?,?,?,default)
    Hibernate: insert into ft_participants (draft_order,fantasy_game_seq,player_id,preferred_team,team_name,seq) values (?,?,?,?,?,default)
    Hibernate: insert into ft_participants (draft_order,fantasy_game_seq,player_id,preferred_team,team_name,seq) values (?,?,?,?,?,default)
    Hibernate: insert into ft_participants (draft_order,fantasy_game_seq,player_id,preferred_team,team_name,seq) values (?,?,?,?,?,default)
    Hibernate: insert into ft_participants (draft_order,fantasy_game_seq,player_id,preferred_team,team_name,seq) values (?,?,?,?,?,default)
    Hibernate: insert into ft_participants (draft_order,fantasy_game_seq,player_id,preferred_team,team_name,seq) values (?,?,?,?,?,default)
    Hibernate: insert into ft_participants (draft_order,fantasy_game_seq,player_id,preferred_team,team_name,seq) values (?,?,?,?,?,default)
    Hibernate: insert into ft_participants (draft_order,fantasy_game_seq,player_id,preferred_team,team_name,seq) values (?,?,?,?,?,default)
    Hibernate: insert into ft_participants (draft_order,fantasy_game_seq,player_id,preferred_team,team_name,seq) values (?,?,?,?,?,default)
    Hibernate: insert into ft_participants (draft_order,fantasy_game_seq,player_id,preferred_team,team_name,seq) values (?,?,?,?,?,default)
    Hibernate: insert into ft_participants (draft_order,fantasy_game_seq,player_id,preferred_team,team_name,seq) values (?,?,?,?,?,default)
    Hibernate: insert into ft_participants (draft_order,fantasy_game_seq,player_id,preferred_team,team_name,seq) values (?,?,?,?,?,default)
    Hibernate: insert into ft_participants (draft_order,fantasy_game_seq,player_id,preferred_team,team_name,seq) values (?,?,?,?,?,default)
    Hibernate: insert into ft_participants (draft_order,fantasy_game_seq,player_id,preferred_team,team_name,seq) values (?,?,?,?,?,default)
    Hibernate: insert into ft_participants (draft_order,fantasy_game_seq,player_id,preferred_team,team_name,seq) values (?,?,?,?,?,default)
    Hibernate: insert into ft_participants (draft_order,fantasy_game_seq,player_id,preferred_team,team_name,seq) values (?,?,?,?,?,default)
    Hibernate: insert into ft_participants (draft_order,fantasy_game_seq,player_id,preferred_team,team_name,seq) values (?,?,?,?,?,default)
    Hibernate: insert into ft_participants (draft_order,fantasy_game_seq,player_id,preferred_team,team_name,seq) values (?,?,?,?,?,default)
    Hibernate: insert into ft_participants (draft_order,fantasy_game_seq,player_id,preferred_team,team_name,seq) values (?,?,?,?,?,default)
    Hibernate: insert into ft_participants (draft_order,fantasy_game_seq,player_id,preferred_team,team_name,seq) values (?,?,?,?,?,default)
    Hibernate: insert into ft_participants (draft_order,fantasy_game_seq,player_id,preferred_team,team_name,seq) values (?,?,?,?,?,default)
    Hibernate: insert into ft_participants (draft_order,fantasy_game_seq,player_id,preferred_team,team_name,seq) values (?,?,?,?,?,default)
    Hibernate: insert into ft_participants (draft_order,fantasy_game_seq,player_id,preferred_team,team_name,seq) values (?,?,?,?,?,default)
    Hibernate: insert into ft_participants (draft_order,fantasy_game_seq,player_id,preferred_team,team_name,seq) values (?,?,?,?,?,default)
    Hibernate: insert into ft_participants (draft_order,fantasy_game_seq,player_id,preferred_team,team_name,seq) values (?,?,?,?,?,default)
    Hibernate: insert into ft_participants (draft_order,fantasy_game_seq,player_id,preferred_team,team_name,seq) values (?,?,?,?,?,default)
    Hibernate: insert into ft_participants (draft_order,fantasy_game_seq,player_id,preferred_team,team_name,seq) values (?,?,?,?,?,default)
    Hibernate: insert into ft_participants (draft_order,fantasy_game_seq,player_id,preferred_team,team_name,seq) values (?,?,?,?,?,default)
    Hibernate: insert into ft_participants (draft_order,fantasy_game_seq,player_id,preferred_team,team_name,seq) values (?,?,?,?,?,default)
    Hibernate: insert into ft_participants (draft_order,fantasy_game_seq,player_id,preferred_team,team_name,seq) values (?,?,?,?,?,default)
    Hibernate: insert into ft_participants (draft_order,fantasy_game_seq,player_id,preferred_team,team_name,seq) values (?,?,?,?,?,default)
    Hibernate: insert into ft_participants (draft_order,fantasy_game_seq,player_id,preferred_team,team_name,seq) values (?,?,?,?,?,default)
    Hibernate: insert into ft_participants (draft_order,fantasy_game_seq,player_id,preferred_team,team_name,seq) values (?,?,?,?,?,default)
    Hibernate: insert into ft_participants (draft_order,fantasy_game_seq,player_id,preferred_team,team_name,seq) values (?,?,?,?,?,default)
    Hibernate: insert into ft_participants (draft_order,fantasy_game_seq,player_id,preferred_team,team_name,seq) values (?,?,?,?,?,default)
    Hibernate: insert into ft_participants (draft_order,fantasy_game_seq,player_id,preferred_team,team_name,seq) values (?,?,?,?,?,default)
    Hibernate: insert into ft_participants (draft_order,fantasy_game_seq,player_id,preferred_team,team_name,seq) values (?,?,?,?,?,default)
    Hibernate: insert into ft_participants (draft_order,fantasy_game_seq,player_id,preferred_team,team_name,seq) values (?,?,?,?,?,default)
    Hibernate: insert into ft_participants (draft_order,fantasy_game_seq,player_id,preferred_team,team_name,seq) values (?,?,?,?,?,default)
    Hibernate: insert into ft_participants (draft_order,fantasy_game_seq,player_id,preferred_team,team_name,seq) values (?,?,?,?,?,default)
    Hibernate: insert into ft_participants (draft_order,fantasy_game_seq,player_id,preferred_team,team_name,seq) values (?,?,?,?,?,default)
    Hibernate: insert into ft_participants (draft_order,fantasy_game_seq,player_id,preferred_team,team_name,seq) values (?,?,?,?,?,default)
    Hibernate: insert into ft_participants (draft_order,fantasy_game_seq,player_id,preferred_team,team_name,seq) values (?,?,?,?,?,default)
    Hibernate: insert into ft_participants (draft_order,fantasy_game_seq,player_id,preferred_team,team_name,seq) values (?,?,?,?,?,default)
    Hibernate: insert into ft_participants (draft_order,fantasy_game_seq,player_id,preferred_team,team_name,seq) values (?,?,?,?,?,default)
    Hibernate: insert into ft_participants (draft_order,fantasy_game_seq,player_id,preferred_team,team_name,seq) values (?,?,?,?,?,default)
    Hibernate: insert into ft_participants (draft_order,fantasy_game_seq,player_id,preferred_team,team_name,seq) values (?,?,?,?,?,default)
    Hibernate: insert into ft_participants (draft_order,fantasy_game_seq,player_id,preferred_team,team_name,seq) values (?,?,?,?,?,default)
    Hibernate: insert into ft_participants (draft_order,fantasy_game_seq,player_id,preferred_team,team_name,seq) values (?,?,?,?,?,default)
    Hibernate: insert into ft_participants (draft_order,fantasy_game_seq,player_id,preferred_team,team_name,seq) values (?,?,?,?,?,default)
    Hibernate: insert into ft_participants (draft_order,fantasy_game_seq,player_id,preferred_team,team_name,seq) values (?,?,?,?,?,default)
    Hibernate: insert into ft_participants (draft_order,fantasy_game_seq,player_id,preferred_team,team_name,seq) values (?,?,?,?,?,default)
    Hibernate: insert into ft_participants (draft_order,fantasy_game_seq,player_id,preferred_team,team_name,seq) values (?,?,?,?,?,default)
    Hibernate: insert into ft_participants (draft_order,fantasy_game_seq,player_id,preferred_team,team_name,seq) values (?,?,?,?,?,default)
    Hibernate: insert into ft_participants (draft_order,fantasy_game_seq,player_id,preferred_team,team_name,seq) values (?,?,?,?,?,default)
    Hibernate: insert into ft_participants (draft_order,fantasy_game_seq,player_id,preferred_team,team_name,seq) values (?,?,?,?,?,default)
    Hibernate: insert into ft_participants (draft_order,fantasy_game_seq,player_id,preferred_team,team_name,seq) values (?,?,?,?,?,default)
    Hibernate: insert into ft_participants (draft_order,fantasy_game_seq,player_id,preferred_team,team_name,seq) values (?,?,?,?,?,default)
    Hibernate: insert into ft_participants (draft_order,fantasy_game_seq,player_id,preferred_team,team_name,seq) values (?,?,?,?,?,default)
    Hibernate: insert into ft_participants (draft_order,fantasy_game_seq,player_id,preferred_team,team_name,seq) values (?,?,?,?,?,default)
    Hibernate: insert into ft_participants (draft_order,fantasy_game_seq,player_id,preferred_team,team_name,seq) values (?,?,?,?,?,default)
    Hibernate: insert into ft_participants (draft_order,fantasy_game_seq,player_id,preferred_team,team_name,seq) values (?,?,?,?,?,default)
    Hibernate: insert into ft_participants (draft_order,fantasy_game_seq,player_id,preferred_team,team_name,seq) values (?,?,?,?,?,default)
    Hibernate: insert into ft_participants (draft_order,fantasy_game_seq,player_id,preferred_team,team_name,seq) values (?,?,?,?,?,default)
    Hibernate: insert into ft_participants (draft_order,fantasy_game_seq,player_id,preferred_team,team_name,seq) values (?,?,?,?,?,default)
    Hibernate: insert into ft_participants (draft_order,fantasy_game_seq,player_id,preferred_team,team_name,seq) values (?,?,?,?,?,default)
    Hibernate: insert into ft_participants (draft_order,fantasy_game_seq,player_id,preferred_team,team_name,seq) values (?,?,?,?,?,default)
    Hibernate: insert into ft_participants (draft_order,fantasy_game_seq,player_id,preferred_team,team_name,seq) values (?,?,?,?,?,default)
    Hibernate: insert into ft_participants (draft_order,fantasy_game_seq,player_id,preferred_team,team_name,seq) values (?,?,?,?,?,default)
    Hibernate: insert into ft_participants (draft_order,fantasy_game_seq,player_id,preferred_team,team_name,seq) values (?,?,?,?,?,default)
    Hibernate: insert into ft_participants (draft_order,fantasy_game_seq,player_id,preferred_team,team_name,seq) values (?,?,?,?,?,default)
    Hibernate: insert into ft_participants (draft_order,fantasy_game_seq,player_id,preferred_team,team_name,seq) values (?,?,?,?,?,default)
    Hibernate: insert into ft_participants (draft_order,fantasy_game_seq,player_id,preferred_team,team_name,seq) values (?,?,?,?,?,default)
    Hibernate: insert into ft_participants (draft_order,fantasy_game_seq,player_id,preferred_team,team_name,seq) values (?,?,?,?,?,default)
    Hibernate: insert into ft_participants (draft_order,fantasy_game_seq,player_id,preferred_team,team_name,seq) values (?,?,?,?,?,default)
    Hibernate: insert into ft_participants (draft_order,fantasy_game_seq,player_id,preferred_team,team_name,seq) values (?,?,?,?,?,default)
    Hibernate: insert into ft_participants (draft_order,fantasy_game_seq,player_id,preferred_team,team_name,seq) values (?,?,?,?,?,default)
    Hibernate: insert into ft_participants (draft_order,fantasy_game_seq,player_id,preferred_team,team_name,seq) values (?,?,?,?,?,default)
    Hibernate: insert into ft_participants (draft_order,fantasy_game_seq,player_id,preferred_team,team_name,seq) values (?,?,?,?,?,default)
    Hibernate: insert into ft_participants (draft_order,fantasy_game_seq,player_id,preferred_team,team_name,seq) values (?,?,?,?,?,default)
    Hibernate: insert into ft_participants (draft_order,fantasy_game_seq,player_id,preferred_team,team_name,seq) values (?,?,?,?,?,default)
    Hibernate: insert into ft_participants (draft_order,fantasy_game_seq,player_id,preferred_team,team_name,seq) values (?,?,?,?,?,default)
    Hibernate: insert into ft_participants (draft_order,fantasy_game_seq,player_id,preferred_team,team_name,seq) values (?,?,?,?,?,default)
    Hibernate: insert into ft_participants (draft_order,fantasy_game_seq,player_id,preferred_team,team_name,seq) values (?,?,?,?,?,default)
    Hibernate: insert into ft_participants (draft_order,fantasy_game_seq,player_id,preferred_team,team_name,seq) values (?,?,?,?,?,default)
    Hibernate: insert into ft_participants (draft_order,fantasy_game_seq,player_id,preferred_team,team_name,seq) values (?,?,?,?,?,default)
    Hibernate: insert into ft_participants (draft_order,fantasy_game_seq,player_id,preferred_team,team_name,seq) values (?,?,?,?,?,default)
    Hibernate: insert into ft_participants (draft_order,fantasy_game_seq,player_id,preferred_team,team_name,seq) values (?,?,?,?,?,default)
    Hibernate: insert into ft_participants (draft_order,fantasy_game_seq,player_id,preferred_team,team_name,seq) values (?,?,?,?,?,default)
    Hibernate: insert into ft_participants (draft_order,fantasy_game_seq,player_id,preferred_team,team_name,seq) values (?,?,?,?,?,default)
    Hibernate: insert into ft_participants (draft_order,fantasy_game_seq,player_id,preferred_team,team_name,seq) values (?,?,?,?,?,default)
    Hibernate: insert into ft_participants (draft_order,fantasy_game_seq,player_id,preferred_team,team_name,seq) values (?,?,?,?,?,default)
    Hibernate: insert into ft_participants (draft_order,fantasy_game_seq,player_id,preferred_team,team_name,seq) values (?,?,?,?,?,default)
    Hibernate: insert into ft_participants (draft_order,fantasy_game_seq,player_id,preferred_team,team_name,seq) values (?,?,?,?,?,default)
    Hibernate: insert into ft_participants (draft_order,fantasy_game_seq,player_id,preferred_team,team_name,seq) values (?,?,?,?,?,default)
    Hibernate: insert into ft_participants (draft_order,fantasy_game_seq,player_id,preferred_team,team_name,seq) values (?,?,?,?,?,default)
    Hibernate: insert into ft_participants (draft_order,fantasy_game_seq,player_id,preferred_team,team_name,seq) values (?,?,?,?,?,default)
    Hibernate: insert into ft_participants (draft_order,fantasy_game_seq,player_id,preferred_team,team_name,seq) values (?,?,?,?,?,default)
    Hibernate: insert into ft_participants (draft_order,fantasy_game_seq,player_id,preferred_team,team_name,seq) values (?,?,?,?,?,default)
    Hibernate: insert into ft_participants (draft_order,fantasy_game_seq,player_id,preferred_team,team_name,seq) values (?,?,?,?,?,default)
    Hibernate: insert into ft_participants (draft_order,fantasy_game_seq,player_id,preferred_team,team_name,seq) values (?,?,?,?,?,default)
    Hibernate: insert into ft_participants (draft_order,fantasy_game_seq,player_id,preferred_team,team_name,seq) values (?,?,?,?,?,default)
    Hibernate: insert into ft_participants (draft_order,fantasy_game_seq,player_id,preferred_team,team_name,seq) values (?,?,?,?,?,default)
    Hibernate: insert into ft_participants (draft_order,fantasy_game_seq,player_id,preferred_team,team_name,seq) values (?,?,?,?,?,default)
    Hibernate: insert into ft_participants (draft_order,fantasy_game_seq,player_id,preferred_team,team_name,seq) values (?,?,?,?,?,default)
    Hibernate: insert into ft_participants (draft_order,fantasy_game_seq,player_id,preferred_team,team_name,seq) values (?,?,?,?,?,default)
    Hibernate: insert into ft_participants (draft_order,fantasy_game_seq,player_id,preferred_team,team_name,seq) values (?,?,?,?,?,default)
    Hibernate: insert into ft_participants (draft_order,fantasy_game_seq,player_id,preferred_team,team_name,seq) values (?,?,?,?,?,default)
    Hibernate: insert into ft_participants (draft_order,fantasy_game_seq,player_id,preferred_team,team_name,seq) values (?,?,?,?,?,default)
    Hibernate: insert into ft_participants (draft_order,fantasy_game_seq,player_id,preferred_team,team_name,seq) values (?,?,?,?,?,default)
    Hibernate: insert into ft_participants (draft_order,fantasy_game_seq,player_id,preferred_team,team_name,seq) values (?,?,?,?,?,default)
    Hibernate: insert into ft_participants (draft_order,fantasy_game_seq,player_id,preferred_team,team_name,seq) values (?,?,?,?,?,default)
    Hibernate: insert into ft_participants (draft_order,fantasy_game_seq,player_id,preferred_team,team_name,seq) values (?,?,?,?,?,default)
    Hibernate: insert into ft_participants (draft_order,fantasy_game_seq,player_id,preferred_team,team_name,seq) values (?,?,?,?,?,default)
    Hibernate: insert into ft_participants (draft_order,fantasy_game_seq,player_id,preferred_team,team_name,seq) values (?,?,?,?,?,default)
    Hibernate: insert into ft_participants (draft_order,fantasy_game_seq,player_id,preferred_team,team_name,seq) values (?,?,?,?,?,default)
    Hibernate: insert into ft_participants (draft_order,fantasy_game_seq,player_id,preferred_team,team_name,seq) values (?,?,?,?,?,default)
    Hibernate: insert into ft_participants (draft_order,fantasy_game_seq,player_id,preferred_team,team_name,seq) values (?,?,?,?,?,default)
    Hibernate: insert into ft_participants (draft_order,fantasy_game_seq,player_id,preferred_team,team_name,seq) values (?,?,?,?,?,default)
    Hibernate: insert into ft_participants (draft_order,fantasy_game_seq,player_id,preferred_team,team_name,seq) values (?,?,?,?,?,default)
    Hibernate: insert into ft_participants (draft_order,fantasy_game_seq,player_id,preferred_team,team_name,seq) values (?,?,?,?,?,default)
    Hibernate: insert into ft_participants (draft_order,fantasy_game_seq,player_id,preferred_team,team_name,seq) values (?,?,?,?,?,default)
    Hibernate: insert into ft_participants (draft_order,fantasy_game_seq,player_id,preferred_team,team_name,seq) values (?,?,?,?,?,default)
    Hibernate: insert into ft_participants (draft_order,fantasy_game_seq,player_id,preferred_team,team_name,seq) values (?,?,?,?,?,default)
    Hibernate: insert into ft_participants (draft_order,fantasy_game_seq,player_id,preferred_team,team_name,seq) values (?,?,?,?,?,default)
    Hibernate: insert into ft_participants (draft_order,fantasy_game_seq,player_id,preferred_team,team_name,seq) values (?,?,?,?,?,default)
    Hibernate: insert into ft_participants (draft_order,fantasy_game_seq,player_id,preferred_team,team_name,seq) values (?,?,?,?,?,default)
    Hibernate: insert into ft_participants (draft_order,fantasy_game_seq,player_id,preferred_team,team_name,seq) values (?,?,?,?,?,default)
    Hibernate: insert into ft_participants (draft_order,fantasy_game_seq,player_id,preferred_team,team_name,seq) values (?,?,?,?,?,default)
    Hibernate: insert into ft_participants (draft_order,fantasy_game_seq,player_id,preferred_team,team_name,seq) values (?,?,?,?,?,default)
    Hibernate: insert into ft_participants (draft_order,fantasy_game_seq,player_id,preferred_team,team_name,seq) values (?,?,?,?,?,default)
    Hibernate: insert into ft_participants (draft_order,fantasy_game_seq,player_id,preferred_team,team_name,seq) values (?,?,?,?,?,default)
    Hibernate: insert into ft_participants (draft_order,fantasy_game_seq,player_id,preferred_team,team_name,seq) values (?,?,?,?,?,default)
    Hibernate: insert into ft_participants (draft_order,fantasy_game_seq,player_id,preferred_team,team_name,seq) values (?,?,?,?,?,default)
    Hibernate: insert into ft_participants (draft_order,fantasy_game_seq,player_id,preferred_team,team_name,seq) values (?,?,?,?,?,default)
    Hibernate: insert into ft_participants (draft_order,fantasy_game_seq,player_id,preferred_team,team_name,seq) values (?,?,?,?,?,default)
    Hibernate: insert into ft_participants (draft_order,fantasy_game_seq,player_id,preferred_team,team_name,seq) values (?,?,?,?,?,default)
    Hibernate: insert into ft_participants (draft_order,fantasy_game_seq,player_id,preferred_team,team_name,seq) values (?,?,?,?,?,default)
    Hibernate: insert into ft_participants (draft_order,fantasy_game_seq,player_id,preferred_team,team_name,seq) values (?,?,?,?,?,default)
    Hibernate: insert into ft_participants (draft_order,fantasy_game_seq,player_id,preferred_team,team_name,seq) values (?,?,?,?,?,default)
    Hibernate: insert into ft_participants (draft_order,fantasy_game_seq,player_id,preferred_team,team_name,seq) values (?,?,?,?,?,default)
    Hibernate: insert into ft_participants (draft_order,fantasy_game_seq,player_id,preferred_team,team_name,seq) values (?,?,?,?,?,default)
    Hibernate: insert into ft_participants (draft_order,fantasy_game_seq,player_id,preferred_team,team_name,seq) values (?,?,?,?,?,default)
    Hibernate: insert into ft_participants (draft_order,fantasy_game_seq,player_id,preferred_team,team_name,seq) values (?,?,?,?,?,default)
    Hibernate: insert into ft_participants (draft_order,fantasy_game_seq,player_id,preferred_team,team_name,seq) values (?,?,?,?,?,default)
    Hibernate: insert into ft_participants (draft_order,fantasy_game_seq,player_id,preferred_team,team_name,seq) values (?,?,?,?,?,default)
    Hibernate: insert into ft_participants (draft_order,fantasy_game_seq,player_id,preferred_team,team_name,seq) values (?,?,?,?,?,default)
    Hibernate: insert into ft_participants (draft_order,fantasy_game_seq,player_id,preferred_team,team_name,seq) values (?,?,?,?,?,default)
    Hibernate: insert into ft_participants (draft_order,fantasy_game_seq,player_id,preferred_team,team_name,seq) values (?,?,?,?,?,default)
    Hibernate: insert into ft_participants (draft_order,fantasy_game_seq,player_id,preferred_team,team_name,seq) values (?,?,?,?,?,default)
    Hibernate: insert into ft_participants (draft_order,fantasy_game_seq,player_id,preferred_team,team_name,seq) values (?,?,?,?,?,default)
    Hibernate: insert into ft_participants (draft_order,fantasy_game_seq,player_id,preferred_team,team_name,seq) values (?,?,?,?,?,default)
    Hibernate: insert into ft_participants (draft_order,fantasy_game_seq,player_id,preferred_team,team_name,seq) values (?,?,?,?,?,default)
    Hibernate: insert into ft_participants (draft_order,fantasy_game_seq,player_id,preferred_team,team_name,seq) values (?,?,?,?,?,default)
    Hibernate: insert into ft_participants (draft_order,fantasy_game_seq,player_id,preferred_team,team_name,seq) values (?,?,?,?,?,default)
    Hibernate: insert into ft_participants (draft_order,fantasy_game_seq,player_id,preferred_team,team_name,seq) values (?,?,?,?,?,default)
    Hibernate: insert into ft_participants (draft_order,fantasy_game_seq,player_id,preferred_team,team_name,seq) values (?,?,?,?,?,default)
    Hibernate: insert into ft_participants (draft_order,fantasy_game_seq,player_id,preferred_team,team_name,seq) values (?,?,?,?,?,default)
    Hibernate: insert into ft_participants (draft_order,fantasy_game_seq,player_id,preferred_team,team_name,seq) values (?,?,?,?,?,default)
    Hibernate: insert into ft_participants (draft_order,fantasy_game_seq,player_id,preferred_team,team_name,seq) values (?,?,?,?,?,default)
    Hibernate: insert into ft_participants (draft_order,fantasy_game_seq,player_id,preferred_team,team_name,seq) values (?,?,?,?,?,default)
    Hibernate: insert into ft_participants (draft_order,fantasy_game_seq,player_id,preferred_team,team_name,seq) values (?,?,?,?,?,default)
    Hibernate: insert into ft_participants (draft_order,fantasy_game_seq,player_id,preferred_team,team_name,seq) values (?,?,?,?,?,default)
    Hibernate: insert into ft_participants (draft_order,fantasy_game_seq,player_id,preferred_team,team_name,seq) values (?,?,?,?,?,default)
    Hibernate: insert into ft_participants (draft_order,fantasy_game_seq,player_id,preferred_team,team_name,seq) values (?,?,?,?,?,default)
    Hibernate: insert into ft_participants (draft_order,fantasy_game_seq,player_id,preferred_team,team_name,seq) values (?,?,?,?,?,default)
    Hibernate: insert into ft_participants (draft_order,fantasy_game_seq,player_id,preferred_team,team_name,seq) values (?,?,?,?,?,default)
    Hibernate: insert into ft_participants (draft_order,fantasy_game_seq,player_id,preferred_team,team_name,seq) values (?,?,?,?,?,default)
    Hibernate: insert into ft_participants (draft_order,fantasy_game_seq,player_id,preferred_team,team_name,seq) values (?,?,?,?,?,default)
    Hibernate: insert into ft_participants (draft_order,fantasy_game_seq,player_id,preferred_team,team_name,seq) values (?,?,?,?,?,default)
    Hibernate: insert into ft_participants (draft_order,fantasy_game_seq,player_id,preferred_team,team_name,seq) values (?,?,?,?,?,default)
    Hibernate: insert into ft_participants (draft_order,fantasy_game_seq,player_id,preferred_team,team_name,seq) values (?,?,?,?,?,default)
    Hibernate: insert into ft_participants (draft_order,fantasy_game_seq,player_id,preferred_team,team_name,seq) values (?,?,?,?,?,default)
    Hibernate: insert into ft_participants (draft_order,fantasy_game_seq,player_id,preferred_team,team_name,seq) values (?,?,?,?,?,default)
    Hibernate: insert into ft_participants (draft_order,fantasy_game_seq,player_id,preferred_team,team_name,seq) values (?,?,?,?,?,default)
    Hibernate: insert into ft_participants (draft_order,fantasy_game_seq,player_id,preferred_team,team_name,seq) values (?,?,?,?,?,default)
    Hibernate: insert into ft_participants (draft_order,fantasy_game_seq,player_id,preferred_team,team_name,seq) values (?,?,?,?,?,default)
    Hibernate: insert into ft_participants (draft_order,fantasy_game_seq,player_id,preferred_team,team_name,seq) values (?,?,?,?,?,default)
    Hibernate: insert into ft_participants (draft_order,fantasy_game_seq,player_id,preferred_team,team_name,seq) values (?,?,?,?,?,default)
    Hibernate: insert into ft_participants (draft_order,fantasy_game_seq,player_id,preferred_team,team_name,seq) values (?,?,?,?,?,default)
    Hibernate: insert into ft_participants (draft_order,fantasy_game_seq,player_id,preferred_team,team_name,seq) values (?,?,?,?,?,default)
    Hibernate: insert into ft_participants (draft_order,fantasy_game_seq,player_id,preferred_team,team_name,seq) values (?,?,?,?,?,default)
    Hibernate: insert into ft_participants (draft_order,fantasy_game_seq,player_id,preferred_team,team_name,seq) values (?,?,?,?,?,default)
    Hibernate: insert into ft_participants (draft_order,fantasy_game_seq,player_id,preferred_team,team_name,seq) values (?,?,?,?,?,default)
    Hibernate: insert into ft_participants (draft_order,fantasy_game_seq,player_id,preferred_team,team_name,seq) values (?,?,?,?,?,default)
    Hibernate: insert into ft_participants (draft_order,fantasy_game_seq,player_id,preferred_team,team_name,seq) values (?,?,?,?,?,default)
    Hibernate: insert into ft_participants (draft_order,fantasy_game_seq,player_id,preferred_team,team_name,seq) values (?,?,?,?,?,default)
    Hibernate: insert into ft_participants (draft_order,fantasy_game_seq,player_id,preferred_team,team_name,seq) values (?,?,?,?,?,default)
    Hibernate: insert into ft_participants (draft_order,fantasy_game_seq,player_id,preferred_team,team_name,seq) values (?,?,?,?,?,default)
    Hibernate: insert into ft_participants (draft_order,fantasy_game_seq,player_id,preferred_team,team_name,seq) values (?,?,?,?,?,default)
    Hibernate: insert into ft_participants (draft_order,fantasy_game_seq,player_id,preferred_team,team_name,seq) values (?,?,?,?,?,default)
    Hibernate: insert into ft_participants (draft_order,fantasy_game_seq,player_id,preferred_team,team_name,seq) values (?,?,?,?,?,default)
    Hibernate: insert into ft_participants (draft_order,fantasy_game_seq,player_id,preferred_team,team_name,seq) values (?,?,?,?,?,default)
    Hibernate: insert into ft_participants (draft_order,fantasy_game_seq,player_id,preferred_team,team_name,seq) values (?,?,?,?,?,default)
    Hibernate: insert into ft_participants (draft_order,fantasy_game_seq,player_id,preferred_team,team_name,seq) values (?,?,?,?,?,default)
    Hibernate: insert into ft_participants (draft_order,fantasy_game_seq,player_id,preferred_team,team_name,seq) values (?,?,?,?,?,default)
    Hibernate: insert into ft_participants (draft_order,fantasy_game_seq,player_id,preferred_team,team_name,seq) values (?,?,?,?,?,default)
    Hibernate: insert into ft_participants (draft_order,fantasy_game_seq,player_id,preferred_team,team_name,seq) values (?,?,?,?,?,default)
    Hibernate: insert into ft_participants (draft_order,fantasy_game_seq,player_id,preferred_team,team_name,seq) values (?,?,?,?,?,default)
    Hibernate: insert into ft_participants (draft_order,fantasy_game_seq,player_id,preferred_team,team_name,seq) values (?,?,?,?,?,default)
    Hibernate: insert into ft_participants (draft_order,fantasy_game_seq,player_id,preferred_team,team_name,seq) values (?,?,?,?,?,default)
    Hibernate: insert into ft_participants (draft_order,fantasy_game_seq,player_id,preferred_team,team_name,seq) values (?,?,?,?,?,default)
    Hibernate: insert into ft_participants (draft_order,fantasy_game_seq,player_id,preferred_team,team_name,seq) values (?,?,?,?,?,default)
    Hibernate: insert into ft_participants (draft_order,fantasy_game_seq,player_id,preferred_team,team_name,seq) values (?,?,?,?,?,default)
    Hibernate: insert into ft_participants (draft_order,fantasy_game_seq,player_id,preferred_team,team_name,seq) values (?,?,?,?,?,default)
    Hibernate: insert into ft_participants (draft_order,fantasy_game_seq,player_id,preferred_team,team_name,seq) values (?,?,?,?,?,default)
    Hibernate: insert into ft_participants (draft_order,fantasy_game_seq,player_id,preferred_team,team_name,seq) values (?,?,?,?,?,default)
    Hibernate: insert into ft_participants (draft_order,fantasy_game_seq,player_id,preferred_team,team_name,seq) values (?,?,?,?,?,default)
    Hibernate: insert into ft_participants (draft_order,fantasy_game_seq,player_id,preferred_team,team_name,seq) values (?,?,?,?,?,default)
    Hibernate: insert into ft_participants (draft_order,fantasy_game_seq,player_id,preferred_team,team_name,seq) values (?,?,?,?,?,default)
    Hibernate: insert into ft_participants (draft_order,fantasy_game_seq,player_id,preferred_team,team_name,seq) values (?,?,?,?,?,default)
    Hibernate: insert into ft_participants (draft_order,fantasy_game_seq,player_id,preferred_team,team_name,seq) values (?,?,?,?,?,default)
    Hibernate: insert into ft_participants (draft_order,fantasy_game_seq,player_id,preferred_team,team_name,seq) values (?,?,?,?,?,default)
    Hibernate: insert into ft_participants (draft_order,fantasy_game_seq,player_id,preferred_team,team_name,seq) values (?,?,?,?,?,default)
    Hibernate: insert into ft_participants (draft_order,fantasy_game_seq,player_id,preferred_team,team_name,seq) values (?,?,?,?,?,default)
    Hibernate: insert into ft_participants (draft_order,fantasy_game_seq,player_id,preferred_team,team_name,seq) values (?,?,?,?,?,default)
    Hibernate: insert into ft_participants (draft_order,fantasy_game_seq,player_id,preferred_team,team_name,seq) values (?,?,?,?,?,default)
    Hibernate: insert into ft_participants (draft_order,fantasy_game_seq,player_id,preferred_team,team_name,seq) values (?,?,?,?,?,default)
    Hibernate: insert into ft_participants (draft_order,fantasy_game_seq,player_id,preferred_team,team_name,seq) values (?,?,?,?,?,default)
    Hibernate: insert into ft_participants (draft_order,fantasy_game_seq,player_id,preferred_team,team_name,seq) values (?,?,?,?,?,default)
    Hibernate: insert into ft_participants (draft_order,fantasy_game_seq,player_id,preferred_team,team_name,seq) values (?,?,?,?,?,default)
    Hibernate: insert into ft_participants (draft_order,fantasy_game_seq,player_id,preferred_team,team_name,seq) values (?,?,?,?,?,default)
    Hibernate: insert into ft_participants (draft_order,fantasy_game_seq,player_id,preferred_team,team_name,seq) values (?,?,?,?,?,default)
    Hibernate: insert into ft_participants (draft_order,fantasy_game_seq,player_id,preferred_team,team_name,seq) values (?,?,?,?,?,default)
    Hibernate: insert into ft_participants (draft_order,fantasy_game_seq,player_id,preferred_team,team_name,seq) values (?,?,?,?,?,default)
    Hibernate: insert into ft_participants (draft_order,fantasy_game_seq,player_id,preferred_team,team_name,seq) values (?,?,?,?,?,default)
    Hibernate: insert into ft_participants (draft_order,fantasy_game_seq,player_id,preferred_team,team_name,seq) values (?,?,?,?,?,default)
    Hibernate: insert into ft_participants (draft_order,fantasy_game_seq,player_id,preferred_team,team_name,seq) values (?,?,?,?,?,default)
    Hibernate: insert into ft_participants (draft_order,fantasy_game_seq,player_id,preferred_team,team_name,seq) values (?,?,?,?,?,default)
    Hibernate: insert into ft_participants (draft_order,fantasy_game_seq,player_id,preferred_team,team_name,seq) values (?,?,?,?,?,default)
    Hibernate: insert into ft_participants (draft_order,fantasy_game_seq,player_id,preferred_team,team_name,seq) values (?,?,?,?,?,default)
    Hibernate: insert into ft_participants (draft_order,fantasy_game_seq,player_id,preferred_team,team_name,seq) values (?,?,?,?,?,default)
    Hibernate: insert into ft_participants (draft_order,fantasy_game_seq,player_id,preferred_team,team_name,seq) values (?,?,?,?,?,default)
    Hibernate: insert into ft_participants (draft_order,fantasy_game_seq,player_id,preferred_team,team_name,seq) values (?,?,?,?,?,default)
    Hibernate: insert into ft_participants (draft_order,fantasy_game_seq,player_id,preferred_team,team_name,seq) values (?,?,?,?,?,default)
    Hibernate: insert into ft_participants (draft_order,fantasy_game_seq,player_id,preferred_team,team_name,seq) values (?,?,?,?,?,default)
    Hibernate: insert into ft_participants (draft_order,fantasy_game_seq,player_id,preferred_team,team_name,seq) values (?,?,?,?,?,default)
    Hibernate: insert into ft_participants (draft_order,fantasy_game_seq,player_id,preferred_team,team_name,seq) values (?,?,?,?,?,default)
    Hibernate: insert into ft_participants (draft_order,fantasy_game_seq,player_id,preferred_team,team_name,seq) values (?,?,?,?,?,default)
    Hibernate: insert into ft_participants (draft_order,fantasy_game_seq,player_id,preferred_team,team_name,seq) values (?,?,?,?,?,default)
    Hibernate: insert into ft_participants (draft_order,fantasy_game_seq,player_id,preferred_team,team_name,seq) values (?,?,?,?,?,default)
    Hibernate: insert into ft_participants (draft_order,fantasy_game_seq,player_id,preferred_team,team_name,seq) values (?,?,?,?,?,default)
    Hibernate: insert into ft_participants (draft_order,fantasy_game_seq,player_id,preferred_team,team_name,seq) values (?,?,?,?,?,default)
    Hibernate: insert into ft_participants (draft_order,fantasy_game_seq,player_id,preferred_team,team_name,seq) values (?,?,?,?,?,default)
    Hibernate: insert into ft_participants (draft_order,fantasy_game_seq,player_id,preferred_team,team_name,seq) values (?,?,?,?,?,default)
    Hibernate: insert into ft_participants (draft_order,fantasy_game_seq,player_id,preferred_team,team_name,seq) values (?,?,?,?,?,default)
    Hibernate: insert into ft_participants (draft_order,fantasy_game_seq,player_id,preferred_team,team_name,seq) values (?,?,?,?,?,default)
    Hibernate: insert into ft_participants (draft_order,fantasy_game_seq,player_id,preferred_team,team_name,seq) values (?,?,?,?,?,default)
    Hibernate: insert into ft_participants (draft_order,fantasy_game_seq,player_id,preferred_team,team_name,seq) values (?,?,?,?,?,default)
    Hibernate: insert into ft_participants (draft_order,fantasy_game_seq,player_id,preferred_team,team_name,seq) values (?,?,?,?,?,default)
    Hibernate: insert into ft_participants (draft_order,fantasy_game_seq,player_id,preferred_team,team_name,seq) values (?,?,?,?,?,default)
    Hibernate: insert into ft_participants (draft_order,fantasy_game_seq,player_id,preferred_team,team_name,seq) values (?,?,?,?,?,default)
    Hibernate: insert into ft_participants (draft_order,fantasy_game_seq,player_id,preferred_team,team_name,seq) values (?,?,?,?,?,default)
    Hibernate: insert into ft_participants (draft_order,fantasy_game_seq,player_id,preferred_team,team_name,seq) values (?,?,?,?,?,default)
    Hibernate: insert into ft_participants (draft_order,fantasy_game_seq,player_id,preferred_team,team_name,seq) values (?,?,?,?,?,default)
    Hibernate: insert into ft_participants (draft_order,fantasy_game_seq,player_id,preferred_team,team_name,seq) values (?,?,?,?,?,default)
    Hibernate: insert into ft_participants (draft_order,fantasy_game_seq,player_id,preferred_team,team_name,seq) values (?,?,?,?,?,default)
    Hibernate: insert into ft_participants (draft_order,fantasy_game_seq,player_id,preferred_team,team_name,seq) values (?,?,?,?,?,default)
    Hibernate: insert into ft_participants (draft_order,fantasy_game_seq,player_id,preferred_team,team_name,seq) values (?,?,?,?,?,default)
    Hibernate: insert into ft_participants (draft_order,fantasy_game_seq,player_id,preferred_team,team_name,seq) values (?,?,?,?,?,default)
    Hibernate: insert into ft_participants (draft_order,fantasy_game_seq,player_id,preferred_team,team_name,seq) values (?,?,?,?,?,default)
    Hibernate: insert into ft_participants (draft_order,fantasy_game_seq,player_id,preferred_team,team_name,seq) values (?,?,?,?,?,default)
    Hibernate: insert into ft_participants (draft_order,fantasy_game_seq,player_id,preferred_team,team_name,seq) values (?,?,?,?,?,default)
    Hibernate: insert into ft_participants (draft_order,fantasy_game_seq,player_id,preferred_team,team_name,seq) values (?,?,?,?,?,default)
    Hibernate: insert into ft_participants (draft_order,fantasy_game_seq,player_id,preferred_team,team_name,seq) values (?,?,?,?,?,default)
    Hibernate: insert into ft_participants (draft_order,fantasy_game_seq,player_id,preferred_team,team_name,seq) values (?,?,?,?,?,default)
    Hibernate: insert into ft_participants (draft_order,fantasy_game_seq,player_id,preferred_team,team_name,seq) values (?,?,?,?,?,default)
    Hibernate: insert into ft_participants (draft_order,fantasy_game_seq,player_id,preferred_team,team_name,seq) values (?,?,?,?,?,default)
    Hibernate: insert into ft_participants (draft_order,fantasy_game_seq,player_id,preferred_team,team_name,seq) values (?,?,?,?,?,default)
    Hibernate: insert into ft_participants (draft_order,fantasy_game_seq,player_id,preferred_team,team_name,seq) values (?,?,?,?,?,default)
    Hibernate: insert into ft_participants (draft_order,fantasy_game_seq,player_id,preferred_team,team_name,seq) values (?,?,?,?,?,default)
    Hibernate: insert into ft_participants (draft_order,fantasy_game_seq,player_id,preferred_team,team_name,seq) values (?,?,?,?,?,default)
    Hibernate: insert into ft_participants (draft_order,fantasy_game_seq,player_id,preferred_team,team_name,seq) values (?,?,?,?,?,default)
    Hibernate: insert into ft_participants (draft_order,fantasy_game_seq,player_id,preferred_team,team_name,seq) values (?,?,?,?,?,default)
    Hibernate: insert into ft_participants (draft_order,fantasy_game_seq,player_id,preferred_team,team_name,seq) values (?,?,?,?,?,default)
    Hibernate: insert into ft_participants (draft_order,fantasy_game_seq,player_id,preferred_team,team_name,seq) values (?,?,?,?,?,default)
    Hibernate: insert into ft_participants (draft_order,fantasy_game_seq,player_id,preferred_team,team_name,seq) values (?,?,?,?,?,default)
    Hibernate: insert into ft_participants (draft_order,fantasy_game_seq,player_id,preferred_team,team_name,seq) values (?,?,?,?,?,default)
    Hibernate: insert into ft_participants (draft_order,fantasy_game_seq,player_id,preferred_team,team_name,seq) values (?,?,?,?,?,default)
    Hibernate: insert into ft_participants (draft_order,fantasy_game_seq,player_id,preferred_team,team_name,seq) values (?,?,?,?,?,default)
    Hibernate: insert into ft_participants (draft_order,fantasy_game_seq,player_id,preferred_team,team_name,seq) values (?,?,?,?,?,default)
    Hibernate: insert into ft_participants (draft_order,fantasy_game_seq,player_id,preferred_team,team_name,seq) values (?,?,?,?,?,default)
    Hibernate: insert into ft_participants (draft_order,fantasy_game_seq,player_id,preferred_team,team_name,seq) values (?,?,?,?,?,default)
    Hibernate: insert into ft_participants (draft_order,fantasy_game_seq,player_id,preferred_team,team_name,seq) values (?,?,?,?,?,default)
    Hibernate: insert into ft_participants (draft_order,fantasy_game_seq,player_id,preferred_team,team_name,seq) values (?,?,?,?,?,default)
    Hibernate: insert into ft_participants (draft_order,fantasy_game_seq,player_id,preferred_team,team_name,seq) values (?,?,?,?,?,default)
    Hibernate: insert into ft_participants (draft_order,fantasy_game_seq,player_id,preferred_team,team_name,seq) values (?,?,?,?,?,default)
    Hibernate: insert into ft_participants (draft_order,fantasy_game_seq,player_id,preferred_team,team_name,seq) values (?,?,?,?,?,default)
    Hibernate: insert into ft_participants (draft_order,fantasy_game_seq,player_id,preferred_team,team_name,seq) values (?,?,?,?,?,default)
    Hibernate: insert into ft_participants (draft_order,fantasy_game_seq,player_id,preferred_team,team_name,seq) values (?,?,?,?,?,default)
    Hibernate: insert into ft_participants (draft_order,fantasy_game_seq,player_id,preferred_team,team_name,seq) values (?,?,?,?,?,default)
    Hibernate: insert into ft_participants (draft_order,fantasy_game_seq,player_id,preferred_team,team_name,seq) values (?,?,?,?,?,default)
    Hibernate: insert into ft_participants (draft_order,fantasy_game_seq,player_id,preferred_team,team_name,seq) values (?,?,?,?,?,default)
    Hibernate: insert into ft_participants (draft_order,fantasy_game_seq,player_id,preferred_team,team_name,seq) values (?,?,?,?,?,default)
    Hibernate: insert into ft_participants (draft_order,fantasy_game_seq,player_id,preferred_team,team_name,seq) values (?,?,?,?,?,default)
    Hibernate: insert into ft_participants (draft_order,fantasy_game_seq,player_id,preferred_team,team_name,seq) values (?,?,?,?,?,default)
    Hibernate: insert into ft_participants (draft_order,fantasy_game_seq,player_id,preferred_team,team_name,seq) values (?,?,?,?,?,default)
    Hibernate: insert into ft_participants (draft_order,fantasy_game_seq,player_id,preferred_team,team_name,seq) values (?,?,?,?,?,default)
    Hibernate: insert into ft_participants (draft_order,fantasy_game_seq,player_id,preferred_team,team_name,seq) values (?,?,?,?,?,default)
    Hibernate: insert into ft_participants (draft_order,fantasy_game_seq,player_id,preferred_team,team_name,seq) values (?,?,?,?,?,default)
    Hibernate: insert into ft_participants (draft_order,fantasy_game_seq,player_id,preferred_team,team_name,seq) values (?,?,?,?,?,default)
    Hibernate: insert into ft_participants (draft_order,fantasy_game_seq,player_id,preferred_team,team_name,seq) values (?,?,?,?,?,default)
    Hibernate: insert into ft_participants (draft_order,fantasy_game_seq,player_id,preferred_team,team_name,seq) values (?,?,?,?,?,default)
    Hibernate: insert into ft_participants (draft_order,fantasy_game_seq,player_id,preferred_team,team_name,seq) values (?,?,?,?,?,default)
    Hibernate: insert into ft_participants (draft_order,fantasy_game_seq,player_id,preferred_team,team_name,seq) values (?,?,?,?,?,default)
    Hibernate: insert into ft_participants (draft_order,fantasy_game_seq,player_id,preferred_team,team_name,seq) values (?,?,?,?,?,default)
    Hibernate: insert into ft_participants (draft_order,fantasy_game_seq,player_id,preferred_team,team_name,seq) values (?,?,?,?,?,default)
    Hibernate: insert into ft_participants (draft_order,fantasy_game_seq,player_id,preferred_team,team_name,seq) values (?,?,?,?,?,default)
    Hibernate: insert into ft_participants (draft_order,fantasy_game_seq,player_id,preferred_team,team_name,seq) values (?,?,?,?,?,default)
    Hibernate: insert into ft_participants (draft_order,fantasy_game_seq,player_id,preferred_team,team_name,seq) values (?,?,?,?,?,default)
    Hibernate: insert into ft_participants (draft_order,fantasy_game_seq,player_id,preferred_team,team_name,seq) values (?,?,?,?,?,default)
    Hibernate: insert into ft_participants (draft_order,fantasy_game_seq,player_id,preferred_team,team_name,seq) values (?,?,?,?,?,default)
    Hibernate: insert into ft_participants (draft_order,fantasy_game_seq,player_id,preferred_team,team_name,seq) values (?,?,?,?,?,default)
    Hibernate: insert into ft_participants (draft_order,fantasy_game_seq,player_id,preferred_team,team_name,seq) values (?,?,?,?,?,default)
    Hibernate: insert into ft_participants (draft_order,fantasy_game_seq,player_id,preferred_team,team_name,seq) values (?,?,?,?,?,default)
    Hibernate: insert into ft_participants (draft_order,fantasy_game_seq,player_id,preferred_team,team_name,seq) values (?,?,?,?,?,default)
    Hibernate: insert into ft_participants (draft_order,fantasy_game_seq,player_id,preferred_team,team_name,seq) values (?,?,?,?,?,default)
    Hibernate: insert into ft_participants (draft_order,fantasy_game_seq,player_id,preferred_team,team_name,seq) values (?,?,?,?,?,default)
    Hibernate: insert into ft_participants (draft_order,fantasy_game_seq,player_id,preferred_team,team_name,seq) values (?,?,?,?,?,default)
    Hibernate: insert into ft_participants (draft_order,fantasy_game_seq,player_id,preferred_team,team_name,seq) values (?,?,?,?,?,default)
    Hibernate: insert into ft_participants (draft_order,fantasy_game_seq,player_id,preferred_team,team_name,seq) values (?,?,?,?,?,default)
    Hibernate: insert into ft_participants (draft_order,fantasy_game_seq,player_id,preferred_team,team_name,seq) values (?,?,?,?,?,default)
    Hibernate: insert into ft_participants (draft_order,fantasy_game_seq,player_id,preferred_team,team_name,seq) values (?,?,?,?,?,default)
    Hibernate: insert into ft_participants (draft_order,fantasy_game_seq,player_id,preferred_team,team_name,seq) values (?,?,?,?,?,default)
    Hibernate: insert into ft_participants (draft_order,fantasy_game_seq,player_id,preferred_team,team_name,seq) values (?,?,?,?,?,default)
    Hibernate: insert into ft_participants (draft_order,fantasy_game_seq,player_id,preferred_team,team_name,seq) values (?,?,?,?,?,default)
    Hibernate: insert into ft_participants (draft_order,fantasy_game_seq,player_id,preferred_team,team_name,seq) values (?,?,?,?,?,default)
    Hibernate: insert into ft_participants (draft_order,fantasy_game_seq,player_id,preferred_team,team_name,seq) values (?,?,?,?,?,default)
    Hibernate: insert into ft_participants (draft_order,fantasy_game_seq,player_id,preferred_team,team_name,seq) values (?,?,?,?,?,default)
    Hibernate: insert into ft_participants (draft_order,fantasy_game_seq,player_id,preferred_team,team_name,seq) values (?,?,?,?,?,default)
    Hibernate: insert into ft_participants (draft_order,fantasy_game_seq,player_id,preferred_team,team_name,seq) values (?,?,?,?,?,default)
    Hibernate: insert into ft_participants (draft_order,fantasy_game_seq,player_id,preferred_team,team_name,seq) values (?,?,?,?,?,default)
    Hibernate: insert into ft_participants (draft_order,fantasy_game_seq,player_id,preferred_team,team_name,seq) values (?,?,?,?,?,default)
    Hibernate: insert into ft_participants (draft_order,fantasy_game_seq,player_id,preferred_team,team_name,seq) values (?,?,?,?,?,default)
    Hibernate: insert into ft_participants (draft_order,fantasy_game_seq,player_id,preferred_team,team_name,seq) values (?,?,?,?,?,default)
    Hibernate: insert into ft_participants (draft_order,fantasy_game_seq,player_id,preferred_team,team_name,seq) values (?,?,?,?,?,default)
    Hibernate: insert into ft_participants (draft_order,fantasy_game_seq,player_id,preferred_team,team_name,seq) values (?,?,?,?,?,default)
    Hibernate: insert into ft_participants (draft_order,fantasy_game_seq,player_id,preferred_team,team_name,seq) values (?,?,?,?,?,default)
    Hibernate: insert into ft_participants (draft_order,fantasy_game_seq,player_id,preferred_team,team_name,seq) values (?,?,?,?,?,default)
    Hibernate: insert into ft_participants (draft_order,fantasy_game_seq,player_id,preferred_team,team_name,seq) values (?,?,?,?,?,default)
    Hibernate: insert into ft_participants (draft_order,fantasy_game_seq,player_id,preferred_team,team_name,seq) values (?,?,?,?,?,default)
    Hibernate: insert into ft_participants (draft_order,fantasy_game_seq,player_id,preferred_team,team_name,seq) values (?,?,?,?,?,default)
    Hibernate: insert into ft_participants (draft_order,fantasy_game_seq,player_id,preferred_team,team_name,seq) values (?,?,?,?,?,default)
    Hibernate: insert into ft_participants (draft_order,fantasy_game_seq,player_id,preferred_team,team_name,seq) values (?,?,?,?,?,default)
    Hibernate: insert into ft_participants (draft_order,fantasy_game_seq,player_id,preferred_team,team_name,seq) values (?,?,?,?,?,default)
    Hibernate: insert into ft_participants (draft_order,fantasy_game_seq,player_id,preferred_team,team_name,seq) values (?,?,?,?,?,default)
    Hibernate: insert into ft_participants (draft_order,fantasy_game_seq,player_id,preferred_team,team_name,seq) values (?,?,?,?,?,default)
    Hibernate: insert into ft_participants (draft_order,fantasy_game_seq,player_id,preferred_team,team_name,seq) values (?,?,?,?,?,default)
    Hibernate: insert into ft_participants (draft_order,fantasy_game_seq,player_id,preferred_team,team_name,seq) values (?,?,?,?,?,default)
    Hibernate: insert into ft_participants (draft_order,fantasy_game_seq,player_id,preferred_team,team_name,seq) values (?,?,?,?,?,default)
    Hibernate: insert into ft_participants (draft_order,fantasy_game_seq,player_id,preferred_team,team_name,seq) values (?,?,?,?,?,default)
    Hibernate: insert into ft_participants (draft_order,fantasy_game_seq,player_id,preferred_team,team_name,seq) values (?,?,?,?,?,default)
    Hibernate: insert into ft_participants (draft_order,fantasy_game_seq,player_id,preferred_team,team_name,seq) values (?,?,?,?,?,default)
    Hibernate: insert into ft_participants (draft_order,fantasy_game_seq,player_id,preferred_team,team_name,seq) values (?,?,?,?,?,default)
    Hibernate: insert into ft_participants (draft_order,fantasy_game_seq,player_id,preferred_team,team_name,seq) values (?,?,?,?,?,default)
    Hibernate: insert into ft_participants (draft_order,fantasy_game_seq,player_id,preferred_team,team_name,seq) values (?,?,?,?,?,default)
    Hibernate: insert into ft_participants (draft_order,fantasy_game_seq,player_id,preferred_team,team_name,seq) values (?,?,?,?,?,default)
    Hibernate: insert into ft_participants (draft_order,fantasy_game_seq,player_id,preferred_team,team_name,seq) values (?,?,?,?,?,default)
    Hibernate: insert into ft_participants (draft_order,fantasy_game_seq,player_id,preferred_team,team_name,seq) values (?,?,?,?,?,default)
    Hibernate: insert into ft_participants (draft_order,fantasy_game_seq,player_id,preferred_team,team_name,seq) values (?,?,?,?,?,default)
    Hibernate: insert into ft_participants (draft_order,fantasy_game_seq,player_id,preferred_team,team_name,seq) values (?,?,?,?,?,default)
    Hibernate: insert into ft_participants (draft_order,fantasy_game_seq,player_id,preferred_team,team_name,seq) values (?,?,?,?,?,default)
    Hibernate: insert into ft_participants (draft_order,fantasy_game_seq,player_id,preferred_team,team_name,seq) values (?,?,?,?,?,default)
    Hibernate: insert into ft_participants (draft_order,fantasy_game_seq,player_id,preferred_team,team_name,seq) values (?,?,?,?,?,default)
    Hibernate: insert into ft_participants (draft_order,fantasy_game_seq,player_id,preferred_team,team_name,seq) values (?,?,?,?,?,default)
    Hibernate: insert into ft_participants (draft_order,fantasy_game_seq,player_id,preferred_team,team_name,seq) values (?,?,?,?,?,default)
    Hibernate: insert into ft_participants (draft_order,fantasy_game_seq,player_id,preferred_team,team_name,seq) values (?,?,?,?,?,default)
    Hibernate: insert into ft_participants (draft_order,fantasy_game_seq,player_id,preferred_team,team_name,seq) values (?,?,?,?,?,default)
    Hibernate: insert into ft_participants (draft_order,fantasy_game_seq,player_id,preferred_team,team_name,seq) values (?,?,?,?,?,default)
    Hibernate: insert into ft_participants (draft_order,fantasy_game_seq,player_id,preferred_team,team_name,seq) values (?,?,?,?,?,default)
    Hibernate: insert into ft_participants (draft_order,fantasy_game_seq,player_id,preferred_team,team_name,seq) values (?,?,?,?,?,default)
    Hibernate: insert into ft_participants (draft_order,fantasy_game_seq,player_id,preferred_team,team_name,seq) values (?,?,?,?,?,default)
    Hibernate: insert into ft_participants (draft_order,fantasy_game_seq,player_id,preferred_team,team_name,seq) values (?,?,?,?,?,default)
    Hibernate: insert into ft_participants (draft_order,fantasy_game_seq,player_id,preferred_team,team_name,seq) values (?,?,?,?,?,default)
    Hibernate: insert into ft_participants (draft_order,fantasy_game_seq,player_id,preferred_team,team_name,seq) values (?,?,?,?,?,default)
    Hibernate: insert into ft_participants (draft_order,fantasy_game_seq,player_id,preferred_team,team_name,seq) values (?,?,?,?,?,default)
    Hibernate: insert into ft_participants (draft_order,fantasy_game_seq,player_id,preferred_team,team_name,seq) values (?,?,?,?,?,default)
    Hibernate: insert into ft_participants (draft_order,fantasy_game_seq,player_id,preferred_team,team_name,seq) values (?,?,?,?,?,default)
    Hibernate: insert into ft_participants (draft_order,fantasy_game_seq,player_id,preferred_team,team_name,seq) values (?,?,?,?,?,default)
    Hibernate: insert into ft_participants (draft_order,fantasy_game_seq,player_id,preferred_team,team_name,seq) values (?,?,?,?,?,default)
    Hibernate: insert into ft_participants (draft_order,fantasy_game_seq,player_id,preferred_team,team_name,seq) values (?,?,?,?,?,default)
    Hibernate: insert into ft_participants (draft_order,fantasy_game_seq,player_id,preferred_team,team_name,seq) values (?,?,?,?,?,default)
    Hibernate: insert into ft_participants (draft_order,fantasy_game_seq,player_id,preferred_team,team_name,seq) values (?,?,?,?,?,default)
    Hibernate: insert into ft_participants (draft_order,fantasy_game_seq,player_id,preferred_team,team_name,seq) values (?,?,?,?,?,default)
    Hibernate: insert into ft_participants (draft_order,fantasy_game_seq,player_id,preferred_team,team_name,seq) values (?,?,?,?,?,default)
    Hibernate: insert into ft_participants (draft_order,fantasy_game_seq,player_id,preferred_team,team_name,seq) values (?,?,?,?,?,default)
    Hibernate: insert into ft_participants (draft_order,fantasy_game_seq,player_id,preferred_team,team_name,seq) values (?,?,?,?,?,default)
    Hibernate: insert into ft_participants (draft_order,fantasy_game_seq,player_id,preferred_team,team_name,seq) values (?,?,?,?,?,default)
    Hibernate: insert into ft_participants (draft_order,fantasy_game_seq,player_id,preferred_team,team_name,seq) values (?,?,?,?,?,default)
    Hibernate: insert into ft_participants (draft_order,fantasy_game_seq,player_id,preferred_team,team_name,seq) values (?,?,?,?,?,default)
    Hibernate: insert into ft_participants (draft_order,fantasy_game_seq,player_id,preferred_team,team_name,seq) values (?,?,?,?,?,default)
    Hibernate: insert into ft_participants (draft_order,fantasy_game_seq,player_id,preferred_team,team_name,seq) values (?,?,?,?,?,default)
    Hibernate: insert into ft_participants (draft_order,fantasy_game_seq,player_id,preferred_team,team_name,seq) values (?,?,?,?,?,default)
    Hibernate: insert into ft_participants (draft_order,fantasy_game_seq,player_id,preferred_team,team_name,seq) values (?,?,?,?,?,default)
    Hibernate: insert into ft_participants (draft_order,fantasy_game_seq,player_id,preferred_team,team_name,seq) values (?,?,?,?,?,default)
    Hibernate: insert into ft_participants (draft_order,fantasy_game_seq,player_id,preferred_team,team_name,seq) values (?,?,?,?,?,default)
    Hibernate: insert into ft_participants (draft_order,fantasy_game_seq,player_id,preferred_team,team_name,seq) values (?,?,?,?,?,default)
    Hibernate: insert into ft_participants (draft_order,fantasy_game_seq,player_id,preferred_team,team_name,seq) values (?,?,?,?,?,default)
    Hibernate: insert into ft_participants (draft_order,fantasy_game_seq,player_id,preferred_team,team_name,seq) values (?,?,?,?,?,default)
    Hibernate: insert into ft_participants (draft_order,fantasy_game_seq,player_id,preferred_team,team_name,seq) values (?,?,?,?,?,default)
    Hibernate: insert into ft_participants (draft_order,fantasy_game_seq,player_id,preferred_team,team_name,seq) values (?,?,?,?,?,default)
    Hibernate: insert into ft_participants (draft_order,fantasy_game_seq,player_id,preferred_team,team_name,seq) values (?,?,?,?,?,default)
    Hibernate: insert into ft_participants (draft_order,fantasy_game_seq,player_id,preferred_team,team_name,seq) values (?,?,?,?,?,default)
    Hibernate: insert into ft_participants (draft_order,fantasy_game_seq,player_id,preferred_team,team_name,seq) values (?,?,?,?,?,default)
    Hibernate: insert into ft_participants (draft_order,fantasy_game_seq,player_id,preferred_team,team_name,seq) values (?,?,?,?,?,default)
    Hibernate: insert into ft_participants (draft_order,fantasy_game_seq,player_id,preferred_team,team_name,seq) values (?,?,?,?,?,default)
    Hibernate: insert into ft_participants (draft_order,fantasy_game_seq,player_id,preferred_team,team_name,seq) values (?,?,?,?,?,default)
    Hibernate: insert into ft_participants (draft_order,fantasy_game_seq,player_id,preferred_team,team_name,seq) values (?,?,?,?,?,default)
    Hibernate: insert into ft_participants (draft_order,fantasy_game_seq,player_id,preferred_team,team_name,seq) values (?,?,?,?,?,default)
    Hibernate: insert into ft_participants (draft_order,fantasy_game_seq,player_id,preferred_team,team_name,seq) values (?,?,?,?,?,default)
    Hibernate: insert into ft_participants (draft_order,fantasy_game_seq,player_id,preferred_team,team_name,seq) values (?,?,?,?,?,default)
    Hibernate: insert into ft_participants (draft_order,fantasy_game_seq,player_id,preferred_team,team_name,seq) values (?,?,?,?,?,default)
    Hibernate: insert into ft_participants (draft_order,fantasy_game_seq,player_id,preferred_team,team_name,seq) values (?,?,?,?,?,default)
    Hibernate: insert into ft_participants (draft_order,fantasy_game_seq,player_id,preferred_team,team_name,seq) values (?,?,?,?,?,default)
    Hibernate: insert into ft_participants (draft_order,fantasy_game_seq,player_id,preferred_team,team_name,seq) values (?,?,?,?,?,default)
    Hibernate: insert into ft_participants (draft_order,fantasy_game_seq,player_id,preferred_team,team_name,seq) values (?,?,?,?,?,default)
    Hibernate: insert into ft_participants (draft_order,fantasy_game_seq,player_id,preferred_team,team_name,seq) values (?,?,?,?,?,default)
    Hibernate: insert into ft_participants (draft_order,fantasy_game_seq,player_id,preferred_team,team_name,seq) values (?,?,?,?,?,default)
    Hibernate: insert into ft_participants (draft_order,fantasy_game_seq,player_id,preferred_team,team_name,seq) values (?,?,?,?,?,default)
    Hibernate: insert into ft_participants (draft_order,fantasy_game_seq,player_id,preferred_team,team_name,seq) values (?,?,?,?,?,default)
    Hibernate: insert into ft_participants (draft_order,fantasy_game_seq,player_id,preferred_team,team_name,seq) values (?,?,?,?,?,default)
    Hibernate: insert into ft_participants (draft_order,fantasy_game_seq,player_id,preferred_team,team_name,seq) values (?,?,?,?,?,default)
    Hibernate: insert into ft_participants (draft_order,fantasy_game_seq,player_id,preferred_team,team_name,seq) values (?,?,?,?,?,default)
    Hibernate: insert into ft_participants (draft_order,fantasy_game_seq,player_id,preferred_team,team_name,seq) values (?,?,?,?,?,default)
    Hibernate: insert into ft_participants (draft_order,fantasy_game_seq,player_id,preferred_team,team_name,seq) values (?,?,?,?,?,default)
    Hibernate: insert into ft_participants (draft_order,fantasy_game_seq,player_id,preferred_team,team_name,seq) values (?,?,?,?,?,default)
    Hibernate: insert into ft_participants (draft_order,fantasy_game_seq,player_id,preferred_team,team_name,seq) values (?,?,?,?,?,default)
    Hibernate: insert into ft_participants (draft_order,fantasy_game_seq,player_id,preferred_team,team_name,seq) values (?,?,?,?,?,default)
    Hibernate: insert into ft_participants (draft_order,fantasy_game_seq,player_id,preferred_team,team_name,seq) values (?,?,?,?,?,default)
    Hibernate: insert into ft_participants (draft_order,fantasy_game_seq,player_id,preferred_team,team_name,seq) values (?,?,?,?,?,default)
    Hibernate: insert into ft_participants (draft_order,fantasy_game_seq,player_id,preferred_team,team_name,seq) values (?,?,?,?,?,default)
    Hibernate: insert into ft_participants (draft_order,fantasy_game_seq,player_id,preferred_team,team_name,seq) values (?,?,?,?,?,default)
    Hibernate: insert into ft_participants (draft_order,fantasy_game_seq,player_id,preferred_team,team_name,seq) values (?,?,?,?,?,default)
    Hibernate: insert into ft_participants (draft_order,fantasy_game_seq,player_id,preferred_team,team_name,seq) values (?,?,?,?,?,default)
    Hibernate: insert into ft_participants (draft_order,fantasy_game_seq,player_id,preferred_team,team_name,seq) values (?,?,?,?,?,default)
    Hibernate: insert into ft_participants (draft_order,fantasy_game_seq,player_id,preferred_team,team_name,seq) values (?,?,?,?,?,default)
    Hibernate: insert into ft_participants (draft_order,fantasy_game_seq,player_id,preferred_team,team_name,seq) values (?,?,?,?,?,default)
    Hibernate: insert into ft_participants (draft_order,fantasy_game_seq,player_id,preferred_team,team_name,seq) values (?,?,?,?,?,default)
    Hibernate: insert into ft_participants (draft_order,fantasy_game_seq,player_id,preferred_team,team_name,seq) values (?,?,?,?,?,default)
    Hibernate: insert into ft_participants (draft_order,fantasy_game_seq,player_id,preferred_team,team_name,seq) values (?,?,?,?,?,default)
    Hibernate: insert into ft_participants (draft_order,fantasy_game_seq,player_id,preferred_team,team_name,seq) values (?,?,?,?,?,default)
    Hibernate: insert into ft_participants (draft_order,fantasy_game_seq,player_id,preferred_team,team_name,seq) values (?,?,?,?,?,default)
    Hibernate: insert into ft_participants (draft_order,fantasy_game_seq,player_id,preferred_team,team_name,seq) values (?,?,?,?,?,default)
    Hibernate: insert into ft_participants (draft_order,fantasy_game_seq,player_id,preferred_team,team_name,seq) values (?,?,?,?,?,default)
    Hibernate: insert into ft_participants (draft_order,fantasy_game_seq,player_id,preferred_team,team_name,seq) values (?,?,?,?,?,default)
    Hibernate: insert into ft_participants (draft_order,fantasy_game_seq,player_id,preferred_team,team_name,seq) values (?,?,?,?,?,default)
    Hibernate: insert into ft_participants (draft_order,fantasy_game_seq,player_id,preferred_team,team_name,seq) values (?,?,?,?,?,default)
    Hibernate: insert into ft_participants (draft_order,fantasy_game_seq,player_id,preferred_team,team_name,seq) values (?,?,?,?,?,default)
    Hibernate: insert into ft_participants (draft_order,fantasy_game_seq,player_id,preferred_team,team_name,seq) values (?,?,?,?,?,default)
    Hibernate: insert into ft_participants (draft_order,fantasy_game_seq,player_id,preferred_team,team_name,seq) values (?,?,?,?,?,default)
    Hibernate: insert into ft_participants (draft_order,fantasy_game_seq,player_id,preferred_team,team_name,seq) values (?,?,?,?,?,default)
    Hibernate: insert into ft_participants (draft_order,fantasy_game_seq,player_id,preferred_team,team_name,seq) values (?,?,?,?,?,default)
    Hibernate: insert into ft_participants (draft_order,fantasy_game_seq,player_id,preferred_team,team_name,seq) values (?,?,?,?,?,default)
    Hibernate: insert into ft_participants (draft_order,fantasy_game_seq,player_id,preferred_team,team_name,seq) values (?,?,?,?,?,default)
    Hibernate: insert into ft_participants (draft_order,fantasy_game_seq,player_id,preferred_team,team_name,seq) values (?,?,?,?,?,default)
    Hibernate: insert into ft_participants (draft_order,fantasy_game_seq,player_id,preferred_team,team_name,seq) values (?,?,?,?,?,default)
    Hibernate: insert into ft_participants (draft_order,fantasy_game_seq,player_id,preferred_team,team_name,seq) values (?,?,?,?,?,default)
    Hibernate: insert into ft_participants (draft_order,fantasy_game_seq,player_id,preferred_team,team_name,seq) values (?,?,?,?,?,default)
    Hibernate: insert into ft_participants (draft_order,fantasy_game_seq,player_id,preferred_team,team_name,seq) values (?,?,?,?,?,default)
    Hibernate: insert into ft_participants (draft_order,fantasy_game_seq,player_id,preferred_team,team_name,seq) values (?,?,?,?,?,default)
    Hibernate: insert into ft_participants (draft_order,fantasy_game_seq,player_id,preferred_team,team_name,seq) values (?,?,?,?,?,default)
    Hibernate: insert into ft_participants (draft_order,fantasy_game_seq,player_id,preferred_team,team_name,seq) values (?,?,?,?,?,default)
    Hibernate: insert into ft_participants (draft_order,fantasy_game_seq,player_id,preferred_team,team_name,seq) values (?,?,?,?,?,default)
    Hibernate: insert into ft_participants (draft_order,fantasy_game_seq,player_id,preferred_team,team_name,seq) values (?,?,?,?,?,default)
    Hibernate: insert into ft_participants (draft_order,fantasy_game_seq,player_id,preferred_team,team_name,seq) values (?,?,?,?,?,default)
    Hibernate: insert into ft_participants (draft_order,fantasy_game_seq,player_id,preferred_team,team_name,seq) values (?,?,?,?,?,default)
    Hibernate: insert into ft_participants (draft_order,fantasy_game_seq,player_id,preferred_team,team_name,seq) values (?,?,?,?,?,default)
    Hibernate: insert into ft_participants (draft_order,fantasy_game_seq,player_id,preferred_team,team_name,seq) values (?,?,?,?,?,default)
    Hibernate: insert into ft_participants (draft_order,fantasy_game_seq,player_id,preferred_team,team_name,seq) values (?,?,?,?,?,default)
    Hibernate: insert into ft_participants (draft_order,fantasy_game_seq,player_id,preferred_team,team_name,seq) values (?,?,?,?,?,default)
    Hibernate: insert into ft_participants (draft_order,fantasy_game_seq,player_id,preferred_team,team_name,seq) values (?,?,?,?,?,default)
    Hibernate: insert into ft_participants (draft_order,fantasy_game_seq,player_id,preferred_team,team_name,seq) values (?,?,?,?,?,default)
    Hibernate: insert into ft_participants (draft_order,fantasy_game_seq,player_id,preferred_team,team_name,seq) values (?,?,?,?,?,default)
    Hibernate: insert into ft_participants (draft_order,fantasy_game_seq,player_id,preferred_team,team_name,seq) values (?,?,?,?,?,default)
    Hibernate: insert into ft_participants (draft_order,fantasy_game_seq,player_id,preferred_team,team_name,seq) values (?,?,?,?,?,default)
    Hibernate: insert into ft_participants (draft_order,fantasy_game_seq,player_id,preferred_team,team_name,seq) values (?,?,?,?,?,default)
    Hibernate: insert into ft_participants (draft_order,fantasy_game_seq,player_id,preferred_team,team_name,seq) values (?,?,?,?,?,default)
    Hibernate: insert into ft_participants (draft_order,fantasy_game_seq,player_id,preferred_team,team_name,seq) values (?,?,?,?,?,default)
    Hibernate: insert into ft_participants (draft_order,fantasy_game_seq,player_id,preferred_team,team_name,seq) values (?,?,?,?,?,default)
    Hibernate: insert into ft_participants (draft_order,fantasy_game_seq,player_id,preferred_team,team_name,seq) values (?,?,?,?,?,default)
    Hibernate: insert into ft_participants (draft_order,fantasy_game_seq,player_id,preferred_team,team_name,seq) values (?,?,?,?,?,default)
    Hibernate: insert into ft_participants (draft_order,fantasy_game_seq,player_id,preferred_team,team_name,seq) values (?,?,?,?,?,default)
    Hibernate: insert into ft_participants (draft_order,fantasy_game_seq,player_id,preferred_team,team_name,seq) values (?,?,?,?,?,default)
    Hibernate: insert into ft_participants (draft_order,fantasy_game_seq,player_id,preferred_team,team_name,seq) values (?,?,?,?,?,default)
    Hibernate: insert into ft_participants (draft_order,fantasy_game_seq,player_id,preferred_team,team_name,seq) values (?,?,?,?,?,default)
    Hibernate: insert into ft_participants (draft_order,fantasy_game_seq,player_id,preferred_team,team_name,seq) values (?,?,?,?,?,default)
    Hibernate: insert into ft_participants (draft_order,fantasy_game_seq,player_id,preferred_team,team_name,seq) values (?,?,?,?,?,default)
    Hibernate: insert into ft_participants (draft_order,fantasy_game_seq,player_id,preferred_team,team_name,seq) values (?,?,?,?,?,default)
    Hibernate: insert into ft_participants (draft_order,fantasy_game_seq,player_id,preferred_team,team_name,seq) values (?,?,?,?,?,default)
    Hibernate: insert into ft_participants (draft_order,fantasy_game_seq,player_id,preferred_team,team_name,seq) values (?,?,?,?,?,default)
    Hibernate: insert into ft_participants (draft_order,fantasy_game_seq,player_id,preferred_team,team_name,seq) values (?,?,?,?,?,default)
    Hibernate: insert into ft_participants (draft_order,fantasy_game_seq,player_id,preferred_team,team_name,seq) values (?,?,?,?,?,default)
    Hibernate: insert into ft_participants (draft_order,fantasy_game_seq,player_id,preferred_team,team_name,seq) values (?,?,?,?,?,default)
    Hibernate: insert into ft_participants (draft_order,fantasy_game_seq,player_id,preferred_team,team_name,seq) values (?,?,?,?,?,default)
    Hibernate: insert into ft_participants (draft_order,fantasy_game_seq,player_id,preferred_team,team_name,seq) values (?,?,?,?,?,default)
    Hibernate: insert into ft_participants (draft_order,fantasy_game_seq,player_id,preferred_team,team_name,seq) values (?,?,?,?,?,default)
    Hibernate: insert into ft_participants (draft_order,fantasy_game_seq,player_id,preferred_team,team_name,seq) values (?,?,?,?,?,default)
    Hibernate: insert into ft_participants (draft_order,fantasy_game_seq,player_id,preferred_team,team_name,seq) values (?,?,?,?,?,default)
    Hibernate: insert into ft_participants (draft_order,fantasy_game_seq,player_id,preferred_team,team_name,seq) values (?,?,?,?,?,default)
    Hibernate: insert into ft_participants (draft_order,fantasy_game_seq,player_id,preferred_team,team_name,seq) values (?,?,?,?,?,default)
    Hibernate: insert into ft_participants (draft_order,fantasy_game_seq,player_id,preferred_team,team_name,seq) values (?,?,?,?,?,default)
    Hibernate: insert into ft_participants (draft_order,fantasy_game_seq,player_id,preferred_team,team_name,seq) values (?,?,?,?,?,default)
    Hibernate: insert into ft_participants (draft_order,fantasy_game_seq,player_id,preferred_team,team_name,seq) values (?,?,?,?,?,default)
    Hibernate: insert into ft_participants (draft_order,fantasy_game_seq,player_id,preferred_team,team_name,seq) values (?,?,?,?,?,default)
    Hibernate: insert into ft_participants (draft_order,fantasy_game_seq,player_id,preferred_team,team_name,seq) values (?,?,?,?,?,default)
    Hibernate: insert into ft_participants (draft_order,fantasy_game_seq,player_id,preferred_team,team_name,seq) values (?,?,?,?,?,default)
    Hibernate: insert into ft_participants (draft_order,fantasy_game_seq,player_id,preferred_team,team_name,seq) values (?,?,?,?,?,default)
    Hibernate: insert into ft_participants (draft_order,fantasy_game_seq,player_id,preferred_team,team_name,seq) values (?,?,?,?,?,default)
    Hibernate: insert into ft_participants (draft_order,fantasy_game_seq,player_id,preferred_team,team_name,seq) values (?,?,?,?,?,default)
    Hibernate: insert into ft_participants (draft_order,fantasy_game_seq,player_id,preferred_team,team_name,seq) values (?,?,?,?,?,default)
    Hibernate: insert into ft_participants (draft_order,fantasy_game_seq,player_id,preferred_team,team_name,seq) values (?,?,?,?,?,default)
    Hibernate: insert into ft_participants (draft_order,fantasy_game_seq,player_id,preferred_team,team_name,seq) values (?,?,?,?,?,default)
    Hibernate: insert into ft_participants (draft_order,fantasy_game_seq,player_id,preferred_team,team_name,seq) values (?,?,?,?,?,default)
    Hibernate: insert into ft_participants (draft_order,fantasy_game_seq,player_id,preferred_team,team_name,seq) values (?,?,?,?,?,default)
    Hibernate: insert into ft_participants (draft_order,fantasy_game_seq,player_id,preferred_team,team_name,seq) values (?,?,?,?,?,default)
    Hibernate: insert into ft_participants (draft_order,fantasy_game_seq,player_id,preferred_team,team_name,seq) values (?,?,?,?,?,default)
    Hibernate: insert into ft_participants (draft_order,fantasy_game_seq,player_id,preferred_team,team_name,seq) values (?,?,?,?,?,default)
    Hibernate: insert into ft_participants (draft_order,fantasy_game_seq,player_id,preferred_team,team_name,seq) values (?,?,?,?,?,default)
    Hibernate: insert into ft_participants (draft_order,fantasy_game_seq,player_id,preferred_team,team_name,seq) values (?,?,?,?,?,default)
    Hibernate: insert into ft_participants (draft_order,fantasy_game_seq,player_id,preferred_team,team_name,seq) values (?,?,?,?,?,default)
    Hibernate: insert into ft_participants (draft_order,fantasy_game_seq,player_id,preferred_team,team_name,seq) values (?,?,?,?,?,default)
    Hibernate: insert into ft_participants (draft_order,fantasy_game_seq,player_id,preferred_team,team_name,seq) values (?,?,?,?,?,default)
    Hibernate: insert into ft_participants (draft_order,fantasy_game_seq,player_id,preferred_team,team_name,seq) values (?,?,?,?,?,default)
    Hibernate: insert into ft_participants (draft_order,fantasy_game_seq,player_id,preferred_team,team_name,seq) values (?,?,?,?,?,default)
    Hibernate: insert into ft_participants (draft_order,fantasy_game_seq,player_id,preferred_team,team_name,seq) values (?,?,?,?,?,default)
    Hibernate: insert into ft_participants (draft_order,fantasy_game_seq,player_id,preferred_team,team_name,seq) values (?,?,?,?,?,default)
    Hibernate: insert into ft_participants (draft_order,fantasy_game_seq,player_id,preferred_team,team_name,seq) values (?,?,?,?,?,default)
    Hibernate: insert into ft_participants (draft_order,fantasy_game_seq,player_id,preferred_team,team_name,seq) values (?,?,?,?,?,default)
    Hibernate: insert into ft_participants (draft_order,fantasy_game_seq,player_id,preferred_team,team_name,seq) values (?,?,?,?,?,default)
    Hibernate: insert into ft_participants (draft_order,fantasy_game_seq,player_id,preferred_team,team_name,seq) values (?,?,?,?,?,default)
    Hibernate: insert into ft_participants (draft_order,fantasy_game_seq,player_id,preferred_team,team_name,seq) values (?,?,?,?,?,default)
    Hibernate: insert into ft_participants (draft_order,fantasy_game_seq,player_id,preferred_team,team_name,seq) values (?,?,?,?,?,default)
    Hibernate: insert into ft_participants (draft_order,fantasy_game_seq,player_id,preferred_team,team_name,seq) values (?,?,?,?,?,default)
    Hibernate: insert into ft_participants (draft_order,fantasy_game_seq,player_id,preferred_team,team_name,seq) values (?,?,?,?,?,default)
    Hibernate: insert into ft_participants (draft_order,fantasy_game_seq,player_id,preferred_team,team_name,seq) values (?,?,?,?,?,default)
    Hibernate: insert into ft_participants (draft_order,fantasy_game_seq,player_id,preferred_team,team_name,seq) values (?,?,?,?,?,default)
    Hibernate: insert into ft_participants (draft_order,fantasy_game_seq,player_id,preferred_team,team_name,seq) values (?,?,?,?,?,default)
    Hibernate: insert into ft_participants (draft_order,fantasy_game_seq,player_id,preferred_team,team_name,seq) values (?,?,?,?,?,default)
    Hibernate: insert into ft_participants (draft_order,fantasy_game_seq,player_id,preferred_team,team_name,seq) values (?,?,?,?,?,default)
    Hibernate: insert into ft_participants (draft_order,fantasy_game_seq,player_id,preferred_team,team_name,seq) values (?,?,?,?,?,default)
    Hibernate: insert into ft_participants (draft_order,fantasy_game_seq,player_id,preferred_team,team_name,seq) values (?,?,?,?,?,default)
    Hibernate: insert into ft_participants (draft_order,fantasy_game_seq,player_id,preferred_team,team_name,seq) values (?,?,?,?,?,default)
    Hibernate: insert into ft_participants (draft_order,fantasy_game_seq,player_id,preferred_team,team_name,seq) values (?,?,?,?,?,default)
    Hibernate: insert into ft_participants (draft_order,fantasy_game_seq,player_id,preferred_team,team_name,seq) values (?,?,?,?,?,default)
    Hibernate: insert into ft_participants (draft_order,fantasy_game_seq,player_id,preferred_team,team_name,seq) values (?,?,?,?,?,default)
    Hibernate: insert into ft_participants (draft_order,fantasy_game_seq,player_id,preferred_team,team_name,seq) values (?,?,?,?,?,default)
    Hibernate: insert into ft_participants (draft_order,fantasy_game_seq,player_id,preferred_team,team_name,seq) values (?,?,?,?,?,default)
    Hibernate: insert into ft_participants (draft_order,fantasy_game_seq,player_id,preferred_team,team_name,seq) values (?,?,?,?,?,default)
    Hibernate: insert into ft_participants (draft_order,fantasy_game_seq,player_id,preferred_team,team_name,seq) values (?,?,?,?,?,default)
    Hibernate: insert into ft_participants (draft_order,fantasy_game_seq,player_id,preferred_team,team_name,seq) values (?,?,?,?,?,default)
    Hibernate: insert into ft_participants (draft_order,fantasy_game_seq,player_id,preferred_team,team_name,seq) values (?,?,?,?,?,default)
    Hibernate: insert into ft_participants (draft_order,fantasy_game_seq,player_id,preferred_team,team_name,seq) values (?,?,?,?,?,default)
    Hibernate: insert into ft_participants (draft_order,fantasy_game_seq,player_id,preferred_team,team_name,seq) values (?,?,?,?,?,default)
    Hibernate: insert into ft_participants (draft_order,fantasy_game_seq,player_id,preferred_team,team_name,seq) values (?,?,?,?,?,default)
    Hibernate: insert into ft_participants (draft_order,fantasy_game_seq,player_id,preferred_team,team_name,seq) values (?,?,?,?,?,default)
    Hibernate: insert into ft_participants (draft_order,fantasy_game_seq,player_id,preferred_team,team_name,seq) values (?,?,?,?,?,default)
    Hibernate: insert into ft_participants (draft_order,fantasy_game_seq,player_id,preferred_team,team_name,seq) values (?,?,?,?,?,default)
    Hibernate: insert into ft_participants (draft_order,fantasy_game_seq,player_id,preferred_team,team_name,seq) values (?,?,?,?,?,default)
    Hibernate: insert into ft_participants (draft_order,fantasy_game_seq,player_id,preferred_team,team_name,seq) values (?,?,?,?,?,default)
    Hibernate: insert into ft_participants (draft_order,fantasy_game_seq,player_id,preferred_team,team_name,seq) values (?,?,?,?,?,default)
    Hibernate: insert into ft_participants (draft_order,fantasy_game_seq,player_id,preferred_team,team_name,seq) values (?,?,?,?,?,default)
    Hibernate: insert into ft_participants (draft_order,fantasy_game_seq,player_id,preferred_team,team_name,seq) values (?,?,?,?,?,default)
    Hibernate: insert into ft_participants (draft_order,fantasy_game_seq,player_id,preferred_team,team_name,seq) values (?,?,?,?,?,default)
    Hibernate: insert into ft_participants (draft_order,fantasy_game_seq,player_id,preferred_team,team_name,seq) values (?,?,?,?,?,default)
    Hibernate: insert into ft_participants (draft_order,fantasy_game_seq,player_id,preferred_team,team_name,seq) values (?,?,?,?,?,default)
    Hibernate: insert into ft_participants (draft_order,fantasy_game_seq,player_id,preferred_team,team_name,seq) values (?,?,?,?,?,default)
    Hibernate: insert into ft_participants (draft_order,fantasy_game_seq,player_id,preferred_team,team_name,seq) values (?,?,?,?,?,default)
    Hibernate: insert into ft_participants (draft_order,fantasy_game_seq,player_id,preferred_team,team_name,seq) values (?,?,?,?,?,default)
    Hibernate: insert into ft_participants (draft_order,fantasy_game_seq,player_id,preferred_team,team_name,seq) values (?,?,?,?,?,default)
    Hibernate: insert into ft_participants (draft_order,fantasy_game_seq,player_id,preferred_team,team_name,seq) values (?,?,?,?,?,default)
    Hibernate: insert into ft_participants (draft_order,fantasy_game_seq,player_id,preferred_team,team_name,seq) values (?,?,?,?,?,default)
    Hibernate: insert into ft_participants (draft_order,fantasy_game_seq,player_id,preferred_team,team_name,seq) values (?,?,?,?,?,default)
    Hibernate: insert into ft_participants (draft_order,fantasy_game_seq,player_id,preferred_team,team_name,seq) values (?,?,?,?,?,default)
    Hibernate: insert into ft_participants (draft_order,fantasy_game_seq,player_id,preferred_team,team_name,seq) values (?,?,?,?,?,default)
    Hibernate: insert into ft_participants (draft_order,fantasy_game_seq,player_id,preferred_team,team_name,seq) values (?,?,?,?,?,default)
    Hibernate: insert into ft_participants (draft_order,fantasy_game_seq,player_id,preferred_team,team_name,seq) values (?,?,?,?,?,default)
    Hibernate: insert into ft_participants (draft_order,fantasy_game_seq,player_id,preferred_team,team_name,seq) values (?,?,?,?,?,default)
    Hibernate: insert into ft_participants (draft_order,fantasy_game_seq,player_id,preferred_team,team_name,seq) values (?,?,?,?,?,default)
    Hibernate: insert into ft_participants (draft_order,fantasy_game_seq,player_id,preferred_team,team_name,seq) values (?,?,?,?,?,default)
    Hibernate: insert into ft_participants (draft_order,fantasy_game_seq,player_id,preferred_team,team_name,seq) values (?,?,?,?,?,default)
    Hibernate: insert into ft_participants (draft_order,fantasy_game_seq,player_id,preferred_team,team_name,seq) values (?,?,?,?,?,default)
    Hibernate: insert into ft_participants (draft_order,fantasy_game_seq,player_id,preferred_team,team_name,seq) values (?,?,?,?,?,default)
    Hibernate: insert into ft_participants (draft_order,fantasy_game_seq,player_id,preferred_team,team_name,seq) values (?,?,?,?,?,default)
    Hibernate: insert into ft_participants (draft_order,fantasy_game_seq,player_id,preferred_team,team_name,seq) values (?,?,?,?,?,default)
    Hibernate: insert into ft_participants (draft_order,fantasy_game_seq,player_id,preferred_team,team_name,seq) values (?,?,?,?,?,default)
    Hibernate: insert into ft_participants (draft_order,fantasy_game_seq,player_id,preferred_team,team_name,seq) values (?,?,?,?,?,default)
    Hibernate: insert into ft_participants (draft_order,fantasy_game_seq,player_id,preferred_team,team_name,seq) values (?,?,?,?,?,default)
    Hibernate: insert into ft_participants (draft_order,fantasy_game_seq,player_id,preferred_team,team_name,seq) values (?,?,?,?,?,default)
    Hibernate: insert into ft_participants (draft_order,fantasy_game_seq,player_id,preferred_team,team_name,seq) values (?,?,?,?,?,default)
    Hibernate: insert into ft_participants (draft_order,fantasy_game_seq,player_id,preferred_team,team_name,seq) values (?,?,?,?,?,default)
    Hibernate: insert into ft_participants (draft_order,fantasy_game_seq,player_id,preferred_team,team_name,seq) values (?,?,?,?,?,default)
    Hibernate: insert into ft_participants (draft_order,fantasy_game_seq,player_id,preferred_team,team_name,seq) values (?,?,?,?,?,default)
    Hibernate: insert into ft_participants (draft_order,fantasy_game_seq,player_id,preferred_team,team_name,seq) values (?,?,?,?,?,default)
    Hibernate: insert into ft_participants (draft_order,fantasy_game_seq,player_id,preferred_team,team_name,seq) values (?,?,?,?,?,default)
    Hibernate: insert into ft_participants (draft_order,fantasy_game_seq,player_id,preferred_team,team_name,seq) values (?,?,?,?,?,default)
    Hibernate: insert into ft_participants (draft_order,fantasy_game_seq,player_id,preferred_team,team_name,seq) values (?,?,?,?,?,default)
    Hibernate: insert into ft_participants (draft_order,fantasy_game_seq,player_id,preferred_team,team_name,seq) values (?,?,?,?,?,default)
    Hibernate: insert into ft_participants (draft_order,fantasy_game_seq,player_id,preferred_team,team_name,seq) values (?,?,?,?,?,default)
    Hibernate: insert into ft_participants (draft_order,fantasy_game_seq,player_id,preferred_team,team_name,seq) values (?,?,?,?,?,default)
    Hibernate: insert into ft_participants (draft_order,fantasy_game_seq,player_id,preferred_team,team_name,seq) values (?,?,?,?,?,default)
    Hibernate: insert into ft_participants (draft_order,fantasy_game_seq,player_id,preferred_team,team_name,seq) values (?,?,?,?,?,default)
    Hibernate: insert into ft_participants (draft_order,fantasy_game_seq,player_id,preferred_team,team_name,seq) values (?,?,?,?,?,default)
    Hibernate: insert into ft_participants (draft_order,fantasy_game_seq,player_id,preferred_team,team_name,seq) values (?,?,?,?,?,default)
    Hibernate: insert into ft_participants (draft_order,fantasy_game_seq,player_id,preferred_team,team_name,seq) values (?,?,?,?,?,default)
    Hibernate: insert into ft_participants (draft_order,fantasy_game_seq,player_id,preferred_team,team_name,seq) values (?,?,?,?,?,default)
    Hibernate: insert into ft_participants (draft_order,fantasy_game_seq,player_id,preferred_team,team_name,seq) values (?,?,?,?,?,default)
    Hibernate: insert into ft_participants (draft_order,fantasy_game_seq,player_id,preferred_team,team_name,seq) values (?,?,?,?,?,default)
    Hibernate: insert into ft_participants (draft_order,fantasy_game_seq,player_id,preferred_team,team_name,seq) values (?,?,?,?,?,default)
    Hibernate: insert into ft_participants (draft_order,fantasy_game_seq,player_id,preferred_team,team_name,seq) values (?,?,?,?,?,default)
    Hibernate: insert into ft_participants (draft_order,fantasy_game_seq,player_id,preferred_team,team_name,seq) values (?,?,?,?,?,default)
    Hibernate: insert into ft_participants (draft_order,fantasy_game_seq,player_id,preferred_team,team_name,seq) values (?,?,?,?,?,default)
    Hibernate: insert into ft_participants (draft_order,fantasy_game_seq,player_id,preferred_team,team_name,seq) values (?,?,?,?,?,default)
    Hibernate: insert into ft_participants (draft_order,fantasy_game_seq,player_id,preferred_team,team_name,seq) values (?,?,?,?,?,default)
    Hibernate: insert into ft_participants (draft_order,fantasy_game_seq,player_id,preferred_team,team_name,seq) values (?,?,?,?,?,default)
    Hibernate: insert into ft_participants (draft_order,fantasy_game_seq,player_id,preferred_team,team_name,seq) values (?,?,?,?,?,default)
    Hibernate: insert into ft_participants (draft_order,fantasy_game_seq,player_id,preferred_team,team_name,seq) values (?,?,?,?,?,default)
    Hibernate: insert into ft_participants (draft_order,fantasy_game_seq,player_id,preferred_team,team_name,seq) values (?,?,?,?,?,default)
    Hibernate: insert into ft_participants (draft_order,fantasy_game_seq,player_id,preferred_team,team_name,seq) values (?,?,?,?,?,default)
    Hibernate: insert into ft_participants (draft_order,fantasy_game_seq,player_id,preferred_team,team_name,seq) values (?,?,?,?,?,default)
    Hibernate: insert into ft_participants (draft_order,fantasy_game_seq,player_id,preferred_team,team_name,seq) values (?,?,?,?,?,default)
    Hibernate: insert into ft_participants (draft_order,fantasy_game_seq,player_id,preferred_team,team_name,seq) values (?,?,?,?,?,default)
    Hibernate: insert into ft_participants (draft_order,fantasy_game_seq,player_id,preferred_team,team_name,seq) values (?,?,?,?,?,default)
    Hibernate: insert into ft_participants (draft_order,fantasy_game_seq,player_id,preferred_team,team_name,seq) values (?,?,?,?,?,default)
    Hibernate: insert into ft_participants (draft_order,fantasy_game_seq,player_id,preferred_team,team_name,seq) values (?,?,?,?,?,default)
    Hibernate: insert into ft_participants (draft_order,fantasy_game_seq,player_id,preferred_team,team_name,seq) values (?,?,?,?,?,default)
    Hibernate: insert into ft_participants (draft_order,fantasy_game_seq,player_id,preferred_team,team_name,seq) values (?,?,?,?,?,default)
    Hibernate: insert into ft_participants (draft_order,fantasy_game_seq,player_id,preferred_team,team_name,seq) values (?,?,?,?,?,default)
    Hibernate: insert into ft_participants (draft_order,fantasy_game_seq,player_id,preferred_team,team_name,seq) values (?,?,?,?,?,default)
    Hibernate: insert into ft_participants (draft_order,fantasy_game_seq,player_id,preferred_team,team_name,seq) values (?,?,?,?,?,default)
    Hibernate: insert into ft_participants (draft_order,fantasy_game_seq,player_id,preferred_team,team_name,seq) values (?,?,?,?,?,default)
    Hibernate: insert into ft_participants (draft_order,fantasy_game_seq,player_id,preferred_team,team_name,seq) values (?,?,?,?,?,default)
    Hibernate: insert into ft_participants (draft_order,fantasy_game_seq,player_id,preferred_team,team_name,seq) values (?,?,?,?,?,default)
    Hibernate: insert into ft_participants (draft_order,fantasy_game_seq,player_id,preferred_team,team_name,seq) values (?,?,?,?,?,default)
    Hibernate: insert into ft_participants (draft_order,fantasy_game_seq,player_id,preferred_team,team_name,seq) values (?,?,?,?,?,default)
    Hibernate: insert into ft_participants (draft_order,fantasy_game_seq,player_id,preferred_team,team_name,seq) values (?,?,?,?,?,default)
    Hibernate: insert into ft_participants (draft_order,fantasy_game_seq,player_id,preferred_team,team_name,seq) values (?,?,?,?,?,default)
    Hibernate: insert into ft_participants (draft_order,fantasy_game_seq,player_id,preferred_team,team_name,seq) values (?,?,?,?,?,default)
    Hibernate: insert into ft_participants (draft_order,fantasy_game_seq,player_id,preferred_team,team_name,seq) values (?,?,?,?,?,default)
    Hibernate: insert into ft_participants (draft_order,fantasy_game_seq,player_id,preferred_team,team_name,seq) values (?,?,?,?,?,default)
    Hibernate: insert into ft_participants (draft_order,fantasy_game_seq,player_id,preferred_team,team_name,seq) values (?,?,?,?,?,default)
    Hibernate: insert into ft_participants (draft_order,fantasy_game_seq,player_id,preferred_team,team_name,seq) values (?,?,?,?,?,default)
    Hibernate: insert into ft_participants (draft_order,fantasy_game_seq,player_id,preferred_team,team_name,seq) values (?,?,?,?,?,default)
    Hibernate: insert into ft_participants (draft_order,fantasy_game_seq,player_id,preferred_team,team_name,seq) values (?,?,?,?,?,default)
    Hibernate: insert into ft_participants (draft_order,fantasy_game_seq,player_id,preferred_team,team_name,seq) values (?,?,?,?,?,default)
    Hibernate: insert into ft_participants (draft_order,fantasy_game_seq,player_id,preferred_team,team_name,seq) values (?,?,?,?,?,default)
    Hibernate: insert into ft_participants (draft_order,fantasy_game_seq,player_id,preferred_team,team_name,seq) values (?,?,?,?,?,default)
    Hibernate: insert into ft_participants (draft_order,fantasy_game_seq,player_id,preferred_team,team_name,seq) values (?,?,?,?,?,default)
    Hibernate: insert into ft_participants (draft_order,fantasy_game_seq,player_id,preferred_team,team_name,seq) values (?,?,?,?,?,default)
    Hibernate: insert into ft_participants (draft_order,fantasy_game_seq,player_id,preferred_team,team_name,seq) values (?,?,?,?,?,default)
    Hibernate: insert into ft_participants (draft_order,fantasy_game_seq,player_id,preferred_team,team_name,seq) values (?,?,?,?,?,default)
    Hibernate: insert into ft_participants (draft_order,fantasy_game_seq,player_id,preferred_team,team_name,seq) values (?,?,?,?,?,default)
    Hibernate: insert into ft_participants (draft_order,fantasy_game_seq,player_id,preferred_team,team_name,seq) values (?,?,?,?,?,default)
    Hibernate: insert into ft_participants (draft_order,fantasy_game_seq,player_id,preferred_team,team_name,seq) values (?,?,?,?,?,default)
    Hibernate: insert into ft_participants (draft_order,fantasy_game_seq,player_id,preferred_team,team_name,seq) values (?,?,?,?,?,default)
    Hibernate: insert into ft_participants (draft_order,fantasy_game_seq,player_id,preferred_team,team_name,seq) values (?,?,?,?,?,default)
    Hibernate: insert into ft_participants (draft_order,fantasy_game_seq,player_id,preferred_team,team_name,seq) values (?,?,?,?,?,default)
    Hibernate: insert into ft_participants (draft_order,fantasy_game_seq,player_id,preferred_team,team_name,seq) values (?,?,?,?,?,default)
    Hibernate: insert into ft_participants (draft_order,fantasy_game_seq,player_id,preferred_team,team_name,seq) values (?,?,?,?,?,default)
    Hibernate: insert into ft_participants (draft_order,fantasy_game_seq,player_id,preferred_team,team_name,seq) values (?,?,?,?,?,default)
    Hibernate: insert into ft_participants (draft_order,fantasy_game_seq,player_id,preferred_team,team_name,seq) values (?,?,?,?,?,default)
    Hibernate: insert into ft_participants (draft_order,fantasy_game_seq,player_id,preferred_team,team_name,seq) values (?,?,?,?,?,default)
    Hibernate: insert into ft_participants (draft_order,fantasy_game_seq,player_id,preferred_team,team_name,seq) values (?,?,?,?,?,default)
    Hibernate: insert into ft_participants (draft_order,fantasy_game_seq,player_id,preferred_team,team_name,seq) values (?,?,?,?,?,default)
    Hibernate: insert into ft_participants (draft_order,fantasy_game_seq,player_id,preferred_team,team_name,seq) values (?,?,?,?,?,default)
    Hibernate: insert into ft_participants (draft_order,fantasy_game_seq,player_id,preferred_team,team_name,seq) values (?,?,?,?,?,default)
    Hibernate: insert into ft_participants (draft_order,fantasy_game_seq,player_id,preferred_team,team_name,seq) values (?,?,?,?,?,default)
    Hibernate: insert into ft_participants (draft_order,fantasy_game_seq,player_id,preferred_team,team_name,seq) values (?,?,?,?,?,default)
    Hibernate: insert into ft_participants (draft_order,fantasy_game_seq,player_id,preferred_team,team_name,seq) values (?,?,?,?,?,default)
    Hibernate: insert into ft_participants (draft_order,fantasy_game_seq,player_id,preferred_team,team_name,seq) values (?,?,?,?,?,default)
    Hibernate: insert into ft_participants (draft_order,fantasy_game_seq,player_id,preferred_team,team_name,seq) values (?,?,?,?,?,default)
    Hibernate: insert into ft_participants (draft_order,fantasy_game_seq,player_id,preferred_team,team_name,seq) values (?,?,?,?,?,default)
    Hibernate: insert into ft_participants (draft_order,fantasy_game_seq,player_id,preferred_team,team_name,seq) values (?,?,?,?,?,default)
    Hibernate: insert into ft_participants (draft_order,fantasy_game_seq,player_id,preferred_team,team_name,seq) values (?,?,?,?,?,default)
    Hibernate: insert into ft_participants (draft_order,fantasy_game_seq,player_id,preferred_team,team_name,seq) values (?,?,?,?,?,default)
    Hibernate: insert into ft_participants (draft_order,fantasy_game_seq,player_id,preferred_team,team_name,seq) values (?,?,?,?,?,default)
    Hibernate: insert into ft_participants (draft_order,fantasy_game_seq,player_id,preferred_team,team_name,seq) values (?,?,?,?,?,default)
    Hibernate: insert into ft_participants (draft_order,fantasy_game_seq,player_id,preferred_team,team_name,seq) values (?,?,?,?,?,default)
    Hibernate: insert into ft_participants (draft_order,fantasy_game_seq,player_id,preferred_team,team_name,seq) values (?,?,?,?,?,default)
    Hibernate: insert into ft_participants (draft_order,fantasy_game_seq,player_id,preferred_team,team_name,seq) values (?,?,?,?,?,default)
    Hibernate: insert into ft_participants (draft_order,fantasy_game_seq,player_id,preferred_team,team_name,seq) values (?,?,?,?,?,default)
    Hibernate: insert into ft_participants (draft_order,fantasy_game_seq,player_id,preferred_team,team_name,seq) values (?,?,?,?,?,default)
    Hibernate: insert into ft_participants (draft_order,fantasy_game_seq,player_id,preferred_team,team_name,seq) values (?,?,?,?,?,default)
    Hibernate: insert into ft_participants (draft_order,fantasy_game_seq,player_id,preferred_team,team_name,seq) values (?,?,?,?,?,default)
    Hibernate: insert into ft_participants (draft_order,fantasy_game_seq,player_id,preferred_team,team_name,seq) values (?,?,?,?,?,default)
    Hibernate: insert into ft_participants (draft_order,fantasy_game_seq,player_id,preferred_team,team_name,seq) values (?,?,?,?,?,default)
    Hibernate: insert into ft_participants (draft_order,fantasy_game_seq,player_id,preferred_team,team_name,seq) values (?,?,?,?,?,default)
    Hibernate: insert into ft_participants (draft_order,fantasy_game_seq,player_id,preferred_team,team_name,seq) values (?,?,?,?,?,default)
    Hibernate: insert into ft_participants (draft_order,fantasy_game_seq,player_id,preferred_team,team_name,seq) values (?,?,?,?,?,default)
    Hibernate: insert into ft_participants (draft_order,fantasy_game_seq,player_id,preferred_team,team_name,seq) values (?,?,?,?,?,default)
    Hibernate: insert into ft_participants (draft_order,fantasy_game_seq,player_id,preferred_team,team_name,seq) values (?,?,?,?,?,default)
    Hibernate: insert into ft_participants (draft_order,fantasy_game_seq,player_id,preferred_team,team_name,seq) values (?,?,?,?,?,default)
    Hibernate: insert into ft_participants (draft_order,fantasy_game_seq,player_id,preferred_team,team_name,seq) values (?,?,?,?,?,default)
    Hibernate: insert into ft_participants (draft_order,fantasy_game_seq,player_id,preferred_team,team_name,seq) values (?,?,?,?,?,default)
    Hibernate: insert into ft_participants (draft_order,fantasy_game_seq,player_id,preferred_team,team_name,seq) values (?,?,?,?,?,default)
    Hibernate: insert into ft_participants (draft_order,fantasy_game_seq,player_id,preferred_team,team_name,seq) values (?,?,?,?,?,default)
    Hibernate: insert into ft_participants (draft_order,fantasy_game_seq,player_id,preferred_team,team_name,seq) values (?,?,?,?,?,default)
    Hibernate: insert into ft_participants (draft_order,fantasy_game_seq,player_id,preferred_team,team_name,seq) values (?,?,?,?,?,default)
    Hibernate: insert into ft_participants (draft_order,fantasy_game_seq,player_id,preferred_team,team_name,seq) values (?,?,?,?,?,default)
    Hibernate: insert into ft_participants (draft_order,fantasy_game_seq,player_id,preferred_team,team_name,seq) values (?,?,?,?,?,default)
    Hibernate: insert into ft_participants (draft_order,fantasy_game_seq,player_id,preferred_team,team_name,seq) values (?,?,?,?,?,default)
    Hibernate: insert into ft_participants (draft_order,fantasy_game_seq,player_id,preferred_team,team_name,seq) values (?,?,?,?,?,default)
    Hibernate: insert into ft_participants (draft_order,fantasy_game_seq,player_id,preferred_team,team_name,seq) values (?,?,?,?,?,default)
    Hibernate: insert into ft_participants (draft_order,fantasy_game_seq,player_id,preferred_team,team_name,seq) values (?,?,?,?,?,default)
    Hibernate: insert into ft_participants (draft_order,fantasy_game_seq,player_id,preferred_team,team_name,seq) values (?,?,?,?,?,default)
    Hibernate: insert into ft_participants (draft_order,fantasy_game_seq,player_id,preferred_team,team_name,seq) values (?,?,?,?,?,default)
    Hibernate: insert into ft_participants (draft_order,fantasy_game_seq,player_id,preferred_team,team_name,seq) values (?,?,?,?,?,default)
    Hibernate: insert into ft_participants (draft_order,fantasy_game_seq,player_id,preferred_team,team_name,seq) values (?,?,?,?,?,default)
    Hibernate: insert into ft_participants (draft_order,fantasy_game_seq,player_id,preferred_team,team_name,seq) values (?,?,?,?,?,default)
    Hibernate: insert into ft_participants (draft_order,fantasy_game_seq,player_id,preferred_team,team_name,seq) values (?,?,?,?,?,default)
    Hibernate: insert into ft_participants (draft_order,fantasy_game_seq,player_id,preferred_team,team_name,seq) values (?,?,?,?,?,default)
    Hibernate: insert into ft_participants (draft_order,fantasy_game_seq,player_id,preferred_team,team_name,seq) values (?,?,?,?,?,default)
    Hibernate: insert into ft_participants (draft_order,fantasy_game_seq,player_id,preferred_team,team_name,seq) values (?,?,?,?,?,default)
    Hibernate: insert into ft_participants (draft_order,fantasy_game_seq,player_id,preferred_team,team_name,seq) values (?,?,?,?,?,default)
    Hibernate: insert into ft_participants (draft_order,fantasy_game_seq,player_id,preferred_team,team_name,seq) values (?,?,?,?,?,default)
    Hibernate: insert into ft_participants (draft_order,fantasy_game_seq,player_id,preferred_team,team_name,seq) values (?,?,?,?,?,default)
    Hibernate: insert into ft_participants (draft_order,fantasy_game_seq,player_id,preferred_team,team_name,seq) values (?,?,?,?,?,default)
    Hibernate: insert into ft_participants (draft_order,fantasy_game_seq,player_id,preferred_team,team_name,seq) values (?,?,?,?,?,default)
    Hibernate: insert into ft_participants (draft_order,fantasy_game_seq,player_id,preferred_team,team_name,seq) values (?,?,?,?,?,default)
    Hibernate: insert into ft_participants (draft_order,fantasy_game_seq,player_id,preferred_team,team_name,seq) values (?,?,?,?,?,default)
    Hibernate: insert into ft_participants (draft_order,fantasy_game_seq,player_id,preferred_team,team_name,seq) values (?,?,?,?,?,default)
    Hibernate: insert into ft_participants (draft_order,fantasy_game_seq,player_id,preferred_team,team_name,seq) values (?,?,?,?,?,default)
    Hibernate: insert into ft_participants (draft_order,fantasy_game_seq,player_id,preferred_team,team_name,seq) values (?,?,?,?,?,default)
    Hibernate: insert into ft_participants (draft_order,fantasy_game_seq,player_id,preferred_team,team_name,seq) values (?,?,?,?,?,default)
    Hibernate: insert into ft_participants (draft_order,fantasy_game_seq,player_id,preferred_team,team_name,seq) values (?,?,?,?,?,default)
    Hibernate: insert into ft_participants (draft_order,fantasy_game_seq,player_id,preferred_team,team_name,seq) values (?,?,?,?,?,default)
    Hibernate: insert into ft_participants (draft_order,fantasy_game_seq,player_id,preferred_team,team_name,seq) values (?,?,?,?,?,default)
    Hibernate: insert into ft_participants (draft_order,fantasy_game_seq,player_id,preferred_team,team_name,seq) values (?,?,?,?,?,default)
    Hibernate: insert into ft_participants (draft_order,fantasy_game_seq,player_id,preferred_team,team_name,seq) values (?,?,?,?,?,default)
    Hibernate: insert into ft_participants (draft_order,fantasy_game_seq,player_id,preferred_team,team_name,seq) values (?,?,?,?,?,default)
    Hibernate: insert into ft_participants (draft_order,fantasy_game_seq,player_id,preferred_team,team_name,seq) values (?,?,?,?,?,default)
    Hibernate: insert into ft_participants (draft_order,fantasy_game_seq,player_id,preferred_team,team_name,seq) values (?,?,?,?,?,default)
    Hibernate: insert into ft_participants (draft_order,fantasy_game_seq,player_id,preferred_team,team_name,seq) values (?,?,?,?,?,default)
    Hibernate: insert into ft_participants (draft_order,fantasy_game_seq,player_id,preferred_team,team_name,seq) values (?,?,?,?,?,default)
    Hibernate: insert into ft_participants (draft_order,fantasy_game_seq,player_id,preferred_team,team_name,seq) values (?,?,?,?,?,default)
    Hibernate: insert into ft_participants (draft_order,fantasy_game_seq,player_id,preferred_team,team_name,seq) values (?,?,?,?,?,default)
    Hibernate: insert into ft_participants (draft_order,fantasy_game_seq,player_id,preferred_team,team_name,seq) values (?,?,?,?,?,default)
    Hibernate: insert into ft_participants (draft_order,fantasy_game_seq,player_id,preferred_team,team_name,seq) values (?,?,?,?,?,default)
    Hibernate: insert into ft_participants (draft_order,fantasy_game_seq,player_id,preferred_team,team_name,seq) values (?,?,?,?,?,default)
    Hibernate: insert into ft_participants (draft_order,fantasy_game_seq,player_id,preferred_team,team_name,seq) values (?,?,?,?,?,default)
    Hibernate: insert into ft_participants (draft_order,fantasy_game_seq,player_id,preferred_team,team_name,seq) values (?,?,?,?,?,default)
    Hibernate: insert into ft_participants (draft_order,fantasy_game_seq,player_id,preferred_team,team_name,seq) values (?,?,?,?,?,default)
    Hibernate: insert into ft_participants (draft_order,fantasy_game_seq,player_id,preferred_team,team_name,seq) values (?,?,?,?,?,default)
    Hibernate: insert into ft_participants (draft_order,fantasy_game_seq,player_id,preferred_team,team_name,seq) values (?,?,?,?,?,default)
    Hibernate: insert into ft_participants (draft_order,fantasy_game_seq,player_id,preferred_team,team_name,seq) values (?,?,?,?,?,default)
    Hibernate: insert into ft_participants (draft_order,fantasy_game_seq,player_id,preferred_team,team_name,seq) values (?,?,?,?,?,default)
    Hibernate: insert into ft_participants (draft_order,fantasy_game_seq,player_id,preferred_team,team_name,seq) values (?,?,?,?,?,default)
    Hibernate: insert into ft_participants (draft_order,fantasy_game_seq,player_id,preferred_team,team_name,seq) values (?,?,?,?,?,default)
    Hibernate: insert into ft_participants (draft_order,fantasy_game_seq,player_id,preferred_team,team_name,seq) values (?,?,?,?,?,default)
    Hibernate: insert into ft_participants (draft_order,fantasy_game_seq,player_id,preferred_team,team_name,seq) values (?,?,?,?,?,default)
    Hibernate: insert into ft_participants (draft_order,fantasy_game_seq,player_id,preferred_team,team_name,seq) values (?,?,?,?,?,default)
    Hibernate: insert into ft_participants (draft_order,fantasy_game_seq,player_id,preferred_team,team_name,seq) values (?,?,?,?,?,default)
    Hibernate: insert into ft_participants (draft_order,fantasy_game_seq,player_id,preferred_team,team_name,seq) values (?,?,?,?,?,default)
    Hibernate: insert into ft_participants (draft_order,fantasy_game_seq,player_id,preferred_team,team_name,seq) values (?,?,?,?,?,default)
    Hibernate: insert into ft_participants (draft_order,fantasy_game_seq,player_id,preferred_team,team_name,seq) values (?,?,?,?,?,default)
    Hibernate: insert into ft_participants (draft_order,fantasy_game_seq,player_id,preferred_team,team_name,seq) values (?,?,?,?,?,default)
    Hibernate: insert into ft_participants (draft_order,fantasy_game_seq,player_id,preferred_team,team_name,seq) values (?,?,?,?,?,default)
    Hibernate: insert into ft_participants (draft_order,fantasy_game_seq,player_id,preferred_team,team_name,seq) values (?,?,?,?,?,default)
    Hibernate: insert into ft_participants (draft_order,fantasy_game_seq,player_id,preferred_team,team_name,seq) values (?,?,?,?,?,default)
    Hibernate: insert into ft_participants (draft_order,fantasy_game_seq,player_id,preferred_team,team_name,seq) values (?,?,?,?,?,default)
    Hibernate: insert into ft_participants (draft_order,fantasy_game_seq,player_id,preferred_team,team_name,seq) values (?,?,?,?,?,default)
    Hibernate: insert into ft_participants (draft_order,fantasy_game_seq,player_id,preferred_team,team_name,seq) values (?,?,?,?,?,default)
    Hibernate: insert into ft_participants (draft_order,fantasy_game_seq,player_id,preferred_team,team_name,seq) values (?,?,?,?,?,default)
    Hibernate: insert into ft_participants (draft_order,fantasy_game_seq,player_id,preferred_team,team_name,seq) values (?,?,?,?,?,default)
    Hibernate: insert into ft_participants (draft_order,fantasy_game_seq,player_id,preferred_team,team_name,seq) values (?,?,?,?,?,default)
    Hibernate: insert into ft_participants (draft_order,fantasy_game_seq,player_id,preferred_team,team_name,seq) values (?,?,?,?,?,default)
    Hibernate: insert into ft_participants (draft_order,fantasy_game_seq,player_id,preferred_team,team_name,seq) values (?,?,?,?,?,default)
    Hibernate: insert into ft_participants (draft_order,fantasy_game_seq,player_id,preferred_team,team_name,seq) values (?,?,?,?,?,default)
    Hibernate: insert into ft_participants (draft_order,fantasy_game_seq,player_id,preferred_team,team_name,seq) values (?,?,?,?,?,default)
    Hibernate: insert into ft_participants (draft_order,fantasy_game_seq,player_id,preferred_team,team_name,seq) values (?,?,?,?,?,default)
    Hibernate: insert into ft_participants (draft_order,fantasy_game_seq,player_id,preferred_team,team_name,seq) values (?,?,?,?,?,default)
    Hibernate: insert into ft_participants (draft_order,fantasy_game_seq,player_id,preferred_team,team_name,seq) values (?,?,?,?,?,default)
    Hibernate: insert into ft_participants (draft_order,fantasy_game_seq,player_id,preferred_team,team_name,seq) values (?,?,?,?,?,default)
    Hibernate: insert into ft_participants (draft_order,fantasy_game_seq,player_id,preferred_team,team_name,seq) values (?,?,?,?,?,default)
    Hibernate: insert into ft_participants (draft_order,fantasy_game_seq,player_id,preferred_team,team_name,seq) values (?,?,?,?,?,default)
    Hibernate: insert into ft_participants (draft_order,fantasy_game_seq,player_id,preferred_team,team_name,seq) values (?,?,?,?,?,default)
    Hibernate: insert into ft_participants (draft_order,fantasy_game_seq,player_id,preferred_team,team_name,seq) values (?,?,?,?,?,default)
    Hibernate: insert into ft_participants (draft_order,fantasy_game_seq,player_id,preferred_team,team_name,seq) values (?,?,?,?,?,default)
    Hibernate: insert into ft_participants (draft_order,fantasy_game_seq,player_id,preferred_team,team_name,seq) values (?,?,?,?,?,default)
    Hibernate: insert into ft_participants (draft_order,fantasy_game_seq,player_id,preferred_team,team_name,seq) values (?,?,?,?,?,default)
    Hibernate: insert into ft_participants (draft_order,fantasy_game_seq,player_id,preferred_team,team_name,seq) values (?,?,?,?,?,default)
    Hibernate: insert into ft_participants (draft_order,fantasy_game_seq,player_id,preferred_team,team_name,seq) values (?,?,?,?,?,default)
    Hibernate: insert into ft_participants (draft_order,fantasy_game_seq,player_id,preferred_team,team_name,seq) values (?,?,?,?,?,default)
    Hibernate: insert into ft_participants (draft_order,fantasy_game_seq,player_id,preferred_team,team_name,seq) values (?,?,?,?,?,default)
    Hibernate: insert into ft_participants (draft_order,fantasy_game_seq,player_id,preferred_team,team_name,seq) values (?,?,?,?,?,default)
    Hibernate: insert into ft_participants (draft_order,fantasy_game_seq,player_id,preferred_team,team_name,seq) values (?,?,?,?,?,default)
    Hibernate: insert into ft_participants (draft_order,fantasy_game_seq,player_id,preferred_team,team_name,seq) values (?,?,?,?,?,default)
    Hibernate: insert into ft_participants (draft_order,fantasy_game_seq,player_id,preferred_team,team_name,seq) values (?,?,?,?,?,default)
    Hibernate: insert into ft_participants (draft_order,fantasy_game_seq,player_id,preferred_team,team_name,seq) values (?,?,?,?,?,default)
    Hibernate: insert into ft_participants (draft_order,fantasy_game_seq,player_id,preferred_team,team_name,seq) values (?,?,?,?,?,default)
    Hibernate: insert into ft_participants (draft_order,fantasy_game_seq,player_id,preferred_team,team_name,seq) values (?,?,?,?,?,default)
    Hibernate: insert into ft_participants (draft_order,fantasy_game_seq,player_id,preferred_team,team_name,seq) values (?,?,?,?,?,default)
    Hibernate: insert into ft_participants (draft_order,fantasy_game_seq,player_id,preferred_team,team_name,seq) values (?,?,?,?,?,default)
    Hibernate: insert into ft_participants (draft_order,fantasy_game_seq,player_id,preferred_team,team_name,seq) values (?,?,?,?,?,default)
    Hibernate: insert into ft_participants (draft_order,fantasy_game_seq,player_id,preferred_team,team_name,seq) values (?,?,?,?,?,default)
    Hibernate: insert into ft_participants (draft_order,fantasy_game_seq,player_id,preferred_team,team_name,seq) values (?,?,?,?,?,default)
    Hibernate: insert into ft_participants (draft_order,fantasy_game_seq,player_id,preferred_team,team_name,seq) values (?,?,?,?,?,default)
    Hibernate: insert into ft_participants (draft_order,fantasy_game_seq,player_id,preferred_team,team_name,seq) values (?,?,?,?,?,default)
    Hibernate: insert into ft_participants (draft_order,fantasy_game_seq,player_id,preferred_team,team_name,seq) values (?,?,?,?,?,default)
    Hibernate: insert into ft_participants (draft_order,fantasy_game_seq,player_id,preferred_team,team_name,seq) values (?,?,?,?,?,default)
    Hibernate: insert into ft_participants (draft_order,fantasy_game_seq,player_id,preferred_team,team_name,seq) values (?,?,?,?,?,default)
    Hibernate: insert into ft_participants (draft_order,fantasy_game_seq,player_id,preferred_team,team_name,seq) values (?,?,?,?,?,default)
    Hibernate: insert into ft_participants (draft_order,fantasy_game_seq,player_id,preferred_team,team_name,seq) values (?,?,?,?,?,default)
    Hibernate: insert into ft_participants (draft_order,fantasy_game_seq,player_id,preferred_team,team_name,seq) values (?,?,?,?,?,default)
    Hibernate: insert into ft_participants (draft_order,fantasy_game_seq,player_id,preferred_team,team_name,seq) values (?,?,?,?,?,default)
    Hibernate: insert into ft_participants (draft_order,fantasy_game_seq,player_id,preferred_team,team_name,seq) values (?,?,?,?,?,default)
    Hibernate: insert into ft_participants (draft_order,fantasy_game_seq,player_id,preferred_team,team_name,seq) values (?,?,?,?,?,default)
    Hibernate: insert into ft_participants (draft_order,fantasy_game_seq,player_id,preferred_team,team_name,seq) values (?,?,?,?,?,default)
    Hibernate: insert into ft_participants (draft_order,fantasy_game_seq,player_id,preferred_team,team_name,seq) values (?,?,?,?,?,default)
    Hibernate: insert into ft_participants (draft_order,fantasy_game_seq,player_id,preferred_team,team_name,seq) values (?,?,?,?,?,default)
    Hibernate: insert into ft_participants (draft_order,fantasy_game_seq,player_id,preferred_team,team_name,seq) values (?,?,?,?,?,default)
    Hibernate: insert into ft_participants (draft_order,fantasy_game_seq,player_id,preferred_team,team_name,seq) values (?,?,?,?,?,default)
    Hibernate: insert into ft_participants (draft_order,fantasy_game_seq,player_id,preferred_team,team_name,seq) values (?,?,?,?,?,default)
    Hibernate: insert into ft_participants (draft_order,fantasy_game_seq,player_id,preferred_team,team_name,seq) values (?,?,?,?,?,default)
    Hibernate: insert into ft_participants (draft_order,fantasy_game_seq,player_id,preferred_team,team_name,seq) values (?,?,?,?,?,default)
    Hibernate: insert into ft_participants (draft_order,fantasy_game_seq,player_id,preferred_team,team_name,seq) values (?,?,?,?,?,default)
    Hibernate: insert into ft_participants (draft_order,fantasy_game_seq,player_id,preferred_team,team_name,seq) values (?,?,?,?,?,default)
    Hibernate: insert into ft_participants (draft_order,fantasy_game_seq,player_id,preferred_team,team_name,seq) values (?,?,?,?,?,default)
    Hibernate: insert into ft_participants (draft_order,fantasy_game_seq,player_id,preferred_team,team_name,seq) values (?,?,?,?,?,default)
    Hibernate: insert into ft_participants (draft_order,fantasy_game_seq,player_id,preferred_team,team_name,seq) values (?,?,?,?,?,default)
    Hibernate: insert into ft_participants (draft_order,fantasy_game_seq,player_id,preferred_team,team_name,seq) values (?,?,?,?,?,default)
    Hibernate: insert into ft_participants (draft_order,fantasy_game_seq,player_id,preferred_team,team_name,seq) values (?,?,?,?,?,default)
    Hibernate: insert into ft_participants (draft_order,fantasy_game_seq,player_id,preferred_team,team_name,seq) values (?,?,?,?,?,default)
    Hibernate: insert into ft_participants (draft_order,fantasy_game_seq,player_id,preferred_team,team_name,seq) values (?,?,?,?,?,default)
    Hibernate: insert into ft_participants (draft_order,fantasy_game_seq,player_id,preferred_team,team_name,seq) values (?,?,?,?,?,default)
    Hibernate: insert into ft_participants (draft_order,fantasy_game_seq,player_id,preferred_team,team_name,seq) values (?,?,?,?,?,default)
    Hibernate: insert into ft_participants (draft_order,fantasy_game_seq,player_id,preferred_team,team_name,seq) values (?,?,?,?,?,default)
    Hibernate: insert into ft_participants (draft_order,fantasy_game_seq,player_id,preferred_team,team_name,seq) values (?,?,?,?,?,default)
    Hibernate: insert into ft_participants (draft_order,fantasy_game_seq,player_id,preferred_team,team_name,seq) values (?,?,?,?,?,default)
    Hibernate: insert into ft_participants (draft_order,fantasy_game_seq,player_id,preferred_team,team_name,seq) values (?,?,?,?,?,default)
    Hibernate: insert into ft_participants (draft_order,fantasy_game_seq,player_id,preferred_team,team_name,seq) values (?,?,?,?,?,default)
    Hibernate: insert into ft_participants (draft_order,fantasy_game_seq,player_id,preferred_team,team_name,seq) values (?,?,?,?,?,default)
    Hibernate: insert into ft_participants (draft_order,fantasy_game_seq,player_id,preferred_team,team_name,seq) values (?,?,?,?,?,default)
    Hibernate: insert into ft_participants (draft_order,fantasy_game_seq,player_id,preferred_team,team_name,seq) values (?,?,?,?,?,default)
    Hibernate: insert into ft_participants (draft_order,fantasy_game_seq,player_id,preferred_team,team_name,seq) values (?,?,?,?,?,default)
    Hibernate: insert into ft_participants (draft_order,fantasy_game_seq,player_id,preferred_team,team_name,seq) values (?,?,?,?,?,default)
    Hibernate: insert into ft_participants (draft_order,fantasy_game_seq,player_id,preferred_team,team_name,seq) values (?,?,?,?,?,default)
    Hibernate: insert into ft_participants (draft_order,fantasy_game_seq,player_id,preferred_team,team_name,seq) values (?,?,?,?,?,default)
    Hibernate: insert into ft_participants (draft_order,fantasy_game_seq,player_id,preferred_team,team_name,seq) values (?,?,?,?,?,default)
    Hibernate: insert into ft_participants (draft_order,fantasy_game_seq,player_id,preferred_team,team_name,seq) values (?,?,?,?,?,default)
    Hibernate: insert into ft_participants (draft_order,fantasy_game_seq,player_id,preferred_team,team_name,seq) values (?,?,?,?,?,default)
    Hibernate: insert into ft_participants (draft_order,fantasy_game_seq,player_id,preferred_team,team_name,seq) values (?,?,?,?,?,default)
    Hibernate: insert into ft_participants (draft_order,fantasy_game_seq,player_id,preferred_team,team_name,seq) values (?,?,?,?,?,default)
    Hibernate: insert into ft_participants (draft_order,fantasy_game_seq,player_id,preferred_team,team_name,seq) values (?,?,?,?,?,default)
    Hibernate: insert into ft_participants (draft_order,fantasy_game_seq,player_id,preferred_team,team_name,seq) values (?,?,?,?,?,default)
    Hibernate: insert into ft_participants (draft_order,fantasy_game_seq,player_id,preferred_team,team_name,seq) values (?,?,?,?,?,default)
    Hibernate: insert into ft_participants (draft_order,fantasy_game_seq,player_id,preferred_team,team_name,seq) values (?,?,?,?,?,default)
    Hibernate: insert into ft_participants (draft_order,fantasy_game_seq,player_id,preferred_team,team_name,seq) values (?,?,?,?,?,default)
    Hibernate: insert into ft_participants (draft_order,fantasy_game_seq,player_id,preferred_team,team_name,seq) values (?,?,?,?,?,default)
    Hibernate: insert into ft_participants (draft_order,fantasy_game_seq,player_id,preferred_team,team_name,seq) values (?,?,?,?,?,default)
    Hibernate: insert into ft_participants (draft_order,fantasy_game_seq,player_id,preferred_team,team_name,seq) values (?,?,?,?,?,default)
    Hibernate: insert into ft_participants (draft_order,fantasy_game_seq,player_id,preferred_team,team_name,seq) values (?,?,?,?,?,default)
    Hibernate: insert into ft_participants (draft_order,fantasy_game_seq,player_id,preferred_team,team_name,seq) values (?,?,?,?,?,default)
    Hibernate: insert into ft_participants (draft_order,fantasy_game_seq,player_id,preferred_team,team_name,seq) values (?,?,?,?,?,default)
    Hibernate: insert into ft_participants (draft_order,fantasy_game_seq,player_id,preferred_team,team_name,seq) values (?,?,?,?,?,default)
    Hibernate: insert into ft_participants (draft_order,fantasy_game_seq,player_id,preferred_team,team_name,seq) values (?,?,?,?,?,default)
    Hibernate: insert into ft_participants (draft_order,fantasy_game_seq,player_id,preferred_team,team_name,seq) values (?,?,?,?,?,default)
    Hibernate: insert into ft_participants (draft_order,fantasy_game_seq,player_id,preferred_team,team_name,seq) values (?,?,?,?,?,default)
    Hibernate: insert into ft_participants (draft_order,fantasy_game_seq,player_id,preferred_team,team_name,seq) values (?,?,?,?,?,default)
    Hibernate: insert into ft_participants (draft_order,fantasy_game_seq,player_id,preferred_team,team_name,seq) values (?,?,?,?,?,default)
    Hibernate: insert into ft_participants (draft_order,fantasy_game_seq,player_id,preferred_team,team_name,seq) values (?,?,?,?,?,default)
    Hibernate: insert into ft_participants (draft_order,fantasy_game_seq,player_id,preferred_team,team_name,seq) values (?,?,?,?,?,default)
    Hibernate: insert into ft_participants (draft_order,fantasy_game_seq,player_id,preferred_team,team_name,seq) values (?,?,?,?,?,default)
    Hibernate: insert into ft_participants (draft_order,fantasy_game_seq,player_id,preferred_team,team_name,seq) values (?,?,?,?,?,default)
    Hibernate: insert into ft_participants (draft_order,fantasy_game_seq,player_id,preferred_team,team_name,seq) values (?,?,?,?,?,default)
    Hibernate: insert into ft_participants (draft_order,fantasy_game_seq,player_id,preferred_team,team_name,seq) values (?,?,?,?,?,default)
    Hibernate: insert into ft_participants (draft_order,fantasy_game_seq,player_id,preferred_team,team_name,seq) values (?,?,?,?,?,default)
    Hibernate: insert into ft_participants (draft_order,fantasy_game_seq,player_id,preferred_team,team_name,seq) values (?,?,?,?,?,default)
    Hibernate: insert into ft_participants (draft_order,fantasy_game_seq,player_id,preferred_team,team_name,seq) values (?,?,?,?,?,default)
    Hibernate: insert into ft_participants (draft_order,fantasy_game_seq,player_id,preferred_team,team_name,seq) values (?,?,?,?,?,default)
    Hibernate: insert into ft_participants (draft_order,fantasy_game_seq,player_id,preferred_team,team_name,seq) values (?,?,?,?,?,default)
    Hibernate: insert into ft_participants (draft_order,fantasy_game_seq,player_id,preferred_team,team_name,seq) values (?,?,?,?,?,default)
    Hibernate: insert into ft_participants (draft_order,fantasy_game_seq,player_id,preferred_team,team_name,seq) values (?,?,?,?,?,default)
    Hibernate: insert into ft_participants (draft_order,fantasy_game_seq,player_id,preferred_team,team_name,seq) values (?,?,?,?,?,default)
    Hibernate: insert into ft_participants (draft_order,fantasy_game_seq,player_id,preferred_team,team_name,seq) values (?,?,?,?,?,default)
    Hibernate: insert into ft_participants (draft_order,fantasy_game_seq,player_id,preferred_team,team_name,seq) values (?,?,?,?,?,default)
    Hibernate: insert into ft_participants (draft_order,fantasy_game_seq,player_id,preferred_team,team_name,seq) values (?,?,?,?,?,default)
    Hibernate: insert into ft_participants (draft_order,fantasy_game_seq,player_id,preferred_team,team_name,seq) values (?,?,?,?,?,default)
    Hibernate: insert into ft_participants (draft_order,fantasy_game_seq,player_id,preferred_team,team_name,seq) values (?,?,?,?,?,default)
    Hibernate: insert into ft_participants (draft_order,fantasy_game_seq,player_id,preferred_team,team_name,seq) values (?,?,?,?,?,default)
    Hibernate: insert into ft_participants (draft_order,fantasy_game_seq,player_id,preferred_team,team_name,seq) values (?,?,?,?,?,default)
    Hibernate: insert into ft_participants (draft_order,fantasy_game_seq,player_id,preferred_team,team_name,seq) values (?,?,?,?,?,default)
    Hibernate: insert into ft_participants (draft_order,fantasy_game_seq,player_id,preferred_team,team_name,seq) values (?,?,?,?,?,default)
    Hibernate: insert into ft_participants (draft_order,fantasy_game_seq,player_id,preferred_team,team_name,seq) values (?,?,?,?,?,default)
    Hibernate: insert into ft_participants (draft_order,fantasy_game_seq,player_id,preferred_team,team_name,seq) values (?,?,?,?,?,default)
    Hibernate: insert into ft_participants (draft_order,fantasy_game_seq,player_id,preferred_team,team_name,seq) values (?,?,?,?,?,default)
    Hibernate: insert into ft_participants (draft_order,fantasy_game_seq,player_id,preferred_team,team_name,seq) values (?,?,?,?,?,default)
    Hibernate: insert into ft_participants (draft_order,fantasy_game_seq,player_id,preferred_team,team_name,seq) values (?,?,?,?,?,default)
    Hibernate: insert into ft_participants (draft_order,fantasy_game_seq,player_id,preferred_team,team_name,seq) values (?,?,?,?,?,default)
    Hibernate: insert into ft_participants (draft_order,fantasy_game_seq,player_id,preferred_team,team_name,seq) values (?,?,?,?,?,default)
    Hibernate: insert into ft_participants (draft_order,fantasy_game_seq,player_id,preferred_team,team_name,seq) values (?,?,?,?,?,default)
    Hibernate: insert into ft_participants (draft_order,fantasy_game_seq,player_id,preferred_team,team_name,seq) values (?,?,?,?,?,default)
    Hibernate: insert into ft_participants (draft_order,fantasy_game_seq,player_id,preferred_team,team_name,seq) values (?,?,?,?,?,default)
    Hibernate: insert into ft_participants (draft_order,fantasy_game_seq,player_id,preferred_team,team_name,seq) values (?,?,?,?,?,default)
    Hibernate: insert into ft_participants (draft_order,fantasy_game_seq,player_id,preferred_team,team_name,seq) values (?,?,?,?,?,default)
    Hibernate: insert into ft_participants (draft_order,fantasy_game_seq,player_id,preferred_team,team_name,seq) values (?,?,?,?,?,default)
    Hibernate: insert into ft_participants (draft_order,fantasy_game_seq,player_id,preferred_team,team_name,seq) values (?,?,?,?,?,default)
    Hibernate: insert into ft_participants (draft_order,fantasy_game_seq,player_id,preferred_team,team_name,seq) values (?,?,?,?,?,default)
    Hibernate: insert into ft_participants (draft_order,fantasy_game_seq,player_id,preferred_team,team_name,seq) values (?,?,?,?,?,default)
    Hibernate: insert into ft_participants (draft_order,fantasy_game_seq,player_id,preferred_team,team_name,seq) values (?,?,?,?,?,default)
    Hibernate: insert into ft_participants (draft_order,fantasy_game_seq,player_id,preferred_team,team_name,seq) values (?,?,?,?,?,default)
    Hibernate: insert into ft_participants (draft_order,fantasy_game_seq,player_id,preferred_team,team_name,seq) values (?,?,?,?,?,default)
    Hibernate: insert into ft_participants (draft_order,fantasy_game_seq,player_id,preferred_team,team_name,seq) values (?,?,?,?,?,default)
    Hibernate: insert into ft_participants (draft_order,fantasy_game_seq,player_id,preferred_team,team_name,seq) values (?,?,?,?,?,default)
    Hibernate: insert into ft_participants (draft_order,fantasy_game_seq,player_id,preferred_team,team_name,seq) values (?,?,?,?,?,default)
    Hibernate: insert into ft_participants (draft_order,fantasy_game_seq,player_id,preferred_team,team_name,seq) values (?,?,?,?,?,default)
    Hibernate: insert into ft_participants (draft_order,fantasy_game_seq,player_id,preferred_team,team_name,seq) values (?,?,?,?,?,default)
    Hibernate: insert into ft_participants (draft_order,fantasy_game_seq,player_id,preferred_team,team_name,seq) values (?,?,?,?,?,default)
    Hibernate: insert into ft_participants (draft_order,fantasy_game_seq,player_id,preferred_team,team_name,seq) values (?,?,?,?,?,default)
    Hibernate: insert into ft_participants (draft_order,fantasy_game_seq,player_id,preferred_team,team_name,seq) values (?,?,?,?,?,default)
    Hibernate: insert into ft_participants (draft_order,fantasy_game_seq,player_id,preferred_team,team_name,seq) values (?,?,?,?,?,default)
    Hibernate: insert into ft_participants (draft_order,fantasy_game_seq,player_id,preferred_team,team_name,seq) values (?,?,?,?,?,default)
    Hibernate: insert into ft_participants (draft_order,fantasy_game_seq,player_id,preferred_team,team_name,seq) values (?,?,?,?,?,default)
    Hibernate: insert into ft_participants (draft_order,fantasy_game_seq,player_id,preferred_team,team_name,seq) values (?,?,?,?,?,default)
    Hibernate: insert into ft_participants (draft_order,fantasy_game_seq,player_id,preferred_team,team_name,seq) values (?,?,?,?,?,default)
    Hibernate: insert into ft_participants (draft_order,fantasy_game_seq,player_id,preferred_team,team_name,seq) values (?,?,?,?,?,default)
    Hibernate: insert into ft_participants (draft_order,fantasy_game_seq,player_id,preferred_team,team_name,seq) values (?,?,?,?,?,default)
    Hibernate: insert into ft_participants (draft_order,fantasy_game_seq,player_id,preferred_team,team_name,seq) values (?,?,?,?,?,default)
    Hibernate: insert into ft_participants (draft_order,fantasy_game_seq,player_id,preferred_team,team_name,seq) values (?,?,?,?,?,default)
    Hibernate: insert into ft_participants (draft_order,fantasy_game_seq,player_id,preferred_team,team_name,seq) values (?,?,?,?,?,default)
    Hibernate: insert into ft_participants (draft_order,fantasy_game_seq,player_id,preferred_team,team_name,seq) values (?,?,?,?,?,default)
    Hibernate: insert into ft_participants (draft_order,fantasy_game_seq,player_id,preferred_team,team_name,seq) values (?,?,?,?,?,default)
    Hibernate: insert into ft_participants (draft_order,fantasy_game_seq,player_id,preferred_team,team_name,seq) values (?,?,?,?,?,default)
    Hibernate: insert into ft_participants (draft_order,fantasy_game_seq,player_id,preferred_team,team_name,seq) values (?,?,?,?,?,default)
    Hibernate: insert into ft_participants (draft_order,fantasy_game_seq,player_id,preferred_team,team_name,seq) values (?,?,?,?,?,default)
    Hibernate: insert into ft_participants (draft_order,fantasy_game_seq,player_id,preferred_team,team_name,seq) values (?,?,?,?,?,default)
    Hibernate: insert into ft_participants (draft_order,fantasy_game_seq,player_id,preferred_team,team_name,seq) values (?,?,?,?,?,default)
    Hibernate: insert into ft_participants (draft_order,fantasy_game_seq,player_id,preferred_team,team_name,seq) values (?,?,?,?,?,default)
    Hibernate: insert into ft_participants (draft_order,fantasy_game_seq,player_id,preferred_team,team_name,seq) values (?,?,?,?,?,default)
    Hibernate: insert into ft_participants (draft_order,fantasy_game_seq,player_id,preferred_team,team_name,seq) values (?,?,?,?,?,default)
    Hibernate: insert into ft_participants (draft_order,fantasy_game_seq,player_id,preferred_team,team_name,seq) values (?,?,?,?,?,default)
    Hibernate: insert into ft_participants (draft_order,fantasy_game_seq,player_id,preferred_team,team_name,seq) values (?,?,?,?,?,default)
    Hibernate: insert into ft_participants (draft_order,fantasy_game_seq,player_id,preferred_team,team_name,seq) values (?,?,?,?,?,default)
    Hibernate: insert into ft_participants (draft_order,fantasy_game_seq,player_id,preferred_team,team_name,seq) values (?,?,?,?,?,default)
    Hibernate: insert into ft_participants (draft_order,fantasy_game_seq,player_id,preferred_team,team_name,seq) values (?,?,?,?,?,default)
    Hibernate: insert into ft_participants (draft_order,fantasy_game_seq,player_id,preferred_team,team_name,seq) values (?,?,?,?,?,default)
    Hibernate: insert into ft_participants (draft_order,fantasy_game_seq,player_id,preferred_team,team_name,seq) values (?,?,?,?,?,default)
    Hibernate: insert into ft_participants (draft_order,fantasy_game_seq,player_id,preferred_team,team_name,seq) values (?,?,?,?,?,default)
    Hibernate: insert into ft_participants (draft_order,fantasy_game_seq,player_id,preferred_team,team_name,seq) values (?,?,?,?,?,default)
    Hibernate: insert into ft_participants (draft_order,fantasy_game_seq,player_id,preferred_team,team_name,seq) values (?,?,?,?,?,default)
    Hibernate: insert into ft_participants (draft_order,fantasy_game_seq,player_id,preferred_team,team_name,seq) values (?,?,?,?,?,default)
    Hibernate: insert into ft_participants (draft_order,fantasy_game_seq,player_id,preferred_team,team_name,seq) values (?,?,?,?,?,default)
    Hibernate: insert into ft_participants (draft_order,fantasy_game_seq,player_id,preferred_team,team_name,seq) values (?,?,?,?,?,default)
    Hibernate: insert into ft_participants (draft_order,fantasy_game_seq,player_id,preferred_team,team_name,seq) values (?,?,?,?,?,default)
    Hibernate: insert into ft_participants (draft_order,fantasy_game_seq,player_id,preferred_team,team_name,seq) values (?,?,?,?,?,default)
    Hibernate: insert into ft_participants (draft_order,fantasy_game_seq,player_id,preferred_team,team_name,seq) values (?,?,?,?,?,default)
    Hibernate: insert into ft_participants (draft_order,fantasy_game_seq,player_id,preferred_team,team_name,seq) values (?,?,?,?,?,default)
    Hibernate: insert into ft_participants (draft_order,fantasy_game_seq,player_id,preferred_team,team_name,seq) values (?,?,?,?,?,default)
    Hibernate: insert into ft_participants (draft_order,fantasy_game_seq,player_id,preferred_team,team_name,seq) values (?,?,?,?,?,default)
    Hibernate: insert into ft_participants (draft_order,fantasy_game_seq,player_id,preferred_team,team_name,seq) values (?,?,?,?,?,default)
    Hibernate: insert into ft_participants (draft_order,fantasy_game_seq,player_id,preferred_team,team_name,seq) values (?,?,?,?,?,default)
    Hibernate: insert into ft_participants (draft_order,fantasy_game_seq,player_id,preferred_team,team_name,seq) values (?,?,?,?,?,default)
    Hibernate: insert into ft_participants (draft_order,fantasy_game_seq,player_id,preferred_team,team_name,seq) values (?,?,?,?,?,default)
    Hibernate: insert into ft_participants (draft_order,fantasy_game_seq,player_id,preferred_team,team_name,seq) values (?,?,?,?,?,default)
    Hibernate: insert into ft_participants (draft_order,fantasy_game_seq,player_id,preferred_team,team_name,seq) values (?,?,?,?,?,default)
    Hibernate: insert into ft_participants (draft_order,fantasy_game_seq,player_id,preferred_team,team_name,seq) values (?,?,?,?,?,default)
    Hibernate: insert into ft_participants (draft_order,fantasy_game_seq,player_id,preferred_team,team_name,seq) values (?,?,?,?,?,default)
    Hibernate: insert into ft_participants (draft_order,fantasy_game_seq,player_id,preferred_team,team_name,seq) values (?,?,?,?,?,default)
    Hibernate: insert into ft_participants (draft_order,fantasy_game_seq,player_id,preferred_team,team_name,seq) values (?,?,?,?,?,default)
    Hibernate: insert into ft_participants (draft_order,fantasy_game_seq,player_id,preferred_team,team_name,seq) values (?,?,?,?,?,default)
    Hibernate: insert into ft_participants (draft_order,fantasy_game_seq,player_id,preferred_team,team_name,seq) values (?,?,?,?,?,default)
    Hibernate: insert into ft_participants (draft_order,fantasy_game_seq,player_id,preferred_team,team_name,seq) values (?,?,?,?,?,default)
    Hibernate: insert into ft_participants (draft_order,fantasy_game_seq,player_id,preferred_team,team_name,seq) values (?,?,?,?,?,default)
    Hibernate: insert into ft_participants (draft_order,fantasy_game_seq,player_id,preferred_team,team_name,seq) values (?,?,?,?,?,default)
    Hibernate: insert into ft_participants (draft_order,fantasy_game_seq,player_id,preferred_team,team_name,seq) values (?,?,?,?,?,default)
    Hibernate: insert into ft_participants (draft_order,fantasy_game_seq,player_id,preferred_team,team_name,seq) values (?,?,?,?,?,default)
    Hibernate: insert into ft_participants (draft_order,fantasy_game_seq,player_id,preferred_team,team_name,seq) values (?,?,?,?,?,default)
    Hibernate: insert into ft_participants (draft_order,fantasy_game_seq,player_id,preferred_team,team_name,seq) values (?,?,?,?,?,default)
    Hibernate: insert into ft_participants (draft_order,fantasy_game_seq,player_id,preferred_team,team_name,seq) values (?,?,?,?,?,default)
    Hibernate: insert into ft_participants (draft_order,fantasy_game_seq,player_id,preferred_team,team_name,seq) values (?,?,?,?,?,default)
    Hibernate: insert into ft_participants (draft_order,fantasy_game_seq,player_id,preferred_team,team_name,seq) values (?,?,?,?,?,default)
    Hibernate: insert into ft_participants (draft_order,fantasy_game_seq,player_id,preferred_team,team_name,seq) values (?,?,?,?,?,default)
    Hibernate: insert into ft_participants (draft_order,fantasy_game_seq,player_id,preferred_team,team_name,seq) values (?,?,?,?,?,default)
    Hibernate: insert into ft_participants (draft_order,fantasy_game_seq,player_id,preferred_team,team_name,seq) values (?,?,?,?,?,default)
    Hibernate: insert into ft_participants (draft_order,fantasy_game_seq,player_id,preferred_team,team_name,seq) values (?,?,?,?,?,default)
    Hibernate: insert into ft_participants (draft_order,fantasy_game_seq,player_id,preferred_team,team_name,seq) values (?,?,?,?,?,default)
    Hibernate: insert into ft_participants (draft_order,fantasy_game_seq,player_id,preferred_team,team_name,seq) values (?,?,?,?,?,default)
    Hibernate: insert into ft_participants (draft_order,fantasy_game_seq,player_id,preferred_team,team_name,seq) values (?,?,?,?,?,default)
    Hibernate: insert into ft_participants (draft_order,fantasy_game_seq,player_id,preferred_team,team_name,seq) values (?,?,?,?,?,default)
    Hibernate: insert into ft_games (created_at,draft_date,draft_time_limit,game_duration,max_participants,next_pick_deadline,rounds,rule_type,salary_cap,scoring_settings,scoring_type,status,title,use_first_pick_rule,use_team_restriction,seq) values (?,?,?,?,?,?,?,?,?,?,?,?,?,?,?,default)
    Hibernate: insert into ft_participants (draft_order,fantasy_game_seq,player_id,preferred_team,team_name,seq) values (?,?,?,?,?,default)
    Hibernate: insert into ft_games (created_at,draft_date,draft_time_limit,game_duration,max_participants,next_pick_deadline,rounds,rule_type,salary_cap,scoring_settings,scoring_type,status,title,use_first_pick_rule,use_team_restriction,seq) values (?,?,?,?,?,?,?,?,?,?,?,?,?,?,?,default)
    Hibernate: insert into ft_participants (draft_order,fantasy_game_seq,player_id,preferred_team,team_name,seq) values (?,?,?,?,?,default)
    Hibernate: insert into ft_games (created_at,draft_date,draft_time_limit,game_duration,max_participants,next_pick_deadline,rounds,rule_type,salary_cap,scoring_settings,scoring_type,status,title,use_first_pick_rule,use_team_restriction,seq) values (?,?,?,?,?,?,?,?,?,?,?,?,?,?,?,default)
    Hibernate: insert into ft_participants (draft_order,fantasy_game_seq,player_id,preferred_team,team_name,seq) values (?,?,?,?,?,default)
    Hibernate: insert into ft_games (created_at,draft_date,draft_time_limit,game_duration,max_participants,next_pick_deadline,rounds,rule_type,salary_cap,scoring_settings,scoring_type,status,title,use_first_pick_rule,use_team_restriction,seq) values (?,?,?,?,?,?,?,?,?,?,?,?,?,?,?,default)
    Hibernate: insert into ft_participants (draft_order,fantasy_game_seq,player_id,preferred_team,team_name,seq) values (?,?,?,?,?,default)
    Hibernate: insert into ft_games (created_at,draft_date,draft_time_limit,game_duration,max_participants,next_pick_deadline,rounds,rule_type,salary_cap,scoring_settings,scoring_type,status,title,use_first_pick_rule,use_team_restriction,seq) values (?,?,?,?,?,?,?,?,?,?,?,?,?,?,?,default)
    Hibernate: insert into ft_participants (draft_order,fantasy_game_seq,player_id,preferred_team,team_name,seq) values (?,?,?,?,?,default)
    Hibernate: insert into ft_games (created_at,draft_date,draft_time_limit,game_duration,max_participants,next_pick_deadline,rounds,rule_type,salary_cap,scoring_settings,scoring_type,status,title,use_first_pick_rule,use_team_restriction,seq) values (?,?,?,?,?,?,?,?,?,?,?,?,?,?,?,default)
    Hibernate: insert into ft_participants (draft_order,fantasy_game_seq,player_id,preferred_team,team_name,seq) values (?,?,?,?,?,default)
    Hibernate: insert into ft_games (created_at,draft_date,draft_time_limit,game_duration,max_participants,next_pick_deadline,rounds,rule_type,salary_cap,scoring_settings,scoring_type,status,title,use_first_pick_rule,use_team_restriction,seq) values (?,?,?,?,?,?,?,?,?,?,?,?,?,?,?,default)
    Hibernate: insert into ft_participants (draft_order,fantasy_game_seq,player_id,preferred_team,team_name,seq) values (?,?,?,?,?,default)
    Hibernate: insert into ft_games (created_at,draft_date,draft_time_limit,game_duration,max_participants,next_pick_deadline,rounds,rule_type,salary_cap,scoring_settings,scoring_type,status,title,use_first_pick_rule,use_team_restriction,seq) values (?,?,?,?,?,?,?,?,?,?,?,?,?,?,?,default)
    Hibernate: insert into ft_participants (draft_order,fantasy_game_seq,player_id,preferred_team,team_name,seq) values (?,?,?,?,?,default)
    Hibernate: insert into ft_games (created_at,draft_date,draft_time_limit,game_duration,max_participants,next_pick_deadline,rounds,rule_type,salary_cap,scoring_settings,scoring_type,status,title,use_first_pick_rule,use_team_restriction,seq) values (?,?,?,?,?,?,?,?,?,?,?,?,?,?,?,default)
    Hibernate: insert into ft_participants (draft_order,fantasy_game_seq,player_id,preferred_team,team_name,seq) values (?,?,?,?,?,default)
    Hibernate: insert into ft_games (created_at,draft_date,draft_time_limit,game_duration,max_participants,next_pick_deadline,rounds,rule_type,salary_cap,scoring_settings,scoring_type,status,title,use_first_pick_rule,use_team_restriction,seq) values (?,?,?,?,?,?,?,?,?,?,?,?,?,?,?,default)
    Hibernate: insert into ft_participants (draft_order,fantasy_game_seq,player_id,preferred_team,team_name,seq) values (?,?,?,?,?,default)
    Hibernate: select fp1_0.seq,fp1_0.draft_order,fp1_0.fantasy_game_seq,fp1_0.player_id,fp1_0.preferred_team,fp1_0.team_name from ft_participants fp1_0
    Hibernate: select fg1_0.seq,fg1_0.created_at,fg1_0.draft_date,fg1_0.draft_time_limit,fg1_0.game_duration,fg1_0.max_participants,fg1_0.next_pick_deadline,fg1_0.rounds,fg1_0.rule_type,fg1_0.salary_cap,fg1_0.scoring_settings,fg1_0.scoring_type,fg1_0.status,fg1_0.title,fg1_0.use_first_pick_rule,fg1_0.use_team_restriction from ft_games fg1_0 where fg1_0.seq in (?,?,?,?,?,?,?,?,?,?)
    findDraftingGameId execution time: 58.844667 ms
    Hibernate: select fp1_0.seq,fp1_0.draft_order,fp1_0.fantasy_game_seq,fp1_0.player_id,fp1_0.preferred_team,fp1_0.team_name from ft_participants fp1_0
    Hibernate: delete from ft_participants where seq=?
    Hibernate: delete from ft_participants where seq=?
    Hibernate: delete from ft_participants where seq=?
    Hibernate: delete from ft_participants where seq=?
    Hibernate: delete from ft_participants where seq=?
    Hibernate: delete from ft_participants where seq=?
    Hibernate: delete from ft_participants where seq=?
    Hibernate: delete from ft_participants where seq=?
    Hibernate: delete from ft_participants where seq=?
    Hibernate: delete from ft_participants where seq=?
    Hibernate: delete from ft_participants where seq=?
    Hibernate: delete from ft_participants where seq=?
    Hibernate: delete from ft_participants where seq=?
    Hibernate: delete from ft_participants where seq=?
    Hibernate: delete from ft_participants where seq=?
    Hibernate: delete from ft_participants where seq=?
    Hibernate: delete from ft_participants where seq=?
    Hibernate: delete from ft_participants where seq=?
    Hibernate: delete from ft_participants where seq=?
    Hibernate: delete from ft_participants where seq=?
    Hibernate: delete from ft_participants where seq=?
    Hibernate: delete from ft_participants where seq=?
    Hibernate: delete from ft_participants where seq=?
    Hibernate: delete from ft_participants where seq=?
    Hibernate: delete from ft_participants where seq=?
    Hibernate: delete from ft_participants where seq=?
    Hibernate: delete from ft_participants where seq=?
    Hibernate: delete from ft_participants where seq=?
    Hibernate: delete from ft_participants where seq=?
    Hibernate: delete from ft_participants where seq=?
    Hibernate: delete from ft_participants where seq=?
    Hibernate: delete from ft_participants where seq=?
    Hibernate: delete from ft_participants where seq=?
    Hibernate: delete from ft_participants where seq=?
    Hibernate: delete from ft_participants where seq=?
    Hibernate: delete from ft_participants where seq=?
    Hibernate: delete from ft_participants where seq=?
    Hibernate: delete from ft_participants where seq=?
    Hibernate: delete from ft_participants where seq=?
    Hibernate: delete from ft_participants where seq=?
    Hibernate: delete from ft_participants where seq=?
    Hibernate: delete from ft_participants where seq=?
    Hibernate: delete from ft_participants where seq=?
    Hibernate: delete from ft_participants where seq=?
    Hibernate: delete from ft_participants where seq=?
    Hibernate: delete from ft_participants where seq=?
    Hibernate: delete from ft_participants where seq=?
    Hibernate: delete from ft_participants where seq=?
    Hibernate: delete from ft_participants where seq=?
    Hibernate: delete from ft_participants where seq=?
    Hibernate: delete from ft_participants where seq=?
    Hibernate: delete from ft_participants where seq=?
    Hibernate: delete from ft_participants where seq=?
    Hibernate: delete from ft_participants where seq=?
    Hibernate: delete from ft_participants where seq=?
    Hibernate: delete from ft_participants where seq=?
    Hibernate: delete from ft_participants where seq=?
    Hibernate: delete from ft_participants where seq=?
    Hibernate: delete from ft_participants where seq=?
    Hibernate: delete from ft_participants where seq=?
    Hibernate: delete from ft_participants where seq=?
    Hibernate: delete from ft_participants where seq=?
    Hibernate: delete from ft_participants where seq=?
    Hibernate: delete from ft_participants where seq=?
    Hibernate: delete from ft_participants where seq=?
    Hibernate: delete from ft_participants where seq=?
    Hibernate: delete from ft_participants where seq=?
    Hibernate: delete from ft_participants where seq=?
    Hibernate: delete from ft_participants where seq=?
    Hibernate: delete from ft_participants where seq=?
    Hibernate: delete from ft_participants where seq=?
    Hibernate: delete from ft_participants where seq=?
    Hibernate: delete from ft_participants where seq=?
    Hibernate: delete from ft_participants where seq=?
    Hibernate: delete from ft_participants where seq=?
    Hibernate: delete from ft_participants where seq=?
    Hibernate: delete from ft_participants where seq=?
    Hibernate: delete from ft_participants where seq=?
    Hibernate: delete from ft_participants where seq=?
    Hibernate: delete from ft_participants where seq=?
    Hibernate: delete from ft_participants where seq=?
    Hibernate: delete from ft_participants where seq=?
    Hibernate: delete from ft_participants where seq=?
    Hibernate: delete from ft_participants where seq=?
    Hibernate: delete from ft_participants where seq=?
    Hibernate: delete from ft_participants where seq=?
    Hibernate: delete from ft_participants where seq=?
    Hibernate: delete from ft_participants where seq=?
    Hibernate: delete from ft_participants where seq=?
    Hibernate: delete from ft_participants where seq=?
    Hibernate: delete from ft_participants where seq=?
    Hibernate: delete from ft_participants where seq=?
    Hibernate: delete from ft_participants where seq=?
    Hibernate: delete from ft_participants where seq=?
    Hibernate: delete from ft_participants where seq=?
    Hibernate: delete from ft_participants where seq=?
    Hibernate: delete from ft_participants where seq=?
    Hibernate: delete from ft_participants where seq=?
    Hibernate: delete from ft_participants where seq=?
    Hibernate: delete from ft_participants where seq=?
    Hibernate: delete from ft_participants where seq=?
    Hibernate: delete from ft_participants where seq=?
    Hibernate: delete from ft_participants where seq=?
    Hibernate: delete from ft_participants where seq=?
    Hibernate: delete from ft_participants where seq=?
    Hibernate: delete from ft_participants where seq=?
    Hibernate: delete from ft_participants where seq=?
    Hibernate: delete from ft_participants where seq=?
    Hibernate: delete from ft_participants where seq=?
    Hibernate: delete from ft_participants where seq=?
    Hibernate: delete from ft_participants where seq=?
    Hibernate: delete from ft_participants where seq=?
    Hibernate: delete from ft_participants where seq=?
    Hibernate: delete from ft_participants where seq=?
    Hibernate: delete from ft_participants where seq=?
    Hibernate: delete from ft_participants where seq=?
    Hibernate: delete from ft_participants where seq=?
    Hibernate: delete from ft_participants where seq=?
    Hibernate: delete from ft_participants where seq=?
    Hibernate: delete from ft_participants where seq=?
    Hibernate: delete from ft_participants where seq=?
    Hibernate: delete from ft_participants where seq=?
    Hibernate: delete from ft_participants where seq=?
    Hibernate: delete from ft_participants where seq=?
    Hibernate: delete from ft_participants where seq=?
    Hibernate: delete from ft_participants where seq=?
    Hibernate: delete from ft_participants where seq=?
    Hibernate: delete from ft_participants where seq=?
    Hibernate: delete from ft_participants where seq=?
    Hibernate: delete from ft_participants where seq=?
    Hibernate: delete from ft_participants where seq=?
    Hibernate: delete from ft_participants where seq=?
    Hibernate: delete from ft_participants where seq=?
    Hibernate: delete from ft_participants where seq=?
    Hibernate: delete from ft_participants where seq=?
    Hibernate: delete from ft_participants where seq=?
    Hibernate: delete from ft_participants where seq=?
    Hibernate: delete from ft_participants where seq=?
    Hibernate: delete from ft_participants where seq=?
    Hibernate: delete from ft_participants where seq=?
    Hibernate: delete from ft_participants where seq=?
    Hibernate: delete from ft_participants where seq=?
    Hibernate: delete from ft_participants where seq=?
    Hibernate: delete from ft_participants where seq=?
    Hibernate: delete from ft_participants where seq=?
    Hibernate: delete from ft_participants where seq=?
    Hibernate: delete from ft_participants where seq=?
    Hibernate: delete from ft_participants where seq=?
    Hibernate: delete from ft_participants where seq=?
    Hibernate: delete from ft_participants where seq=?
    Hibernate: delete from ft_participants where seq=?
    Hibernate: delete from ft_participants where seq=?
    Hibernate: delete from ft_participants where seq=?
    Hibernate: delete from ft_participants where seq=?
    Hibernate: delete from ft_participants where seq=?
    Hibernate: delete from ft_participants where seq=?
    Hibernate: delete from ft_participants where seq=?
    Hibernate: delete from ft_participants where seq=?
    Hibernate: delete from ft_participants where seq=?
    Hibernate: delete from ft_participants where seq=?
    Hibernate: delete from ft_participants where seq=?
    Hibernate: delete from ft_participants where seq=?
    Hibernate: delete from ft_participants where seq=?
    Hibernate: delete from ft_participants where seq=?
    Hibernate: delete from ft_participants where seq=?
    Hibernate: delete from ft_participants where seq=?
    Hibernate: delete from ft_participants where seq=?
    Hibernate: delete from ft_participants where seq=?
    Hibernate: delete from ft_participants where seq=?
    Hibernate: delete from ft_participants where seq=?
    Hibernate: delete from ft_participants where seq=?
    Hibernate: delete from ft_participants where seq=?
    Hibernate: delete from ft_participants where seq=?
    Hibernate: delete from ft_participants where seq=?
    Hibernate: delete from ft_participants where seq=?
    Hibernate: delete from ft_participants where seq=?
    Hibernate: delete from ft_participants where seq=?
    Hibernate: delete from ft_participants where seq=?
    Hibernate: delete from ft_participants where seq=?
    Hibernate: delete from ft_participants where seq=?
    Hibernate: delete from ft_participants where seq=?
    Hibernate: delete from ft_participants where seq=?
    Hibernate: delete from ft_participants where seq=?
    Hibernate: delete from ft_participants where seq=?
    Hibernate: delete from ft_participants where seq=?
    Hibernate: delete from ft_participants where seq=?
    Hibernate: delete from ft_participants where seq=?
    Hibernate: delete from ft_participants where seq=?
    Hibernate: delete from ft_participants where seq=?
    Hibernate: delete from ft_participants where seq=?
    Hibernate: delete from ft_participants where seq=?
    Hibernate: delete from ft_participants where seq=?
    Hibernate: delete from ft_participants where seq=?
    Hibernate: delete from ft_participants where seq=?
    Hibernate: delete from ft_participants where seq=?
    Hibernate: delete from ft_participants where seq=?
    Hibernate: delete from ft_participants where seq=?
    Hibernate: delete from ft_participants where seq=?
    Hibernate: delete from ft_participants where seq=?
    Hibernate: delete from ft_participants where seq=?
    Hibernate: delete from ft_participants where seq=?
    Hibernate: delete from ft_participants where seq=?
    Hibernate: delete from ft_participants where seq=?
    Hibernate: delete from ft_participants where seq=?
    Hibernate: delete from ft_participants where seq=?
    Hibernate: delete from ft_participants where seq=?
    Hibernate: delete from ft_participants where seq=?
    Hibernate: delete from ft_participants where seq=?
    Hibernate: delete from ft_participants where seq=?
    Hibernate: delete from ft_participants where seq=?
    Hibernate: delete from ft_participants where seq=?
    Hibernate: delete from ft_participants where seq=?
    Hibernate: delete from ft_participants where seq=?
    Hibernate: delete from ft_participants where seq=?
    Hibernate: delete from ft_participants where seq=?
    Hibernate: delete from ft_participants where seq=?
    Hibernate: delete from ft_participants where seq=?
    Hibernate: delete from ft_participants where seq=?
    Hibernate: delete from ft_participants where seq=?
    Hibernate: delete from ft_participants where seq=?
    Hibernate: delete from ft_participants where seq=?
    Hibernate: delete from ft_participants where seq=?
    Hibernate: delete from ft_participants where seq=?
    Hibernate: delete from ft_participants where seq=?
    Hibernate: delete from ft_participants where seq=?
    Hibernate: delete from ft_participants where seq=?
    Hibernate: delete from ft_participants where seq=?
    Hibernate: delete from ft_participants where seq=?
    Hibernate: delete from ft_participants where seq=?
    Hibernate: delete from ft_participants where seq=?
    Hibernate: delete from ft_participants where seq=?
    Hibernate: delete from ft_participants where seq=?
    Hibernate: delete from ft_participants where seq=?
    Hibernate: delete from ft_participants where seq=?
    Hibernate: delete from ft_participants where seq=?
    Hibernate: delete from ft_participants where seq=?
    Hibernate: delete from ft_participants where seq=?
    Hibernate: delete from ft_participants where seq=?
    Hibernate: delete from ft_participants where seq=?
    Hibernate: delete from ft_participants where seq=?
    Hibernate: delete from ft_participants where seq=?
    Hibernate: delete from ft_participants where seq=?
    Hibernate: delete from ft_participants where seq=?
    Hibernate: delete from ft_participants where seq=?
    Hibernate: delete from ft_participants where seq=?
    Hibernate: delete from ft_participants where seq=?
    Hibernate: delete from ft_participants where seq=?
    Hibernate: delete from ft_participants where seq=?
    Hibernate: delete from ft_participants where seq=?
    Hibernate: delete from ft_participants where seq=?
    Hibernate: delete from ft_participants where seq=?
    Hibernate: delete from ft_participants where seq=?
    Hibernate: delete from ft_participants where seq=?
    Hibernate: delete from ft_participants where seq=?
    Hibernate: delete from ft_participants where seq=?
    Hibernate: delete from ft_participants where seq=?
    Hibernate: delete from ft_participants where seq=?
    Hibernate: delete from ft_participants where seq=?
    Hibernate: delete from ft_participants where seq=?
    Hibernate: delete from ft_participants where seq=?
    Hibernate: delete from ft_participants where seq=?
    Hibernate: delete from ft_participants where seq=?
    Hibernate: delete from ft_participants where seq=?
    Hibernate: delete from ft_participants where seq=?
    Hibernate: delete from ft_participants where seq=?
    Hibernate: delete from ft_participants where seq=?
    Hibernate: delete from ft_participants where seq=?
    Hibernate: delete from ft_participants where seq=?
    Hibernate: delete from ft_participants where seq=?
    Hibernate: delete from ft_participants where seq=?
    Hibernate: delete from ft_participants where seq=?
    Hibernate: delete from ft_participants where seq=?
    Hibernate: delete from ft_participants where seq=?
    Hibernate: delete from ft_participants where seq=?
    Hibernate: delete from ft_participants where seq=?
    Hibernate: delete from ft_participants where seq=?
    Hibernate: delete from ft_participants where seq=?
    Hibernate: delete from ft_participants where seq=?
    Hibernate: delete from ft_participants where seq=?
    Hibernate: delete from ft_participants where seq=?
    Hibernate: delete from ft_participants where seq=?
    Hibernate: delete from ft_participants where seq=?
    Hibernate: delete from ft_participants where seq=?
    Hibernate: delete from ft_participants where seq=?
    Hibernate: delete from ft_participants where seq=?
    Hibernate: delete from ft_participants where seq=?
    Hibernate: delete from ft_participants where seq=?
    Hibernate: delete from ft_participants where seq=?
    Hibernate: delete from ft_participants where seq=?
    Hibernate: delete from ft_participants where seq=?
    Hibernate: delete from ft_participants where seq=?
    Hibernate: delete from ft_participants where seq=?
    Hibernate: delete from ft_participants where seq=?
    Hibernate: delete from ft_participants where seq=?
    Hibernate: delete from ft_participants where seq=?
    Hibernate: delete from ft_participants where seq=?
    Hibernate: delete from ft_participants where seq=?
    Hibernate: delete from ft_participants where seq=?
    Hibernate: delete from ft_participants where seq=?
    Hibernate: delete from ft_participants where seq=?
    Hibernate: delete from ft_participants where seq=?
    Hibernate: delete from ft_participants where seq=?
    Hibernate: delete from ft_participants where seq=?
    Hibernate: delete from ft_participants where seq=?
    Hibernate: delete from ft_participants where seq=?
    Hibernate: delete from ft_participants where seq=?
    Hibernate: delete from ft_participants where seq=?
    Hibernate: delete from ft_participants where seq=?
    Hibernate: delete from ft_participants where seq=?
    Hibernate: delete from ft_participants where seq=?
    Hibernate: delete from ft_participants where seq=?
    Hibernate: delete from ft_participants where seq=?
    Hibernate: delete from ft_participants where seq=?
    Hibernate: delete from ft_participants where seq=?
    Hibernate: delete from ft_participants where seq=?
    Hibernate: delete from ft_participants where seq=?
    Hibernate: delete from ft_participants where seq=?
    Hibernate: delete from ft_participants where seq=?
    Hibernate: delete from ft_participants where seq=?
    Hibernate: delete from ft_participants where seq=?
    Hibernate: delete from ft_participants where seq=?
    Hibernate: delete from ft_participants where seq=?
    Hibernate: delete from ft_participants where seq=?
    Hibernate: delete from ft_participants where seq=?
    Hibernate: delete from ft_participants where seq=?
    Hibernate: delete from ft_participants where seq=?
    Hibernate: delete from ft_participants where seq=?
    Hibernate: delete from ft_participants where seq=?
    Hibernate: delete from ft_participants where seq=?
    Hibernate: delete from ft_participants where seq=?
    Hibernate: delete from ft_participants where seq=?
    Hibernate: delete from ft_participants where seq=?
    Hibernate: delete from ft_participants where seq=?
    Hibernate: delete from ft_participants where seq=?
    Hibernate: delete from ft_participants where seq=?
    Hibernate: delete from ft_participants where seq=?
    Hibernate: delete from ft_participants where seq=?
    Hibernate: delete from ft_participants where seq=?
    Hibernate: delete from ft_participants where seq=?
    Hibernate: delete from ft_participants where seq=?
    Hibernate: delete from ft_participants where seq=?
    Hibernate: delete from ft_participants where seq=?
    Hibernate: delete from ft_participants where seq=?
    Hibernate: delete from ft_participants where seq=?
    Hibernate: delete from ft_participants where seq=?
    Hibernate: delete from ft_participants where seq=?
    Hibernate: delete from ft_participants where seq=?
    Hibernate: delete from ft_participants where seq=?
    Hibernate: delete from ft_participants where seq=?
    Hibernate: delete from ft_participants where seq=?
    Hibernate: delete from ft_participants where seq=?
    Hibernate: delete from ft_participants where seq=?
    Hibernate: delete from ft_participants where seq=?
    Hibernate: delete from ft_participants where seq=?
    Hibernate: delete from ft_participants where seq=?
    Hibernate: delete from ft_participants where seq=?
    Hibernate: delete from ft_participants where seq=?
    Hibernate: delete from ft_participants where seq=?
    Hibernate: delete from ft_participants where seq=?
    Hibernate: delete from ft_participants where seq=?
    Hibernate: delete from ft_participants where seq=?
    Hibernate: delete from ft_participants where seq=?
    Hibernate: delete from ft_participants where seq=?
    Hibernate: delete from ft_participants where seq=?
    Hibernate: delete from ft_participants where seq=?
    Hibernate: delete from ft_participants where seq=?
    Hibernate: delete from ft_participants where seq=?
    Hibernate: delete from ft_participants where seq=?
    Hibernate: delete from ft_participants where seq=?
    Hibernate: delete from ft_participants where seq=?
    Hibernate: delete from ft_participants where seq=?
    Hibernate: delete from ft_participants where seq=?
    Hibernate: delete from ft_participants where seq=?
    Hibernate: delete from ft_participants where seq=?
    Hibernate: delete from ft_participants where seq=?
    Hibernate: delete from ft_participants where seq=?
    Hibernate: delete from ft_participants where seq=?
    Hibernate: delete from ft_participants where seq=?
    Hibernate: delete from ft_participants where seq=?
    Hibernate: delete from ft_participants where seq=?
    Hibernate: delete from ft_participants where seq=?
    Hibernate: delete from ft_participants where seq=?
    Hibernate: delete from ft_participants where seq=?
    Hibernate: delete from ft_participants where seq=?
    Hibernate: delete from ft_participants where seq=?
    Hibernate: delete from ft_participants where seq=?
    Hibernate: delete from ft_participants where seq=?
    Hibernate: delete from ft_participants where seq=?
    Hibernate: delete from ft_participants where seq=?
    Hibernate: delete from ft_participants where seq=?
    Hibernate: delete from ft_participants where seq=?
    Hibernate: delete from ft_participants where seq=?
    Hibernate: delete from ft_participants where seq=?
    Hibernate: delete from ft_participants where seq=?
    Hibernate: delete from ft_participants where seq=?
    Hibernate: delete from ft_participants where seq=?
    Hibernate: delete from ft_participants where seq=?
    Hibernate: delete from ft_participants where seq=?
    Hibernate: delete from ft_participants where seq=?
    Hibernate: delete from ft_participants where seq=?
    Hibernate: delete from ft_participants where seq=?
    Hibernate: delete from ft_participants where seq=?
    Hibernate: delete from ft_participants where seq=?
    Hibernate: delete from ft_participants where seq=?
    Hibernate: delete from ft_participants where seq=?
    Hibernate: delete from ft_participants where seq=?
    Hibernate: delete from ft_participants where seq=?
    Hibernate: delete from ft_participants where seq=?
    Hibernate: delete from ft_participants where seq=?
    Hibernate: delete from ft_participants where seq=?
    Hibernate: delete from ft_participants where seq=?
    Hibernate: delete from ft_participants where seq=?
    Hibernate: delete from ft_participants where seq=?
    Hibernate: delete from ft_participants where seq=?
    Hibernate: delete from ft_participants where seq=?
    Hibernate: delete from ft_participants where seq=?
    Hibernate: delete from ft_participants where seq=?
    Hibernate: delete from ft_participants where seq=?
    Hibernate: delete from ft_participants where seq=?
    Hibernate: delete from ft_participants where seq=?
    Hibernate: delete from ft_participants where seq=?
    Hibernate: delete from ft_participants where seq=?
    Hibernate: delete from ft_participants where seq=?
    Hibernate: delete from ft_participants where seq=?
    Hibernate: delete from ft_participants where seq=?
    Hibernate: delete from ft_participants where seq=?
    Hibernate: delete from ft_participants where seq=?
    Hibernate: delete from ft_participants where seq=?
    Hibernate: delete from ft_participants where seq=?
    Hibernate: delete from ft_participants where seq=?
    Hibernate: delete from ft_participants where seq=?
    Hibernate: delete from ft_participants where seq=?
    Hibernate: delete from ft_participants where seq=?
    Hibernate: delete from ft_participants where seq=?
    Hibernate: delete from ft_participants where seq=?
    Hibernate: delete from ft_participants where seq=?
    Hibernate: delete from ft_participants where seq=?
    Hibernate: delete from ft_participants where seq=?
    Hibernate: delete from ft_participants where seq=?
    Hibernate: delete from ft_participants where seq=?
    Hibernate: delete from ft_participants where seq=?
    Hibernate: delete from ft_participants where seq=?
    Hibernate: delete from ft_participants where seq=?
    Hibernate: delete from ft_participants where seq=?
    Hibernate: delete from ft_participants where seq=?
    Hibernate: delete from ft_participants where seq=?
    Hibernate: delete from ft_participants where seq=?
    Hibernate: delete from ft_participants where seq=?
    Hibernate: delete from ft_participants where seq=?
    Hibernate: delete from ft_participants where seq=?
    Hibernate: delete from ft_participants where seq=?
    Hibernate: delete from ft_participants where seq=?
    Hibernate: delete from ft_participants where seq=?
    Hibernate: delete from ft_participants where seq=?
    Hibernate: delete from ft_participants where seq=?
    Hibernate: delete from ft_participants where seq=?
    Hibernate: delete from ft_participants where seq=?
    Hibernate: delete from ft_participants where seq=?
    Hibernate: delete from ft_participants where seq=?
    Hibernate: delete from ft_participants where seq=?
    Hibernate: delete from ft_participants where seq=?
    Hibernate: delete from ft_participants where seq=?
    Hibernate: delete from ft_participants where seq=?
    Hibernate: delete from ft_participants where seq=?
    Hibernate: delete from ft_participants where seq=?
    Hibernate: delete from ft_participants where seq=?
    Hibernate: delete from ft_participants where seq=?
    Hibernate: delete from ft_participants where seq=?
    Hibernate: delete from ft_participants where seq=?
    Hibernate: delete from ft_participants where seq=?
    Hibernate: delete from ft_participants where seq=?
    Hibernate: delete from ft_participants where seq=?
    Hibernate: delete from ft_participants where seq=?
    Hibernate: delete from ft_participants where seq=?
    Hibernate: delete from ft_participants where seq=?
    Hibernate: delete from ft_participants where seq=?
    Hibernate: delete from ft_participants where seq=?
    Hibernate: delete from ft_participants where seq=?
    Hibernate: delete from ft_participants where seq=?
    Hibernate: delete from ft_participants where seq=?
    Hibernate: delete from ft_participants where seq=?
    Hibernate: delete from ft_participants where seq=?
    Hibernate: delete from ft_participants where seq=?
    Hibernate: delete from ft_participants where seq=?
    Hibernate: delete from ft_participants where seq=?
    Hibernate: delete from ft_participants where seq=?
    Hibernate: delete from ft_participants where seq=?
    Hibernate: delete from ft_participants where seq=?
    Hibernate: delete from ft_participants where seq=?
    Hibernate: delete from ft_participants where seq=?
    Hibernate: delete from ft_participants where seq=?
    Hibernate: delete from ft_participants where seq=?
    Hibernate: delete from ft_participants where seq=?
    Hibernate: delete from ft_participants where seq=?
    Hibernate: delete from ft_participants where seq=?
    Hibernate: delete from ft_participants where seq=?
    Hibernate: delete from ft_participants where seq=?
    Hibernate: delete from ft_participants where seq=?
    Hibernate: delete from ft_participants where seq=?
    Hibernate: delete from ft_participants where seq=?
    Hibernate: delete from ft_participants where seq=?
    Hibernate: delete from ft_participants where seq=?
    Hibernate: delete from ft_participants where seq=?
    Hibernate: delete from ft_participants where seq=?
    Hibernate: delete from ft_participants where seq=?
    Hibernate: delete from ft_participants where seq=?
    Hibernate: delete from ft_participants where seq=?
    Hibernate: delete from ft_participants where seq=?
    Hibernate: delete from ft_participants where seq=?
    Hibernate: delete from ft_participants where seq=?
    Hibernate: delete from ft_participants where seq=?
    Hibernate: delete from ft_participants where seq=?
    Hibernate: delete from ft_participants where seq=?
    Hibernate: delete from ft_participants where seq=?
    Hibernate: delete from ft_participants where seq=?
    Hibernate: delete from ft_participants where seq=?
    Hibernate: delete from ft_participants where seq=?
    Hibernate: delete from ft_participants where seq=?
    Hibernate: delete from ft_participants where seq=?
    Hibernate: delete from ft_participants where seq=?
    Hibernate: delete from ft_participants where seq=?
    Hibernate: delete from ft_participants where seq=?
    Hibernate: delete from ft_participants where seq=?
    Hibernate: delete from ft_participants where seq=?
    Hibernate: delete from ft_participants where seq=?
    Hibernate: delete from ft_participants where seq=?
    Hibernate: delete from ft_participants where seq=?
    Hibernate: delete from ft_participants where seq=?
    Hibernate: delete from ft_participants where seq=?
    Hibernate: delete from ft_participants where seq=?
    Hibernate: delete from ft_participants where seq=?
    Hibernate: delete from ft_participants where seq=?
    Hibernate: delete from ft_participants where seq=?
    Hibernate: delete from ft_participants where seq=?
    Hibernate: delete from ft_participants where seq=?
    Hibernate: delete from ft_participants where seq=?
    Hibernate: delete from ft_participants where seq=?
    Hibernate: delete from ft_participants where seq=?
    Hibernate: delete from ft_participants where seq=?
    Hibernate: delete from ft_participants where seq=?
    Hibernate: delete from ft_participants where seq=?
    Hibernate: delete from ft_participants where seq=?
    Hibernate: delete from ft_participants where seq=?
    Hibernate: delete from ft_participants where seq=?
    Hibernate: delete from ft_participants where seq=?
    Hibernate: delete from ft_participants where seq=?
    Hibernate: delete from ft_participants where seq=?
    Hibernate: delete from ft_participants where seq=?
    Hibernate: delete from ft_participants where seq=?
    Hibernate: delete from ft_participants where seq=?
    Hibernate: delete from ft_participants where seq=?
    Hibernate: delete from ft_participants where seq=?
    Hibernate: delete from ft_participants where seq=?
    Hibernate: delete from ft_participants where seq=?
    Hibernate: delete from ft_participants where seq=?
    Hibernate: delete from ft_participants where seq=?
    Hibernate: delete from ft_participants where seq=?
    Hibernate: delete from ft_participants where seq=?
    Hibernate: delete from ft_participants where seq=?
    Hibernate: delete from ft_participants where seq=?
    Hibernate: delete from ft_participants where seq=?
    Hibernate: delete from ft_participants where seq=?
    Hibernate: delete from ft_participants where seq=?
    Hibernate: delete from ft_participants where seq=?
    Hibernate: delete from ft_participants where seq=?
    Hibernate: delete from ft_participants where seq=?
    Hibernate: delete from ft_participants where seq=?
    Hibernate: delete from ft_participants where seq=?
    Hibernate: delete from ft_participants where seq=?
    Hibernate: delete from ft_participants where seq=?
    Hibernate: delete from ft_participants where seq=?
    Hibernate: delete from ft_participants where seq=?
    Hibernate: delete from ft_participants where seq=?
    Hibernate: delete from ft_participants where seq=?
    Hibernate: delete from ft_participants where seq=?
    Hibernate: delete from ft_participants where seq=?
    Hibernate: delete from ft_participants where seq=?
    Hibernate: delete from ft_participants where seq=?
    Hibernate: delete from ft_participants where seq=?
    Hibernate: delete from ft_participants where seq=?
    Hibernate: delete from ft_participants where seq=?
    Hibernate: delete from ft_participants where seq=?
    Hibernate: delete from ft_participants where seq=?
    Hibernate: delete from ft_participants where seq=?
    Hibernate: delete from ft_participants where seq=?
    Hibernate: delete from ft_participants where seq=?
    Hibernate: delete from ft_participants where seq=?
    Hibernate: delete from ft_participants where seq=?
    Hibernate: delete from ft_participants where seq=?
    Hibernate: delete from ft_participants where seq=?
    Hibernate: delete from ft_participants where seq=?
    Hibernate: delete from ft_participants where seq=?
    Hibernate: delete from ft_participants where seq=?
    Hibernate: delete from ft_participants where seq=?
    Hibernate: delete from ft_participants where seq=?
    Hibernate: delete from ft_participants where seq=?
    Hibernate: delete from ft_participants where seq=?
    Hibernate: delete from ft_participants where seq=?
    Hibernate: delete from ft_participants where seq=?
    Hibernate: delete from ft_participants where seq=?
    Hibernate: delete from ft_participants where seq=?
    Hibernate: delete from ft_participants where seq=?
    Hibernate: delete from ft_participants where seq=?
    Hibernate: delete from ft_participants where seq=?
    Hibernate: delete from ft_participants where seq=?
    Hibernate: delete from ft_participants where seq=?
    Hibernate: delete from ft_participants where seq=?
    Hibernate: delete from ft_participants where seq=?
    Hibernate: delete from ft_participants where seq=?
    Hibernate: delete from ft_participants where seq=?
    Hibernate: delete from ft_participants where seq=?
    Hibernate: delete from ft_participants where seq=?
    Hibernate: delete from ft_participants where seq=?
    Hibernate: delete from ft_participants where seq=?
    Hibernate: delete from ft_participants where seq=?
    Hibernate: delete from ft_participants where seq=?
    Hibernate: delete from ft_participants where seq=?
    Hibernate: delete from ft_participants where seq=?
    Hibernate: delete from ft_participants where seq=?
    Hibernate: delete from ft_participants where seq=?
    Hibernate: delete from ft_participants where seq=?
    Hibernate: delete from ft_participants where seq=?
    Hibernate: delete from ft_participants where seq=?
    Hibernate: delete from ft_participants where seq=?
    Hibernate: delete from ft_participants where seq=?
    Hibernate: delete from ft_participants where seq=?
    Hibernate: delete from ft_participants where seq=?
    Hibernate: delete from ft_participants where seq=?
    Hibernate: delete from ft_participants where seq=?
    Hibernate: delete from ft_participants where seq=?
    Hibernate: delete from ft_participants where seq=?
    Hibernate: delete from ft_participants where seq=?
    Hibernate: delete from ft_participants where seq=?
    Hibernate: delete from ft_participants where seq=?
    Hibernate: delete from ft_participants where seq=?
    Hibernate: delete from ft_participants where seq=?
    Hibernate: delete from ft_participants where seq=?
    Hibernate: delete from ft_participants where seq=?
    Hibernate: delete from ft_participants where seq=?
    Hibernate: delete from ft_participants where seq=?
    Hibernate: delete from ft_participants where seq=?
    Hibernate: delete from ft_participants where seq=?
    Hibernate: delete from ft_participants where seq=?
    Hibernate: delete from ft_participants where seq=?
    Hibernate: delete from ft_participants where seq=?
    Hibernate: delete from ft_participants where seq=?
    Hibernate: delete from ft_participants where seq=?
    Hibernate: delete from ft_participants where seq=?
    Hibernate: delete from ft_participants where seq=?
    Hibernate: delete from ft_participants where seq=?
    Hibernate: delete from ft_participants where seq=?
    Hibernate: delete from ft_participants where seq=?
    Hibernate: delete from ft_participants where seq=?
    Hibernate: delete from ft_participants where seq=?
    Hibernate: delete from ft_participants where seq=?
    Hibernate: delete from ft_participants where seq=?
    Hibernate: delete from ft_participants where seq=?
    Hibernate: delete from ft_participants where seq=?
    Hibernate: delete from ft_participants where seq=?
    Hibernate: delete from ft_participants where seq=?
    Hibernate: delete from ft_participants where seq=?
    Hibernate: delete from ft_participants where seq=?
    Hibernate: delete from ft_participants where seq=?
    Hibernate: delete from ft_participants where seq=?
    Hibernate: delete from ft_participants where seq=?
    Hibernate: delete from ft_participants where seq=?
    Hibernate: delete from ft_participants where seq=?
    Hibernate: delete from ft_participants where seq=?
    Hibernate: delete from ft_participants where seq=?
    Hibernate: delete from ft_participants where seq=?
    Hibernate: delete from ft_participants where seq=?
    Hibernate: delete from ft_participants where seq=?
    Hibernate: delete from ft_participants where seq=?
    Hibernate: delete from ft_participants where seq=?
    Hibernate: delete from ft_participants where seq=?
    Hibernate: delete from ft_participants where seq=?
    Hibernate: delete from ft_participants where seq=?
    Hibernate: delete from ft_participants where seq=?
    Hibernate: delete from ft_participants where seq=?
    Hibernate: delete from ft_participants where seq=?
    Hibernate: delete from ft_participants where seq=?
    Hibernate: delete from ft_participants where seq=?
    Hibernate: delete from ft_participants where seq=?
    Hibernate: delete from ft_participants where seq=?
    Hibernate: delete from ft_participants where seq=?
    Hibernate: delete from ft_participants where seq=?
    Hibernate: delete from ft_participants where seq=?
    Hibernate: delete from ft_participants where seq=?
    Hibernate: delete from ft_participants where seq=?
    Hibernate: delete from ft_participants where seq=?
    Hibernate: delete from ft_participants where seq=?
    Hibernate: delete from ft_participants where seq=?
    Hibernate: delete from ft_participants where seq=?
    Hibernate: delete from ft_participants where seq=?
    Hibernate: delete from ft_participants where seq=?
    Hibernate: delete from ft_participants where seq=?
    Hibernate: delete from ft_participants where seq=?
    Hibernate: delete from ft_participants where seq=?
    Hibernate: delete from ft_participants where seq=?
    Hibernate: delete from ft_participants where seq=?
    Hibernate: delete from ft_participants where seq=?
    Hibernate: delete from ft_participants where seq=?
    Hibernate: delete from ft_participants where seq=?
    Hibernate: delete from ft_participants where seq=?
    Hibernate: delete from ft_participants where seq=?
    Hibernate: delete from ft_participants where seq=?
    Hibernate: delete from ft_participants where seq=?
    Hibernate: delete from ft_participants where seq=?
    Hibernate: delete from ft_participants where seq=?
    Hibernate: delete from ft_participants where seq=?
    Hibernate: delete from ft_participants where seq=?
    Hibernate: delete from ft_participants where seq=?
    Hibernate: delete from ft_participants where seq=?
    Hibernate: delete from ft_participants where seq=?
    Hibernate: delete from ft_participants where seq=?
    Hibernate: delete from ft_participants where seq=?
    Hibernate: delete from ft_participants where seq=?
    Hibernate: delete from ft_participants where seq=?
    Hibernate: delete from ft_participants where seq=?
    Hibernate: delete from ft_participants where seq=?
    Hibernate: delete from ft_participants where seq=?
    Hibernate: delete from ft_participants where seq=?
    Hibernate: delete from ft_participants where seq=?
    Hibernate: delete from ft_participants where seq=?
    Hibernate: delete from ft_participants where seq=?
    Hibernate: delete from ft_participants where seq=?
    Hibernate: delete from ft_participants where seq=?
    Hibernate: delete from ft_participants where seq=?
    Hibernate: delete from ft_participants where seq=?
    Hibernate: delete from ft_participants where seq=?
    Hibernate: delete from ft_participants where seq=?
    Hibernate: delete from ft_participants where seq=?
    Hibernate: delete from ft_participants where seq=?
    Hibernate: delete from ft_participants where seq=?
    Hibernate: delete from ft_participants where seq=?
    Hibernate: delete from ft_participants where seq=?
    Hibernate: delete from ft_participants where seq=?
    Hibernate: delete from ft_participants where seq=?
    Hibernate: delete from ft_participants where seq=?
    Hibernate: delete from ft_participants where seq=?
    Hibernate: delete from ft_participants where seq=?
    Hibernate: delete from ft_participants where seq=?
    Hibernate: delete from ft_participants where seq=?
    Hibernate: delete from ft_participants where seq=?
    Hibernate: delete from ft_participants where seq=?
    Hibernate: delete from ft_participants where seq=?
    Hibernate: delete from ft_participants where seq=?
    Hibernate: delete from ft_participants where seq=?
    Hibernate: delete from ft_participants where seq=?
    Hibernate: delete from ft_participants where seq=?
    Hibernate: delete from ft_participants where seq=?
    Hibernate: delete from ft_participants where seq=?
    Hibernate: delete from ft_participants where seq=?
    Hibernate: delete from ft_participants where seq=?
    Hibernate: delete from ft_participants where seq=?
    Hibernate: delete from ft_participants where seq=?
    Hibernate: delete from ft_participants where seq=?
    Hibernate: delete from ft_participants where seq=?
    Hibernate: delete from ft_participants where seq=?
    Hibernate: delete from ft_participants where seq=?
    Hibernate: delete from ft_participants where seq=?
    Hibernate: delete from ft_participants where seq=?
    Hibernate: delete from ft_participants where seq=?
    Hibernate: delete from ft_participants where seq=?
    Hibernate: delete from ft_participants where seq=?
    Hibernate: delete from ft_participants where seq=?
    Hibernate: delete from ft_participants where seq=?
    Hibernate: delete from ft_participants where seq=?
    Hibernate: delete from ft_participants where seq=?
    Hibernate: delete from ft_participants where seq=?
    Hibernate: delete from ft_participants where seq=?
    Hibernate: delete from ft_participants where seq=?
    Hibernate: delete from ft_participants where seq=?
    Hibernate: delete from ft_participants where seq=?
    Hibernate: delete from ft_participants where seq=?
    Hibernate: delete from ft_participants where seq=?
    Hibernate: delete from ft_participants where seq=?
    Hibernate: delete from ft_participants where seq=?
    Hibernate: delete from ft_participants where seq=?
    Hibernate: delete from ft_participants where seq=?
    Hibernate: delete from ft_participants where seq=?
    Hibernate: delete from ft_participants where seq=?
    Hibernate: delete from ft_participants where seq=?
    Hibernate: delete from ft_participants where seq=?
    Hibernate: delete from ft_participants where seq=?
    Hibernate: delete from ft_participants where seq=?
    Hibernate: delete from ft_participants where seq=?
    Hibernate: delete from ft_participants where seq=?
    Hibernate: delete from ft_participants where seq=?
    Hibernate: delete from ft_participants where seq=?
    Hibernate: delete from ft_participants where seq=?
    Hibernate: delete from ft_participants where seq=?
    Hibernate: delete from ft_participants where seq=?
    Hibernate: delete from ft_participants where seq=?
    Hibernate: delete from ft_participants where seq=?
    Hibernate: delete from ft_participants where seq=?
    Hibernate: delete from ft_participants where seq=?
    Hibernate: delete from ft_participants where seq=?
    Hibernate: delete from ft_participants where seq=?
    Hibernate: delete from ft_participants where seq=?
    Hibernate: delete from ft_participants where seq=?
    Hibernate: delete from ft_participants where seq=?
    Hibernate: delete from ft_participants where seq=?
    Hibernate: delete from ft_participants where seq=?
    Hibernate: delete from ft_participants where seq=?
    Hibernate: delete from ft_participants where seq=?
    Hibernate: delete from ft_participants where seq=?
    Hibernate: delete from ft_participants where seq=?
    Hibernate: delete from ft_participants where seq=?
    Hibernate: delete from ft_participants where seq=?
    Hibernate: delete from ft_participants where seq=?
    Hibernate: delete from ft_participants where seq=?
    Hibernate: delete from ft_participants where seq=?
    Hibernate: delete from ft_participants where seq=?
    Hibernate: delete from ft_participants where seq=?
    Hibernate: delete from ft_participants where seq=?
    Hibernate: delete from ft_participants where seq=?
    Hibernate: delete from ft_participants where seq=?
    Hibernate: delete from ft_participants where seq=?
    Hibernate: delete from ft_participants where seq=?
    Hibernate: delete from ft_participants where seq=?
    Hibernate: delete from ft_participants where seq=?
    Hibernate: delete from ft_participants where seq=?
    Hibernate: delete from ft_participants where seq=?
    Hibernate: delete from ft_participants where seq=?
    Hibernate: delete from ft_participants where seq=?
    Hibernate: delete from ft_participants where seq=?
    Hibernate: delete from ft_participants where seq=?
    Hibernate: delete from ft_participants where seq=?
    Hibernate: delete from ft_participants where seq=?
    Hibernate: delete from ft_participants where seq=?
    Hibernate: delete from ft_participants where seq=?
    Hibernate: delete from ft_participants where seq=?
    Hibernate: delete from ft_participants where seq=?
    Hibernate: delete from ft_participants where seq=?
    Hibernate: delete from ft_participants where seq=?
    Hibernate: delete from ft_participants where seq=?
    Hibernate: delete from ft_participants where seq=?
    Hibernate: delete from ft_participants where seq=?
    Hibernate: delete from ft_participants where seq=?
    Hibernate: delete from ft_participants where seq=?
    Hibernate: delete from ft_participants where seq=?
    Hibernate: delete from ft_participants where seq=?
    Hibernate: delete from ft_participants where seq=?
    Hibernate: delete from ft_participants where seq=?
    Hibernate: delete from ft_participants where seq=?
    Hibernate: delete from ft_participants where seq=?
    Hibernate: delete from ft_participants where seq=?
    Hibernate: delete from ft_participants where seq=?
    Hibernate: delete from ft_participants where seq=?
    Hibernate: delete from ft_participants where seq=?
    Hibernate: delete from ft_participants where seq=?
    Hibernate: delete from ft_participants where seq=?
    Hibernate: delete from ft_participants where seq=?
    Hibernate: delete from ft_participants where seq=?
    Hibernate: delete from ft_participants where seq=?
    Hibernate: delete from ft_participants where seq=?
    Hibernate: delete from ft_participants where seq=?
    Hibernate: delete from ft_participants where seq=?
    Hibernate: delete from ft_participants where seq=?
    Hibernate: delete from ft_participants where seq=?
    Hibernate: delete from ft_participants where seq=?
    Hibernate: delete from ft_participants where seq=?
    Hibernate: delete from ft_participants where seq=?
    Hibernate: delete from ft_participants where seq=?
    Hibernate: delete from ft_participants where seq=?
    Hibernate: delete from ft_participants where seq=?
    Hibernate: delete from ft_participants where seq=?
    Hibernate: delete from ft_participants where seq=?
    Hibernate: delete from ft_participants where seq=?
    Hibernate: delete from ft_participants where seq=?
    Hibernate: delete from ft_participants where seq=?
    Hibernate: delete from ft_participants where seq=?
    Hibernate: delete from ft_participants where seq=?
    Hibernate: delete from ft_participants where seq=?
    Hibernate: delete from ft_participants where seq=?
    Hibernate: delete from ft_participants where seq=?
    Hibernate: delete from ft_participants where seq=?
    Hibernate: delete from ft_participants where seq=?
    Hibernate: delete from ft_participants where seq=?
    Hibernate: delete from ft_participants where seq=?
    Hibernate: delete from ft_participants where seq=?
    Hibernate: delete from ft_participants where seq=?
    Hibernate: delete from ft_participants where seq=?
    Hibernate: delete from ft_participants where seq=?
    Hibernate: delete from ft_participants where seq=?
    Hibernate: delete from ft_participants where seq=?
    Hibernate: delete from ft_participants where seq=?
    Hibernate: delete from ft_participants where seq=?
    Hibernate: delete from ft_participants where seq=?
    Hibernate: delete from ft_participants where seq=?
    Hibernate: delete from ft_participants where seq=?
    Hibernate: delete from ft_participants where seq=?
    Hibernate: delete from ft_participants where seq=?
    Hibernate: delete from ft_participants where seq=?
    Hibernate: delete from ft_participants where seq=?
    Hibernate: delete from ft_participants where seq=?
    Hibernate: delete from ft_participants where seq=?
    Hibernate: delete from ft_participants where seq=?
    Hibernate: delete from ft_participants where seq=?
    Hibernate: delete from ft_participants where seq=?
    Hibernate: delete from ft_participants where seq=?
    Hibernate: delete from ft_participants where seq=?
    Hibernate: delete from ft_participants where seq=?
    Hibernate: delete from ft_participants where seq=?
    Hibernate: delete from ft_participants where seq=?
    Hibernate: delete from ft_participants where seq=?
    Hibernate: delete from ft_participants where seq=?
    Hibernate: delete from ft_participants where seq=?
    Hibernate: delete from ft_participants where seq=?
    Hibernate: delete from ft_participants where seq=?
    Hibernate: delete from ft_participants where seq=?
    Hibernate: delete from ft_participants where seq=?
    Hibernate: delete from ft_participants where seq=?
    Hibernate: delete from ft_participants where seq=?
    Hibernate: delete from ft_participants where seq=?
    Hibernate: delete from ft_participants where seq=?
    Hibernate: delete from ft_participants where seq=?
    Hibernate: delete from ft_participants where seq=?
    Hibernate: delete from ft_participants where seq=?
    Hibernate: delete from ft_participants where seq=?
    Hibernate: delete from ft_participants where seq=?
    Hibernate: delete from ft_participants where seq=?
    Hibernate: delete from ft_participants where seq=?
    Hibernate: delete from ft_participants where seq=?
    Hibernate: delete from ft_participants where seq=?
    Hibernate: delete from ft_participants where seq=?
    Hibernate: delete from ft_participants where seq=?
    Hibernate: delete from ft_participants where seq=?
    Hibernate: delete from ft_participants where seq=?
    Hibernate: delete from ft_participants where seq=?
    Hibernate: delete from ft_participants where seq=?
    Hibernate: delete from ft_participants where seq=?
    Hibernate: delete from ft_participants where seq=?
    Hibernate: delete from ft_participants where seq=?
    Hibernate: delete from ft_participants where seq=?
    Hibernate: delete from ft_participants where seq=?
    Hibernate: delete from ft_participants where seq=?
    Hibernate: delete from ft_participants where seq=?
    Hibernate: delete from ft_participants where seq=?
    Hibernate: delete from ft_participants where seq=?
    Hibernate: delete from ft_participants where seq=?
    Hibernate: delete from ft_participants where seq=?
    Hibernate: delete from ft_participants where seq=?
    Hibernate: delete from ft_participants where seq=?
    Hibernate: delete from ft_participants where seq=?
    Hibernate: delete from ft_participants where seq=?
    Hibernate: delete from ft_participants where seq=?
    Hibernate: delete from ft_participants where seq=?
    Hibernate: delete from ft_participants where seq=?
    Hibernate: delete from ft_participants where seq=?
    Hibernate: delete from ft_participants where seq=?
    Hibernate: delete from ft_participants where seq=?
    Hibernate: delete from ft_participants where seq=?
    Hibernate: delete from ft_participants where seq=?
    Hibernate: delete from ft_participants where seq=?
    Hibernate: delete from ft_participants where seq=?
    Hibernate: delete from ft_participants where seq=?
    Hibernate: delete from ft_participants where seq=?
    Hibernate: delete from ft_participants where seq=?
    Hibernate: delete from ft_participants where seq=?
    Hibernate: delete from ft_participants where seq=?
    Hibernate: delete from ft_participants where seq=?
    Hibernate: delete from ft_participants where seq=?
    Hibernate: delete from ft_participants where seq=?
    Hibernate: delete from ft_participants where seq=?
    Hibernate: delete from ft_participants where seq=?
    Hibernate: delete from ft_participants where seq=?
    Hibernate: delete from ft_participants where seq=?
    Hibernate: delete from ft_participants where seq=?
    Hibernate: delete from ft_participants where seq=?
    Hibernate: delete from ft_participants where seq=?
    Hibernate: delete from ft_participants where seq=?
    Hibernate: delete from ft_participants where seq=?
    Hibernate: delete from ft_participants where seq=?
    Hibernate: delete from ft_participants where seq=?
    Hibernate: delete from ft_participants where seq=?
    Hibernate: delete from ft_participants where seq=?
    Hibernate: delete from ft_participants where seq=?
    Hibernate: delete from ft_participants where seq=?
    Hibernate: delete from ft_participants where seq=?
    Hibernate: delete from ft_participants where seq=?
    Hibernate: delete from ft_participants where seq=?
    Hibernate: delete from ft_participants where seq=?
    Hibernate: delete from ft_participants where seq=?
    Hibernate: delete from ft_participants where seq=?
    Hibernate: delete from ft_participants where seq=?
    Hibernate: delete from ft_participants where seq=?
    Hibernate: delete from ft_participants where seq=?
    Hibernate: delete from ft_participants where seq=?
    Hibernate: delete from ft_participants where seq=?
    Hibernate: delete from ft_participants where seq=?
    Hibernate: delete from ft_participants where seq=?
    Hibernate: delete from ft_participants where seq=?
    Hibernate: delete from ft_participants where seq=?
    Hibernate: delete from ft_participants where seq=?
    Hibernate: delete from ft_participants where seq=?
    Hibernate: delete from ft_participants where seq=?
    Hibernate: delete from ft_participants where seq=?
    Hibernate: delete from ft_participants where seq=?
    Hibernate: delete from ft_participants where seq=?
    Hibernate: delete from ft_participants where seq=?
    Hibernate: delete from ft_participants where seq=?
    Hibernate: delete from ft_participants where seq=?
    Hibernate: delete from ft_participants where seq=?
    Hibernate: delete from ft_participants where seq=?
    Hibernate: delete from ft_participants where seq=?
    Hibernate: delete from ft_participants where seq=?
    Hibernate: delete from ft_participants where seq=?
    Hibernate: delete from ft_participants where seq=?
    Hibernate: delete from ft_participants where seq=?
    Hibernate: delete from ft_participants where seq=?
    Hibernate: delete from ft_participants where seq=?
    Hibernate: delete from ft_participants where seq=?
    Hibernate: delete from ft_participants where seq=?
    Hibernate: delete from ft_participants where seq=?
    Hibernate: delete from ft_participants where seq=?
    Hibernate: delete from ft_participants where seq=?
    Hibernate: delete from ft_participants where seq=?
    Hibernate: delete from ft_participants where seq=?
    Hibernate: delete from ft_participants where seq=?
    Hibernate: delete from ft_participants where seq=?
    Hibernate: delete from ft_participants where seq=?
    Hibernate: delete from ft_participants where seq=?
    Hibernate: delete from ft_participants where seq=?
    Hibernate: delete from ft_participants where seq=?
    Hibernate: delete from ft_participants where seq=?
    Hibernate: delete from ft_participants where seq=?
    Hibernate: delete from ft_participants where seq=?
    Hibernate: delete from ft_participants where seq=?
    Hibernate: delete from ft_participants where seq=?
    Hibernate: delete from ft_participants where seq=?
    Hibernate: delete from ft_participants where seq=?
    Hibernate: delete from ft_participants where seq=?
    Hibernate: delete from ft_participants where seq=?
    Hibernate: delete from ft_participants where seq=?
    Hibernate: delete from ft_participants where seq=?
    Hibernate: delete from ft_participants where seq=?
    Hibernate: delete from ft_participants where seq=?
    Hibernate: delete from ft_participants where seq=?
    Hibernate: delete from ft_participants where seq=?
    Hibernate: delete from ft_participants where seq=?
    Hibernate: delete from ft_participants where seq=?
    Hibernate: delete from ft_participants where seq=?
    Hibernate: delete from ft_participants where seq=?
    Hibernate: delete from ft_participants where seq=?
    Hibernate: delete from ft_participants where seq=?
    Hibernate: delete from ft_participants where seq=?
    Hibernate: delete from ft_participants where seq=?
    Hibernate: delete from ft_participants where seq=?
    Hibernate: delete from ft_participants where seq=?
    Hibernate: delete from ft_participants where seq=?
    Hibernate: delete from ft_participants where seq=?
    Hibernate: delete from ft_participants where seq=?
    Hibernate: delete from ft_participants where seq=?
    Hibernate: delete from ft_participants where seq=?
    Hibernate: delete from ft_participants where seq=?
    Hibernate: delete from ft_participants where seq=?
    Hibernate: delete from ft_participants where seq=?
    Hibernate: delete from ft_participants where seq=?
    Hibernate: delete from ft_participants where seq=?
    Hibernate: delete from ft_participants where seq=?
    Hibernate: delete from ft_participants where seq=?
    Hibernate: delete from ft_participants where seq=?
    Hibernate: delete from ft_participants where seq=?
    Hibernate: delete from ft_participants where seq=?
    Hibernate: delete from ft_participants where seq=?
    Hibernate: delete from ft_participants where seq=?
    Hibernate: delete from ft_participants where seq=?
    Hibernate: delete from ft_participants where seq=?
    Hibernate: delete from ft_participants where seq=?
    Hibernate: delete from ft_participants where seq=?
    Hibernate: delete from ft_participants where seq=?
    Hibernate: delete from ft_participants where seq=?
    Hibernate: delete from ft_participants where seq=?
    Hibernate: delete from ft_participants where seq=?
    Hibernate: delete from ft_participants where seq=?
    Hibernate: delete from ft_participants where seq=?
    Hibernate: delete from ft_participants where seq=?
    Hibernate: delete from ft_participants where seq=?
    Hibernate: delete from ft_participants where seq=?
    Hibernate: delete from ft_participants where seq=?
    Hibernate: delete from ft_participants where seq=?
    Hibernate: delete from ft_participants where seq=?
    Hibernate: delete from ft_participants where seq=?
    Hibernate: delete from ft_participants where seq=?
    Hibernate: delete from ft_participants where seq=?
    Hibernate: delete from ft_participants where seq=?
    Hibernate: delete from ft_participants where seq=?
    Hibernate: delete from ft_participants where seq=?
    Hibernate: delete from ft_participants where seq=?
    Hibernate: delete from ft_participants where seq=?
    Hibernate: delete from ft_participants where seq=?
    Hibernate: delete from ft_participants where seq=?
    Hibernate: delete from ft_participants where seq=?
    Hibernate: delete from ft_participants where seq=?
    Hibernate: delete from ft_participants where seq=?
    Hibernate: delete from ft_participants where seq=?
    Hibernate: delete from ft_participants where seq=?
    Hibernate: delete from ft_participants where seq=?
    Hibernate: delete from ft_participants where seq=?
    Hibernate: delete from ft_participants where seq=?
    Hibernate: delete from ft_participants where seq=?
    Hibernate: delete from ft_participants where seq=?
    Hibernate: delete from ft_participants where seq=?
    Hibernate: delete from ft_participants where seq=?
    Hibernate: delete from ft_participants where seq=?
    Hibernate: delete from ft_participants where seq=?
    Hibernate: delete from ft_participants where seq=?
    Hibernate: delete from ft_participants where seq=?
    Hibernate: delete from ft_participants where seq=?
    Hibernate: delete from ft_participants where seq=?
    Hibernate: delete from ft_participants where seq=?
    Hibernate: delete from ft_participants where seq=?
    Hibernate: delete from ft_participants where seq=?
    Hibernate: delete from ft_participants where seq=?
    Hibernate: delete from ft_participants where seq=?
    Hibernate: delete from ft_participants where seq=?
    Hibernate: delete from ft_participants where seq=?
    Hibernate: delete from ft_participants where seq=?
    Hibernate: delete from ft_participants where seq=?
    Hibernate: delete from ft_participants where seq=?
    Hibernate: delete from ft_participants where seq=?
    Hibernate: delete from ft_participants where seq=?
    Hibernate: delete from ft_participants where seq=?
    Hibernate: delete from ft_participants where seq=?
    Hibernate: delete from ft_participants where seq=?
    Hibernate: delete from ft_participants where seq=?
    Hibernate: delete from ft_participants where seq=?
    Hibernate: delete from ft_participants where seq=?
    Hibernate: delete from ft_participants where seq=?
    Hibernate: delete from ft_participants where seq=?
    Hibernate: delete from ft_participants where seq=?
    Hibernate: delete from ft_participants where seq=?
    Hibernate: delete from ft_participants where seq=?
    Hibernate: delete from ft_participants where seq=?
    Hibernate: delete from ft_participants where seq=?
    Hibernate: delete from ft_participants where seq=?
    Hibernate: delete from ft_participants where seq=?
    Hibernate: delete from ft_participants where seq=?
    Hibernate: delete from ft_participants where seq=?
    Hibernate: delete from ft_participants where seq=?
    Hibernate: delete from ft_participants where seq=?
    Hibernate: delete from ft_participants where seq=?
    Hibernate: delete from ft_participants where seq=?
    Hibernate: delete from ft_participants where seq=?
    Hibernate: delete from ft_participants where seq=?
    Hibernate: delete from ft_participants where seq=?
    Hibernate: delete from ft_participants where seq=?
    Hibernate: delete from ft_participants where seq=?
    Hibernate: delete from ft_participants where seq=?
    Hibernate: delete from ft_participants where seq=?
    Hibernate: delete from ft_participants where seq=?
    Hibernate: delete from ft_participants where seq=?
    Hibernate: delete from ft_participants where seq=?
    Hibernate: delete from ft_participants where seq=?
    Hibernate: delete from ft_participants where seq=?
    Hibernate: delete from ft_participants where seq=?
    Hibernate: delete from ft_participants where seq=?
    Hibernate: delete from ft_participants where seq=?
    Hibernate: delete from ft_participants where seq=?
    Hibernate: delete from ft_participants where seq=?
    Hibernate: delete from ft_participants where seq=?
    Hibernate: delete from ft_participants where seq=?
    Hibernate: delete from ft_participants where seq=?
    Hibernate: delete from ft_participants where seq=?
    Hibernate: delete from ft_participants where seq=?
    Hibernate: delete from ft_participants where seq=?
    Hibernate: delete from ft_participants where seq=?
    Hibernate: delete from ft_participants where seq=?
    Hibernate: delete from ft_participants where seq=?
    Hibernate: delete from ft_participants where seq=?
    Hibernate: delete from ft_participants where seq=?
    Hibernate: delete from ft_participants where seq=?
    Hibernate: delete from ft_participants where seq=?
    Hibernate: delete from ft_participants where seq=?
    Hibernate: delete from ft_participants where seq=?
    Hibernate: delete from ft_participants where seq=?
    Hibernate: delete from ft_participants where seq=?
    Hibernate: delete from ft_participants where seq=?
    Hibernate: delete from ft_participants where seq=?
    Hibernate: delete from ft_participants where seq=?
    Hibernate: delete from ft_participants where seq=?
    Hibernate: delete from ft_participants where seq=?
    Hibernate: delete from ft_participants where seq=?
    Hibernate: delete from ft_participants where seq=?
    Hibernate: delete from ft_participants where seq=?
    Hibernate: delete from ft_participants where seq=?
    Hibernate: delete from ft_participants where seq=?
    Hibernate: delete from ft_participants where seq=?
    Hibernate: delete from ft_participants where seq=?
    Hibernate: delete from ft_participants where seq=?
    Hibernate: delete from ft_participants where seq=?
    Hibernate: delete from ft_participants where seq=?
    Hibernate: delete from ft_participants where seq=?
    Hibernate: delete from ft_participants where seq=?
    Hibernate: delete from ft_participants where seq=?
    Hibernate: delete from ft_participants where seq=?
    Hibernate: delete from ft_participants where seq=?
    Hibernate: delete from ft_participants where seq=?
    Hibernate: delete from ft_participants where seq=?
    Hibernate: delete from ft_participants where seq=?
    Hibernate: delete from ft_participants where seq=?
    Hibernate: delete from ft_participants where seq=?
    Hibernate: delete from ft_participants where seq=?
    Hibernate: delete from ft_participants where seq=?
    Hibernate: delete from ft_participants where seq=?
    Hibernate: delete from ft_participants where seq=?
    Hibernate: delete from ft_participants where seq=?
    Hibernate: delete from ft_participants where seq=?
    Hibernate: delete from ft_participants where seq=?
    Hibernate: delete from ft_participants where seq=?
    Hibernate: delete from ft_participants where seq=?
    Hibernate: delete from ft_participants where seq=?
    Hibernate: delete from ft_participants where seq=?
    Hibernate: delete from ft_participants where seq=?
    Hibernate: delete from ft_participants where seq=?
    Hibernate: delete from ft_participants where seq=?
    Hibernate: delete from ft_participants where seq=?
    Hibernate: delete from ft_participants where seq=?
    Hibernate: delete from ft_participants where seq=?
    Hibernate: delete from ft_participants where seq=?
    Hibernate: delete from ft_participants where seq=?
    Hibernate: delete from ft_participants where seq=?
    Hibernate: delete from ft_participants where seq=?
    Hibernate: delete from ft_participants where seq=?
    Hibernate: delete from ft_participants where seq=?
    Hibernate: delete from ft_participants where seq=?
    Hibernate: delete from ft_participants where seq=?
    Hibernate: delete from ft_participants where seq=?
    Hibernate: delete from ft_participants where seq=?
    Hibernate: delete from ft_participants where seq=?
    Hibernate: delete from ft_participants where seq=?
    Hibernate: delete from ft_participants where seq=?
    Hibernate: delete from ft_participants where seq=?
    Hibernate: delete from ft_participants where seq=?
    Hibernate: delete from ft_participants where seq=?
    Hibernate: delete from ft_participants where seq=?
    Hibernate: delete from ft_participants where seq=?
    Hibernate: delete from ft_participants where seq=?
    Hibernate: delete from ft_participants where seq=?
    Hibernate: delete from ft_participants where seq=?
    Hibernate: delete from ft_participants where seq=?
    Hibernate: delete from ft_participants where seq=?
    Hibernate: delete from ft_participants where seq=?
    Hibernate: delete from ft_participants where seq=?
    Hibernate: delete from ft_participants where seq=?
    Hibernate: delete from ft_participants where seq=?
    Hibernate: delete from ft_participants where seq=?
    Hibernate: delete from ft_participants where seq=?
    Hibernate: delete from ft_participants where seq=?
    Hibernate: delete from ft_participants where seq=?
    Hibernate: delete from ft_participants where seq=?
    Hibernate: delete from ft_participants where seq=?
    Hibernate: delete from ft_participants where seq=?
    Hibernate: delete from ft_participants where seq=?
    Hibernate: delete from ft_participants where seq=?
    Hibernate: delete from ft_participants where seq=?
    Hibernate: delete from ft_participants where seq=?
    Hibernate: delete from ft_participants where seq=?
    Hibernate: delete from ft_participants where seq=?
    Hibernate: delete from ft_participants where seq=?
    Hibernate: delete from ft_participants where seq=?
    Hibernate: delete from ft_participants where seq=?
    Hibernate: delete from ft_participants where seq=?
    Hibernate: delete from ft_participants where seq=?
    Hibernate: delete from ft_participants where seq=?
    Hibernate: delete from ft_participants where seq=?
    Hibernate: delete from ft_participants where seq=?
    Hibernate: delete from ft_participants where seq=?
    Hibernate: delete from ft_participants where seq=?
    Hibernate: delete from ft_participants where seq=?
    Hibernate: delete from ft_participants where seq=?
    Hibernate: delete from ft_participants where seq=?
    Hibernate: delete from ft_participants where seq=?
    Hibernate: delete from ft_participants where seq=?
    Hibernate: delete from ft_participants where seq=?
    Hibernate: delete from ft_participants where seq=?
    Hibernate: delete from ft_participants where seq=?
    Hibernate: delete from ft_participants where seq=?
    Hibernate: delete from ft_participants where seq=?
    Hibernate: delete from ft_participants where seq=?
    Hibernate: delete from ft_participants where seq=?
    Hibernate: delete from ft_participants where seq=?
    Hibernate: delete from ft_participants where seq=?
    Hibernate: delete from ft_participants where seq=?
    Hibernate: delete from ft_participants where seq=?
    Hibernate: delete from ft_participants where seq=?
    Hibernate: delete from ft_participants where seq=?
    Hibernate: delete from ft_participants where seq=?
    Hibernate: delete from ft_participants where seq=?
    Hibernate: delete from ft_participants where seq=?
    Hibernate: delete from ft_participants where seq=?
    Hibernate: delete from ft_participants where seq=?
    Hibernate: delete from ft_participants where seq=?
    Hibernate: delete from ft_participants where seq=?
    Hibernate: delete from ft_participants where seq=?
    Hibernate: delete from ft_participants where seq=?
    Hibernate: delete from ft_participants where seq=?
    Hibernate: delete from ft_participants where seq=?
    Hibernate: delete from ft_participants where seq=?
    Hibernate: delete from ft_participants where seq=?
    Hibernate: delete from ft_participants where seq=?
    Hibernate: delete from ft_participants where seq=?
    Hibernate: delete from ft_participants where seq=?
    Hibernate: delete from ft_participants where seq=?
    Hibernate: delete from ft_participants where seq=?
    Hibernate: delete from ft_participants where seq=?
    Hibernate: delete from ft_participants where seq=?
    Hibernate: delete from ft_participants where seq=?
    Hibernate: delete from ft_participants where seq=?
    Hibernate: delete from ft_participants where seq=?
    Hibernate: delete from ft_participants where seq=?
    Hibernate: delete from ft_participants where seq=?
    Hibernate: delete from ft_participants where seq=?
    Hibernate: delete from ft_participants where seq=?
    Hibernate: delete from ft_participants where seq=?
    Hibernate: delete from ft_participants where seq=?
    Hibernate: delete from ft_participants where seq=?
    Hibernate: delete from ft_participants where seq=?
    Hibernate: delete from ft_participants where seq=?
    Hibernate: delete from ft_participants where seq=?
    Hibernate: delete from ft_participants where seq=?
    Hibernate: delete from ft_participants where seq=?
    Hibernate: delete from ft_participants where seq=?
    Hibernate: delete from ft_participants where seq=?
    Hibernate: delete from ft_participants where seq=?
    Hibernate: delete from ft_participants where seq=?
    Hibernate: delete from ft_participants where seq=?
    Hibernate: delete from ft_participants where seq=?
    Hibernate: delete from ft_participants where seq=?
    Hibernate: delete from ft_participants where seq=?
    Hibernate: delete from ft_participants where seq=?
    Hibernate: delete from ft_participants where seq=?
    Hibernate: delete from ft_participants where seq=?
    Hibernate: delete from ft_participants where seq=?
    Hibernate: delete from ft_participants where seq=?
    Hibernate: delete from ft_participants where seq=?
    Hibernate: delete from ft_participants where seq=?
    Hibernate: delete from ft_participants where seq=?
    Hibernate: delete from ft_participants where seq=?
    Hibernate: delete from ft_participants where seq=?
    Hibernate: delete from ft_participants where seq=?
    Hibernate: delete from ft_participants where seq=?
    Hibernate: delete from ft_participants where seq=?
    Hibernate: delete from ft_participants where seq=?
    Hibernate: delete from ft_participants where seq=?
    Hibernate: delete from ft_participants where seq=?
    Hibernate: delete from ft_participants where seq=?
    Hibernate: delete from ft_participants where seq=?
    Hibernate: delete from ft_participants where seq=?
    Hibernate: delete from ft_participants where seq=?
    Hibernate: delete from ft_participants where seq=?
    Hibernate: delete from ft_participants where seq=?
    Hibernate: delete from ft_participants where seq=?
    Hibernate: delete from ft_participants where seq=?
    Hibernate: delete from ft_participants where seq=?
    Hibernate: delete from ft_participants where seq=?
    Hibernate: delete from ft_participants where seq=?
    Hibernate: delete from ft_participants where seq=?
    Hibernate: delete from ft_participants where seq=?
    Hibernate: delete from ft_participants where seq=?
    Hibernate: delete from ft_participants where seq=?
    Hibernate: delete from ft_participants where seq=?
    Hibernate: delete from ft_participants where seq=?
    Hibernate: delete from ft_participants where seq=?
    Hibernate: delete from ft_participants where seq=?
    Hibernate: delete from ft_participants where seq=?
    Hibernate: delete from ft_participants where seq=?
    Hibernate: delete from ft_participants where seq=?
    Hibernate: delete from ft_participants where seq=?
    Hibernate: delete from ft_participants where seq=?
    Hibernate: delete from ft_participants where seq=?
    Hibernate: delete from ft_participants where seq=?
    Hibernate: delete from ft_participants where seq=?
    Hibernate: delete from ft_participants where seq=?
    Hibernate: delete from ft_participants where seq=?
    Hibernate: delete from ft_participants where seq=?
    Hibernate: delete from ft_participants where seq=?
    Hibernate: delete from ft_participants where seq=?
    Hibernate: delete from ft_participants where seq=?
    Hibernate: delete from ft_participants where seq=?
    Hibernate: delete from ft_participants where seq=?
    Hibernate: delete from ft_participants where seq=?
    Hibernate: delete from ft_participants where seq=?
    Hibernate: delete from ft_participants where seq=?
    Hibernate: delete from ft_participants where seq=?
    Hibernate: delete from ft_participants where seq=?
    Hibernate: delete from ft_participants where seq=?
    Hibernate: delete from ft_participants where seq=?
    Hibernate: delete from ft_participants where seq=?
    Hibernate: delete from ft_participants where seq=?
    Hibernate: delete from ft_participants where seq=?
    Hibernate: delete from ft_participants where seq=?
    Hibernate: delete from ft_participants where seq=?
    Hibernate: delete from ft_participants where seq=?
    Hibernate: delete from ft_participants where seq=?
    Hibernate: delete from ft_participants where seq=?
    Hibernate: delete from ft_participants where seq=?
    Hibernate: delete from ft_participants where seq=?
    Hibernate: delete from ft_participants where seq=?
    Hibernate: delete from ft_participants where seq=?
    Hibernate: delete from ft_participants where seq=?
    Hibernate: delete from ft_participants where seq=?
    Hibernate: delete from ft_participants where seq=?
    Hibernate: delete from ft_participants where seq=?
    Hibernate: delete from ft_participants where seq=?
    Hibernate: delete from ft_participants where seq=?
    Hibernate: delete from ft_participants where seq=?
    Hibernate: delete from ft_participants where seq=?
    Hibernate: delete from ft_participants where seq=?
    Hibernate: delete from ft_participants where seq=?
    Hibernate: delete from ft_participants where seq=?
    Hibernate: delete from ft_participants where seq=?
    Hibernate: delete from ft_participants where seq=?
    Hibernate: delete from ft_participants where seq=?
    Hibernate: delete from ft_participants where seq=?
    Hibernate: delete from ft_participants where seq=?
    Hibernate: delete from ft_participants where seq=?
    Hibernate: delete from ft_participants where seq=?
    Hibernate: delete from ft_participants where seq=?
    Hibernate: delete from ft_participants where seq=?
    Hibernate: delete from ft_participants where seq=?
    Hibernate: delete from ft_participants where seq=?
    Hibernate: delete from ft_participants where seq=?
    Hibernate: delete from ft_participants where seq=?
    Hibernate: delete from ft_participants where seq=?
    Hibernate: delete from ft_participants where seq=?
    Hibernate: delete from ft_participants where seq=?
    Hibernate: delete from ft_participants where seq=?
    Hibernate: delete from ft_participants where seq=?
    Hibernate: delete from ft_participants where seq=?
    Hibernate: delete from ft_participants where seq=?
    Hibernate: delete from ft_participants where seq=?
    Hibernate: delete from ft_participants where seq=?
    Hibernate: delete from ft_participants where seq=?
    Hibernate: delete from ft_participants where seq=?
    Hibernate: delete from ft_participants where seq=?
    Hibernate: delete from ft_participants where seq=?
    Hibernate: delete from ft_participants where seq=?
    Hibernate: delete from ft_participants where seq=?
    Hibernate: delete from ft_participants where seq=?
    Hibernate: delete from ft_participants where seq=?
    Hibernate: delete from ft_participants where seq=?
    Hibernate: delete from ft_participants where seq=?
    Hibernate: delete from ft_participants where seq=?
    Hibernate: delete from ft_participants where seq=?
    Hibernate: delete from ft_participants where seq=?
    Hibernate: delete from ft_participants where seq=?
    Hibernate: delete from ft_participants where seq=?
    Hibernate: delete from ft_participants where seq=?
    Hibernate: delete from ft_participants where seq=?
    Hibernate: delete from ft_participants where seq=?
    Hibernate: delete from ft_participants where seq=?
    Hibernate: delete from ft_participants where seq=?
    Hibernate: delete from ft_participants where seq=?
    Hibernate: delete from ft_participants where seq=?
    Hibernate: delete from ft_participants where seq=?
    Hibernate: delete from ft_participants where seq=?
    Hibernate: delete from ft_participants where seq=?
    Hibernate: delete from ft_participants where seq=?
    Hibernate: delete from ft_participants where seq=?
    Hibernate: delete from ft_participants where seq=?
    Hibernate: delete from ft_participants where seq=?
    Hibernate: delete from ft_participants where seq=?
    Hibernate: delete from ft_participants where seq=?
    Hibernate: delete from ft_participants where seq=?
    Hibernate: delete from ft_participants where seq=?
    Hibernate: delete from ft_participants where seq=?
    Hibernate: delete from ft_participants where seq=?
    Hibernate: delete from ft_participants where seq=?
    Hibernate: delete from ft_participants where seq=?
    Hibernate: delete from ft_participants where seq=?
    Hibernate: delete from ft_participants where seq=?
    Hibernate: delete from ft_participants where seq=?
    Hibernate: delete from ft_participants where seq=?
    Hibernate: delete from ft_participants where seq=?
    Hibernate: delete from ft_participants where seq=?
    Hibernate: delete from ft_participants where seq=?
    Hibernate: delete from ft_participants where seq=?
    Hibernate: delete from ft_participants where seq=?
    Hibernate: delete from ft_participants where seq=?
    Hibernate: delete from ft_participants where seq=?
    Hibernate: delete from ft_participants where seq=?
    Hibernate: delete from ft_participants where seq=?
    Hibernate: delete from ft_participants where seq=?
    Hibernate: delete from ft_participants where seq=?
    Hibernate: delete from ft_participants where seq=?
    Hibernate: delete from ft_participants where seq=?
    Hibernate: delete from ft_participants where seq=?
    Hibernate: delete from ft_participants where seq=?
    Hibernate: delete from ft_participants where seq=?
    Hibernate: delete from ft_participants where seq=?
    Hibernate: delete from ft_participants where seq=?
    Hibernate: delete from ft_participants where seq=?
    Hibernate: delete from ft_participants where seq=?
    Hibernate: delete from ft_participants where seq=?
    Hibernate: delete from ft_participants where seq=?
    Hibernate: delete from ft_participants where seq=?
    Hibernate: delete from ft_participants where seq=?
    Hibernate: delete from ft_participants where seq=?
    Hibernate: delete from ft_participants where seq=?
    Hibernate: delete from ft_participants where seq=?
    Hibernate: delete from ft_participants where seq=?
    Hibernate: delete from ft_participants where seq=?
    Hibernate: delete from ft_participants where seq=?
    Hibernate: delete from ft_participants where seq=?
    Hibernate: delete from ft_participants where seq=?
    Hibernate: delete from ft_participants where seq=?
    Hibernate: delete from ft_participants where seq=?
    Hibernate: delete from ft_participants where seq=?
    Hibernate: delete from ft_participants where seq=?
    Hibernate: delete from ft_participants where seq=?
    Hibernate: delete from ft_participants where seq=?
    Hibernate: delete from ft_participants where seq=?
    Hibernate: delete from ft_participants where seq=?
    Hibernate: delete from ft_participants where seq=?
    Hibernate: delete from ft_participants where seq=?
    Hibernate: delete from ft_participants where seq=?
    Hibernate: delete from ft_participants where seq=?
    Hibernate: delete from ft_participants where seq=?
    Hibernate: delete from ft_participants where seq=?
    Hibernate: delete from ft_participants where seq=?
    Hibernate: delete from ft_participants where seq=?
    Hibernate: delete from ft_participants where seq=?
    Hibernate: delete from ft_participants where seq=?
    Hibernate: delete from ft_participants where seq=?
    Hibernate: delete from ft_participants where seq=?
    Hibernate: delete from ft_participants where seq=?
    Hibernate: delete from ft_participants where seq=?
    Hibernate: delete from ft_participants where seq=?
    Hibernate: delete from ft_participants where seq=?
    Hibernate: delete from ft_participants where seq=?
    Hibernate: delete from ft_participants where seq=?
    Hibernate: delete from ft_participants where seq=?
    Hibernate: delete from ft_participants where seq=?
    Hibernate: delete from ft_participants where seq=?
    Hibernate: delete from ft_participants where seq=?
    Hibernate: delete from ft_participants where seq=?
    Hibernate: delete from ft_participants where seq=?
    Hibernate: delete from ft_participants where seq=?
    Hibernate: delete from ft_participants where seq=?
    Hibernate: delete from ft_participants where seq=?
    Hibernate: delete from ft_participants where seq=?
    Hibernate: delete from ft_participants where seq=?
    Hibernate: delete from ft_participants where seq=?
    Hibernate: delete from ft_participants where seq=?
    Hibernate: delete from ft_participants where seq=?
    Hibernate: delete from ft_participants where seq=?
    Hibernate: delete from ft_participants where seq=?
    Hibernate: delete from ft_participants where seq=?
    Hibernate: delete from ft_participants where seq=?
    Hibernate: delete from ft_participants where seq=?
    Hibernate: delete from ft_participants where seq=?
    Hibernate: delete from ft_participants where seq=?
    Hibernate: delete from ft_participants where seq=?
    Hibernate: delete from ft_participants where seq=?
    Hibernate: delete from ft_participants where seq=?
    Hibernate: delete from ft_participants where seq=?
    Hibernate: delete from ft_participants where seq=?
    Hibernate: delete from ft_participants where seq=?
    Hibernate: delete from ft_participants where seq=?
    Hibernate: delete from ft_participants where seq=?
    Hibernate: delete from ft_participants where seq=?
    Hibernate: delete from ft_participants where seq=?
    Hibernate: delete from ft_participants where seq=?
    Hibernate: delete from ft_participants where seq=?
    Hibernate: delete from ft_participants where seq=?
    Hibernate: delete from ft_participants where seq=?
    Hibernate: delete from ft_participants where seq=?
    Hibernate: delete from ft_participants where seq=?
    Hibernate: delete from ft_participants where seq=?
    Hibernate: delete from ft_participants where seq=?
    Hibernate: delete from ft_participants where seq=?
    Hibernate: delete from ft_participants where seq=?
    Hibernate: delete from ft_participants where seq=?
    Hibernate: delete from ft_participants where seq=?
    Hibernate: delete from ft_participants where seq=?
    Hibernate: delete from ft_participants where seq=?
    Hibernate: delete from ft_participants where seq=?
    Hibernate: delete from ft_participants where seq=?
    Hibernate: delete from ft_participants where seq=?
    Hibernate: delete from ft_participants where seq=?
    Hibernate: delete from ft_participants where seq=?
    Hibernate: delete from ft_participants where seq=?
    Hibernate: delete from ft_participants where seq=?
    Hibernate: delete from ft_participants where seq=?
    Hibernate: delete from ft_participants where seq=?
    Hibernate: delete from ft_participants where seq=?
    Hibernate: delete from ft_participants where seq=?
    Hibernate: delete from ft_participants where seq=?
    Hibernate: delete from ft_participants where seq=?
    Hibernate: delete from ft_participants where seq=?
    Hibernate: delete from ft_participants where seq=?
    Hibernate: delete from ft_participants where seq=?
    Hibernate: delete from ft_participants where seq=?
    Hibernate: delete from ft_participants where seq=?
    Hibernate: delete from ft_participants where seq=?
    Hibernate: delete from ft_participants where seq=?
    Hibernate: delete from ft_participants where seq=?
    Hibernate: delete from ft_participants where seq=?
    Hibernate: delete from ft_participants where seq=?
    Hibernate: delete from ft_participants where seq=?
    Hibernate: delete from ft_participants where seq=?
    Hibernate: delete from ft_participants where seq=?
    Hibernate: delete from ft_participants where seq=?
    Hibernate: delete from ft_participants where seq=?
    Hibernate: delete from ft_participants where seq=?
    Hibernate: delete from ft_participants where seq=?
    Hibernate: delete from ft_participants where seq=?
    Hibernate: delete from ft_participants where seq=?
    Hibernate: delete from ft_participants where seq=?
    Hibernate: delete from ft_participants where seq=?
    Hibernate: delete from ft_participants where seq=?
    Hibernate: delete from ft_participants where seq=?
    Hibernate: delete from ft_participants where seq=?
    Hibernate: delete from ft_participants where seq=?
    Hibernate: delete from ft_participants where seq=?
    Hibernate: delete from ft_participants where seq=?
    Hibernate: delete from ft_participants where seq=?
    Hibernate: delete from ft_participants where seq=?
    Hibernate: delete from ft_participants where seq=?
    Hibernate: delete from ft_participants where seq=?
    Hibernate: delete from ft_participants where seq=?
    Hibernate: delete from ft_participants where seq=?
    Hibernate: delete from ft_participants where seq=?
    Hibernate: delete from ft_participants where seq=?
    Hibernate: delete from ft_participants where seq=?
    Hibernate: delete from ft_participants where seq=?
    Hibernate: delete from ft_participants where seq=?
    Hibernate: delete from ft_participants where seq=?
    Hibernate: delete from ft_participants where seq=?
    Hibernate: delete from ft_participants where seq=?
    Hibernate: delete from ft_participants where seq=?
    Hibernate: delete from ft_participants where seq=?
    Hibernate: delete from ft_participants where seq=?
    Hibernate: delete from ft_participants where seq=?
    Hibernate: delete from ft_participants where seq=?
    Hibernate: delete from ft_participants where seq=?
    Hibernate: delete from ft_participants where seq=?
    Hibernate: delete from ft_participants where seq=?
    Hibernate: delete from ft_participants where seq=?
    Hibernate: delete from ft_participants where seq=?
    Hibernate: delete from ft_participants where seq=?
    Hibernate: delete from ft_participants where seq=?
    Hibernate: delete from ft_participants where seq=?
    Hibernate: delete from ft_participants where seq=?
    Hibernate: delete from ft_participants where seq=?
    Hibernate: delete from ft_participants where seq=?
    Hibernate: delete from ft_participants where seq=?
    Hibernate: delete from ft_participants where seq=?
    Hibernate: delete from ft_participants where seq=?
    Hibernate: delete from ft_participants where seq=?
    Hibernate: delete from ft_participants where seq=?
    Hibernate: delete from ft_participants where seq=?
    Hibernate: delete from ft_participants where seq=?
    Hibernate: delete from ft_participants where seq=?
    Hibernate: delete from ft_participants where seq=?
    Hibernate: delete from ft_participants where seq=?
    Hibernate: delete from ft_participants where seq=?
    Hibernate: delete from ft_participants where seq=?
    Hibernate: delete from ft_participants where seq=?
    Hibernate: delete from ft_participants where seq=?
    Hibernate: delete from ft_participants where seq=?
    Hibernate: delete from ft_participants where seq=?
    Hibernate: delete from ft_participants where seq=?
    Hibernate: delete from ft_participants where seq=?
    Hibernate: delete from ft_participants where seq=?
    Hibernate: delete from ft_participants where seq=?
    Hibernate: delete from ft_participants where seq=?
    Hibernate: delete from ft_participants where seq=?
    Hibernate: delete from ft_participants where seq=?
    Hibernate: delete from ft_participants where seq=?
    Hibernate: delete from ft_participants where seq=?
    Hibernate: delete from ft_participants where seq=?
    Hibernate: delete from ft_participants where seq=?
    Hibernate: delete from ft_participants where seq=?
    Hibernate: delete from ft_participants where seq=?
    Hibernate: delete from ft_participants where seq=?
    Hibernate: delete from ft_participants where seq=?
    Hibernate: delete from ft_participants where seq=?
    Hibernate: delete from ft_participants where seq=?
    Hibernate: delete from ft_participants where seq=?
    Hibernate: delete from ft_participants where seq=?
    Hibernate: delete from ft_participants where seq=?
    Hibernate: delete from ft_participants where seq=?
    Hibernate: delete from ft_participants where seq=?
    Hibernate: delete from ft_participants where seq=?
    Hibernate: delete from ft_participants where seq=?
    Hibernate: delete from ft_participants where seq=?
    Hibernate: delete from ft_participants where seq=?
    Hibernate: delete from ft_participants where seq=?
    Hibernate: delete from ft_participants where seq=?
    Hibernate: delete from ft_participants where seq=?
    Hibernate: delete from ft_participants where seq=?
    Hibernate: delete from ft_participants where seq=?
    Hibernate: delete from ft_participants where seq=?
    Hibernate: delete from ft_participants where seq=?
    Hibernate: delete from ft_participants where seq=?
    Hibernate: delete from ft_participants where seq=?
    Hibernate: delete from ft_participants where seq=?
    Hibernate: delete from ft_participants where seq=?
    Hibernate: delete from ft_participants where seq=?
    Hibernate: delete from ft_participants where seq=?
    Hibernate: delete from ft_participants where seq=?
    Hibernate: delete from ft_participants where seq=?
    Hibernate: delete from ft_participants where seq=?
    Hibernate: delete from ft_participants where seq=?
    Hibernate: delete from ft_participants where seq=?
    Hibernate: delete from ft_participants where seq=?
    Hibernate: delete from ft_participants where seq=?
    Hibernate: delete from ft_participants where seq=?
    Hibernate: delete from ft_participants where seq=?
    Hibernate: delete from ft_participants where seq=?
    Hibernate: delete from ft_participants where seq=?
    Hibernate: delete from ft_participants where seq=?
    Hibernate: delete from ft_participants where seq=?
    Hibernate: delete from ft_participants where seq=?
    Hibernate: delete from ft_participants where seq=?
    Hibernate: delete from ft_participants where seq=?
    Hibernate: delete from ft_participants where seq=?
    Hibernate: delete from ft_participants where seq=?
    Hibernate: delete from ft_participants where seq=?
    Hibernate: delete from ft_participants where seq=?
    Hibernate: delete from ft_participants where seq=?
    Hibernate: delete from ft_participants where seq=?
    Hibernate: delete from ft_participants where seq=?
    Hibernate: delete from ft_participants where seq=?
    Hibernate: delete from ft_participants where seq=?
    Hibernate: delete from ft_participants where seq=?
    Hibernate: delete from ft_participants where seq=?
    Hibernate: delete from ft_participants where seq=?
    Hibernate: delete from ft_participants where seq=?
    Hibernate: delete from ft_participants where seq=?
    Hibernate: delete from ft_participants where seq=?
    Hibernate: delete from ft_participants where seq=?
    Hibernate: delete from ft_participants where seq=?
    Hibernate: delete from ft_participants where seq=?
    Hibernate: delete from ft_participants where seq=?
    Hibernate: delete from ft_participants where seq=?
    Hibernate: delete from ft_participants where seq=?
    Hibernate: delete from ft_participants where seq=?
    Hibernate: delete from ft_participants where seq=?
    Hibernate: delete from ft_participants where seq=?
    Hibernate: delete from ft_participants where seq=?
    Hibernate: delete from ft_participants where seq=?
    Hibernate: delete from ft_participants where seq=?
    Hibernate: delete from ft_participants where seq=?
    Hibernate: delete from ft_participants where seq=?
    Hibernate: delete from ft_participants where seq=?
    Hibernate: delete from ft_participants where seq=?
    Hibernate: delete from ft_participants where seq=?
    Hibernate: delete from ft_participants where seq=?
    Hibernate: delete from ft_participants where seq=?
    Hibernate: delete from ft_participants where seq=?
    Hibernate: delete from ft_participants where seq=?
    Hibernate: delete from ft_participants where seq=?
    Hibernate: delete from ft_participants where seq=?
    Hibernate: delete from ft_participants where seq=?
    Hibernate: delete from ft_participants where seq=?
    Hibernate: delete from ft_participants where seq=?
    Hibernate: delete from ft_participants where seq=?
    Hibernate: delete from ft_participants where seq=?
    Hibernate: delete from ft_participants where seq=?
    Hibernate: delete from ft_participants where seq=?
    Hibernate: delete from ft_participants where seq=?
    Hibernate: delete from ft_participants where seq=?
    Hibernate: delete from ft_participants where seq=?
    Hibernate: delete from ft_participants where seq=?
    Hibernate: delete from ft_participants where seq=?
    Hibernate: delete from ft_participants where seq=?
    Hibernate: delete from ft_participants where seq=?
    Hibernate: delete from ft_participants where seq=?
    Hibernate: delete from ft_participants where seq=?
    Hibernate: delete from ft_participants where seq=?
    Hibernate: delete from ft_participants where seq=?
    Hibernate: delete from ft_participants where seq=?
    Hibernate: delete from ft_participants where seq=?
    Hibernate: delete from ft_participants where seq=?
    Hibernate: delete from ft_participants where seq=?
    Hibernate: delete from ft_participants where seq=?
    Hibernate: delete from ft_participants where seq=?
    Hibernate: delete from ft_participants where seq=?
    Hibernate: delete from ft_participants where seq=?
    Hibernate: delete from ft_participants where seq=?
    Hibernate: delete from ft_participants where seq=?
    Hibernate: delete from ft_participants where seq=?
    Hibernate: delete from ft_participants where seq=?
    Hibernate: delete from ft_participants where seq=?
    Hibernate: delete from ft_participants where seq=?
    Hibernate: delete from ft_participants where seq=?
    Hibernate: delete from ft_participants where seq=?
    Hibernate: delete from ft_participants where seq=?
    Hibernate: delete from ft_participants where seq=?
    Hibernate: delete from ft_participants where seq=?
    Hibernate: delete from ft_participants where seq=?
    Hibernate: delete from ft_participants where seq=?
    Hibernate: delete from ft_participants where seq=?
    Hibernate: delete from ft_participants where seq=?
    Hibernate: delete from ft_participants where seq=?
    Hibernate: delete from ft_participants where seq=?
    Hibernate: delete from ft_participants where seq=?
    Hibernate: delete from ft_participants where seq=?
    Hibernate: delete from ft_participants where seq=?
    Hibernate: delete from ft_participants where seq=?
    Hibernate: delete from ft_participants where seq=?
    Hibernate: delete from ft_participants where seq=?
    Hibernate: delete from ft_participants where seq=?
    Hibernate: delete from ft_participants where seq=?
    Hibernate: delete from ft_participants where seq=?
    Hibernate: delete from ft_participants where seq=?
    Hibernate: delete from ft_participants where seq=?
    Hibernate: delete from ft_participants where seq=?
    Hibernate: delete from ft_participants where seq=?
    Hibernate: delete from ft_participants where seq=?
    Hibernate: delete from ft_participants where seq=?
    Hibernate: delete from ft_participants where seq=?
    Hibernate: delete from ft_participants where seq=?
    Hibernate: delete from ft_participants where seq=?
    Hibernate: delete from ft_participants where seq=?
    Hibernate: delete from ft_participants where seq=?
    Hibernate: delete from ft_participants where seq=?
    Hibernate: delete from ft_participants where seq=?
    Hibernate: delete from ft_participants where seq=?
    Hibernate: delete from ft_participants where seq=?
    Hibernate: delete from ft_participants where seq=?
    Hibernate: delete from ft_participants where seq=?
    Hibernate: delete from ft_participants where seq=?
    Hibernate: delete from ft_participants where seq=?
    Hibernate: delete from ft_participants where seq=?
    Hibernate: delete from ft_participants where seq=?
    Hibernate: delete from ft_participants where seq=?
    Hibernate: delete from ft_participants where seq=?
    Hibernate: delete from ft_participants where seq=?
    Hibernate: delete from ft_participants where seq=?
    Hibernate: delete from ft_participants where seq=?
    Hibernate: delete from ft_participants where seq=?
    Hibernate: delete from ft_participants where seq=?
    Hibernate: delete from ft_participants where seq=?
    Hibernate: delete from ft_participants where seq=?
    Hibernate: delete from ft_participants where seq=?
    Hibernate: delete from ft_participants where seq=?
    Hibernate: delete from ft_participants where seq=?
    Hibernate: delete from ft_participants where seq=?
    Hibernate: delete from ft_participants where seq=?
    Hibernate: delete from ft_participants where seq=?
    Hibernate: delete from ft_participants where seq=?
    Hibernate: delete from ft_participants where seq=?
    Hibernate: delete from ft_participants where seq=?
    Hibernate: delete from ft_participants where seq=?
    Hibernate: delete from ft_participants where seq=?
    Hibernate: delete from ft_participants where seq=?
    Hibernate: delete from ft_participants where seq=?
    Hibernate: delete from ft_participants where seq=?
    Hibernate: delete from ft_participants where seq=?
    Hibernate: delete from ft_participants where seq=?
    Hibernate: delete from ft_participants where seq=?
    Hibernate: delete from ft_participants where seq=?
    Hibernate: delete from ft_participants where seq=?
    Hibernate: delete from ft_participants where seq=?
    Hibernate: delete from ft_participants where seq=?
    Hibernate: delete from ft_participants where seq=?
    Hibernate: delete from ft_participants where seq=?
    Hibernate: delete from ft_participants where seq=?
    Hibernate: delete from ft_participants where seq=?
    Hibernate: delete from ft_participants where seq=?
    Hibernate: delete from ft_participants where seq=?
    Hibernate: delete from ft_participants where seq=?
    Hibernate: delete from ft_participants where seq=?
    Hibernate: delete from ft_participants where seq=?
    Hibernate: delete from ft_participants where seq=?
    Hibernate: delete from ft_participants where seq=?
    Hibernate: delete from ft_participants where seq=?
    Hibernate: delete from ft_participants where seq=?
    Hibernate: delete from ft_participants where seq=?
    Hibernate: delete from ft_participants where seq=?
    Hibernate: delete from ft_participants where seq=?
    Hibernate: delete from ft_participants where seq=?
    Hibernate: delete from ft_participants where seq=?
    Hibernate: delete from ft_participants where seq=?
    Hibernate: delete from ft_participants where seq=?
    Hibernate: delete from ft_participants where seq=?
    Hibernate: delete from ft_participants where seq=?
    Hibernate: delete from ft_participants where seq=?
    Hibernate: delete from ft_participants where seq=?
    Hibernate: delete from ft_participants where seq=?
    Hibernate: delete from ft_participants where seq=?
    Hibernate: delete from ft_participants where seq=?
    Hibernate: delete from ft_participants where seq=?
    Hibernate: delete from ft_participants where seq=?
    Hibernate: delete from ft_participants where seq=?
    Hibernate: delete from ft_participants where seq=?
    Hibernate: delete from ft_participants where seq=?
    Hibernate: delete from ft_participants where seq=?
    Hibernate: delete from ft_participants where seq=?
    Hibernate: delete from ft_participants where seq=?
    Hibernate: delete from ft_participants where seq=?
    Hibernate: delete from ft_participants where seq=?
    Hibernate: delete from ft_participants where seq=?
    Hibernate: delete from ft_participants where seq=?
    Hibernate: delete from ft_participants where seq=?
    Hibernate: delete from ft_participants where seq=?
    Hibernate: delete from ft_participants where seq=?
    Hibernate: delete from ft_participants where seq=?
    Hibernate: delete from ft_participants where seq=?
    Hibernate: delete from ft_participants where seq=?
    Hibernate: delete from ft_participants where seq=?
    Hibernate: delete from ft_participants where seq=?
    Hibernate: delete from ft_participants where seq=?
    Hibernate: delete from ft_participants where seq=?
    Hibernate: delete from ft_participants where seq=?
    Hibernate: delete from ft_participants where seq=?
    Hibernate: delete from ft_participants where seq=?
    Hibernate: delete from ft_participants where seq=?
    Hibernate: delete from ft_participants where seq=?
    Hibernate: delete from ft_participants where seq=?
    Hibernate: delete from ft_participants where seq=?
    Hibernate: delete from ft_participants where seq=?
    Hibernate: delete from ft_participants where seq=?
    Hibernate: delete from ft_participants where seq=?
    Hibernate: delete from ft_participants where seq=?
    Hibernate: delete from ft_participants where seq=?
    Hibernate: delete from ft_participants where seq=?
    Hibernate: delete from ft_participants where seq=?
    Hibernate: delete from ft_participants where seq=?
    Hibernate: delete from ft_participants where seq=?
    Hibernate: delete from ft_participants where seq=?
    Hibernate: delete from ft_participants where seq=?
    Hibernate: delete from ft_participants where seq=?
    Hibernate: delete from ft_participants where seq=?
    Hibernate: delete from ft_participants where seq=?
    Hibernate: delete from ft_participants where seq=?
    Hibernate: delete from ft_participants where seq=?
    Hibernate: delete from ft_participants where seq=?
    Hibernate: delete from ft_participants where seq=?
    Hibernate: delete from ft_participants where seq=?
    Hibernate: delete from ft_participants where seq=?
    Hibernate: delete from ft_participants where seq=?
    Hibernate: delete from ft_participants where seq=?
    Hibernate: delete from ft_participants where seq=?
    Hibernate: delete from ft_participants where seq=?
    Hibernate: delete from ft_participants where seq=?
    Hibernate: delete from ft_participants where seq=?
    Hibernate: delete from ft_participants where seq=?
    Hibernate: delete from ft_participants where seq=?
    Hibernate: delete from ft_participants where seq=?
    Hibernate: delete from ft_participants where seq=?
    Hibernate: delete from ft_participants where seq=?
    Hibernate: delete from ft_participants where seq=?
    Hibernate: delete from ft_participants where seq=?
    Hibernate: delete from ft_participants where seq=?
    Hibernate: delete from ft_participants where seq=?
    Hibernate: delete from ft_participants where seq=?
    Hibernate: delete from ft_participants where seq=?
    Hibernate: delete from ft_participants where seq=?
    Hibernate: delete from ft_participants where seq=?
    Hibernate: delete from ft_participants where seq=?
    Hibernate: delete from ft_participants where seq=?
    Hibernate: delete from ft_participants where seq=?
    Hibernate: delete from ft_participants where seq=?
    Hibernate: delete from ft_participants where seq=?
    Hibernate: delete from ft_participants where seq=?
    Hibernate: delete from ft_participants where seq=?
    Hibernate: delete from ft_participants where seq=?
    Hibernate: delete from ft_participants where seq=?
    Hibernate: delete from ft_participants where seq=?
    Hibernate: delete from ft_participants where seq=?
    Hibernate: delete from ft_participants where seq=?
    Hibernate: delete from ft_participants where seq=?
    Hibernate: delete from ft_participants where seq=?
    Hibernate: delete from ft_participants where seq=?
    Hibernate: delete from ft_participants where seq=?
    Hibernate: delete from ft_participants where seq=?
    Hibernate: delete from ft_participants where seq=?
    Hibernate: delete from ft_participants where seq=?
    Hibernate: delete from ft_participants where seq=?
    Hibernate: delete from ft_participants where seq=?
    Hibernate: delete from ft_participants where seq=?
    Hibernate: delete from ft_participants where seq=?
    Hibernate: delete from ft_participants where seq=?
    Hibernate: delete from ft_participants where seq=?
    Hibernate: delete from ft_participants where seq=?
    Hibernate: delete from ft_participants where seq=?
    Hibernate: delete from ft_participants where seq=?
    Hibernate: delete from ft_participants where seq=?
    Hibernate: delete from ft_participants where seq=?
    Hibernate: delete from ft_participants where seq=?
    Hibernate: delete from ft_participants where seq=?
    Hibernate: delete from ft_participants where seq=?
    Hibernate: delete from ft_participants where seq=?
    Hibernate: delete from ft_participants where seq=?
    Hibernate: delete from ft_participants where seq=?
    Hibernate: delete from ft_participants where seq=?
    Hibernate: delete from ft_participants where seq=?
    Hibernate: delete from ft_participants where seq=?
    Hibernate: delete from ft_participants where seq=?
    Hibernate: delete from ft_participants where seq=?
    Hibernate: delete from ft_participants where seq=?
    Hibernate: delete from ft_participants where seq=?
    Hibernate: delete from ft_participants where seq=?
    Hibernate: delete from ft_participants where seq=?
    Hibernate: delete from ft_participants where seq=?
    Hibernate: delete from ft_participants where seq=?
    Hibernate: delete from ft_participants where seq=?
    Hibernate: delete from ft_participants where seq=?
    Hibernate: delete from ft_participants where seq=?
    Hibernate: delete from ft_participants where seq=?
    Hibernate: delete from ft_participants where seq=?
    Hibernate: delete from ft_participants where seq=?
    Hibernate: delete from ft_participants where seq=?
    Hibernate: delete from ft_participants where seq=?
    Hibernate: delete from ft_participants where seq=?
    Hibernate: delete from ft_participants where seq=?
    Hibernate: delete from ft_participants where seq=?
    Hibernate: delete from ft_participants where seq=?
    Hibernate: delete from ft_participants where seq=?
    Hibernate: delete from ft_participants where seq=?
    Hibernate: delete from ft_participants where seq=?
    Hibernate: delete from ft_participants where seq=?
    Hibernate: delete from ft_participants where seq=?
    Hibernate: delete from ft_participants where seq=?
    Hibernate: delete from ft_participants where seq=?
    Hibernate: delete from ft_participants where seq=?
    Hibernate: delete from ft_participants where seq=?
    Hibernate: delete from ft_participants where seq=?
    Hibernate: delete from ft_participants where seq=?
    Hibernate: delete from ft_participants where seq=?
    Hibernate: delete from ft_participants where seq=?
    Hibernate: delete from ft_participants where seq=?
    Hibernate: delete from ft_participants where seq=?
    Hibernate: delete from ft_participants where seq=?
    Hibernate: delete from ft_participants where seq=?
    Hibernate: delete from ft_participants where seq=?
    Hibernate: delete from ft_participants where seq=?
    Hibernate: delete from ft_participants where seq=?
    Hibernate: delete from ft_participants where seq=?
    Hibernate: delete from ft_participants where seq=?
    Hibernate: delete from ft_participants where seq=?
    Hibernate: delete from ft_participants where seq=?
    Hibernate: delete from ft_participants where seq=?
    Hibernate: delete from ft_participants where seq=?
    Hibernate: delete from ft_participants where seq=?
    Hibernate: delete from ft_participants where seq=?
    Hibernate: delete from ft_participants where seq=?
    Hibernate: delete from ft_participants where seq=?
    Hibernate: delete from ft_participants where seq=?
    Hibernate: delete from ft_participants where seq=?
    Hibernate: delete from ft_participants where seq=?
    Hibernate: delete from ft_participants where seq=?
    Hibernate: delete from ft_participants where seq=?
    Hibernate: delete from ft_participants where seq=?
    Hibernate: delete from ft_participants where seq=?
    Hibernate: delete from ft_participants where seq=?
    Hibernate: delete from ft_participants where seq=?
    Hibernate: delete from ft_participants where seq=?
    Hibernate: delete from ft_participants where seq=?
    Hibernate: delete from ft_participants where seq=?
    Hibernate: delete from ft_participants where seq=?
    Hibernate: delete from ft_participants where seq=?
    Hibernate: delete from ft_participants where seq=?
    Hibernate: delete from ft_participants where seq=?
    Hibernate: delete from ft_participants where seq=?
    Hibernate: delete from ft_participants where seq=?
    Hibernate: delete from ft_participants where seq=?
    Hibernate: delete from ft_participants where seq=?
    Hibernate: delete from ft_participants where seq=?
    Hibernate: delete from ft_participants where seq=?
    Hibernate: delete from ft_participants where seq=?
    Hibernate: delete from ft_participants where seq=?
    Hibernate: delete from ft_participants where seq=?
    Hibernate: delete from ft_participants where seq=?
    Hibernate: delete from ft_participants where seq=?
    Hibernate: delete from ft_participants where seq=?
    Hibernate: delete from ft_participants where seq=?
    Hibernate: delete from ft_participants where seq=?
    Hibernate: delete from ft_participants where seq=?
    Hibernate: delete from ft_participants where seq=?
    Hibernate: delete from ft_participants where seq=?
    Hibernate: delete from ft_participants where seq=?
    Hibernate: delete from ft_participants where seq=?
    Hibernate: delete from ft_participants where seq=?
    Hibernate: delete from ft_participants where seq=?
    Hibernate: delete from ft_participants where seq=?
    Hibernate: delete from ft_participants where seq=?
    Hibernate: delete from ft_participants where seq=?
    Hibernate: delete from ft_participants where seq=?
    Hibernate: delete from ft_participants where seq=?
    Hibernate: delete from ft_participants where seq=?
    Hibernate: delete from ft_participants where seq=?
    Hibernate: delete from ft_participants where seq=?
    Hibernate: delete from ft_participants where seq=?
    Hibernate: delete from ft_participants where seq=?
    Hibernate: delete from ft_participants where seq=?
    Hibernate: delete from ft_participants where seq=?
    Hibernate: delete from ft_participants where seq=?
    Hibernate: delete from ft_participants where seq=?
    Hibernate: delete from ft_participants where seq=?
    Hibernate: delete from ft_participants where seq=?
    Hibernate: delete from ft_participants where seq=?
    Hibernate: delete from ft_participants where seq=?
    Hibernate: delete from ft_participants where seq=?
    Hibernate: delete from ft_participants where seq=?
    Hibernate: delete from ft_participants where seq=?
    Hibernate: delete from ft_participants where seq=?
    Hibernate: delete from ft_participants where seq=?
    Hibernate: delete from ft_participants where seq=?
    Hibernate: delete from ft_participants where seq=?
    Hibernate: delete from ft_participants where seq=?
    Hibernate: delete from ft_participants where seq=?
    Hibernate: delete from ft_participants where seq=?
    Hibernate: delete from ft_participants where seq=?
    Hibernate: delete from ft_participants where seq=?
    Hibernate: delete from ft_participants where seq=?
    Hibernate: delete from ft_participants where seq=?
    Hibernate: delete from ft_participants where seq=?
    Hibernate: delete from ft_participants where seq=?
    Hibernate: delete from ft_participants where seq=?
    Hibernate: delete from ft_participants where seq=?
    Hibernate: delete from ft_participants where seq=?
    Hibernate: delete from ft_participants where seq=?
    Hibernate: delete from ft_participants where seq=?
    Hibernate: delete from ft_participants where seq=?
    Hibernate: delete from ft_participants where seq=?
    Hibernate: delete from ft_participants where seq=?
    Hibernate: delete from ft_participants where seq=?
    Hibernate: delete from ft_participants where seq=?
    Hibernate: delete from ft_participants where seq=?
    Hibernate: delete from ft_participants where seq=?
    Hibernate: delete from ft_participants where seq=?
    Hibernate: delete from ft_participants where seq=?
    Hibernate: delete from ft_participants where seq=?
    Hibernate: delete from ft_participants where seq=?
    Hibernate: delete from ft_participants where seq=?
    Hibernate: delete from ft_participants where seq=?
    Hibernate: delete from ft_participants where seq=?
    Hibernate: delete from ft_participants where seq=?
    Hibernate: delete from ft_participants where seq=?
    Hibernate: delete from ft_participants where seq=?
    Hibernate: delete from ft_participants where seq=?
    Hibernate: delete from ft_participants where seq=?
    Hibernate: delete from ft_participants where seq=?
    Hibernate: delete from ft_participants where seq=?
    Hibernate: delete from ft_participants where seq=?
    Hibernate: delete from ft_participants where seq=?
    Hibernate: delete from ft_participants where seq=?
    Hibernate: delete from ft_participants where seq=?
    Hibernate: delete from ft_participants where seq=?
    Hibernate: delete from ft_participants where seq=?
    Hibernate: delete from ft_participants where seq=?
    Hibernate: delete from ft_participants where seq=?
    Hibernate: delete from ft_participants where seq=?
    Hibernate: delete from ft_participants where seq=?
    Hibernate: delete from ft_participants where seq=?
    Hibernate: delete from ft_participants where seq=?
    Hibernate: delete from ft_participants where seq=?
    Hibernate: delete from ft_participants where seq=?
    Hibernate: delete from ft_participants where seq=?
    Hibernate: delete from ft_participants where seq=?
    Hibernate: delete from ft_participants where seq=?
    Hibernate: delete from ft_participants where seq=?
    Hibernate: delete from ft_participants where seq=?
    Hibernate: delete from ft_participants where seq=?
    Hibernate: delete from ft_participants where seq=?
    Hibernate: delete from ft_participants where seq=?
    Hibernate: delete from ft_participants where seq=?
    Hibernate: delete from ft_participants where seq=?
    Hibernate: delete from ft_participants where seq=?
    Hibernate: delete from ft_participants where seq=?
    Hibernate: delete from ft_participants where seq=?
    Hibernate: delete from ft_participants where seq=?
    Hibernate: delete from ft_participants where seq=?
    Hibernate: delete from ft_participants where seq=?
    Hibernate: delete from ft_participants where seq=?
    Hibernate: delete from ft_participants where seq=?
    Hibernate: delete from ft_participants where seq=?
    Hibernate: delete from ft_participants where seq=?
    Hibernate: delete from ft_participants where seq=?
    Hibernate: delete from ft_participants where seq=?
    Hibernate: delete from ft_participants where seq=?
    Hibernate: delete from ft_participants where seq=?
    Hibernate: delete from ft_participants where seq=?
    Hibernate: delete from ft_participants where seq=?
    Hibernate: delete from ft_participants where seq=?
    Hibernate: delete from ft_participants where seq=?
    Hibernate: delete from ft_participants where seq=?
    Hibernate: delete from ft_participants where seq=?
    Hibernate: delete from ft_participants where seq=?
    Hibernate: delete from ft_participants where seq=?
    Hibernate: delete from ft_participants where seq=?
    Hibernate: delete from ft_participants where seq=?
    Hibernate: delete from ft_participants where seq=?
    Hibernate: delete from ft_participants where seq=?
    Hibernate: delete from ft_participants where seq=?
    Hibernate: delete from ft_participants where seq=?
    Hibernate: delete from ft_participants where seq=?
    Hibernate: delete from ft_participants where seq=?
    Hibernate: delete from ft_participants where seq=?
    Hibernate: delete from ft_participants where seq=?
    Hibernate: delete from ft_participants where seq=?
    Hibernate: delete from ft_participants where seq=?
    Hibernate: delete from ft_participants where seq=?
    Hibernate: delete from ft_participants where seq=?
    Hibernate: delete from ft_participants where seq=?
    Hibernate: delete from ft_participants where seq=?
    Hibernate: delete from ft_participants where seq=?
    Hibernate: delete from ft_participants where seq=?
    Hibernate: delete from ft_participants where seq=?
    Hibernate: delete from ft_participants where seq=?
    Hibernate: delete from ft_participants where seq=?
    Hibernate: delete from ft_participants where seq=?
    Hibernate: delete from ft_participants where seq=?
    Hibernate: delete from ft_participants where seq=?
    Hibernate: delete from ft_participants where seq=?
    Hibernate: delete from ft_participants where seq=?
    Hibernate: delete from ft_participants where seq=?
    Hibernate: delete from ft_participants where seq=?
    Hibernate: delete from ft_participants where seq=?
    Hibernate: delete from ft_participants where seq=?
    Hibernate: delete from ft_participants where seq=?
    Hibernate: delete from ft_participants where seq=?
    Hibernate: delete from ft_participants where seq=?
    Hibernate: delete from ft_participants where seq=?
    Hibernate: delete from ft_participants where seq=?
    Hibernate: delete from ft_participants where seq=?
    Hibernate: delete from ft_participants where seq=?
    Hibernate: delete from ft_participants where seq=?
    Hibernate: delete from ft_participants where seq=?
    Hibernate: delete from ft_participants where seq=?
    Hibernate: delete from ft_participants where seq=?
    Hibernate: delete from ft_participants where seq=?
    Hibernate: delete from ft_participants where seq=?
    Hibernate: delete from ft_participants where seq=?
    Hibernate: delete from ft_participants where seq=?
    Hibernate: delete from ft_participants where seq=?
    Hibernate: delete from ft_participants where seq=?
    Hibernate: delete from ft_participants where seq=?
    Hibernate: delete from ft_participants where seq=?
    Hibernate: delete from ft_participants where seq=?
    Hibernate: delete from ft_participants where seq=?
    Hibernate: delete from ft_participants where seq=?
    Hibernate: delete from ft_participants where seq=?
    Hibernate: delete from ft_participants where seq=?
    Hibernate: delete from ft_participants where seq=?
    Hibernate: delete from ft_participants where seq=?
    Hibernate: delete from ft_participants where seq=?
    Hibernate: delete from ft_participants where seq=?
    Hibernate: delete from ft_participants where seq=?
    Hibernate: delete from ft_participants where seq=?
    Hibernate: delete from ft_participants where seq=?
    Hibernate: delete from ft_participants where seq=?
    Hibernate: delete from ft_participants where seq=?
    Hibernate: delete from ft_participants where seq=?
    Hibernate: delete from ft_participants where seq=?
    Hibernate: delete from ft_participants where seq=?
    Hibernate: delete from ft_participants where seq=?
    Hibernate: delete from ft_participants where seq=?
    Hibernate: delete from ft_participants where seq=?
    Hibernate: delete from ft_participants where seq=?
    Hibernate: delete from ft_participants where seq=?
    Hibernate: delete from ft_participants where seq=?
    Hibernate: delete from ft_participants where seq=?
    Hibernate: delete from ft_participants where seq=?
    Hibernate: delete from ft_participants where seq=?
    Hibernate: delete from ft_participants where seq=?
    Hibernate: delete from ft_participants where seq=?
    Hibernate: delete from ft_participants where seq=?
    Hibernate: delete from ft_participants where seq=?
    Hibernate: delete from ft_participants where seq=?
    Hibernate: delete from ft_participants where seq=?
    Hibernate: delete from ft_participants where seq=?
    Hibernate: delete from ft_participants where seq=?
    Hibernate: delete from ft_participants where seq=?
    Hibernate: delete from ft_participants where seq=?
    Hibernate: delete from ft_participants where seq=?
    Hibernate: delete from ft_participants where seq=?
    Hibernate: delete from ft_participants where seq=?
    Hibernate: delete from ft_participants where seq=?
    Hibernate: delete from ft_participants where seq=?
    Hibernate: delete from ft_participants where seq=?
    Hibernate: delete from ft_participants where seq=?
    Hibernate: delete from ft_participants where seq=?
    Hibernate: delete from ft_participants where seq=?
    Hibernate: delete from ft_participants where seq=?
    Hibernate: delete from ft_participants where seq=?
    Hibernate: delete from ft_participants where seq=?
    Hibernate: delete from ft_participants where seq=?
    Hibernate: delete from ft_participants where seq=?
    Hibernate: delete from ft_participants where seq=?
    Hibernate: delete from ft_participants where seq=?
    Hibernate: delete from ft_participants where seq=?
    Hibernate: delete from ft_participants where seq=?
    Hibernate: delete from ft_participants where seq=?
    Hibernate: delete from ft_participants where seq=?
    Hibernate: delete from ft_participants where seq=?
    Hibernate: delete from ft_participants where seq=?
    Hibernate: delete from ft_participants where seq=?
    Hibernate: delete from ft_participants where seq=?
    Hibernate: delete from ft_participants where seq=?
    Hibernate: delete from ft_participants where seq=?
    Hibernate: delete from ft_participants where seq=?
    Hibernate: delete from ft_participants where seq=?
    Hibernate: delete from ft_participants where seq=?
    Hibernate: delete from ft_participants where seq=?
    Hibernate: delete from ft_participants where seq=?
    Hibernate: delete from ft_participants where seq=?
    Hibernate: delete from ft_participants where seq=?
    Hibernate: delete from ft_participants where seq=?
    Hibernate: delete from ft_participants where seq=?
    Hibernate: delete from ft_participants where seq=?
    Hibernate: delete from ft_participants where seq=?
    Hibernate: delete from ft_participants where seq=?
    Hibernate: delete from ft_participants where seq=?
    Hibernate: delete from ft_participants where seq=?
    Hibernate: delete from ft_participants where seq=?
    Hibernate: delete from ft_participants where seq=?
    Hibernate: delete from ft_participants where seq=?
    Hibernate: delete from ft_participants where seq=?
    Hibernate: delete from ft_participants where seq=?
    Hibernate: delete from ft_participants where seq=?
    Hibernate: delete from ft_participants where seq=?
    Hibernate: delete from ft_participants where seq=?
    Hibernate: delete from ft_participants where seq=?
    Hibernate: delete from ft_participants where seq=?
    Hibernate: delete from ft_participants where seq=?
    Hibernate: delete from ft_participants where seq=?
    Hibernate: delete from ft_participants where seq=?
    Hibernate: delete from ft_participants where seq=?
    Hibernate: delete from ft_participants where seq=?
    Hibernate: delete from ft_participants where seq=?
    Hibernate: delete from ft_participants where seq=?
    Hibernate: delete from ft_participants where seq=?
    Hibernate: delete from ft_participants where seq=?
    Hibernate: delete from ft_participants where seq=?
    Hibernate: delete from ft_participants where seq=?
    Hibernate: delete from ft_participants where seq=?
    Hibernate: delete from ft_participants where seq=?
    Hibernate: delete from ft_participants where seq=?
    Hibernate: delete from ft_participants where seq=?
    Hibernate: delete from ft_participants where seq=?
    Hibernate: delete from ft_participants where seq=?
    Hibernate: delete from ft_participants where seq=?
    Hibernate: delete from ft_participants where seq=?
    Hibernate: delete from ft_participants where seq=?
    Hibernate: delete from ft_participants where seq=?
    Hibernate: delete from ft_participants where seq=?
    Hibernate: delete from ft_participants where seq=?
    Hibernate: delete from ft_participants where seq=?
    Hibernate: delete from ft_participants where seq=?
    Hibernate: delete from ft_participants where seq=?
    Hibernate: delete from ft_participants where seq=?
    Hibernate: delete from ft_participants where seq=?
    Hibernate: delete from ft_participants where seq=?
    Hibernate: delete from ft_participants where seq=?
    Hibernate: delete from ft_participants where seq=?
    Hibernate: delete from ft_participants where seq=?
    Hibernate: delete from ft_participants where seq=?
    Hibernate: delete from ft_participants where seq=?
    Hibernate: delete from ft_participants where seq=?
    Hibernate: delete from ft_participants where seq=?
    Hibernate: delete from ft_participants where seq=?
    Hibernate: delete from ft_participants where seq=?
    Hibernate: delete from ft_participants where seq=?
    Hibernate: delete from ft_participants where seq=?
    Hibernate: delete from ft_participants where seq=?
    Hibernate: delete from ft_participants where seq=?
    Hibernate: delete from ft_participants where seq=?
    Hibernate: delete from ft_participants where seq=?
    Hibernate: delete from ft_participants where seq=?
    Hibernate: delete from ft_participants where seq=?
    Hibernate: delete from ft_participants where seq=?
    Hibernate: delete from ft_participants where seq=?
    Hibernate: delete from ft_participants where seq=?
    Hibernate: delete from ft_participants where seq=?
    Hibernate: delete from ft_participants where seq=?
    Hibernate: delete from ft_participants where seq=?
    Hibernate: delete from ft_participants where seq=?
    Hibernate: delete from ft_participants where seq=?
    Hibernate: delete from ft_participants where seq=?
    Hibernate: delete from ft_participants where seq=?
    Hibernate: delete from ft_participants where seq=?
    Hibernate: delete from ft_participants where seq=?
    Hibernate: delete from ft_participants where seq=?
    Hibernate: delete from ft_participants where seq=?
    Hibernate: delete from ft_participants where seq=?
    Hibernate: delete from ft_participants where seq=?
    Hibernate: delete from ft_participants where seq=?
    Hibernate: delete from ft_participants where seq=?
    Hibernate: delete from ft_participants where seq=?
    Hibernate: delete from ft_participants where seq=?
    Hibernate: delete from ft_participants where seq=?
    Hibernate: delete from ft_participants where seq=?
    Hibernate: delete from ft_participants where seq=?
    Hibernate: delete from ft_participants where seq=?
    Hibernate: delete from ft_participants where seq=?
    Hibernate: delete from ft_participants where seq=?
    Hibernate: delete from ft_participants where seq=?
    Hibernate: delete from ft_participants where seq=?
    Hibernate: delete from ft_participants where seq=?
    Hibernate: delete from ft_participants where seq=?
    Hibernate: delete from ft_participants where seq=?
    Hibernate: delete from ft_participants where seq=?
    Hibernate: delete from ft_participants where seq=?
    Hibernate: delete from ft_participants where seq=?
    Hibernate: delete from ft_participants where seq=?
    Hibernate: delete from ft_participants where seq=?
    Hibernate: delete from ft_participants where seq=?
    Hibernate: delete from ft_participants where seq=?
    Hibernate: delete from ft_participants where seq=?
    Hibernate: delete from ft_participants where seq=?
    Hibernate: delete from ft_participants where seq=?
    Hibernate: delete from ft_participants where seq=?
    Hibernate: delete from ft_participants where seq=?
    Hibernate: delete from ft_participants where seq=?
    Hibernate: delete from ft_participants where seq=?
    Hibernate: delete from ft_participants where seq=?
    Hibernate: delete from ft_participants where seq=?
    Hibernate: delete from ft_participants where seq=?
    Hibernate: delete from ft_participants where seq=?
    Hibernate: delete from ft_participants where seq=?
    Hibernate: delete from ft_participants where seq=?
    Hibernate: delete from ft_participants where seq=?
    Hibernate: delete from ft_participants where seq=?
    Hibernate: delete from ft_participants where seq=?
    Hibernate: delete from ft_participants where seq=?
    Hibernate: delete from ft_participants where seq=?
    Hibernate: delete from ft_participants where seq=?
    Hibernate: delete from ft_participants where seq=?
    Hibernate: delete from ft_participants where seq=?
    Hibernate: delete from ft_participants where seq=?
    Hibernate: delete from ft_participants where seq=?
    Hibernate: delete from ft_participants where seq=?
    Hibernate: delete from ft_participants where seq=?
    Hibernate: delete from ft_participants where seq=?
    Hibernate: delete from ft_participants where seq=?
    Hibernate: delete from ft_participants where seq=?
    Hibernate: delete from ft_participants where seq=?
    Hibernate: delete from ft_participants where seq=?
    Hibernate: delete from ft_participants where seq=?
    Hibernate: delete from ft_participants where seq=?
    Hibernate: delete from ft_participants where seq=?
    Hibernate: delete from ft_participants where seq=?
    Hibernate: delete from ft_participants where seq=?
    Hibernate: delete from ft_participants where seq=?
    Hibernate: delete from ft_participants where seq=?
    Hibernate: delete from ft_participants where seq=?
    Hibernate: delete from ft_participants where seq=?
    Hibernate: delete from ft_participants where seq=?
    Hibernate: delete from ft_participants where seq=?
    Hibernate: delete from ft_participants where seq=?
    Hibernate: delete from ft_participants where seq=?
    Hibernate: delete from ft_participants where seq=?
    Hibernate: delete from ft_participants where seq=?
    Hibernate: delete from ft_participants where seq=?
    Hibernate: delete from ft_participants where seq=?
    Hibernate: delete from ft_participants where seq=?
    Hibernate: delete from ft_participants where seq=?
    Hibernate: delete from ft_participants where seq=?
    Hibernate: delete from ft_participants where seq=?
    Hibernate: delete from ft_participants where seq=?
    Hibernate: delete from ft_participants where seq=?
    Hibernate: delete from ft_participants where seq=?
    Hibernate: delete from ft_participants where seq=?
    Hibernate: delete from ft_participants where seq=?
    Hibernate: delete from ft_participants where seq=?
    Hibernate: delete from ft_participants where seq=?
    Hibernate: delete from ft_participants where seq=?
    Hibernate: delete from ft_participants where seq=?
    Hibernate: delete from ft_participants where seq=?
    Hibernate: delete from ft_participants where seq=?
    Hibernate: delete from ft_participants where seq=?
    Hibernate: delete from ft_participants where seq=?
    Hibernate: delete from ft_participants where seq=?
    Hibernate: delete from ft_participants where seq=?
    Hibernate: delete from ft_participants where seq=?
    Hibernate: delete from ft_participants where seq=?
    Hibernate: delete from ft_participants where seq=?
    Hibernate: delete from ft_participants where seq=?
    Hibernate: delete from ft_participants where seq=?
    Hibernate: delete from ft_participants where seq=?
    Hibernate: delete from ft_participants where seq=?
    Hibernate: delete from ft_participants where seq=?
    Hibernate: delete from ft_participants where seq=?
    Hibernate: delete from ft_participants where seq=?
    Hibernate: delete from ft_participants where seq=?
    Hibernate: delete from ft_participants where seq=?
    Hibernate: delete from ft_participants where seq=?
    Hibernate: delete from ft_participants where seq=?
    Hibernate: delete from ft_participants where seq=?
    Hibernate: delete from ft_participants where seq=?
    Hibernate: delete from ft_participants where seq=?
    Hibernate: delete from ft_participants where seq=?
    Hibernate: delete from ft_participants where seq=?
    Hibernate: delete from ft_participants where seq=?
    Hibernate: delete from ft_participants where seq=?
    Hibernate: delete from ft_participants where seq=?
    Hibernate: delete from ft_participants where seq=?
    Hibernate: delete from ft_participants where seq=?
    Hibernate: delete from ft_participants where seq=?
    Hibernate: delete from ft_participants where seq=?
    Hibernate: delete from ft_participants where seq=?
    Hibernate: delete from ft_participants where seq=?
    Hibernate: delete from ft_participants where seq=?
    Hibernate: delete from ft_participants where seq=?
    Hibernate: delete from ft_participants where seq=?
    Hibernate: delete from ft_participants where seq=?
    Hibernate: delete from ft_participants where seq=?
    Hibernate: delete from ft_participants where seq=?
    Hibernate: delete from ft_participants where seq=?
    Hibernate: delete from ft_participants where seq=?
    Hibernate: delete from ft_participants where seq=?
    Hibernate: delete from ft_participants where seq=?
    Hibernate: delete from ft_participants where seq=?
    Hibernate: delete from ft_participants where seq=?
    Hibernate: delete from ft_participants where seq=?
    Hibernate: delete from ft_participants where seq=?
    Hibernate: delete from ft_participants where seq=?
    Hibernate: delete from ft_participants where seq=?
    Hibernate: delete from ft_participants where seq=?
    Hibernate: delete from ft_participants where seq=?
    Hibernate: delete from ft_participants where seq=?
    Hibernate: delete from ft_participants where seq=?
    Hibernate: delete from ft_participants where seq=?
    Hibernate: delete from ft_participants where seq=?
    Hibernate: delete from ft_participants where seq=?
    Hibernate: delete from ft_participants where seq=?
    Hibernate: delete from ft_participants where seq=?
    Hibernate: delete from ft_participants where seq=?
    Hibernate: delete from ft_participants where seq=?
    Hibernate: delete from ft_participants where seq=?
    Hibernate: delete from ft_participants where seq=?
    Hibernate: delete from ft_participants where seq=?
    Hibernate: delete from ft_participants where seq=?
    Hibernate: delete from ft_participants where seq=?
    Hibernate: delete from ft_participants where seq=?
    Hibernate: delete from ft_participants where seq=?
    Hibernate: delete from ft_participants where seq=?
    Hibernate: delete from ft_participants where seq=?
    Hibernate: delete from ft_participants where seq=?
    Hibernate: delete from ft_participants where seq=?
    Hibernate: delete from ft_participants where seq=?
    Hibernate: delete from ft_participants where seq=?
    Hibernate: delete from ft_participants where seq=?
    Hibernate: delete from ft_participants where seq=?
    Hibernate: delete from ft_participants where seq=?
    Hibernate: delete from ft_participants where seq=?
    Hibernate: delete from ft_participants where seq=?
    Hibernate: delete from ft_participants where seq=?
    Hibernate: delete from ft_participants where seq=?
    Hibernate: delete from ft_participants where seq=?
    Hibernate: delete from ft_participants where seq=?
    Hibernate: delete from ft_participants where seq=?
    Hibernate: delete from ft_participants where seq=?
    Hibernate: delete from ft_participants where seq=?
    Hibernate: delete from ft_participants where seq=?
    Hibernate: delete from ft_participants where seq=?
    Hibernate: delete from ft_participants where seq=?
    Hibernate: delete from ft_participants where seq=?
    Hibernate: delete from ft_participants where seq=?
    Hibernate: delete from ft_participants where seq=?
    Hibernate: delete from ft_participants where seq=?
    Hibernate: delete from ft_participants where seq=?
    Hibernate: delete from ft_participants where seq=?
    Hibernate: delete from ft_participants where seq=?
    Hibernate: delete from ft_participants where seq=?
    Hibernate: delete from ft_participants where seq=?
    Hibernate: delete from ft_participants where seq=?
    Hibernate: delete from ft_participants where seq=?
    Hibernate: delete from ft_participants where seq=?
    Hibernate: delete from ft_participants where seq=?
    Hibernate: delete from ft_participants where seq=?
    Hibernate: delete from ft_participants where seq=?
    Hibernate: delete from ft_participants where seq=?
    Hibernate: delete from ft_participants where seq=?
    Hibernate: delete from ft_participants where seq=?
    Hibernate: delete from ft_participants where seq=?
    Hibernate: delete from ft_participants where seq=?
    Hibernate: delete from ft_participants where seq=?
    Hibernate: delete from ft_participants where seq=?
    Hibernate: delete from ft_participants where seq=?
    Hibernate: delete from ft_participants where seq=?
    Hibernate: delete from ft_participants where seq=?
    Hibernate: delete from ft_participants where seq=?
    Hibernate: delete from ft_participants where seq=?
    Hibernate: delete from ft_participants where seq=?
    Hibernate: delete from ft_participants where seq=?
    Hibernate: delete from ft_participants where seq=?
    Hibernate: delete from ft_participants where seq=?
    Hibernate: delete from ft_participants where seq=?
    Hibernate: delete from ft_participants where seq=?
    Hibernate: delete from ft_participants where seq=?
    Hibernate: delete from ft_participants where seq=?
    Hibernate: delete from ft_participants where seq=?
    Hibernate: delete from ft_participants where seq=?
    Hibernate: delete from ft_participants where seq=?
    Hibernate: delete from ft_participants where seq=?
    Hibernate: delete from ft_participants where seq=?
    Hibernate: delete from ft_participants where seq=?
    Hibernate: delete from ft_participants where seq=?
    Hibernate: delete from ft_participants where seq=?
    Hibernate: delete from ft_participants where seq=?
    Hibernate: delete from ft_participants where seq=?
    Hibernate: delete from ft_participants where seq=?
    Hibernate: delete from ft_participants where seq=?
    Hibernate: delete from ft_participants where seq=?
    Hibernate: delete from ft_participants where seq=?
    Hibernate: delete from ft_participants where seq=?
    Hibernate: delete from ft_participants where seq=?
    Hibernate: delete from ft_participants where seq=?
    Hibernate: delete from ft_participants where seq=?
    Hibernate: delete from ft_participants where seq=?
    Hibernate: delete from ft_participants where seq=?
    Hibernate: delete from ft_participants where seq=?
    Hibernate: delete from ft_participants where seq=?
    Hibernate: delete from ft_participants where seq=?
    Hibernate: delete from ft_participants where seq=?
    Hibernate: delete from ft_participants where seq=?
    Hibernate: delete from ft_participants where seq=?
    Hibernate: delete from ft_participants where seq=?
    Hibernate: delete from ft_participants where seq=?
    Hibernate: delete from ft_participants where seq=?
    Hibernate: delete from ft_participants where seq=?
    Hibernate: delete from ft_participants where seq=?
    Hibernate: delete from ft_participants where seq=?
    Hibernate: delete from ft_participants where seq=?
    Hibernate: delete from ft_participants where seq=?
    Hibernate: delete from ft_participants where seq=?
    Hibernate: delete from ft_participants where seq=?
    Hibernate: delete from ft_participants where seq=?
    Hibernate: delete from ft_participants where seq=?
    Hibernate: delete from ft_participants where seq=?
    Hibernate: delete from ft_participants where seq=?
    Hibernate: delete from ft_participants where seq=?
    Hibernate: delete from ft_participants where seq=?
    Hibernate: delete from ft_participants where seq=?
    Hibernate: delete from ft_participants where seq=?
    Hibernate: delete from ft_participants where seq=?
    Hibernate: delete from ft_participants where seq=?
    Hibernate: delete from ft_participants where seq=?
    Hibernate: delete from ft_participants where seq=?
    Hibernate: delete from ft_participants where seq=?
    Hibernate: delete from ft_participants where seq=?
    Hibernate: delete from ft_participants where seq=?
    Hibernate: delete from ft_participants where seq=?
    Hibernate: delete from ft_participants where seq=?
    Hibernate: delete from ft_participants where seq=?
    Hibernate: delete from ft_participants where seq=?
    Hibernate: delete from ft_participants where seq=?
    Hibernate: delete from ft_participants where seq=?
    Hibernate: delete from ft_participants where seq=?
    Hibernate: delete from ft_participants where seq=?
    Hibernate: delete from ft_participants where seq=?
    Hibernate: delete from ft_participants where seq=?
    Hibernate: delete from ft_participants where seq=?
    Hibernate: delete from ft_participants where seq=?
    Hibernate: delete from ft_participants where seq=?
    Hibernate: delete from ft_participants where seq=?
    Hibernate: delete from ft_participants where seq=?
    Hibernate: delete from ft_participants where seq=?
    Hibernate: delete from ft_participants where seq=?
    Hibernate: delete from ft_participants where seq=?
    Hibernate: delete from ft_participants where seq=?
    Hibernate: delete from ft_participants where seq=?
    Hibernate: delete from ft_participants where seq=?
    Hibernate: delete from ft_participants where seq=?
    Hibernate: delete from ft_participants where seq=?
    Hibernate: delete from ft_participants where seq=?
    Hibernate: delete from ft_participants where seq=?
    Hibernate: delete from ft_participants where seq=?
    Hibernate: delete from ft_participants where seq=?
    Hibernate: delete from ft_participants where seq=?
    Hibernate: delete from ft_participants where seq=?
    Hibernate: delete from ft_participants where seq=?
    Hibernate: delete from ft_participants where seq=?
    Hibernate: delete from ft_participants where seq=?
    Hibernate: delete from ft_participants where seq=?
    Hibernate: delete from ft_participants where seq=?
    Hibernate: delete from ft_participants where seq=?
    Hibernate: delete from ft_participants where seq=?
    Hibernate: delete from ft_participants where seq=?
    Hibernate: delete from ft_participants where seq=?
    Hibernate: delete from ft_participants where seq=?
    Hibernate: delete from ft_participants where seq=?
    Hibernate: delete from ft_participants where seq=?
    Hibernate: delete from ft_participants where seq=?
    Hibernate: delete from ft_participants where seq=?
    Hibernate: delete from ft_participants where seq=?
    Hibernate: delete from ft_participants where seq=?
    Hibernate: delete from ft_participants where seq=?
    Hibernate: delete from ft_participants where seq=?
    Hibernate: delete from ft_participants where seq=?
    Hibernate: delete from ft_participants where seq=?
    Hibernate: delete from ft_participants where seq=?
    Hibernate: delete from ft_participants where seq=?
    Hibernate: delete from ft_participants where seq=?
    Hibernate: delete from ft_participants where seq=?
    Hibernate: delete from ft_participants where seq=?
    Hibernate: delete from ft_participants where seq=?
    Hibernate: delete from ft_participants where seq=?
    Hibernate: delete from ft_participants where seq=?
    Hibernate: delete from ft_participants where seq=?
    Hibernate: delete from ft_participants where seq=?
    Hibernate: delete from ft_participants where seq=?
    Hibernate: delete from ft_participants where seq=?
    Hibernate: delete from ft_participants where seq=?
    Hibernate: delete from ft_participants where seq=?
    Hibernate: delete from ft_participants where seq=?
    Hibernate: delete from ft_participants where seq=?
    Hibernate: delete from ft_participants where seq=?
    Hibernate: delete from ft_participants where seq=?
    Hibernate: delete from ft_participants where seq=?
    Hibernate: delete from ft_participants where seq=?
    Hibernate: delete from ft_participants where seq=?
    Hibernate: delete from ft_participants where seq=?
    Hibernate: delete from ft_participants where seq=?
    Hibernate: delete from ft_participants where seq=?
    Hibernate: delete from ft_participants where seq=?
    Hibernate: delete from ft_participants where seq=?
    Hibernate: delete from ft_participants where seq=?
    Hibernate: delete from ft_participants where seq=?
    Hibernate: delete from ft_participants where seq=?
    Hibernate: delete from ft_participants where seq=?
    Hibernate: delete from ft_participants where seq=?
    Hibernate: delete from ft_participants where seq=?
    Hibernate: delete from ft_participants where seq=?
    Hibernate: delete from ft_participants where seq=?
    Hibernate: delete from ft_participants where seq=?
    Hibernate: delete from ft_participants where seq=?
    Hibernate: delete from ft_participants where seq=?
    Hibernate: delete from ft_participants where seq=?
    Hibernate: delete from ft_participants where seq=?
    Hibernate: delete from ft_participants where seq=?
    Hibernate: delete from ft_participants where seq=?
    Hibernate: delete from ft_participants where seq=?
    Hibernate: delete from ft_participants where seq=?
    Hibernate: delete from ft_participants where seq=?
    Hibernate: delete from ft_participants where seq=?
    Hibernate: delete from ft_participants where seq=?
    Hibernate: delete from ft_participants where seq=?
    Hibernate: delete from ft_participants where seq=?
    Hibernate: delete from ft_participants where seq=?
    Hibernate: delete from ft_participants where seq=?
    Hibernate: delete from ft_participants where seq=?
    Hibernate: delete from ft_participants where seq=?
    Hibernate: delete from ft_participants where seq=?
    Hibernate: delete from ft_participants where seq=?
    Hibernate: delete from ft_participants where seq=?
    Hibernate: delete from ft_participants where seq=?
    Hibernate: delete from ft_participants where seq=?
    Hibernate: delete from ft_participants where seq=?
    Hibernate: delete from ft_participants where seq=?
    Hibernate: delete from ft_participants where seq=?
    Hibernate: delete from ft_participants where seq=?
    Hibernate: delete from ft_participants where seq=?
    Hibernate: delete from ft_participants where seq=?
    Hibernate: delete from ft_participants where seq=?
    Hibernate: delete from ft_participants where seq=?
    Hibernate: delete from ft_participants where seq=?
    Hibernate: delete from ft_participants where seq=?
    Hibernate: delete from ft_participants where seq=?
    Hibernate: delete from ft_participants where seq=?
    Hibernate: delete from ft_participants where seq=?
    Hibernate: delete from ft_participants where seq=?
    Hibernate: delete from ft_participants where seq=?
    Hibernate: delete from ft_participants where seq=?
    Hibernate: delete from ft_participants where seq=?
    Hibernate: delete from ft_participants where seq=?
    Hibernate: delete from ft_participants where seq=?
    Hibernate: delete from ft_participants where seq=?
    Hibernate: delete from ft_participants where seq=?
    Hibernate: delete from ft_participants where seq=?
    Hibernate: delete from ft_participants where seq=?
    Hibernate: delete from ft_participants where seq=?
    Hibernate: delete from ft_participants where seq=?
    Hibernate: delete from ft_participants where seq=?
    Hibernate: delete from ft_participants where seq=?
    Hibernate: delete from ft_participants where seq=?
    Hibernate: delete from ft_participants where seq=?
    Hibernate: delete from ft_participants where seq=?
    Hibernate: delete from ft_participants where seq=?
    Hibernate: delete from ft_participants where seq=?
    Hibernate: delete from ft_participants where seq=?
    Hibernate: delete from ft_participants where seq=?
    Hibernate: delete from ft_participants where seq=?
    Hibernate: delete from ft_participants where seq=?
    Hibernate: delete from ft_participants where seq=?
    Hibernate: delete from ft_participants where seq=?
    Hibernate: delete from ft_participants where seq=?
    Hibernate: delete from ft_participants where seq=?
    Hibernate: delete from ft_participants where seq=?
    Hibernate: delete from ft_participants where seq=?
    Hibernate: delete from ft_participants where seq=?
    Hibernate: delete from ft_participants where seq=?
    Hibernate: delete from ft_participants where seq=?
    Hibernate: delete from ft_participants where seq=?
    Hibernate: delete from ft_participants where seq=?
    Hibernate: delete from ft_participants where seq=?
    Hibernate: delete from ft_participants where seq=?
    Hibernate: delete from ft_participants where seq=?
    Hibernate: delete from ft_participants where seq=?
    Hibernate: delete from ft_participants where seq=?
    Hibernate: delete from ft_participants where seq=?
    Hibernate: delete from ft_participants where seq=?
    Hibernate: delete from ft_participants where seq=?
    Hibernate: delete from ft_participants where seq=?
    Hibernate: delete from ft_participants where seq=?
    Hibernate: delete from ft_participants where seq=?
    Hibernate: delete from ft_participants where seq=?
    Hibernate: delete from ft_participants where seq=?
    Hibernate: delete from ft_participants where seq=?
    Hibernate: delete from ft_participants where seq=?
    Hibernate: delete from ft_participants where seq=?
    Hibernate: delete from ft_participants where seq=?
    Hibernate: delete from ft_participants where seq=?
    Hibernate: delete from ft_participants where seq=?
    Hibernate: delete from ft_participants where seq=?
    Hibernate: delete from ft_participants where seq=?
    Hibernate: delete from ft_participants where seq=?
    Hibernate: delete from ft_participants where seq=?
    Hibernate: delete from ft_participants where seq=?
    Hibernate: delete from ft_participants where seq=?
    Hibernate: delete from ft_participants where seq=?
    Hibernate: delete from ft_participants where seq=?
    Hibernate: delete from ft_participants where seq=?
    Hibernate: delete from ft_participants where seq=?
    Hibernate: delete from ft_participants where seq=?
    Hibernate: delete from ft_participants where seq=?
    Hibernate: delete from ft_participants where seq=?
    Hibernate: delete from ft_participants where seq=?
    Hibernate: delete from ft_participants where seq=?
    Hibernate: delete from ft_participants where seq=?
    Hibernate: delete from ft_participants where seq=?
    Hibernate: delete from ft_participants where seq=?
    Hibernate: delete from ft_participants where seq=?
    Hibernate: delete from ft_participants where seq=?
    Hibernate: delete from ft_participants where seq=?
    Hibernate: delete from ft_participants where seq=?
    Hibernate: delete from ft_participants where seq=?
    Hibernate: delete from ft_participants where seq=?
    Hibernate: delete from ft_participants where seq=?
    Hibernate: delete from ft_participants where seq=?
    Hibernate: delete from ft_participants where seq=?
    Hibernate: delete from ft_participants where seq=?
    Hibernate: delete from ft_participants where seq=?
    Hibernate: delete from ft_participants where seq=?
    Hibernate: delete from ft_participants where seq=?
    Hibernate: delete from ft_participants where seq=?
    Hibernate: delete from ft_participants where seq=?
    Hibernate: delete from ft_participants where seq=?
    Hibernate: delete from ft_participants where seq=?
    Hibernate: delete from ft_participants where seq=?
    Hibernate: delete from ft_participants where seq=?
    Hibernate: delete from ft_participants where seq=?
    Hibernate: delete from ft_participants where seq=?
    Hibernate: delete from ft_participants where seq=?
    Hibernate: delete from ft_participants where seq=?
    Hibernate: delete from ft_participants where seq=?
    Hibernate: delete from ft_participants where seq=?
    Hibernate: delete from ft_participants where seq=?
    Hibernate: delete from ft_participants where seq=?
    Hibernate: delete from ft_participants where seq=?
    Hibernate: delete from ft_participants where seq=?
    Hibernate: delete from ft_participants where seq=?
    Hibernate: delete from ft_participants where seq=?
    Hibernate: delete from ft_participants where seq=?
    Hibernate: delete from ft_participants where seq=?
    Hibernate: delete from ft_participants where seq=?
    Hibernate: delete from ft_participants where seq=?
    Hibernate: delete from ft_participants where seq=?
    Hibernate: delete from ft_participants where seq=?
    Hibernate: delete from ft_participants where seq=?
    Hibernate: delete from ft_participants where seq=?
    Hibernate: delete from ft_participants where seq=?
    Hibernate: delete from ft_participants where seq=?
    Hibernate: delete from ft_participants where seq=?
    Hibernate: delete from ft_participants where seq=?
    Hibernate: delete from ft_participants where seq=?
    Hibernate: delete from ft_participants where seq=?
    Hibernate: delete from ft_participants where seq=?
    Hibernate: delete from ft_participants where seq=?
    Hibernate: delete from ft_participants where seq=?
    Hibernate: delete from ft_participants where seq=?
    Hibernate: delete from ft_participants where seq=?
    Hibernate: delete from ft_participants where seq=?
    Hibernate: delete from ft_participants where seq=?
    Hibernate: delete from ft_participants where seq=?
    Hibernate: delete from ft_participants where seq=?
    Hibernate: delete from ft_participants where seq=?
    Hibernate: delete from ft_participants where seq=?
    Hibernate: delete from ft_participants where seq=?
    Hibernate: delete from ft_participants where seq=?
    Hibernate: delete from ft_participants where seq=?
    Hibernate: delete from ft_participants where seq=?
    Hibernate: delete from ft_participants where seq=?
    Hibernate: delete from ft_participants where seq=?
    Hibernate: delete from ft_participants where seq=?
    Hibernate: delete from ft_participants where seq=?
    Hibernate: delete from ft_participants where seq=?
    Hibernate: delete from ft_participants where seq=?
    Hibernate: delete from ft_participants where seq=?
    Hibernate: delete from ft_participants where seq=?
    Hibernate: delete from ft_participants where seq=?
    Hibernate: delete from ft_participants where seq=?
    Hibernate: delete from ft_participants where seq=?
    Hibernate: delete from ft_participants where seq=?
    Hibernate: delete from ft_participants where seq=?
    Hibernate: delete from ft_participants where seq=?
    Hibernate: delete from ft_participants where seq=?
    Hibernate: delete from ft_participants where seq=?
    Hibernate: delete from ft_participants where seq=?
    Hibernate: delete from ft_participants where seq=?
    Hibernate: delete from ft_participants where seq=?
    Hibernate: delete from ft_participants where seq=?
    Hibernate: delete from ft_participants where seq=?
    Hibernate: delete from ft_participants where seq=?
    Hibernate: delete from ft_participants where seq=?
    Hibernate: delete from ft_participants where seq=?
    Hibernate: delete from ft_participants where seq=?
    Hibernate: delete from ft_participants where seq=?
    Hibernate: delete from ft_participants where seq=?
    Hibernate: delete from ft_participants where seq=?
    Hibernate: delete from ft_participants where seq=?
    Hibernate: delete from ft_participants where seq=?
    Hibernate: delete from ft_participants where seq=?
    Hibernate: delete from ft_participants where seq=?
    Hibernate: delete from ft_participants where seq=?
    Hibernate: delete from ft_participants where seq=?
    Hibernate: delete from ft_participants where seq=?
    Hibernate: delete from ft_participants where seq=?
    Hibernate: delete from ft_participants where seq=?
    Hibernate: delete from ft_participants where seq=?
    Hibernate: delete from ft_participants where seq=?
    Hibernate: delete from ft_participants where seq=?
    Hibernate: delete from ft_participants where seq=?
    Hibernate: delete from ft_participants where seq=?
    Hibernate: delete from ft_participants where seq=?
    Hibernate: delete from ft_participants where seq=?
    Hibernate: delete from ft_participants where seq=?
    Hibernate: delete from ft_participants where seq=?
    Hibernate: delete from ft_participants where seq=?
    Hibernate: delete from ft_participants where seq=?
    Hibernate: delete from ft_participants where seq=?
    Hibernate: delete from ft_participants where seq=?
    Hibernate: delete from ft_participants where seq=?
    Hibernate: delete from ft_participants where seq=?
    Hibernate: delete from ft_participants where seq=?
    Hibernate: delete from ft_participants where seq=?
    Hibernate: delete from ft_participants where seq=?
    Hibernate: delete from ft_participants where seq=?
    Hibernate: delete from ft_participants where seq=?
    Hibernate: delete from ft_participants where seq=?
    Hibernate: delete from ft_participants where seq=?
    Hibernate: delete from ft_participants where seq=?
    Hibernate: delete from ft_participants where seq=?
    Hibernate: delete from ft_participants where seq=?
    Hibernate: delete from ft_participants where seq=?
    Hibernate: delete from ft_participants where seq=?
    Hibernate: delete from ft_participants where seq=?
    Hibernate: delete from ft_participants where seq=?
    Hibernate: delete from ft_participants where seq=?
    Hibernate: delete from ft_participants where seq=?
    Hibernate: delete from ft_participants where seq=?
    Hibernate: delete from ft_participants where seq=?
    Hibernate: delete from ft_participants where seq=?
    Hibernate: delete from ft_participants where seq=?
    Hibernate: delete from ft_participants where seq=?
    Hibernate: delete from ft_participants where seq=?
    Hibernate: delete from ft_participants where seq=?
    Hibernate: delete from ft_participants where seq=?
    Hibernate: delete from ft_participants where seq=?
    Hibernate: delete from ft_participants where seq=?
    Hibernate: delete from ft_participants where seq=?
    Hibernate: delete from ft_participants where seq=?
    Hibernate: delete from ft_participants where seq=?
    Hibernate: delete from ft_participants where seq=?
    Hibernate: delete from ft_participants where seq=?
    Hibernate: delete from ft_participants where seq=?
    Hibernate: delete from ft_participants where seq=?
    Hibernate: delete from ft_participants where seq=?
    Hibernate: delete from ft_participants where seq=?
    Hibernate: delete from ft_participants where seq=?
    Hibernate: delete from ft_participants where seq=?
    Hibernate: delete from ft_participants where seq=?
    Hibernate: delete from ft_participants where seq=?
    Hibernate: delete from ft_participants where seq=?
    Hibernate: delete from ft_participants where seq=?
    Hibernate: delete from ft_participants where seq=?
    Hibernate: delete from ft_participants where seq=?
    Hibernate: delete from ft_participants where seq=?
    Hibernate: delete from ft_participants where seq=?
    Hibernate: delete from ft_participants where seq=?
    Hibernate: delete from ft_participants where seq=?
    Hibernate: delete from ft_participants where seq=?
    Hibernate: delete from ft_participants where seq=?
    Hibernate: delete from ft_participants where seq=?
    Hibernate: delete from ft_participants where seq=?
    Hibernate: delete from ft_participants where seq=?
    Hibernate: delete from ft_participants where seq=?
    Hibernate: delete from ft_participants where seq=?
    Hibernate: delete from ft_participants where seq=?
    Hibernate: delete from ft_participants where seq=?
    Hibernate: delete from ft_participants where seq=?
    Hibernate: delete from ft_participants where seq=?
    Hibernate: delete from ft_participants where seq=?
    Hibernate: delete from ft_participants where seq=?
    Hibernate: delete from ft_participants where seq=?
    Hibernate: delete from ft_participants where seq=?
    Hibernate: delete from ft_participants where seq=?
    Hibernate: delete from ft_participants where seq=?
    Hibernate: delete from ft_participants where seq=?
    Hibernate: delete from ft_participants where seq=?
    Hibernate: delete from ft_participants where seq=?
    Hibernate: delete from ft_participants where seq=?
    Hibernate: delete from ft_participants where seq=?
    Hibernate: delete from ft_participants where seq=?
    Hibernate: delete from ft_participants where seq=?
    Hibernate: delete from ft_participants where seq=?
    Hibernate: delete from ft_participants where seq=?
    Hibernate: delete from ft_participants where seq=?
    Hibernate: delete from ft_participants where seq=?
    Hibernate: delete from ft_participants where seq=?
    Hibernate: delete from ft_participants where seq=?
    Hibernate: delete from ft_participants where seq=?
    Hibernate: delete from ft_participants where seq=?
    Hibernate: delete from ft_participants where seq=?
    Hibernate: delete from ft_participants where seq=?
    Hibernate: delete from ft_participants where seq=?
    Hibernate: delete from ft_participants where seq=?
    Hibernate: delete from ft_participants where seq=?
    Hibernate: delete from ft_participants where seq=?
    Hibernate: delete from ft_participants where seq=?
    Hibernate: delete from ft_participants where seq=?
    Hibernate: delete from ft_participants where seq=?
    Hibernate: delete from ft_participants where seq=?
    Hibernate: delete from ft_participants where seq=?
    Hibernate: delete from ft_participants where seq=?
    Hibernate: delete from ft_participants where seq=?
    Hibernate: delete from ft_participants where seq=?
    Hibernate: delete from ft_participants where seq=?
    Hibernate: delete from ft_participants where seq=?
    Hibernate: delete from ft_participants where seq=?
    Hibernate: delete from ft_participants where seq=?
    Hibernate: delete from ft_participants where seq=?
    Hibernate: delete from ft_participants where seq=?
    Hibernate: delete from ft_participants where seq=?
    Hibernate: delete from ft_participants where seq=?
    Hibernate: delete from ft_participants where seq=?
    Hibernate: delete from ft_participants where seq=?
    Hibernate: delete from ft_participants where seq=?
    Hibernate: delete from ft_participants where seq=?
    Hibernate: delete from ft_participants where seq=?
    Hibernate: delete from ft_participants where seq=?
    Hibernate: delete from ft_participants where seq=?
    Hibernate: delete from ft_participants where seq=?
    Hibernate: delete from ft_participants where seq=?
    Hibernate: delete from ft_participants where seq=?
    Hibernate: delete from ft_participants where seq=?
    Hibernate: delete from ft_participants where seq=?
    Hibernate: delete from ft_participants where seq=?
    Hibernate: delete from ft_participants where seq=?
    Hibernate: delete from ft_participants where seq=?
    Hibernate: delete from ft_participants where seq=?
    Hibernate: delete from ft_participants where seq=?
    Hibernate: delete from ft_participants where seq=?
    Hibernate: delete from ft_participants where seq=?
    Hibernate: delete from ft_participants where seq=?
    Hibernate: delete from ft_participants where seq=?
    Hibernate: delete from ft_participants where seq=?
    Hibernate: delete from ft_participants where seq=?
    Hibernate: delete from ft_participants where seq=?
    Hibernate: delete from ft_participants where seq=?
    Hibernate: delete from ft_participants where seq=?
    Hibernate: delete from ft_participants where seq=?
    Hibernate: delete from ft_participants where seq=?
    Hibernate: delete from ft_participants where seq=?
    Hibernate: delete from ft_participants where seq=?
    Hibernate: delete from ft_participants where seq=?
    Hibernate: delete from ft_participants where seq=?
    Hibernate: delete from ft_participants where seq=?
    Hibernate: delete from ft_participants where seq=?
    Hibernate: delete from ft_participants where seq=?
    Hibernate: delete from ft_participants where seq=?
    Hibernate: delete from ft_participants where seq=?
    Hibernate: delete from ft_participants where seq=?
    Hibernate: delete from ft_participants where seq=?
    Hibernate: delete from ft_participants where seq=?
    Hibernate: delete from ft_participants where seq=?
    Hibernate: delete from ft_participants where seq=?
    Hibernate: delete from ft_participants where seq=?
    Hibernate: delete from ft_participants where seq=?
    Hibernate: delete from ft_participants where seq=?
    Hibernate: delete from ft_participants where seq=?
    Hibernate: delete from ft_participants where seq=?
    Hibernate: delete from ft_participants where seq=?
    Hibernate: delete from ft_participants where seq=?
    Hibernate: delete from ft_participants where seq=?
    Hibernate: delete from ft_participants where seq=?
    Hibernate: delete from ft_participants where seq=?
    Hibernate: delete from ft_participants where seq=?
    Hibernate: delete from ft_participants where seq=?
    Hibernate: delete from ft_participants where seq=?
    Hibernate: delete from ft_participants where seq=?
    Hibernate: delete from ft_participants where seq=?
    Hibernate: delete from ft_participants where seq=?
    Hibernate: delete from ft_participants where seq=?
    Hibernate: delete from ft_participants where seq=?
    Hibernate: delete from ft_participants where seq=?
    Hibernate: delete from ft_participants where seq=?
    Hibernate: delete from ft_participants where seq=?
    Hibernate: delete from ft_participants where seq=?
    Hibernate: delete from ft_participants where seq=?
    Hibernate: delete from ft_participants where seq=?
    Hibernate: delete from ft_participants where seq=?
    Hibernate: delete from ft_participants where seq=?
    Hibernate: delete from ft_participants where seq=?
    Hibernate: delete from ft_participants where seq=?
    Hibernate: delete from ft_participants where seq=?
    Hibernate: delete from ft_participants where seq=?
    Hibernate: delete from ft_participants where seq=?
    Hibernate: delete from ft_participants where seq=?
    Hibernate: delete from ft_participants where seq=?
    Hibernate: delete from ft_participants where seq=?
    Hibernate: delete from ft_participants where seq=?
    Hibernate: delete from ft_participants where seq=?
    Hibernate: delete from ft_participants where seq=?
    Hibernate: delete from ft_participants where seq=?
    Hibernate: delete from ft_participants where seq=?
    Hibernate: delete from ft_participants where seq=?
    Hibernate: delete from ft_participants where seq=?
    Hibernate: delete from ft_participants where seq=?
    Hibernate: delete from ft_participants where seq=?
    Hibernate: delete from ft_participants where seq=?
    Hibernate: delete from ft_participants where seq=?
    Hibernate: delete from ft_participants where seq=?
    Hibernate: delete from ft_participants where seq=?
    Hibernate: delete from ft_participants where seq=?
    Hibernate: delete from ft_participants where seq=?
    Hibernate: delete from ft_participants where seq=?
    Hibernate: delete from ft_participants where seq=?
    Hibernate: delete from ft_participants where seq=?
    Hibernate: delete from ft_participants where seq=?
    Hibernate: delete from ft_participants where seq=?
    Hibernate: delete from ft_participants where seq=?
    Hibernate: delete from ft_participants where seq=?
    Hibernate: delete from ft_participants where seq=?
    Hibernate: delete from ft_participants where seq=?
    Hibernate: delete from ft_participants where seq=?
    Hibernate: delete from ft_participants where seq=?
    Hibernate: delete from ft_participants where seq=?
    Hibernate: delete from ft_participants where seq=?
    Hibernate: delete from ft_participants where seq=?
    Hibernate: delete from ft_participants where seq=?
    Hibernate: delete from ft_participants where seq=?
    Hibernate: delete from ft_participants where seq=?
    Hibernate: delete from ft_participants where seq=?
    Hibernate: delete from ft_participants where seq=?
    Hibernate: delete from ft_participants where seq=?
    Hibernate: delete from ft_participants where seq=?
    Hibernate: delete from ft_participants where seq=?
    Hibernate: delete from ft_participants where seq=?
    Hibernate: delete from ft_participants where seq=?
    Hibernate: delete from ft_participants where seq=?
    Hibernate: delete from ft_participants where seq=?
    Hibernate: delete from ft_participants where seq=?
    Hibernate: delete from ft_participants where seq=?
    Hibernate: delete from ft_participants where seq=?
    Hibernate: delete from ft_participants where seq=?
    Hibernate: delete from ft_participants where seq=?
    Hibernate: delete from ft_participants where seq=?
    Hibernate: delete from ft_participants where seq=?
    Hibernate: delete from ft_participants where seq=?
    Hibernate: delete from ft_participants where seq=?
    Hibernate: delete from ft_participants where seq=?
    Hibernate: delete from ft_participants where seq=?
    Hibernate: delete from ft_participants where seq=?
    Hibernate: delete from ft_participants where seq=?
    Hibernate: delete from ft_participants where seq=?
    Hibernate: delete from ft_participants where seq=?
    Hibernate: delete from ft_participants where seq=?
    Hibernate: delete from ft_participants where seq=?
    Hibernate: delete from ft_participants where seq=?
    Hibernate: delete from ft_participants where seq=?
    Hibernate: delete from ft_participants where seq=?
    Hibernate: delete from ft_participants where seq=?
    Hibernate: delete from ft_participants where seq=?
    Hibernate: delete from ft_participants where seq=?
    Hibernate: delete from ft_participants where seq=?
    Hibernate: delete from ft_participants where seq=?
    Hibernate: delete from ft_participants where seq=?
    Hibernate: delete from ft_participants where seq=?
    Hibernate: delete from ft_participants where seq=?
    Hibernate: delete from ft_participants where seq=?
    Hibernate: delete from ft_participants where seq=?
    Hibernate: delete from ft_participants where seq=?
    Hibernate: delete from ft_participants where seq=?
    Hibernate: delete from ft_participants where seq=?
    Hibernate: delete from ft_participants where seq=?
    Hibernate: delete from ft_participants where seq=?
    Hibernate: delete from ft_participants where seq=?
    Hibernate: delete from ft_participants where seq=?
    Hibernate: delete from ft_participants where seq=?
    Hibernate: delete from ft_participants where seq=?
    Hibernate: delete from ft_participants where seq=?
    Hibernate: delete from ft_participants where seq=?
    Hibernate: delete from ft_participants where seq=?
    Hibernate: delete from ft_participants where seq=?
    Hibernate: delete from ft_participants where seq=?
    Hibernate: delete from ft_participants where seq=?
    Hibernate: delete from ft_participants where seq=?
    Hibernate: delete from ft_participants where seq=?
    Hibernate: delete from ft_participants where seq=?
    Hibernate: delete from ft_participants where seq=?
    Hibernate: delete from ft_participants where seq=?
    Hibernate: delete from ft_participants where seq=?
    Hibernate: delete from ft_participants where seq=?
    Hibernate: delete from ft_participants where seq=?
    Hibernate: delete from ft_participants where seq=?
    Hibernate: delete from ft_participants where seq=?
    Hibernate: delete from ft_participants where seq=?
    Hibernate: delete from ft_participants where seq=?
    Hibernate: delete from ft_participants where seq=?
    Hibernate: delete from ft_participants where seq=?
    Hibernate: delete from ft_participants where seq=?
    Hibernate: delete from ft_participants where seq=?
    Hibernate: delete from ft_participants where seq=?
    Hibernate: delete from ft_participants where seq=?
    Hibernate: delete from ft_participants where seq=?
    Hibernate: delete from ft_participants where seq=?
    Hibernate: delete from ft_participants where seq=?
    Hibernate: delete from ft_participants where seq=?
    Hibernate: delete from ft_participants where seq=?
    Hibernate: delete from ft_participants where seq=?
    Hibernate: delete from ft_participants where seq=?
    Hibernate: delete from ft_participants where seq=?
    Hibernate: delete from ft_participants where seq=?
    Hibernate: delete from ft_participants where seq=?
    Hibernate: delete from ft_participants where seq=?
    Hibernate: delete from ft_participants where seq=?
    Hibernate: delete from ft_participants where seq=?
    Hibernate: delete from ft_participants where seq=?
    Hibernate: delete from ft_participants where seq=?
    Hibernate: delete from ft_participants where seq=?
    Hibernate: delete from ft_participants where seq=?
    Hibernate: delete from ft_participants where seq=?
    Hibernate: delete from ft_participants where seq=?
    Hibernate: delete from ft_participants where seq=?
    Hibernate: delete from ft_participants where seq=?
    Hibernate: delete from ft_participants where seq=?
    Hibernate: delete from ft_participants where seq=?
    Hibernate: delete from ft_participants where seq=?
    Hibernate: delete from ft_participants where seq=?
    Hibernate: delete from ft_participants where seq=?
    Hibernate: delete from ft_participants where seq=?
    Hibernate: delete from ft_participants where seq=?
    Hibernate: delete from ft_participants where seq=?
    Hibernate: delete from ft_participants where seq=?
    Hibernate: delete from ft_participants where seq=?
    Hibernate: delete from ft_participants where seq=?
    Hibernate: delete from ft_participants where seq=?
    Hibernate: delete from ft_participants where seq=?
    Hibernate: delete from ft_participants where seq=?
    Hibernate: delete from ft_participants where seq=?
    Hibernate: delete from ft_participants where seq=?
    Hibernate: delete from ft_participants where seq=?
    Hibernate: delete from ft_participants where seq=?
    Hibernate: delete from ft_participants where seq=?
    Hibernate: delete from ft_participants where seq=?
    Hibernate: delete from ft_participants where seq=?
    Hibernate: delete from ft_participants where seq=?
    Hibernate: delete from ft_participants where seq=?
    Hibernate: delete from ft_participants where seq=?
    Hibernate: delete from ft_participants where seq=?
    Hibernate: delete from ft_participants where seq=?
    Hibernate: delete from ft_participants where seq=?
    Hibernate: delete from ft_participants where seq=?
    Hibernate: delete from ft_participants where seq=?
    Hibernate: delete from ft_participants where seq=?
    Hibernate: delete from ft_participants where seq=?
    Hibernate: delete from ft_participants where seq=?
    Hibernate: delete from ft_participants where seq=?
    Hibernate: delete from ft_participants where seq=?
    Hibernate: delete from ft_participants where seq=?
    Hibernate: delete from ft_participants where seq=?
    Hibernate: delete from ft_participants where seq=?
    Hibernate: delete from ft_participants where seq=?
    Hibernate: delete from ft_participants where seq=?
    Hibernate: delete from ft_participants where seq=?
    Hibernate: delete from ft_participants where seq=?
    Hibernate: delete from ft_participants where seq=?
    Hibernate: delete from ft_participants where seq=?
    Hibernate: delete from ft_participants where seq=?
    Hibernate: delete from ft_participants where seq=?
    Hibernate: delete from ft_participants where seq=?
    Hibernate: delete from ft_participants where seq=?
    Hibernate: delete from ft_participants where seq=?
    Hibernate: delete from ft_participants where seq=?
    Hibernate: delete from ft_participants where seq=?
    Hibernate: delete from ft_participants where seq=?
    Hibernate: delete from ft_participants where seq=?
    Hibernate: delete from ft_participants where seq=?
    Hibernate: delete from ft_participants where seq=?
    Hibernate: delete from ft_participants where seq=?
    Hibernate: delete from ft_participants where seq=?
    Hibernate: delete from ft_participants where seq=?
    Hibernate: delete from ft_participants where seq=?
    Hibernate: delete from ft_participants where seq=?
    Hibernate: delete from ft_participants where seq=?
    Hibernate: delete from ft_participants where seq=?
    Hibernate: delete from ft_participants where seq=?
    Hibernate: delete from ft_participants where seq=?
    Hibernate: delete from ft_participants where seq=?
    Hibernate: delete from ft_participants where seq=?
    Hibernate: delete from ft_participants where seq=?
    Hibernate: delete from ft_participants where seq=?
    Hibernate: delete from ft_participants where seq=?
    Hibernate: delete from ft_participants where seq=?
    Hibernate: delete from ft_participants where seq=?
    Hibernate: delete from ft_participants where seq=?
    Hibernate: delete from ft_participants where seq=?
    Hibernate: delete from ft_participants where seq=?
    Hibernate: delete from ft_participants where seq=?
    Hibernate: delete from ft_participants where seq=?
    Hibernate: delete from ft_participants where seq=?
    Hibernate: delete from ft_participants where seq=?
    Hibernate: delete from ft_participants where seq=?
    Hibernate: delete from ft_participants where seq=?
    Hibernate: delete from ft_participants where seq=?
    Hibernate: delete from ft_participants where seq=?
    Hibernate: delete from ft_participants where seq=?
    Hibernate: delete from ft_participants where seq=?
    Hibernate: delete from ft_participants where seq=?
    Hibernate: delete from ft_participants where seq=?
    Hibernate: delete from ft_participants where seq=?
    Hibernate: delete from ft_participants where seq=?
    Hibernate: delete from ft_participants where seq=?
    Hibernate: delete from ft_participants where seq=?
    Hibernate: delete from ft_participants where seq=?
    Hibernate: delete from ft_participants where seq=?
    Hibernate: delete from ft_participants where seq=?
    Hibernate: delete from ft_participants where seq=?
    Hibernate: delete from ft_participants where seq=?
    Hibernate: delete from ft_participants where seq=?
    Hibernate: delete from ft_participants where seq=?
    Hibernate: delete from ft_participants where seq=?
    Hibernate: delete from ft_participants where seq=?
    Hibernate: delete from ft_participants where seq=?
    Hibernate: delete from ft_participants where seq=?
    Hibernate: delete from ft_participants where seq=?
    Hibernate: delete from ft_participants where seq=?
    Hibernate: delete from ft_participants where seq=?
    Hibernate: delete from ft_participants where seq=?
    Hibernate: delete from ft_participants where seq=?
    Hibernate: delete from ft_participants where seq=?
    Hibernate: delete from ft_participants where seq=?
    Hibernate: delete from ft_participants where seq=?
    Hibernate: delete from ft_participants where seq=?
    Hibernate: delete from ft_participants where seq=?
    Hibernate: delete from ft_participants where seq=?
    Hibernate: delete from ft_participants where seq=?
    Hibernate: delete from ft_participants where seq=?
    Hibernate: delete from ft_participants where seq=?
    Hibernate: delete from ft_participants where seq=?
    Hibernate: delete from ft_participants where seq=?
    Hibernate: delete from ft_participants where seq=?
    Hibernate: delete from ft_participants where seq=?
    Hibernate: delete from ft_participants where seq=?
    Hibernate: delete from ft_participants where seq=?
    Hibernate: delete from ft_participants where seq=?
    Hibernate: delete from ft_participants where seq=?
    Hibernate: delete from ft_participants where seq=?
    Hibernate: delete from ft_participants where seq=?
    Hibernate: delete from ft_participants where seq=?
    Hibernate: delete from ft_participants where seq=?
    Hibernate: delete from ft_participants where seq=?
    Hibernate: delete from ft_participants where seq=?
    Hibernate: delete from ft_participants where seq=?
    Hibernate: delete from ft_participants where seq=?
    Hibernate: delete from ft_participants where seq=?
    Hibernate: delete from ft_participants where seq=?
    Hibernate: delete from ft_participants where seq=?
    Hibernate: delete from ft_participants where seq=?
    Hibernate: delete from ft_participants where seq=?
    Hibernate: delete from ft_participants where seq=?
    Hibernate: delete from ft_participants where seq=?
    Hibernate: delete from ft_participants where seq=?
    Hibernate: delete from ft_participants where seq=?
    Hibernate: delete from ft_participants where seq=?
    Hibernate: delete from ft_participants where seq=?
    Hibernate: delete from ft_participants where seq=?
    Hibernate: delete from ft_participants where seq=?
    Hibernate: delete from ft_participants where seq=?
    Hibernate: delete from ft_participants where seq=?
    Hibernate: delete from ft_participants where seq=?
    Hibernate: delete from ft_participants where seq=?
    Hibernate: delete from ft_participants where seq=?
    Hibernate: delete from ft_participants where seq=?
    Hibernate: delete from ft_participants where seq=?
    Hibernate: delete from ft_participants where seq=?
    Hibernate: delete from ft_participants where seq=?
    Hibernate: delete from ft_participants where seq=?
    Hibernate: delete from ft_participants where seq=?
    Hibernate: delete from ft_participants where seq=?
    Hibernate: delete from ft_participants where seq=?
    Hibernate: delete from ft_participants where seq=?
    Hibernate: delete from ft_participants where seq=?
    Hibernate: delete from ft_participants where seq=?
    Hibernate: delete from ft_participants where seq=?
    Hibernate: delete from ft_participants where seq=?
    Hibernate: delete from ft_participants where seq=?
    Hibernate: delete from ft_participants where seq=?
    Hibernate: delete from ft_participants where seq=?
    Hibernate: delete from ft_participants where seq=?
    Hibernate: delete from ft_participants where seq=?
    Hibernate: delete from ft_participants where seq=?
    Hibernate: delete from ft_participants where seq=?
    Hibernate: delete from ft_participants where seq=?
    Hibernate: delete from ft_participants where seq=?
    Hibernate: delete from ft_participants where seq=?
    Hibernate: delete from ft_participants where seq=?
    Hibernate: delete from ft_participants where seq=?
    Hibernate: delete from ft_participants where seq=?
    Hibernate: delete from ft_participants where seq=?
    Hibernate: delete from ft_participants where seq=?
    Hibernate: delete from ft_participants where seq=?
    Hibernate: delete from ft_participants where seq=?
    Hibernate: delete from ft_participants where seq=?
    Hibernate: delete from ft_participants where seq=?
    Hibernate: delete from ft_participants where seq=?
    Hibernate: delete from ft_participants where seq=?
    Hibernate: delete from ft_participants where seq=?
    Hibernate: delete from ft_participants where seq=?
    Hibernate: delete from ft_participants where seq=?
    Hibernate: delete from ft_participants where seq=?
    Hibernate: delete from ft_participants where seq=?
    Hibernate: delete from ft_participants where seq=?
    Hibernate: delete from ft_participants where seq=?
    Hibernate: delete from ft_participants where seq=?
    Hibernate: delete from ft_participants where seq=?
    Hibernate: delete from ft_participants where seq=?
    Hibernate: delete from ft_participants where seq=?
    Hibernate: delete from ft_participants where seq=?
    Hibernate: delete from ft_participants where seq=?
    Hibernate: delete from ft_participants where seq=?
    Hibernate: delete from ft_participants where seq=?
    Hibernate: delete from ft_participants where seq=?
    Hibernate: delete from ft_participants where seq=?
    Hibernate: delete from ft_participants where seq=?
    Hibernate: delete from ft_participants where seq=?
    Hibernate: delete from ft_participants where seq=?
    Hibernate: delete from ft_participants where seq=?
    Hibernate: delete from ft_participants where seq=?
    Hibernate: delete from ft_participants where seq=?
    Hibernate: delete from ft_participants where seq=?
    Hibernate: delete from ft_participants where seq=?
    Hibernate: delete from ft_participants where seq=?
    Hibernate: delete from ft_participants where seq=?
    Hibernate: delete from ft_participants where seq=?
    Hibernate: delete from ft_participants where seq=?
    Hibernate: delete from ft_participants where seq=?
    Hibernate: delete from ft_participants where seq=?
    Hibernate: delete from ft_participants where seq=?
    Hibernate: delete from ft_participants where seq=?
    Hibernate: delete from ft_participants where seq=?
    Hibernate: delete from ft_participants where seq=?
    Hibernate: delete from ft_participants where seq=?
    Hibernate: delete from ft_participants where seq=?
    Hibernate: delete from ft_participants where seq=?
    Hibernate: delete from ft_participants where seq=?
    Hibernate: delete from ft_participants where seq=?
    Hibernate: delete from ft_participants where seq=?
    Hibernate: delete from ft_participants where seq=?
    Hibernate: delete from ft_participants where seq=?
    Hibernate: delete from ft_participants where seq=?
    Hibernate: delete from ft_participants where seq=?
    Hibernate: delete from ft_participants where seq=?
    Hibernate: delete from ft_participants where seq=?
    Hibernate: delete from ft_participants where seq=?
    Hibernate: delete from ft_participants where seq=?
    Hibernate: delete from ft_participants where seq=?
    Hibernate: delete from ft_participants where seq=?
    Hibernate: delete from ft_participants where seq=?
    Hibernate: delete from ft_participants where seq=?
    Hibernate: delete from ft_participants where seq=?
    Hibernate: delete from ft_participants where seq=?
    Hibernate: delete from ft_participants where seq=?
    Hibernate: delete from ft_participants where seq=?
    Hibernate: delete from ft_participants where seq=?
    Hibernate: delete from ft_participants where seq=?
    Hibernate: delete from ft_participants where seq=?
    Hibernate: delete from ft_participants where seq=?
    Hibernate: delete from ft_participants where seq=?
    Hibernate: delete from ft_participants where seq=?
    Hibernate: delete from ft_participants where seq=?
    Hibernate: delete from ft_participants where seq=?
    Hibernate: delete from ft_participants where seq=?
    Hibernate: delete from ft_participants where seq=?
    Hibernate: delete from ft_participants where seq=?
    Hibernate: delete from ft_participants where seq=?
    Hibernate: delete from ft_participants where seq=?
    Hibernate: delete from ft_participants where seq=?
    Hibernate: delete from ft_participants where seq=?
    Hibernate: delete from ft_participants where seq=?
    Hibernate: delete from ft_participants where seq=?
    Hibernate: delete from ft_participants where seq=?
    Hibernate: delete from ft_participants where seq=?
    Hibernate: delete from ft_participants where seq=?
    Hibernate: delete from ft_participants where seq=?
    Hibernate: delete from ft_participants where seq=?
    Hibernate: delete from ft_participants where seq=?
    Hibernate: delete from ft_participants where seq=?
    Hibernate: delete from ft_participants where seq=?
    Hibernate: delete from ft_participants where seq=?
    Hibernate: delete from ft_participants where seq=?
    Hibernate: delete from ft_participants where seq=?
    Hibernate: delete from ft_participants where seq=?
    Hibernate: delete from ft_participants where seq=?
    Hibernate: delete from ft_participants where seq=?
    Hibernate: delete from ft_participants where seq=?
    Hibernate: delete from ft_participants where seq=?
    Hibernate: delete from ft_participants where seq=?
    Hibernate: delete from ft_participants where seq=?
    Hibernate: delete from ft_participants where seq=?
    Hibernate: delete from ft_participants where seq=?
    Hibernate: delete from ft_participants where seq=?
    Hibernate: delete from ft_participants where seq=?
    Hibernate: delete from ft_participants where seq=?
    Hibernate: delete from ft_participants where seq=?
    Hibernate: delete from ft_participants where seq=?
    Hibernate: delete from ft_participants where seq=?
    Hibernate: delete from ft_participants where seq=?
    Hibernate: delete from ft_participants where seq=?
    Hibernate: delete from ft_participants where seq=?
    Hibernate: delete from ft_participants where seq=?
    Hibernate: delete from ft_participants where seq=?
    Hibernate: delete from ft_participants where seq=?
    Hibernate: delete from ft_participants where seq=?
    Hibernate: delete from ft_participants where seq=?
    Hibernate: delete from ft_participants where seq=?
    Hibernate: delete from ft_participants where seq=?
    Hibernate: delete from ft_participants where seq=?
    Hibernate: delete from ft_participants where seq=?
    Hibernate: delete from ft_participants where seq=?
    Hibernate: delete from ft_participants where seq=?
    Hibernate: delete from ft_participants where seq=?
    Hibernate: delete from ft_participants where seq=?
    Hibernate: delete from ft_participants where seq=?
    Hibernate: delete from ft_participants where seq=?
    Hibernate: delete from ft_participants where seq=?
    Hibernate: delete from ft_participants where seq=?
    Hibernate: delete from ft_participants where seq=?
    Hibernate: delete from ft_participants where seq=?
    Hibernate: delete from ft_participants where seq=?
    Hibernate: delete from ft_participants where seq=?
    Hibernate: delete from ft_participants where seq=?
    Hibernate: delete from ft_participants where seq=?
    Hibernate: delete from ft_participants where seq=?
    Hibernate: delete from ft_participants where seq=?
    Hibernate: delete from ft_participants where seq=?
    Hibernate: delete from ft_participants where seq=?
    Hibernate: delete from ft_participants where seq=?
    Hibernate: delete from ft_participants where seq=?
    Hibernate: delete from ft_participants where seq=?
    Hibernate: delete from ft_participants where seq=?
    Hibernate: delete from ft_participants where seq=?
    Hibernate: delete from ft_participants where seq=?
    Hibernate: delete from ft_participants where seq=?
    Hibernate: delete from ft_participants where seq=?
    Hibernate: delete from ft_participants where seq=?
    Hibernate: delete from ft_participants where seq=?
    Hibernate: delete from ft_participants where seq=?
    Hibernate: delete from ft_participants where seq=?
    Hibernate: delete from ft_participants where seq=?
    Hibernate: delete from ft_participants where seq=?
    Hibernate: delete from ft_participants where seq=?
    Hibernate: delete from ft_participants where seq=?
    Hibernate: delete from ft_participants where seq=?
    Hibernate: delete from ft_participants where seq=?
    Hibernate: delete from ft_participants where seq=?
    Hibernate: delete from ft_participants where seq=?
    Hibernate: delete from ft_participants where seq=?
    Hibernate: delete from ft_participants where seq=?
    Hibernate: delete from ft_participants where seq=?
    Hibernate: delete from ft_participants where seq=?
    Hibernate: delete from ft_participants where seq=?
    Hibernate: delete from ft_participants where seq=?
    Hibernate: delete from ft_participants where seq=?
    Hibernate: delete from ft_participants where seq=?
    Hibernate: delete from ft_participants where seq=?
    Hibernate: delete from ft_participants where seq=?
    Hibernate: delete from ft_participants where seq=?
    Hibernate: delete from ft_participants where seq=?
    Hibernate: delete from ft_participants where seq=?
    Hibernate: delete from ft_participants where seq=?
    Hibernate: delete from ft_participants where seq=?
    Hibernate: delete from ft_participants where seq=?
    Hibernate: delete from ft_participants where seq=?
    Hibernate: delete from ft_participants where seq=?
    Hibernate: delete from ft_participants where seq=?
    Hibernate: delete from ft_participants where seq=?
    Hibernate: delete from ft_participants where seq=?
    Hibernate: delete from ft_participants where seq=?
    Hibernate: delete from ft_participants where seq=?
    Hibernate: delete from ft_participants where seq=?
    Hibernate: delete from ft_participants where seq=?
    Hibernate: delete from ft_participants where seq=?
    Hibernate: delete from ft_participants where seq=?
    Hibernate: delete from ft_participants where seq=?
    Hibernate: delete from ft_participants where seq=?
    Hibernate: delete from ft_participants where seq=?
    Hibernate: delete from ft_participants where seq=?
    Hibernate: delete from ft_participants where seq=?
    Hibernate: delete from ft_participants where seq=?
    Hibernate: delete from ft_participants where seq=?
    Hibernate: delete from ft_participants where seq=?
    Hibernate: delete from ft_participants where seq=?
    Hibernate: delete from ft_participants where seq=?
    Hibernate: delete from ft_participants where seq=?
    Hibernate: delete from ft_participants where seq=?
    Hibernate: delete from ft_participants where seq=?
    Hibernate: delete from ft_participants where seq=?
    Hibernate: delete from ft_participants where seq=?
    Hibernate: delete from ft_participants where seq=?
    Hibernate: delete from ft_participants where seq=?
    Hibernate: delete from ft_participants where seq=?
    Hibernate: delete from ft_participants where seq=?
    Hibernate: delete from ft_participants where seq=?
    Hibernate: delete from ft_participants where seq=?
    Hibernate: delete from ft_participants where seq=?
    Hibernate: delete from ft_participants where seq=?
    Hibernate: delete from ft_participants where seq=?
    Hibernate: delete from ft_participants where seq=?
    Hibernate: delete from ft_participants where seq=?
    Hibernate: delete from ft_participants where seq=?
    Hibernate: delete from ft_participants where seq=?
    Hibernate: delete from ft_participants where seq=?
    Hibernate: delete from ft_participants where seq=?
    Hibernate: delete from ft_participants where seq=?
    Hibernate: delete from ft_participants where seq=?
    Hibernate: delete from ft_participants where seq=?
    Hibernate: delete from ft_participants where seq=?
    Hibernate: delete from ft_participants where seq=?
    Hibernate: delete from ft_participants where seq=?
    Hibernate: delete from ft_participants where seq=?
    Hibernate: delete from ft_participants where seq=?
    Hibernate: delete from ft_participants where seq=?
    Hibernate: delete from ft_participants where seq=?
    Hibernate: delete from ft_participants where seq=?
    Hibernate: delete from ft_participants where seq=?
    Hibernate: delete from ft_participants where seq=?
    Hibernate: delete from ft_participants where seq=?
    Hibernate: delete from ft_participants where seq=?
    Hibernate: delete from ft_participants where seq=?
    Hibernate: delete from ft_participants where seq=?
    Hibernate: delete from ft_participants where seq=?
    Hibernate: delete from ft_participants where seq=?
    Hibernate: delete from ft_participants where seq=?
    Hibernate: delete from ft_participants where seq=?
    Hibernate: delete from ft_participants where seq=?
    Hibernate: delete from ft_participants where seq=?
    Hibernate: delete from ft_participants where seq=?
    Hibernate: delete from ft_participants where seq=?
    Hibernate: delete from ft_participants where seq=?
    Hibernate: delete from ft_participants where seq=?
    Hibernate: delete from ft_participants where seq=?
    Hibernate: delete from ft_participants where seq=?
    Hibernate: delete from ft_participants where seq=?
    Hibernate: delete from ft_participants where seq=?
    Hibernate: delete from ft_participants where seq=?
    Hibernate: delete from ft_participants where seq=?
    Hibernate: delete from ft_participants where seq=?
    Hibernate: delete from ft_participants where seq=?
    Hibernate: delete from ft_participants where seq=?
    Hibernate: delete from ft_participants where seq=?
    Hibernate: delete from ft_participants where seq=?
    Hibernate: delete from ft_participants where seq=?
    Hibernate: delete from ft_participants where seq=?
    Hibernate: delete from ft_participants where seq=?
    Hibernate: delete from ft_participants where seq=?
    Hibernate: delete from ft_participants where seq=?
    Hibernate: delete from ft_participants where seq=?
    Hibernate: delete from ft_participants where seq=?
    Hibernate: delete from ft_participants where seq=?
    Hibernate: delete from ft_participants where seq=?
    Hibernate: delete from ft_participants where seq=?
    Hibernate: delete from ft_participants where seq=?
    Hibernate: delete from ft_participants where seq=?
    Hibernate: delete from ft_participants where seq=?
    Hibernate: delete from ft_participants where seq=?
    Hibernate: delete from ft_participants where seq=?
    Hibernate: delete from ft_participants where seq=?
    Hibernate: delete from ft_participants where seq=?
    Hibernate: delete from ft_participants where seq=?
    Hibernate: delete from ft_participants where seq=?
    Hibernate: delete from ft_participants where seq=?
    Hibernate: delete from ft_participants where seq=?
    Hibernate: delete from ft_participants where seq=?
    Hibernate: delete from ft_participants where seq=?
    Hibernate: delete from ft_participants where seq=?
    Hibernate: delete from ft_participants where seq=?
    Hibernate: delete from ft_participants where seq=?
    Hibernate: delete from ft_participants where seq=?
    Hibernate: delete from ft_participants where seq=?
    Hibernate: delete from ft_participants where seq=?
    Hibernate: delete from ft_participants where seq=?
    Hibernate: delete from ft_participants where seq=?
    Hibernate: delete from ft_participants where seq=?
    Hibernate: delete from ft_participants where seq=?
    Hibernate: delete from ft_participants where seq=?
    Hibernate: delete from ft_participants where seq=?
    Hibernate: delete from ft_participants where seq=?
    Hibernate: delete from ft_participants where seq=?
    Hibernate: delete from ft_participants where seq=?
    Hibernate: delete from ft_participants where seq=?
    Hibernate: delete from ft_participants where seq=?
    Hibernate: delete from ft_participants where seq=?
    Hibernate: delete from ft_participants where seq=?
    Hibernate: delete from ft_participants where seq=?
    Hibernate: delete from ft_participants where seq=?
    Hibernate: delete from ft_participants where seq=?
    Hibernate: delete from ft_participants where seq=?
    Hibernate: delete from ft_participants where seq=?
    Hibernate: delete from ft_participants where seq=?
    Hibernate: delete from ft_participants where seq=?
    Hibernate: delete from ft_participants where seq=?
    Hibernate: delete from ft_participants where seq=?
    Hibernate: delete from ft_participants where seq=?
    Hibernate: delete from ft_participants where seq=?
    Hibernate: delete from ft_participants where seq=?
    Hibernate: delete from ft_participants where seq=?
    Hibernate: delete from ft_participants where seq=?
    Hibernate: delete from ft_participants where seq=?
    Hibernate: delete from ft_participants where seq=?
    Hibernate: delete from ft_participants where seq=?
    Hibernate: delete from ft_participants where seq=?
    Hibernate: delete from ft_participants where seq=?
    Hibernate: delete from ft_participants where seq=?
    Hibernate: delete from ft_participants where seq=?
    Hibernate: delete from ft_participants where seq=?
    Hibernate: delete from ft_participants where seq=?
    Hibernate: delete from ft_participants where seq=?
    Hibernate: delete from ft_participants where seq=?
    Hibernate: delete from ft_participants where seq=?
    Hibernate: delete from ft_participants where seq=?
    Hibernate: delete from ft_participants where seq=?
    Hibernate: delete from ft_participants where seq=?
    Hibernate: delete from ft_participants where seq=?
    Hibernate: delete from ft_participants where seq=?
    Hibernate: delete from ft_participants where seq=?
    Hibernate: delete from ft_participants where seq=?
    Hibernate: delete from ft_participants where seq=?
    Hibernate: delete from ft_participants where seq=?
    Hibernate: delete from ft_participants where seq=?
    Hibernate: delete from ft_participants where seq=?
    Hibernate: delete from ft_participants where seq=?
    Hibernate: delete from ft_participants where seq=?
    Hibernate: delete from ft_participants where seq=?
    Hibernate: delete from ft_participants where seq=?
    Hibernate: delete from ft_participants where seq=?
    Hibernate: delete from ft_participants where seq=?
    Hibernate: delete from ft_participants where seq=?
    Hibernate: delete from ft_participants where seq=?
    Hibernate: delete from ft_participants where seq=?
    Hibernate: delete from ft_participants where seq=?
    Hibernate: delete from ft_participants where seq=?
    Hibernate: delete from ft_participants where seq=?
    Hibernate: delete from ft_participants where seq=?
    Hibernate: delete from ft_participants where seq=?
    Hibernate: delete from ft_participants where seq=?
    Hibernate: delete from ft_participants where seq=?
    Hibernate: delete from ft_participants where seq=?
    Hibernate: delete from ft_participants where seq=?
    Hibernate: delete from ft_participants where seq=?
    Hibernate: delete from ft_participants where seq=?
    Hibernate: delete from ft_participants where seq=?
    Hibernate: delete from ft_participants where seq=?
    Hibernate: delete from ft_participants where seq=?
    Hibernate: delete from ft_participants where seq=?
    Hibernate: delete from ft_participants where seq=?
    Hibernate: delete from ft_participants where seq=?
    Hibernate: delete from ft_participants where seq=?
    Hibernate: delete from ft_participants where seq=?
    Hibernate: delete from ft_participants where seq=?
    Hibernate: delete from ft_participants where seq=?
    Hibernate: delete from ft_participants where seq=?
    Hibernate: delete from ft_participants where seq=?
    Hibernate: delete from ft_participants where seq=?
    Hibernate: delete from ft_participants where seq=?
    Hibernate: delete from ft_participants where seq=?
    Hibernate: delete from ft_participants where seq=?
    Hibernate: delete from ft_participants where seq=?
    Hibernate: delete from ft_participants where seq=?
    Hibernate: delete from ft_participants where seq=?
    Hibernate: delete from ft_participants where seq=?
    Hibernate: delete from ft_participants where seq=?
    Hibernate: delete from ft_participants where seq=?
    Hibernate: delete from ft_participants where seq=?
    Hibernate: delete from ft_participants where seq=?
    Hibernate: delete from ft_participants where seq=?
    Hibernate: delete from ft_participants where seq=?
    Hibernate: delete from ft_participants where seq=?
    Hibernate: delete from ft_participants where seq=?
    Hibernate: delete from ft_participants where seq=?
    Hibernate: delete from ft_participants where seq=?
    Hibernate: delete from ft_participants where seq=?
    Hibernate: delete from ft_participants where seq=?
    Hibernate: delete from ft_participants where seq=?
    Hibernate: delete from ft_participants where seq=?
    Hibernate: delete from ft_participants where seq=?
    Hibernate: delete from ft_participants where seq=?
    Hibernate: delete from ft_participants where seq=?
    Hibernate: delete from ft_participants where seq=?
    Hibernate: delete from ft_participants where seq=?
    Hibernate: delete from ft_participants where seq=?
    Hibernate: delete from ft_participants where seq=?
    Hibernate: delete from ft_participants where seq=?
    Hibernate: delete from ft_participants where seq=?
    Hibernate: delete from ft_participants where seq=?
    Hibernate: delete from ft_participants where seq=?
    Hibernate: delete from ft_participants where seq=?
    Hibernate: delete from ft_participants where seq=?
    Hibernate: delete from ft_participants where seq=?
    Hibernate: delete from ft_participants where seq=?
    Hibernate: delete from ft_participants where seq=?
    Hibernate: delete from ft_participants where seq=?
    Hibernate: delete from ft_participants where seq=?
    Hibernate: delete from ft_participants where seq=?
    Hibernate: delete from ft_participants where seq=?
    Hibernate: delete from ft_participants where seq=?
    Hibernate: delete from ft_participants where seq=?
    Hibernate: delete from ft_participants where seq=?
    Hibernate: delete from ft_participants where seq=?
    Hibernate: delete from ft_participants where seq=?
    Hibernate: delete from ft_participants where seq=?
    Hibernate: delete from ft_participants where seq=?
    Hibernate: delete from ft_participants where seq=?
    Hibernate: delete from ft_participants where seq=?
    Hibernate: delete from ft_participants where seq=?
    Hibernate: delete from ft_participants where seq=?
    Hibernate: delete from ft_participants where seq=?
    Hibernate: delete from ft_participants where seq=?
    Hibernate: delete from ft_participants where seq=?
    Hibernate: delete from ft_participants where seq=?
    Hibernate: delete from ft_participants where seq=?
    Hibernate: delete from ft_participants where seq=?
    Hibernate: delete from ft_participants where seq=?
    Hibernate: delete from ft_participants where seq=?
    Hibernate: delete from ft_participants where seq=?
    Hibernate: delete from ft_participants where seq=?
    Hibernate: delete from ft_participants where seq=?
    Hibernate: delete from ft_participants where seq=?
    Hibernate: delete from ft_participants where seq=?
    Hibernate: delete from ft_participants where seq=?
    Hibernate: delete from ft_participants where seq=?
    Hibernate: delete from ft_participants where seq=?
    Hibernate: delete from ft_participants where seq=?
    Hibernate: delete from ft_participants where seq=?
    Hibernate: delete from ft_participants where seq=?
    Hibernate: delete from ft_participants where seq=?
    Hibernate: delete from ft_participants where seq=?
    Hibernate: delete from ft_participants where seq=?
    Hibernate: delete from ft_participants where seq=?
    Hibernate: delete from ft_participants where seq=?
    Hibernate: delete from ft_participants where seq=?
    Hibernate: delete from ft_participants where seq=?
    Hibernate: delete from ft_participants where seq=?
    Hibernate: delete from ft_participants where seq=?
    Hibernate: delete from ft_participants where seq=?
    Hibernate: delete from ft_participants where seq=?
    Hibernate: delete from ft_participants where seq=?
    Hibernate: delete from ft_participants where seq=?
    Hibernate: delete from ft_participants where seq=?
    Hibernate: delete from ft_participants where seq=?
    Hibernate: delete from ft_participants where seq=?
    Hibernate: delete from ft_participants where seq=?
    Hibernate: delete from ft_participants where seq=?
    Hibernate: delete from ft_participants where seq=?
    Hibernate: delete from ft_participants where seq=?
    Hibernate: delete from ft_participants where seq=?
    Hibernate: delete from ft_participants where seq=?
    Hibernate: delete from ft_participants where seq=?
    Hibernate: delete from ft_participants where seq=?
    Hibernate: delete from ft_participants where seq=?
    Hibernate: delete from ft_participants where seq=?
    Hibernate: delete from ft_participants where seq=?
    Hibernate: delete from ft_participants where seq=?
    Hibernate: delete from ft_participants where seq=?
    Hibernate: delete from ft_participants where seq=?
    Hibernate: delete from ft_participants where seq=?
    Hibernate: delete from ft_participants where seq=?
    Hibernate: delete from ft_participants where seq=?
    Hibernate: delete from ft_participants where seq=?
    Hibernate: delete from ft_participants where seq=?
    Hibernate: delete from ft_participants where seq=?
    Hibernate: delete from ft_participants where seq=?
    Hibernate: delete from ft_participants where seq=?
    Hibernate: delete from ft_participants where seq=?
    Hibernate: delete from ft_participants where seq=?
    Hibernate: delete from ft_participants where seq=?
    Hibernate: delete from ft_participants where seq=?
    Hibernate: delete from ft_participants where seq=?
    Hibernate: delete from ft_participants where seq=?
    Hibernate: delete from ft_participants where seq=?
    Hibernate: delete from ft_participants where seq=?
    Hibernate: delete from ft_participants where seq=?
    Hibernate: delete from ft_participants where seq=?
    Hibernate: delete from ft_participants where seq=?
    Hibernate: delete from ft_participants where seq=?
    Hibernate: delete from ft_participants where seq=?
    Hibernate: delete from ft_participants where seq=?
    Hibernate: delete from ft_participants where seq=?
    Hibernate: delete from ft_participants where seq=?
    Hibernate: delete from ft_participants where seq=?
    Hibernate: delete from ft_participants where seq=?
    Hibernate: delete from ft_participants where seq=?
    Hibernate: delete from ft_participants where seq=?
    Hibernate: delete from ft_participants where seq=?
    Hibernate: delete from ft_participants where seq=?
    Hibernate: delete from ft_participants where seq=?
    Hibernate: delete from ft_participants where seq=?
    Hibernate: delete from ft_participants where seq=?
    Hibernate: delete from ft_participants where seq=?
    Hibernate: delete from ft_participants where seq=?
    Hibernate: delete from ft_participants where seq=?
    Hibernate: delete from ft_participants where seq=?
    Hibernate: delete from ft_participants where seq=?
    Hibernate: delete from ft_participants where seq=?
    Hibernate: delete from ft_participants where seq=?
    Hibernate: delete from ft_participants where seq=?
    Hibernate: delete from ft_participants where seq=?
    Hibernate: delete from ft_participants where seq=?
    Hibernate: delete from ft_participants where seq=?
    Hibernate: delete from ft_participants where seq=?
    Hibernate: delete from ft_participants where seq=?
    Hibernate: delete from ft_participants where seq=?
    Hibernate: delete from ft_participants where seq=?
    Hibernate: delete from ft_participants where seq=?
    Hibernate: delete from ft_participants where seq=?
    Hibernate: delete from ft_participants where seq=?
    Hibernate: delete from ft_participants where seq=?
    Hibernate: delete from ft_participants where seq=?
    Hibernate: delete from ft_participants where seq=?
    Hibernate: delete from ft_participants where seq=?
    Hibernate: delete from ft_participants where seq=?
    Hibernate: delete from ft_participants where seq=?
    Hibernate: delete from ft_participants where seq=?
    Hibernate: delete from ft_participants where seq=?
    Hibernate: delete from ft_participants where seq=?
    Hibernate: delete from ft_participants where seq=?
    Hibernate: delete from ft_participants where seq=?
    Hibernate: delete from ft_participants where seq=?
    Hibernate: delete from ft_participants where seq=?
    Hibernate: delete from ft_participants where seq=?
    Hibernate: delete from ft_participants where seq=?
    Hibernate: delete from ft_participants where seq=?
    Hibernate: delete from ft_participants where seq=?
    Hibernate: delete from ft_participants where seq=?
    Hibernate: delete from ft_participants where seq=?
    Hibernate: delete from ft_participants where seq=?
    Hibernate: delete from ft_participants where seq=?
    Hibernate: delete from ft_participants where seq=?
    Hibernate: delete from ft_participants where seq=?
    Hibernate: delete from ft_participants where seq=?
    Hibernate: delete from ft_participants where seq=?
    Hibernate: delete from ft_participants where seq=?
    Hibernate: delete from ft_participants where seq=?
    Hibernate: delete from ft_participants where seq=?
    Hibernate: delete from ft_participants where seq=?
    Hibernate: delete from ft_participants where seq=?
    Hibernate: delete from ft_participants where seq=?
    Hibernate: delete from ft_participants where seq=?
    Hibernate: delete from ft_participants where seq=?
    Hibernate: delete from ft_participants where seq=?
    Hibernate: delete from ft_participants where seq=?
    Hibernate: delete from ft_participants where seq=?
    Hibernate: delete from ft_participants where seq=?
    Hibernate: delete from ft_participants where seq=?
    Hibernate: delete from ft_participants where seq=?
    Hibernate: delete from ft_participants where seq=?
    Hibernate: delete from ft_participants where seq=?
    Hibernate: delete from ft_participants where seq=?
    Hibernate: delete from ft_participants where seq=?
    Hibernate: delete from ft_participants where seq=?
    Hibernate: delete from ft_participants where seq=?
    Hibernate: delete from ft_participants where seq=?
    Hibernate: delete from ft_participants where seq=?
    Hibernate: delete from ft_participants where seq=?
    Hibernate: delete from ft_participants where seq=?
    Hibernate: delete from ft_participants where seq=?
    Hibernate: delete from ft_participants where seq=?
    Hibernate: delete from ft_participants where seq=?
    Hibernate: delete from ft_participants where seq=?
    Hibernate: delete from ft_participants where seq=?
    Hibernate: delete from ft_participants where seq=?
    Hibernate: delete from ft_participants where seq=?
    Hibernate: delete from ft_participants where seq=?
    Hibernate: delete from ft_participants where seq=?
    Hibernate: delete from ft_participants where seq=?
    Hibernate: delete from ft_participants where seq=?
    Hibernate: delete from ft_participants where seq=?
    Hibernate: delete from ft_participants where seq=?
    Hibernate: delete from ft_participants where seq=?
    Hibernate: delete from ft_participants where seq=?
    Hibernate: delete from ft_participants where seq=?
    Hibernate: delete from ft_participants where seq=?
    Hibernate: delete from ft_participants where seq=?
    Hibernate: delete from ft_participants where seq=?
    Hibernate: delete from ft_participants where seq=?
    Hibernate: delete from ft_participants where seq=?
    Hibernate: delete from ft_participants where seq=?
    Hibernate: delete from ft_participants where seq=?
    Hibernate: delete from ft_participants where seq=?
    Hibernate: delete from ft_participants where seq=?
    Hibernate: delete from ft_participants where seq=?
    Hibernate: delete from ft_participants where seq=?
    Hibernate: delete from ft_participants where seq=?
    Hibernate: delete from ft_participants where seq=?
    Hibernate: delete from ft_participants where seq=?
    Hibernate: delete from ft_participants where seq=?
    Hibernate: delete from ft_participants where seq=?
    Hibernate: delete from ft_participants where seq=?
    Hibernate: delete from ft_participants where seq=?
    Hibernate: delete from ft_participants where seq=?
    Hibernate: delete from ft_participants where seq=?
    Hibernate: delete from ft_participants where seq=?
    Hibernate: delete from ft_participants where seq=?
    Hibernate: delete from ft_participants where seq=?
    Hibernate: delete from ft_participants where seq=?
    Hibernate: delete from ft_participants where seq=?
    Hibernate: delete from ft_participants where seq=?
    Hibernate: delete from ft_participants where seq=?
    Hibernate: delete from ft_participants where seq=?
    Hibernate: delete from ft_participants where seq=?
    Hibernate: delete from ft_participants where seq=?
    Hibernate: delete from ft_participants where seq=?
    Hibernate: delete from ft_participants where seq=?
    Hibernate: delete from ft_participants where seq=?
    Hibernate: delete from ft_participants where seq=?
    Hibernate: delete from ft_participants where seq=?
    Hibernate: delete from ft_participants where seq=?
    Hibernate: delete from ft_participants where seq=?
    Hibernate: delete from ft_participants where seq=?
    Hibernate: delete from ft_participants where seq=?
    Hibernate: delete from ft_participants where seq=?
    Hibernate: delete from ft_participants where seq=?
    Hibernate: delete from ft_participants where seq=?
    Hibernate: delete from ft_participants where seq=?
    Hibernate: delete from ft_participants where seq=?
    Hibernate: delete from ft_participants where seq=?
    Hibernate: delete from ft_participants where seq=?
    Hibernate: delete from ft_participants where seq=?
    Hibernate: delete from ft_participants where seq=?
    Hibernate: delete from ft_participants where seq=?
    Hibernate: delete from ft_participants where seq=?
    Hibernate: delete from ft_participants where seq=?
    Hibernate: delete from ft_participants where seq=?
    Hibernate: delete from ft_participants where seq=?
    Hibernate: delete from ft_participants where seq=?
    Hibernate: delete from ft_participants where seq=?
    Hibernate: delete from ft_participants where seq=?
    Hibernate: delete from ft_participants where seq=?
    Hibernate: delete from ft_participants where seq=?
    Hibernate: delete from ft_participants where seq=?
    Hibernate: delete from ft_participants where seq=?
    Hibernate: delete from ft_participants where seq=?
    Hibernate: delete from ft_participants where seq=?
    Hibernate: delete from ft_participants where seq=?
    Hibernate: delete from ft_participants where seq=?
    Hibernate: delete from ft_participants where seq=?
    Hibernate: delete from ft_participants where seq=?
    Hibernate: delete from ft_participants where seq=?
    Hibernate: delete from ft_participants where seq=?
    Hibernate: delete from ft_participants where seq=?
    Hibernate: delete from ft_participants where seq=?
    Hibernate: delete from ft_participants where seq=?
    Hibernate: delete from ft_participants where seq=?
    Hibernate: delete from ft_participants where seq=?
    Hibernate: delete from ft_participants where seq=?
    Hibernate: delete from ft_participants where seq=?
    Hibernate: delete from ft_participants where seq=?
    Hibernate: delete from ft_participants where seq=?
    Hibernate: delete from ft_participants where seq=?
    Hibernate: delete from ft_participants where seq=?
    Hibernate: delete from ft_participants where seq=?
    Hibernate: delete from ft_participants where seq=?
    Hibernate: delete from ft_participants where seq=?
    Hibernate: delete from ft_participants where seq=?
    Hibernate: delete from ft_participants where seq=?
    Hibernate: delete from ft_participants where seq=?
    Hibernate: delete from ft_participants where seq=?
    Hibernate: delete from ft_participants where seq=?
    Hibernate: delete from ft_participants where seq=?
    Hibernate: delete from ft_participants where seq=?
    Hibernate: delete from ft_participants where seq=?
    Hibernate: delete from ft_participants where seq=?
    Hibernate: delete from ft_participants where seq=?
    Hibernate: delete from ft_participants where seq=?
    Hibernate: delete from ft_participants where seq=?
    Hibernate: delete from ft_participants where seq=?
    Hibernate: delete from ft_participants where seq=?
    Hibernate: delete from ft_participants where seq=?
    Hibernate: delete from ft_participants where seq=?
    Hibernate: delete from ft_participants where seq=?
    Hibernate: delete from ft_participants where seq=?
    Hibernate: delete from ft_participants where seq=?
    Hibernate: delete from ft_participants where seq=?
    Hibernate: delete from ft_participants where seq=?
    Hibernate: delete from ft_participants where seq=?
    Hibernate: delete from ft_participants where seq=?
    Hibernate: delete from ft_participants where seq=?
    Hibernate: delete from ft_participants where seq=?
    Hibernate: delete from ft_participants where seq=?
    Hibernate: delete from ft_participants where seq=?
    Hibernate: delete from ft_participants where seq=?
    Hibernate: delete from ft_participants where seq=?
    Hibernate: delete from ft_participants where seq=?
    Hibernate: delete from ft_participants where seq=?
    Hibernate: delete from ft_participants where seq=?
    Hibernate: delete from ft_participants where seq=?
    Hibernate: delete from ft_participants where seq=?
    Hibernate: delete from ft_participants where seq=?
    Hibernate: delete from ft_participants where seq=?
    Hibernate: delete from ft_participants where seq=?
    Hibernate: delete from ft_participants where seq=?
    Hibernate: delete from ft_participants where seq=?
    Hibernate: delete from ft_participants where seq=?
    Hibernate: delete from ft_participants where seq=?
    Hibernate: delete from ft_participants where seq=?
    Hibernate: delete from ft_participants where seq=?
    Hibernate: delete from ft_participants where seq=?
    Hibernate: delete from ft_participants where seq=?
    Hibernate: delete from ft_participants where seq=?
    Hibernate: delete from ft_participants where seq=?
    Hibernate: delete from ft_participants where seq=?
    Hibernate: delete from ft_participants where seq=?
    Hibernate: delete from ft_participants where seq=?
    Hibernate: delete from ft_participants where seq=?
    Hibernate: delete from ft_participants where seq=?
    Hibernate: delete from ft_participants where seq=?
    Hibernate: delete from ft_participants where seq=?
    Hibernate: delete from ft_participants where seq=?
    Hibernate: delete from ft_participants where seq=?
    Hibernate: delete from ft_participants where seq=?
    Hibernate: delete from ft_participants where seq=?
    Hibernate: delete from ft_participants where seq=?
    Hibernate: delete from ft_participants where seq=?
    Hibernate: delete from ft_participants where seq=?
    Hibernate: delete from ft_participants where seq=?
    Hibernate: delete from ft_participants where seq=?
    Hibernate: delete from ft_participants where seq=?
    Hibernate: delete from ft_participants where seq=?
    Hibernate: delete from ft_participants where seq=?
    Hibernate: delete from ft_participants where seq=?
    Hibernate: delete from ft_participants where seq=?
    Hibernate: delete from ft_participants where seq=?
    Hibernate: delete from ft_participants where seq=?
    Hibernate: delete from ft_participants where seq=?
    Hibernate: delete from ft_participants where seq=?
    Hibernate: delete from ft_participants where seq=?
    Hibernate: delete from ft_participants where seq=?
    Hibernate: delete from ft_participants where seq=?
    Hibernate: delete from ft_participants where seq=?
    Hibernate: delete from ft_participants where seq=?
    Hibernate: delete from ft_participants where seq=?
    Hibernate: delete from ft_participants where seq=?
    Hibernate: delete from ft_participants where seq=?
    Hibernate: delete from ft_participants where seq=?
    Hibernate: delete from ft_participants where seq=?
    Hibernate: delete from ft_participants where seq=?
    Hibernate: delete from ft_participants where seq=?
    Hibernate: delete from ft_participants where seq=?
    Hibernate: delete from ft_participants where seq=?
    Hibernate: delete from ft_participants where seq=?
    Hibernate: delete from ft_participants where seq=?
    Hibernate: delete from ft_participants where seq=?
    Hibernate: delete from ft_participants where seq=?
    Hibernate: delete from ft_participants where seq=?
    Hibernate: delete from ft_participants where seq=?
    Hibernate: delete from ft_participants where seq=?
    Hibernate: delete from ft_participants where seq=?
    Hibernate: delete from ft_participants where seq=?
    Hibernate: delete from ft_participants where seq=?
    Hibernate: delete from ft_participants where seq=?
    Hibernate: delete from ft_participants where seq=?
    Hibernate: delete from ft_participants where seq=?
    Hibernate: delete from ft_participants where seq=?
    Hibernate: delete from ft_participants where seq=?
    Hibernate: delete from ft_participants where seq=?
    Hibernate: delete from ft_participants where seq=?
    Hibernate: delete from ft_participants where seq=?
    Hibernate: delete from ft_participants where seq=?
    Hibernate: delete from ft_participants where seq=?
    Hibernate: delete from ft_participants where seq=?
    Hibernate: delete from ft_participants where seq=?
    Hibernate: delete from ft_participants where seq=?
    Hibernate: delete from ft_participants where seq=?
    Hibernate: delete from ft_participants where seq=?
    Hibernate: delete from ft_participants where seq=?
    Hibernate: delete from ft_participants where seq=?
    Hibernate: delete from ft_participants where seq=?
    Hibernate: delete from ft_participants where seq=?
    Hibernate: delete from ft_participants where seq=?
    Hibernate: delete from ft_participants where seq=?
    Hibernate: delete from ft_participants where seq=?
    Hibernate: delete from ft_participants where seq=?
    Hibernate: delete from ft_participants where seq=?
    Hibernate: delete from ft_participants where seq=?
    Hibernate: delete from ft_participants where seq=?
    Hibernate: delete from ft_participants where seq=?
    Hibernate: delete from ft_participants where seq=?
    Hibernate: delete from ft_participants where seq=?
    Hibernate: delete from ft_participants where seq=?
    Hibernate: delete from ft_participants where seq=?
    Hibernate: delete from ft_participants where seq=?
    Hibernate: delete from ft_participants where seq=?
    Hibernate: delete from ft_participants where seq=?
    Hibernate: delete from ft_participants where seq=?
    Hibernate: delete from ft_participants where seq=?
    Hibernate: delete from ft_participants where seq=?
    Hibernate: delete from ft_participants where seq=?
    Hibernate: delete from ft_participants where seq=?
    Hibernate: delete from ft_participants where seq=?
    Hibernate: delete from ft_participants where seq=?
    Hibernate: delete from ft_participants where seq=?
    Hibernate: delete from ft_participants where seq=?
    Hibernate: delete from ft_participants where seq=?
    Hibernate: delete from ft_participants where seq=?
    Hibernate: delete from ft_participants where seq=?
    Hibernate: delete from ft_participants where seq=?
    Hibernate: delete from ft_participants where seq=?
    Hibernate: delete from ft_participants where seq=?
    Hibernate: delete from ft_participants where seq=?
    Hibernate: delete from ft_participants where seq=?
    Hibernate: delete from ft_participants where seq=?
    Hibernate: delete from ft_participants where seq=?
    Hibernate: delete from ft_participants where seq=?
    Hibernate: delete from ft_participants where seq=?
    Hibernate: delete from ft_participants where seq=?
    Hibernate: delete from ft_participants where seq=?
    Hibernate: delete from ft_participants where seq=?
    Hibernate: delete from ft_participants where seq=?
    Hibernate: delete from ft_participants where seq=?
    Hibernate: delete from ft_participants where seq=?
    Hibernate: delete from ft_participants where seq=?
    Hibernate: delete from ft_participants where seq=?
    Hibernate: delete from ft_participants where seq=?
    Hibernate: delete from ft_participants where seq=?
    Hibernate: delete from ft_participants where seq=?
    Hibernate: delete from ft_participants where seq=?
    Hibernate: delete from ft_participants where seq=?
    Hibernate: delete from ft_participants where seq=?
    Hibernate: delete from ft_participants where seq=?
    Hibernate: delete from ft_participants where seq=?
    Hibernate: delete from ft_participants where seq=?
    Hibernate: delete from ft_participants where seq=?
    Hibernate: delete from ft_participants where seq=?
    Hibernate: delete from ft_participants where seq=?
    Hibernate: delete from ft_participants where seq=?
    Hibernate: delete from ft_participants where seq=?
    Hibernate: delete from ft_participants where seq=?
    Hibernate: delete from ft_participants where seq=?
    Hibernate: delete from ft_participants where seq=?
    Hibernate: delete from ft_participants where seq=?
    Hibernate: delete from ft_participants where seq=?
    Hibernate: delete from ft_participants where seq=?
    Hibernate: delete from ft_participants where seq=?
    Hibernate: delete from ft_participants where seq=?
    Hibernate: delete from ft_participants where seq=?
    Hibernate: delete from ft_participants where seq=?
    Hibernate: delete from ft_participants where seq=?
    Hibernate: delete from ft_participants where seq=?
    Hibernate: delete from ft_participants where seq=?
    Hibernate: delete from ft_participants where seq=?
    Hibernate: delete from ft_participants where seq=?
    Hibernate: delete from ft_participants where seq=?
    Hibernate: delete from ft_participants where seq=?
    Hibernate: delete from ft_participants where seq=?
    Hibernate: delete from ft_participants where seq=?
    Hibernate: delete from ft_participants where seq=?
    Hibernate: delete from ft_participants where seq=?
    Hibernate: delete from ft_participants where seq=?
    Hibernate: delete from ft_participants where seq=?
    Hibernate: delete from ft_participants where seq=?
    Hibernate: delete from ft_participants where seq=?
    Hibernate: delete from ft_participants where seq=?
    Hibernate: delete from ft_participants where seq=?
    Hibernate: delete from ft_participants where seq=?
    Hibernate: delete from ft_participants where seq=?
    Hibernate: delete from ft_participants where seq=?
    Hibernate: delete from ft_participants where seq=?
    Hibernate: delete from ft_participants where seq=?
    Hibernate: delete from ft_participants where seq=?
    Hibernate: delete from ft_participants where seq=?
    Hibernate: delete from ft_participants where seq=?
    Hibernate: delete from ft_participants where seq=?
    Hibernate: delete from ft_participants where seq=?
    Hibernate: delete from ft_participants where seq=?
    Hibernate: delete from ft_participants where seq=?
    Hibernate: delete from ft_participants where seq=?
    Hibernate: delete from ft_participants where seq=?
    Hibernate: delete from ft_participants where seq=?
    Hibernate: delete from ft_participants where seq=?
    Hibernate: delete from ft_participants where seq=?
    Hibernate: delete from ft_participants where seq=?
    Hibernate: delete from ft_participants where seq=?
    Hibernate: delete from ft_participants where seq=?
    Hibernate: delete from ft_participants where seq=?
    Hibernate: delete from ft_participants where seq=?
    Hibernate: delete from ft_participants where seq=?
    Hibernate: delete from ft_participants where seq=?
    Hibernate: delete from ft_participants where seq=?
    Hibernate: delete from ft_participants where seq=?
    Hibernate: delete from ft_participants where seq=?
    Hibernate: delete from ft_participants where seq=?
    Hibernate: delete from ft_participants where seq=?
    Hibernate: delete from ft_participants where seq=?
    Hibernate: delete from ft_participants where seq=?
    Hibernate: delete from ft_participants where seq=?
    Hibernate: delete from ft_participants where seq=?
    Hibernate: delete from ft_participants where seq=?
    Hibernate: delete from ft_participants where seq=?
    Hibernate: delete from ft_participants where seq=?
    Hibernate: delete from ft_participants where seq=?
    Hibernate: delete from ft_participants where seq=?
    Hibernate: delete from ft_participants where seq=?
    Hibernate: delete from ft_participants where seq=?
    Hibernate: delete from ft_participants where seq=?
    Hibernate: delete from ft_participants where seq=?
    Hibernate: delete from ft_participants where seq=?
    Hibernate: delete from ft_participants where seq=?
    Hibernate: delete from ft_participants where seq=?
    Hibernate: delete from ft_participants where seq=?
    Hibernate: delete from ft_participants where seq=?
    Hibernate: delete from ft_participants where seq=?
    Hibernate: delete from ft_participants where seq=?
    Hibernate: delete from ft_participants where seq=?
    Hibernate: delete from ft_participants where seq=?
    Hibernate: delete from ft_participants where seq=?
    Hibernate: delete from ft_participants where seq=?
    Hibernate: delete from ft_participants where seq=?
    Hibernate: delete from ft_participants where seq=?
    Hibernate: delete from ft_participants where seq=?
    Hibernate: delete from ft_participants where seq=?
    Hibernate: delete from ft_participants where seq=?
    Hibernate: delete from ft_participants where seq=?
    Hibernate: delete from ft_participants where seq=?
    Hibernate: delete from ft_participants where seq=?
    Hibernate: delete from ft_participants where seq=?
    Hibernate: delete from ft_participants where seq=?
    Hibernate: delete from ft_participants where seq=?
    Hibernate: delete from ft_participants where seq=?
    Hibernate: delete from ft_participants where seq=?
    Hibernate: delete from ft_participants where seq=?
    Hibernate: delete from ft_participants where seq=?
    Hibernate: delete from ft_participants where seq=?
    Hibernate: delete from ft_participants where seq=?
    Hibernate: delete from ft_participants where seq=?
    Hibernate: delete from ft_participants where seq=?
    Hibernate: delete from ft_participants where seq=?
    Hibernate: delete from ft_participants where seq=?
    Hibernate: delete from ft_participants where seq=?
    Hibernate: delete from ft_participants where seq=?
    Hibernate: delete from ft_participants where seq=?
    Hibernate: delete from ft_participants where seq=?
    Hibernate: delete from ft_participants where seq=?
    Hibernate: delete from ft_participants where seq=?
    Hibernate: delete from ft_participants where seq=?
    Hibernate: delete from ft_participants where seq=?
    Hibernate: delete from ft_participants where seq=?
    Hibernate: delete from ft_participants where seq=?
    Hibernate: delete from ft_participants where seq=?
    Hibernate: delete from ft_participants where seq=?
    Hibernate: delete from ft_participants where seq=?
    Hibernate: delete from ft_participants where seq=?
    Hibernate: delete from ft_participants where seq=?
    Hibernate: delete from ft_participants where seq=?
    Hibernate: delete from ft_participants where seq=?
    Hibernate: delete from ft_participants where seq=?
    Hibernate: delete from ft_participants where seq=?
    Hibernate: delete from ft_participants where seq=?
    Hibernate: delete from ft_participants where seq=?
    Hibernate: delete from ft_participants where seq=?
    Hibernate: delete from ft_participants where seq=?
    Hibernate: delete from ft_participants where seq=?
    Hibernate: delete from ft_participants where seq=?
    Hibernate: delete from ft_participants where seq=?
    Hibernate: delete from ft_participants where seq=?
    Hibernate: delete from ft_participants where seq=?
    Hibernate: delete from ft_participants where seq=?
    Hibernate: delete from ft_participants where seq=?
    Hibernate: delete from ft_participants where seq=?
    Hibernate: delete from ft_participants where seq=?
    Hibernate: delete from ft_participants where seq=?
    Hibernate: delete from ft_participants where seq=?
    Hibernate: delete from ft_participants where seq=?
    Hibernate: delete from ft_participants where seq=?
    Hibernate: delete from ft_participants where seq=?
    Hibernate: delete from ft_participants where seq=?
    Hibernate: delete from ft_participants where seq=?
    Hibernate: delete from ft_participants where seq=?
    Hibernate: delete from ft_participants where seq=?
    Hibernate: delete from ft_participants where seq=?
    Hibernate: delete from ft_participants where seq=?
    Hibernate: delete from ft_participants where seq=?
    Hibernate: delete from ft_participants where seq=?
    Hibernate: delete from ft_participants where seq=?
    Hibernate: delete from ft_participants where seq=?
    Hibernate: delete from ft_participants where seq=?
    Hibernate: delete from ft_participants where seq=?
    Hibernate: delete from ft_participants where seq=?
    Hibernate: delete from ft_participants where seq=?
    Hibernate: delete from ft_participants where seq=?
    Hibernate: delete from ft_participants where seq=?
    Hibernate: delete from ft_participants where seq=?
    Hibernate: delete from ft_participants where seq=?
    Hibernate: delete from ft_participants where seq=?
    Hibernate: delete from ft_participants where seq=?
    Hibernate: delete from ft_participants where seq=?
    Hibernate: delete from ft_participants where seq=?
    Hibernate: delete from ft_participants where seq=?
    Hibernate: delete from ft_participants where seq=?
    Hibernate: delete from ft_participants where seq=?
    Hibernate: delete from ft_participants where seq=?
    Hibernate: delete from ft_participants where seq=?
    Hibernate: delete from ft_participants where seq=?
    Hibernate: delete from ft_participants where seq=?
    Hibernate: delete from ft_participants where seq=?
    Hibernate: delete from ft_participants where seq=?
    Hibernate: delete from ft_participants where seq=?
    Hibernate: delete from ft_participants where seq=?
    Hibernate: delete from ft_participants where seq=?
    Hibernate: delete from ft_participants where seq=?
    Hibernate: delete from ft_participants where seq=?
    Hibernate: delete from ft_participants where seq=?
    Hibernate: delete from ft_participants where seq=?
    Hibernate: delete from ft_participants where seq=?
    Hibernate: delete from ft_participants where seq=?
    Hibernate: delete from ft_participants where seq=?
    Hibernate: delete from ft_participants where seq=?
    Hibernate: delete from ft_participants where seq=?
    Hibernate: delete from ft_participants where seq=?
    Hibernate: delete from ft_participants where seq=?
    Hibernate: delete from ft_participants where seq=?
    Hibernate: delete from ft_participants where seq=?
    Hibernate: delete from ft_participants where seq=?
    Hibernate: delete from ft_participants where seq=?
    Hibernate: delete from ft_participants where seq=?
    Hibernate: delete from ft_participants where seq=?
    Hibernate: delete from ft_participants where seq=?
    Hibernate: delete from ft_participants where seq=?
    Hibernate: delete from ft_participants where seq=?
    Hibernate: delete from ft_participants where seq=?
    Hibernate: delete from ft_participants where seq=?
    Hibernate: delete from ft_participants where seq=?
    Hibernate: delete from ft_participants where seq=?
    Hibernate: delete from ft_participants where seq=?
    Hibernate: delete from ft_participants where seq=?
    Hibernate: delete from ft_participants where seq=?
    Hibernate: delete from ft_participants where seq=?
    Hibernate: delete from ft_participants where seq=?
    Hibernate: delete from ft_participants where seq=?
    Hibernate: delete from ft_participants where seq=?
    Hibernate: delete from ft_participants where seq=?
    Hibernate: delete from ft_participants where seq=?
    Hibernate: delete from ft_participants where seq=?
    Hibernate: delete from ft_participants where seq=?
    Hibernate: delete from ft_participants where seq=?
    Hibernate: delete from ft_participants where seq=?
    Hibernate: delete from ft_participants where seq=?
    Hibernate: delete from ft_participants where seq=?
    Hibernate: delete from ft_participants where seq=?
    Hibernate: delete from ft_participants where seq=?
    Hibernate: delete from ft_participants where seq=?
    Hibernate: delete from ft_participants where seq=?
    Hibernate: delete from ft_participants where seq=?
    Hibernate: delete from ft_participants where seq=?
    Hibernate: delete from ft_participants where seq=?
    Hibernate: delete from ft_participants where seq=?
    Hibernate: delete from ft_participants where seq=?
    Hibernate: delete from ft_participants where seq=?
    Hibernate: delete from ft_participants where seq=?
    Hibernate: delete from ft_participants where seq=?
    Hibernate: delete from ft_participants where seq=?
    Hibernate: delete from ft_participants where seq=?
    Hibernate: delete from ft_participants where seq=?
    Hibernate: delete from ft_participants where seq=?
    Hibernate: delete from ft_participants where seq=?
    Hibernate: delete from ft_participants where seq=?
    Hibernate: delete from ft_participants where seq=?
    Hibernate: delete from ft_participants where seq=?
    Hibernate: delete from ft_participants where seq=?
    Hibernate: delete from ft_participants where seq=?
    Hibernate: delete from ft_participants where seq=?
    Hibernate: delete from ft_participants where seq=?
    Hibernate: delete from ft_participants where seq=?
    Hibernate: delete from ft_participants where seq=?
    Hibernate: delete from ft_participants where seq=?
    Hibernate: delete from ft_participants where seq=?
    Hibernate: delete from ft_participants where seq=?
    Hibernate: delete from ft_participants where seq=?
    Hibernate: delete from ft_participants where seq=?
    Hibernate: delete from ft_participants where seq=?
    Hibernate: delete from ft_participants where seq=?
    Hibernate: delete from ft_participants where seq=?
    Hibernate: delete from ft_participants where seq=?
    Hibernate: delete from ft_participants where seq=?
    Hibernate: delete from ft_participants where seq=?
    Hibernate: delete from ft_participants where seq=?
    Hibernate: delete from ft_participants where seq=?
    Hibernate: delete from ft_participants where seq=?
    Hibernate: delete from ft_participants where seq=?
    Hibernate: delete from ft_participants where seq=?
    Hibernate: delete from ft_participants where seq=?
    Hibernate: delete from ft_participants where seq=?
    Hibernate: delete from ft_participants where seq=?
    Hibernate: delete from ft_participants where seq=?
    Hibernate: delete from ft_participants where seq=?
    Hibernate: delete from ft_participants where seq=?
    Hibernate: delete from ft_participants where seq=?
    Hibernate: delete from ft_participants where seq=?
    Hibernate: delete from ft_participants where seq=?
    Hibernate: delete from ft_participants where seq=?
    Hibernate: delete from ft_participants where seq=?
    Hibernate: delete from ft_participants where seq=?
    Hibernate: delete from ft_participants where seq=?
    Hibernate: delete from ft_participants where seq=?
    Hibernate: delete from ft_participants where seq=?
    Hibernate: delete from ft_participants where seq=?
    Hibernate: delete from ft_participants where seq=?
    Hibernate: delete from ft_participants where seq=?
    Hibernate: delete from ft_participants where seq=?
    Hibernate: delete from ft_participants where seq=?
    Hibernate: delete from ft_participants where seq=?
    Hibernate: delete from ft_participants where seq=?
    Hibernate: delete from ft_participants where seq=?
    Hibernate: delete from ft_participants where seq=?
    Hibernate: delete from ft_participants where seq=?
    Hibernate: delete from ft_participants where seq=?
    Hibernate: delete from ft_participants where seq=?
    Hibernate: delete from ft_participants where seq=?
    Hibernate: delete from ft_participants where seq=?
    Hibernate: delete from ft_participants where seq=?
    Hibernate: delete from ft_participants where seq=?
    Hibernate: delete from ft_participants where seq=?
    Hibernate: delete from ft_participants where seq=?
    Hibernate: delete from ft_participants where seq=?
    Hibernate: delete from ft_participants where seq=?
    Hibernate: delete from ft_participants where seq=?
    Hibernate: delete from ft_participants where seq=?
    Hibernate: delete from ft_participants where seq=?
    Hibernate: delete from ft_participants where seq=?
    Hibernate: delete from ft_participants where seq=?
    Hibernate: delete from ft_participants where seq=?
    Hibernate: delete from ft_participants where seq=?
    Hibernate: delete from ft_participants where seq=?
    Hibernate: delete from ft_participants where seq=?
    Hibernate: delete from ft_participants where seq=?
    Hibernate: delete from ft_participants where seq=?
    Hibernate: delete from ft_participants where seq=?
    Hibernate: delete from ft_participants where seq=?
    Hibernate: delete from ft_participants where seq=?
    Hibernate: delete from ft_participants where seq=?
    Hibernate: delete from ft_participants where seq=?
    Hibernate: delete from ft_participants where seq=?
    Hibernate: delete from ft_participants where seq=?
    Hibernate: delete from ft_participants where seq=?
    Hibernate: delete from ft_participants where seq=?
    Hibernate: delete from ft_participants where seq=?
    Hibernate: delete from ft_participants where seq=?
    Hibernate: delete from ft_participants where seq=?
    Hibernate: delete from ft_participants where seq=?
    Hibernate: delete from ft_participants where seq=?
    Hibernate: delete from ft_participants where seq=?
    Hibernate: delete from ft_participants where seq=?
    Hibernate: delete from ft_participants where seq=?
    Hibernate: delete from ft_participants where seq=?
    Hibernate: delete from ft_participants where seq=?
    Hibernate: delete from ft_participants where seq=?
    Hibernate: delete from ft_participants where seq=?
    Hibernate: delete from ft_participants where seq=?
    Hibernate: delete from ft_participants where seq=?
    Hibernate: delete from ft_participants where seq=?
    Hibernate: delete from ft_participants where seq=?
    Hibernate: delete from ft_participants where seq=?
    Hibernate: delete from ft_participants where seq=?
    Hibernate: delete from ft_participants where seq=?
    Hibernate: delete from ft_participants where seq=?
    Hibernate: delete from ft_participants where seq=?
    Hibernate: delete from ft_participants where seq=?
    Hibernate: delete from ft_participants where seq=?
    Hibernate: delete from ft_participants where seq=?
    Hibernate: delete from ft_participants where seq=?
    Hibernate: delete from ft_participants where seq=?
    Hibernate: delete from ft_participants where seq=?
    Hibernate: delete from ft_participants where seq=?
    Hibernate: delete from ft_participants where seq=?
    Hibernate: delete from ft_participants where seq=?
    Hibernate: delete from ft_participants where seq=?
    Hibernate: delete from ft_participants where seq=?
    Hibernate: delete from ft_participants where seq=?
    Hibernate: delete from ft_participants where seq=?
    Hibernate: delete from ft_participants where seq=?
    Hibernate: delete from ft_participants where seq=?
    Hibernate: delete from ft_participants where seq=?
    Hibernate: delete from ft_participants where seq=?
    Hibernate: delete from ft_participants where seq=?
    Hibernate: delete from ft_participants where seq=?
    Hibernate: delete from ft_participants where seq=?
    Hibernate: delete from ft_participants where seq=?
    Hibernate: delete from ft_participants where seq=?
    Hibernate: delete from ft_participants where seq=?
    Hibernate: delete from ft_participants where seq=?
    Hibernate: delete from ft_participants where seq=?
    Hibernate: delete from ft_participants where seq=?
    Hibernate: delete from ft_participants where seq=?
    Hibernate: delete from ft_participants where seq=?
    Hibernate: delete from ft_participants where seq=?
    Hibernate: delete from ft_participants where seq=?
    Hibernate: delete from ft_participants where seq=?
    Hibernate: delete from ft_participants where seq=?
    Hibernate: delete from ft_participants where seq=?
    Hibernate: delete from ft_participants where seq=?
    Hibernate: delete from ft_participants where seq=?
    Hibernate: delete from ft_participants where seq=?
    Hibernate: delete from ft_participants where seq=?
    Hibernate: delete from ft_participants where seq=?
    Hibernate: delete from ft_participants where seq=?
    Hibernate: delete from ft_participants where seq=?
    Hibernate: delete from ft_participants where seq=?
    Hibernate: delete from ft_participants where seq=?
    Hibernate: delete from ft_participants where seq=?
    Hibernate: delete from ft_participants where seq=?
    Hibernate: delete from ft_participants where seq=?
    Hibernate: delete from ft_participants where seq=?
    Hibernate: delete from ft_participants where seq=?
    Hibernate: delete from ft_participants where seq=?
    Hibernate: delete from ft_participants where seq=?
    Hibernate: delete from ft_participants where seq=?
    Hibernate: delete from ft_participants where seq=?
    Hibernate: delete from ft_participants where seq=?
    Hibernate: delete from ft_participants where seq=?
    Hibernate: delete from ft_participants where seq=?
    Hibernate: delete from ft_participants where seq=?
    Hibernate: delete from ft_participants where seq=?
    Hibernate: delete from ft_participants where seq=?
    Hibernate: delete from ft_participants where seq=?
    Hibernate: delete from ft_participants where seq=?
    Hibernate: delete from ft_participants where seq=?
    Hibernate: delete from ft_participants where seq=?
    Hibernate: delete from ft_participants where seq=?
    Hibernate: delete from ft_participants where seq=?
    Hibernate: delete from ft_participants where seq=?
    Hibernate: delete from ft_participants where seq=?
    Hibernate: delete from ft_participants where seq=?
    Hibernate: delete from ft_participants where seq=?
    Hibernate: delete from ft_participants where seq=?
    Hibernate: delete from ft_participants where seq=?
    Hibernate: delete from ft_participants where seq=?
    Hibernate: delete from ft_participants where seq=?
    Hibernate: delete from ft_participants where seq=?
    Hibernate: delete from ft_participants where seq=?
    Hibernate: delete from ft_participants where seq=?
    Hibernate: delete from ft_participants where seq=?
    Hibernate: delete from ft_participants where seq=?
    Hibernate: delete from ft_participants where seq=?
    Hibernate: delete from ft_participants where seq=?
    Hibernate: delete from ft_participants where seq=?
    Hibernate: delete from ft_participants where seq=?
    Hibernate: delete from ft_participants where seq=?
    Hibernate: delete from ft_participants where seq=?
    Hibernate: delete from ft_participants where seq=?
    Hibernate: delete from ft_participants where seq=?
    Hibernate: delete from ft_participants where seq=?
    Hibernate: delete from ft_participants where seq=?
    Hibernate: delete from ft_participants where seq=?
    Hibernate: delete from ft_participants where seq=?
    Hibernate: delete from ft_participants where seq=?
    Hibernate: delete from ft_participants where seq=?
    Hibernate: delete from ft_participants where seq=?
    Hibernate: delete from ft_participants where seq=?
    Hibernate: delete from ft_participants where seq=?
    Hibernate: delete from ft_participants where seq=?
    Hibernate: delete from ft_participants where seq=?
    Hibernate: delete from ft_participants where seq=?
    Hibernate: delete from ft_participants where seq=?
    Hibernate: delete from ft_participants where seq=?
    Hibernate: delete from ft_participants where seq=?
    Hibernate: delete from ft_participants where seq=?
    Hibernate: delete from ft_participants where seq=?
    Hibernate: delete from ft_participants where seq=?
    Hibernate: delete from ft_participants where seq=?
    Hibernate: delete from ft_participants where seq=?
    Hibernate: delete from ft_participants where seq=?
    Hibernate: delete from ft_participants where seq=?
    Hibernate: delete from ft_participants where seq=?
    Hibernate: delete from ft_participants where seq=?
    Hibernate: delete from ft_participants where seq=?
    Hibernate: delete from ft_participants where seq=?
    Hibernate: delete from ft_participants where seq=?
    Hibernate: delete from ft_participants where seq=?
    Hibernate: delete from ft_participants where seq=?
    Hibernate: delete from ft_participants where seq=?
    Hibernate: delete from ft_participants where seq=?
    Hibernate: delete from ft_participants where seq=?
    Hibernate: delete from ft_participants where seq=?
    Hibernate: delete from ft_participants where seq=?
    Hibernate: delete from ft_participants where seq=?
    Hibernate: delete from ft_participants where seq=?
    Hibernate: delete from ft_participants where seq=?
    Hibernate: delete from ft_participants where seq=?
    Hibernate: delete from ft_participants where seq=?
    Hibernate: delete from ft_participants where seq=?
    Hibernate: delete from ft_participants where seq=?
    Hibernate: delete from ft_participants where seq=?
    Hibernate: delete from ft_participants where seq=?
    Hibernate: delete from ft_participants where seq=?
    Hibernate: delete from ft_participants where seq=?
    Hibernate: delete from ft_participants where seq=?
    Hibernate: delete from ft_participants where seq=?
    Hibernate: delete from ft_participants where seq=?
    Hibernate: delete from ft_participants where seq=?
    Hibernate: delete from ft_participants where seq=?
    Hibernate: delete from ft_participants where seq=?
    Hibernate: delete from ft_participants where seq=?
    Hibernate: delete from ft_participants where seq=?
    Hibernate: delete from ft_participants where seq=?
    Hibernate: delete from ft_participants where seq=?
    Hibernate: delete from ft_participants where seq=?
    Hibernate: delete from ft_participants where seq=?
    Hibernate: delete from ft_participants where seq=?
    Hibernate: delete from ft_participants where seq=?
    Hibernate: delete from ft_participants where seq=?
    Hibernate: delete from ft_participants where seq=?
    Hibernate: delete from ft_participants where seq=?
    Hibernate: delete from ft_participants where seq=?
    Hibernate: delete from ft_participants where seq=?
    Hibernate: delete from ft_participants where seq=?
    Hibernate: delete from ft_participants where seq=?
    Hibernate: delete from ft_participants where seq=?
    Hibernate: delete from ft_participants where seq=?
    Hibernate: delete from ft_participants where seq=?
    Hibernate: delete from ft_participants where seq=?
    Hibernate: delete from ft_participants where seq=?
    Hibernate: delete from ft_participants where seq=?
    Hibernate: delete from ft_participants where seq=?
    Hibernate: delete from ft_participants where seq=?
    Hibernate: delete from ft_participants where seq=?
    Hibernate: delete from ft_participants where seq=?
    Hibernate: delete from ft_participants where seq=?
    Hibernate: delete from ft_participants where seq=?
    Hibernate: delete from ft_participants where seq=?
    Hibernate: delete from ft_participants where seq=?
    Hibernate: delete from ft_participants where seq=?
    Hibernate: delete from ft_participants where seq=?
    Hibernate: delete from ft_participants where seq=?
    Hibernate: delete from ft_participants where seq=?
    Hibernate: delete from ft_participants where seq=?
    Hibernate: delete from ft_participants where seq=?
    Hibernate: delete from ft_participants where seq=?
    Hibernate: delete from ft_participants where seq=?
    Hibernate: delete from ft_participants where seq=?
    Hibernate: delete from ft_participants where seq=?
    Hibernate: delete from ft_participants where seq=?
    Hibernate: delete from ft_participants where seq=?
    Hibernate: delete from ft_participants where seq=?
    Hibernate: delete from ft_participants where seq=?
    Hibernate: delete from ft_participants where seq=?
    Hibernate: delete from ft_participants where seq=?
    Hibernate: delete from ft_participants where seq=?
    Hibernate: delete from ft_participants where seq=?
    Hibernate: delete from ft_participants where seq=?
    Hibernate: delete from ft_participants where seq=?
    Hibernate: delete from ft_participants where seq=?
    Hibernate: delete from ft_participants where seq=?
    Hibernate: delete from ft_participants where seq=?
    Hibernate: delete from ft_participants where seq=?
    Hibernate: delete from ft_participants where seq=?
    Hibernate: delete from ft_participants where seq=?
    Hibernate: delete from ft_participants where seq=?
    Hibernate: delete from ft_participants where seq=?
    Hibernate: delete from ft_participants where seq=?
    Hibernate: delete from ft_participants where seq=?
    Hibernate: delete from ft_participants where seq=?
    Hibernate: delete from ft_participants where seq=?
    Hibernate: delete from ft_participants where seq=?
    Hibernate: delete from ft_participants where seq=?
    Hibernate: delete from ft_participants where seq=?
    Hibernate: delete from ft_participants where seq=?
    Hibernate: delete from ft_participants where seq=?
    Hibernate: delete from ft_participants where seq=?
    Hibernate: delete from ft_participants where seq=?
    Hibernate: delete from ft_participants where seq=?
    Hibernate: delete from ft_participants where seq=?
    Hibernate: delete from ft_participants where seq=?
    Hibernate: delete from ft_participants where seq=?
    Hibernate: delete from ft_participants where seq=?
    Hibernate: delete from ft_participants where seq=?
    Hibernate: delete from ft_participants where seq=?
    Hibernate: delete from ft_participants where seq=?
    Hibernate: delete from ft_participants where seq=?
    Hibernate: delete from ft_participants where seq=?
    Hibernate: delete from ft_participants where seq=?
    Hibernate: delete from ft_participants where seq=?
    Hibernate: delete from ft_participants where seq=?
    Hibernate: delete from ft_participants where seq=?
    Hibernate: delete from ft_participants where seq=?
    Hibernate: delete from ft_participants where seq=?
    Hibernate: delete from ft_participants where seq=?
    Hibernate: delete from ft_participants where seq=?
    Hibernate: delete from ft_participants where seq=?
    Hibernate: delete from ft_participants where seq=?
    Hibernate: delete from ft_participants where seq=?
    Hibernate: delete from ft_participants where seq=?
    Hibernate: delete from ft_participants where seq=?
    Hibernate: delete from ft_participants where seq=?
    Hibernate: delete from ft_participants where seq=?
    Hibernate: delete from ft_participants where seq=?
    Hibernate: delete from ft_participants where seq=?
    Hibernate: delete from ft_participants where seq=?
    Hibernate: delete from ft_participants where seq=?
    Hibernate: delete from ft_participants where seq=?
    Hibernate: delete from ft_participants where seq=?
    Hibernate: delete from ft_participants where seq=?
    Hibernate: delete from ft_participants where seq=?
    Hibernate: delete from ft_participants where seq=?
    Hibernate: delete from ft_participants where seq=?
    Hibernate: delete from ft_participants where seq=?
    Hibernate: delete from ft_participants where seq=?
    Hibernate: delete from ft_participants where seq=?
    Hibernate: delete from ft_participants where seq=?
    Hibernate: delete from ft_participants where seq=?
    Hibernate: delete from ft_participants where seq=?
    Hibernate: delete from ft_participants where seq=?
    Hibernate: delete from ft_participants where seq=?
    Hibernate: delete from ft_participants where seq=?
    Hibernate: delete from ft_participants where seq=?
    Hibernate: delete from ft_participants where seq=?
    Hibernate: delete from ft_participants where seq=?
    Hibernate: delete from ft_participants where seq=?
    Hibernate: delete from ft_participants where seq=?
    Hibernate: delete from ft_participants where seq=?
    Hibernate: delete from ft_participants where seq=?
    Hibernate: delete from ft_participants where seq=?
    Hibernate: delete from ft_participants where seq=?
    Hibernate: delete from ft_participants where seq=?
    Hibernate: delete from ft_participants where seq=?
    Hibernate: delete from ft_participants where seq=?
    Hibernate: delete from ft_participants where seq=?
    Hibernate: delete from ft_participants where seq=?
    Hibernate: delete from ft_participants where seq=?
    Hibernate: delete from ft_participants where seq=?
    Hibernate: delete from ft_participants where seq=?
    Hibernate: delete from ft_participants where seq=?
    Hibernate: delete from ft_participants where seq=?
    Hibernate: delete from ft_participants where seq=?
    Hibernate: delete from ft_participants where seq=?
    Hibernate: delete from ft_participants where seq=?
    Hibernate: delete from ft_participants where seq=?
    Hibernate: delete from ft_participants where seq=?
    Hibernate: delete from ft_participants where seq=?
    Hibernate: delete from ft_participants where seq=?
    Hibernate: delete from ft_participants where seq=?
    Hibernate: delete from ft_participants where seq=?
    Hibernate: delete from ft_participants where seq=?
    Hibernate: delete from ft_participants where seq=?
    Hibernate: delete from ft_participants where seq=?
    Hibernate: delete from ft_participants where seq=?
    Hibernate: delete from ft_participants where seq=?
    Hibernate: delete from ft_participants where seq=?
    Hibernate: delete from ft_participants where seq=?
    Hibernate: delete from ft_participants where seq=?
    Hibernate: delete from ft_participants where seq=?
    Hibernate: delete from ft_participants where seq=?
    Hibernate: delete from ft_participants where seq=?
    Hibernate: delete from ft_participants where seq=?
    Hibernate: delete from ft_participants where seq=?
    Hibernate: delete from ft_participants where seq=?
    Hibernate: delete from ft_participants where seq=?
    Hibernate: delete from ft_participants where seq=?
    Hibernate: delete from ft_participants where seq=?
    Hibernate: delete from ft_participants where seq=?
    Hibernate: delete from ft_participants where seq=?
    Hibernate: delete from ft_participants where seq=?
    Hibernate: delete from ft_participants where seq=?
    Hibernate: delete from ft_participants where seq=?
    Hibernate: delete from ft_participants where seq=?
    Hibernate: delete from ft_participants where seq=?
    Hibernate: delete from ft_participants where seq=?
    Hibernate: delete from ft_participants where seq=?
    Hibernate: delete from ft_participants where seq=?
    Hibernate: delete from ft_participants where seq=?
    Hibernate: delete from ft_participants where seq=?
    Hibernate: delete from ft_participants where seq=?
    Hibernate: delete from ft_participants where seq=?
    Hibernate: delete from ft_participants where seq=?
    Hibernate: delete from ft_participants where seq=?
    Hibernate: delete from ft_participants where seq=?
    Hibernate: delete from ft_participants where seq=?
    Hibernate: delete from ft_participants where seq=?
    Hibernate: delete from ft_participants where seq=?
    Hibernate: delete from ft_participants where seq=?
    Hibernate: delete from ft_participants where seq=?
    Hibernate: delete from ft_participants where seq=?
    Hibernate: delete from ft_participants where seq=?
    Hibernate: delete from ft_participants where seq=?
    Hibernate: delete from ft_participants where seq=?
    Hibernate: delete from ft_participants where seq=?
    Hibernate: delete from ft_participants where seq=?
    Hibernate: delete from ft_participants where seq=?
    Hibernate: delete from ft_participants where seq=?
    Hibernate: delete from ft_participants where seq=?
    Hibernate: delete from ft_participants where seq=?
    Hibernate: delete from ft_participants where seq=?
    Hibernate: delete from ft_participants where seq=?
    Hibernate: delete from ft_participants where seq=?
    Hibernate: delete from ft_participants where seq=?
    Hibernate: delete from ft_participants where seq=?
    Hibernate: delete from ft_participants where seq=?
    Hibernate: delete from ft_participants where seq=?
    Hibernate: delete from ft_participants where seq=?
    Hibernate: delete from ft_participants where seq=?
    Hibernate: delete from ft_participants where seq=?
    Hibernate: delete from ft_participants where seq=?
    Hibernate: delete from ft_participants where seq=?
    Hibernate: delete from ft_participants where seq=?
    Hibernate: delete from ft_participants where seq=?
    Hibernate: delete from ft_participants where seq=?
    Hibernate: delete from ft_participants where seq=?
    Hibernate: delete from ft_participants where seq=?
    Hibernate: delete from ft_participants where seq=?
    Hibernate: delete from ft_participants where seq=?
    Hibernate: delete from ft_participants where seq=?
    Hibernate: delete from ft_participants where seq=?
    Hibernate: delete from ft_participants where seq=?
    Hibernate: delete from ft_participants where seq=?
    Hibernate: delete from ft_participants where seq=?
    Hibernate: delete from ft_participants where seq=?
    Hibernate: delete from ft_participants where seq=?
    Hibernate: delete from ft_participants where seq=?
    Hibernate: delete from ft_participants where seq=?
    Hibernate: delete from ft_participants where seq=?
    Hibernate: delete from ft_participants where seq=?
    Hibernate: delete from ft_participants where seq=?
    Hibernate: delete from ft_participants where seq=?
    Hibernate: delete from ft_participants where seq=?
    Hibernate: delete from ft_participants where seq=?
    Hibernate: delete from ft_participants where seq=?
    Hibernate: delete from ft_participants where seq=?
    Hibernate: delete from ft_participants where seq=?
    Hibernate: delete from ft_participants where seq=?
    Hibernate: delete from ft_participants where seq=?
    Hibernate: delete from ft_participants where seq=?
    Hibernate: delete from ft_participants where seq=?
    Hibernate: delete from ft_participants where seq=?
    Hibernate: delete from ft_participants where seq=?
    Hibernate: delete from ft_participants where seq=?
    Hibernate: delete from ft_participants where seq=?
    Hibernate: delete from ft_participants where seq=?
    Hibernate: delete from ft_participants where seq=?
    Hibernate: delete from ft_participants where seq=?
    Hibernate: delete from ft_participants where seq=?
    Hibernate: delete from ft_participants where seq=?
    Hibernate: delete from ft_participants where seq=?
    Hibernate: delete from ft_participants where seq=?
    Hibernate: delete from ft_participants where seq=?
    Hibernate: delete from ft_participants where seq=?
    Hibernate: delete from ft_participants where seq=?
    Hibernate: delete from ft_participants where seq=?
    Hibernate: delete from ft_participants where seq=?
    Hibernate: delete from ft_participants where seq=?
    Hibernate: delete from ft_participants where seq=?
    Hibernate: delete from ft_participants where seq=?
    Hibernate: delete from ft_participants where seq=?
    Hibernate: delete from ft_participants where seq=?
    Hibernate: delete from ft_participants where seq=?
    Hibernate: delete from ft_participants where seq=?
    Hibernate: delete from ft_participants where seq=?
    Hibernate: delete from ft_participants where seq=?
    Hibernate: delete from ft_participants where seq=?
    Hibernate: delete from ft_participants where seq=?
    Hibernate: delete from ft_participants where seq=?
    Hibernate: delete from ft_participants where seq=?
    Hibernate: delete from ft_participants where seq=?
    Hibernate: delete from ft_participants where seq=?
    Hibernate: delete from ft_participants where seq=?
    Hibernate: delete from ft_participants where seq=?
    Hibernate: delete from ft_participants where seq=?
    Hibernate: delete from ft_participants where seq=?
    Hibernate: delete from ft_participants where seq=?
    Hibernate: delete from ft_participants where seq=?
    Hibernate: delete from ft_participants where seq=?
    Hibernate: delete from ft_participants where seq=?
    Hibernate: delete from ft_participants where seq=?
    Hibernate: delete from ft_participants where seq=?
    Hibernate: delete from ft_participants where seq=?
    Hibernate: delete from ft_participants where seq=?
    Hibernate: delete from ft_participants where seq=?
    Hibernate: delete from ft_participants where seq=?
    Hibernate: delete from ft_participants where seq=?
    Hibernate: delete from ft_participants where seq=?
    Hibernate: delete from ft_participants where seq=?
    Hibernate: delete from ft_participants where seq=?
    Hibernate: delete from ft_participants where seq=?
    Hibernate: delete from ft_participants where seq=?
    Hibernate: delete from ft_participants where seq=?
    Hibernate: delete from ft_participants where seq=?
    Hibernate: delete from ft_participants where seq=?
    Hibernate: delete from ft_participants where seq=?
    Hibernate: delete from ft_participants where seq=?
    Hibernate: delete from ft_participants where seq=?
    Hibernate: delete from ft_participants where seq=?
    Hibernate: delete from ft_participants where seq=?
    Hibernate: delete from ft_participants where seq=?
    Hibernate: delete from ft_participants where seq=?
    Hibernate: delete from ft_participants where seq=?
    Hibernate: delete from ft_participants where seq=?
    Hibernate: delete from ft_participants where seq=?
    Hibernate: delete from ft_participants where seq=?
    Hibernate: delete from ft_participants where seq=?
    Hibernate: delete from ft_participants where seq=?
    Hibernate: delete from ft_participants where seq=?
    Hibernate: delete from ft_participants where seq=?
    Hibernate: delete from ft_participants where seq=?
    Hibernate: delete from ft_participants where seq=?
    Hibernate: delete from ft_participants where seq=?
    Hibernate: delete from ft_participants where seq=?
    Hibernate: delete from ft_participants where seq=?
    Hibernate: delete from ft_participants where seq=?
    Hibernate: delete from ft_participants where seq=?
    Hibernate: delete from ft_participants where seq=?
    Hibernate: delete from ft_participants where seq=?
    Hibernate: delete from ft_participants where seq=?
    Hibernate: delete from ft_participants where seq=?
    Hibernate: delete from ft_participants where seq=?
    Hibernate: delete from ft_participants where seq=?
    Hibernate: delete from ft_participants where seq=?
    Hibernate: delete from ft_participants where seq=?
    Hibernate: delete from ft_participants where seq=?
    Hibernate: delete from ft_participants where seq=?
    Hibernate: delete from ft_participants where seq=?
    Hibernate: delete from ft_participants where seq=?
    Hibernate: delete from ft_participants where seq=?
    Hibernate: delete from ft_participants where seq=?
    Hibernate: delete from ft_participants where seq=?
    Hibernate: delete from ft_participants where seq=?
    Hibernate: delete from ft_participants where seq=?
    Hibernate: delete from ft_participants where seq=?
    Hibernate: delete from ft_participants where seq=?
    Hibernate: delete from ft_participants where seq=?
    Hibernate: delete from ft_participants where seq=?
    Hibernate: delete from ft_participants where seq=?
    Hibernate: delete from ft_participants where seq=?
    Hibernate: delete from ft_participants where seq=?
    Hibernate: delete from ft_participants where seq=?
    Hibernate: delete from ft_participants where seq=?
    Hibernate: delete from ft_participants where seq=?
    Hibernate: delete from ft_participants where seq=?
    Hibernate: delete from ft_participants where seq=?
    Hibernate: delete from ft_participants where seq=?
    Hibernate: delete from ft_participants where seq=?
    Hibernate: delete from ft_participants where seq=?
    Hibernate: delete from ft_participants where seq=?
    Hibernate: delete from ft_participants where seq=?
    Hibernate: delete from ft_participants where seq=?
    Hibernate: delete from ft_participants where seq=?
    Hibernate: delete from ft_participants where seq=?
    Hibernate: delete from ft_participants where seq=?
    Hibernate: delete from ft_participants where seq=?
    Hibernate: delete from ft_participants where seq=?
    Hibernate: delete from ft_participants where seq=?
    Hibernate: delete from ft_participants where seq=?
    Hibernate: delete from ft_participants where seq=?
    Hibernate: delete from ft_participants where seq=?
    Hibernate: delete from ft_participants where seq=?
    Hibernate: delete from ft_participants where seq=?
    Hibernate: delete from ft_participants where seq=?
    Hibernate: delete from ft_participants where seq=?
    Hibernate: delete from ft_participants where seq=?
    Hibernate: delete from ft_participants where seq=?
    Hibernate: delete from ft_participants where seq=?
    Hibernate: delete from ft_participants where seq=?
    Hibernate: delete from ft_participants where seq=?
    Hibernate: delete from ft_participants where seq=?
    Hibernate: delete from ft_participants where seq=?
    Hibernate: delete from ft_participants where seq=?
    Hibernate: delete from ft_participants where seq=?
    Hibernate: delete from ft_participants where seq=?
    Hibernate: delete from ft_participants where seq=?
    Hibernate: delete from ft_participants where seq=?
    Hibernate: delete from ft_participants where seq=?
    Hibernate: delete from ft_participants where seq=?
    Hibernate: delete from ft_participants where seq=?
    Hibernate: delete from ft_participants where seq=?
    Hibernate: delete from ft_participants where seq=?
    Hibernate: delete from ft_participants where seq=?
    Hibernate: delete from ft_participants where seq=?
    Hibernate: delete from ft_participants where seq=?
    Hibernate: delete from ft_participants where seq=?
    Hibernate: delete from ft_participants where seq=?
    Hibernate: delete from ft_participants where seq=?
    Hibernate: delete from ft_participants where seq=?
    Hibernate: delete from ft_participants where seq=?
    Hibernate: delete from ft_participants where seq=?
    Hibernate: delete from ft_participants where seq=?
    Hibernate: delete from ft_participants where seq=?
    Hibernate: delete from ft_participants where seq=?
    Hibernate: delete from ft_participants where seq=?
    Hibernate: delete from ft_participants where seq=?
    Hibernate: delete from ft_participants where seq=?
    Hibernate: delete from ft_participants where seq=?
    Hibernate: delete from ft_participants where seq=?
    Hibernate: delete from ft_participants where seq=?
    Hibernate: delete from ft_participants where seq=?
    Hibernate: delete from ft_participants where seq=?
    Hibernate: delete from ft_participants where seq=?
    Hibernate: delete from ft_participants where seq=?
    Hibernate: delete from ft_participants where seq=?
    Hibernate: delete from ft_participants where seq=?
    Hibernate: delete from ft_participants where seq=?
    Hibernate: delete from ft_participants where seq=?
    Hibernate: delete from ft_participants where seq=?
    Hibernate: delete from ft_participants where seq=?
    Hibernate: delete from ft_participants where seq=?
    Hibernate: delete from ft_participants where seq=?
    Hibernate: delete from ft_participants where seq=?
    Hibernate: delete from ft_participants where seq=?
    Hibernate: delete from ft_participants where seq=?
    Hibernate: delete from ft_participants where seq=?
    Hibernate: delete from ft_participants where seq=?
    Hibernate: delete from ft_participants where seq=?
    Hibernate: delete from ft_participants where seq=?
    Hibernate: delete from ft_participants where seq=?
    Hibernate: delete from ft_participants where seq=?
    Hibernate: delete from ft_participants where seq=?
    Hibernate: delete from ft_participants where seq=?
    Hibernate: delete from ft_participants where seq=?
    Hibernate: delete from ft_participants where seq=?
    Hibernate: delete from ft_participants where seq=?
    Hibernate: delete from ft_participants where seq=?
    Hibernate: delete from ft_participants where seq=?
    Hibernate: delete from ft_participants where seq=?
    Hibernate: delete from ft_participants where seq=?
    Hibernate: delete from ft_participants where seq=?
    Hibernate: delete from ft_participants where seq=?
    Hibernate: delete from ft_participants where seq=?
    Hibernate: delete from ft_participants where seq=?
    Hibernate: delete from ft_participants where seq=?
    Hibernate: delete from ft_participants where seq=?
    Hibernate: delete from ft_participants where seq=?
    Hibernate: delete from ft_participants where seq=?
    Hibernate: delete from ft_participants where seq=?
    Hibernate: delete from ft_participants where seq=?
    Hibernate: delete from ft_participants where seq=?
    Hibernate: delete from ft_participants where seq=?
    Hibernate: delete from ft_participants where seq=?
    Hibernate: delete from ft_participants where seq=?
    Hibernate: delete from ft_participants where seq=?
    Hibernate: delete from ft_participants where seq=?
    Hibernate: delete from ft_participants where seq=?
    Hibernate: delete from ft_participants where seq=?
    Hibernate: delete from ft_participants where seq=?
    Hibernate: delete from ft_participants where seq=?
    Hibernate: delete from ft_participants where seq=?
    Hibernate: delete from ft_participants where seq=?
    Hibernate: delete from ft_participants where seq=?
    Hibernate: delete from ft_participants where seq=?
    Hibernate: delete from ft_participants where seq=?
    Hibernate: delete from ft_participants where seq=?
    Hibernate: delete from ft_participants where seq=?
    Hibernate: delete from ft_participants where seq=?
    Hibernate: delete from ft_participants where seq=?
    Hibernate: delete from ft_participants where seq=?
    Hibernate: delete from ft_participants where seq=?
    Hibernate: delete from ft_participants where seq=?
    Hibernate: delete from ft_participants where seq=?
    Hibernate: delete from ft_participants where seq=?
    Hibernate: delete from ft_participants where seq=?
    Hibernate: delete from ft_participants where seq=?
    Hibernate: delete from ft_participants where seq=?
    Hibernate: delete from ft_participants where seq=?
    Hibernate: delete from ft_participants where seq=?
    Hibernate: delete from ft_participants where seq=?
    Hibernate: delete from ft_participants where seq=?
    Hibernate: delete from ft_participants where seq=?
    Hibernate: delete from ft_participants where seq=?
    Hibernate: delete from ft_participants where seq=?
    Hibernate: delete from ft_participants where seq=?
    Hibernate: delete from ft_participants where seq=?
    Hibernate: delete from ft_participants where seq=?
    Hibernate: delete from ft_participants where seq=?
    Hibernate: delete from ft_participants where seq=?
    Hibernate: delete from ft_participants where seq=?
    Hibernate: delete from ft_participants where seq=?
    Hibernate: delete from ft_participants where seq=?
    Hibernate: delete from ft_participants where seq=?
    Hibernate: delete from ft_participants where seq=?
    Hibernate: delete from ft_participants where seq=?
    Hibernate: delete from ft_participants where seq=?
    Hibernate: delete from ft_participants where seq=?
    Hibernate: delete from ft_participants where seq=?
    Hibernate: delete from ft_participants where seq=?
    Hibernate: delete from ft_participants where seq=?
    Hibernate: delete from ft_participants where seq=?
    Hibernate: delete from ft_participants where seq=?
    Hibernate: delete from ft_participants where seq=?
    Hibernate: delete from ft_participants where seq=?
    Hibernate: delete from ft_participants where seq=?
    Hibernate: delete from ft_participants where seq=?
    Hibernate: delete from ft_participants where seq=?
    Hibernate: delete from ft_participants where seq=?
    Hibernate: delete from ft_participants where seq=?
    Hibernate: delete from ft_participants where seq=?
    Hibernate: delete from ft_participants where seq=?
    Hibernate: delete from ft_participants where seq=?
    Hibernate: delete from ft_participants where seq=?
    Hibernate: delete from ft_participants where seq=?
    Hibernate: delete from ft_participants where seq=?
    Hibernate: delete from ft_participants where seq=?
    Hibernate: delete from ft_participants where seq=?
    Hibernate: delete from ft_participants where seq=?
    Hibernate: delete from ft_participants where seq=?
    Hibernate: delete from ft_participants where seq=?
    Hibernate: delete from ft_participants where seq=?
    Hibernate: delete from ft_participants where seq=?
    Hibernate: delete from ft_participants where seq=?
    Hibernate: delete from ft_participants where seq=?
    Hibernate: delete from ft_participants where seq=?
    Hibernate: delete from ft_participants where seq=?
    Hibernate: delete from ft_participants where seq=?
    Hibernate: delete from ft_participants where seq=?
    Hibernate: delete from ft_participants where seq=?
    Hibernate: delete from ft_participants where seq=?
    Hibernate: delete from ft_participants where seq=?
    Hibernate: delete from ft_participants where seq=?
    Hibernate: delete from ft_participants where seq=?
    Hibernate: delete from ft_participants where seq=?
    Hibernate: delete from ft_participants where seq=?
    Hibernate: delete from ft_participants where seq=?
    Hibernate: delete from ft_participants where seq=?
    Hibernate: delete from ft_participants where seq=?
    Hibernate: delete from ft_participants where seq=?
    Hibernate: delete from ft_participants where seq=?
    Hibernate: delete from ft_participants where seq=?
    Hibernate: delete from ft_participants where seq=?
    Hibernate: delete from ft_participants where seq=?
    Hibernate: delete from ft_participants where seq=?
    Hibernate: delete from ft_participants where seq=?
    Hibernate: delete from ft_participants where seq=?
    Hibernate: delete from ft_participants where seq=?
    Hibernate: delete from ft_participants where seq=?
    Hibernate: delete from ft_participants where seq=?
    Hibernate: delete from ft_participants where seq=?
    Hibernate: delete from ft_participants where seq=?
    Hibernate: delete from ft_participants where seq=?
    Hibernate: delete from ft_participants where seq=?
    Hibernate: delete from ft_participants where seq=?
    Hibernate: delete from ft_participants where seq=?
    Hibernate: delete from ft_participants where seq=?
    Hibernate: delete from ft_participants where seq=?
    Hibernate: delete from ft_participants where seq=?
    Hibernate: delete from ft_participants where seq=?
    Hibernate: delete from ft_participants where seq=?
    Hibernate: delete from ft_participants where seq=?
    Hibernate: delete from ft_participants where seq=?
    Hibernate: delete from ft_participants where seq=?
    Hibernate: delete from ft_participants where seq=?
    Hibernate: delete from ft_participants where seq=?
    Hibernate: delete from ft_participants where seq=?
    Hibernate: delete from ft_participants where seq=?
    Hibernate: delete from ft_participants where seq=?
    Hibernate: delete from ft_participants where seq=?
    Hibernate: delete from ft_participants where seq=?
    Hibernate: delete from ft_participants where seq=?
    Hibernate: delete from ft_participants where seq=?
    Hibernate: delete from ft_participants where seq=?
    Hibernate: delete from ft_participants where seq=?
    Hibernate: delete from ft_participants where seq=?
    Hibernate: delete from ft_participants where seq=?
    Hibernate: delete from ft_participants where seq=?
    Hibernate: delete from ft_participants where seq=?
    Hibernate: delete from ft_participants where seq=?
    Hibernate: delete from ft_participants where seq=?
    Hibernate: delete from ft_participants where seq=?
    Hibernate: delete from ft_participants where seq=?
    Hibernate: delete from ft_participants where seq=?
    Hibernate: delete from ft_participants where seq=?
    Hibernate: delete from ft_participants where seq=?
    Hibernate: delete from ft_participants where seq=?
    Hibernate: delete from ft_participants where seq=?
    Hibernate: delete from ft_participants where seq=?
    Hibernate: delete from ft_participants where seq=?
    Hibernate: delete from ft_participants where seq=?
    Hibernate: delete from ft_participants where seq=?
    Hibernate: delete from ft_participants where seq=?
    Hibernate: delete from ft_participants where seq=?
    Hibernate: delete from ft_participants where seq=?
    Hibernate: delete from ft_participants where seq=?
    Hibernate: delete from ft_participants where seq=?
    Hibernate: delete from ft_participants where seq=?
    Hibernate: delete from ft_participants where seq=?
    Hibernate: delete from ft_participants where seq=?
    Hibernate: delete from ft_participants where seq=?
    Hibernate: delete from ft_participants where seq=?
    Hibernate: delete from ft_participants where seq=?
    Hibernate: delete from ft_participants where seq=?
    Hibernate: delete from ft_participants where seq=?
    Hibernate: delete from ft_participants where seq=?
    Hibernate: delete from ft_participants where seq=?
    Hibernate: delete from ft_participants where seq=?
    Hibernate: delete from ft_participants where seq=?
    Hibernate: delete from ft_participants where seq=?
    Hibernate: delete from ft_participants where seq=?
    Hibernate: delete from ft_participants where seq=?
    Hibernate: delete from ft_participants where seq=?
    Hibernate: delete from ft_participants where seq=?
    Hibernate: delete from ft_participants where seq=?
    Hibernate: delete from ft_participants where seq=?
    Hibernate: delete from ft_participants where seq=?
    Hibernate: delete from ft_participants where seq=?
    Hibernate: delete from ft_participants where seq=?
    Hibernate: delete from ft_participants where seq=?
    Hibernate: delete from ft_participants where seq=?
    Hibernate: delete from ft_participants where seq=?
    Hibernate: delete from ft_participants where seq=?
    Hibernate: delete from ft_participants where seq=?
    Hibernate: delete from ft_participants where seq=?
    Hibernate: delete from ft_participants where seq=?
    Hibernate: delete from ft_participants where seq=?
    Hibernate: delete from ft_participants where seq=?
    Hibernate: delete from ft_participants where seq=?
    Hibernate: delete from ft_participants where seq=?
    Hibernate: delete from ft_participants where seq=?
    Hibernate: delete from ft_participants where seq=?
    Hibernate: delete from ft_participants where seq=?
    Hibernate: delete from ft_participants where seq=?
    Hibernate: delete from ft_participants where seq=?
    Hibernate: delete from ft_participants where seq=?
    Hibernate: delete from ft_participants where seq=?
    Hibernate: delete from ft_participants where seq=?
    Hibernate: delete from ft_participants where seq=?
    Hibernate: delete from ft_participants where seq=?
    Hibernate: delete from ft_participants where seq=?
    Hibernate: delete from ft_participants where seq=?
    Hibernate: delete from ft_participants where seq=?
    Hibernate: delete from ft_participants where seq=?
    Hibernate: delete from ft_participants where seq=?
    Hibernate: delete from ft_participants where seq=?
    Hibernate: delete from ft_participants where seq=?
    Hibernate: delete from ft_participants where seq=?
    Hibernate: delete from ft_participants where seq=?
    Hibernate: delete from ft_participants where seq=?
    Hibernate: delete from ft_participants where seq=?
    Hibernate: delete from ft_participants where seq=?
    Hibernate: delete from ft_participants where seq=?
    Hibernate: delete from ft_participants where seq=?
    Hibernate: delete from ft_participants where seq=?
    Hibernate: delete from ft_participants where seq=?
    Hibernate: delete from ft_participants where seq=?
    Hibernate: delete from ft_participants where seq=?
    Hibernate: delete from ft_participants where seq=?
    Hibernate: delete from ft_participants where seq=?
    Hibernate: delete from ft_participants where seq=?
    Hibernate: delete from ft_participants where seq=?
    Hibernate: delete from ft_participants where seq=?
    Hibernate: delete from ft_participants where seq=?
    Hibernate: delete from ft_participants where seq=?
    Hibernate: delete from ft_participants where seq=?
    Hibernate: delete from ft_participants where seq=?
    Hibernate: delete from ft_participants where seq=?
    Hibernate: delete from ft_participants where seq=?
    Hibernate: delete from ft_participants where seq=?
    Hibernate: delete from ft_participants where seq=?
    Hibernate: delete from ft_participants where seq=?
    Hibernate: delete from ft_participants where seq=?
    Hibernate: delete from ft_participants where seq=?
    Hibernate: delete from ft_participants where seq=?
    Hibernate: delete from ft_participants where seq=?
    Hibernate: delete from ft_participants where seq=?
    Hibernate: delete from ft_participants where seq=?
    Hibernate: delete from ft_participants where seq=?
    Hibernate: delete from ft_participants where seq=?
    Hibernate: delete from ft_participants where seq=?
    Hibernate: delete from ft_participants where seq=?
    Hibernate: delete from ft_participants where seq=?
    Hibernate: delete from ft_participants where seq=?
    Hibernate: delete from ft_participants where seq=?
    Hibernate: delete from ft_participants where seq=?
    Hibernate: delete from ft_participants where seq=?
    Hibernate: delete from ft_participants where seq=?
    Hibernate: delete from ft_participants where seq=?
    Hibernate: delete from ft_participants where seq=?
    Hibernate: delete from ft_participants where seq=?
    Hibernate: delete from ft_participants where seq=?
    Hibernate: delete from ft_participants where seq=?
    Hibernate: delete from ft_participants where seq=?
    Hibernate: delete from ft_participants where seq=?
    Hibernate: delete from ft_participants where seq=?
    Hibernate: delete from ft_participants where seq=?
    Hibernate: delete from ft_participants where seq=?
    Hibernate: delete from ft_participants where seq=?
    Hibernate: delete from ft_participants where seq=?
    Hibernate: delete from ft_participants where seq=?
    Hibernate: delete from ft_participants where seq=?
    Hibernate: delete from ft_participants where seq=?
    Hibernate: delete from ft_participants where seq=?
    Hibernate: delete from ft_participants where seq=?
    Hibernate: delete from ft_participants where seq=?
    Hibernate: delete from ft_participants where seq=?
    Hibernate: delete from ft_participants where seq=?
    Hibernate: delete from ft_participants where seq=?
    Hibernate: delete from ft_participants where seq=?
    Hibernate: delete from ft_participants where seq=?
    Hibernate: delete from ft_participants where seq=?
    Hibernate: delete from ft_participants where seq=?
    Hibernate: delete from ft_participants where seq=?
    Hibernate: delete from ft_participants where seq=?
    Hibernate: delete from ft_participants where seq=?
    Hibernate: delete from ft_participants where seq=?
    Hibernate: delete from ft_participants where seq=?
    Hibernate: delete from ft_participants where seq=?
    Hibernate: delete from ft_participants where seq=?
    Hibernate: delete from ft_participants where seq=?
    Hibernate: delete from ft_participants where seq=?
    Hibernate: delete from ft_participants where seq=?
    Hibernate: delete from ft_participants where seq=?
    Hibernate: delete from ft_participants where seq=?
    Hibernate: delete from ft_participants where seq=?
    Hibernate: delete from ft_participants where seq=?
    Hibernate: delete from ft_participants where seq=?
    Hibernate: delete from ft_participants where seq=?
    Hibernate: delete from ft_participants where seq=?
    Hibernate: delete from ft_participants where seq=?
    Hibernate: delete from ft_participants where seq=?
    Hibernate: delete from ft_participants where seq=?
    Hibernate: delete from ft_participants where seq=?
    Hibernate: delete from ft_participants where seq=?
    Hibernate: delete from ft_participants where seq=?
    Hibernate: delete from ft_participants where seq=?
    Hibernate: delete from ft_participants where seq=?
    Hibernate: delete from ft_participants where seq=?
    Hibernate: delete from ft_participants where seq=?
    Hibernate: delete from ft_participants where seq=?
    Hibernate: delete from ft_participants where seq=?
    Hibernate: delete from ft_participants where seq=?
    Hibernate: delete from ft_participants where seq=?
    Hibernate: delete from ft_participants where seq=?
    Hibernate: delete from ft_participants where seq=?
    Hibernate: delete from ft_participants where seq=?
    Hibernate: delete from ft_participants where seq=?
    Hibernate: delete from ft_participants where seq=?
    Hibernate: delete from ft_participants where seq=?
    Hibernate: delete from ft_participants where seq=?
    Hibernate: delete from ft_participants where seq=?
    Hibernate: delete from ft_participants where seq=?
    Hibernate: delete from ft_participants where seq=?
    Hibernate: delete from ft_participants where seq=?
    Hibernate: delete from ft_participants where seq=?
    Hibernate: delete from ft_participants where seq=?
    Hibernate: delete from ft_participants where seq=?
    Hibernate: delete from ft_participants where seq=?
    Hibernate: delete from ft_participants where seq=?
    Hibernate: delete from ft_participants where seq=?
    Hibernate: delete from ft_participants where seq=?
    Hibernate: delete from ft_participants where seq=?
    Hibernate: delete from ft_participants where seq=?
    Hibernate: delete from ft_participants where seq=?
    Hibernate: delete from ft_participants where seq=?
    Hibernate: delete from ft_participants where seq=?
    Hibernate: delete from ft_participants where seq=?
    Hibernate: delete from ft_participants where seq=?
    Hibernate: delete from ft_participants where seq=?
    Hibernate: delete from ft_participants where seq=?
    Hibernate: delete from ft_participants where seq=?
    Hibernate: delete from ft_participants where seq=?
    Hibernate: delete from ft_participants where seq=?
    Hibernate: delete from ft_participants where seq=?
    Hibernate: delete from ft_participants where seq=?
    Hibernate: delete from ft_participants where seq=?
    Hibernate: delete from ft_participants where seq=?
    Hibernate: delete from ft_participants where seq=?
    Hibernate: delete from ft_participants where seq=?
    Hibernate: delete from ft_participants where seq=?
    Hibernate: delete from ft_participants where seq=?
    Hibernate: delete from ft_participants where seq=?
    Hibernate: delete from ft_participants where seq=?
    Hibernate: delete from ft_participants where seq=?
    Hibernate: delete from ft_participants where seq=?
    Hibernate: delete from ft_participants where seq=?
    Hibernate: delete from ft_participants where seq=?
    Hibernate: delete from ft_participants where seq=?
    Hibernate: delete from ft_participants where seq=?
    Hibernate: delete from ft_participants where seq=?
    Hibernate: delete from ft_participants where seq=?
    Hibernate: delete from ft_participants where seq=?
    Hibernate: delete from ft_participants where seq=?
    Hibernate: delete from ft_participants where seq=?
    Hibernate: delete from ft_participants where seq=?
    Hibernate: delete from ft_participants where seq=?
    Hibernate: delete from ft_participants where seq=?
    Hibernate: delete from ft_participants where seq=?
    Hibernate: delete from ft_participants where seq=?
    Hibernate: delete from ft_participants where seq=?
    Hibernate: delete from ft_participants where seq=?
    Hibernate: delete from ft_participants where seq=?
    Hibernate: delete from ft_participants where seq=?
    Hibernate: delete from ft_participants where seq=?
    Hibernate: delete from ft_participants where seq=?
    Hibernate: delete from ft_participants where seq=?
    Hibernate: delete from ft_participants where seq=?
    Hibernate: delete from ft_participants where seq=?
    Hibernate: delete from ft_participants where seq=?
    Hibernate: delete from ft_participants where seq=?
    Hibernate: delete from ft_participants where seq=?
    Hibernate: delete from ft_participants where seq=?
    Hibernate: delete from ft_participants where seq=?
    Hibernate: delete from ft_participants where seq=?
    Hibernate: delete from ft_participants where seq=?
    Hibernate: delete from ft_participants where seq=?
    Hibernate: delete from ft_participants where seq=?
    Hibernate: delete from ft_participants where seq=?
    Hibernate: delete from ft_participants where seq=?
    Hibernate: delete from ft_participants where seq=?
    Hibernate: delete from ft_participants where seq=?
    Hibernate: delete from ft_participants where seq=?
    Hibernate: delete from ft_participants where seq=?
    Hibernate: delete from ft_participants where seq=?
    Hibernate: delete from ft_participants where seq=?
    Hibernate: delete from ft_participants where seq=?
    Hibernate: delete from ft_participants where seq=?
    Hibernate: delete from ft_participants where seq=?
    Hibernate: delete from ft_participants where seq=?
    Hibernate: delete from ft_participants where seq=?
    Hibernate: delete from ft_participants where seq=?
    Hibernate: delete from ft_participants where seq=?
    Hibernate: delete from ft_participants where seq=?
    Hibernate: delete from ft_participants where seq=?
    Hibernate: delete from ft_participants where seq=?
    Hibernate: delete from ft_participants where seq=?
    Hibernate: delete from ft_participants where seq=?
    Hibernate: delete from ft_participants where seq=?
    Hibernate: delete from ft_participants where seq=?
    Hibernate: delete from ft_participants where seq=?
    Hibernate: delete from ft_participants where seq=?
    Hibernate: delete from ft_participants where seq=?
    Hibernate: delete from ft_participants where seq=?
    Hibernate: delete from ft_participants where seq=?
    Hibernate: delete from ft_participants where seq=?
    Hibernate: delete from ft_participants where seq=?
    Hibernate: delete from ft_participants where seq=?
    Hibernate: delete from ft_participants where seq=?
    Hibernate: delete from ft_participants where seq=?
    Hibernate: delete from ft_participants where seq=?
    Hibernate: delete from ft_participants where seq=?
    Hibernate: delete from ft_participants where seq=?
    Hibernate: delete from ft_participants where seq=?
    Hibernate: delete from ft_participants where seq=?
    Hibernate: delete from ft_participants where seq=?
    Hibernate: delete from ft_participants where seq=?
    Hibernate: delete from ft_participants where seq=?
    Hibernate: delete from ft_participants where seq=?
    Hibernate: delete from ft_participants where seq=?
    Hibernate: delete from ft_participants where seq=?
    Hibernate: delete from ft_participants where seq=?
    Hibernate: delete from ft_participants where seq=?
    Hibernate: delete from ft_participants where seq=?
    Hibernate: delete from ft_participants where seq=?
    Hibernate: delete from ft_participants where seq=?
    Hibernate: delete from ft_participants where seq=?
    Hibernate: delete from ft_participants where seq=?
    Hibernate: delete from ft_participants where seq=?
    Hibernate: delete from ft_participants where seq=?
    Hibernate: delete from ft_participants where seq=?
    Hibernate: delete from ft_participants where seq=?
    Hibernate: delete from ft_participants where seq=?
    Hibernate: delete from ft_participants where seq=?
    Hibernate: delete from ft_participants where seq=?
    Hibernate: delete from ft_participants where seq=?
    Hibernate: delete from ft_participants where seq=?
    Hibernate: delete from ft_participants where seq=?
    Hibernate: delete from ft_participants where seq=?
    Hibernate: delete from ft_participants where seq=?
    Hibernate: delete from ft_participants where seq=?
    Hibernate: delete from ft_participants where seq=?
    Hibernate: delete from ft_participants where seq=?
    Hibernate: delete from ft_participants where seq=?
    Hibernate: delete from ft_participants where seq=?
    Hibernate: delete from ft_participants where seq=?
    Hibernate: delete from ft_participants where seq=?
    Hibernate: delete from ft_participants where seq=?
    Hibernate: delete from ft_participants where seq=?
    Hibernate: delete from ft_participants where seq=?
    Hibernate: delete from ft_participants where seq=?
    Hibernate: delete from ft_participants where seq=?
    Hibernate: delete from ft_participants where seq=?
    Hibernate: delete from ft_participants where seq=?
    Hibernate: delete from ft_participants where seq=?
    Hibernate: delete from ft_participants where seq=?
    Hibernate: delete from ft_participants where seq=?
    Hibernate: delete from ft_participants where seq=?
    Hibernate: delete from ft_participants where seq=?
    Hibernate: delete from ft_participants where seq=?
    Hibernate: delete from ft_participants where seq=?
    Hibernate: delete from ft_participants where seq=?
    Hibernate: delete from ft_participants where seq=?
    Hibernate: delete from ft_participants where seq=?
    Hibernate: delete from ft_participants where seq=?
    Hibernate: delete from ft_participants where seq=?
    Hibernate: delete from ft_participants where seq=?
    Hibernate: delete from ft_participants where seq=?
    Hibernate: delete from ft_participants where seq=?
    Hibernate: delete from ft_participants where seq=?
    Hibernate: delete from ft_participants where seq=?
    Hibernate: delete from ft_participants where seq=?
    Hibernate: delete from ft_participants where seq=?
    Hibernate: delete from ft_participants where seq=?
    Hibernate: delete from ft_participants where seq=?
    Hibernate: delete from ft_participants where seq=?
    Hibernate: delete from ft_participants where seq=?
    Hibernate: delete from ft_participants where seq=?
    Hibernate: delete from ft_participants where seq=?
    Hibernate: delete from ft_participants where seq=?
    Hibernate: delete from ft_participants where seq=?
    Hibernate: delete from ft_participants where seq=?
    Hibernate: delete from ft_participants where seq=?
    Hibernate: delete from ft_participants where seq=?
    Hibernate: delete from ft_participants where seq=?
    Hibernate: delete from ft_participants where seq=?
    Hibernate: delete from ft_participants where seq=?
    Hibernate: delete from ft_participants where seq=?
    Hibernate: delete from ft_participants where seq=?
    Hibernate: delete from ft_participants where seq=?
    Hibernate: delete from ft_participants where seq=?
    Hibernate: delete from ft_participants where seq=?
    Hibernate: delete from ft_participants where seq=?
    Hibernate: delete from ft_participants where seq=?
    Hibernate: delete from ft_participants where seq=?
    Hibernate: delete from ft_participants where seq=?
    Hibernate: delete from ft_participants where seq=?
    Hibernate: delete from ft_participants where seq=?
    Hibernate: delete from ft_participants where seq=?
    Hibernate: delete from ft_participants where seq=?
    Hibernate: delete from ft_participants where seq=?
    Hibernate: delete from ft_participants where seq=?
    Hibernate: delete from ft_participants where seq=?
    Hibernate: delete from ft_participants where seq=?
    Hibernate: delete from ft_participants where seq=?
    Hibernate: delete from ft_participants where seq=?
    Hibernate: delete from ft_participants where seq=?
    Hibernate: delete from ft_participants where seq=?
    Hibernate: delete from ft_participants where seq=?
    Hibernate: delete from ft_participants where seq=?
    Hibernate: delete from ft_participants where seq=?
    Hibernate: delete from ft_participants where seq=?
    Hibernate: delete from ft_participants where seq=?
    Hibernate: delete from ft_participants where seq=?
    Hibernate: delete from ft_participants where seq=?
    Hibernate: delete from ft_participants where seq=?
    Hibernate: delete from ft_participants where seq=?
    Hibernate: delete from ft_participants where seq=?
    Hibernate: delete from ft_participants where seq=?
    Hibernate: delete from ft_participants where seq=?
    Hibernate: delete from ft_participants where seq=?
    Hibernate: delete from ft_participants where seq=?
    Hibernate: delete from ft_participants where seq=?
    Hibernate: delete from ft_participants where seq=?
    Hibernate: delete from ft_participants where seq=?
    Hibernate: delete from ft_participants where seq=?
    Hibernate: delete from ft_participants where seq=?
    Hibernate: delete from ft_participants where seq=?
    Hibernate: delete from ft_participants where seq=?
    Hibernate: delete from ft_participants where seq=?
    Hibernate: delete from ft_participants where seq=?
    Hibernate: delete from ft_participants where seq=?
    Hibernate: delete from ft_participants where seq=?
    Hibernate: delete from ft_participants where seq=?
    Hibernate: delete from ft_participants where seq=?
    Hibernate: delete from ft_participants where seq=?
    Hibernate: delete from ft_participants where seq=?
    Hibernate: delete from ft_participants where seq=?
    Hibernate: delete from ft_participants where seq=?
    Hibernate: delete from ft_participants where seq=?
    Hibernate: delete from ft_participants where seq=?
    Hibernate: delete from ft_participants where seq=?
    Hibernate: delete from ft_participants where seq=?
    Hibernate: delete from ft_participants where seq=?
    Hibernate: delete from ft_participants where seq=?
    Hibernate: delete from ft_participants where seq=?
    Hibernate: delete from ft_participants where seq=?
    Hibernate: delete from ft_participants where seq=?
    Hibernate: delete from ft_participants where seq=?
    Hibernate: delete from ft_participants where seq=?
    Hibernate: delete from ft_participants where seq=?
    Hibernate: delete from ft_participants where seq=?
    Hibernate: delete from ft_participants where seq=?
    Hibernate: delete from ft_participants where seq=?
    Hibernate: delete from ft_participants where seq=?
    Hibernate: delete from ft_participants where seq=?
    Hibernate: delete from ft_participants where seq=?
    Hibernate: delete from ft_participants where seq=?
    Hibernate: delete from ft_participants where seq=?
    Hibernate: delete from ft_participants where seq=?
    Hibernate: delete from ft_participants where seq=?
    Hibernate: delete from ft_participants where seq=?
    Hibernate: delete from ft_participants where seq=?
    Hibernate: delete from ft_participants where seq=?
    Hibernate: delete from ft_participants where seq=?
    Hibernate: delete from ft_participants where seq=?
    Hibernate: delete from ft_participants where seq=?
    Hibernate: delete from ft_participants where seq=?
    Hibernate: delete from ft_participants where seq=?
    Hibernate: delete from ft_participants where seq=?
    Hibernate: delete from ft_participants where seq=?
    Hibernate: delete from ft_participants where seq=?
    Hibernate: delete from ft_participants where seq=?
    Hibernate: delete from ft_participants where seq=?
    Hibernate: delete from ft_participants where seq=?
    Hibernate: delete from ft_participants where seq=?
    Hibernate: delete from ft_participants where seq=?
    Hibernate: delete from ft_participants where seq=?
    Hibernate: delete from ft_participants where seq=?
    Hibernate: delete from ft_participants where seq=?
    Hibernate: delete from ft_participants where seq=?
    Hibernate: delete from ft_participants where seq=?
    Hibernate: delete from ft_participants where seq=?
    Hibernate: delete from ft_participants where seq=?
    Hibernate: delete from ft_participants where seq=?
    Hibernate: delete from ft_participants where seq=?
    Hibernate: delete from ft_participants where seq=?
    Hibernate: delete from ft_participants where seq=?
    Hibernate: delete from ft_participants where seq=?
    Hibernate: delete from ft_participants where seq=?
    Hibernate: delete from ft_participants where seq=?
    Hibernate: delete from ft_participants where seq=?
    Hibernate: delete from ft_participants where seq=?
    Hibernate: delete from ft_participants where seq=?
    Hibernate: delete from ft_participants where seq=?
    Hibernate: delete from ft_participants where seq=?
    Hibernate: delete from ft_participants where seq=?
    Hibernate: delete from ft_participants where seq=?
    Hibernate: delete from ft_participants where seq=?
    Hibernate: delete from ft_participants where seq=?
    Hibernate: delete from ft_participants where seq=?
    Hibernate: delete from ft_participants where seq=?
    Hibernate: delete from ft_participants where seq=?
    Hibernate: delete from ft_participants where seq=?
    Hibernate: delete from ft_participants where seq=?
    Hibernate: delete from ft_participants where seq=?
    Hibernate: delete from ft_participants where seq=?
    Hibernate: delete from ft_participants where seq=?
    Hibernate: delete from ft_participants where seq=?
    Hibernate: delete from ft_participants where seq=?
    Hibernate: delete from ft_participants where seq=?
    Hibernate: delete from ft_participants where seq=?
    Hibernate: delete from ft_participants where seq=?
    Hibernate: delete from ft_participants where seq=?
    Hibernate: delete from ft_participants where seq=?
    Hibernate: delete from ft_participants where seq=?
    Hibernate: delete from ft_participants where seq=?
    Hibernate: delete from ft_participants where seq=?
    Hibernate: delete from ft_participants where seq=?
    Hibernate: delete from ft_participants where seq=?
    Hibernate: delete from ft_participants where seq=?
    Hibernate: delete from ft_participants where seq=?
    Hibernate: delete from ft_participants where seq=?
    Hibernate: delete from ft_participants where seq=?
    Hibernate: delete from ft_participants where seq=?
    Hibernate: delete from ft_participants where seq=?
    Hibernate: delete from ft_participants where seq=?
    Hibernate: delete from ft_participants where seq=?
    Hibernate: delete from ft_participants where seq=?
    Hibernate: delete from ft_participants where seq=?
    Hibernate: delete from ft_participants where seq=?
    Hibernate: delete from ft_participants where seq=?
    Hibernate: delete from ft_participants where seq=?
    Hibernate: delete from ft_participants where seq=?
    Hibernate: delete from ft_participants where seq=?
    Hibernate: delete from ft_participants where seq=?
    Hibernate: delete from ft_participants where seq=?
    Hibernate: delete from ft_participants where seq=?
    Hibernate: delete from ft_participants where seq=?
    Hibernate: delete from ft_participants where seq=?
    Hibernate: delete from ft_participants where seq=?
    Hibernate: delete from ft_participants where seq=?
    Hibernate: delete from ft_participants where seq=?
    Hibernate: delete from ft_participants where seq=?
    Hibernate: delete from ft_participants where seq=?
    Hibernate: delete from ft_participants where seq=?
    Hibernate: delete from ft_participants where seq=?
    Hibernate: delete from ft_participants where seq=?
    Hibernate: delete from ft_participants where seq=?
    Hibernate: delete from ft_participants where seq=?
    Hibernate: delete from ft_participants where seq=?
    Hibernate: delete from ft_participants where seq=?
    Hibernate: delete from ft_participants where seq=?
    Hibernate: delete from ft_participants where seq=?
    Hibernate: delete from ft_participants where seq=?
    Hibernate: delete from ft_participants where seq=?
    Hibernate: delete from ft_participants where seq=?
    Hibernate: delete from ft_participants where seq=?
    Hibernate: delete from ft_participants where seq=?
    Hibernate: delete from ft_participants where seq=?
    Hibernate: delete from ft_participants where seq=?
    Hibernate: delete from ft_participants where seq=?
    Hibernate: delete from ft_participants where seq=?
    Hibernate: delete from ft_participants where seq=?
    Hibernate: delete from ft_participants where seq=?
    Hibernate: delete from ft_participants where seq=?
    Hibernate: delete from ft_participants where seq=?
    Hibernate: delete from ft_participants where seq=?
    Hibernate: delete from ft_participants where seq=?
    Hibernate: delete from ft_participants where seq=?
    Hibernate: delete from ft_participants where seq=?
    Hibernate: delete from ft_participants where seq=?
    Hibernate: delete from ft_participants where seq=?
    Hibernate: delete from ft_participants where seq=?
    Hibernate: delete from ft_participants where seq=?
    Hibernate: delete from ft_participants where seq=?
    Hibernate: delete from ft_participants where seq=?
    Hibernate: delete from ft_participants where seq=?
    Hibernate: delete from ft_participants where seq=?
    Hibernate: delete from ft_participants where seq=?
    Hibernate: delete from ft_participants where seq=?
    Hibernate: delete from ft_participants where seq=?
    Hibernate: delete from ft_participants where seq=?
    Hibernate: delete from ft_participants where seq=?
    Hibernate: delete from ft_participants where seq=?
    Hibernate: delete from ft_participants where seq=?
    Hibernate: delete from ft_participants where seq=?
    Hibernate: delete from ft_participants where seq=?
    Hibernate: delete from ft_participants where seq=?
    Hibernate: delete from ft_participants where seq=?
    Hibernate: delete from ft_participants where seq=?
    Hibernate: delete from ft_participants where seq=?
    Hibernate: delete from ft_participants where seq=?
    Hibernate: delete from ft_participants where seq=?
    Hibernate: delete from ft_participants where seq=?
    Hibernate: delete from ft_participants where seq=?
    Hibernate: delete from ft_participants where seq=?
    Hibernate: delete from ft_participants where seq=?
    Hibernate: delete from ft_participants where seq=?
    Hibernate: delete from ft_participants where seq=?
    Hibernate: delete from ft_participants where seq=?
    Hibernate: delete from ft_participants where seq=?
    Hibernate: delete from ft_participants where seq=?
    Hibernate: delete from ft_participants where seq=?
    Hibernate: delete from ft_participants where seq=?
    Hibernate: delete from ft_participants where seq=?
    Hibernate: delete from ft_participants where seq=?
    Hibernate: delete from ft_participants where seq=?
    Hibernate: delete from ft_participants where seq=?
    Hibernate: delete from ft_participants where seq=?
    Hibernate: delete from ft_participants where seq=?
    Hibernate: delete from ft_participants where seq=?
    Hibernate: delete from ft_participants where seq=?
    Hibernate: delete from ft_participants where seq=?
    Hibernate: delete from ft_participants where seq=?
    Hibernate: delete from ft_participants where seq=?
    Hibernate: delete from ft_participants where seq=?
    Hibernate: delete from ft_participants where seq=?
    Hibernate: delete from ft_participants where seq=?
    Hibernate: delete from ft_participants where seq=?
    Hibernate: delete from ft_participants where seq=?
    Hibernate: delete from ft_participants where seq=?
    Hibernate: delete from ft_participants where seq=?
    Hibernate: delete from ft_participants where seq=?
    Hibernate: delete from ft_participants where seq=?
    Hibernate: delete from ft_participants where seq=?
    Hibernate: delete from ft_participants where seq=?
    Hibernate: delete from ft_participants where seq=?
    Hibernate: delete from ft_participants where seq=?
    Hibernate: delete from ft_participants where seq=?
    Hibernate: delete from ft_participants where seq=?
    Hibernate: delete from ft_participants where seq=?
    Hibernate: delete from ft_participants where seq=?
    Hibernate: delete from ft_participants where seq=?
    Hibernate: delete from ft_participants where seq=?
    Hibernate: delete from ft_participants where seq=?
    Hibernate: delete from ft_participants where seq=?
    Hibernate: delete from ft_participants where seq=?
    Hibernate: delete from ft_participants where seq=?
    Hibernate: delete from ft_participants where seq=?
    Hibernate: delete from ft_participants where seq=?
    Hibernate: delete from ft_participants where seq=?
    Hibernate: delete from ft_participants where seq=?
    Hibernate: delete from ft_participants where seq=?
    Hibernate: delete from ft_participants where seq=?
    Hibernate: delete from ft_participants where seq=?
    Hibernate: delete from ft_participants where seq=?
    Hibernate: delete from ft_participants where seq=?
    Hibernate: delete from ft_participants where seq=?
    Hibernate: delete from ft_participants where seq=?
    Hibernate: delete from ft_participants where seq=?
    Hibernate: delete from ft_participants where seq=?
    Hibernate: delete from ft_participants where seq=?
    Hibernate: delete from ft_participants where seq=?
    Hibernate: delete from ft_participants where seq=?
    Hibernate: delete from ft_participants where seq=?
    Hibernate: delete from ft_participants where seq=?
    Hibernate: delete from ft_participants where seq=?
    Hibernate: delete from ft_participants where seq=?
    Hibernate: delete from ft_participants where seq=?
    Hibernate: delete from ft_participants where seq=?
    Hibernate: delete from ft_participants where seq=?
    Hibernate: delete from ft_participants where seq=?
    Hibernate: delete from ft_participants where seq=?
    Hibernate: delete from ft_participants where seq=?
    Hibernate: delete from ft_participants where seq=?
    Hibernate: delete from ft_participants where seq=?
    Hibernate: delete from ft_participants where seq=?
    Hibernate: delete from ft_participants where seq=?
    Hibernate: delete from ft_participants where seq=?
    Hibernate: delete from ft_participants where seq=?
    Hibernate: delete from ft_participants where seq=?
    Hibernate: delete from ft_participants where seq=?
    Hibernate: delete from ft_participants where seq=?
    Hibernate: delete from ft_participants where seq=?
    Hibernate: delete from ft_participants where seq=?
    Hibernate: delete from ft_participants where seq=?
    Hibernate: delete from ft_participants where seq=?
    Hibernate: delete from ft_participants where seq=?
    Hibernate: delete from ft_participants where seq=?
    Hibernate: delete from ft_participants where seq=?
    Hibernate: delete from ft_participants where seq=?
    Hibernate: delete from ft_participants where seq=?
    Hibernate: delete from ft_participants where seq=?
    Hibernate: delete from ft_participants where seq=?
    Hibernate: delete from ft_participants where seq=?
    Hibernate: delete from ft_participants where seq=?
    Hibernate: delete from ft_participants where seq=?
    Hibernate: delete from ft_participants where seq=?
    Hibernate: delete from ft_participants where seq=?
    Hibernate: delete from ft_participants where seq=?
    Hibernate: delete from ft_participants where seq=?
    Hibernate: delete from ft_participants where seq=?
    Hibernate: delete from ft_participants where seq=?
    Hibernate: delete from ft_participants where seq=?
    Hibernate: delete from ft_participants where seq=?
    Hibernate: delete from ft_participants where seq=?
    Hibernate: delete from ft_participants where seq=?
    Hibernate: delete from ft_participants where seq=?
    Hibernate: delete from ft_participants where seq=?
    Hibernate: delete from ft_participants where seq=?
    Hibernate: delete from ft_participants where seq=?
    Hibernate: delete from ft_participants where seq=?
    Hibernate: delete from ft_participants where seq=?
    Hibernate: delete from ft_participants where seq=?
    Hibernate: delete from ft_participants where seq=?
    Hibernate: delete from ft_participants where seq=?
    Hibernate: delete from ft_participants where seq=?
    Hibernate: delete from ft_participants where seq=?
    Hibernate: delete from ft_participants where seq=?
    Hibernate: delete from ft_participants where seq=?
    Hibernate: delete from ft_participants where seq=?
    Hibernate: delete from ft_participants where seq=?
    Hibernate: delete from ft_participants where seq=?
    Hibernate: delete from ft_participants where seq=?
    Hibernate: delete from ft_participants where seq=?
    Hibernate: delete from ft_participants where seq=?
    Hibernate: delete from ft_participants where seq=?
    Hibernate: delete from ft_participants where seq=?
    Hibernate: delete from ft_participants where seq=?
    Hibernate: delete from ft_participants where seq=?
    Hibernate: delete from ft_participants where seq=?
    Hibernate: delete from ft_participants where seq=?
    Hibernate: delete from ft_participants where seq=?
    Hibernate: delete from ft_participants where seq=?
    Hibernate: delete from ft_participants where seq=?
    Hibernate: delete from ft_participants where seq=?
    Hibernate: delete from ft_participants where seq=?
    Hibernate: delete from ft_participants where seq=?
    Hibernate: delete from ft_participants where seq=?
    Hibernate: delete from ft_participants where seq=?
    Hibernate: delete from ft_participants where seq=?
    Hibernate: delete from ft_participants where seq=?
    Hibernate: delete from ft_participants where seq=?
    Hibernate: delete from ft_participants where seq=?
    Hibernate: delete from ft_participants where seq=?
    Hibernate: delete from ft_participants where seq=?
    Hibernate: delete from ft_participants where seq=?
    Hibernate: delete from ft_participants where seq=?
    Hibernate: delete from ft_participants where seq=?
    Hibernate: delete from ft_participants where seq=?
    Hibernate: delete from ft_participants where seq=?
    Hibernate: delete from ft_participants where seq=?
    Hibernate: delete from ft_participants where seq=?
    Hibernate: delete from ft_participants where seq=?
    Hibernate: delete from ft_participants where seq=?
    Hibernate: delete from ft_participants where seq=?
    Hibernate: delete from ft_participants where seq=?
    Hibernate: delete from ft_participants where seq=?
    Hibernate: delete from ft_participants where seq=?
    Hibernate: delete from ft_participants where seq=?
    Hibernate: delete from ft_participants where seq=?
    Hibernate: delete from ft_participants where seq=?
    Hibernate: delete from ft_participants where seq=?
    Hibernate: delete from ft_participants where seq=?
    Hibernate: delete from ft_participants where seq=?
    Hibernate: delete from ft_participants where seq=?
    Hibernate: delete from ft_participants where seq=?
    Hibernate: delete from ft_participants where seq=?
    Hibernate: delete from ft_participants where seq=?
    Hibernate: delete from ft_participants where seq=?
    Hibernate: delete from ft_participants where seq=?
    Hibernate: delete from ft_participants where seq=?
    Hibernate: delete from ft_participants where seq=?
    Hibernate: delete from ft_participants where seq=?
    Hibernate: delete from ft_participants where seq=?
    Hibernate: delete from ft_participants where seq=?
    Hibernate: delete from ft_participants where seq=?
    Hibernate: delete from ft_participants where seq=?
    Hibernate: delete from ft_participants where seq=?
    Hibernate: delete from ft_participants where seq=?
    Hibernate: delete from ft_participants where seq=?
    Hibernate: delete from ft_participants where seq=?
    Hibernate: delete from ft_participants where seq=?
    Hibernate: delete from ft_participants where seq=?
    Hibernate: delete from ft_participants where seq=?
    Hibernate: delete from ft_participants where seq=?
    Hibernate: delete from ft_participants where seq=?
    Hibernate: delete from ft_participants where seq=?
    Hibernate: delete from ft_participants where seq=?
    Hibernate: delete from ft_participants where seq=?
    Hibernate: delete from ft_participants where seq=?
    Hibernate: delete from ft_participants where seq=?
    Hibernate: delete from ft_participants where seq=?
    Hibernate: delete from ft_participants where seq=?
    Hibernate: delete from ft_participants where seq=?
    Hibernate: delete from ft_participants where seq=?
    Hibernate: delete from ft_participants where seq=?
    Hibernate: delete from ft_participants where seq=?
    Hibernate: delete from ft_participants where seq=?
    Hibernate: delete from ft_participants where seq=?
    Hibernate: delete from ft_participants where seq=?
    Hibernate: delete from ft_participants where seq=?
    Hibernate: delete from ft_participants where seq=?
    Hibernate: delete from ft_participants where seq=?
    Hibernate: delete from ft_participants where seq=?
    Hibernate: delete from ft_participants where seq=?
    Hibernate: delete from ft_participants where seq=?
    Hibernate: delete from ft_participants where seq=?
    Hibernate: delete from ft_participants where seq=?
    Hibernate: delete from ft_participants where seq=?
    Hibernate: delete from ft_participants where seq=?
    Hibernate: delete from ft_participants where seq=?
    Hibernate: delete from ft_participants where seq=?
    Hibernate: delete from ft_participants where seq=?
    Hibernate: delete from ft_participants where seq=?
    Hibernate: delete from ft_participants where seq=?
    Hibernate: delete from ft_participants where seq=?
    Hibernate: delete from ft_participants where seq=?
    Hibernate: delete from ft_participants where seq=?
    Hibernate: delete from ft_participants where seq=?
    Hibernate: delete from ft_participants where seq=?
    Hibernate: delete from ft_participants where seq=?
    Hibernate: delete from ft_participants where seq=?
    Hibernate: delete from ft_participants where seq=?
    Hibernate: delete from ft_participants where seq=?
    Hibernate: delete from ft_participants where seq=?
    Hibernate: delete from ft_participants where seq=?
    Hibernate: delete from ft_participants where seq=?
    Hibernate: delete from ft_participants where seq=?
    Hibernate: delete from ft_participants where seq=?
    Hibernate: delete from ft_participants where seq=?
    Hibernate: delete from ft_participants where seq=?
    Hibernate: delete from ft_participants where seq=?
    Hibernate: delete from ft_participants where seq=?
    Hibernate: delete from ft_participants where seq=?
    Hibernate: delete from ft_participants where seq=?
    Hibernate: delete from ft_participants where seq=?
    Hibernate: delete from ft_participants where seq=?
    Hibernate: delete from ft_participants where seq=?
    Hibernate: delete from ft_participants where seq=?
    Hibernate: delete from ft_participants where seq=?
    Hibernate: delete from ft_participants where seq=?
    Hibernate: delete from ft_participants where seq=?
    Hibernate: delete from ft_participants where seq=?
    Hibernate: delete from ft_participants where seq=?
    Hibernate: delete from ft_participants where seq=?
    Hibernate: delete from ft_participants where seq=?
    Hibernate: delete from ft_participants where seq=?
    Hibernate: delete from ft_participants where seq=?
    Hibernate: delete from ft_participants where seq=?
    Hibernate: delete from ft_participants where seq=?
    Hibernate: delete from ft_participants where seq=?
    Hibernate: delete from ft_participants where seq=?
    Hibernate: delete from ft_participants where seq=?
    Hibernate: delete from ft_participants where seq=?
    Hibernate: delete from ft_participants where seq=?
    Hibernate: delete from ft_participants where seq=?
    Hibernate: delete from ft_participants where seq=?
    Hibernate: delete from ft_participants where seq=?
    Hibernate: delete from ft_participants where seq=?
    Hibernate: delete from ft_participants where seq=?
    Hibernate: delete from ft_participants where seq=?
    Hibernate: delete from ft_participants where seq=?
    Hibernate: delete from ft_participants where seq=?
    Hibernate: delete from ft_participants where seq=?
    Hibernate: delete from ft_participants where seq=?
    Hibernate: delete from ft_participants where seq=?
    Hibernate: delete from ft_participants where seq=?
    Hibernate: delete from ft_participants where seq=?
    Hibernate: delete from ft_participants where seq=?
    Hibernate: delete from ft_participants where seq=?
    Hibernate: delete from ft_participants where seq=?
    Hibernate: delete from ft_participants where seq=?
    Hibernate: delete from ft_participants where seq=?
    Hibernate: delete from ft_participants where seq=?
    Hibernate: delete from ft_participants where seq=?
    Hibernate: delete from ft_participants where seq=?
    Hibernate: delete from ft_participants where seq=?
    Hibernate: delete from ft_participants where seq=?
    Hibernate: delete from ft_participants where seq=?
    Hibernate: delete from ft_participants where seq=?
    Hibernate: delete from ft_participants where seq=?
    Hibernate: delete from ft_participants where seq=?
    Hibernate: delete from ft_participants where seq=?
    Hibernate: delete from ft_participants where seq=?
    Hibernate: delete from ft_participants where seq=?
    Hibernate: delete from ft_participants where seq=?
    Hibernate: delete from ft_participants where seq=?
    Hibernate: delete from ft_participants where seq=?
    Hibernate: delete from ft_participants where seq=?
    Hibernate: delete from ft_participants where seq=?
    Hibernate: delete from ft_participants where seq=?
    Hibernate: delete from ft_participants where seq=?
    Hibernate: delete from ft_participants where seq=?
    Hibernate: delete from ft_participants where seq=?
    Hibernate: delete from ft_participants where seq=?
    Hibernate: delete from ft_participants where seq=?
    Hibernate: delete from ft_participants where seq=?
    Hibernate: delete from ft_participants where seq=?
    Hibernate: delete from ft_participants where seq=?
    Hibernate: delete from ft_participants where seq=?
    Hibernate: delete from ft_participants where seq=?
    Hibernate: delete from ft_participants where seq=?
    Hibernate: delete from ft_participants where seq=?
    Hibernate: delete from ft_participants where seq=?
    Hibernate: delete from ft_participants where seq=?
    Hibernate: delete from ft_participants where seq=?
    Hibernate: delete from ft_participants where seq=?
    Hibernate: delete from ft_participants where seq=?
    Hibernate: delete from ft_participants where seq=?
    Hibernate: delete from ft_participants where seq=?
    Hibernate: delete from ft_participants where seq=?
    Hibernate: delete from ft_participants where seq=?
    Hibernate: delete from ft_participants where seq=?
    Hibernate: delete from ft_participants where seq=?
    Hibernate: delete from ft_participants where seq=?
    Hibernate: delete from ft_participants where seq=?
    Hibernate: delete from ft_participants where seq=?
    Hibernate: delete from ft_participants where seq=?
    Hibernate: delete from ft_participants where seq=?
    Hibernate: delete from ft_participants where seq=?
    Hibernate: delete from ft_participants where seq=?
    Hibernate: delete from ft_participants where seq=?
    Hibernate: delete from ft_participants where seq=?
    Hibernate: delete from ft_participants where seq=?
    Hibernate: delete from ft_participants where seq=?
    Hibernate: delete from ft_participants where seq=?
    Hibernate: delete from ft_participants where seq=?
    Hibernate: delete from ft_participants where seq=?
    Hibernate: delete from ft_participants where seq=?
    Hibernate: delete from ft_participants where seq=?
    Hibernate: delete from ft_participants where seq=?
    Hibernate: delete from ft_participants where seq=?
    Hibernate: delete from ft_participants where seq=?
    Hibernate: delete from ft_participants where seq=?
    Hibernate: delete from ft_participants where seq=?
    Hibernate: delete from ft_participants where seq=?
    Hibernate: delete from ft_participants where seq=?
    Hibernate: delete from ft_participants where seq=?
    Hibernate: delete from ft_participants where seq=?
    Hibernate: delete from ft_participants where seq=?
    Hibernate: delete from ft_participants where seq=?
    Hibernate: delete from ft_participants where seq=?
    Hibernate: delete from ft_participants where seq=?
    Hibernate: delete from ft_participants where seq=?
    Hibernate: delete from ft_participants where seq=?
    Hibernate: delete from ft_participants where seq=?
    Hibernate: delete from ft_participants where seq=?
    Hibernate: delete from ft_participants where seq=?
    Hibernate: delete from ft_participants where seq=?
    Hibernate: delete from ft_participants where seq=?
    Hibernate: delete from ft_participants where seq=?
    Hibernate: delete from ft_participants where seq=?
    Hibernate: delete from ft_participants where seq=?
    Hibernate: delete from ft_participants where seq=?
    Hibernate: delete from ft_participants where seq=?
    Hibernate: delete from ft_participants where seq=?
    Hibernate: delete from ft_participants where seq=?
    Hibernate: delete from ft_participants where seq=?
    Hibernate: delete from ft_participants where seq=?
    Hibernate: delete from ft_participants where seq=?
    Hibernate: delete from ft_participants where seq=?
    Hibernate: delete from ft_participants where seq=?
    Hibernate: delete from ft_participants where seq=?
    Hibernate: delete from ft_participants where seq=?
    Hibernate: delete from ft_participants where seq=?
    Hibernate: delete from ft_participants where seq=?
    Hibernate: delete from ft_participants where seq=?
    Hibernate: delete from ft_participants where seq=?
    Hibernate: delete from ft_participants where seq=?
    Hibernate: delete from ft_participants where seq=?
    Hibernate: delete from ft_participants where seq=?
    Hibernate: delete from ft_participants where seq=?
    Hibernate: delete from ft_participants where seq=?
    Hibernate: delete from ft_participants where seq=?
    Hibernate: delete from ft_participants where seq=?
    Hibernate: delete from ft_participants where seq=?
    Hibernate: delete from ft_participants where seq=?
    Hibernate: delete from ft_participants where seq=?
    Hibernate: delete from ft_participants where seq=?
    Hibernate: delete from ft_participants where seq=?
    Hibernate: delete from ft_participants where seq=?
    Hibernate: delete from ft_participants where seq=?
    Hibernate: delete from ft_participants where seq=?
    Hibernate: delete from ft_participants where seq=?
    Hibernate: delete from ft_participants where seq=?
    Hibernate: delete from ft_participants where seq=?
    Hibernate: delete from ft_participants where seq=?
    Hibernate: delete from ft_participants where seq=?
    Hibernate: delete from ft_participants where seq=?
    Hibernate: delete from ft_participants where seq=?
    Hibernate: delete from ft_participants where seq=?
    Hibernate: delete from ft_participants where seq=?
    Hibernate: delete from ft_participants where seq=?
    Hibernate: delete from ft_participants where seq=?
    Hibernate: delete from ft_participants where seq=?
    Hibernate: delete from ft_participants where seq=?
    Hibernate: delete from ft_participants where seq=?
    Hibernate: delete from ft_participants where seq=?
    Hibernate: delete from ft_participants where seq=?
    Hibernate: delete from ft_participants where seq=?
    Hibernate: delete from ft_participants where seq=?
    Hibernate: delete from ft_participants where seq=?
    Hibernate: delete from ft_participants where seq=?
    Hibernate: delete from ft_participants where seq=?
    Hibernate: delete from ft_participants where seq=?
    Hibernate: delete from ft_participants where seq=?
    Hibernate: delete from ft_participants where seq=?
    Hibernate: delete from ft_participants where seq=?
    Hibernate: delete from ft_participants where seq=?
    Hibernate: delete from ft_participants where seq=?
    Hibernate: delete from ft_participants where seq=?
    Hibernate: delete from ft_participants where seq=?
    Hibernate: delete from ft_participants where seq=?
    Hibernate: delete from ft_participants where seq=?
    Hibernate: delete from ft_participants where seq=?
    Hibernate: delete from ft_participants where seq=?
    Hibernate: delete from ft_participants where seq=?
    Hibernate: delete from ft_participants where seq=?
    Hibernate: delete from ft_participants where seq=?
    Hibernate: delete from ft_participants where seq=?
    Hibernate: delete from ft_participants where seq=?
    Hibernate: delete from ft_participants where seq=?
    Hibernate: delete from ft_participants where seq=?
    Hibernate: delete from ft_participants where seq=?
    Hibernate: delete from ft_participants where seq=?
    Hibernate: delete from ft_participants where seq=?
    Hibernate: delete from ft_participants where seq=?
    Hibernate: delete from ft_participants where seq=?
    Hibernate: delete from ft_participants where seq=?
    Hibernate: delete from ft_participants where seq=?
    Hibernate: delete from ft_participants where seq=?
    Hibernate: delete from ft_participants where seq=?
    Hibernate: delete from ft_participants where seq=?
    Hibernate: delete from ft_participants where seq=?
    Hibernate: delete from ft_participants where seq=?
    Hibernate: delete from ft_participants where seq=?
    Hibernate: delete from ft_participants where seq=?
    Hibernate: delete from ft_participants where seq=?
    Hibernate: delete from ft_participants where seq=?
    Hibernate: delete from ft_participants where seq=?
    Hibernate: delete from ft_participants where seq=?
    Hibernate: delete from ft_participants where seq=?
    Hibernate: delete from ft_participants where seq=?
    Hibernate: delete from ft_participants where seq=?
    Hibernate: delete from ft_participants where seq=?
    Hibernate: delete from ft_participants where seq=?
    Hibernate: delete from ft_participants where seq=?
    Hibernate: delete from ft_participants where seq=?
    Hibernate: delete from ft_participants where seq=?
    Hibernate: delete from ft_participants where seq=?
    Hibernate: delete from ft_participants where seq=?
    Hibernate: delete from ft_participants where seq=?
    Hibernate: delete from ft_participants where seq=?
    Hibernate: delete from ft_participants where seq=?
    Hibernate: delete from ft_participants where seq=?
    Hibernate: delete from ft_participants where seq=?
    Hibernate: delete from ft_participants where seq=?
    Hibernate: delete from ft_participants where seq=?
    Hibernate: delete from ft_participants where seq=?
    Hibernate: delete from ft_participants where seq=?
    Hibernate: delete from ft_participants where seq=?
    Hibernate: delete from ft_participants where seq=?
    Hibernate: delete from ft_participants where seq=?
    Hibernate: delete from ft_participants where seq=?
    Hibernate: delete from ft_participants where seq=?
    Hibernate: delete from ft_participants where seq=?
    Hibernate: delete from ft_participants where seq=?
    Hibernate: delete from ft_participants where seq=?
    Hibernate: delete from ft_participants where seq=?
    Hibernate: delete from ft_participants where seq=?
    Hibernate: delete from ft_participants where seq=?
    Hibernate: delete from ft_participants where seq=?
    Hibernate: delete from ft_participants where seq=?
    Hibernate: delete from ft_participants where seq=?
    Hibernate: delete from ft_participants where seq=?
    Hibernate: delete from ft_participants where seq=?
    Hibernate: delete from ft_participants where seq=?
    Hibernate: delete from ft_participants where seq=?
    Hibernate: delete from ft_participants where seq=?
    Hibernate: delete from ft_participants where seq=?
    Hibernate: delete from ft_participants where seq=?
    Hibernate: delete from ft_participants where seq=?
    Hibernate: delete from ft_participants where seq=?
    Hibernate: delete from ft_participants where seq=?
    Hibernate: delete from ft_participants where seq=?
    Hibernate: delete from ft_participants where seq=?
    Hibernate: delete from ft_participants where seq=?
    Hibernate: delete from ft_participants where seq=?
    Hibernate: delete from ft_participants where seq=?
    Hibernate: delete from ft_participants where seq=?
    Hibernate: delete from ft_participants where seq=?
    Hibernate: delete from ft_participants where seq=?
    Hibernate: delete from ft_participants where seq=?
    Hibernate: delete from ft_participants where seq=?
    Hibernate: delete from ft_participants where seq=?
    Hibernate: delete from ft_participants where seq=?
    Hibernate: delete from ft_participants where seq=?
    Hibernate: delete from ft_participants where seq=?
    Hibernate: delete from ft_participants where seq=?
    Hibernate: delete from ft_participants where seq=?
    Hibernate: delete from ft_participants where seq=?
    Hibernate: delete from ft_participants where seq=?
    Hibernate: delete from ft_participants where seq=?
    Hibernate: delete from ft_participants where seq=?
    Hibernate: delete from ft_participants where seq=?
    Hibernate: delete from ft_participants where seq=?
    Hibernate: delete from ft_participants where seq=?
    Hibernate: delete from ft_participants where seq=?
    Hibernate: delete from ft_participants where seq=?
    Hibernate: delete from ft_participants where seq=?
    Hibernate: delete from ft_participants where seq=?
    Hibernate: delete from ft_participants where seq=?
    Hibernate: delete from ft_participants where seq=?
    Hibernate: delete from ft_participants where seq=?
    Hibernate: delete from ft_participants where seq=?
    Hibernate: delete from ft_participants where seq=?
    Hibernate: delete from ft_participants where seq=?
    Hibernate: delete from ft_participants where seq=?
    Hibernate: delete from ft_participants where seq=?
    Hibernate: delete from ft_participants where seq=?
    Hibernate: delete from ft_participants where seq=?
    Hibernate: delete from ft_participants where seq=?
    Hibernate: delete from ft_participants where seq=?
    Hibernate: delete from ft_participants where seq=?
    Hibernate: delete from ft_participants where seq=?
    Hibernate: delete from ft_participants where seq=?
    Hibernate: delete from ft_participants where seq=?
    Hibernate: delete from ft_participants where seq=?
    Hibernate: delete from ft_participants where seq=?
    Hibernate: delete from ft_participants where seq=?
    Hibernate: delete from ft_participants where seq=?
    Hibernate: delete from ft_participants where seq=?
    Hibernate: delete from ft_participants where seq=?
    Hibernate: delete from ft_participants where seq=?
    Hibernate: delete from ft_participants where seq=?
    Hibernate: delete from ft_participants where seq=?
    Hibernate: delete from ft_participants where seq=?
    Hibernate: delete from ft_participants where seq=?
    Hibernate: delete from ft_participants where seq=?
    Hibernate: delete from ft_participants where seq=?
    Hibernate: delete from ft_participants where seq=?
    Hibernate: delete from ft_participants where seq=?
    Hibernate: delete from ft_participants where seq=?
    Hibernate: delete from ft_participants where seq=?
    Hibernate: delete from ft_participants where seq=?
    Hibernate: delete from ft_participants where seq=?
    Hibernate: delete from ft_participants where seq=?
    Hibernate: delete from ft_participants where seq=?
    Hibernate: delete from ft_participants where seq=?
    Hibernate: delete from ft_participants where seq=?
    Hibernate: delete from ft_participants where seq=?
    Hibernate: delete from ft_participants where seq=?
    Hibernate: delete from ft_participants where seq=?
    Hibernate: delete from ft_participants where seq=?
    Hibernate: delete from ft_participants where seq=?
    Hibernate: delete from ft_participants where seq=?
    Hibernate: delete from ft_participants where seq=?
    Hibernate: delete from ft_participants where seq=?
    Hibernate: delete from ft_participants where seq=?
    Hibernate: delete from ft_participants where seq=?
    Hibernate: delete from ft_participants where seq=?
    Hibernate: delete from ft_participants where seq=?
    Hibernate: delete from ft_participants where seq=?
    Hibernate: delete from ft_participants where seq=?
    Hibernate: delete from ft_participants where seq=?
    Hibernate: delete from ft_participants where seq=?
    Hibernate: delete from ft_participants where seq=?
    Hibernate: delete from ft_participants where seq=?
    Hibernate: delete from ft_participants where seq=?
    Hibernate: delete from ft_participants where seq=?
    Hibernate: delete from ft_participants where seq=?
    Hibernate: delete from ft_participants where seq=?
    Hibernate: delete from ft_participants where seq=?
    Hibernate: delete from ft_participants where seq=?
    Hibernate: delete from ft_participants where seq=?
    Hibernate: delete from ft_participants where seq=?
    Hibernate: delete from ft_participants where seq=?
    Hibernate: delete from ft_participants where seq=?
    Hibernate: delete from ft_participants where seq=?
    Hibernate: delete from ft_participants where seq=?
    Hibernate: delete from ft_participants where seq=?
    Hibernate: delete from ft_participants where seq=?
    Hibernate: delete from ft_participants where seq=?
    Hibernate: delete from ft_participants where seq=?
    Hibernate: delete from ft_participants where seq=?
    Hibernate: delete from ft_participants where seq=?
    Hibernate: delete from ft_participants where seq=?
    Hibernate: delete from ft_participants where seq=?
    Hibernate: delete from ft_participants where seq=?
    Hibernate: delete from ft_participants where seq=?
    Hibernate: delete from ft_participants where seq=?
    Hibernate: delete from ft_participants where seq=?
    Hibernate: delete from ft_participants where seq=?
    Hibernate: delete from ft_participants where seq=?
    Hibernate: delete from ft_participants where seq=?
    Hibernate: delete from ft_participants where seq=?
    Hibernate: delete from ft_participants where seq=?
    Hibernate: delete from ft_participants where seq=?
    Hibernate: delete from ft_participants where seq=?
    Hibernate: delete from ft_participants where seq=?
    Hibernate: delete from ft_participants where seq=?
    Hibernate: delete from ft_participants where seq=?
    Hibernate: delete from ft_participants where seq=?
    Hibernate: delete from ft_participants where seq=?
    Hibernate: delete from ft_participants where seq=?
    Hibernate: delete from ft_participants where seq=?
    Hibernate: delete from ft_participants where seq=?
    Hibernate: delete from ft_participants where seq=?
    Hibernate: delete from ft_participants where seq=?
    Hibernate: delete from ft_participants where seq=?
    Hibernate: delete from ft_participants where seq=?
    Hibernate: delete from ft_participants where seq=?
    Hibernate: delete from ft_participants where seq=?
    Hibernate: delete from ft_participants where seq=?
    Hibernate: delete from ft_participants where seq=?
    Hibernate: delete from ft_participants where seq=?
    Hibernate: delete from ft_participants where seq=?
    Hibernate: delete from ft_participants where seq=?
    Hibernate: delete from ft_participants where seq=?
    Hibernate: delete from ft_participants where seq=?
    Hibernate: delete from ft_participants where seq=?
    Hibernate: delete from ft_participants where seq=?
    Hibernate: delete from ft_participants where seq=?
    Hibernate: delete from ft_participants where seq=?
    Hibernate: delete from ft_participants where seq=?
    Hibernate: delete from ft_participants where seq=?
    Hibernate: delete from ft_participants where seq=?
    Hibernate: delete from ft_participants where seq=?
    Hibernate: delete from ft_participants where seq=?
    Hibernate: delete from ft_participants where seq=?
    Hibernate: delete from ft_participants where seq=?
    Hibernate: delete from ft_participants where seq=?
    Hibernate: delete from ft_participants where seq=?
    Hibernate: delete from ft_participants where seq=?
    Hibernate: delete from ft_participants where seq=?
    Hibernate: delete from ft_participants where seq=?
    Hibernate: delete from ft_participants where seq=?
    Hibernate: delete from ft_participants where seq=?
    Hibernate: delete from ft_participants where seq=?
    Hibernate: delete from ft_participants where seq=?
    Hibernate: delete from ft_participants where seq=?
    Hibernate: delete from ft_participants where seq=?
    Hibernate: delete from ft_participants where seq=?
    Hibernate: delete from ft_participants where seq=?
    Hibernate: delete from ft_participants where seq=?
    Hibernate: delete from ft_participants where seq=?
    Hibernate: delete from ft_participants where seq=?
    Hibernate: delete from ft_participants where seq=?
    Hibernate: delete from ft_participants where seq=?
    Hibernate: delete from ft_participants where seq=?
    Hibernate: delete from ft_participants where seq=?
    Hibernate: delete from ft_participants where seq=?
    Hibernate: delete from ft_participants where seq=?
    Hibernate: delete from ft_participants where seq=?
    Hibernate: delete from ft_participants where seq=?
    Hibernate: delete from ft_participants where seq=?
    Hibernate: delete from ft_participants where seq=?
    Hibernate: delete from ft_participants where seq=?
    Hibernate: delete from ft_participants where seq=?
    Hibernate: delete from ft_participants where seq=?
    Hibernate: delete from ft_participants where seq=?
    Hibernate: delete from ft_participants where seq=?
    Hibernate: delete from ft_participants where seq=?
    Hibernate: delete from ft_participants where seq=?
    Hibernate: delete from ft_participants where seq=?
    Hibernate: delete from ft_participants where seq=?
    Hibernate: delete from ft_participants where seq=?
    Hibernate: delete from ft_participants where seq=?
    Hibernate: delete from ft_participants where seq=?
    Hibernate: delete from ft_participants where seq=?
    Hibernate: delete from ft_participants where seq=?
    Hibernate: delete from ft_participants where seq=?
    Hibernate: delete from ft_participants where seq=?
    Hibernate: delete from ft_participants where seq=?
    Hibernate: delete from ft_participants where seq=?
    Hibernate: delete from ft_participants where seq=?
    Hibernate: delete from ft_participants where seq=?
    Hibernate: delete from ft_participants where seq=?
    Hibernate: delete from ft_participants where seq=?
    Hibernate: delete from ft_participants where seq=?
    Hibernate: delete from ft_participants where seq=?
    Hibernate: delete from ft_participants where seq=?
    Hibernate: delete from ft_participants where seq=?
    Hibernate: delete from ft_participants where seq=?
    Hibernate: delete from ft_participants where seq=?
    Hibernate: delete from ft_participants where seq=?
    Hibernate: delete from ft_participants where seq=?
    Hibernate: delete from ft_participants where seq=?
    Hibernate: delete from ft_participants where seq=?
    Hibernate: delete from ft_participants where seq=?
    Hibernate: delete from ft_participants where seq=?
    Hibernate: delete from ft_participants where seq=?
    Hibernate: delete from ft_participants where seq=?
    Hibernate: delete from ft_participants where seq=?
    Hibernate: delete from ft_participants where seq=?
    Hibernate: delete from ft_participants where seq=?
    Hibernate: delete from ft_participants where seq=?
    Hibernate: delete from ft_participants where seq=?
    Hibernate: delete from ft_participants where seq=?
    Hibernate: delete from ft_participants where seq=?
    Hibernate: delete from ft_participants where seq=?
    Hibernate: delete from ft_participants where seq=?
    Hibernate: delete from ft_participants where seq=?
    Hibernate: delete from ft_participants where seq=?
    Hibernate: delete from ft_participants where seq=?
    Hibernate: delete from ft_participants where seq=?
    Hibernate: delete from ft_participants where seq=?
    Hibernate: delete from ft_participants where seq=?
    Hibernate: delete from ft_participants where seq=?
    Hibernate: delete from ft_participants where seq=?
    Hibernate: delete from ft_participants where seq=?
    Hibernate: delete from ft_participants where seq=?
    Hibernate: delete from ft_participants where seq=?
    Hibernate: delete from ft_participants where seq=?
    Hibernate: delete from ft_participants where seq=?
    Hibernate: delete from ft_participants where seq=?
    Hibernate: delete from ft_participants where seq=?
    Hibernate: delete from ft_participants where seq=?
    Hibernate: delete from ft_participants where seq=?
    Hibernate: delete from ft_participants where seq=?
    Hibernate: delete from ft_participants where seq=?
    Hibernate: delete from ft_participants where seq=?
    Hibernate: delete from ft_participants where seq=?
    Hibernate: delete from ft_participants where seq=?
    Hibernate: delete from ft_participants where seq=?
    Hibernate: delete from ft_participants where seq=?
    Hibernate: delete from ft_participants where seq=?
    Hibernate: delete from ft_participants where seq=?
    Hibernate: delete from ft_participants where seq=?
    Hibernate: delete from ft_participants where seq=?
    Hibernate: delete from ft_participants where seq=?
    Hibernate: delete from ft_participants where seq=?
    Hibernate: delete from ft_participants where seq=?
    Hibernate: delete from ft_participants where seq=?
    Hibernate: delete from ft_participants where seq=?
    Hibernate: delete from ft_participants where seq=?
    Hibernate: delete from ft_participants where seq=?
    Hibernate: delete from ft_participants where seq=?
    Hibernate: delete from ft_participants where seq=?
    Hibernate: delete from ft_participants where seq=?
    Hibernate: delete from ft_participants where seq=?
    Hibernate: delete from ft_participants where seq=?
    Hibernate: delete from ft_participants where seq=?
    Hibernate: delete from ft_participants where seq=?
    Hibernate: delete from ft_participants where seq=?
    Hibernate: delete from ft_participants where seq=?
    Hibernate: delete from ft_participants where seq=?
    Hibernate: delete from ft_participants where seq=?
    Hibernate: delete from ft_participants where seq=?
    Hibernate: delete from ft_participants where seq=?
    Hibernate: delete from ft_participants where seq=?
    Hibernate: delete from ft_participants where seq=?
    Hibernate: delete from ft_participants where seq=?
    Hibernate: delete from ft_participants where seq=?
    Hibernate: delete from ft_participants where seq=?
    Hibernate: delete from ft_participants where seq=?
    Hibernate: delete from ft_participants where seq=?
    Hibernate: delete from ft_participants where seq=?
    Hibernate: delete from ft_participants where seq=?
    Hibernate: delete from ft_participants where seq=?
    Hibernate: delete from ft_participants where seq=?
    Hibernate: delete from ft_participants where seq=?
    Hibernate: delete from ft_participants where seq=?
    Hibernate: delete from ft_participants where seq=?
    Hibernate: delete from ft_participants where seq=?
    Hibernate: delete from ft_participants where seq=?
    Hibernate: delete from ft_participants where seq=?
    Hibernate: delete from ft_participants where seq=?
    Hibernate: delete from ft_participants where seq=?
    Hibernate: delete from ft_participants where seq=?
    Hibernate: delete from ft_participants where seq=?
    Hibernate: delete from ft_participants where seq=?
    Hibernate: delete from ft_participants where seq=?
    Hibernate: delete from ft_participants where seq=?
    Hibernate: delete from ft_participants where seq=?
    Hibernate: delete from ft_participants where seq=?
    Hibernate: delete from ft_participants where seq=?
    Hibernate: delete from ft_participants where seq=?
    Hibernate: delete from ft_participants where seq=?
    Hibernate: delete from ft_participants where seq=?
    Hibernate: delete from ft_participants where seq=?
    Hibernate: delete from ft_participants where seq=?
    Hibernate: delete from ft_participants where seq=?
    Hibernate: delete from ft_participants where seq=?
    Hibernate: delete from ft_participants where seq=?
    Hibernate: delete from ft_participants where seq=?
    Hibernate: delete from ft_participants where seq=?
    Hibernate: delete from ft_participants where seq=?
    Hibernate: delete from ft_participants where seq=?
    Hibernate: delete from ft_participants where seq=?
    Hibernate: delete from ft_participants where seq=?
    Hibernate: delete from ft_participants where seq=?
    Hibernate: delete from ft_participants where seq=?
    Hibernate: delete from ft_participants where seq=?
    Hibernate: delete from ft_participants where seq=?
    Hibernate: delete from ft_participants where seq=?
    Hibernate: delete from ft_participants where seq=?
    Hibernate: delete from ft_participants where seq=?
    Hibernate: delete from ft_participants where seq=?
    Hibernate: delete from ft_participants where seq=?
    Hibernate: delete from ft_participants where seq=?
    Hibernate: delete from ft_participants where seq=?
    Hibernate: delete from ft_participants where seq=?
    Hibernate: delete from ft_participants where seq=?
    Hibernate: delete from ft_participants where seq=?
    Hibernate: delete from ft_participants where seq=?
    Hibernate: delete from ft_participants where seq=?
    Hibernate: delete from ft_participants where seq=?
    Hibernate: delete from ft_participants where seq=?
    Hibernate: delete from ft_participants where seq=?
    Hibernate: delete from ft_participants where seq=?
    Hibernate: delete from ft_participants where seq=?
    Hibernate: delete from ft_participants where seq=?
    Hibernate: delete from ft_participants where seq=?
    Hibernate: delete from ft_participants where seq=?
    Hibernate: delete from ft_participants where seq=?
    Hibernate: delete from ft_participants where seq=?
    Hibernate: delete from ft_participants where seq=?
    Hibernate: delete from ft_participants where seq=?
    Hibernate: delete from ft_participants where seq=?
    Hibernate: delete from ft_participants where seq=?
    Hibernate: delete from ft_participants where seq=?
    Hibernate: delete from ft_participants where seq=?
    Hibernate: delete from ft_participants where seq=?
    Hibernate: delete from ft_participants where seq=?
    Hibernate: delete from ft_participants where seq=?
    Hibernate: delete from ft_participants where seq=?
    Hibernate: delete from ft_participants where seq=?
    Hibernate: delete from ft_participants where seq=?
    Hibernate: delete from ft_participants where seq=?
    Hibernate: delete from ft_participants where seq=?
    Hibernate: delete from ft_participants where seq=?
    Hibernate: delete from ft_participants where seq=?
    Hibernate: delete from ft_participants where seq=?
    Hibernate: delete from ft_participants where seq=?
    Hibernate: delete from ft_participants where seq=?
    Hibernate: delete from ft_participants where seq=?
    Hibernate: delete from ft_participants where seq=?
    Hibernate: delete from ft_participants where seq=?
    Hibernate: delete from ft_participants where seq=?
    Hibernate: delete from ft_participants where seq=?
    Hibernate: delete from ft_participants where seq=?
    Hibernate: delete from ft_participants where seq=?
    Hibernate: delete from ft_participants where seq=?
    Hibernate: delete from ft_participants where seq=?
    Hibernate: delete from ft_participants where seq=?
    Hibernate: delete from ft_participants where seq=?
    Hibernate: delete from ft_participants where seq=?
    Hibernate: delete from ft_participants where seq=?
    Hibernate: delete from ft_participants where seq=?
    Hibernate: delete from ft_participants where seq=?
    Hibernate: delete from ft_participants where seq=?
    Hibernate: delete from ft_participants where seq=?
    Hibernate: delete from ft_participants where seq=?
    Hibernate: delete from ft_participants where seq=?
    Hibernate: delete from ft_participants where seq=?
    Hibernate: delete from ft_participants where seq=?
    Hibernate: delete from ft_participants where seq=?
    Hibernate: delete from ft_participants where seq=?
    Hibernate: delete from ft_participants where seq=?
    Hibernate: delete from ft_participants where seq=?
    Hibernate: delete from ft_participants where seq=?
    Hibernate: delete from ft_participants where seq=?
    Hibernate: delete from ft_participants where seq=?
    Hibernate: delete from ft_participants where seq=?
    Hibernate: delete from ft_participants where seq=?
    Hibernate: delete from ft_participants where seq=?
    Hibernate: delete from ft_participants where seq=?
    Hibernate: delete from ft_participants where seq=?
    Hibernate: delete from ft_participants where seq=?
    Hibernate: delete from ft_participants where seq=?
    Hibernate: delete from ft_participants where seq=?
    Hibernate: delete from ft_participants where seq=?
    Hibernate: delete from ft_participants where seq=?
    Hibernate: delete from ft_participants where seq=?
    Hibernate: delete from ft_participants where seq=?
    Hibernate: delete from ft_participants where seq=?
    Hibernate: delete from ft_participants where seq=?
    Hibernate: delete from ft_participants where seq=?
    Hibernate: delete from ft_participants where seq=?
    Hibernate: delete from ft_participants where seq=?
    Hibernate: delete from ft_participants where seq=?
    Hibernate: delete from ft_participants where seq=?
    Hibernate: delete from ft_participants where seq=?
    Hibernate: delete from ft_participants where seq=?
    Hibernate: delete from ft_participants where seq=?
    Hibernate: delete from ft_participants where seq=?
    Hibernate: delete from ft_participants where seq=?
    Hibernate: delete from ft_participants where seq=?
    Hibernate: delete from ft_participants where seq=?
    Hibernate: delete from ft_participants where seq=?
    Hibernate: delete from ft_participants where seq=?
    Hibernate: delete from ft_participants where seq=?
    Hibernate: delete from ft_participants where seq=?
    Hibernate: delete from ft_participants where seq=?
    Hibernate: delete from ft_participants where seq=?
    Hibernate: delete from ft_participants where seq=?
    Hibernate: delete from ft_participants where seq=?
    Hibernate: delete from ft_participants where seq=?
    Hibernate: delete from ft_participants where seq=?
    Hibernate: delete from ft_participants where seq=?
    Hibernate: delete from ft_participants where seq=?
    Hibernate: delete from ft_participants where seq=?
    Hibernate: delete from ft_participants where seq=?
    Hibernate: delete from ft_participants where seq=?
    Hibernate: delete from ft_participants where seq=?
    Hibernate: delete from ft_participants where seq=?
    Hibernate: delete from ft_participants where seq=?
    Hibernate: delete from ft_participants where seq=?
    Hibernate: delete from ft_participants where seq=?
    Hibernate: delete from ft_participants where seq=?
    Hibernate: delete from ft_participants where seq=?
    Hibernate: delete from ft_participants where seq=?
    Hibernate: delete from ft_participants where seq=?
    Hibernate: delete from ft_participants where seq=?
    Hibernate: delete from ft_participants where seq=?
    Hibernate: delete from ft_participants where seq=?
    Hibernate: delete from ft_participants where seq=?
    Hibernate: delete from ft_participants where seq=?
    Hibernate: delete from ft_participants where seq=?
    Hibernate: delete from ft_participants where seq=?
    Hibernate: delete from ft_participants where seq=?
    Hibernate: delete from ft_participants where seq=?
    Hibernate: delete from ft_participants where seq=?
    Hibernate: delete from ft_participants where seq=?
    Hibernate: delete from ft_participants where seq=?
    Hibernate: delete from ft_participants where seq=?
    Hibernate: delete from ft_participants where seq=?
    Hibernate: delete from ft_participants where seq=?
    Hibernate: delete from ft_participants where seq=?
    Hibernate: delete from ft_participants where seq=?
    Hibernate: delete from ft_participants where seq=?
    Hibernate: delete from ft_participants where seq=?
    Hibernate: delete from ft_participants where seq=?
    Hibernate: delete from ft_participants where seq=?
    Hibernate: delete from ft_participants where seq=?
    Hibernate: delete from ft_participants where seq=?
    Hibernate: delete from ft_participants where seq=?
    Hibernate: delete from ft_participants where seq=?
    Hibernate: delete from ft_participants where seq=?
    Hibernate: delete from ft_participants where seq=?
    Hibernate: delete from ft_participants where seq=?
    Hibernate: delete from ft_participants where seq=?
    Hibernate: delete from ft_participants where seq=?
    Hibernate: delete from ft_participants where seq=?
    Hibernate: delete from ft_participants where seq=?
    Hibernate: delete from ft_participants where seq=?
    Hibernate: delete from ft_participants where seq=?
    Hibernate: delete from ft_participants where seq=?
    Hibernate: delete from ft_participants where seq=?
    Hibernate: delete from ft_participants where seq=?
    Hibernate: delete from ft_participants where seq=?
    Hibernate: delete from ft_participants where seq=?
    Hibernate: delete from ft_participants where seq=?
    Hibernate: delete from ft_participants where seq=?
    Hibernate: delete from ft_participants where seq=?
    Hibernate: delete from ft_participants where seq=?
    Hibernate: delete from ft_participants where seq=?
    Hibernate: delete from ft_participants where seq=?
    Hibernate: delete from ft_participants where seq=?
    Hibernate: delete from ft_participants where seq=?
    Hibernate: delete from ft_participants where seq=?
    Hibernate: delete from ft_participants where seq=?
    Hibernate: delete from ft_participants where seq=?
    Hibernate: delete from ft_participants where seq=?
    Hibernate: delete from ft_participants where seq=?
    Hibernate: delete from ft_participants where seq=?
    Hibernate: delete from ft_participants where seq=?
    Hibernate: delete from ft_participants where seq=?
    Hibernate: delete from ft_participants where seq=?
    Hibernate: delete from ft_participants where seq=?
    Hibernate: delete from ft_participants where seq=?
    Hibernate: delete from ft_participants where seq=?
    Hibernate: delete from ft_participants where seq=?
    Hibernate: delete from ft_participants where seq=?
    Hibernate: delete from ft_participants where seq=?
    Hibernate: delete from ft_participants where seq=?
    Hibernate: delete from ft_participants where seq=?
    Hibernate: delete from ft_participants where seq=?
    Hibernate: delete from ft_participants where seq=?
    Hibernate: delete from ft_participants where seq=?
    Hibernate: delete from ft_participants where seq=?
    Hibernate: delete from ft_participants where seq=?
    Hibernate: delete from ft_participants where seq=?
    Hibernate: delete from ft_participants where seq=?
    Hibernate: delete from ft_participants where seq=?
    Hibernate: delete from ft_participants where seq=?
    Hibernate: delete from ft_participants where seq=?
    Hibernate: delete from ft_participants where seq=?
    Hibernate: delete from ft_participants where seq=?
    Hibernate: delete from ft_participants where seq=?
    Hibernate: delete from ft_participants where seq=?
    Hibernate: delete from ft_participants where seq=?
    Hibernate: delete from ft_participants where seq=?
    Hibernate: delete from ft_participants where seq=?
    Hibernate: delete from ft_participants where seq=?
    Hibernate: delete from ft_participants where seq=?
    Hibernate: delete from ft_participants where seq=?
    Hibernate: delete from ft_participants where seq=?
    Hibernate: delete from ft_participants where seq=?
    Hibernate: delete from ft_participants where seq=?
    Hibernate: delete from ft_participants where seq=?
    Hibernate: delete from ft_participants where seq=?
    Hibernate: delete from ft_participants where seq=?
    Hibernate: delete from ft_participants where seq=?
    Hibernate: delete from ft_participants where seq=?
    Hibernate: delete from ft_participants where seq=?
    Hibernate: delete from ft_participants where seq=?
    Hibernate: delete from ft_participants where seq=?
    Hibernate: delete from ft_participants where seq=?
    Hibernate: delete from ft_participants where seq=?
    Hibernate: delete from ft_participants where seq=?
    Hibernate: delete from ft_participants where seq=?
    Hibernate: delete from ft_participants where seq=?
    Hibernate: delete from ft_participants where seq=?
    Hibernate: delete from ft_participants where seq=?
    Hibernate: delete from ft_participants where seq=?
    Hibernate: delete from ft_participants where seq=?
    Hibernate: delete from ft_participants where seq=?
    Hibernate: delete from ft_participants where seq=?
    Hibernate: delete from ft_participants where seq=?
    Hibernate: delete from ft_participants where seq=?
    Hibernate: delete from ft_participants where seq=?
    Hibernate: delete from ft_participants where seq=?
    Hibernate: delete from ft_participants where seq=?
    Hibernate: delete from ft_participants where seq=?
    Hibernate: delete from ft_participants where seq=?
    Hibernate: delete from ft_participants where seq=?
    Hibernate: delete from ft_participants where seq=?
    Hibernate: delete from ft_participants where seq=?
    Hibernate: delete from ft_participants where seq=?
    Hibernate: delete from ft_participants where seq=?
    Hibernate: delete from ft_participants where seq=?
    Hibernate: delete from ft_participants where seq=?
    Hibernate: delete from ft_participants where seq=?
    Hibernate: delete from ft_participants where seq=?
    Hibernate: delete from ft_participants where seq=?
    Hibernate: delete from ft_participants where seq=?
    Hibernate: delete from ft_participants where seq=?
    Hibernate: delete from ft_participants where seq=?
    Hibernate: delete from ft_participants where seq=?
    Hibernate: delete from ft_participants where seq=?
    Hibernate: delete from ft_participants where seq=?
    Hibernate: delete from ft_participants where seq=?
    Hibernate: delete from ft_participants where seq=?
    Hibernate: delete from ft_participants where seq=?
    Hibernate: delete from ft_participants where seq=?
    Hibernate: delete from ft_participants where seq=?
    Hibernate: delete from ft_participants where seq=?
    Hibernate: delete from ft_participants where seq=?
    Hibernate: delete from ft_participants where seq=?
    Hibernate: delete from ft_participants where seq=?
    Hibernate: delete from ft_participants where seq=?
    Hibernate: delete from ft_participants where seq=?
    Hibernate: delete from ft_participants where seq=?
    Hibernate: delete from ft_participants where seq=?
    Hibernate: delete from ft_participants where seq=?
    Hibernate: delete from ft_participants where seq=?
    Hibernate: delete from ft_participants where seq=?
    Hibernate: delete from ft_participants where seq=?
    Hibernate: delete from ft_participants where seq=?
    Hibernate: delete from ft_participants where seq=?
    Hibernate: delete from ft_participants where seq=?
    Hibernate: delete from ft_participants where seq=?
    Hibernate: delete from ft_participants where seq=?
    Hibernate: delete from ft_participants where seq=?
    Hibernate: delete from ft_participants where seq=?
    Hibernate: delete from ft_participants where seq=?
    Hibernate: delete from ft_participants where seq=?
    Hibernate: delete from ft_participants where seq=?
    Hibernate: delete from ft_participants where seq=?
    Hibernate: delete from ft_participants where seq=?
    Hibernate: delete from ft_participants where seq=?
    Hibernate: delete from ft_participants where seq=?
    Hibernate: delete from ft_participants where seq=?
    Hibernate: delete from ft_participants where seq=?
    Hibernate: delete from ft_participants where seq=?
    Hibernate: delete from ft_participants where seq=?
    Hibernate: delete from ft_participants where seq=?
    Hibernate: delete from ft_participants where seq=?
    Hibernate: delete from ft_participants where seq=?
    Hibernate: delete from ft_participants where seq=?
    Hibernate: delete from ft_participants where seq=?
    Hibernate: delete from ft_participants where seq=?
    Hibernate: delete from ft_participants where seq=?
    Hibernate: delete from ft_participants where seq=?
    Hibernate: delete from ft_participants where seq=?
    Hibernate: delete from ft_participants where seq=?
    Hibernate: delete from ft_participants where seq=?
    Hibernate: delete from ft_participants where seq=?
    Hibernate: delete from ft_participants where seq=?
    Hibernate: delete from ft_participants where seq=?
    Hibernate: delete from ft_participants where seq=?
    Hibernate: delete from ft_participants where seq=?
    Hibernate: delete from ft_participants where seq=?
    Hibernate: delete from ft_participants where seq=?
    Hibernate: delete from ft_participants where seq=?
    Hibernate: delete from ft_participants where seq=?
    Hibernate: delete from ft_participants where seq=?
    Hibernate: delete from ft_participants where seq=?
    Hibernate: delete from ft_participants where seq=?
    Hibernate: delete from ft_participants where seq=?
    Hibernate: delete from ft_participants where seq=?
    Hibernate: delete from ft_participants where seq=?
    Hibernate: delete from ft_participants where seq=?
    Hibernate: delete from ft_participants where seq=?
    Hibernate: delete from ft_participants where seq=?
    Hibernate: delete from ft_participants where seq=?
    Hibernate: delete from ft_participants where seq=?
    Hibernate: delete from ft_participants where seq=?
    Hibernate: delete from ft_participants where seq=?
    Hibernate: delete from ft_participants where seq=?
    Hibernate: delete from ft_participants where seq=?
    Hibernate: delete from ft_participants where seq=?
    Hibernate: delete from ft_participants where seq=?
    Hibernate: delete from ft_participants where seq=?
    Hibernate: delete from ft_participants where seq=?
    Hibernate: delete from ft_participants where seq=?
    Hibernate: delete from ft_participants where seq=?
    Hibernate: delete from ft_participants where seq=?
    Hibernate: delete from ft_participants where seq=?
    Hibernate: delete from ft_participants where seq=?
    Hibernate: delete from ft_participants where seq=?
    Hibernate: delete from ft_participants where seq=?
    Hibernate: delete from ft_participants where seq=?
    Hibernate: delete from ft_participants where seq=?
    Hibernate: delete from ft_participants where seq=?
    Hibernate: delete from ft_participants where seq=?
    Hibernate: delete from ft_participants where seq=?
    Hibernate: delete from ft_participants where seq=?
    Hibernate: delete from ft_participants where seq=?
    Hibernate: delete from ft_participants where seq=?
    Hibernate: delete from ft_participants where seq=?
    Hibernate: delete from ft_participants where seq=?
    Hibernate: delete from ft_participants where seq=?
    Hibernate: delete from ft_participants where seq=?
    Hibernate: delete from ft_participants where seq=?
    Hibernate: delete from ft_participants where seq=?
    Hibernate: delete from ft_participants where seq=?
    Hibernate: delete from ft_participants where seq=?
    Hibernate: delete from ft_participants where seq=?
    Hibernate: delete from ft_participants where seq=?
    Hibernate: delete from ft_participants where seq=?
    Hibernate: delete from ft_participants where seq=?
    Hibernate: delete from ft_participants where seq=?
    Hibernate: delete from ft_participants where seq=?
    Hibernate: delete from ft_participants where seq=?
    Hibernate: delete from ft_participants where seq=?
    Hibernate: delete from ft_participants where seq=?
    Hibernate: delete from ft_participants where seq=?
    Hibernate: delete from ft_participants where seq=?
    Hibernate: delete from ft_participants where seq=?
    Hibernate: delete from ft_participants where seq=?
    Hibernate: delete from ft_participants where seq=?
    Hibernate: delete from ft_participants where seq=?
    Hibernate: delete from ft_participants where seq=?
    Hibernate: delete from ft_participants where seq=?
    Hibernate: delete from ft_participants where seq=?
    Hibernate: delete from ft_participants where seq=?
    Hibernate: delete from ft_participants where seq=?
    Hibernate: delete from ft_participants where seq=?
    Hibernate: delete from ft_participants where seq=?
    Hibernate: delete from ft_participants where seq=?
    Hibernate: delete from ft_participants where seq=?
    Hibernate: delete from ft_participants where seq=?
    Hibernate: delete from ft_participants where seq=?
    Hibernate: delete from ft_participants where seq=?
    Hibernate: delete from ft_participants where seq=?
    Hibernate: delete from ft_participants where seq=?
    Hibernate: delete from ft_participants where seq=?
    Hibernate: delete from ft_participants where seq=?
    Hibernate: delete from ft_participants where seq=?
    Hibernate: delete from ft_participants where seq=?
    Hibernate: delete from ft_participants where seq=?
    Hibernate: delete from ft_participants where seq=?
    Hibernate: delete from ft_participants where seq=?
    Hibernate: delete from ft_participants where seq=?
    Hibernate: delete from ft_participants where seq=?
    Hibernate: delete from ft_participants where seq=?
    Hibernate: delete from ft_participants where seq=?
    Hibernate: delete from ft_participants where seq=?
    Hibernate: delete from ft_participants where seq=?
    Hibernate: delete from ft_participants where seq=?
    Hibernate: delete from ft_participants where seq=?
    Hibernate: delete from ft_participants where seq=?
    Hibernate: delete from ft_participants where seq=?
    Hibernate: delete from ft_participants where seq=?
    Hibernate: delete from ft_participants where seq=?
    Hibernate: delete from ft_participants where seq=?
    Hibernate: delete from ft_participants where seq=?
    Hibernate: delete from ft_participants where seq=?
    Hibernate: delete from ft_participants where seq=?
    Hibernate: delete from ft_participants where seq=?
    Hibernate: delete from ft_participants where seq=?
    Hibernate: delete from ft_participants where seq=?
    Hibernate: delete from ft_participants where seq=?
    Hibernate: delete from ft_participants where seq=?
    Hibernate: delete from ft_participants where seq=?
    Hibernate: delete from ft_participants where seq=?
    Hibernate: delete from ft_participants where seq=?
    Hibernate: delete from ft_participants where seq=?
    Hibernate: delete from ft_participants where seq=?
    Hibernate: delete from ft_participants where seq=?
    Hibernate: delete from ft_participants where seq=?
    Hibernate: delete from ft_participants where seq=?
    Hibernate: delete from ft_participants where seq=?
    Hibernate: delete from ft_participants where seq=?
    Hibernate: delete from ft_participants where seq=?
    Hibernate: delete from ft_participants where seq=?
    Hibernate: delete from ft_participants where seq=?
    Hibernate: delete from ft_participants where seq=?
    Hibernate: delete from ft_participants where seq=?
    Hibernate: delete from ft_participants where seq=?
    Hibernate: delete from ft_participants where seq=?
    Hibernate: delete from ft_participants where seq=?
    Hibernate: delete from ft_participants where seq=?
    Hibernate: delete from ft_participants where seq=?
    Hibernate: delete from ft_participants where seq=?
    Hibernate: delete from ft_participants where seq=?
    Hibernate: delete from ft_participants where seq=?
    Hibernate: delete from ft_participants where seq=?
    Hibernate: delete from ft_participants where seq=?
    Hibernate: delete from ft_participants where seq=?
    Hibernate: delete from ft_participants where seq=?
    Hibernate: delete from ft_participants where seq=?
    Hibernate: delete from ft_participants where seq=?
    Hibernate: delete from ft_participants where seq=?
    Hibernate: delete from ft_participants where seq=?
    Hibernate: delete from ft_participants where seq=?
    Hibernate: delete from ft_participants where seq=?
    Hibernate: delete from ft_participants where seq=?
    Hibernate: delete from ft_participants where seq=?
    Hibernate: delete from ft_participants where seq=?
    Hibernate: delete from ft_participants where seq=?
    Hibernate: delete from ft_participants where seq=?
    Hibernate: delete from ft_participants where seq=?
    Hibernate: delete from ft_participants where seq=?
    Hibernate: delete from ft_participants where seq=?
    Hibernate: delete from ft_participants where seq=?
    Hibernate: delete from ft_participants where seq=?
    Hibernate: delete from ft_participants where seq=?
    Hibernate: delete from ft_participants where seq=?
    Hibernate: delete from ft_participants where seq=?
    Hibernate: delete from ft_participants where seq=?
    Hibernate: delete from ft_participants where seq=?
    Hibernate: delete from ft_participants where seq=?
    Hibernate: delete from ft_participants where seq=?
    Hibernate: delete from ft_participants where seq=?
    Hibernate: delete from ft_participants where seq=?
    Hibernate: delete from ft_participants where seq=?
    Hibernate: delete from ft_participants where seq=?
    Hibernate: delete from ft_participants where seq=?
    Hibernate: delete from ft_participants where seq=?
    Hibernate: delete from ft_participants where seq=?
    Hibernate: delete from ft_participants where seq=?
    Hibernate: delete from ft_participants where seq=?
    Hibernate: delete from ft_participants where seq=?
    Hibernate: delete from ft_participants where seq=?
    Hibernate: delete from ft_participants where seq=?
    Hibernate: delete from ft_participants where seq=?
    Hibernate: delete from ft_participants where seq=?
    Hibernate: delete from ft_participants where seq=?
    Hibernate: delete from ft_participants where seq=?
    Hibernate: delete from ft_participants where seq=?
    Hibernate: delete from ft_participants where seq=?
    Hibernate: delete from ft_participants where seq=?
    Hibernate: delete from ft_participants where seq=?
    Hibernate: delete from ft_participants where seq=?
    Hibernate: delete from ft_participants where seq=?
    Hibernate: delete from ft_participants where seq=?
    Hibernate: delete from ft_participants where seq=?
    Hibernate: delete from ft_participants where seq=?
    Hibernate: delete from ft_participants where seq=?
    Hibernate: delete from ft_participants where seq=?
    Hibernate: delete from ft_participants where seq=?
    Hibernate: delete from ft_participants where seq=?
    Hibernate: delete from ft_participants where seq=?
    Hibernate: delete from ft_participants where seq=?
    Hibernate: delete from ft_participants where seq=?
    Hibernate: delete from ft_participants where seq=?
    Hibernate: delete from ft_participants where seq=?
    Hibernate: delete from ft_participants where seq=?
    Hibernate: delete from ft_participants where seq=?
    Hibernate: delete from ft_participants where seq=?
    Hibernate: delete from ft_participants where seq=?
    Hibernate: delete from ft_participants where seq=?
    Hibernate: delete from ft_participants where seq=?
    Hibernate: delete from ft_participants where seq=?
    Hibernate: delete from ft_participants where seq=?
    Hibernate: delete from ft_participants where seq=?
    Hibernate: delete from ft_participants where seq=?
    Hibernate: delete from ft_participants where seq=?
    Hibernate: delete from ft_participants where seq=?
    Hibernate: delete from ft_participants where seq=?
    Hibernate: delete from ft_participants where seq=?
    Hibernate: delete from ft_participants where seq=?
    Hibernate: delete from ft_participants where seq=?
    Hibernate: delete from ft_participants where seq=?
    Hibernate: delete from ft_participants where seq=?
    Hibernate: delete from ft_participants where seq=?
    Hibernate: delete from ft_participants where seq=?
    Hibernate: delete from ft_participants where seq=?
    Hibernate: delete from ft_participants where seq=?
    Hibernate: delete from ft_participants where seq=?
    Hibernate: delete from ft_participants where seq=?
    Hibernate: delete from ft_participants where seq=?
    Hibernate: delete from ft_participants where seq=?
    Hibernate: delete from ft_participants where seq=?
    Hibernate: delete from ft_participants where seq=?
    Hibernate: delete from ft_participants where seq=?
    Hibernate: delete from ft_participants where seq=?
    Hibernate: delete from ft_participants where seq=?
    Hibernate: delete from ft_participants where seq=?
    Hibernate: delete from ft_participants where seq=?
    Hibernate: delete from ft_participants where seq=?
    Hibernate: delete from ft_participants where seq=?
    Hibernate: delete from ft_participants where seq=?
    Hibernate: delete from ft_participants where seq=?
    Hibernate: delete from ft_participants where seq=?
    Hibernate: delete from ft_participants where seq=?
    Hibernate: delete from ft_participants where seq=?
    Hibernate: delete from ft_participants where seq=?
    Hibernate: delete from ft_participants where seq=?
    Hibernate: delete from ft_participants where seq=?
    Hibernate: delete from ft_participants where seq=?
    Hibernate: delete from ft_participants where seq=?
    Hibernate: delete from ft_participants where seq=?
    Hibernate: delete from ft_participants where seq=?
    Hibernate: delete from ft_participants where seq=?
    Hibernate: delete from ft_participants where seq=?
    Hibernate: delete from ft_participants where seq=?
    Hibernate: delete from ft_participants where seq=?
    Hibernate: delete from ft_participants where seq=?
    Hibernate: delete from ft_participants where seq=?
    Hibernate: delete from ft_participants where seq=?
    Hibernate: delete from ft_participants where seq=?
    Hibernate: delete from ft_participants where seq=?
    Hibernate: delete from ft_participants where seq=?
    Hibernate: delete from ft_participants where seq=?
    Hibernate: delete from ft_participants where seq=?
    Hibernate: delete from ft_participants where seq=?
    Hibernate: delete from ft_participants where seq=?
    Hibernate: delete from ft_participants where seq=?
    Hibernate: delete from ft_participants where seq=?
    Hibernate: delete from ft_participants where seq=?
    Hibernate: delete from ft_participants where seq=?
    Hibernate: delete from ft_participants where seq=?
    Hibernate: delete from ft_participants where seq=?
    Hibernate: delete from ft_participants where seq=?
    Hibernate: delete from ft_participants where seq=?
    Hibernate: delete from ft_participants where seq=?
    Hibernate: delete from ft_participants where seq=?
    Hibernate: delete from ft_participants where seq=?
    Hibernate: delete from ft_participants where seq=?
    Hibernate: delete from ft_participants where seq=?
    Hibernate: delete from ft_participants where seq=?
    Hibernate: delete from ft_participants where seq=?
    Hibernate: delete from ft_participants where seq=?
    Hibernate: delete from ft_participants where seq=?
    Hibernate: delete from ft_participants where seq=?
    Hibernate: delete from ft_participants where seq=?
    Hibernate: delete from ft_participants where seq=?
    Hibernate: delete from ft_participants where seq=?
    Hibernate: delete from ft_participants where seq=?
    Hibernate: delete from ft_participants where seq=?
    Hibernate: delete from ft_participants where seq=?
    Hibernate: delete from ft_participants where seq=?
    Hibernate: delete from ft_participants where seq=?
    Hibernate: delete from ft_participants where seq=?
    Hibernate: delete from ft_participants where seq=?
    Hibernate: delete from ft_participants where seq=?
    Hibernate: delete from ft_participants where seq=?
    Hibernate: delete from ft_participants where seq=?
    Hibernate: delete from ft_participants where seq=?
    Hibernate: delete from ft_participants where seq=?
    Hibernate: delete from ft_participants where seq=?
    Hibernate: delete from ft_participants where seq=?
    Hibernate: delete from ft_participants where seq=?
    Hibernate: delete from ft_participants where seq=?
    Hibernate: delete from ft_participants where seq=?
    Hibernate: delete from ft_participants where seq=?
    Hibernate: delete from ft_participants where seq=?
    Hibernate: delete from ft_participants where seq=?
    Hibernate: delete from ft_participants where seq=?
    Hibernate: delete from ft_participants where seq=?
    Hibernate: delete from ft_participants where seq=?
    Hibernate: delete from ft_participants where seq=?
    Hibernate: delete from ft_participants where seq=?
    Hibernate: delete from ft_participants where seq=?
    Hibernate: delete from ft_participants where seq=?
    Hibernate: delete from ft_participants where seq=?
    Hibernate: delete from ft_participants where seq=?
    Hibernate: delete from ft_participants where seq=?
    Hibernate: delete from ft_participants where seq=?
    Hibernate: delete from ft_participants where seq=?
    Hibernate: delete from ft_participants where seq=?
    Hibernate: delete from ft_participants where seq=?
    Hibernate: delete from ft_participants where seq=?
    Hibernate: delete from ft_participants where seq=?
    Hibernate: delete from ft_participants where seq=?
    Hibernate: delete from ft_participants where seq=?
    Hibernate: delete from ft_participants where seq=?
    Hibernate: delete from ft_participants where seq=?
    Hibernate: delete from ft_participants where seq=?
    Hibernate: delete from ft_participants where seq=?
    Hibernate: delete from ft_participants where seq=?
    Hibernate: delete from ft_participants where seq=?
    Hibernate: delete from ft_participants where seq=?
    Hibernate: delete from ft_participants where seq=?
    Hibernate: delete from ft_participants where seq=?
    Hibernate: delete from ft_participants where seq=?
    Hibernate: delete from ft_participants where seq=?
    Hibernate: delete from ft_participants where seq=?
    Hibernate: delete from ft_participants where seq=?
    Hibernate: delete from ft_participants where seq=?
    Hibernate: delete from ft_participants where seq=?
    Hibernate: delete from ft_participants where seq=?
    Hibernate: delete from ft_participants where seq=?
    Hibernate: delete from ft_participants where seq=?
    Hibernate: delete from ft_participants where seq=?
    Hibernate: delete from ft_participants where seq=?
    Hibernate: delete from ft_participants where seq=?
    Hibernate: delete from ft_participants where seq=?
    Hibernate: delete from ft_participants where seq=?
    Hibernate: delete from ft_participants where seq=?
    Hibernate: delete from ft_participants where seq=?
    Hibernate: delete from ft_participants where seq=?
    Hibernate: delete from ft_participants where seq=?
    Hibernate: delete from ft_participants where seq=?
    Hibernate: delete from ft_participants where seq=?
    Hibernate: delete from ft_participants where seq=?
    Hibernate: delete from ft_participants where seq=?
    Hibernate: delete from ft_participants where seq=?
    Hibernate: delete from ft_participants where seq=?
    Hibernate: delete from ft_participants where seq=?
    Hibernate: delete from ft_participants where seq=?
    Hibernate: delete from ft_participants where seq=?
    Hibernate: delete from ft_participants where seq=?
    Hibernate: delete from ft_participants where seq=?
    Hibernate: delete from ft_participants where seq=?
    Hibernate: delete from ft_participants where seq=?
    Hibernate: delete from ft_participants where seq=?
    Hibernate: delete from ft_participants where seq=?
    Hibernate: delete from ft_participants where seq=?
    Hibernate: delete from ft_participants where seq=?
    Hibernate: delete from ft_participants where seq=?
    Hibernate: delete from ft_participants where seq=?
    Hibernate: delete from ft_participants where seq=?
    Hibernate: delete from ft_participants where seq=?
    Hibernate: delete from ft_participants where seq=?
    Hibernate: delete from ft_participants where seq=?
    Hibernate: delete from ft_participants where seq=?
    Hibernate: delete from ft_participants where seq=?
    Hibernate: delete from ft_participants where seq=?
    Hibernate: delete from ft_participants where seq=?
    Hibernate: delete from ft_participants where seq=?
    Hibernate: delete from ft_participants where seq=?
    Hibernate: delete from ft_participants where seq=?
    Hibernate: delete from ft_participants where seq=?
    Hibernate: delete from ft_participants where seq=?
    Hibernate: delete from ft_participants where seq=?
    Hibernate: delete from ft_participants where seq=?
    Hibernate: delete from ft_participants where seq=?
    Hibernate: delete from ft_participants where seq=?
    Hibernate: delete from ft_participants where seq=?
    Hibernate: delete from ft_participants where seq=?
    Hibernate: delete from ft_participants where seq=?
    Hibernate: delete from ft_participants where seq=?
    Hibernate: delete from ft_participants where seq=?
    Hibernate: delete from ft_participants where seq=?
    Hibernate: delete from ft_participants where seq=?
    Hibernate: delete from ft_participants where seq=?
    Hibernate: delete from ft_participants where seq=?
    Hibernate: delete from ft_participants where seq=?
    Hibernate: delete from ft_participants where seq=?
    Hibernate: delete from ft_participants where seq=?
    Hibernate: delete from ft_participants where seq=?
    Hibernate: delete from ft_participants where seq=?
    Hibernate: delete from ft_participants where seq=?
    Hibernate: delete from ft_participants where seq=?
    Hibernate: delete from ft_participants where seq=?
    Hibernate: delete from ft_participants where seq=?
    Hibernate: delete from ft_participants where seq=?
    Hibernate: delete from ft_participants where seq=?
    Hibernate: delete from ft_participants where seq=?
    Hibernate: delete from ft_participants where seq=?
    Hibernate: delete from ft_participants where seq=?
    Hibernate: delete from ft_participants where seq=?
    Hibernate: delete from ft_participants where seq=?
    Hibernate: delete from ft_participants where seq=?
    Hibernate: delete from ft_participants where seq=?
    Hibernate: delete from ft_participants where seq=?
    Hibernate: delete from ft_participants where seq=?
    Hibernate: delete from ft_participants where seq=?
    Hibernate: delete from ft_participants where seq=?
    Hibernate: delete from ft_participants where seq=?
    Hibernate: delete from ft_participants where seq=?
    Hibernate: delete from ft_participants where seq=?
    Hibernate: delete from ft_participants where seq=?
    Hibernate: delete from ft_participants where seq=?
    Hibernate: delete from ft_participants where seq=?
    Hibernate: delete from ft_participants where seq=?
    Hibernate: delete from ft_participants where seq=?
    Hibernate: delete from ft_participants where seq=?
    Hibernate: delete from ft_participants where seq=?
    Hibernate: delete from ft_participants where seq=?
    Hibernate: delete from ft_participants where seq=?
    Hibernate: delete from ft_participants where seq=?
    Hibernate: delete from ft_participants where seq=?
    Hibernate: delete from ft_participants where seq=?
    Hibernate: delete from ft_participants where seq=?
    Hibernate: delete from ft_participants where seq=?
    Hibernate: delete from ft_participants where seq=?
    Hibernate: delete from ft_participants where seq=?
    Hibernate: delete from ft_participants where seq=?
    Hibernate: delete from ft_participants where seq=?
    Hibernate: delete from ft_participants where seq=?
    Hibernate: delete from ft_participants where seq=?
    Hibernate: delete from ft_participants where seq=?
    Hibernate: delete from ft_participants where seq=?
    Hibernate: delete from ft_participants where seq=?
    Hibernate: delete from ft_participants where seq=?
    Hibernate: delete from ft_participants where seq=?
    Hibernate: delete from ft_participants where seq=?
    Hibernate: delete from ft_participants where seq=?
    Hibernate: delete from ft_participants where seq=?
    Hibernate: delete from ft_participants where seq=?
    Hibernate: delete from ft_participants where seq=?
    Hibernate: delete from ft_participants where seq=?
    Hibernate: delete from ft_participants where seq=?
    Hibernate: delete from ft_participants where seq=?
    Hibernate: delete from ft_participants where seq=?
    Hibernate: delete from ft_participants where seq=?
    Hibernate: delete from ft_participants where seq=?
    Hibernate: delete from ft_participants where seq=?
    Hibernate: delete from ft_participants where seq=?
    Hibernate: delete from ft_participants where seq=?
    Hibernate: delete from ft_participants where seq=?
    Hibernate: delete from ft_participants where seq=?
    Hibernate: delete from ft_participants where seq=?
    Hibernate: delete from ft_participants where seq=?
    Hibernate: delete from ft_participants where seq=?
    Hibernate: delete from ft_participants where seq=?
    Hibernate: delete from ft_participants where seq=?
    Hibernate: delete from ft_participants where seq=?
    Hibernate: delete from ft_participants where seq=?
    Hibernate: delete from ft_participants where seq=?
    Hibernate: delete from ft_participants where seq=?
    Hibernate: delete from ft_participants where seq=?
    Hibernate: delete from ft_participants where seq=?
    Hibernate: delete from ft_participants where seq=?
    Hibernate: delete from ft_participants where seq=?
    Hibernate: delete from ft_participants where seq=?
    Hibernate: delete from ft_participants where seq=?
    Hibernate: delete from ft_participants where seq=?
    Hibernate: delete from ft_participants where seq=?
    Hibernate: delete from ft_participants where seq=?
    Hibernate: delete from ft_participants where seq=?
    Hibernate: delete from ft_participants where seq=?
    Hibernate: delete from ft_participants where seq=?
    Hibernate: delete from ft_participants where seq=?
    Hibernate: delete from ft_participants where seq=?
    Hibernate: delete from ft_participants where seq=?
    Hibernate: delete from ft_participants where seq=?
    Hibernate: delete from ft_participants where seq=?
    Hibernate: delete from ft_participants where seq=?
    Hibernate: delete from ft_participants where seq=?
    Hibernate: delete from ft_participants where seq=?
    Hibernate: delete from ft_participants where seq=?
    Hibernate: delete from ft_participants where seq=?
    Hibernate: delete from ft_participants where seq=?
    Hibernate: delete from ft_participants where seq=?
    Hibernate: delete from ft_participants where seq=?
    Hibernate: delete from ft_participants where seq=?
    Hibernate: delete from ft_participants where seq=?
    Hibernate: delete from ft_participants where seq=?
    Hibernate: delete from ft_participants where seq=?
    Hibernate: delete from ft_participants where seq=?
    Hibernate: delete from ft_participants where seq=?
    Hibernate: delete from ft_participants where seq=?
    Hibernate: delete from ft_participants where seq=?
    Hibernate: delete from ft_participants where seq=?
    Hibernate: delete from ft_participants where seq=?
    Hibernate: delete from ft_participants where seq=?
    Hibernate: delete from ft_participants where seq=?
    Hibernate: delete from ft_participants where seq=?
    Hibernate: delete from ft_participants where seq=?
    Hibernate: delete from ft_participants where seq=?
    Hibernate: delete from ft_participants where seq=?
    Hibernate: delete from ft_participants where seq=?
    Hibernate: delete from ft_participants where seq=?
    Hibernate: delete from ft_participants where seq=?
    Hibernate: delete from ft_participants where seq=?
    Hibernate: delete from ft_participants where seq=?
    Hibernate: delete from ft_participants where seq=?
    Hibernate: delete from ft_participants where seq=?
    Hibernate: delete from ft_participants where seq=?
    Hibernate: delete from ft_participants where seq=?
    Hibernate: delete from ft_participants where seq=?
    Hibernate: delete from ft_participants where seq=?
    Hibernate: delete from ft_participants where seq=?
    Hibernate: delete from ft_participants where seq=?
    Hibernate: delete from ft_participants where seq=?
    Hibernate: delete from ft_participants where seq=?
    Hibernate: delete from ft_participants where seq=?
    Hibernate: delete from ft_participants where seq=?
    Hibernate: delete from ft_participants where seq=?
    Hibernate: delete from ft_participants where seq=?
    Hibernate: delete from ft_participants where seq=?
    Hibernate: delete from ft_participants where seq=?
    Hibernate: delete from ft_participants where seq=?
    Hibernate: delete from ft_participants where seq=?
    Hibernate: delete from ft_participants where seq=?
    Hibernate: delete from ft_participants where seq=?
    Hibernate: delete from ft_participants where seq=?
    Hibernate: delete from ft_participants where seq=?
    Hibernate: delete from ft_participants where seq=?
    Hibernate: delete from ft_participants where seq=?
    Hibernate: delete from ft_participants where seq=?
    Hibernate: delete from ft_participants where seq=?
    Hibernate: delete from ft_participants where seq=?
    Hibernate: delete from ft_participants where seq=?
    Hibernate: delete from ft_participants where seq=?
    Hibernate: delete from ft_participants where seq=?
    Hibernate: delete from ft_participants where seq=?
    Hibernate: delete from ft_participants where seq=?
    Hibernate: delete from ft_participants where seq=?
    Hibernate: delete from ft_participants where seq=?
    Hibernate: delete from ft_participants where seq=?
    Hibernate: delete from ft_participants where seq=?
    Hibernate: delete from ft_participants where seq=?
    Hibernate: delete from ft_participants where seq=?
    Hibernate: delete from ft_participants where seq=?
    Hibernate: delete from ft_participants where seq=?
    Hibernate: delete from ft_participants where seq=?
    Hibernate: delete from ft_participants where seq=?
    Hibernate: delete from ft_participants where seq=?
    Hibernate: delete from ft_participants where seq=?
    Hibernate: delete from ft_participants where seq=?
    Hibernate: delete from ft_participants where seq=?
    Hibernate: delete from ft_participants where seq=?
    Hibernate: delete from ft_participants where seq=?
    Hibernate: delete from ft_participants where seq=?
    Hibernate: delete from ft_participants where seq=?
    Hibernate: delete from ft_participants where seq=?
    Hibernate: delete from ft_participants where seq=?
    Hibernate: delete from ft_participants where seq=?
    Hibernate: delete from ft_participants where seq=?
    Hibernate: delete from ft_participants where seq=?
    Hibernate: delete from ft_participants where seq=?
    Hibernate: delete from ft_participants where seq=?
    Hibernate: delete from ft_participants where seq=?
    Hibernate: delete from ft_participants where seq=?
    Hibernate: delete from ft_participants where seq=?
    Hibernate: delete from ft_participants where seq=?
    Hibernate: delete from ft_participants where seq=?
    Hibernate: delete from ft_participants where seq=?
    Hibernate: delete from ft_participants where seq=?
    Hibernate: delete from ft_participants where seq=?
    Hibernate: delete from ft_participants where seq=?
    Hibernate: delete from ft_participants where seq=?
    Hibernate: delete from ft_participants where seq=?
    Hibernate: delete from ft_participants where seq=?
    Hibernate: delete from ft_participants where seq=?
    Hibernate: delete from ft_participants where seq=?
    Hibernate: delete from ft_participants where seq=?
    Hibernate: delete from ft_participants where seq=?
    Hibernate: delete from ft_participants where seq=?
    Hibernate: delete from ft_participants where seq=?
    Hibernate: delete from ft_participants where seq=?
    Hibernate: delete from ft_participants where seq=?
    Hibernate: delete from ft_participants where seq=?
    Hibernate: delete from ft_participants where seq=?
    Hibernate: delete from ft_participants where seq=?
    Hibernate: delete from ft_participants where seq=?
    Hibernate: delete from ft_participants where seq=?
    Hibernate: delete from ft_participants where seq=?
    Hibernate: delete from ft_participants where seq=?
    Hibernate: delete from ft_participants where seq=?
    Hibernate: delete from ft_participants where seq=?
    Hibernate: delete from ft_participants where seq=?
    Hibernate: delete from ft_participants where seq=?
    Hibernate: delete from ft_participants where seq=?
    Hibernate: delete from ft_participants where seq=?
    Hibernate: delete from ft_participants where seq=?
    Hibernate: delete from ft_participants where seq=?
    Hibernate: delete from ft_participants where seq=?
    Hibernate: delete from ft_participants where seq=?
    Hibernate: delete from ft_participants where seq=?
    Hibernate: delete from ft_participants where seq=?
    Hibernate: delete from ft_participants where seq=?
    Hibernate: delete from ft_participants where seq=?
    Hibernate: delete from ft_participants where seq=?
    Hibernate: delete from ft_participants where seq=?
    Hibernate: delete from ft_participants where seq=?
    Hibernate: delete from ft_participants where seq=?
    Hibernate: delete from ft_participants where seq=?
    Hibernate: delete from ft_participants where seq=?
    Hibernate: delete from ft_participants where seq=?
    Hibernate: delete from ft_participants where seq=?
    Hibernate: delete from ft_participants where seq=?
    Hibernate: delete from ft_participants where seq=?
    Hibernate: delete from ft_participants where seq=?
    Hibernate: delete from ft_participants where seq=?
    Hibernate: delete from ft_participants where seq=?
    Hibernate: delete from ft_participants where seq=?
    Hibernate: delete from ft_participants where seq=?
    Hibernate: delete from ft_participants where seq=?
    Hibernate: delete from ft_participants where seq=?
    Hibernate: delete from ft_participants where seq=?
    Hibernate: delete from ft_participants where seq=?
    Hibernate: delete from ft_participants where seq=?
    Hibernate: delete from ft_participants where seq=?
    Hibernate: delete from ft_participants where seq=?
    Hibernate: delete from ft_participants where seq=?
    Hibernate: delete from ft_participants where seq=?
    Hibernate: delete from ft_participants where seq=?
    Hibernate: delete from ft_participants where seq=?
    Hibernate: delete from ft_participants where seq=?
    Hibernate: delete from ft_participants where seq=?
    Hibernate: delete from ft_participants where seq=?
    Hibernate: delete from ft_participants where seq=?
    Hibernate: delete from ft_participants where seq=?
    Hibernate: delete from ft_participants where seq=?
    Hibernate: delete from ft_participants where seq=?
    Hibernate: delete from ft_participants where seq=?
    Hibernate: delete from ft_participants where seq=?
    Hibernate: delete from ft_participants where seq=?
    Hibernate: delete from ft_participants where seq=?
    Hibernate: delete from ft_participants where seq=?
    Hibernate: delete from ft_participants where seq=?
    Hibernate: delete from ft_participants where seq=?
    Hibernate: delete from ft_participants where seq=?
    Hibernate: delete from ft_participants where seq=?
    Hibernate: delete from ft_participants where seq=?
    Hibernate: delete from ft_participants where seq=?
    Hibernate: delete from ft_participants where seq=?
    Hibernate: delete from ft_participants where seq=?
    Hibernate: delete from ft_participants where seq=?
    Hibernate: delete from ft_participants where seq=?
    Hibernate: delete from ft_participants where seq=?
    Hibernate: delete from ft_participants where seq=?
    Hibernate: delete from ft_participants where seq=?
    Hibernate: delete from ft_participants where seq=?
    Hibernate: delete from ft_participants where seq=?
    Hibernate: delete from ft_participants where seq=?
    Hibernate: delete from ft_participants where seq=?
    Hibernate: delete from ft_participants where seq=?
    Hibernate: delete from ft_participants where seq=?
    Hibernate: delete from ft_participants where seq=?
    Hibernate: delete from ft_participants where seq=?
    Hibernate: delete from ft_participants where seq=?
    Hibernate: delete from ft_participants where seq=?
    Hibernate: delete from ft_participants where seq=?
    Hibernate: delete from ft_participants where seq=?
    Hibernate: delete from ft_participants where seq=?
    Hibernate: delete from ft_participants where seq=?
    Hibernate: delete from ft_participants where seq=?
    Hibernate: delete from ft_participants where seq=?
    Hibernate: delete from ft_participants where seq=?
    Hibernate: delete from ft_participants where seq=?
    Hibernate: delete from ft_participants where seq=?
    Hibernate: delete from ft_participants where seq=?
    Hibernate: delete from ft_participants where seq=?
    Hibernate: delete from ft_participants where seq=?
    Hibernate: delete from ft_participants where seq=?
    Hibernate: delete from ft_participants where seq=?
    Hibernate: delete from ft_participants where seq=?
    Hibernate: delete from ft_participants where seq=?
    Hibernate: delete from ft_participants where seq=?
    Hibernate: delete from ft_participants where seq=?
    Hibernate: delete from ft_participants where seq=?
    Hibernate: delete from ft_participants where seq=?
    Hibernate: delete from ft_participants where seq=?
    Hibernate: delete from ft_participants where seq=?
    Hibernate: delete from ft_participants where seq=?
    Hibernate: delete from ft_participants where seq=?
    Hibernate: delete from ft_participants where seq=?
    Hibernate: delete from ft_participants where seq=?
    Hibernate: delete from ft_participants where seq=?
    Hibernate: delete from ft_participants where seq=?
    Hibernate: delete from ft_participants where seq=?
    Hibernate: delete from ft_participants where seq=?
    Hibernate: delete from ft_participants where seq=?
    Hibernate: delete from ft_participants where seq=?
    Hibernate: delete from ft_participants where seq=?
    Hibernate: delete from ft_participants where seq=?
    Hibernate: delete from ft_participants where seq=?
    Hibernate: delete from ft_participants where seq=?
    Hibernate: delete from ft_participants where seq=?
    Hibernate: delete from ft_participants where seq=?
    Hibernate: delete from ft_participants where seq=?
    Hibernate: delete from ft_participants where seq=?
    Hibernate: delete from ft_participants where seq=?
    Hibernate: delete from ft_participants where seq=?
    Hibernate: delete from ft_participants where seq=?
    Hibernate: delete from ft_participants where seq=?
    Hibernate: delete from ft_participants where seq=?
    Hibernate: delete from ft_participants where seq=?
    Hibernate: delete from ft_participants where seq=?
    Hibernate: delete from ft_participants where seq=?
    Hibernate: delete from ft_participants where seq=?
    Hibernate: delete from ft_participants where seq=?
    Hibernate: delete from ft_participants where seq=?
    Hibernate: delete from ft_participants where seq=?
    Hibernate: delete from ft_participants where seq=?
    Hibernate: delete from ft_participants where seq=?
    Hibernate: delete from ft_participants where seq=?
    Hibernate: delete from ft_participants where seq=?
    Hibernate: delete from ft_participants where seq=?
    Hibernate: delete from ft_participants where seq=?
    Hibernate: delete from ft_participants where seq=?
    Hibernate: delete from ft_participants where seq=?
    Hibernate: delete from ft_participants where seq=?
    Hibernate: delete from ft_participants where seq=?
    Hibernate: delete from ft_participants where seq=?
    Hibernate: delete from ft_participants where seq=?
    Hibernate: delete from ft_participants where seq=?
    Hibernate: delete from ft_participants where seq=?
    Hibernate: delete from ft_participants where seq=?
    Hibernate: delete from ft_participants where seq=?
    Hibernate: delete from ft_participants where seq=?
    Hibernate: delete from ft_participants where seq=?
    Hibernate: delete from ft_participants where seq=?
    Hibernate: delete from ft_participants where seq=?
    Hibernate: delete from ft_participants where seq=?
    Hibernate: delete from ft_participants where seq=?
    Hibernate: delete from ft_participants where seq=?
    Hibernate: delete from ft_participants where seq=?
    Hibernate: delete from ft_participants where seq=?
    Hibernate: delete from ft_participants where seq=?
    Hibernate: delete from ft_participants where seq=?
    Hibernate: delete from ft_participants where seq=?
    Hibernate: delete from ft_participants where seq=?
    Hibernate: delete from ft_participants where seq=?
    Hibernate: delete from ft_participants where seq=?
    Hibernate: delete from ft_participants where seq=?
    Hibernate: delete from ft_participants where seq=?
    Hibernate: delete from ft_participants where seq=?
    Hibernate: delete from ft_participants where seq=?
    Hibernate: delete from ft_participants where seq=?
    Hibernate: delete from ft_participants where seq=?
    Hibernate: delete from ft_participants where seq=?
    Hibernate: delete from ft_participants where seq=?
    Hibernate: delete from ft_participants where seq=?
    Hibernate: delete from ft_participants where seq=?
    Hibernate: delete from ft_participants where seq=?
    Hibernate: delete from ft_participants where seq=?
    Hibernate: delete from ft_participants where seq=?
    Hibernate: delete from ft_participants where seq=?
    Hibernate: delete from ft_participants where seq=?
    Hibernate: delete from ft_participants where seq=?
    Hibernate: delete from ft_participants where seq=?
    Hibernate: delete from ft_participants where seq=?
    Hibernate: delete from ft_participants where seq=?
    Hibernate: delete from ft_participants where seq=?
    Hibernate: delete from ft_participants where seq=?
    Hibernate: delete from ft_participants where seq=?
    Hibernate: delete from ft_participants where seq=?
    Hibernate: delete from ft_participants where seq=?
    Hibernate: delete from ft_participants where seq=?
    Hibernate: delete from ft_participants where seq=?
    Hibernate: delete from ft_participants where seq=?
    Hibernate: delete from ft_participants where seq=?
    Hibernate: delete from ft_participants where seq=?
    Hibernate: delete from ft_participants where seq=?
    Hibernate: delete from ft_participants where seq=?
    Hibernate: delete from ft_participants where seq=?
    Hibernate: delete from ft_participants where seq=?
    Hibernate: delete from ft_participants where seq=?
    Hibernate: delete from ft_participants where seq=?
    Hibernate: delete from ft_participants where seq=?
    Hibernate: delete from ft_participants where seq=?
    Hibernate: delete from ft_participants where seq=?
    Hibernate: delete from ft_participants where seq=?
    Hibernate: delete from ft_participants where seq=?
    Hibernate: delete from ft_participants where seq=?
    Hibernate: delete from ft_participants where seq=?
    Hibernate: delete from ft_participants where seq=?
    Hibernate: delete from ft_participants where seq=?
    Hibernate: delete from ft_participants where seq=?
    Hibernate: delete from ft_participants where seq=?
    Hibernate: delete from ft_participants where seq=?
    Hibernate: delete from ft_participants where seq=?
    Hibernate: delete from ft_participants where seq=?
    Hibernate: delete from ft_participants where seq=?
    Hibernate: delete from ft_participants where seq=?
    Hibernate: delete from ft_participants where seq=?
    Hibernate: delete from ft_participants where seq=?
    Hibernate: delete from ft_participants where seq=?
    Hibernate: delete from ft_participants where seq=?
    Hibernate: delete from ft_participants where seq=?
    Hibernate: delete from ft_participants where seq=?
    Hibernate: delete from ft_participants where seq=?
    Hibernate: delete from ft_participants where seq=?
    Hibernate: delete from ft_participants where seq=?
    Hibernate: delete from ft_participants where seq=?
    Hibernate: delete from ft_participants where seq=?
    Hibernate: delete from ft_participants where seq=?
    Hibernate: delete from ft_participants where seq=?
    Hibernate: delete from ft_participants where seq=?
    Hibernate: delete from ft_participants where seq=?
    Hibernate: delete from ft_participants where seq=?
    Hibernate: delete from ft_participants where seq=?
    Hibernate: delete from ft_participants where seq=?
    Hibernate: delete from ft_participants where seq=?
    Hibernate: delete from ft_participants where seq=?
    Hibernate: delete from ft_participants where seq=?
    Hibernate: delete from ft_participants where seq=?
    Hibernate: delete from ft_participants where seq=?
    Hibernate: delete from ft_participants where seq=?
    Hibernate: delete from ft_participants where seq=?
    Hibernate: delete from ft_participants where seq=?
    Hibernate: delete from ft_participants where seq=?
    Hibernate: delete from ft_participants where seq=?
    Hibernate: delete from ft_participants where seq=?
    Hibernate: delete from ft_participants where seq=?
    Hibernate: delete from ft_participants where seq=?
    Hibernate: delete from ft_participants where seq=?
    Hibernate: delete from ft_participants where seq=?
    Hibernate: delete from ft_participants where seq=?
    Hibernate: delete from ft_participants where seq=?
    Hibernate: delete from ft_participants where seq=?
    Hibernate: delete from ft_participants where seq=?
    Hibernate: delete from ft_participants where seq=?
    Hibernate: delete from ft_participants where seq=?
    Hibernate: delete from ft_participants where seq=?
    Hibernate: delete from ft_participants where seq=?
    Hibernate: delete from ft_participants where seq=?
    Hibernate: delete from ft_participants where seq=?
    Hibernate: delete from ft_participants where seq=?
    Hibernate: delete from ft_participants where seq=?
    Hibernate: delete from ft_participants where seq=?
    Hibernate: delete from ft_participants where seq=?
    Hibernate: delete from ft_participants where seq=?
    Hibernate: delete from ft_participants where seq=?
    Hibernate: delete from ft_participants where seq=?
    Hibernate: delete from ft_participants where seq=?
    Hibernate: delete from ft_participants where seq=?
    Hibernate: delete from ft_participants where seq=?
    Hibernate: delete from ft_participants where seq=?
    Hibernate: delete from ft_participants where seq=?
    Hibernate: delete from ft_participants where seq=?
    Hibernate: delete from ft_participants where seq=?
    Hibernate: delete from ft_participants where seq=?
    Hibernate: delete from ft_participants where seq=?
    Hibernate: delete from ft_participants where seq=?
    Hibernate: delete from ft_participants where seq=?
    Hibernate: delete from ft_participants where seq=?
    Hibernate: delete from ft_participants where seq=?
    Hibernate: delete from ft_participants where seq=?
    Hibernate: delete from ft_participants where seq=?
    Hibernate: delete from ft_participants where seq=?
    Hibernate: delete from ft_participants where seq=?
    Hibernate: delete from ft_participants where seq=?
    Hibernate: delete from ft_participants where seq=?
    Hibernate: delete from ft_participants where seq=?
    Hibernate: delete from ft_participants where seq=?
    Hibernate: delete from ft_participants where seq=?
    Hibernate: delete from ft_participants where seq=?
    Hibernate: delete from ft_participants where seq=?
    Hibernate: delete from ft_participants where seq=?
    Hibernate: delete from ft_participants where seq=?
    Hibernate: delete from ft_participants where seq=?
    Hibernate: delete from ft_participants where seq=?
    Hibernate: delete from ft_participants where seq=?
    Hibernate: delete from ft_participants where seq=?
    Hibernate: delete from ft_participants where seq=?
    Hibernate: delete from ft_participants where seq=?
    Hibernate: delete from ft_participants where seq=?
    Hibernate: delete from ft_participants where seq=?
    Hibernate: delete from ft_participants where seq=?
    Hibernate: delete from ft_participants where seq=?
    Hibernate: delete from ft_participants where seq=?
    Hibernate: delete from ft_participants where seq=?
    Hibernate: delete from ft_participants where seq=?
    Hibernate: delete from ft_participants where seq=?
    Hibernate: delete from ft_participants where seq=?
    Hibernate: delete from ft_participants where seq=?
    Hibernate: delete from ft_participants where seq=?
    Hibernate: delete from ft_participants where seq=?
    Hibernate: delete from ft_participants where seq=?
    Hibernate: delete from ft_participants where seq=?
    Hibernate: delete from ft_participants where seq=?
    Hibernate: delete from ft_participants where seq=?
    Hibernate: delete from ft_participants where seq=?
    Hibernate: delete from ft_participants where seq=?
    Hibernate: delete from ft_participants where seq=?
    Hibernate: delete from ft_participants where seq=?
    Hibernate: delete from ft_participants where seq=?
    Hibernate: delete from ft_participants where seq=?
    Hibernate: delete from ft_participants where seq=?
    Hibernate: delete from ft_participants where seq=?
    Hibernate: delete from ft_participants where seq=?
    Hibernate: delete from ft_participants where seq=?
    Hibernate: delete from ft_participants where seq=?
    Hibernate: delete from ft_participants where seq=?
    Hibernate: delete from ft_participants where seq=?
    Hibernate: delete from ft_participants where seq=?
    Hibernate: delete from ft_participants where seq=?
    Hibernate: delete from ft_participants where seq=?
    Hibernate: delete from ft_participants where seq=?
    Hibernate: delete from ft_participants where seq=?
    Hibernate: delete from ft_participants where seq=?
    Hibernate: delete from ft_participants where seq=?
    Hibernate: delete from ft_participants where seq=?
    Hibernate: delete from ft_participants where seq=?
    Hibernate: delete from ft_participants where seq=?
    Hibernate: delete from ft_participants where seq=?
    Hibernate: delete from ft_participants where seq=?
    Hibernate: delete from ft_participants where seq=?
    Hibernate: delete from ft_participants where seq=?
    Hibernate: delete from ft_participants where seq=?
    Hibernate: delete from ft_participants where seq=?
    Hibernate: delete from ft_participants where seq=?
    Hibernate: delete from ft_participants where seq=?
    Hibernate: delete from ft_participants where seq=?
    Hibernate: delete from ft_participants where seq=?
    Hibernate: delete from ft_participants where seq=?
    Hibernate: delete from ft_participants where seq=?
    Hibernate: delete from ft_participants where seq=?
    Hibernate: delete from ft_participants where seq=?
    Hibernate: delete from ft_participants where seq=?
    Hibernate: delete from ft_participants where seq=?
    Hibernate: delete from ft_participants where seq=?
    Hibernate: delete from ft_participants where seq=?
    Hibernate: delete from ft_participants where seq=?
    Hibernate: delete from ft_participants where seq=?
    Hibernate: delete from ft_participants where seq=?
    Hibernate: delete from ft_participants where seq=?
    Hibernate: delete from ft_participants where seq=?
    Hibernate: delete from ft_participants where seq=?
    Hibernate: delete from ft_participants where seq=?
    Hibernate: delete from ft_participants where seq=?
    Hibernate: delete from ft_participants where seq=?
    Hibernate: delete from ft_participants where seq=?
    Hibernate: delete from ft_participants where seq=?
    Hibernate: delete from ft_participants where seq=?
    Hibernate: delete from ft_participants where seq=?
    Hibernate: delete from ft_participants where seq=?
    Hibernate: delete from ft_participants where seq=?
    Hibernate: delete from ft_participants where seq=?
    Hibernate: delete from ft_participants where seq=?
    Hibernate: delete from ft_participants where seq=?
    Hibernate: delete from ft_participants where seq=?
    Hibernate: delete from ft_participants where seq=?
    Hibernate: delete from ft_participants where seq=?
    Hibernate: delete from ft_participants where seq=?
    Hibernate: delete from ft_participants where seq=?
    Hibernate: delete from ft_participants where seq=?
    Hibernate: delete from ft_participants where seq=?
    Hibernate: delete from ft_participants where seq=?
    Hibernate: delete from ft_participants where seq=?
    Hibernate: delete from ft_participants where seq=?
    Hibernate: delete from ft_participants where seq=?
    Hibernate: delete from ft_participants where seq=?
    Hibernate: delete from ft_participants where seq=?
    Hibernate: delete from ft_participants where seq=?
    Hibernate: delete from ft_participants where seq=?
    Hibernate: delete from ft_participants where seq=?
    Hibernate: delete from ft_participants where seq=?
    Hibernate: delete from ft_participants where seq=?
    Hibernate: delete from ft_participants where seq=?
    Hibernate: delete from ft_participants where seq=?
    Hibernate: delete from ft_participants where seq=?
    Hibernate: delete from ft_participants where seq=?
    Hibernate: delete from ft_participants where seq=?
    Hibernate: delete from ft_participants where seq=?
    Hibernate: delete from ft_participants where seq=?
    Hibernate: delete from ft_participants where seq=?
    Hibernate: delete from ft_participants where seq=?
    Hibernate: delete from ft_participants where seq=?
    Hibernate: delete from ft_participants where seq=?
    Hibernate: delete from ft_participants where seq=?
    Hibernate: delete from ft_participants where seq=?
    Hibernate: delete from ft_participants where seq=?
    Hibernate: delete from ft_participants where seq=?
    Hibernate: delete from ft_participants where seq=?
    Hibernate: delete from ft_participants where seq=?
    Hibernate: delete from ft_participants where seq=?
    Hibernate: delete from ft_participants where seq=?
    Hibernate: delete from ft_participants where seq=?
    Hibernate: delete from ft_participants where seq=?
    Hibernate: delete from ft_participants where seq=?
    Hibernate: delete from ft_participants where seq=?
    Hibernate: delete from ft_participants where seq=?
    Hibernate: delete from ft_participants where seq=?
    Hibernate: delete from ft_participants where seq=?
    Hibernate: delete from ft_participants where seq=?
    Hibernate: delete from ft_participants where seq=?
    Hibernate: delete from ft_participants where seq=?
    Hibernate: delete from ft_participants where seq=?
    Hibernate: delete from ft_participants where seq=?
    Hibernate: delete from ft_participants where seq=?
    Hibernate: delete from ft_participants where seq=?
    Hibernate: delete from ft_participants where seq=?
    Hibernate: delete from ft_participants where seq=?
    Hibernate: delete from ft_participants where seq=?
    Hibernate: delete from ft_participants where seq=?
    Hibernate: delete from ft_participants where seq=?
    Hibernate: delete from ft_participants where seq=?
    Hibernate: delete from ft_participants where seq=?
    Hibernate: delete from ft_participants where seq=?
    Hibernate: delete from ft_participants where seq=?
    Hibernate: delete from ft_participants where seq=?
    Hibernate: delete from ft_participants where seq=?
    Hibernate: delete from ft_participants where seq=?
    Hibernate: delete from ft_participants where seq=?
    Hibernate: delete from ft_participants where seq=?
    Hibernate: delete from ft_participants where seq=?
    Hibernate: delete from ft_participants where seq=?
    Hibernate: delete from ft_participants where seq=?
    Hibernate: delete from ft_participants where seq=?
    Hibernate: delete from ft_participants where seq=?
    Hibernate: delete from ft_participants where seq=?
    Hibernate: delete from ft_participants where seq=?
    Hibernate: delete from ft_participants where seq=?
    Hibernate: delete from ft_participants where seq=?
    Hibernate: delete from ft_participants where seq=?
    Hibernate: delete from ft_participants where seq=?
    Hibernate: delete from ft_participants where seq=?
    Hibernate: delete from ft_participants where seq=?
    Hibernate: delete from ft_participants where seq=?
    Hibernate: delete from ft_participants where seq=?
    Hibernate: delete from ft_participants where seq=?
    Hibernate: delete from ft_participants where seq=?
    Hibernate: delete from ft_participants where seq=?
    Hibernate: delete from ft_participants where seq=?
    Hibernate: delete from ft_participants where seq=?
    Hibernate: delete from ft_participants where seq=?
    Hibernate: delete from ft_participants where seq=?
    Hibernate: delete from ft_participants where seq=?
    Hibernate: delete from ft_participants where seq=?
    Hibernate: delete from ft_participants where seq=?
    Hibernate: delete from ft_participants where seq=?
    Hibernate: delete from ft_participants where seq=?
    Hibernate: delete from ft_participants where seq=?
    Hibernate: delete from ft_participants where seq=?
    Hibernate: delete from ft_participants where seq=?
    Hibernate: delete from ft_participants where seq=?
    Hibernate: delete from ft_participants where seq=?
    Hibernate: delete from ft_participants where seq=?
    Hibernate: delete from ft_participants where seq=?
    Hibernate: delete from ft_participants where seq=?
    Hibernate: delete from ft_participants where seq=?
    Hibernate: delete from ft_participants where seq=?
    Hibernate: delete from ft_participants where seq=?
    Hibernate: delete from ft_participants where seq=?
    Hibernate: delete from ft_participants where seq=?
    Hibernate: delete from ft_participants where seq=?
    Hibernate: delete from ft_participants where seq=?
    Hibernate: delete from ft_participants where seq=?
    Hibernate: delete from ft_participants where seq=?
    Hibernate: delete from ft_participants where seq=?
    Hibernate: delete from ft_participants where seq=?
    Hibernate: delete from ft_participants where seq=?
    Hibernate: delete from ft_participants where seq=?
    Hibernate: delete from ft_participants where seq=?
    Hibernate: delete from ft_participants where seq=?
    Hibernate: delete from ft_participants where seq=?
    Hibernate: delete from ft_participants where seq=?
    Hibernate: delete from ft_participants where seq=?
    Hibernate: delete from ft_participants where seq=?
    Hibernate: delete from ft_participants where seq=?
    Hibernate: delete from ft_participants where seq=?
    Hibernate: delete from ft_participants where seq=?
    Hibernate: delete from ft_participants where seq=?
    Hibernate: delete from ft_participants where seq=?
    Hibernate: delete from ft_participants where seq=?
    Hibernate: delete from ft_participants where seq=?
    Hibernate: delete from ft_participants where seq=?
    Hibernate: delete from ft_participants where seq=?
    Hibernate: delete from ft_participants where seq=?
    Hibernate: delete from ft_participants where seq=?
    Hibernate: delete from ft_participants where seq=?
    Hibernate: delete from ft_participants where seq=?
    Hibernate: delete from ft_participants where seq=?
    Hibernate: delete from ft_participants where seq=?
    Hibernate: delete from ft_participants where seq=?
    Hibernate: delete from ft_participants where seq=?
    Hibernate: delete from ft_participants where seq=?
    Hibernate: delete from ft_participants where seq=?
    Hibernate: delete from ft_participants where seq=?
    Hibernate: delete from ft_participants where seq=?
    Hibernate: delete from ft_participants where seq=?
    Hibernate: delete from ft_participants where seq=?
    Hibernate: delete from ft_participants where seq=?
    Hibernate: delete from ft_participants where seq=?
    Hibernate: delete from ft_participants where seq=?
    Hibernate: delete from ft_participants where seq=?
    Hibernate: delete from ft_participants where seq=?
    Hibernate: delete from ft_participants where seq=?
    Hibernate: delete from ft_participants where seq=?
    Hibernate: delete from ft_participants where seq=?
    Hibernate: delete from ft_participants where seq=?
    Hibernate: delete from ft_participants where seq=?
    Hibernate: delete from ft_participants where seq=?
    Hibernate: delete from ft_participants where seq=?
    Hibernate: delete from ft_participants where seq=?
    Hibernate: delete from ft_participants where seq=?
    Hibernate: delete from ft_participants where seq=?
    Hibernate: delete from ft_participants where seq=?
    Hibernate: delete from ft_participants where seq=?
    Hibernate: delete from ft_participants where seq=?
    Hibernate: delete from ft_participants where seq=?
    Hibernate: delete from ft_participants where seq=?
    Hibernate: delete from ft_participants where seq=?
    Hibernate: delete from ft_participants where seq=?
    Hibernate: delete from ft_participants where seq=?
    Hibernate: delete from ft_participants where seq=?
    Hibernate: delete from ft_participants where seq=?
    Hibernate: delete from ft_participants where seq=?
    Hibernate: delete from ft_participants where seq=?
    Hibernate: delete from ft_participants where seq=?
    Hibernate: delete from ft_participants where seq=?
    Hibernate: delete from ft_participants where seq=?
    Hibernate: delete from ft_participants where seq=?
    Hibernate: delete from ft_participants where seq=?
    Hibernate: delete from ft_participants where seq=?
    Hibernate: delete from ft_participants where seq=?
    Hibernate: delete from ft_participants where seq=?
    Hibernate: delete from ft_participants where seq=?
    Hibernate: delete from ft_participants where seq=?
    Hibernate: delete from ft_participants where seq=?
    Hibernate: delete from ft_participants where seq=?
    Hibernate: delete from ft_participants where seq=?
    Hibernate: delete from ft_participants where seq=?
    Hibernate: delete from ft_participants where seq=?
    Hibernate: delete from ft_participants where seq=?
    Hibernate: delete from ft_participants where seq=?
    Hibernate: delete from ft_participants where seq=?
    Hibernate: delete from ft_participants where seq=?
    Hibernate: delete from ft_participants where seq=?
    Hibernate: delete from ft_participants where seq=?
    Hibernate: delete from ft_participants where seq=?
    Hibernate: delete from ft_participants where seq=?
    Hibernate: delete from ft_participants where seq=?
    Hibernate: delete from ft_participants where seq=?
    Hibernate: delete from ft_participants where seq=?
    Hibernate: delete from ft_participants where seq=?
    Hibernate: delete from ft_participants where seq=?
    Hibernate: delete from ft_participants where seq=?
    Hibernate: delete from ft_participants where seq=?
    Hibernate: delete from ft_participants where seq=?
    Hibernate: delete from ft_participants where seq=?
    Hibernate: delete from ft_participants where seq=?
    Hibernate: delete from ft_participants where seq=?
    Hibernate: delete from ft_participants where seq=?
    Hibernate: delete from ft_participants where seq=?
    Hibernate: delete from ft_participants where seq=?
    Hibernate: delete from ft_participants where seq=?
    Hibernate: delete from ft_participants where seq=?
    Hibernate: delete from ft_participants where seq=?
    Hibernate: delete from ft_participants where seq=?
    Hibernate: delete from ft_participants where seq=?
    Hibernate: delete from ft_participants where seq=?
    Hibernate: delete from ft_participants where seq=?
    Hibernate: delete from ft_participants where seq=?
    Hibernate: delete from ft_participants where seq=?
    Hibernate: delete from ft_participants where seq=?
    Hibernate: delete from ft_participants where seq=?
    Hibernate: delete from ft_participants where seq=?
    Hibernate: delete from ft_participants where seq=?
    Hibernate: delete from ft_participants where seq=?
    Hibernate: delete from ft_participants where seq=?
    Hibernate: delete from ft_participants where seq=?
    Hibernate: delete from ft_participants where seq=?
    Hibernate: delete from ft_participants where seq=?
    Hibernate: delete from ft_participants where seq=?
    Hibernate: delete from ft_participants where seq=?
    Hibernate: delete from ft_participants where seq=?
    Hibernate: delete from ft_participants where seq=?
    Hibernate: delete from ft_participants where seq=?
    Hibernate: delete from ft_participants where seq=?
    Hibernate: delete from ft_participants where seq=?
    Hibernate: delete from ft_participants where seq=?
    Hibernate: delete from ft_participants where seq=?
    Hibernate: delete from ft_participants where seq=?
    Hibernate: delete from ft_participants where seq=?
    Hibernate: delete from ft_participants where seq=?
    Hibernate: delete from ft_participants where seq=?
    Hibernate: delete from ft_participants where seq=?
    Hibernate: delete from ft_participants where seq=?
    Hibernate: delete from ft_participants where seq=?
    Hibernate: delete from ft_participants where seq=?
    Hibernate: delete from ft_participants where seq=?
    Hibernate: delete from ft_participants where seq=?
    Hibernate: delete from ft_participants where seq=?
    Hibernate: delete from ft_participants where seq=?
    Hibernate: delete from ft_participants where seq=?
    Hibernate: delete from ft_participants where seq=?
    Hibernate: delete from ft_participants where seq=?
    Hibernate: delete from ft_participants where seq=?
    Hibernate: delete from ft_participants where seq=?
    Hibernate: delete from ft_participants where seq=?
    Hibernate: delete from ft_participants where seq=?
    Hibernate: delete from ft_participants where seq=?
    Hibernate: delete from ft_participants where seq=?
    Hibernate: delete from ft_participants where seq=?
    Hibernate: delete from ft_participants where seq=?
    Hibernate: delete from ft_participants where seq=?
    Hibernate: delete from ft_participants where seq=?
    Hibernate: delete from ft_participants where seq=?
    Hibernate: delete from ft_participants where seq=?
    Hibernate: delete from ft_participants where seq=?
    Hibernate: delete from ft_participants where seq=?
    Hibernate: delete from ft_participants where seq=?
    Hibernate: delete from ft_participants where seq=?
    Hibernate: delete from ft_participants where seq=?
    Hibernate: delete from ft_participants where seq=?
    Hibernate: delete from ft_participants where seq=?
    Hibernate: delete from ft_participants where seq=?
    Hibernate: delete from ft_participants where seq=?
    Hibernate: delete from ft_participants where seq=?
    Hibernate: delete from ft_participants where seq=?
    Hibernate: delete from ft_participants where seq=?
    Hibernate: delete from ft_participants where seq=?
    Hibernate: delete from ft_participants where seq=?
    Hibernate: delete from ft_participants where seq=?
    Hibernate: delete from ft_participants where seq=?
    Hibernate: delete from ft_participants where seq=?
    Hibernate: delete from ft_participants where seq=?
    Hibernate: delete from ft_participants where seq=?
    Hibernate: delete from ft_participants where seq=?
    Hibernate: delete from ft_participants where seq=?
    Hibernate: delete from ft_participants where seq=?
    Hibernate: delete from ft_participants where seq=?
    Hibernate: delete from ft_participants where seq=?
    Hibernate: delete from ft_participants where seq=?
    Hibernate: delete from ft_participants where seq=?
    Hibernate: delete from ft_participants where seq=?
    Hibernate: delete from ft_participants where seq=?
    Hibernate: delete from ft_participants where seq=?
    Hibernate: delete from ft_participants where seq=?
    Hibernate: delete from ft_participants where seq=?
    Hibernate: delete from ft_participants where seq=?
    Hibernate: delete from ft_participants where seq=?
    Hibernate: delete from ft_participants where seq=?
    Hibernate: delete from ft_participants where seq=?
    Hibernate: delete from ft_participants where seq=?
    Hibernate: delete from ft_participants where seq=?
    Hibernate: delete from ft_participants where seq=?
    Hibernate: delete from ft_participants where seq=?
    Hibernate: delete from ft_participants where seq=?
    Hibernate: delete from ft_participants where seq=?
    Hibernate: delete from ft_participants where seq=?
    Hibernate: delete from ft_participants where seq=?
    Hibernate: delete from ft_participants where seq=?
    Hibernate: delete from ft_participants where seq=?
    Hibernate: delete from ft_participants where seq=?
    Hibernate: delete from ft_participants where seq=?
    Hibernate: delete from ft_participants where seq=?
    Hibernate: delete from ft_participants where seq=?
    Hibernate: delete from ft_participants where seq=?
    Hibernate: delete from ft_participants where seq=?
    Hibernate: delete from ft_participants where seq=?
    Hibernate: delete from ft_participants where seq=?
    Hibernate: delete from ft_participants where seq=?
    Hibernate: delete from ft_participants where seq=?
    Hibernate: delete from ft_participants where seq=?
    Hibernate: delete from ft_participants where seq=?
    Hibernate: delete from ft_participants where seq=?
    Hibernate: delete from ft_participants where seq=?
    Hibernate: delete from ft_participants where seq=?
    Hibernate: delete from ft_participants where seq=?
    Hibernate: delete from ft_participants where seq=?
    Hibernate: delete from ft_participants where seq=?
    Hibernate: delete from ft_participants where seq=?
    Hibernate: delete from ft_participants where seq=?
    Hibernate: delete from ft_participants where seq=?
    Hibernate: delete from ft_participants where seq=?
    Hibernate: delete from ft_participants where seq=?
    Hibernate: delete from ft_participants where seq=?
    Hibernate: delete from ft_participants where seq=?
    Hibernate: delete from ft_participants where seq=?
    Hibernate: delete from ft_participants where seq=?
    Hibernate: delete from ft_participants where seq=?
    Hibernate: delete from ft_participants where seq=?
    Hibernate: delete from ft_participants where seq=?
    Hibernate: delete from ft_participants where seq=?
    Hibernate: delete from ft_participants where seq=?
    Hibernate: delete from ft_participants where seq=?
    Hibernate: delete from ft_participants where seq=?
    Hibernate: delete from ft_participants where seq=?
    Hibernate: delete from ft_participants where seq=?
    Hibernate: delete from ft_participants where seq=?
    Hibernate: delete from ft_participants where seq=?
    Hibernate: delete from ft_participants where seq=?
    Hibernate: delete from ft_participants where seq=?
    Hibernate: delete from ft_participants where seq=?
    Hibernate: delete from ft_participants where seq=?
    Hibernate: delete from ft_participants where seq=?
    Hibernate: delete from ft_participants where seq=?
    Hibernate: delete from ft_participants where seq=?
    Hibernate: delete from ft_participants where seq=?
    Hibernate: delete from ft_participants where seq=?
    Hibernate: delete from ft_participants where seq=?
    Hibernate: delete from ft_participants where seq=?
    Hibernate: delete from ft_participants where seq=?
    Hibernate: delete from ft_participants where seq=?
    Hibernate: delete from ft_participants where seq=?
    Hibernate: delete from ft_participants where seq=?
    Hibernate: delete from ft_participants where seq=?
    Hibernate: delete from ft_participants where seq=?
    Hibernate: delete from ft_participants where seq=?
    Hibernate: delete from ft_participants where seq=?
    Hibernate: delete from ft_participants where seq=?
    Hibernate: delete from ft_participants where seq=?
    Hibernate: delete from ft_participants where seq=?
    Hibernate: delete from ft_participants where seq=?
    Hibernate: delete from ft_participants where seq=?
    Hibernate: delete from ft_participants where seq=?
    Hibernate: delete from ft_participants where seq=?
    Hibernate: delete from ft_participants where seq=?
    Hibernate: delete from ft_participants where seq=?
    Hibernate: delete from ft_participants where seq=?
    Hibernate: delete from ft_participants where seq=?
    Hibernate: delete from ft_participants where seq=?
    Hibernate: delete from ft_participants where seq=?
    Hibernate: delete from ft_participants where seq=?
    Hibernate: delete from ft_participants where seq=?
    Hibernate: delete from ft_participants where seq=?
    Hibernate: delete from ft_participants where seq=?
    Hibernate: delete from ft_participants where seq=?
    Hibernate: delete from ft_participants where seq=?
    Hibernate: delete from ft_participants where seq=?
    Hibernate: delete from ft_participants where seq=?
    Hibernate: delete from ft_participants where seq=?
    Hibernate: delete from ft_participants where seq=?
    Hibernate: delete from ft_participants where seq=?
    Hibernate: delete from ft_participants where seq=?
    Hibernate: delete from ft_participants where seq=?
    Hibernate: delete from ft_participants where seq=?
    Hibernate: delete from ft_participants where seq=?
    Hibernate: delete from ft_participants where seq=?
    Hibernate: delete from ft_participants where seq=?
    Hibernate: delete from ft_participants where seq=?
    Hibernate: delete from ft_participants where seq=?
    Hibernate: delete from ft_participants where seq=?
    Hibernate: delete from ft_participants where seq=?
    Hibernate: delete from ft_participants where seq=?
    Hibernate: delete from ft_participants where seq=?
    Hibernate: delete from ft_participants where seq=?
    Hibernate: delete from ft_participants where seq=?
    Hibernate: delete from ft_participants where seq=?
    Hibernate: delete from ft_participants where seq=?
    Hibernate: delete from ft_participants where seq=?
    Hibernate: delete from ft_participants where seq=?
    Hibernate: delete from ft_participants where seq=?
    Hibernate: delete from ft_participants where seq=?
    Hibernate: delete from ft_participants where seq=?
    Hibernate: delete from ft_participants where seq=?
    Hibernate: delete from ft_participants where seq=?
    Hibernate: delete from ft_participants where seq=?
    Hibernate: delete from ft_participants where seq=?
    Hibernate: delete from ft_participants where seq=?
    Hibernate: delete from ft_participants where seq=?
    Hibernate: delete from ft_participants where seq=?
    Hibernate: delete from ft_participants where seq=?
    Hibernate: delete from ft_participants where seq=?
    Hibernate: delete from ft_participants where seq=?
    Hibernate: delete from ft_participants where seq=?
    Hibernate: delete from ft_participants where seq=?
    Hibernate: delete from ft_participants where seq=?
    Hibernate: delete from ft_participants where seq=?
    Hibernate: delete from ft_participants where seq=?
    Hibernate: delete from ft_participants where seq=?
    Hibernate: delete from ft_participants where seq=?
    Hibernate: delete from ft_participants where seq=?
    Hibernate: delete from ft_participants where seq=?
    Hibernate: delete from ft_participants where seq=?
    Hibernate: delete from ft_participants where seq=?
    Hibernate: delete from ft_participants where seq=?
    Hibernate: delete from ft_participants where seq=?
    Hibernate: delete from ft_participants where seq=?
    Hibernate: delete from ft_participants where seq=?
    Hibernate: delete from ft_participants where seq=?
    Hibernate: delete from ft_participants where seq=?
    Hibernate: delete from ft_participants where seq=?
    Hibernate: delete from ft_participants where seq=?
    Hibernate: delete from ft_participants where seq=?
    Hibernate: delete from ft_participants where seq=?
    Hibernate: delete from ft_participants where seq=?
    Hibernate: delete from ft_participants where seq=?
    Hibernate: delete from ft_participants where seq=?
    Hibernate: delete from ft_participants where seq=?
    Hibernate: delete from ft_participants where seq=?
    Hibernate: delete from ft_participants where seq=?
    Hibernate: delete from ft_participants where seq=?
    Hibernate: delete from ft_participants where seq=?
    Hibernate: delete from ft_participants where seq=?
    Hibernate: delete from ft_participants where seq=?
    Hibernate: delete from ft_participants where seq=?
    Hibernate: delete from ft_participants where seq=?
    Hibernate: delete from ft_participants where seq=?
    Hibernate: delete from ft_participants where seq=?
    Hibernate: delete from ft_participants where seq=?
    Hibernate: delete from ft_participants where seq=?
    Hibernate: delete from ft_participants where seq=?
    Hibernate: delete from ft_participants where seq=?
    Hibernate: delete from ft_participants where seq=?
    Hibernate: delete from ft_participants where seq=?
    Hibernate: delete from ft_participants where seq=?
    Hibernate: delete from ft_participants where seq=?
    Hibernate: delete from ft_participants where seq=?
    Hibernate: delete from ft_participants where seq=?
    Hibernate: delete from ft_participants where seq=?
    Hibernate: delete from ft_participants where seq=?
    Hibernate: delete from ft_participants where seq=?
    Hibernate: delete from ft_participants where seq=?
    Hibernate: delete from ft_participants where seq=?
    Hibernate: delete from ft_participants where seq=?
    Hibernate: delete from ft_participants where seq=?
    Hibernate: delete from ft_participants where seq=?
    Hibernate: delete from ft_participants where seq=?
    Hibernate: delete from ft_participants where seq=?
    Hibernate: delete from ft_participants where seq=?
    Hibernate: delete from ft_participants where seq=?
    Hibernate: delete from ft_participants where seq=?
    Hibernate: delete from ft_participants where seq=?
    Hibernate: delete from ft_participants where seq=?
    Hibernate: delete from ft_participants where seq=?
    Hibernate: delete from ft_participants where seq=?
    Hibernate: delete from ft_participants where seq=?
    Hibernate: delete from ft_participants where seq=?
    Hibernate: delete from ft_participants where seq=?
    Hibernate: delete from ft_participants where seq=?
    Hibernate: delete from ft_participants where seq=?
    Hibernate: delete from ft_participants where seq=?
    Hibernate: delete from ft_participants where seq=?
    Hibernate: delete from ft_participants where seq=?
    Hibernate: delete from ft_participants where seq=?
    Hibernate: delete from ft_participants where seq=?
    Hibernate: delete from ft_participants where seq=?
    Hibernate: delete from ft_participants where seq=?
    Hibernate: delete from ft_participants where seq=?
    Hibernate: delete from ft_participants where seq=?
    Hibernate: delete from ft_participants where seq=?
    Hibernate: delete from ft_participants where seq=?
    Hibernate: delete from ft_participants where seq=?
    Hibernate: delete from ft_participants where seq=?
    Hibernate: delete from ft_participants where seq=?
    Hibernate: delete from ft_participants where seq=?
    Hibernate: delete from ft_participants where seq=?
    Hibernate: delete from ft_participants where seq=?
    Hibernate: delete from ft_participants where seq=?
    Hibernate: delete from ft_participants where seq=?
    Hibernate: delete from ft_participants where seq=?
    Hibernate: delete from ft_participants where seq=?
    Hibernate: delete from ft_participants where seq=?
    Hibernate: delete from ft_participants where seq=?
    Hibernate: delete from ft_participants where seq=?
    Hibernate: delete from ft_participants where seq=?
    Hibernate: delete from ft_participants where seq=?
    Hibernate: delete from ft_participants where seq=?
    Hibernate: delete from ft_participants where seq=?
    Hibernate: delete from ft_participants where seq=?
    Hibernate: delete from ft_participants where seq=?
    Hibernate: delete from ft_participants where seq=?
    Hibernate: delete from ft_participants where seq=?
    Hibernate: delete from ft_participants where seq=?
    Hibernate: delete from ft_participants where seq=?
    Hibernate: delete from ft_participants where seq=?
    Hibernate: delete from ft_participants where seq=?
    Hibernate: delete from ft_participants where seq=?
    Hibernate: delete from ft_participants where seq=?
    Hibernate: delete from ft_participants where seq=?
    Hibernate: delete from ft_participants where seq=?
    Hibernate: delete from ft_participants where seq=?
    Hibernate: delete from ft_participants where seq=?
    Hibernate: delete from ft_participants where seq=?
    Hibernate: delete from ft_participants where seq=?
    Hibernate: delete from ft_participants where seq=?
    Hibernate: delete from ft_participants where seq=?
    Hibernate: delete from ft_participants where seq=?
    Hibernate: delete from ft_participants where seq=?
    Hibernate: delete from ft_participants where seq=?
    Hibernate: delete from ft_participants where seq=?
    Hibernate: delete from ft_participants where seq=?
    Hibernate: delete from ft_participants where seq=?
    Hibernate: delete from ft_participants where seq=?
    Hibernate: delete from ft_participants where seq=?
    Hibernate: delete from ft_participants where seq=?
    Hibernate: delete from ft_participants where seq=?
    Hibernate: delete from ft_participants where seq=?
    Hibernate: delete from ft_participants where seq=?
    Hibernate: delete from ft_participants where seq=?
    Hibernate: delete from ft_participants where seq=?
    Hibernate: delete from ft_participants where seq=?
    Hibernate: delete from ft_participants where seq=?
    Hibernate: delete from ft_participants where seq=?
    Hibernate: delete from ft_participants where seq=?
    Hibernate: delete from ft_participants where seq=?
    Hibernate: delete from ft_participants where seq=?
    Hibernate: delete from ft_participants where seq=?
    Hibernate: delete from ft_participants where seq=?
    Hibernate: delete from ft_participants where seq=?
    Hibernate: delete from ft_participants where seq=?
    Hibernate: delete from ft_participants where seq=?
    Hibernate: delete from ft_participants where seq=?
    Hibernate: delete from ft_participants where seq=?
    Hibernate: delete from ft_participants where seq=?
    Hibernate: delete from ft_participants where seq=?
    Hibernate: delete from ft_participants where seq=?
    Hibernate: delete from ft_participants where seq=?
    Hibernate: delete from ft_participants where seq=?
    Hibernate: delete from ft_participants where seq=?
    Hibernate: delete from ft_participants where seq=?
    Hibernate: delete from ft_participants where seq=?
    Hibernate: delete from ft_participants where seq=?
    Hibernate: delete from ft_participants where seq=?
    Hibernate: delete from ft_participants where seq=?
    Hibernate: delete from ft_participants where seq=?
    Hibernate: delete from ft_participants where seq=?
    Hibernate: delete from ft_participants where seq=?
    Hibernate: delete from ft_participants where seq=?
    Hibernate: delete from ft_participants where seq=?
    Hibernate: delete from ft_participants where seq=?
    Hibernate: delete from ft_participants where seq=?
    Hibernate: delete from ft_participants where seq=?
    Hibernate: delete from ft_participants where seq=?
    Hibernate: delete from ft_participants where seq=?
    Hibernate: delete from ft_participants where seq=?
    Hibernate: delete from ft_participants where seq=?
    Hibernate: delete from ft_participants where seq=?
    Hibernate: delete from ft_participants where seq=?
    Hibernate: delete from ft_participants where seq=?
    Hibernate: delete from ft_participants where seq=?
    Hibernate: delete from ft_participants where seq=?
    Hibernate: delete from ft_participants where seq=?
    Hibernate: delete from ft_participants where seq=?
    Hibernate: delete from ft_participants where seq=?
    Hibernate: delete from ft_participants where seq=?
    Hibernate: delete from ft_participants where seq=?
    Hibernate: delete from ft_participants where seq=?
    Hibernate: delete from ft_participants where seq=?
    Hibernate: delete from ft_participants where seq=?
    Hibernate: delete from ft_participants where seq=?
    Hibernate: delete from ft_participants where seq=?
    Hibernate: delete from ft_participants where seq=?
    Hibernate: delete from ft_participants where seq=?
    Hibernate: delete from ft_participants where seq=?
    Hibernate: delete from ft_participants where seq=?
    Hibernate: delete from ft_participants where seq=?
    Hibernate: delete from ft_participants where seq=?
    Hibernate: delete from ft_participants where seq=?
    Hibernate: delete from ft_participants where seq=?
    Hibernate: delete from ft_participants where seq=?
    Hibernate: delete from ft_participants where seq=?
    Hibernate: delete from ft_participants where seq=?
    Hibernate: delete from ft_participants where seq=?
    Hibernate: delete from ft_participants where seq=?
    Hibernate: delete from ft_participants where seq=?
    Hibernate: delete from ft_participants where seq=?
    Hibernate: delete from ft_participants where seq=?
    Hibernate: delete from ft_participants where seq=?
    Hibernate: delete from ft_participants where seq=?
    Hibernate: delete from ft_participants where seq=?
    Hibernate: delete from ft_participants where seq=?
    Hibernate: delete from ft_participants where seq=?
    Hibernate: delete from ft_participants where seq=?
    Hibernate: delete from ft_participants where seq=?
    Hibernate: delete from ft_participants where seq=?
    Hibernate: delete from ft_participants where seq=?
    Hibernate: delete from ft_participants where seq=?
    Hibernate: delete from ft_participants where seq=?
    Hibernate: delete from ft_participants where seq=?
    Hibernate: delete from ft_participants where seq=?
    Hibernate: delete from ft_participants where seq=?
    Hibernate: delete from ft_participants where seq=?
    Hibernate: delete from ft_participants where seq=?
    Hibernate: delete from ft_participants where seq=?
    Hibernate: delete from ft_participants where seq=?
    Hibernate: delete from ft_participants where seq=?
    Hibernate: delete from ft_participants where seq=?
    Hibernate: delete from ft_participants where seq=?
    Hibernate: delete from ft_participants where seq=?
    Hibernate: delete from ft_participants where seq=?
    Hibernate: delete from ft_participants where seq=?
    Hibernate: delete from ft_participants where seq=?
    Hibernate: delete from ft_participants where seq=?
    Hibernate: delete from ft_participants where seq=?
    Hibernate: delete from ft_participants where seq=?
    Hibernate: delete from ft_participants where seq=?
    Hibernate: delete from ft_participants where seq=?
    Hibernate: delete from ft_participants where seq=?
    Hibernate: delete from ft_participants where seq=?
    Hibernate: delete from ft_participants where seq=?
    Hibernate: delete from ft_participants where seq=?
    Hibernate: delete from ft_participants where seq=?
    Hibernate: delete from ft_participants where seq=?
    Hibernate: delete from ft_participants where seq=?
    Hibernate: delete from ft_participants where seq=?
    Hibernate: delete from ft_participants where seq=?
    Hibernate: delete from ft_participants where seq=?
    Hibernate: delete from ft_participants where seq=?
    Hibernate: delete from ft_participants where seq=?
    Hibernate: delete from ft_participants where seq=?
    Hibernate: delete from ft_participants where seq=?
    Hibernate: delete from ft_participants where seq=?
    Hibernate: delete from ft_participants where seq=?
    Hibernate: delete from ft_participants where seq=?
    Hibernate: delete from ft_participants where seq=?
    Hibernate: delete from ft_participants where seq=?
    Hibernate: delete from ft_participants where seq=?
    Hibernate: delete from ft_participants where seq=?
    Hibernate: delete from ft_participants where seq=?
    Hibernate: delete from ft_participants where seq=?
    Hibernate: delete from ft_participants where seq=?
    Hibernate: delete from ft_participants where seq=?
    Hibernate: delete from ft_participants where seq=?
    Hibernate: delete from ft_participants where seq=?
    Hibernate: delete from ft_participants where seq=?
    Hibernate: delete from ft_participants where seq=?
    Hibernate: delete from ft_participants where seq=?
    Hibernate: delete from ft_participants where seq=?
    Hibernate: delete from ft_participants where seq=?
    Hibernate: delete from ft_participants where seq=?
    Hibernate: delete from ft_participants where seq=?
    Hibernate: delete from ft_participants where seq=?
    Hibernate: delete from ft_participants where seq=?
    Hibernate: delete from ft_participants where seq=?
    Hibernate: delete from ft_participants where seq=?
    Hibernate: delete from ft_participants where seq=?
    Hibernate: delete from ft_participants where seq=?
    Hibernate: delete from ft_participants where seq=?
    Hibernate: delete from ft_participants where seq=?
    Hibernate: delete from ft_participants where seq=?
    Hibernate: delete from ft_participants where seq=?
    Hibernate: delete from ft_participants where seq=?
    Hibernate: delete from ft_participants where seq=?
    Hibernate: delete from ft_participants where seq=?
    Hibernate: delete from ft_participants where seq=?
    Hibernate: delete from ft_participants where seq=?
    Hibernate: delete from ft_participants where seq=?
    Hibernate: delete from ft_participants where seq=?
    Hibernate: delete from ft_participants where seq=?
    Hibernate: delete from ft_participants where seq=?
    Hibernate: delete from ft_participants where seq=?
    Hibernate: delete from ft_participants where seq=?
    Hibernate: delete from ft_participants where seq=?
    Hibernate: delete from ft_participants where seq=?
    Hibernate: delete from ft_participants where seq=?
    Hibernate: delete from ft_participants where seq=?
    Hibernate: delete from ft_participants where seq=?
    Hibernate: delete from ft_participants where seq=?
    Hibernate: delete from ft_participants where seq=?
    Hibernate: delete from ft_participants where seq=?
    Hibernate: delete from ft_participants where seq=?
    Hibernate: delete from ft_participants where seq=?
    Hibernate: delete from ft_participants where seq=?
    Hibernate: delete from ft_participants where seq=?
    Hibernate: delete from ft_participants where seq=?
    Hibernate: delete from ft_participants where seq=?
    Hibernate: delete from ft_participants where seq=?
    Hibernate: delete from ft_participants where seq=?
    Hibernate: delete from ft_participants where seq=?
    Hibernate: delete from ft_participants where seq=?
    Hibernate: delete from ft_participants where seq=?
    Hibernate: delete from ft_participants where seq=?
    Hibernate: delete from ft_participants where seq=?
    Hibernate: delete from ft_participants where seq=?
    Hibernate: delete from ft_participants where seq=?
    Hibernate: delete from ft_participants where seq=?
    Hibernate: delete from ft_participants where seq=?
    Hibernate: delete from ft_participants where seq=?
    Hibernate: delete from ft_participants where seq=?
    Hibernate: delete from ft_participants where seq=?
    Hibernate: delete from ft_participants where seq=?
    Hibernate: delete from ft_participants where seq=?
    Hibernate: delete from ft_participants where seq=?
    Hibernate: delete from ft_participants where seq=?
    Hibernate: delete from ft_participants where seq=?
    Hibernate: delete from ft_participants where seq=?
    Hibernate: delete from ft_participants where seq=?
    Hibernate: delete from ft_participants where seq=?
    Hibernate: delete from ft_participants where seq=?
    Hibernate: delete from ft_participants where seq=?
    Hibernate: delete from ft_participants where seq=?
    Hibernate: delete from ft_participants where seq=?
    Hibernate: delete from ft_participants where seq=?
    Hibernate: delete from ft_participants where seq=?
    Hibernate: delete from ft_participants where seq=?
    Hibernate: delete from ft_participants where seq=?
    Hibernate: delete from ft_participants where seq=?
    Hibernate: delete from ft_participants where seq=?
    Hibernate: delete from ft_participants where seq=?
    Hibernate: delete from ft_participants where seq=?
    Hibernate: delete from ft_participants where seq=?
    Hibernate: delete from ft_participants where seq=?
    Hibernate: delete from ft_participants where seq=?
    Hibernate: delete from ft_participants where seq=?
    Hibernate: delete from ft_participants where seq=?
    Hibernate: delete from ft_participants where seq=?
    Hibernate: delete from ft_participants where seq=?
    Hibernate: delete from ft_participants where seq=?
    Hibernate: delete from ft_participants where seq=?
    Hibernate: delete from ft_participants where seq=?
    Hibernate: delete from ft_participants where seq=?
    Hibernate: delete from ft_participants where seq=?
    Hibernate: delete from ft_participants where seq=?
    Hibernate: delete from ft_participants where seq=?
    Hibernate: delete from ft_participants where seq=?
    Hibernate: delete from ft_participants where seq=?
    Hibernate: delete from ft_participants where seq=?
    Hibernate: delete from ft_participants where seq=?
    Hibernate: delete from ft_participants where seq=?
    Hibernate: delete from ft_participants where seq=?
    Hibernate: delete from ft_participants where seq=?
    Hibernate: delete from ft_participants where seq=?
    Hibernate: delete from ft_participants where seq=?
    Hibernate: delete from ft_participants where seq=?
    Hibernate: delete from ft_participants where seq=?
    Hibernate: delete from ft_participants where seq=?
    Hibernate: delete from ft_participants where seq=?
    Hibernate: delete from ft_participants where seq=?
    Hibernate: delete from ft_participants where seq=?
    Hibernate: delete from ft_participants where seq=?
    Hibernate: delete from ft_participants where seq=?
    Hibernate: delete from ft_participants where seq=?
    Hibernate: delete from ft_participants where seq=?
    Hibernate: delete from ft_participants where seq=?
    Hibernate: delete from ft_participants where seq=?
    Hibernate: delete from ft_participants where seq=?
    Hibernate: delete from ft_participants where seq=?
    Hibernate: delete from ft_participants where seq=?
    Hibernate: delete from ft_participants where seq=?
    Hibernate: delete from ft_participants where seq=?
    Hibernate: delete from ft_participants where seq=?
    Hibernate: delete from ft_participants where seq=?
    Hibernate: delete from ft_participants where seq=?
    Hibernate: delete from ft_participants where seq=?
    Hibernate: delete from ft_participants where seq=?
    Hibernate: delete from ft_participants where seq=?
    Hibernate: delete from ft_participants where seq=?
    Hibernate: delete from ft_participants where seq=?
    Hibernate: delete from ft_participants where seq=?
    Hibernate: delete from ft_participants where seq=?
    Hibernate: delete from ft_participants where seq=?
    Hibernate: delete from ft_participants where seq=?
    Hibernate: delete from ft_participants where seq=?
    Hibernate: delete from ft_participants where seq=?
    Hibernate: delete from ft_participants where seq=?
    Hibernate: delete from ft_participants where seq=?
    Hibernate: delete from ft_participants where seq=?
    Hibernate: delete from ft_participants where seq=?
    Hibernate: delete from ft_participants where seq=?
    Hibernate: delete from ft_participants where seq=?
    Hibernate: delete from ft_participants where seq=?
    Hibernate: delete from ft_participants where seq=?
    Hibernate: delete from ft_participants where seq=?
    Hibernate: delete from ft_participants where seq=?
    Hibernate: delete from ft_participants where seq=?
    Hibernate: delete from ft_participants where seq=?
    Hibernate: delete from ft_participants where seq=?
    Hibernate: delete from ft_participants where seq=?
    Hibernate: delete from ft_participants where seq=?
    Hibernate: delete from ft_participants where seq=?
    Hibernate: delete from ft_participants where seq=?
    Hibernate: delete from ft_participants where seq=?
    Hibernate: delete from ft_participants where seq=?
    Hibernate: delete from ft_participants where seq=?
    Hibernate: delete from ft_participants where seq=?
    Hibernate: delete from ft_participants where seq=?
    Hibernate: delete from ft_participants where seq=?
    Hibernate: delete from ft_participants where seq=?
    Hibernate: delete from ft_participants where seq=?
    Hibernate: delete from ft_participants where seq=?
    Hibernate: delete from ft_participants where seq=?
    Hibernate: delete from ft_participants where seq=?
    Hibernate: delete from ft_participants where seq=?
    Hibernate: delete from ft_participants where seq=?
    Hibernate: delete from ft_participants where seq=?
    Hibernate: delete from ft_participants where seq=?
    Hibernate: delete from ft_participants where seq=?
    Hibernate: delete from ft_participants where seq=?
    Hibernate: delete from ft_participants where seq=?
    Hibernate: delete from ft_participants where seq=?
    Hibernate: delete from ft_participants where seq=?
    Hibernate: delete from ft_participants where seq=?
    Hibernate: delete from ft_participants where seq=?
    Hibernate: delete from ft_participants where seq=?
    Hibernate: delete from ft_participants where seq=?
    Hibernate: delete from ft_participants where seq=?
    Hibernate: delete from ft_participants where seq=?
    Hibernate: delete from ft_participants where seq=?
    Hibernate: delete from ft_participants where seq=?
    Hibernate: delete from ft_participants where seq=?
    Hibernate: delete from ft_participants where seq=?
    Hibernate: delete from ft_participants where seq=?
    Hibernate: delete from ft_participants where seq=?
    Hibernate: delete from ft_participants where seq=?
    Hibernate: delete from ft_participants where seq=?
    Hibernate: delete from ft_participants where seq=?
    Hibernate: delete from ft_participants where seq=?
    Hibernate: delete from ft_participants where seq=?
    Hibernate: delete from ft_participants where seq=?
    Hibernate: delete from ft_participants where seq=?
    Hibernate: delete from ft_participants where seq=?
    Hibernate: delete from ft_participants where seq=?
    Hibernate: delete from ft_participants where seq=?
    Hibernate: delete from ft_participants where seq=?
    Hibernate: delete from ft_participants where seq=?
    Hibernate: delete from ft_participants where seq=?
    Hibernate: delete from ft_participants where seq=?
    Hibernate: delete from ft_participants where seq=?
    Hibernate: delete from ft_participants where seq=?
    Hibernate: delete from ft_participants where seq=?
    Hibernate: delete from ft_participants where seq=?
    Hibernate: delete from ft_participants where seq=?
    Hibernate: delete from ft_participants where seq=?
    Hibernate: delete from ft_participants where seq=?
    Hibernate: delete from ft_participants where seq=?
    Hibernate: delete from ft_participants where seq=?
    Hibernate: delete from ft_participants where seq=?
    Hibernate: delete from ft_participants where seq=?
    Hibernate: delete from ft_participants where seq=?
    Hibernate: delete from ft_participants where seq=?
    Hibernate: delete from ft_participants where seq=?
    Hibernate: delete from ft_participants where seq=?
    Hibernate: delete from ft_participants where seq=?
    Hibernate: delete from ft_participants where seq=?
    Hibernate: delete from ft_participants where seq=?
    Hibernate: delete from ft_participants where seq=?
    Hibernate: delete from ft_participants where seq=?
    Hibernate: delete from ft_participants where seq=?
    Hibernate: delete from ft_participants where seq=?
    Hibernate: delete from ft_participants where seq=?
    Hibernate: delete from ft_participants where seq=?
    Hibernate: delete from ft_participants where seq=?
    Hibernate: delete from ft_participants where seq=?
    Hibernate: delete from ft_participants where seq=?
    Hibernate: delete from ft_participants where seq=?
    Hibernate: delete from ft_participants where seq=?
    Hibernate: delete from ft_participants where seq=?
    Hibernate: delete from ft_participants where seq=?
    Hibernate: delete from ft_participants where seq=?
    Hibernate: delete from ft_participants where seq=?
    Hibernate: delete from ft_participants where seq=?
    Hibernate: delete from ft_participants where seq=?
    Hibernate: delete from ft_participants where seq=?
    Hibernate: delete from ft_participants where seq=?
    Hibernate: delete from ft_participants where seq=?
    Hibernate: delete from ft_participants where seq=?
    Hibernate: delete from ft_participants where seq=?
    Hibernate: delete from ft_participants where seq=?
    Hibernate: delete from ft_participants where seq=?
    Hibernate: delete from ft_participants where seq=?
    Hibernate: delete from ft_participants where seq=?
    Hibernate: delete from ft_participants where seq=?
    Hibernate: delete from ft_participants where seq=?
    Hibernate: delete from ft_participants where seq=?
    Hibernate: delete from ft_participants where seq=?
    Hibernate: delete from ft_participants where seq=?
    Hibernate: delete from ft_participants where seq=?
    Hibernate: delete from ft_participants where seq=?
    Hibernate: delete from ft_participants where seq=?
    Hibernate: delete from ft_participants where seq=?
    Hibernate: delete from ft_participants where seq=?
    Hibernate: delete from ft_participants where seq=?
    Hibernate: delete from ft_participants where seq=?
    Hibernate: delete from ft_participants where seq=?
    Hibernate: delete from ft_participants where seq=?
    Hibernate: delete from ft_participants where seq=?
    Hibernate: delete from ft_participants where seq=?
    Hibernate: delete from ft_participants where seq=?
    Hibernate: delete from ft_participants where seq=?
    Hibernate: delete from ft_participants where seq=?
    Hibernate: delete from ft_participants where seq=?
    Hibernate: delete from ft_participants where seq=?
    Hibernate: delete from ft_participants where seq=?
    Hibernate: delete from ft_participants where seq=?
    Hibernate: delete from ft_participants where seq=?
    Hibernate: delete from ft_participants where seq=?
    Hibernate: delete from ft_participants where seq=?
    Hibernate: delete from ft_participants where seq=?
    Hibernate: delete from ft_participants where seq=?
    Hibernate: delete from ft_participants where seq=?
    Hibernate: delete from ft_participants where seq=?
    Hibernate: delete from ft_participants where seq=?
    Hibernate: delete from ft_participants where seq=?
    Hibernate: delete from ft_participants where seq=?
    Hibernate: delete from ft_participants where seq=?
    Hibernate: delete from ft_participants where seq=?
    Hibernate: delete from ft_participants where seq=?
    Hibernate: delete from ft_participants where seq=?
    Hibernate: delete from ft_participants where seq=?
    Hibernate: delete from ft_participants where seq=?
    Hibernate: delete from ft_participants where seq=?
    Hibernate: delete from ft_participants where seq=?
    Hibernate: delete from ft_participants where seq=?
    Hibernate: delete from ft_participants where seq=?
    Hibernate: delete from ft_participants where seq=?
    Hibernate: delete from ft_participants where seq=?
    Hibernate: delete from ft_participants where seq=?
    Hibernate: delete from ft_participants where seq=?
    Hibernate: delete from ft_participants where seq=?
    Hibernate: delete from ft_participants where seq=?
    Hibernate: delete from ft_participants where seq=?
    Hibernate: delete from ft_participants where seq=?
    Hibernate: delete from ft_participants where seq=?
    Hibernate: delete from ft_participants where seq=?
    Hibernate: delete from ft_participants where seq=?
    Hibernate: delete from ft_participants where seq=?
    Hibernate: delete from ft_participants where seq=?
    Hibernate: delete from ft_participants where seq=?
    Hibernate: delete from ft_participants where seq=?
    Hibernate: delete from ft_participants where seq=?
    Hibernate: delete from ft_participants where seq=?
    Hibernate: delete from ft_participants where seq=?
    Hibernate: delete from ft_participants where seq=?
    Hibernate: delete from ft_participants where seq=?
    Hibernate: delete from ft_participants where seq=?
    Hibernate: delete from ft_participants where seq=?
    Hibernate: delete from ft_participants where seq=?
    Hibernate: delete from ft_participants where seq=?
    Hibernate: delete from ft_participants where seq=?
    Hibernate: delete from ft_participants where seq=?
    Hibernate: delete from ft_participants where seq=?
    Hibernate: delete from ft_participants where seq=?
    Hibernate: delete from ft_participants where seq=?
    Hibernate: delete from ft_participants where seq=?
    Hibernate: delete from ft_participants where seq=?
    Hibernate: delete from ft_participants where seq=?
    Hibernate: delete from ft_participants where seq=?
    Hibernate: delete from ft_participants where seq=?
    Hibernate: delete from ft_participants where seq=?
    Hibernate: delete from ft_participants where seq=?
    Hibernate: delete from ft_participants where seq=?
    Hibernate: delete from ft_participants where seq=?
    Hibernate: delete from ft_participants where seq=?
    Hibernate: delete from ft_participants where seq=?
    Hibernate: delete from ft_participants where seq=?
    Hibernate: delete from ft_participants where seq=?
    Hibernate: delete from ft_participants where seq=?
    Hibernate: delete from ft_participants where seq=?
    Hibernate: delete from ft_participants where seq=?
    Hibernate: delete from ft_participants where seq=?
    Hibernate: delete from ft_participants where seq=?
    Hibernate: delete from ft_participants where seq=?
    Hibernate: delete from ft_participants where seq=?
    Hibernate: delete from ft_participants where seq=?
    Hibernate: delete from ft_participants where seq=?
    Hibernate: delete from ft_participants where seq=?
    Hibernate: delete from ft_participants where seq=?
    Hibernate: delete from ft_participants where seq=?
    Hibernate: delete from ft_participants where seq=?
    Hibernate: delete from ft_participants where seq=?
    Hibernate: delete from ft_participants where seq=?
    Hibernate: delete from ft_participants where seq=?
    Hibernate: delete from ft_participants where seq=?
    Hibernate: delete from ft_participants where seq=?
    Hibernate: delete from ft_participants where seq=?
    Hibernate: delete from ft_participants where seq=?
    Hibernate: delete from ft_participants where seq=?
    Hibernate: delete from ft_participants where seq=?
    Hibernate: delete from ft_participants where seq=?
    Hibernate: delete from ft_participants where seq=?
    Hibernate: delete from ft_participants where seq=?
    Hibernate: delete from ft_participants where seq=?
    Hibernate: delete from ft_participants where seq=?
    Hibernate: delete from ft_participants where seq=?
    Hibernate: delete from ft_participants where seq=?
    Hibernate: delete from ft_participants where seq=?
    Hibernate: delete from ft_participants where seq=?
    Hibernate: delete from ft_participants where seq=?
    Hibernate: delete from ft_participants where seq=?
    Hibernate: delete from ft_participants where seq=?
    Hibernate: delete from ft_participants where seq=?
    Hibernate: delete from ft_participants where seq=?
    Hibernate: delete from ft_participants where seq=?
    Hibernate: delete from ft_participants where seq=?
    Hibernate: delete from ft_participants where seq=?
    Hibernate: delete from ft_participants where seq=?
    Hibernate: delete from ft_participants where seq=?
    Hibernate: delete from ft_participants where seq=?
    Hibernate: delete from ft_participants where seq=?
    Hibernate: delete from ft_participants where seq=?
    Hibernate: delete from ft_participants where seq=?
    Hibernate: delete from ft_participants where seq=?
    Hibernate: delete from ft_participants where seq=?
    Hibernate: delete from ft_participants where seq=?
    Hibernate: delete from ft_participants where seq=?
    Hibernate: delete from ft_participants where seq=?
    Hibernate: delete from ft_participants where seq=?
    Hibernate: delete from ft_participants where seq=?
    Hibernate: delete from ft_participants where seq=?
    Hibernate: delete from ft_participants where seq=?
    Hibernate: delete from ft_participants where seq=?
    Hibernate: delete from ft_participants where seq=?
    Hibernate: delete from ft_participants where seq=?
    Hibernate: delete from ft_participants where seq=?
    Hibernate: delete from ft_participants where seq=?
    Hibernate: delete from ft_participants where seq=?
    Hibernate: delete from ft_participants where seq=?
    Hibernate: delete from ft_participants where seq=?
    Hibernate: delete from ft_participants where seq=?
    Hibernate: delete from ft_participants where seq=?
    Hibernate: delete from ft_participants where seq=?
    Hibernate: delete from ft_participants where seq=?
    Hibernate: delete from ft_participants where seq=?
    Hibernate: delete from ft_participants where seq=?
    Hibernate: delete from ft_participants where seq=?
    Hibernate: delete from ft_participants where seq=?
    Hibernate: delete from ft_participants where seq=?
    Hibernate: delete from ft_participants where seq=?
    Hibernate: delete from ft_participants where seq=?
    Hibernate: delete from ft_participants where seq=?
    Hibernate: delete from ft_participants where seq=?
    Hibernate: delete from ft_participants where seq=?
    Hibernate: delete from ft_participants where seq=?
    Hibernate: delete from ft_participants where seq=?
    Hibernate: delete from ft_participants where seq=?
    Hibernate: delete from ft_participants where seq=?
    Hibernate: delete from ft_participants where seq=?
    Hibernate: delete from ft_participants where seq=?
    Hibernate: delete from ft_participants where seq=?
    Hibernate: delete from ft_participants where seq=?
    Hibernate: delete from ft_participants where seq=?
    Hibernate: delete from ft_participants where seq=?
    Hibernate: delete from ft_participants where seq=?
    Hibernate: delete from ft_participants where seq=?
    Hibernate: delete from ft_participants where seq=?
    Hibernate: delete from ft_participants where seq=?
    Hibernate: delete from ft_participants where seq=?
    Hibernate: delete from ft_participants where seq=?
    Hibernate: delete from ft_participants where seq=?
    Hibernate: delete from ft_participants where seq=?
    Hibernate: delete from ft_participants where seq=?
    Hibernate: delete from ft_participants where seq=?
    Hibernate: delete from ft_participants where seq=?
    Hibernate: delete from ft_participants where seq=?
    Hibernate: delete from ft_participants where seq=?
    Hibernate: delete from ft_participants where seq=?
    Hibernate: delete from ft_participants where seq=?
    Hibernate: delete from ft_participants where seq=?
    Hibernate: delete from ft_participants where seq=?
    Hibernate: delete from ft_participants where seq=?
    Hibernate: delete from ft_participants where seq=?
    Hibernate: delete from ft_participants where seq=?
    Hibernate: delete from ft_participants where seq=?
    Hibernate: delete from ft_participants where seq=?
    Hibernate: delete from ft_participants where seq=?
    Hibernate: delete from ft_participants where seq=?
    Hibernate: delete from ft_participants where seq=?
    Hibernate: delete from ft_participants where seq=?
    Hibernate: delete from ft_participants where seq=?
    Hibernate: delete from ft_participants where seq=?
    Hibernate: delete from ft_participants where seq=?
    Hibernate: delete from ft_participants where seq=?
    Hibernate: delete from ft_participants where seq=?
    Hibernate: delete from ft_participants where seq=?
    Hibernate: delete from ft_participants where seq=?
    Hibernate: delete from ft_participants where seq=?
    Hibernate: delete from ft_participants where seq=?
    Hibernate: delete from ft_participants where seq=?
    Hibernate: delete from ft_participants where seq=?
    Hibernate: delete from ft_participants where seq=?
    Hibernate: delete from ft_participants where seq=?
    Hibernate: delete from ft_participants where seq=?
    Hibernate: delete from ft_participants where seq=?
    Hibernate: delete from ft_participants where seq=?
    Hibernate: delete from ft_participants where seq=?
    Hibernate: delete from ft_participants where seq=?
    Hibernate: delete from ft_participants where seq=?
    Hibernate: delete from ft_participants where seq=?
    Hibernate: delete from ft_participants where seq=?
    Hibernate: delete from ft_participants where seq=?
    Hibernate: delete from ft_participants where seq=?
    Hibernate: delete from ft_participants where seq=?
    Hibernate: delete from ft_participants where seq=?
    Hibernate: delete from ft_participants where seq=?
    Hibernate: delete from ft_participants where seq=?
    Hibernate: delete from ft_participants where seq=?
    Hibernate: delete from ft_participants where seq=?
    Hibernate: delete from ft_participants where seq=?
    Hibernate: delete from ft_participants where seq=?
    Hibernate: delete from ft_participants where seq=?
    Hibernate: delete from ft_participants where seq=?
    Hibernate: delete from ft_participants where seq=?
    Hibernate: delete from ft_participants where seq=?
    Hibernate: delete from ft_participants where seq=?
    Hibernate: delete from ft_participants where seq=?
    Hibernate: delete from ft_participants where seq=?
    Hibernate: delete from ft_participants where seq=?
    Hibernate: delete from ft_participants where seq=?
    Hibernate: delete from ft_participants where seq=?
    Hibernate: delete from ft_participants where seq=?
    Hibernate: delete from ft_participants where seq=?
    Hibernate: delete from ft_participants where seq=?
    Hibernate: delete from ft_participants where seq=?
    Hibernate: delete from ft_participants where seq=?
    Hibernate: delete from ft_participants where seq=?
    Hibernate: delete from ft_participants where seq=?
    Hibernate: delete from ft_participants where seq=?
    Hibernate: delete from ft_participants where seq=?
    Hibernate: delete from ft_participants where seq=?
    Hibernate: delete from ft_participants where seq=?
    Hibernate: delete from ft_participants where seq=?
    Hibernate: delete from ft_participants where seq=?
    Hibernate: delete from ft_participants where seq=?
    Hibernate: delete from ft_participants where seq=?
    Hibernate: delete from ft_participants where seq=?
    Hibernate: delete from ft_participants where seq=?
    Hibernate: delete from ft_participants where seq=?
    Hibernate: delete from ft_participants where seq=?
    Hibernate: delete from ft_participants where seq=?
    Hibernate: delete from ft_participants where seq=?
    Hibernate: delete from ft_participants where seq=?
    Hibernate: delete from ft_participants where seq=?
    Hibernate: delete from ft_participants where seq=?
    Hibernate: delete from ft_participants where seq=?
    Hibernate: delete from ft_participants where seq=?
    Hibernate: delete from ft_participants where seq=?
    Hibernate: delete from ft_participants where seq=?
    Hibernate: delete from ft_participants where seq=?
    Hibernate: delete from ft_participants where seq=?
    Hibernate: delete from ft_participants where seq=?
    Hibernate: delete from ft_participants where seq=?
    Hibernate: delete from ft_participants where seq=?
    Hibernate: delete from ft_participants where seq=?
    Hibernate: delete from ft_participants where seq=?
    Hibernate: delete from ft_participants where seq=?
    Hibernate: delete from ft_participants where seq=?
    Hibernate: delete from ft_participants where seq=?
    Hibernate: delete from ft_participants where seq=?
    Hibernate: delete from ft_participants where seq=?
    Hibernate: delete from ft_participants where seq=?
    Hibernate: delete from ft_participants where seq=?
    Hibernate: delete from ft_participants where seq=?
    Hibernate: delete from ft_participants where seq=?
    Hibernate: delete from ft_participants where seq=?
    Hibernate: delete from ft_participants where seq=?
    Hibernate: delete from ft_participants where seq=?
    Hibernate: delete from ft_participants where seq=?
    Hibernate: delete from ft_participants where seq=?
    Hibernate: delete from ft_participants where seq=?
    Hibernate: delete from ft_participants where seq=?
    Hibernate: delete from ft_participants where seq=?
    Hibernate: delete from ft_participants where seq=?
    Hibernate: delete from ft_participants where seq=?
    Hibernate: delete from ft_participants where seq=?
    Hibernate: delete from ft_participants where seq=?
    Hibernate: delete from ft_participants where seq=?
    Hibernate: delete from ft_participants where seq=?
    Hibernate: delete from ft_participants where seq=?
    Hibernate: delete from ft_participants where seq=?
    Hibernate: delete from ft_participants where seq=?
    Hibernate: delete from ft_participants where seq=?
    Hibernate: delete from ft_participants where seq=?
    Hibernate: delete from ft_participants where seq=?
    Hibernate: delete from ft_participants where seq=?
    Hibernate: delete from ft_participants where seq=?
    Hibernate: delete from ft_participants where seq=?
    Hibernate: delete from ft_participants where seq=?
    Hibernate: delete from ft_participants where seq=?
    Hibernate: delete from ft_participants where seq=?
    Hibernate: delete from ft_participants where seq=?
    Hibernate: delete from ft_participants where seq=?
    Hibernate: delete from ft_participants where seq=?
    Hibernate: delete from ft_participants where seq=?
    Hibernate: delete from ft_participants where seq=?
    Hibernate: delete from ft_participants where seq=?
    Hibernate: delete from ft_participants where seq=?
    Hibernate: delete from ft_participants where seq=?
    Hibernate: delete from ft_participants where seq=?
    Hibernate: delete from ft_participants where seq=?
    Hibernate: delete from ft_participants where seq=?
    Hibernate: delete from ft_participants where seq=?
    Hibernate: delete from ft_participants where seq=?
    Hibernate: delete from ft_participants where seq=?
    Hibernate: delete from ft_participants where seq=?
    Hibernate: delete from ft_participants where seq=?
    Hibernate: delete from ft_participants where seq=?
    Hibernate: delete from ft_participants where seq=?
    Hibernate: delete from ft_participants where seq=?
    Hibernate: delete from ft_participants where seq=?
    Hibernate: delete from ft_participants where seq=?
    Hibernate: delete from ft_participants where seq=?
    Hibernate: delete from ft_participants where seq=?
    Hibernate: delete from ft_participants where seq=?
    Hibernate: delete from ft_participants where seq=?
    Hibernate: delete from ft_participants where seq=?
    Hibernate: delete from ft_participants where seq=?
    Hibernate: delete from ft_participants where seq=?
    Hibernate: delete from ft_participants where seq=?
    Hibernate: delete from ft_participants where seq=?
    Hibernate: delete from ft_participants where seq=?
    Hibernate: delete from ft_participants where seq=?
    Hibernate: delete from ft_participants where seq=?
    Hibernate: delete from ft_participants where seq=?
    Hibernate: delete from ft_participants where seq=?
    Hibernate: delete from ft_participants where seq=?
    Hibernate: delete from ft_participants where seq=?
    Hibernate: delete from ft_participants where seq=?
    Hibernate: delete from ft_participants where seq=?
    Hibernate: delete from ft_participants where seq=?
    Hibernate: delete from ft_participants where seq=?
    Hibernate: delete from ft_participants where seq=?
    Hibernate: delete from ft_participants where seq=?
    Hibernate: delete from ft_participants where seq=?
    Hibernate: delete from ft_participants where seq=?
    Hibernate: delete from ft_participants where seq=?
    Hibernate: delete from ft_participants where seq=?
    Hibernate: delete from ft_participants where seq=?
    Hibernate: delete from ft_participants where seq=?
    Hibernate: delete from ft_participants where seq=?
    Hibernate: delete from ft_participants where seq=?
    Hibernate: delete from ft_participants where seq=?
    Hibernate: delete from ft_participants where seq=?
    Hibernate: delete from ft_participants where seq=?
    Hibernate: delete from ft_participants where seq=?
    Hibernate: delete from ft_participants where seq=?
    Hibernate: delete from ft_participants where seq=?
    Hibernate: delete from ft_participants where seq=?
    Hibernate: delete from ft_participants where seq=?
    Hibernate: delete from ft_participants where seq=?
    Hibernate: delete from ft_participants where seq=?
    Hibernate: delete from ft_participants where seq=?
    Hibernate: delete from ft_participants where seq=?
    Hibernate: delete from ft_participants where seq=?
    Hibernate: delete from ft_participants where seq=?
    Hibernate: delete from ft_participants where seq=?
    Hibernate: delete from ft_participants where seq=?
    Hibernate: delete from ft_participants where seq=?
    Hibernate: delete from ft_participants where seq=?
    Hibernate: delete from ft_participants where seq=?
    Hibernate: delete from ft_participants where seq=?
    Hibernate: delete from ft_participants where seq=?
    Hibernate: delete from ft_participants where seq=?
    Hibernate: delete from ft_participants where seq=?
    Hibernate: delete from ft_participants where seq=?
    Hibernate: delete from ft_participants where seq=?
    Hibernate: delete from ft_participants where seq=?
    Hibernate: delete from ft_participants where seq=?
    Hibernate: delete from ft_participants where seq=?
    Hibernate: delete from ft_participants where seq=?
    Hibernate: delete from ft_participants where seq=?
    Hibernate: delete from ft_participants where seq=?
    Hibernate: delete from ft_participants where seq=?
    Hibernate: delete from ft_participants where seq=?
    Hibernate: delete from ft_participants where seq=?
    Hibernate: delete from ft_participants where seq=?
    Hibernate: delete from ft_participants where seq=?
    Hibernate: delete from ft_participants where seq=?
    Hibernate: delete from ft_participants where seq=?
    Hibernate: delete from ft_participants where seq=?
    Hibernate: delete from ft_participants where seq=?
    Hibernate: delete from ft_participants where seq=?
    Hibernate: delete from ft_participants where seq=?
    Hibernate: delete from ft_participants where seq=?
    Hibernate: delete from ft_participants where seq=?
    Hibernate: delete from ft_participants where seq=?
    Hibernate: delete from ft_participants where seq=?
    Hibernate: delete from ft_participants where seq=?
    Hibernate: delete from ft_participants where seq=?
    Hibernate: delete from ft_participants where seq=?
    Hibernate: delete from ft_participants where seq=?
    Hibernate: delete from ft_participants where seq=?
    Hibernate: delete from ft_participants where seq=?
    Hibernate: delete from ft_participants where seq=?
    Hibernate: delete from ft_participants where seq=?
    Hibernate: delete from ft_participants where seq=?
    Hibernate: delete from ft_participants where seq=?
    Hibernate: delete from ft_participants where seq=?
    Hibernate: delete from ft_participants where seq=?
    Hibernate: delete from ft_participants where seq=?
    Hibernate: delete from ft_participants where seq=?
    Hibernate: delete from ft_participants where seq=?
    Hibernate: delete from ft_participants where seq=?
    Hibernate: delete from ft_participants where seq=?
    Hibernate: delete from ft_participants where seq=?
    Hibernate: delete from ft_participants where seq=?
    Hibernate: delete from ft_participants where seq=?
    Hibernate: delete from ft_participants where seq=?
    Hibernate: delete from ft_participants where seq=?
    Hibernate: delete from ft_participants where seq=?
    Hibernate: delete from ft_participants where seq=?
    Hibernate: delete from ft_participants where seq=?
    Hibernate: delete from ft_participants where seq=?
    Hibernate: delete from ft_participants where seq=?
    Hibernate: delete from ft_participants where seq=?
    Hibernate: delete from ft_participants where seq=?
    Hibernate: delete from ft_participants where seq=?
    Hibernate: delete from ft_participants where seq=?
    Hibernate: delete from ft_participants where seq=?
    Hibernate: delete from ft_participants where seq=?
    Hibernate: delete from ft_participants where seq=?
    Hibernate: delete from ft_participants where seq=?
    Hibernate: delete from ft_participants where seq=?
    Hibernate: delete from ft_participants where seq=?
    Hibernate: delete from ft_participants where seq=?
    Hibernate: delete from ft_participants where seq=?
    Hibernate: delete from ft_participants where seq=?
    Hibernate: delete from ft_participants where seq=?
    Hibernate: delete from ft_participants where seq=?
    Hibernate: delete from ft_participants where seq=?
    Hibernate: delete from ft_participants where seq=?
    Hibernate: delete from ft_participants where seq=?
    Hibernate: delete from ft_participants where seq=?
    Hibernate: delete from ft_participants where seq=?
    Hibernate: delete from ft_participants where seq=?
    Hibernate: delete from ft_participants where seq=?
    Hibernate: delete from ft_participants where seq=?
    Hibernate: delete from ft_participants where seq=?
    Hibernate: delete from ft_participants where seq=?
    Hibernate: delete from ft_participants where seq=?
    Hibernate: delete from ft_participants where seq=?
    Hibernate: delete from ft_participants where seq=?
    Hibernate: delete from ft_participants where seq=?
    Hibernate: delete from ft_participants where seq=?
    Hibernate: delete from ft_participants where seq=?
    Hibernate: delete from ft_participants where seq=?
    Hibernate: delete from ft_participants where seq=?
    Hibernate: delete from ft_participants where seq=?
    Hibernate: delete from ft_participants where seq=?
    Hibernate: delete from ft_participants where seq=?
    Hibernate: delete from ft_participants where seq=?
    Hibernate: delete from ft_participants where seq=?
    Hibernate: delete from ft_participants where seq=?
    Hibernate: delete from ft_participants where seq=?
    Hibernate: delete from ft_participants where seq=?
    Hibernate: delete from ft_participants where seq=?
    Hibernate: delete from ft_participants where seq=?
    Hibernate: delete from ft_participants where seq=?
    Hibernate: delete from ft_participants where seq=?
    Hibernate: delete from ft_participants where seq=?
    Hibernate: delete from ft_participants where seq=?
    Hibernate: delete from ft_participants where seq=?
    Hibernate: delete from ft_participants where seq=?
    Hibernate: delete from ft_participants where seq=?
    Hibernate: delete from ft_participants where seq=?
    Hibernate: delete from ft_participants where seq=?
    Hibernate: delete from ft_participants where seq=?
    Hibernate: delete from ft_participants where seq=?
    Hibernate: delete from ft_participants where seq=?
    Hibernate: delete from ft_participants where seq=?
    Hibernate: delete from ft_participants where seq=?
    Hibernate: delete from ft_participants where seq=?
    Hibernate: delete from ft_participants where seq=?
    Hibernate: delete from ft_participants where seq=?
    Hibernate: delete from ft_participants where seq=?
    Hibernate: delete from ft_participants where seq=?
    Hibernate: delete from ft_participants where seq=?
    Hibernate: delete from ft_participants where seq=?
    Hibernate: delete from ft_participants where seq=?
    Hibernate: delete from ft_participants where seq=?
    Hibernate: delete from ft_participants where seq=?
    Hibernate: delete from ft_participants where seq=?
    Hibernate: delete from ft_participants where seq=?
    Hibernate: delete from ft_participants where seq=?
    Hibernate: delete from ft_participants where seq=?
    Hibernate: delete from ft_participants where seq=?
    Hibernate: delete from ft_participants where seq=?
    Hibernate: delete from ft_participants where seq=?
    Hibernate: delete from ft_participants where seq=?
    Hibernate: delete from ft_participants where seq=?
    Hibernate: delete from ft_participants where seq=?
    Hibernate: delete from ft_participants where seq=?
    Hibernate: delete from ft_participants where seq=?
    Hibernate: delete from ft_participants where seq=?
    Hibernate: delete from ft_participants where seq=?
    Hibernate: delete from ft_participants where seq=?
    Hibernate: delete from ft_participants where seq=?
    Hibernate: delete from ft_participants where seq=?
    Hibernate: delete from ft_participants where seq=?
    Hibernate: delete from ft_participants where seq=?
    Hibernate: delete from ft_participants where seq=?
    Hibernate: delete from ft_participants where seq=?
    Hibernate: delete from ft_participants where seq=?
    Hibernate: delete from ft_participants where seq=?
    Hibernate: delete from ft_participants where seq=?
    Hibernate: delete from ft_participants where seq=?
    Hibernate: delete from ft_participants where seq=?
    Hibernate: delete from ft_participants where seq=?
    Hibernate: delete from ft_participants where seq=?
    Hibernate: delete from ft_participants where seq=?
    Hibernate: delete from ft_participants where seq=?
    Hibernate: delete from ft_participants where seq=?
    Hibernate: delete from ft_participants where seq=?
    Hibernate: delete from ft_participants where seq=?
    Hibernate: delete from ft_participants where seq=?
    Hibernate: delete from ft_participants where seq=?
    Hibernate: delete from ft_participants where seq=?
    Hibernate: delete from ft_participants where seq=?
    Hibernate: delete from ft_participants where seq=?
    Hibernate: delete from ft_participants where seq=?
    Hibernate: delete from ft_participants where seq=?
    Hibernate: delete from ft_participants where seq=?
    Hibernate: delete from ft_participants where seq=?
    Hibernate: delete from ft_participants where seq=?
    Hibernate: delete from ft_participants where seq=?
    Hibernate: delete from ft_participants where seq=?
    Hibernate: delete from ft_participants where seq=?
    Hibernate: delete from ft_participants where seq=?
    Hibernate: delete from ft_participants where seq=?
    Hibernate: delete from ft_participants where seq=?
    Hibernate: delete from ft_participants where seq=?
    Hibernate: delete from ft_participants where seq=?
    Hibernate: delete from ft_participants where seq=?
    Hibernate: delete from ft_participants where seq=?
    Hibernate: delete from ft_participants where seq=?
    Hibernate: delete from ft_participants where seq=?
    Hibernate: delete from ft_participants where seq=?
    Hibernate: delete from ft_participants where seq=?
    Hibernate: delete from ft_participants where seq=?
    Hibernate: delete from ft_participants where seq=?
    Hibernate: delete from ft_participants where seq=?
    Hibernate: delete from ft_participants where seq=?
    Hibernate: delete from ft_participants where seq=?
    Hibernate: delete from ft_participants where seq=?
    Hibernate: delete from ft_participants where seq=?
    Hibernate: delete from ft_participants where seq=?
    Hibernate: delete from ft_participants where seq=?
    Hibernate: delete from ft_participants where seq=?
    Hibernate: delete from ft_participants where seq=?
    Hibernate: delete from ft_participants where seq=?
    Hibernate: delete from ft_participants where seq=?
    Hibernate: delete from ft_participants where seq=?
    Hibernate: delete from ft_participants where seq=?
    Hibernate: delete from ft_participants where seq=?
    Hibernate: delete from ft_participants where seq=?
    Hibernate: delete from ft_participants where seq=?
    Hibernate: delete from ft_participants where seq=?
    Hibernate: delete from ft_participants where seq=?
    Hibernate: delete from ft_participants where seq=?
    Hibernate: delete from ft_participants where seq=?
    Hibernate: delete from ft_participants where seq=?
    Hibernate: delete from ft_participants where seq=?
    Hibernate: delete from ft_participants where seq=?
    Hibernate: delete from ft_participants where seq=?
    Hibernate: delete from ft_participants where seq=?
    Hibernate: delete from ft_participants where seq=?
    Hibernate: delete from ft_participants where seq=?
    Hibernate: delete from ft_participants where seq=?
    Hibernate: delete from ft_participants where seq=?
    Hibernate: delete from ft_participants where seq=?
    Hibernate: delete from ft_participants where seq=?
    Hibernate: delete from ft_participants where seq=?
    Hibernate: delete from ft_participants where seq=?
    Hibernate: delete from ft_participants where seq=?
    Hibernate: delete from ft_participants where seq=?
    Hibernate: delete from ft_participants where seq=?
    Hibernate: delete from ft_participants where seq=?
    Hibernate: delete from ft_participants where seq=?
    Hibernate: delete from ft_participants where seq=?
    Hibernate: delete from ft_participants where seq=?
    Hibernate: delete from ft_participants where seq=?
    Hibernate: delete from ft_participants where seq=?
    Hibernate: delete from ft_participants where seq=?
    Hibernate: delete from ft_participants where seq=?
    Hibernate: delete from ft_participants where seq=?
    Hibernate: delete from ft_participants where seq=?
    Hibernate: delete from ft_participants where seq=?
    Hibernate: delete from ft_participants where seq=?
    Hibernate: delete from ft_participants where seq=?
    Hibernate: delete from ft_participants where seq=?
    Hibernate: delete from ft_participants where seq=?
    Hibernate: delete from ft_participants where seq=?
    Hibernate: delete from ft_participants where seq=?
    Hibernate: delete from ft_participants where seq=?
    Hibernate: delete from ft_participants where seq=?
    Hibernate: delete from ft_participants where seq=?
    Hibernate: delete from ft_participants where seq=?
    Hibernate: delete from ft_participants where seq=?
    Hibernate: delete from ft_participants where seq=?
    Hibernate: delete from ft_participants where seq=?
    Hibernate: delete from ft_participants where seq=?
    Hibernate: delete from ft_participants where seq=?
    Hibernate: delete from ft_participants where seq=?
    Hibernate: delete from ft_participants where seq=?
    Hibernate: delete from ft_participants where seq=?
    Hibernate: delete from ft_participants where seq=?
    Hibernate: delete from ft_participants where seq=?
    Hibernate: delete from ft_participants where seq=?
    Hibernate: delete from ft_participants where seq=?
    Hibernate: delete from ft_participants where seq=?
    Hibernate: delete from ft_participants where seq=?
    Hibernate: delete from ft_participants where seq=?
    Hibernate: delete from ft_participants where seq=?
    Hibernate: delete from ft_participants where seq=?
    Hibernate: delete from ft_participants where seq=?
    Hibernate: delete from ft_participants where seq=?
    Hibernate: delete from ft_participants where seq=?
    Hibernate: delete from ft_participants where seq=?
    Hibernate: delete from ft_participants where seq=?
    Hibernate: delete from ft_participants where seq=?
    Hibernate: delete from ft_participants where seq=?
    Hibernate: delete from ft_participants where seq=?
    Hibernate: delete from ft_participants where seq=?
    Hibernate: delete from ft_participants where seq=?
    Hibernate: delete from ft_participants where seq=?
    Hibernate: delete from ft_participants where seq=?
    Hibernate: delete from ft_participants where seq=?
    Hibernate: delete from ft_participants where seq=?
    Hibernate: delete from ft_participants where seq=?
    Hibernate: delete from ft_participants where seq=?
    Hibernate: delete from ft_participants where seq=?
    Hibernate: delete from ft_participants where seq=?
    Hibernate: delete from ft_participants where seq=?
    Hibernate: delete from ft_participants where seq=?
    Hibernate: delete from ft_participants where seq=?
    Hibernate: delete from ft_participants where seq=?
    Hibernate: delete from ft_participants where seq=?
    Hibernate: delete from ft_participants where seq=?
    Hibernate: delete from ft_participants where seq=?
    Hibernate: delete from ft_participants where seq=?
    Hibernate: delete from ft_participants where seq=?
    Hibernate: delete from ft_participants where seq=?
    Hibernate: delete from ft_participants where seq=?
    Hibernate: delete from ft_participants where seq=?
    Hibernate: delete from ft_participants where seq=?
    Hibernate: delete from ft_participants where seq=?
    Hibernate: delete from ft_participants where seq=?
    Hibernate: delete from ft_participants where seq=?
    Hibernate: delete from ft_participants where seq=?
    Hibernate: delete from ft_participants where seq=?
    Hibernate: delete from ft_participants where seq=?
    Hibernate: delete from ft_participants where seq=?
    Hibernate: delete from ft_participants where seq=?
    Hibernate: delete from ft_participants where seq=?
    Hibernate: delete from ft_participants where seq=?
    Hibernate: delete from ft_participants where seq=?
    Hibernate: delete from ft_participants where seq=?
    Hibernate: delete from ft_participants where seq=?
    Hibernate: delete from ft_participants where seq=?
    Hibernate: delete from ft_participants where seq=?
    Hibernate: delete from ft_participants where seq=?
    Hibernate: delete from ft_participants where seq=?
    Hibernate: delete from ft_participants where seq=?
    Hibernate: delete from ft_participants where seq=?
    Hibernate: delete from ft_participants where seq=?
    Hibernate: delete from ft_participants where seq=?
    Hibernate: delete from ft_participants where seq=?
    Hibernate: delete from ft_participants where seq=?
    Hibernate: delete from ft_participants where seq=?
    Hibernate: delete from ft_participants where seq=?
    Hibernate: delete from ft_participants where seq=?
    Hibernate: delete from ft_participants where seq=?
    Hibernate: delete from ft_participants where seq=?
    Hibernate: delete from ft_participants where seq=?
    Hibernate: delete from ft_participants where seq=?
    Hibernate: delete from ft_participants where seq=?
    Hibernate: delete from ft_participants where seq=?
    Hibernate: delete from ft_participants where seq=?
    Hibernate: delete from ft_participants where seq=?
    Hibernate: delete from ft_participants where seq=?
    Hibernate: delete from ft_participants where seq=?
    Hibernate: delete from ft_participants where seq=?
    Hibernate: delete from ft_participants where seq=?
    Hibernate: delete from ft_participants where seq=?
    Hibernate: delete from ft_participants where seq=?
    Hibernate: delete from ft_participants where seq=?
    Hibernate: delete from ft_participants where seq=?
    Hibernate: delete from ft_participants where seq=?
    Hibernate: delete from ft_participants where seq=?
    Hibernate: delete from ft_participants where seq=?
    Hibernate: delete from ft_participants where seq=?
    Hibernate: delete from ft_participants where seq=?
    Hibernate: delete from ft_participants where seq=?
    Hibernate: delete from ft_participants where seq=?
    Hibernate: delete from ft_participants where seq=?
    Hibernate: delete from ft_participants where seq=?
    Hibernate: delete from ft_participants where seq=?
    Hibernate: delete from ft_participants where seq=?
    Hibernate: delete from ft_participants where seq=?
    Hibernate: delete from ft_participants where seq=?
    Hibernate: delete from ft_participants where seq=?
    Hibernate: delete from ft_participants where seq=?
    Hibernate: delete from ft_participants where seq=?
    Hibernate: delete from ft_participants where seq=?
    Hibernate: delete from ft_participants where seq=?
    Hibernate: delete from ft_participants where seq=?
    Hibernate: delete from ft_participants where seq=?
    Hibernate: delete from ft_participants where seq=?
    Hibernate: delete from ft_participants where seq=?
    Hibernate: delete from ft_participants where seq=?
    Hibernate: delete from ft_participants where seq=?
    Hibernate: delete from ft_participants where seq=?
    Hibernate: delete from ft_participants where seq=?
    Hibernate: delete from ft_participants where seq=?
    Hibernate: delete from ft_participants where seq=?
    Hibernate: delete from ft_participants where seq=?
    Hibernate: delete from ft_participants where seq=?
    Hibernate: delete from ft_participants where seq=?
    Hibernate: delete from ft_participants where seq=?
    Hibernate: delete from ft_participants where seq=?
    Hibernate: delete from ft_participants where seq=?
    Hibernate: delete from ft_participants where seq=?
    Hibernate: delete from ft_participants where seq=?
    Hibernate: delete from ft_participants where seq=?
    Hibernate: delete from ft_participants where seq=?
    Hibernate: delete from ft_participants where seq=?
    Hibernate: delete from ft_participants where seq=?
    Hibernate: delete from ft_participants where seq=?
    Hibernate: delete from ft_participants where seq=?
    Hibernate: delete from ft_participants where seq=?
    Hibernate: delete from ft_participants where seq=?
    Hibernate: delete from ft_participants where seq=?
    Hibernate: delete from ft_participants where seq=?
    Hibernate: delete from ft_participants where seq=?
    Hibernate: delete from ft_participants where seq=?
    Hibernate: delete from ft_participants where seq=?
    Hibernate: delete from ft_participants where seq=?
    Hibernate: delete from ft_participants where seq=?
    Hibernate: delete from ft_participants where seq=?
    Hibernate: delete from ft_participants where seq=?
    Hibernate: delete from ft_participants where seq=?
    Hibernate: delete from ft_participants where seq=?
    Hibernate: delete from ft_participants where seq=?
    Hibernate: delete from ft_participants where seq=?
    Hibernate: delete from ft_participants where seq=?
    Hibernate: delete from ft_participants where seq=?
    Hibernate: delete from ft_participants where seq=?
    Hibernate: delete from ft_participants where seq=?
    Hibernate: delete from ft_participants where seq=?
    Hibernate: delete from ft_participants where seq=?
    Hibernate: delete from ft_participants where seq=?
    Hibernate: delete from ft_participants where seq=?
    Hibernate: delete from ft_participants where seq=?
    Hibernate: delete from ft_participants where seq=?
    Hibernate: delete from ft_participants where seq=?
    Hibernate: delete from ft_participants where seq=?
    Hibernate: delete from ft_participants where seq=?
    Hibernate: delete from ft_participants where seq=?
    Hibernate: delete from ft_participants where seq=?
    Hibernate: delete from ft_participants where seq=?
    Hibernate: delete from ft_participants where seq=?
    Hibernate: delete from ft_participants where seq=?
    Hibernate: delete from ft_participants where seq=?
    Hibernate: delete from ft_participants where seq=?
    Hibernate: delete from ft_participants where seq=?
    Hibernate: delete from ft_participants where seq=?
    Hibernate: delete from ft_participants where seq=?
    Hibernate: delete from ft_participants where seq=?
    Hibernate: delete from ft_participants where seq=?
    Hibernate: delete from ft_participants where seq=?
    Hibernate: delete from ft_participants where seq=?
    Hibernate: delete from ft_participants where seq=?
    Hibernate: delete from ft_participants where seq=?
    Hibernate: delete from ft_participants where seq=?
    Hibernate: delete from ft_participants where seq=?
    Hibernate: delete from ft_participants where seq=?
    Hibernate: delete from ft_participants where seq=?
    Hibernate: delete from ft_participants where seq=?
    Hibernate: delete from ft_participants where seq=?
    Hibernate: delete from ft_participants where seq=?
    Hibernate: delete from ft_participants where seq=?
    Hibernate: delete from ft_participants where seq=?
    Hibernate: delete from ft_participants where seq=?
    Hibernate: delete from ft_participants where seq=?
    Hibernate: delete from ft_participants where seq=?
    Hibernate: delete from ft_participants where seq=?
    Hibernate: delete from ft_participants where seq=?
    Hibernate: delete from ft_participants where seq=?
    Hibernate: delete from ft_participants where seq=?
    Hibernate: delete from ft_participants where seq=?
    Hibernate: delete from ft_participants where seq=?
    Hibernate: delete from ft_participants where seq=?
    Hibernate: delete from ft_participants where seq=?
    Hibernate: delete from ft_participants where seq=?
    Hibernate: delete from ft_participants where seq=?
    Hibernate: delete from ft_participants where seq=?
    Hibernate: delete from ft_participants where seq=?
    Hibernate: delete from ft_participants where seq=?
    Hibernate: delete from ft_participants where seq=?
    Hibernate: delete from ft_participants where seq=?
    Hibernate: delete from ft_participants where seq=?
    Hibernate: delete from ft_participants where seq=?
    Hibernate: delete from ft_participants where seq=?
    Hibernate: delete from ft_participants where seq=?
    Hibernate: delete from ft_participants where seq=?
    Hibernate: delete from ft_participants where seq=?
    Hibernate: delete from ft_participants where seq=?
    Hibernate: delete from ft_participants where seq=?
    Hibernate: delete from ft_participants where seq=?
    Hibernate: delete from ft_participants where seq=?
    Hibernate: delete from ft_participants where seq=?
    Hibernate: delete from ft_participants where seq=?
    Hibernate: delete from ft_participants where seq=?
    Hibernate: delete from ft_participants where seq=?
    Hibernate: delete from ft_participants where seq=?
    Hibernate: delete from ft_participants where seq=?
    Hibernate: delete from ft_participants where seq=?
    Hibernate: delete from ft_participants where seq=?
    Hibernate: delete from ft_participants where seq=?
    Hibernate: delete from ft_participants where seq=?
    Hibernate: delete from ft_participants where seq=?
    Hibernate: delete from ft_participants where seq=?
    Hibernate: delete from ft_participants where seq=?
    Hibernate: delete from ft_participants where seq=?
    Hibernate: delete from ft_participants where seq=?
    Hibernate: delete from ft_participants where seq=?
    Hibernate: delete from ft_participants where seq=?
    Hibernate: delete from ft_participants where seq=?
    Hibernate: delete from ft_participants where seq=?
    Hibernate: delete from ft_participants where seq=?
    Hibernate: delete from ft_participants where seq=?
    Hibernate: delete from ft_participants where seq=?
    Hibernate: delete from ft_participants where seq=?
    Hibernate: delete from ft_participants where seq=?
    Hibernate: delete from ft_participants where seq=?
    Hibernate: delete from ft_participants where seq=?
    Hibernate: delete from ft_participants where seq=?
    Hibernate: delete from ft_participants where seq=?
    Hibernate: delete from ft_participants where seq=?
    Hibernate: delete from ft_participants where seq=?
    Hibernate: delete from ft_participants where seq=?
    Hibernate: delete from ft_participants where seq=?
    Hibernate: delete from ft_participants where seq=?
    Hibernate: delete from ft_participants where seq=?
    Hibernate: delete from ft_participants where seq=?
    Hibernate: delete from ft_participants where seq=?
    Hibernate: delete from ft_participants where seq=?
    Hibernate: delete from ft_participants where seq=?
    Hibernate: delete from ft_participants where seq=?
    Hibernate: delete from ft_participants where seq=?
    Hibernate: delete from ft_participants where seq=?
    Hibernate: delete from ft_participants where seq=?
    Hibernate: delete from ft_participants where seq=?
    Hibernate: delete from ft_participants where seq=?
    Hibernate: delete from ft_participants where seq=?
    Hibernate: delete from ft_participants where seq=?
    Hibernate: delete from ft_participants where seq=?
    Hibernate: delete from ft_participants where seq=?
    Hibernate: delete from ft_participants where seq=?
    Hibernate: delete from ft_participants where seq=?
    Hibernate: delete from ft_participants where seq=?
    Hibernate: delete from ft_participants where seq=?
    Hibernate: delete from ft_participants where seq=?
    Hibernate: delete from ft_participants where seq=?
    Hibernate: delete from ft_participants where seq=?
    Hibernate: delete from ft_participants where seq=?
    Hibernate: delete from ft_participants where seq=?
    Hibernate: delete from ft_participants where seq=?
    Hibernate: delete from ft_participants where seq=?
    Hibernate: delete from ft_participants where seq=?
    Hibernate: delete from ft_participants where seq=?
    Hibernate: delete from ft_participants where seq=?
    Hibernate: delete from ft_participants where seq=?
    Hibernate: delete from ft_participants where seq=?
    Hibernate: delete from ft_participants where seq=?
    Hibernate: delete from ft_participants where seq=?
    Hibernate: delete from ft_participants where seq=?
    Hibernate: delete from ft_participants where seq=?
    Hibernate: delete from ft_participants where seq=?
    Hibernate: delete from ft_participants where seq=?
    Hibernate: delete from ft_participants where seq=?
    Hibernate: delete from ft_participants where seq=?
    Hibernate: delete from ft_participants where seq=?
    Hibernate: delete from ft_participants where seq=?
    Hibernate: delete from ft_participants where seq=?
    Hibernate: delete from ft_participants where seq=?
    Hibernate: delete from ft_participants where seq=?
    Hibernate: delete from ft_participants where seq=?
    Hibernate: delete from ft_participants where seq=?
    Hibernate: delete from ft_participants where seq=?
    Hibernate: delete from ft_participants where seq=?
    Hibernate: delete from ft_participants where seq=?
    Hibernate: delete from ft_participants where seq=?
    Hibernate: delete from ft_participants where seq=?
    Hibernate: delete from ft_participants where seq=?
    Hibernate: delete from ft_participants where seq=?
    Hibernate: delete from ft_participants where seq=?
    Hibernate: delete from ft_participants where seq=?
    Hibernate: delete from ft_participants where seq=?
    Hibernate: delete from ft_participants where seq=?
    Hibernate: delete from ft_participants where seq=?
    Hibernate: delete from ft_participants where seq=?
    Hibernate: delete from ft_participants where seq=?
    Hibernate: delete from ft_participants where seq=?
    Hibernate: delete from ft_participants where seq=?
    Hibernate: delete from ft_participants where seq=?
    Hibernate: delete from ft_participants where seq=?
    Hibernate: delete from ft_participants where seq=?
    Hibernate: delete from ft_participants where seq=?
    Hibernate: delete from ft_participants where seq=?
    Hibernate: delete from ft_participants where seq=?
    Hibernate: delete from ft_participants where seq=?
    Hibernate: delete from ft_participants where seq=?
    Hibernate: delete from ft_participants where seq=?
    Hibernate: delete from ft_participants where seq=?
    Hibernate: delete from ft_participants where seq=?
    Hibernate: delete from ft_participants where seq=?
    Hibernate: delete from ft_participants where seq=?
    Hibernate: delete from ft_participants where seq=?
    Hibernate: delete from ft_participants where seq=?
    Hibernate: delete from ft_participants where seq=?
    Hibernate: delete from ft_participants where seq=?
    Hibernate: delete from ft_participants where seq=?
    Hibernate: delete from ft_participants where seq=?
    Hibernate: delete from ft_participants where seq=?
    Hibernate: delete from ft_participants where seq=?
    Hibernate: delete from ft_participants where seq=?
    Hibernate: delete from ft_participants where seq=?
    Hibernate: delete from ft_participants where seq=?
    Hibernate: delete from ft_participants where seq=?
    Hibernate: delete from ft_participants where seq=?
    Hibernate: delete from ft_participants where seq=?
    Hibernate: delete from ft_participants where seq=?
    Hibernate: delete from ft_participants where seq=?
    Hibernate: delete from ft_participants where seq=?
    Hibernate: delete from ft_participants where seq=?
    Hibernate: delete from ft_participants where seq=?
    Hibernate: delete from ft_participants where seq=?
    Hibernate: delete from ft_participants where seq=?
    Hibernate: delete from ft_participants where seq=?
    Hibernate: delete from ft_participants where seq=?
    Hibernate: delete from ft_participants where seq=?
    Hibernate: delete from ft_participants where seq=?
    Hibernate: delete from ft_participants where seq=?
    Hibernate: delete from ft_participants where seq=?
    Hibernate: delete from ft_participants where seq=?
    Hibernate: delete from ft_participants where seq=?
    Hibernate: delete from ft_participants where seq=?
    Hibernate: delete from ft_participants where seq=?
    Hibernate: delete from ft_participants where seq=?
    Hibernate: delete from ft_participants where seq=?
    Hibernate: delete from ft_participants where seq=?
    Hibernate: delete from ft_participants where seq=?
    Hibernate: delete from ft_participants where seq=?
    Hibernate: delete from ft_participants where seq=?
    Hibernate: delete from ft_participants where seq=?
    Hibernate: delete from ft_participants where seq=?
    Hibernate: delete from ft_participants where seq=?
    Hibernate: delete from ft_participants where seq=?
    Hibernate: delete from ft_participants where seq=?
    Hibernate: delete from ft_participants where seq=?
    Hibernate: delete from ft_participants where seq=?
    Hibernate: delete from ft_participants where seq=?
    Hibernate: delete from ft_participants where seq=?
    Hibernate: delete from ft_participants where seq=?
    Hibernate: delete from ft_participants where seq=?
    Hibernate: delete from ft_participants where seq=?
    Hibernate: delete from ft_participants where seq=?
    Hibernate: delete from ft_participants where seq=?
    Hibernate: delete from ft_participants where seq=?
    Hibernate: delete from ft_participants where seq=?
    Hibernate: delete from ft_participants where seq=?
    Hibernate: delete from ft_participants where seq=?
    Hibernate: delete from ft_participants where seq=?
    Hibernate: delete from ft_participants where seq=?
    Hibernate: delete from ft_participants where seq=?
    Hibernate: delete from ft_participants where seq=?
    Hibernate: delete from ft_participants where seq=?
    Hibernate: delete from ft_participants where seq=?
    Hibernate: delete from ft_participants where seq=?
    Hibernate: delete from ft_participants where seq=?
    Hibernate: delete from ft_participants where seq=?
    Hibernate: delete from ft_participants where seq=?
    Hibernate: delete from ft_participants where seq=?
    Hibernate: delete from ft_participants where seq=?
    Hibernate: delete from ft_participants where seq=?
    Hibernate: delete from ft_participants where seq=?
    Hibernate: delete from ft_participants where seq=?
    Hibernate: delete from ft_participants where seq=?
    Hibernate: delete from ft_participants where seq=?
    Hibernate: delete from ft_participants where seq=?
    Hibernate: delete from ft_participants where seq=?
    Hibernate: delete from ft_participants where seq=?
    Hibernate: delete from ft_participants where seq=?
    Hibernate: delete from ft_participants where seq=?
    Hibernate: delete from ft_participants where seq=?
    Hibernate: delete from ft_participants where seq=?
    Hibernate: delete from ft_participants where seq=?
    Hibernate: delete from ft_participants where seq=?
    Hibernate: delete from ft_participants where seq=?
    Hibernate: delete from ft_participants where seq=?
    Hibernate: delete from ft_participants where seq=?
    Hibernate: delete from ft_participants where seq=?
    Hibernate: delete from ft_participants where seq=?
    Hibernate: delete from ft_participants where seq=?
    Hibernate: delete from ft_participants where seq=?
    Hibernate: delete from ft_participants where seq=?
    Hibernate: delete from ft_participants where seq=?
    Hibernate: delete from ft_participants where seq=?
    Hibernate: delete from ft_participants where seq=?
    Hibernate: delete from ft_participants where seq=?
    Hibernate: delete from ft_participants where seq=?
    Hibernate: delete from ft_participants where seq=?
    Hibernate: delete from ft_participants where seq=?
    Hibernate: delete from ft_participants where seq=?
    Hibernate: delete from ft_participants where seq=?
    Hibernate: delete from ft_participants where seq=?
    Hibernate: delete from ft_participants where seq=?
    Hibernate: delete from ft_participants where seq=?
    Hibernate: delete from ft_participants where seq=?
    Hibernate: delete from ft_participants where seq=?
    Hibernate: delete from ft_participants where seq=?
    Hibernate: delete from ft_participants where seq=?
    Hibernate: delete from ft_participants where seq=?
    Hibernate: delete from ft_participants where seq=?
    Hibernate: delete from ft_participants where seq=?
    Hibernate: delete from ft_participants where seq=?
    Hibernate: delete from ft_participants where seq=?
    Hibernate: delete from ft_participants where seq=?
    Hibernate: delete from ft_participants where seq=?
    Hibernate: delete from ft_participants where seq=?
    Hibernate: delete from ft_participants where seq=?
    Hibernate: delete from ft_participants where seq=?
    Hibernate: delete from ft_participants where seq=?
    Hibernate: delete from ft_participants where seq=?
    Hibernate: delete from ft_participants where seq=?
    Hibernate: delete from ft_participants where seq=?
    Hibernate: delete from ft_participants where seq=?
    Hibernate: delete from ft_participants where seq=?
    Hibernate: delete from ft_participants where seq=?
    Hibernate: delete from ft_participants where seq=?
    Hibernate: delete from ft_participants where seq=?
    Hibernate: delete from ft_participants where seq=?
    Hibernate: delete from ft_participants where seq=?
    Hibernate: delete from ft_participants where seq=?
    Hibernate: delete from ft_participants where seq=?
    Hibernate: delete from ft_participants where seq=?
    Hibernate: delete from ft_participants where seq=?
    Hibernate: delete from ft_participants where seq=?
    Hibernate: delete from ft_participants where seq=?
    Hibernate: delete from ft_participants where seq=?
    Hibernate: delete from ft_participants where seq=?
    Hibernate: delete from ft_participants where seq=?
    Hibernate: delete from ft_participants where seq=?
    Hibernate: delete from ft_participants where seq=?
    Hibernate: delete from ft_participants where seq=?
    Hibernate: delete from ft_participants where seq=?
    Hibernate: delete from ft_participants where seq=?
    Hibernate: delete from ft_participants where seq=?
    Hibernate: delete from ft_participants where seq=?
    Hibernate: delete from ft_participants where seq=?
    Hibernate: delete from ft_participants where seq=?
    Hibernate: delete from ft_participants where seq=?
    Hibernate: delete from ft_participants where seq=?
    Hibernate: delete from ft_participants where seq=?
    Hibernate: delete from ft_participants where seq=?
    Hibernate: delete from ft_participants where seq=?
    Hibernate: delete from ft_participants where seq=?
    Hibernate: delete from ft_participants where seq=?
    Hibernate: delete from ft_participants where seq=?
    Hibernate: delete from ft_participants where seq=?
    Hibernate: delete from ft_participants where seq=?
    Hibernate: delete from ft_participants where seq=?
    Hibernate: delete from ft_participants where seq=?
    Hibernate: delete from ft_participants where seq=?
    Hibernate: delete from ft_participants where seq=?
    Hibernate: delete from ft_participants where seq=?
    Hibernate: delete from ft_participants where seq=?
    Hibernate: delete from ft_participants where seq=?
    Hibernate: delete from ft_participants where seq=?
    Hibernate: delete from ft_participants where seq=?
    Hibernate: delete from ft_participants where seq=?
    Hibernate: delete from ft_participants where seq=?
    Hibernate: delete from ft_participants where seq=?
    Hibernate: delete from ft_participants where seq=?
    Hibernate: delete from ft_participants where seq=?
    Hibernate: delete from ft_participants where seq=?
    Hibernate: delete from ft_participants where seq=?
    Hibernate: delete from ft_participants where seq=?
    Hibernate: delete from ft_participants where seq=?
    Hibernate: delete from ft_participants where seq=?
    Hibernate: delete from ft_participants where seq=?
    Hibernate: delete from ft_participants where seq=?
    Hibernate: delete from ft_participants where seq=?
    Hibernate: delete from ft_participants where seq=?
    Hibernate: delete from ft_participants where seq=?
    Hibernate: delete from ft_participants where seq=?
    Hibernate: delete from ft_participants where seq=?
    Hibernate: delete from ft_participants where seq=?
    Hibernate: delete from ft_participants where seq=?
    Hibernate: delete from ft_participants where seq=?
    Hibernate: delete from ft_participants where seq=?
    Hibernate: delete from ft_participants where seq=?
    Hibernate: delete from ft_participants where seq=?
    Hibernate: delete from ft_participants where seq=?
    Hibernate: delete from ft_participants where seq=?
    Hibernate: delete from ft_participants where seq=?
    Hibernate: delete from ft_participants where seq=?
    Hibernate: delete from ft_participants where seq=?
    Hibernate: delete from ft_participants where seq=?
    Hibernate: delete from ft_participants where seq=?
    Hibernate: delete from ft_participants where seq=?
    Hibernate: delete from ft_participants where seq=?
    Hibernate: delete from ft_participants where seq=?
    Hibernate: delete from ft_participants where seq=?
    Hibernate: delete from ft_participants where seq=?
    Hibernate: delete from ft_participants where seq=?
    Hibernate: delete from ft_participants where seq=?
    Hibernate: delete from ft_participants where seq=?
    Hibernate: delete from ft_participants where seq=?
    Hibernate: delete from ft_participants where seq=?
    Hibernate: delete from ft_participants where seq=?
    Hibernate: delete from ft_participants where seq=?
    Hibernate: delete from ft_participants where seq=?
    Hibernate: delete from ft_participants where seq=?
    Hibernate: delete from ft_participants where seq=?
    Hibernate: delete from ft_participants where seq=?
    Hibernate: delete from ft_participants where seq=?
    Hibernate: delete from ft_participants where seq=?
    Hibernate: delete from ft_participants where seq=?
    Hibernate: delete from ft_participants where seq=?
    Hibernate: delete from ft_participants where seq=?
    Hibernate: delete from ft_participants where seq=?
    Hibernate: delete from ft_participants where seq=?
    Hibernate: delete from ft_participants where seq=?
    Hibernate: delete from ft_participants where seq=?
    Hibernate: delete from ft_participants where seq=?
    Hibernate: delete from ft_participants where seq=?
    Hibernate: delete from ft_participants where seq=?
    Hibernate: delete from ft_participants where seq=?
    Hibernate: delete from ft_participants where seq=?
    Hibernate: delete from ft_participants where seq=?
    Hibernate: delete from ft_participants where seq=?
    Hibernate: delete from ft_participants where seq=?
    Hibernate: delete from ft_participants where seq=?
    Hibernate: delete from ft_participants where seq=?
    Hibernate: delete from ft_participants where seq=?
    Hibernate: delete from ft_participants where seq=?
    Hibernate: delete from ft_participants where seq=?
    Hibernate: delete from ft_participants where seq=?
    Hibernate: delete from ft_participants where seq=?
    Hibernate: delete from ft_participants where seq=?
    Hibernate: delete from ft_participants where seq=?
    Hibernate: delete from ft_participants where seq=?
    Hibernate: delete from ft_participants where seq=?
    Hibernate: delete from ft_participants where seq=?
    Hibernate: delete from ft_participants where seq=?
    Hibernate: delete from ft_participants where seq=?
    Hibernate: delete from ft_participants where seq=?
    Hibernate: delete from ft_participants where seq=?
    Hibernate: delete from ft_participants where seq=?
    Hibernate: delete from ft_participants where seq=?
    Hibernate: delete from ft_participants where seq=?
    Hibernate: delete from ft_participants where seq=?
    Hibernate: delete from ft_participants where seq=?
    Hibernate: delete from ft_participants where seq=?
    Hibernate: delete from ft_participants where seq=?
    Hibernate: delete from ft_participants where seq=?
    Hibernate: delete from ft_participants where seq=?
    Hibernate: delete from ft_participants where seq=?
    Hibernate: delete from ft_participants where seq=?
    Hibernate: delete from ft_participants where seq=?
    Hibernate: delete from ft_participants where seq=?
    Hibernate: delete from ft_participants where seq=?
    Hibernate: delete from ft_participants where seq=?
    Hibernate: delete from ft_participants where seq=?
    Hibernate: delete from ft_participants where seq=?
    Hibernate: delete from ft_participants where seq=?
    Hibernate: delete from ft_participants where seq=?
    Hibernate: delete from ft_participants where seq=?
    Hibernate: delete from ft_participants where seq=?
    Hibernate: delete from ft_participants where seq=?
    Hibernate: delete from ft_participants where seq=?
    Hibernate: delete from ft_participants where seq=?
    Hibernate: delete from ft_participants where seq=?
    Hibernate: delete from ft_participants where seq=?
    Hibernate: delete from ft_participants where seq=?
    Hibernate: delete from ft_participants where seq=?
    Hibernate: delete from ft_participants where seq=?
    Hibernate: delete from ft_participants where seq=?
    Hibernate: delete from ft_participants where seq=?
    Hibernate: delete from ft_participants where seq=?
    Hibernate: delete from ft_participants where seq=?
    Hibernate: delete from ft_participants where seq=?
    Hibernate: delete from ft_participants where seq=?
    Hibernate: delete from ft_participants where seq=?
    Hibernate: delete from ft_participants where seq=?
    Hibernate: delete from ft_participants where seq=?
    Hibernate: delete from ft_participants where seq=?
    Hibernate: delete from ft_participants where seq=?
    Hibernate: delete from ft_participants where seq=?
    Hibernate: delete from ft_participants where seq=?
    Hibernate: delete from ft_participants where seq=?
    Hibernate: delete from ft_participants where seq=?
    Hibernate: delete from ft_participants where seq=?
    Hibernate: delete from ft_participants where seq=?
    Hibernate: delete from ft_participants where seq=?
    Hibernate: delete from ft_participants where seq=?
    Hibernate: delete from ft_participants where seq=?
    Hibernate: delete from ft_participants where seq=?
    Hibernate: delete from ft_participants where seq=?
    Hibernate: delete from ft_participants where seq=?
    Hibernate: select fg1_0.seq,fg1_0.created_at,fg1_0.draft_date,fg1_0.draft_time_limit,fg1_0.game_duration,fg1_0.max_participants,fg1_0.next_pick_deadline,fg1_0.rounds,fg1_0.rule_type,fg1_0.salary_cap,fg1_0.scoring_settings,fg1_0.scoring_type,fg1_0.status,fg1_0.title,fg1_0.use_first_pick_rule,fg1_0.use_team_restriction from ft_games fg1_0
    Hibernate: delete from ft_games where seq=?
    Hibernate: delete from ft_games where seq=?
    Hibernate: delete from ft_games where seq=?
    Hibernate: delete from ft_games where seq=?
    Hibernate: delete from ft_games where seq=?
    Hibernate: delete from ft_games where seq=?
    Hibernate: delete from ft_games where seq=?
    Hibernate: delete from ft_games where seq=?
    Hibernate: delete from ft_games where seq=?
    Hibernate: delete from ft_games where seq=?

Gradle Test Executor 3 finished executing tests.
2026-02-19T14:46:36.264Z  INFO 2569 --- [ionShutdownHook] o.s.m.s.b.SimpleBrokerMessageHandler     : Stopping...
2026-02-19T14:46:36.265Z  INFO 2569 --- [ionShutdownHook] o.s.m.s.b.SimpleBrokerMessageHandler     : BrokerAvailabilityEvent[available=false, SimpleBrokerMessageHandler [org.springframework.messaging.simp.broker.DefaultSubscriptionRegistry@67264fde]]
2026-02-19T14:46:36.265Z  INFO 2569 --- [ionShutdownHook] o.s.m.s.b.SimpleBrokerMessageHandler     : Stopped.
2026-02-19T14:46:36.271Z  INFO 2569 --- [ionShutdownHook] j.LocalContainerEntityManagerFactoryBean : Closing JPA EntityManagerFactory for persistence unit 'default'
Hibernate: drop table if exists app_posts cascade
Hibernate: drop table if exists app_users cascade
Hibernate: drop table if exists ft_draft_picks cascade
Hibernate: drop table if exists ft_games cascade
Hibernate: drop table if exists ft_participants cascade
Hibernate: drop table if exists ft_players cascade
Hibernate: drop table if exists ft_roster_log cascade
Hibernate: drop table if exists ft_score_rotisserie cascade
Hibernate: drop table if exists ft_transactions cascade
Hibernate: drop table if exists game cascade
Hibernate: drop table if exists hit cascade
Hibernate: drop table if exists hitter_board cascade
Hibernate: drop table if exists lig cascade
Hibernate: drop table if exists pitch cascade
Hibernate: drop table if exists pitch_board cascade
Hibernate: drop table if exists player cascade
2026-02-19T14:46:36.281Z  INFO 2569 --- [ionShutdownHook] com.zaxxer.hikari.HikariDataSource       : HikariPool-1 - Shutdown initiated...
2026-02-19T14:46:36.284Z  INFO 2569 --- [ionShutdownHook] com.zaxxer.hikari.HikariDataSource       : HikariPool-1 - Shutdown completed.

> Task :test
Finished generating test XML results (0.119 secs) into: /app/build/test-results/test
Generating HTML test report...
Finished generating test html results (0.115 secs) into: /app/build/reports/tests/test

[Incubating] Problems report is available at: file:///app/build/reports/problems/problems-report.html

Deprecated Gradle features were used in this build, making it incompatible with Gradle 9.0.

You can use '--warning-mode all' to show the individual deprecation warnings and determine if they come from your own scripts or plugins.

For more on this, please refer to https://docs.gradle.org/8.12/userguide/command_line_interface.html#sec:command_line_warnings in the Gradle documentation.

BUILD SUCCESSFUL in 17s
6 actionable tasks: 2 executed, 4 up-to-date
Some of the file system contents retained in the virtual file system are on file systems that Gradle doesn't support watching. The relevant state was discarded to ensure changes to these locations are properly detected. You can override this by explicitly enabling file system watching.
